Java HotSpot(TM) 64-Bit Server VM (25.92-b14) for windows-amd64 JRE (1.8.0_92-b14), built on Mar 31 2016 21:03:04 by "java_re" with MS VC++ 10.0 (VS2010)
Memory: 4k page, physical 8284632k(4277180k free), swap 10775000k(5243684k free)
CommandLine flags: -XX:InitialHeapSize=536870912 -XX:MaxHeapSize=536870912 -XX:+PrintGC -XX:+PrintGCDateStamps -XX:+PrintGCDetails -XX:+PrintGCTimeStamps -XX:+UseCompressedClassPointers -XX:+UseCompressedOops -XX:-UseLargePagesIndividualAllocation -XX:+UseParallelGC 
2018-03-19T12:11:10.482+0530: 0.998: [GC (Allocation Failure) [PSYoungGen: 131584K->1072K(153088K)] 131584K->1080K(502784K), 0.0037917 secs] [Times: user=0.00 sys=0.00, real=0.00 secs] 
2018-03-19T12:11:10.770+0530: 1.287: [GC (Allocation Failure) [PSYoungGen: 132656K->1008K(153088K)] 132664K->1016K(502784K), 0.0068757 secs] [Times: user=0.05 sys=0.00, real=0.01 secs] 
2018-03-19T12:11:11.043+0530: 1.560: [GC (Allocation Failure) [PSYoungGen: 132592K->1040K(153088K)] 132600K->1048K(502784K), 0.0027959 secs] [Times: user=0.00 sys=0.00, real=0.00 secs] 
2018-03-19T12:11:11.303+0530: 1.820: [GC (Allocation Failure) [PSYoungGen: 132624K->1088K(153088K)] 132632K->1096K(502784K), 0.0027271 secs] [Times: user=0.06 sys=0.00, real=0.00 secs] 
2018-03-19T12:11:11.555+0530: 2.071: [GC (Allocation Failure) [PSYoungGen: 132672K->1040K(153088K)] 132680K->1048K(502784K), 0.0028456 secs] [Times: user=0.06 sys=0.00, real=0.00 secs] 
2018-03-19T12:11:11.860+0530: 2.376: [GC (Allocation Failure) [PSYoungGen: 132624K->1024K(173056K)] 132632K->1032K(522752K), 0.0032903 secs] [Times: user=0.00 sys=0.00, real=0.00 secs] 
2018-03-19T12:11:12.230+0530: 2.746: [GC (Allocation Failure) [PSYoungGen: 172544K->32K(173056K)] 172552K->1036K(522752K), 0.0029613 secs] [Times: user=0.00 sys=0.00, real=0.00 secs] 
2018-03-19T12:11:12.527+0530: 3.044: [GC (Allocation Failure) [PSYoungGen: 171552K->32K(173056K)] 172556K->1036K(522752K), 0.0005522 secs] [Times: user=0.00 sys=0.00, real=0.00 secs] 
2018-03-19T12:11:12.834+0530: 3.351: [GC (Allocation Failure) [PSYoungGen: 171552K->32K(173056K)] 172556K->1036K(522752K), 0.0006971 secs] [Times: user=0.00 sys=0.00, real=0.00 secs] 
2018-03-19T12:11:13.128+0530: 3.644: [GC (Allocation Failure) [PSYoungGen: 171552K->32K(172032K)] 172556K->1036K(521728K), 0.0006009 secs] [Times: user=0.00 sys=0.00, real=0.00 secs] 
2018-03-19T12:11:13.420+0530: 3.937: [GC (Allocation Failure) [PSYoungGen: 170528K->32K(172544K)] 171532K->1036K(522240K), 0.0005540 secs] [Times: user=0.00 sys=0.00, real=0.00 secs] 
2018-03-19T12:11:13.700+0530: 4.217: [GC (Allocation Failure) [PSYoungGen: 170528K->32K(172544K)] 171532K->1036K(522240K), 0.0005353 secs] [Times: user=0.00 sys=0.00, real=0.00 secs] 
2018-03-19T12:11:13.988+0530: 4.504: [GC (Allocation Failure) [PSYoungGen: 170528K->32K(172544K)] 171532K->1036K(522240K), 0.0015801 secs] [Times: user=0.00 sys=0.00, real=0.00 secs] 
2018-03-19T12:11:14.283+0530: 4.799: [GC (Allocation Failure) [PSYoungGen: 170528K->32K(173056K)] 171532K->1036K(522752K), 0.0006672 secs] [Times: user=0.00 sys=0.00, real=0.00 secs] 
2018-03-19T12:11:14.568+0530: 5.085: [GC (Allocation Failure) [PSYoungGen: 171040K->32K(172544K)] 172044K->1036K(522240K), 0.0005254 secs] [Times: user=0.00 sys=0.00, real=0.00 secs] 
2018-03-19T12:11:14.852+0530: 5.369: [GC (Allocation Failure) [PSYoungGen: 171040K->32K(173056K)] 172044K->1036K(522752K), 0.0005332 secs] [Times: user=0.02 sys=0.00, real=0.00 secs] 
2018-03-19T12:11:15.148+0530: 5.665: [GC (Allocation Failure) [PSYoungGen: 171552K->32K(173056K)] 172556K->1036K(522752K), 0.0005628 secs] [Times: user=0.00 sys=0.00, real=0.00 secs] 
2018-03-19T12:11:15.430+0530: 5.946: [GC (Allocation Failure) [PSYoungGen: 171552K->32K(173056K)] 172556K->1036K(522752K), 0.0005229 secs] [Times: user=0.00 sys=0.00, real=0.00 secs] 
2018-03-19T12:11:15.709+0530: 6.226: [GC (Allocation Failure) [PSYoungGen: 171552K->32K(173056K)] 172556K->1036K(522752K), 0.0007966 secs] [Times: user=0.00 sys=0.00, real=0.00 secs] 
2018-03-19T12:11:16.001+0530: 6.518: [GC (Allocation Failure) [PSYoungGen: 171552K->32K(173056K)] 172556K->1036K(522752K), 0.0005018 secs] [Times: user=0.00 sys=0.00, real=0.00 secs] 
2018-03-19T12:11:16.283+0530: 6.800: [GC (Allocation Failure) [PSYoungGen: 171552K->32K(173056K)] 172556K->1036K(522752K), 0.0005116 secs] [Times: user=0.00 sys=0.00, real=0.00 secs] 
2018-03-19T12:11:16.553+0530: 7.070: [GC (Allocation Failure) [PSYoungGen: 171552K->32K(173056K)] 172556K->1036K(522752K), 0.0005152 secs] [Times: user=0.00 sys=0.00, real=0.00 secs] 
2018-03-19T12:11:16.836+0530: 7.353: [GC (Allocation Failure) [PSYoungGen: 171552K->32K(173056K)] 172556K->1036K(522752K), 0.0005769 secs] [Times: user=0.00 sys=0.00, real=0.00 secs] 
2018-03-19T12:11:17.117+0530: 7.634: [GC (Allocation Failure) [PSYoungGen: 171552K->32K(173568K)] 172556K->1036K(523264K), 0.0006488 secs] [Times: user=0.00 sys=0.00, real=0.00 secs] 
2018-03-19T12:11:17.392+0530: 7.909: [GC (Allocation Failure) [PSYoungGen: 172064K->32K(173056K)] 173068K->1036K(522752K), 0.0006206 secs] [Times: user=0.00 sys=0.00, real=0.00 secs] 
2018-03-19T12:11:17.667+0530: 8.184: [GC (Allocation Failure) [PSYoungGen: 172064K->32K(173568K)] 173068K->1036K(523264K), 0.0004707 secs] [Times: user=0.00 sys=0.00, real=0.00 secs] 
2018-03-19T12:11:17.942+0530: 8.458: [GC (Allocation Failure) [PSYoungGen: 172576K->32K(173568K)] 173580K->1036K(523264K), 0.0006305 secs] [Times: user=0.00 sys=0.00, real=0.00 secs] 
2018-03-19T12:11:18.217+0530: 8.734: [GC (Allocation Failure) [PSYoungGen: 172576K->32K(173568K)] 173580K->1036K(523264K), 0.0005067 secs] [Times: user=0.00 sys=0.00, real=0.00 secs] 
2018-03-19T12:11:18.487+0530: 9.004: [GC (Allocation Failure) [PSYoungGen: 172576K->32K(173568K)] 173580K->1036K(523264K), 0.0005723 secs] [Times: user=0.00 sys=0.00, real=0.00 secs] 
2018-03-19T12:11:18.832+0530: 9.349: [GC (Allocation Failure) [PSYoungGen: 172576K->32K(173568K)] 173580K->1036K(523264K), 0.0005240 secs] [Times: user=0.00 sys=0.00, real=0.00 secs] 
2018-03-19T12:11:19.117+0530: 9.634: [GC (Allocation Failure) [PSYoungGen: 172576K->32K(173568K)] 173580K->1036K(523264K), 0.0005194 secs] [Times: user=0.00 sys=0.00, real=0.00 secs] 
2018-03-19T12:11:19.395+0530: 9.911: [GC (Allocation Failure) [PSYoungGen: 172576K->32K(173568K)] 173580K->1036K(523264K), 0.0005053 secs] [Times: user=0.00 sys=0.00, real=0.00 secs] 
2018-03-19T12:11:19.678+0530: 10.194: [GC (Allocation Failure) [PSYoungGen: 172576K->32K(173568K)] 173580K->1036K(523264K), 0.0005332 secs] [Times: user=0.00 sys=0.00, real=0.00 secs] 
2018-03-19T12:11:19.965+0530: 10.482: [GC (Allocation Failure) [PSYoungGen: 172576K->32K(174080K)] 173580K->1036K(523776K), 0.0013075 secs] [Times: user=0.00 sys=0.00, real=0.00 secs] 
2018-03-19T12:11:20.242+0530: 10.758: [GC (Allocation Failure) [PSYoungGen: 173088K->32K(173568K)] 174092K->1036K(523264K), 0.0004990 secs] [Times: user=0.00 sys=0.00, real=0.00 secs] 
2018-03-19T12:11:20.524+0530: 11.040: [GC (Allocation Failure) [PSYoungGen: 173088K->32K(174080K)] 174092K->1036K(523776K), 0.0004982 secs] [Times: user=0.00 sys=0.00, real=0.00 secs] 
2018-03-19T12:11:20.812+0530: 11.329: [GC (Allocation Failure) [PSYoungGen: 173600K->32K(174080K)] 174604K->1036K(523776K), 0.0006107 secs] [Times: user=0.00 sys=0.00, real=0.00 secs] 
2018-03-19T12:11:21.088+0530: 11.604: [GC (Allocation Failure) [PSYoungGen: 173600K->32K(174080K)] 174604K->1036K(523776K), 0.0005205 secs] [Times: user=0.00 sys=0.00, real=0.00 secs] 
2018-03-19T12:11:21.364+0530: 11.880: [GC (Allocation Failure) [PSYoungGen: 173600K->32K(174080K)] 174604K->1036K(523776K), 0.0006044 secs] [Times: user=0.00 sys=0.00, real=0.00 secs] 
2018-03-19T12:11:21.636+0530: 12.152: [GC (Allocation Failure) [PSYoungGen: 173600K->32K(174080K)] 174604K->1036K(523776K), 0.0004905 secs] [Times: user=0.00 sys=0.00, real=0.00 secs] 
2018-03-19T12:11:21.906+0530: 12.423: [GC (Allocation Failure) [PSYoungGen: 173600K->32K(174080K)] 174604K->1036K(523776K), 0.0006016 secs] [Times: user=0.00 sys=0.00, real=0.00 secs] 
2018-03-19T12:11:22.194+0530: 12.710: [GC (Allocation Failure) [PSYoungGen: 173600K->32K(174080K)] 174604K->1036K(523776K), 0.0005243 secs] [Times: user=0.00 sys=0.00, real=0.00 secs] 
2018-03-19T12:11:22.471+0530: 12.987: [GC (Allocation Failure) [PSYoungGen: 173600K->32K(174080K)] 174604K->1036K(523776K), 0.0004930 secs] [Times: user=0.00 sys=0.00, real=0.00 secs] 
2018-03-19T12:11:22.746+0530: 13.262: [GC (Allocation Failure) [PSYoungGen: 173600K->32K(174080K)] 174604K->1036K(523776K), 0.0005765 secs] [Times: user=0.00 sys=0.00, real=0.00 secs] 
2018-03-19T12:11:23.021+0530: 13.537: [GC (Allocation Failure) [PSYoungGen: 173600K->32K(174080K)] 174604K->1036K(523776K), 0.0004990 secs] [Times: user=0.00 sys=0.00, real=0.00 secs] 
2018-03-19T12:11:23.293+0530: 13.810: [GC (Allocation Failure) [PSYoungGen: 173600K->32K(174080K)] 174604K->1036K(523776K), 0.0005300 secs] [Times: user=0.00 sys=0.00, real=0.00 secs] 
2018-03-19T12:11:23.568+0530: 14.084: [GC (Allocation Failure) [PSYoungGen: 173600K->32K(174080K)] 174604K->1036K(523776K), 0.0005131 secs] [Times: user=0.00 sys=0.00, real=0.00 secs] 
2018-03-19T12:11:23.849+0530: 14.366: [GC (Allocation Failure) [PSYoungGen: 173600K->32K(174080K)] 174604K->1036K(523776K), 0.0005554 secs] [Times: user=0.00 sys=0.00, real=0.00 secs] 
2018-03-19T12:11:24.128+0530: 14.644: [GC (Allocation Failure) [PSYoungGen: 173600K->32K(174080K)] 174604K->1036K(523776K), 0.0005053 secs] [Times: user=0.00 sys=0.00, real=0.00 secs] 
2018-03-19T12:11:24.405+0530: 14.922: [GC (Allocation Failure) [PSYoungGen: 173600K->32K(174080K)] 174604K->1036K(523776K), 0.0005314 secs] [Times: user=0.00 sys=0.00, real=0.00 secs] 
2018-03-19T12:11:24.682+0530: 15.199: [GC (Allocation Failure) [PSYoungGen: 173600K->32K(174080K)] 174604K->1036K(523776K), 0.0004972 secs] [Times: user=0.00 sys=0.00, real=0.00 secs] 
2018-03-19T12:11:24.966+0530: 15.482: [GC (Allocation Failure) [PSYoungGen: 173600K->32K(174080K)] 174604K->1036K(523776K), 0.0005116 secs] [Times: user=0.00 sys=0.00, real=0.00 secs] 
2018-03-19T12:11:25.242+0530: 15.758: [GC (Allocation Failure) [PSYoungGen: 173600K->32K(174080K)] 174604K->1036K(523776K), 0.0004933 secs] [Times: user=0.00 sys=0.00, real=0.00 secs] 
2018-03-19T12:11:25.510+0530: 16.027: [GC (Allocation Failure) [PSYoungGen: 173600K->32K(174080K)] 174604K->1036K(523776K), 0.0006675 secs] [Times: user=0.00 sys=0.00, real=0.00 secs] 
2018-03-19T12:11:25.799+0530: 16.316: [GC (Allocation Failure) [PSYoungGen: 173600K->32K(174080K)] 174604K->1036K(523776K), 0.0005853 secs] [Times: user=0.00 sys=0.00, real=0.00 secs] 
2018-03-19T12:11:26.085+0530: 16.602: [GC (Allocation Failure) [PSYoungGen: 173600K->32K(174080K)] 174604K->1036K(523776K), 0.0005162 secs] [Times: user=0.00 sys=0.00, real=0.00 secs] 
2018-03-19T12:11:26.360+0530: 16.877: [GC (Allocation Failure) [PSYoungGen: 173600K->32K(174080K)] 174604K->1036K(523776K), 0.0005011 secs] [Times: user=0.00 sys=0.00, real=0.00 secs] 
2018-03-19T12:11:26.637+0530: 17.153: [GC (Allocation Failure) [PSYoungGen: 173600K->32K(174080K)] 174604K->1036K(523776K), 0.0006326 secs] [Times: user=0.00 sys=0.00, real=0.00 secs] 
2018-03-19T12:11:26.911+0530: 17.427: [GC (Allocation Failure) [PSYoungGen: 173600K->32K(174080K)] 174604K->1036K(523776K), 0.0005191 secs] [Times: user=0.00 sys=0.00, real=0.00 secs] 
2018-03-19T12:11:27.183+0530: 17.699: [GC (Allocation Failure) [PSYoungGen: 173600K->32K(174080K)] 174604K->1036K(523776K), 0.0004968 secs] [Times: user=0.00 sys=0.00, real=0.00 secs] 
2018-03-19T12:11:27.457+0530: 17.974: [GC (Allocation Failure) [PSYoungGen: 173600K->32K(174080K)] 174604K->1036K(523776K), 0.0005434 secs] [Times: user=0.00 sys=0.00, real=0.00 secs] 
2018-03-19T12:11:27.743+0530: 18.259: [GC (Allocation Failure) [PSYoungGen: 173600K->32K(174080K)] 174604K->1036K(523776K), 0.0005416 secs] [Times: user=0.00 sys=0.00, real=0.00 secs] 
2018-03-19T12:11:28.017+0530: 18.533: [GC (Allocation Failure) [PSYoungGen: 173600K->32K(174080K)] 174604K->1036K(523776K), 0.0004542 secs] [Times: user=0.00 sys=0.00, real=0.00 secs] 
2018-03-19T12:11:28.293+0530: 18.810: [GC (Allocation Failure) [PSYoungGen: 173600K->32K(174080K)] 174604K->1036K(523776K), 0.0005088 secs] [Times: user=0.00 sys=0.00, real=0.00 secs] 
2018-03-19T12:11:28.566+0530: 19.083: [GC (Allocation Failure) [PSYoungGen: 173600K->32K(174080K)] 174604K->1036K(523776K), 0.0006985 secs] [Times: user=0.00 sys=0.00, real=0.00 secs] 
2018-03-19T12:11:28.862+0530: 19.378: [GC (Allocation Failure) [PSYoungGen: 173600K->32K(174080K)] 174604K->1036K(523776K), 0.0005392 secs] [Times: user=0.00 sys=0.00, real=0.00 secs] 
2018-03-19T12:11:29.141+0530: 19.657: [GC (Allocation Failure) [PSYoungGen: 173600K->32K(174080K)] 174604K->1036K(523776K), 0.0005124 secs] [Times: user=0.00 sys=0.00, real=0.00 secs] 
2018-03-19T12:11:29.420+0530: 19.937: [GC (Allocation Failure) [PSYoungGen: 173600K->32K(174080K)] 174604K->1036K(523776K), 0.0005102 secs] [Times: user=0.00 sys=0.00, real=0.00 secs] 
2018-03-19T12:11:29.697+0530: 20.213: [GC (Allocation Failure) [PSYoungGen: 173600K->32K(174080K)] 174604K->1036K(523776K), 0.0006996 secs] [Times: user=0.00 sys=0.00, real=0.00 secs] 
2018-03-19T12:11:29.977+0530: 20.494: [GC (Allocation Failure) [PSYoungGen: 173600K->32K(174080K)] 174604K->1036K(523776K), 0.0004954 secs] [Times: user=0.00 sys=0.00, real=0.00 secs] 
2018-03-19T12:11:30.255+0530: 20.771: [GC (Allocation Failure) [PSYoungGen: 173600K->32K(174080K)] 174604K->1036K(523776K), 0.0005219 secs] [Times: user=0.00 sys=0.00, real=0.00 secs] 
2018-03-19T12:11:30.529+0530: 21.046: [GC (Allocation Failure) [PSYoungGen: 173600K->32K(174080K)] 174604K->1036K(523776K), 0.0006277 secs] [Times: user=0.00 sys=0.00, real=0.00 secs] 
2018-03-19T12:11:30.811+0530: 21.328: [GC (Allocation Failure) [PSYoungGen: 173600K->32K(174080K)] 174604K->1036K(523776K), 0.0006562 secs] [Times: user=0.00 sys=0.00, real=0.00 secs] 
2018-03-19T12:11:31.100+0530: 21.616: [GC (Allocation Failure) [PSYoungGen: 173600K->32K(174080K)] 174604K->1036K(523776K), 0.0004993 secs] [Times: user=0.00 sys=0.00, real=0.00 secs] 
2018-03-19T12:11:31.379+0530: 21.895: [GC (Allocation Failure) [PSYoungGen: 173600K->32K(174080K)] 174604K->1036K(523776K), 0.0005250 secs] [Times: user=0.00 sys=0.00, real=0.00 secs] 
2018-03-19T12:11:31.653+0530: 22.169: [GC (Allocation Failure) [PSYoungGen: 173600K->32K(174080K)] 174604K->1036K(523776K), 0.0005226 secs] [Times: user=0.00 sys=0.00, real=0.00 secs] 
2018-03-19T12:11:31.933+0530: 22.449: [GC (Allocation Failure) [PSYoungGen: 173600K->32K(174080K)] 174604K->1036K(523776K), 0.0006195 secs] [Times: user=0.00 sys=0.00, real=0.00 secs] 
2018-03-19T12:11:32.213+0530: 22.729: [GC (Allocation Failure) [PSYoungGen: 173600K->32K(174080K)] 174604K->1036K(523776K), 0.0005504 secs] [Times: user=0.00 sys=0.00, real=0.00 secs] 
2018-03-19T12:11:32.484+0530: 23.000: [GC (Allocation Failure) [PSYoungGen: 173600K->32K(174080K)] 174604K->1036K(523776K), 0.0005758 secs] [Times: user=0.00 sys=0.00, real=0.00 secs] 
2018-03-19T12:11:32.780+0530: 23.297: [GC (Allocation Failure) [PSYoungGen: 173600K->32K(174080K)] 174604K->1036K(523776K), 0.0005113 secs] [Times: user=0.00 sys=0.00, real=0.00 secs] 
2018-03-19T12:11:33.067+0530: 23.584: [GC (Allocation Failure) [PSYoungGen: 173600K->32K(174080K)] 174604K->1036K(523776K), 0.0005106 secs] [Times: user=0.00 sys=0.00, real=0.00 secs] 
2018-03-19T12:11:33.336+0530: 23.852: [GC (Allocation Failure) [PSYoungGen: 173600K->32K(174080K)] 174604K->1036K(523776K), 0.0005201 secs] [Times: user=0.00 sys=0.00, real=0.00 secs] 
2018-03-19T12:11:33.613+0530: 24.130: [GC (Allocation Failure) [PSYoungGen: 173600K->32K(174080K)] 174604K->1036K(523776K), 0.0006298 secs] [Times: user=0.00 sys=0.00, real=0.00 secs] 
2018-03-19T12:11:33.890+0530: 24.408: [GC (Allocation Failure) [PSYoungGen: 173600K->32K(174080K)] 174604K->1036K(523776K), 0.0005554 secs] [Times: user=0.00 sys=0.00, real=0.00 secs] 
2018-03-19T12:11:34.168+0530: 24.685: [GC (Allocation Failure) [PSYoungGen: 173600K->32K(174080K)] 174604K->1036K(523776K), 0.0005712 secs] [Times: user=0.00 sys=0.00, real=0.00 secs] 
2018-03-19T12:11:34.448+0530: 24.964: [GC (Allocation Failure) [PSYoungGen: 173600K->32K(174080K)] 174604K->1036K(523776K), 0.0006107 secs] [Times: user=0.00 sys=0.00, real=0.00 secs] 
2018-03-19T12:11:34.718+0530: 25.235: [GC (Allocation Failure) [PSYoungGen: 173600K->32K(174080K)] 174604K->1036K(523776K), 0.0005272 secs] [Times: user=0.00 sys=0.00, real=0.00 secs] 
2018-03-19T12:11:35.012+0530: 25.529: [GC (Allocation Failure) [PSYoungGen: 173600K->32K(174080K)] 174604K->1036K(523776K), 0.0005088 secs] [Times: user=0.00 sys=0.00, real=0.00 secs] 
2018-03-19T12:11:35.284+0530: 25.801: [GC (Allocation Failure) [PSYoungGen: 173600K->32K(174080K)] 174604K->1036K(523776K), 0.0005092 secs] [Times: user=0.00 sys=0.00, real=0.00 secs] 
2018-03-19T12:11:35.569+0530: 26.085: [GC (Allocation Failure) [PSYoungGen: 173600K->32K(174080K)] 174604K->1036K(523776K), 0.0005864 secs] [Times: user=0.00 sys=0.00, real=0.00 secs] 
2018-03-19T12:11:35.859+0530: 26.376: [GC (Allocation Failure) [PSYoungGen: 173600K->32K(174080K)] 174604K->1036K(523776K), 0.0005466 secs] [Times: user=0.00 sys=0.00, real=0.00 secs] 
2018-03-19T12:11:36.147+0530: 26.664: [GC (Allocation Failure) [PSYoungGen: 173600K->32K(174080K)] 174604K->1036K(523776K), 0.0006326 secs] [Times: user=0.00 sys=0.00, real=0.00 secs] 
2018-03-19T12:11:36.422+0530: 26.939: [GC (Allocation Failure) [PSYoungGen: 173600K->32K(174080K)] 174604K->1036K(523776K), 0.0006326 secs] [Times: user=0.00 sys=0.00, real=0.00 secs] 
2018-03-19T12:11:36.692+0530: 27.209: [GC (Allocation Failure) [PSYoungGen: 173600K->32K(174080K)] 174604K->1036K(523776K), 0.0006139 secs] [Times: user=0.00 sys=0.00, real=0.00 secs] 
2018-03-19T12:11:36.965+0530: 27.482: [GC (Allocation Failure) [PSYoungGen: 173600K->32K(174080K)] 174604K->1036K(523776K), 0.0005078 secs] [Times: user=0.00 sys=0.00, real=0.00 secs] 
2018-03-19T12:11:37.241+0530: 27.757: [GC (Allocation Failure) [PSYoungGen: 173600K->32K(174080K)] 174604K->1036K(523776K), 0.0004986 secs] [Times: user=0.00 sys=0.00, real=0.00 secs] 
2018-03-19T12:11:37.507+0530: 28.023: [GC (Allocation Failure) [PSYoungGen: 173600K->32K(174080K)] 174604K->1036K(523776K), 0.0006164 secs] [Times: user=0.00 sys=0.00, real=0.00 secs] 
2018-03-19T12:11:37.786+0530: 28.302: [GC (Allocation Failure) [PSYoungGen: 173600K->32K(174080K)] 174604K->1036K(523776K), 0.0006005 secs] [Times: user=0.00 sys=0.00, real=0.00 secs] 
2018-03-19T12:11:38.067+0530: 28.584: [GC (Allocation Failure) [PSYoungGen: 173600K->32K(174080K)] 174604K->1036K(523776K), 0.0004908 secs] [Times: user=0.00 sys=0.00, real=0.00 secs] 
2018-03-19T12:11:38.345+0530: 28.862: [GC (Allocation Failure) [PSYoungGen: 173600K->32K(174080K)] 174604K->1036K(523776K), 0.0005265 secs] [Times: user=0.00 sys=0.00, real=0.00 secs] 
2018-03-19T12:11:38.625+0530: 29.141: [GC (Allocation Failure) [PSYoungGen: 173600K->32K(174080K)] 174604K->1036K(523776K), 0.0006234 secs] [Times: user=0.00 sys=0.00, real=0.00 secs] 
2018-03-19T12:11:38.915+0530: 29.432: [GC (Allocation Failure) [PSYoungGen: 173600K->32K(174080K)] 174604K->1036K(523776K), 0.0005194 secs] [Times: user=0.00 sys=0.00, real=0.00 secs] 
2018-03-19T12:11:39.192+0530: 29.709: [GC (Allocation Failure) [PSYoungGen: 173600K->32K(174080K)] 174604K->1036K(523776K), 0.0006255 secs] [Times: user=0.00 sys=0.00, real=0.00 secs] 
2018-03-19T12:11:39.470+0530: 29.986: [GC (Allocation Failure) [PSYoungGen: 173600K->32K(174080K)] 174604K->1036K(523776K), 0.0006393 secs] [Times: user=0.00 sys=0.00, real=0.00 secs] 
2018-03-19T12:11:39.745+0530: 30.262: [GC (Allocation Failure) [PSYoungGen: 173600K->32K(174080K)] 174604K->1036K(523776K), 0.0005494 secs] [Times: user=0.00 sys=0.00, real=0.00 secs] 
2018-03-19T12:11:40.024+0530: 30.540: [GC (Allocation Failure) [PSYoungGen: 173600K->32K(174080K)] 174604K->1036K(523776K), 0.0004986 secs] [Times: user=0.00 sys=0.00, real=0.00 secs] 
2018-03-19T12:11:40.306+0530: 30.823: [GC (Allocation Failure) [PSYoungGen: 173600K->32K(174080K)] 174604K->1036K(523776K), 0.0005124 secs] [Times: user=0.02 sys=0.03, real=0.00 secs] 
2018-03-19T12:11:40.584+0530: 31.100: [GC (Allocation Failure) [PSYoungGen: 173600K->32K(174080K)] 174604K->1036K(523776K), 0.0006174 secs] [Times: user=0.00 sys=0.00, real=0.00 secs] 
2018-03-19T12:11:40.865+0530: 31.382: [GC (Allocation Failure) [PSYoungGen: 173600K->32K(174080K)] 174604K->1036K(523776K), 0.0005071 secs] [Times: user=0.00 sys=0.00, real=0.00 secs] 
2018-03-19T12:11:41.151+0530: 31.667: [GC (Allocation Failure) [PSYoungGen: 173600K->32K(174080K)] 174604K->1036K(523776K), 0.0005014 secs] [Times: user=0.00 sys=0.00, real=0.00 secs] 
2018-03-19T12:11:41.425+0530: 31.941: [GC (Allocation Failure) [PSYoungGen: 173600K->32K(174080K)] 174604K->1036K(523776K), 0.0004933 secs] [Times: user=0.00 sys=0.00, real=0.00 secs] 
2018-03-19T12:11:41.701+0530: 32.217: [GC (Allocation Failure) [PSYoungGen: 173600K->32K(174080K)] 174604K->1036K(523776K), 0.0005275 secs] [Times: user=0.00 sys=0.00, real=0.00 secs] 
2018-03-19T12:11:41.978+0530: 32.495: [GC (Allocation Failure) [PSYoungGen: 173600K->32K(174080K)] 174604K->1036K(523776K), 0.0006502 secs] [Times: user=0.00 sys=0.00, real=0.00 secs] 
2018-03-19T12:11:42.259+0530: 32.776: [GC (Allocation Failure) [PSYoungGen: 173600K->32K(174080K)] 174604K->1036K(523776K), 0.0005617 secs] [Times: user=0.00 sys=0.00, real=0.00 secs] 
2018-03-19T12:11:42.533+0530: 33.050: [GC (Allocation Failure) [PSYoungGen: 173600K->32K(174080K)] 174604K->1036K(523776K), 0.0006463 secs] [Times: user=0.00 sys=0.00, real=0.00 secs] 
2018-03-19T12:11:42.810+0530: 33.326: [GC (Allocation Failure) [PSYoungGen: 173600K->32K(174080K)] 174604K->1036K(523776K), 0.0004933 secs] [Times: user=0.00 sys=0.00, real=0.00 secs] 
2018-03-19T12:11:43.088+0530: 33.604: [GC (Allocation Failure) [PSYoungGen: 173600K->32K(174080K)] 174604K->1036K(523776K), 0.0005191 secs] [Times: user=0.00 sys=0.00, real=0.00 secs] 
2018-03-19T12:11:43.364+0530: 33.881: [GC (Allocation Failure) [PSYoungGen: 173600K->32K(174080K)] 174604K->1036K(523776K), 0.0005215 secs] [Times: user=0.00 sys=0.00, real=0.00 secs] 
2018-03-19T12:11:43.638+0530: 34.154: [GC (Allocation Failure) [PSYoungGen: 173600K->32K(174080K)] 174604K->1036K(523776K), 0.0005282 secs] [Times: user=0.00 sys=0.00, real=0.00 secs] 
2018-03-19T12:11:43.922+0530: 34.438: [GC (Allocation Failure) [PSYoungGen: 173600K->32K(174080K)] 174604K->1036K(523776K), 0.0005243 secs] [Times: user=0.00 sys=0.00, real=0.00 secs] 
2018-03-19T12:11:44.206+0530: 34.723: [GC (Allocation Failure) [PSYoungGen: 173600K->32K(174080K)] 174604K->1036K(523776K), 0.0005201 secs] [Times: user=0.00 sys=0.00, real=0.00 secs] 
2018-03-19T12:11:44.483+0530: 34.999: [GC (Allocation Failure) [PSYoungGen: 173600K->32K(174080K)] 174604K->1036K(523776K), 0.0005021 secs] [Times: user=0.00 sys=0.00, real=0.00 secs] 
2018-03-19T12:11:44.763+0530: 35.280: [GC (Allocation Failure) [PSYoungGen: 173600K->32K(174080K)] 174604K->1036K(523776K), 0.0005991 secs] [Times: user=0.00 sys=0.00, real=0.00 secs] 
2018-03-19T12:11:45.036+0530: 35.552: [GC (Allocation Failure) [PSYoungGen: 173600K->32K(174080K)] 174604K->1036K(523776K), 0.0005025 secs] [Times: user=0.00 sys=0.00, real=0.00 secs] 
2018-03-19T12:11:45.304+0530: 35.820: [GC (Allocation Failure) [PSYoungGen: 173600K->32K(174080K)] 174604K->1036K(523776K), 0.0006054 secs] [Times: user=0.00 sys=0.00, real=0.00 secs] 
2018-03-19T12:11:45.572+0530: 36.089: [GC (Allocation Failure) [PSYoungGen: 173600K->32K(174080K)] 174604K->1036K(523776K), 0.0005649 secs] [Times: user=0.00 sys=0.00, real=0.00 secs] 
2018-03-19T12:11:45.860+0530: 36.377: [GC (Allocation Failure) [PSYoungGen: 173600K->32K(174080K)] 174604K->1036K(523776K), 0.0005356 secs] [Times: user=0.00 sys=0.00, real=0.00 secs] 
2018-03-19T12:11:46.154+0530: 36.670: [GC (Allocation Failure) [PSYoungGen: 173600K->32K(174080K)] 174604K->1036K(523776K), 0.0005046 secs] [Times: user=0.00 sys=0.00, real=0.00 secs] 
2018-03-19T12:11:46.435+0530: 36.951: [GC (Allocation Failure) [PSYoungGen: 173600K->32K(174080K)] 174604K->1036K(523776K), 0.0004926 secs] [Times: user=0.00 sys=0.00, real=0.00 secs] 
2018-03-19T12:11:46.712+0530: 37.228: [GC (Allocation Failure) [PSYoungGen: 173600K->32K(174080K)] 174604K->1036K(523776K), 0.0005219 secs] [Times: user=0.00 sys=0.00, real=0.00 secs] 
2018-03-19T12:11:46.994+0530: 37.510: [GC (Allocation Failure) [PSYoungGen: 173600K->32K(174080K)] 174604K->1036K(523776K), 0.0005173 secs] [Times: user=0.00 sys=0.00, real=0.00 secs] 
2018-03-19T12:11:47.270+0530: 37.786: [GC (Allocation Failure) [PSYoungGen: 173600K->32K(174080K)] 174604K->1036K(523776K), 0.0004972 secs] [Times: user=0.00 sys=0.00, real=0.00 secs] 
2018-03-19T12:11:47.549+0530: 38.065: [GC (Allocation Failure) [PSYoungGen: 173600K->32K(174080K)] 174604K->1036K(523776K), 0.0005092 secs] [Times: user=0.00 sys=0.00, real=0.00 secs] 
2018-03-19T12:11:47.829+0530: 38.345: [GC (Allocation Failure) [PSYoungGen: 173600K->32K(174080K)] 174604K->1036K(523776K), 0.0006114 secs] [Times: user=0.00 sys=0.00, real=0.00 secs] 
2018-03-19T12:11:48.105+0530: 38.621: [GC (Allocation Failure) [PSYoungGen: 173600K->32K(174080K)] 174604K->1036K(523776K), 0.0005064 secs] [Times: user=0.00 sys=0.00, real=0.00 secs] 
2018-03-19T12:11:48.386+0530: 38.903: [GC (Allocation Failure) [PSYoungGen: 173600K->32K(174080K)] 174604K->1036K(523776K), 0.0005889 secs] [Times: user=0.00 sys=0.00, real=0.00 secs] 
2018-03-19T12:11:48.664+0530: 39.181: [GC (Allocation Failure) [PSYoungGen: 173600K->32K(174080K)] 174604K->1036K(523776K), 0.0006657 secs] [Times: user=0.02 sys=0.02, real=0.00 secs] 
2018-03-19T12:11:48.955+0530: 39.472: [GC (Allocation Failure) [PSYoungGen: 173600K->32K(174080K)] 174604K->1036K(523776K), 0.0005057 secs] [Times: user=0.00 sys=0.00, real=0.00 secs] 
2018-03-19T12:11:49.224+0530: 39.741: [GC (Allocation Failure) [PSYoungGen: 173600K->32K(174080K)] 174604K->1036K(523776K), 0.0005039 secs] [Times: user=0.00 sys=0.00, real=0.00 secs] 
2018-03-19T12:11:49.504+0530: 40.021: [GC (Allocation Failure) [PSYoungGen: 173600K->32K(174080K)] 174604K->1036K(523776K), 0.0006188 secs] [Times: user=0.00 sys=0.00, real=0.00 secs] 
2018-03-19T12:11:49.776+0530: 40.293: [GC (Allocation Failure) [PSYoungGen: 173600K->32K(174080K)] 174604K->1036K(523776K), 0.0004986 secs] [Times: user=0.00 sys=0.00, real=0.00 secs] 
2018-03-19T12:11:50.049+0530: 40.566: [GC (Allocation Failure) [PSYoungGen: 173600K->32K(174080K)] 174604K->1036K(523776K), 0.0005007 secs] [Times: user=0.00 sys=0.00, real=0.00 secs] 
2018-03-19T12:11:50.385+0530: 40.902: [GC (Allocation Failure) [PSYoungGen: 173600K->32K(174080K)] 174604K->1036K(523776K), 0.0006354 secs] [Times: user=0.00 sys=0.00, real=0.00 secs] 
2018-03-19T12:11:50.723+0530: 41.239: [GC (Allocation Failure) [PSYoungGen: 173600K->32K(174080K)] 174604K->1036K(523776K), 0.0005896 secs] [Times: user=0.00 sys=0.00, real=0.00 secs] 
2018-03-19T12:11:51.051+0530: 41.568: [GC (Allocation Failure) [PSYoungGen: 173600K->32K(174080K)] 174604K->1036K(523776K), 0.0006731 secs] [Times: user=0.00 sys=0.00, real=0.00 secs] 
2018-03-19T12:11:51.338+0530: 41.855: [GC (Allocation Failure) [PSYoungGen: 173600K->32K(174080K)] 174604K->1036K(523776K), 0.0005744 secs] [Times: user=0.00 sys=0.00, real=0.00 secs] 
2018-03-19T12:11:51.617+0530: 42.133: [GC (Allocation Failure) [PSYoungGen: 173600K->32K(174080K)] 174604K->1036K(523776K), 0.0004993 secs] [Times: user=0.00 sys=0.00, real=0.00 secs] 
2018-03-19T12:11:51.903+0530: 42.419: [GC (Allocation Failure) [PSYoungGen: 173600K->32K(174080K)] 174604K->1036K(523776K), 0.0005459 secs] [Times: user=0.00 sys=0.00, real=0.00 secs] 
2018-03-19T12:11:52.182+0530: 42.698: [GC (Allocation Failure) [PSYoungGen: 173600K->32K(174080K)] 174604K->1036K(523776K), 0.0005321 secs] [Times: user=0.00 sys=0.00, real=0.00 secs] 
2018-03-19T12:11:52.461+0530: 42.977: [GC (Allocation Failure) [PSYoungGen: 173600K->32K(174080K)] 174604K->1036K(523776K), 0.0005444 secs] [Times: user=0.00 sys=0.00, real=0.00 secs] 
2018-03-19T12:11:52.736+0530: 43.254: [GC (Allocation Failure) [PSYoungGen: 173600K->32K(174080K)] 174604K->1036K(523776K), 0.0035445 secs] [Times: user=0.00 sys=0.00, real=0.00 secs] 
2018-03-19T12:11:53.038+0530: 43.554: [GC (Allocation Failure) [PSYoungGen: 173600K->32K(174080K)] 174604K->1036K(523776K), 0.0005106 secs] [Times: user=0.00 sys=0.00, real=0.00 secs] 
2018-03-19T12:11:53.321+0530: 43.837: [GC (Allocation Failure) [PSYoungGen: 173600K->32K(174080K)] 174604K->1036K(523776K), 0.0006922 secs] [Times: user=0.00 sys=0.00, real=0.00 secs] 
2018-03-19T12:11:53.594+0530: 44.111: [GC (Allocation Failure) [PSYoungGen: 173600K->32K(174080K)] 174604K->1036K(523776K), 0.0005247 secs] [Times: user=0.00 sys=0.00, real=0.00 secs] 
2018-03-19T12:11:53.880+0530: 44.396: [GC (Allocation Failure) [PSYoungGen: 173600K->32K(174080K)] 174604K->1036K(523776K), 0.0007327 secs] [Times: user=0.00 sys=0.00, real=0.00 secs] 
2018-03-19T12:11:54.190+0530: 44.706: [GC (Allocation Failure) [PSYoungGen: 173600K->32K(174080K)] 174604K->1036K(523776K), 0.0007119 secs] [Times: user=0.00 sys=0.00, real=0.00 secs] 
2018-03-19T12:11:54.514+0530: 45.031: [GC (Allocation Failure) [PSYoungGen: 173600K->32K(174080K)] 174604K->1036K(523776K), 0.0007525 secs] [Times: user=0.00 sys=0.00, real=0.00 secs] 
2018-03-19T12:11:54.879+0530: 45.395: [GC (Allocation Failure) [PSYoungGen: 173600K->32K(174080K)] 174604K->1036K(523776K), 0.0006329 secs] [Times: user=0.00 sys=0.00, real=0.00 secs] 
2018-03-19T12:11:55.269+0530: 45.786: [GC (Allocation Failure) [PSYoungGen: 173600K->32K(174080K)] 174604K->1036K(523776K), 0.0010102 secs] [Times: user=0.00 sys=0.00, real=0.00 secs] 
2018-03-19T12:11:55.724+0530: 46.240: [GC (Allocation Failure) [PSYoungGen: 173600K->32K(174080K)] 174604K->1036K(523776K), 0.0010663 secs] [Times: user=0.00 sys=0.00, real=0.00 secs] 
2018-03-19T12:11:56.130+0530: 46.647: [GC (Allocation Failure) [PSYoungGen: 173600K->32K(174080K)] 174604K->1036K(523776K), 0.0007363 secs] [Times: user=0.00 sys=0.00, real=0.00 secs] 
2018-03-19T12:11:56.490+0530: 47.007: [GC (Allocation Failure) [PSYoungGen: 173600K->32K(174080K)] 174604K->1036K(523776K), 0.0008089 secs] [Times: user=0.00 sys=0.00, real=0.00 secs] 
2018-03-19T12:11:56.825+0530: 47.342: [GC (Allocation Failure) [PSYoungGen: 173600K->32K(174080K)] 174604K->1036K(523776K), 0.0006061 secs] [Times: user=0.00 sys=0.00, real=0.00 secs] 
2018-03-19T12:11:57.153+0530: 47.669: [GC (Allocation Failure) [PSYoungGen: 173600K->32K(174080K)] 174604K->1036K(523776K), 0.0006820 secs] [Times: user=0.00 sys=0.00, real=0.00 secs] 
2018-03-19T12:11:57.474+0530: 47.991: [GC (Allocation Failure) [PSYoungGen: 173600K->32K(174080K)] 174604K->1036K(523776K), 0.0004813 secs] [Times: user=0.00 sys=0.00, real=0.00 secs] 
2018-03-19T12:11:57.784+0530: 48.301: [GC (Allocation Failure) [PSYoungGen: 173600K->32K(174080K)] 174604K->1036K(523776K), 0.0006569 secs] [Times: user=0.00 sys=0.00, real=0.00 secs] 
2018-03-19T12:11:58.085+0530: 48.602: [GC (Allocation Failure) [PSYoungGen: 173600K->32K(174080K)] 174604K->1036K(523776K), 0.0006721 secs] [Times: user=0.00 sys=0.00, real=0.00 secs] 
2018-03-19T12:11:58.386+0530: 48.904: [GC (Allocation Failure) [PSYoungGen: 173600K->32K(174080K)] 174604K->1036K(523776K), 0.0005102 secs] [Times: user=0.00 sys=0.00, real=0.00 secs] 
2018-03-19T12:11:58.686+0530: 49.203: [GC (Allocation Failure) [PSYoungGen: 173600K->32K(174080K)] 174604K->1036K(523776K), 0.0004863 secs] [Times: user=0.00 sys=0.00, real=0.00 secs] 
2018-03-19T12:11:59.003+0530: 49.519: [GC (Allocation Failure) [PSYoungGen: 173600K->32K(174080K)] 174604K->1036K(523776K), 0.0005596 secs] [Times: user=0.00 sys=0.00, real=0.00 secs] 
2018-03-19T12:11:59.296+0530: 49.813: [GC (Allocation Failure) [PSYoungGen: 173600K->32K(174080K)] 174604K->1036K(523776K), 0.0007803 secs] [Times: user=0.00 sys=0.00, real=0.00 secs] 
2018-03-19T12:11:59.627+0530: 50.144: [GC (Allocation Failure) [PSYoungGen: 173600K->32K(174080K)] 174604K->1036K(523776K), 0.0006023 secs] [Times: user=0.00 sys=0.00, real=0.00 secs] 
2018-03-19T12:11:59.958+0530: 50.474: [GC (Allocation Failure) [PSYoungGen: 173600K->32K(174080K)] 174604K->1036K(523776K), 0.0005737 secs] [Times: user=0.00 sys=0.00, real=0.00 secs] 
2018-03-19T12:12:00.303+0530: 50.820: [GC (Allocation Failure) [PSYoungGen: 173600K->32K(174080K)] 174604K->1036K(523776K), 0.0007356 secs] [Times: user=0.00 sys=0.00, real=0.00 secs] 
2018-03-19T12:12:00.608+0530: 51.125: [GC (Allocation Failure) [PSYoungGen: 173600K->32K(174080K)] 174604K->1036K(523776K), 0.0005339 secs] [Times: user=0.00 sys=0.00, real=0.00 secs] 
2018-03-19T12:12:00.917+0530: 51.434: [GC (Allocation Failure) [PSYoungGen: 173600K->32K(174080K)] 174604K->1036K(523776K), 0.0006118 secs] [Times: user=0.00 sys=0.00, real=0.00 secs] 
2018-03-19T12:12:01.222+0530: 51.738: [GC (Allocation Failure) [PSYoungGen: 173600K->32K(174080K)] 174604K->1036K(523776K), 0.0005057 secs] [Times: user=0.00 sys=0.00, real=0.00 secs] 
2018-03-19T12:12:01.518+0530: 52.035: [GC (Allocation Failure) [PSYoungGen: 173600K->32K(174080K)] 174604K->1036K(523776K), 0.0006647 secs] [Times: user=0.00 sys=0.00, real=0.00 secs] 
2018-03-19T12:12:01.811+0530: 52.327: [GC (Allocation Failure) [PSYoungGen: 173600K->32K(174080K)] 174604K->1036K(523776K), 0.0005067 secs] [Times: user=0.00 sys=0.00, real=0.00 secs] 
2018-03-19T12:12:02.107+0530: 52.623: [GC (Allocation Failure) [PSYoungGen: 173600K->32K(174080K)] 174604K->1036K(523776K), 0.0006262 secs] [Times: user=0.00 sys=0.00, real=0.00 secs] 
2018-03-19T12:12:02.397+0530: 52.914: [GC (Allocation Failure) [PSYoungGen: 173600K->32K(174080K)] 174604K->1036K(523776K), 0.0005176 secs] [Times: user=0.00 sys=0.00, real=0.00 secs] 
2018-03-19T12:12:02.691+0530: 53.207: [GC (Allocation Failure) [PSYoungGen: 173600K->32K(174080K)] 174604K->1036K(523776K), 0.0005497 secs] [Times: user=0.00 sys=0.00, real=0.00 secs] 
2018-03-19T12:12:02.981+0530: 53.498: [GC (Allocation Failure) [PSYoungGen: 173600K->32K(174080K)] 174604K->1036K(523776K), 0.0004905 secs] [Times: user=0.00 sys=0.00, real=0.00 secs] 
2018-03-19T12:12:03.262+0530: 53.779: [GC (Allocation Failure) [PSYoungGen: 173600K->32K(174080K)] 174604K->1036K(523776K), 0.0008297 secs] [Times: user=0.00 sys=0.00, real=0.00 secs] 
2018-03-19T12:12:03.550+0530: 54.067: [GC (Allocation Failure) [PSYoungGen: 173600K->32K(174080K)] 174604K->1036K(523776K), 0.0006178 secs] [Times: user=0.00 sys=0.00, real=0.00 secs] 
2018-03-19T12:12:03.847+0530: 54.363: [GC (Allocation Failure) [PSYoungGen: 173600K->32K(174080K)] 174604K->1036K(523776K), 0.0007193 secs] [Times: user=0.00 sys=0.00, real=0.00 secs] 
2018-03-19T12:12:04.141+0530: 54.658: [GC (Allocation Failure) [PSYoungGen: 173600K->32K(174080K)] 174604K->1036K(523776K), 0.0006118 secs] [Times: user=0.00 sys=0.00, real=0.00 secs] 
2018-03-19T12:12:04.450+0530: 54.967: [GC (Allocation Failure) [PSYoungGen: 173600K->32K(174080K)] 174604K->1036K(523776K), 0.0006587 secs] [Times: user=0.00 sys=0.00, real=0.00 secs] 
2018-03-19T12:12:04.790+0530: 55.307: [GC (Allocation Failure) [PSYoungGen: 173600K->32K(174080K)] 174604K->1036K(523776K), 0.0005804 secs] [Times: user=0.00 sys=0.00, real=0.00 secs] 
2018-03-19T12:12:05.113+0530: 55.630: [GC (Allocation Failure) [PSYoungGen: 173600K->32K(174080K)] 174604K->1036K(523776K), 0.0006576 secs] [Times: user=0.00 sys=0.00, real=0.00 secs] 
2018-03-19T12:12:05.430+0530: 55.947: [GC (Allocation Failure) [PSYoungGen: 173600K->32K(174080K)] 174604K->1036K(523776K), 0.0007740 secs] [Times: user=0.00 sys=0.00, real=0.00 secs] 
2018-03-19T12:12:05.758+0530: 56.274: [GC (Allocation Failure) [PSYoungGen: 173600K->32K(174080K)] 174604K->1036K(523776K), 0.0005896 secs] [Times: user=0.00 sys=0.00, real=0.00 secs] 
2018-03-19T12:12:06.082+0530: 56.598: [GC (Allocation Failure) [PSYoungGen: 173600K->32K(174080K)] 174604K->1036K(523776K), 0.0009330 secs] [Times: user=0.00 sys=0.00, real=0.00 secs] 
2018-03-19T12:12:06.394+0530: 56.910: [GC (Allocation Failure) [PSYoungGen: 173600K->32K(174080K)] 174604K->1036K(523776K), 0.0005430 secs] [Times: user=0.00 sys=0.00, real=0.00 secs] 
2018-03-19T12:12:06.700+0530: 57.217: [GC (Allocation Failure) [PSYoungGen: 173600K->32K(174080K)] 174604K->1036K(523776K), 0.0008519 secs] [Times: user=0.00 sys=0.00, real=0.00 secs] 
2018-03-19T12:12:07.020+0530: 57.537: [GC (Allocation Failure) [PSYoungGen: 173600K->32K(174080K)] 174604K->1036K(523776K), 0.0005991 secs] [Times: user=0.00 sys=0.00, real=0.00 secs] 
2018-03-19T12:12:07.338+0530: 57.854: [GC (Allocation Failure) [PSYoungGen: 173600K->32K(174080K)] 174604K->1036K(523776K), 0.0007289 secs] [Times: user=0.00 sys=0.00, real=0.00 secs] 
2018-03-19T12:12:07.894+0530: 58.411: [GC (Allocation Failure) [PSYoungGen: 173600K->32K(174080K)] 174604K->1036K(523776K), 0.0007983 secs] [Times: user=0.00 sys=0.00, real=0.00 secs] 
2018-03-19T12:12:08.380+0530: 58.897: [GC (Allocation Failure) [PSYoungGen: 173600K->32K(174080K)] 174604K->1036K(523776K), 0.0006509 secs] [Times: user=0.00 sys=0.00, real=0.00 secs] 
2018-03-19T12:12:08.710+0530: 59.226: [GC (Allocation Failure) [PSYoungGen: 173600K->32K(174080K)] 174604K->1036K(523776K), 0.0005839 secs] [Times: user=0.00 sys=0.00, real=0.00 secs] 
2018-03-19T12:12:09.037+0530: 59.555: [GC (Allocation Failure) [PSYoungGen: 173600K->32K(174080K)] 174604K->1036K(523776K), 0.0006654 secs] [Times: user=0.00 sys=0.00, real=0.00 secs] 
2018-03-19T12:12:09.531+0530: 60.048: [GC (Allocation Failure) [PSYoungGen: 173600K->32K(174080K)] 174604K->1036K(523776K), 0.0006862 secs] [Times: user=0.00 sys=0.00, real=0.00 secs] 
2018-03-19T12:12:09.904+0530: 60.420: [GC (Allocation Failure) [PSYoungGen: 173600K->32K(174080K)] 174604K->1036K(523776K), 0.0004725 secs] [Times: user=0.00 sys=0.00, real=0.00 secs] 
2018-03-19T12:12:10.281+0530: 60.798: [GC (Allocation Failure) [PSYoungGen: 173600K->32K(174080K)] 174604K->1036K(523776K), 0.0010677 secs] [Times: user=0.00 sys=0.00, real=0.00 secs] 
2018-03-19T12:12:10.694+0530: 61.211: [GC (Allocation Failure) [PSYoungGen: 173600K->32K(174080K)] 174604K->1036K(523776K), 0.0007564 secs] [Times: user=0.00 sys=0.00, real=0.00 secs] 
2018-03-19T12:12:11.018+0530: 61.535: [GC (Allocation Failure) [PSYoungGen: 173600K->32K(174080K)] 174604K->1036K(523776K), 0.0006100 secs] [Times: user=0.00 sys=0.00, real=0.00 secs] 
2018-03-19T12:12:11.349+0530: 61.865: [GC (Allocation Failure) [PSYoungGen: 173600K->32K(174080K)] 174604K->1036K(523776K), 0.0007405 secs] [Times: user=0.00 sys=0.00, real=0.00 secs] 
2018-03-19T12:12:11.708+0530: 62.224: [GC (Allocation Failure) [PSYoungGen: 173600K->32K(174080K)] 174604K->1036K(523776K), 0.0006097 secs] [Times: user=0.00 sys=0.00, real=0.00 secs] 
2018-03-19T12:12:12.077+0530: 62.594: [GC (Allocation Failure) [PSYoungGen: 173600K->32K(174080K)] 174604K->1036K(523776K), 0.0008135 secs] [Times: user=0.00 sys=0.00, real=0.00 secs] 
2018-03-19T12:12:12.639+0530: 63.156: [GC (Allocation Failure) [PSYoungGen: 173600K->32K(174080K)] 174604K->1036K(523776K), 0.0007930 secs] [Times: user=0.00 sys=0.00, real=0.00 secs] 
2018-03-19T12:12:12.999+0530: 63.515: [GC (Allocation Failure) [PSYoungGen: 173600K->32K(174080K)] 174604K->1036K(523776K), 0.0006580 secs] [Times: user=0.00 sys=0.00, real=0.00 secs] 
2018-03-19T12:12:13.356+0530: 63.872: [GC (Allocation Failure) [PSYoungGen: 173600K->32K(174080K)] 174604K->1036K(523776K), 0.0006428 secs] [Times: user=0.00 sys=0.00, real=0.00 secs] 
2018-03-19T12:12:13.694+0530: 64.211: [GC (Allocation Failure) [PSYoungGen: 173600K->32K(174080K)] 174604K->1036K(523776K), 0.0005843 secs] [Times: user=0.00 sys=0.00, real=0.00 secs] 
2018-03-19T12:12:14.026+0530: 64.543: [GC (Allocation Failure) [PSYoungGen: 173600K->32K(174080K)] 174604K->1036K(523776K), 0.0005300 secs] [Times: user=0.00 sys=0.00, real=0.00 secs] 
2018-03-19T12:12:14.357+0530: 64.873: [GC (Allocation Failure) [PSYoungGen: 173600K->32K(174080K)] 174604K->1036K(523776K), 0.0005194 secs] [Times: user=0.00 sys=0.00, real=0.00 secs] 
2018-03-19T12:12:14.719+0530: 65.236: [GC (Allocation Failure) [PSYoungGen: 173600K->32K(174080K)] 174604K->1036K(523776K), 0.0007412 secs] [Times: user=0.00 sys=0.00, real=0.00 secs] 
2018-03-19T12:12:15.110+0530: 65.627: [GC (Allocation Failure) [PSYoungGen: 173600K->32K(174080K)] 174604K->1036K(523776K), 0.0008713 secs] [Times: user=0.00 sys=0.00, real=0.00 secs] 
2018-03-19T12:12:15.494+0530: 66.011: [GC (Allocation Failure) [PSYoungGen: 173600K->32K(174080K)] 174604K->1036K(523776K), 0.0007095 secs] [Times: user=0.00 sys=0.00, real=0.00 secs] 
2018-03-19T12:12:15.963+0530: 66.480: [GC (Allocation Failure) [PSYoungGen: 173600K->32K(174080K)] 174604K->1036K(523776K), 0.0010113 secs] [Times: user=0.00 sys=0.00, real=0.00 secs] 
2018-03-19T12:12:16.425+0530: 66.941: [GC (Allocation Failure) [PSYoungGen: 173600K->32K(174080K)] 174604K->1036K(523776K), 0.0007416 secs] [Times: user=0.00 sys=0.00, real=0.00 secs] 
2018-03-19T12:12:16.860+0530: 67.377: [GC (Allocation Failure) [PSYoungGen: 173600K->32K(174080K)] 174604K->1036K(523776K), 0.0009013 secs] [Times: user=0.00 sys=0.00, real=0.00 secs] 
2018-03-19T12:12:17.325+0530: 67.842: [GC (Allocation Failure) [PSYoungGen: 173600K->32K(174080K)] 174604K->1036K(523776K), 0.0009986 secs] [Times: user=0.00 sys=0.00, real=0.00 secs] 
2018-03-19T12:12:17.903+0530: 68.419: [GC (Allocation Failure) [PSYoungGen: 173600K->32K(174080K)] 174604K->1036K(523776K), 0.0007063 secs] [Times: user=0.00 sys=0.00, real=0.00 secs] 
2018-03-19T12:12:18.324+0530: 68.841: [GC (Allocation Failure) [PSYoungGen: 173600K->32K(174080K)] 174604K->1036K(523776K), 0.0006834 secs] [Times: user=0.00 sys=0.00, real=0.00 secs] 
2018-03-19T12:12:18.702+0530: 69.219: [GC (Allocation Failure) [PSYoungGen: 173600K->32K(174080K)] 174604K->1036K(523776K), 0.0008540 secs] [Times: user=0.00 sys=0.00, real=0.00 secs] 
2018-03-19T12:12:19.124+0530: 69.640: [GC (Allocation Failure) [PSYoungGen: 173600K->32K(174080K)] 174604K->1036K(523776K), 0.0007176 secs] [Times: user=0.00 sys=0.00, real=0.00 secs] 
2018-03-19T12:12:19.455+0530: 69.972: [GC (Allocation Failure) [PSYoungGen: 173600K->32K(174080K)] 174604K->1036K(523776K), 0.0005786 secs] [Times: user=0.00 sys=0.00, real=0.00 secs] 
2018-03-19T12:12:20.005+0530: 70.521: [GC (Allocation Failure) [PSYoungGen: 173600K->32K(174080K)] 174604K->1036K(523776K), 0.0007532 secs] [Times: user=0.00 sys=0.00, real=0.00 secs] 
2018-03-19T12:12:20.388+0530: 70.904: [GC (Allocation Failure) [PSYoungGen: 173600K->32K(174080K)] 174604K->1036K(523776K), 0.0008918 secs] [Times: user=0.00 sys=0.00, real=0.00 secs] 
2018-03-19T12:12:20.788+0530: 71.304: [GC (Allocation Failure) [PSYoungGen: 173600K->32K(174080K)] 174604K->1036K(523776K), 0.0007712 secs] [Times: user=0.00 sys=0.00, real=0.00 secs] 
2018-03-19T12:12:21.248+0530: 71.765: [GC (Allocation Failure) [PSYoungGen: 173600K->32K(174080K)] 174604K->1036K(523776K), 0.0011266 secs] [Times: user=0.00 sys=0.00, real=0.00 secs] 
2018-03-19T12:12:23.011+0530: 73.528: [GC (Allocation Failure) [PSYoungGen: 173600K->32K(174080K)] 174604K->1036K(523776K), 0.0011248 secs] [Times: user=0.00 sys=0.00, real=0.00 secs] 
2018-03-19T12:12:23.520+0530: 74.037: [GC (Allocation Failure) [PSYoungGen: 173600K->32K(174080K)] 174604K->1036K(523776K), 0.0011471 secs] [Times: user=0.00 sys=0.00, real=0.00 secs] 
2018-03-19T12:12:24.048+0530: 74.564: [GC (Allocation Failure) [PSYoungGen: 173600K->32K(174080K)] 174604K->1036K(523776K), 0.0005356 secs] [Times: user=0.00 sys=0.00, real=0.00 secs] 
2018-03-19T12:12:24.583+0530: 75.100: [GC (Allocation Failure) [PSYoungGen: 173600K->32K(174080K)] 174604K->1036K(523776K), 0.0012765 secs] [Times: user=0.00 sys=0.00, real=0.00 secs] 
2018-03-19T12:12:25.073+0530: 75.590: [GC (Allocation Failure) [PSYoungGen: 173600K->32K(174080K)] 174604K->1036K(523776K), 0.0006964 secs] [Times: user=0.00 sys=0.00, real=0.00 secs] 
2018-03-19T12:12:25.610+0530: 76.126: [GC (Allocation Failure) [PSYoungGen: 173600K->32K(174080K)] 174604K->1036K(523776K), 0.0006731 secs] [Times: user=0.00 sys=0.00, real=0.00 secs] 
2018-03-19T12:12:26.174+0530: 76.691: [GC (Allocation Failure) [PSYoungGen: 173600K->32K(174080K)] 174604K->1036K(523776K), 0.0013794 secs] [Times: user=0.00 sys=0.00, real=0.00 secs] 
2018-03-19T12:12:26.718+0530: 77.235: [GC (Allocation Failure) [PSYoungGen: 173600K->32K(174080K)] 174604K->1036K(523776K), 0.0010134 secs] [Times: user=0.00 sys=0.00, real=0.00 secs] 
2018-03-19T12:12:27.205+0530: 77.722: [GC (Allocation Failure) [PSYoungGen: 173600K->32K(174080K)] 174604K->1036K(523776K), 0.0006862 secs] [Times: user=0.00 sys=0.00, real=0.00 secs] 
2018-03-19T12:12:27.776+0530: 78.294: [GC (Allocation Failure) [PSYoungGen: 173600K->32K(174080K)] 174604K->1036K(523776K), 0.0012874 secs] [Times: user=0.00 sys=0.00, real=0.00 secs] 
2018-03-19T12:12:28.276+0530: 78.793: [GC (Allocation Failure) [PSYoungGen: 173600K->32K(174080K)] 174604K->1036K(523776K), 0.0010318 secs] [Times: user=0.00 sys=0.00, real=0.00 secs] 
2018-03-19T12:12:28.819+0530: 79.336: [GC (Allocation Failure) [PSYoungGen: 173600K->32K(174080K)] 174604K->1036K(523776K), 0.0007687 secs] [Times: user=0.00 sys=0.00, real=0.00 secs] 
2018-03-19T12:12:29.285+0530: 79.801: [GC (Allocation Failure) [PSYoungGen: 173600K->32K(174080K)] 174604K->1036K(523776K), 0.0007250 secs] [Times: user=0.00 sys=0.00, real=0.00 secs] 
2018-03-19T12:12:29.836+0530: 80.352: [GC (Allocation Failure) [PSYoungGen: 173600K->32K(174080K)] 174604K->1036K(523776K), 0.0009933 secs] [Times: user=0.02 sys=0.00, real=0.00 secs] 
2018-03-19T12:12:30.345+0530: 80.862: [GC (Allocation Failure) [PSYoungGen: 173600K->32K(174080K)] 174604K->1036K(523776K), 0.0007691 secs] [Times: user=0.00 sys=0.00, real=0.00 secs] 
2018-03-19T12:12:30.801+0530: 81.318: [GC (Allocation Failure) [PSYoungGen: 173600K->32K(174080K)] 174604K->1036K(523776K), 0.0007539 secs] [Times: user=0.00 sys=0.00, real=0.00 secs] 
2018-03-19T12:12:31.229+0530: 81.746: [GC (Allocation Failure) [PSYoungGen: 173600K->32K(174080K)] 174604K->1036K(523776K), 0.0006837 secs] [Times: user=0.00 sys=0.00, real=0.00 secs] 
2018-03-19T12:12:31.625+0530: 82.141: [GC (Allocation Failure) [PSYoungGen: 173600K->32K(174080K)] 174604K->1036K(523776K), 0.0006167 secs] [Times: user=0.00 sys=0.00, real=0.00 secs] 
2018-03-19T12:12:31.995+0530: 82.512: [GC (Allocation Failure) [PSYoungGen: 173600K->32K(174080K)] 174604K->1036K(523776K), 0.0005645 secs] [Times: user=0.00 sys=0.00, real=0.00 secs] 
2018-03-19T12:12:32.324+0530: 82.841: [GC (Allocation Failure) [PSYoungGen: 173600K->32K(174080K)] 174604K->1036K(523776K), 0.0005649 secs] [Times: user=0.00 sys=0.00, real=0.00 secs] 
2018-03-19T12:12:32.653+0530: 83.170: [GC (Allocation Failure) [PSYoungGen: 173600K->32K(174080K)] 174604K->1036K(523776K), 0.0007733 secs] [Times: user=0.00 sys=0.00, real=0.00 secs] 
2018-03-19T12:12:32.998+0530: 83.514: [GC (Allocation Failure) [PSYoungGen: 173600K->32K(174080K)] 174604K->1036K(523776K), 0.0006545 secs] [Times: user=0.00 sys=0.00, real=0.00 secs] 
2018-03-19T12:12:33.304+0530: 83.820: [GC (Allocation Failure) [PSYoungGen: 173600K->32K(174080K)] 174604K->1036K(523776K), 0.0005342 secs] [Times: user=0.00 sys=0.00, real=0.00 secs] 
2018-03-19T12:12:33.602+0530: 84.119: [GC (Allocation Failure) [PSYoungGen: 173600K->32K(174080K)] 174604K->1036K(523776K), 0.0005518 secs] [Times: user=0.00 sys=0.00, real=0.00 secs] 
2018-03-19T12:12:34.044+0530: 84.560: [GC (Allocation Failure) [PSYoungGen: 173600K->32K(174080K)] 174604K->1036K(523776K), 0.0008801 secs] [Times: user=0.00 sys=0.00, real=0.00 secs] 
2018-03-19T12:12:34.539+0530: 85.056: [GC (Allocation Failure) [PSYoungGen: 173600K->32K(174080K)] 174604K->1036K(523776K), 0.0007680 secs] [Times: user=0.00 sys=0.00, real=0.00 secs] 
2018-03-19T12:12:34.952+0530: 85.469: [GC (Allocation Failure) [PSYoungGen: 173600K->32K(174080K)] 174604K->1036K(523776K), 0.0006890 secs] [Times: user=0.00 sys=0.00, real=0.00 secs] 
2018-03-19T12:12:35.294+0530: 85.811: [GC (Allocation Failure) [PSYoungGen: 173600K->32K(174080K)] 174604K->1036K(523776K), 0.0006241 secs] [Times: user=0.00 sys=0.00, real=0.00 secs] 
2018-03-19T12:12:35.636+0530: 86.152: [GC (Allocation Failure) [PSYoungGen: 173600K->32K(174080K)] 174604K->1036K(523776K), 0.0013241 secs] [Times: user=0.00 sys=0.00, real=0.00 secs] 
2018-03-19T12:12:36.050+0530: 86.567: [GC (Allocation Failure) [PSYoungGen: 173600K->32K(174080K)] 174604K->1036K(523776K), 0.0005272 secs] [Times: user=0.00 sys=0.00, real=0.00 secs] 
2018-03-19T12:12:36.372+0530: 86.889: [GC (Allocation Failure) [PSYoungGen: 173600K->32K(174080K)] 174604K->1036K(523776K), 0.0007317 secs] [Times: user=0.00 sys=0.00, real=0.00 secs] 
2018-03-19T12:12:36.687+0530: 87.204: [GC (Allocation Failure) [PSYoungGen: 173600K->32K(174080K)] 174604K->1036K(523776K), 0.0006844 secs] [Times: user=0.00 sys=0.00, real=0.00 secs] 
2018-03-19T12:12:37.003+0530: 87.519: [GC (Allocation Failure) [PSYoungGen: 173600K->32K(174080K)] 174604K->1036K(523776K), 0.0005335 secs] [Times: user=0.00 sys=0.00, real=0.00 secs] 
2018-03-19T12:12:37.313+0530: 87.829: [GC (Allocation Failure) [PSYoungGen: 173600K->32K(174080K)] 174604K->1036K(523776K), 0.0006217 secs] [Times: user=0.00 sys=0.00, real=0.00 secs] 
2018-03-19T12:12:37.624+0530: 88.141: [GC (Allocation Failure) [PSYoungGen: 173600K->32K(174080K)] 174604K->1036K(523776K), 0.0005303 secs] [Times: user=0.00 sys=0.00, real=0.00 secs] 
2018-03-19T12:12:38.005+0530: 88.522: [GC (Allocation Failure) [PSYoungGen: 173600K->32K(174080K)] 174604K->1036K(523776K), 0.0008844 secs] [Times: user=0.00 sys=0.00, real=0.00 secs] 
2018-03-19T12:12:38.515+0530: 89.031: [GC (Allocation Failure) [PSYoungGen: 173600K->32K(174080K)] 174604K->1036K(523776K), 0.0007229 secs] [Times: user=0.00 sys=0.00, real=0.00 secs] 
2018-03-19T12:12:38.849+0530: 89.365: [GC (Allocation Failure) [PSYoungGen: 173600K->32K(174080K)] 174604K->1036K(523776K), 0.0005596 secs] [Times: user=0.00 sys=0.00, real=0.00 secs] 
2018-03-19T12:12:39.176+0530: 89.692: [GC (Allocation Failure) [PSYoungGen: 173600K->32K(174080K)] 174604K->1036K(523776K), 0.0005540 secs] [Times: user=0.00 sys=0.00, real=0.00 secs] 
2018-03-19T12:12:39.485+0530: 90.002: [GC (Allocation Failure) [PSYoungGen: 173600K->32K(174080K)] 174604K->1036K(523776K), 0.0006908 secs] [Times: user=0.00 sys=0.00, real=0.00 secs] 
2018-03-19T12:12:39.790+0530: 90.307: [GC (Allocation Failure) [PSYoungGen: 173600K->32K(174080K)] 174604K->1036K(523776K), 0.0006939 secs] [Times: user=0.00 sys=0.00, real=0.00 secs] 
2018-03-19T12:12:40.099+0530: 90.616: [GC (Allocation Failure) [PSYoungGen: 173600K->32K(174080K)] 174604K->1036K(523776K), 0.0005642 secs] [Times: user=0.00 sys=0.00, real=0.00 secs] 
2018-03-19T12:12:40.446+0530: 90.963: [GC (Allocation Failure) [PSYoungGen: 173600K->32K(174080K)] 174604K->1036K(523776K), 0.0005892 secs] [Times: user=0.00 sys=0.00, real=0.00 secs] 
2018-03-19T12:12:40.765+0530: 91.282: [GC (Allocation Failure) [PSYoungGen: 173600K->32K(174080K)] 174604K->1036K(523776K), 0.0007088 secs] [Times: user=0.00 sys=0.00, real=0.00 secs] 
2018-03-19T12:12:41.111+0530: 91.627: [GC (Allocation Failure) [PSYoungGen: 173600K->32K(174080K)] 174604K->1036K(523776K), 0.0006097 secs] [Times: user=0.00 sys=0.00, real=0.00 secs] 
2018-03-19T12:12:41.480+0530: 91.997: [GC (Allocation Failure) [PSYoungGen: 173600K->32K(174080K)] 174604K->1036K(523776K), 0.0008223 secs] [Times: user=0.00 sys=0.00, real=0.00 secs] 
2018-03-19T12:12:41.834+0530: 92.350: [GC (Allocation Failure) [PSYoungGen: 173600K->32K(174080K)] 174604K->1036K(523776K), 0.0006037 secs] [Times: user=0.00 sys=0.00, real=0.00 secs] 
2018-03-19T12:12:42.174+0530: 92.692: [GC (Allocation Failure) [PSYoungGen: 173600K->32K(174080K)] 174604K->1036K(523776K), 0.0007490 secs] [Times: user=0.00 sys=0.00, real=0.00 secs] 
2018-03-19T12:12:42.514+0530: 93.031: [GC (Allocation Failure) [PSYoungGen: 173600K->32K(174080K)] 174604K->1036K(523776K), 0.0006231 secs] [Times: user=0.00 sys=0.00, real=0.00 secs] 
2018-03-19T12:12:42.848+0530: 93.365: [GC (Allocation Failure) [PSYoungGen: 173600K->32K(174080K)] 174604K->1036K(523776K), 0.0006848 secs] [Times: user=0.00 sys=0.00, real=0.00 secs] 
2018-03-19T12:12:43.173+0530: 93.690: [GC (Allocation Failure) [PSYoungGen: 173600K->32K(174080K)] 174604K->1036K(523776K), 0.0005275 secs] [Times: user=0.00 sys=0.00, real=0.00 secs] 
2018-03-19T12:12:43.484+0530: 94.001: [GC (Allocation Failure) [PSYoungGen: 173600K->32K(174080K)] 174604K->1036K(523776K), 0.0005490 secs] [Times: user=0.00 sys=0.00, real=0.00 secs] 
2018-03-19T12:12:43.802+0530: 94.318: [GC (Allocation Failure) [PSYoungGen: 173600K->32K(174080K)] 174604K->1036K(523776K), 0.0005769 secs] [Times: user=0.00 sys=0.00, real=0.00 secs] 
2018-03-19T12:12:44.108+0530: 94.625: [GC (Allocation Failure) [PSYoungGen: 173600K->32K(174080K)] 174604K->1036K(523776K), 0.0006389 secs] [Times: user=0.00 sys=0.00, real=0.00 secs] 
2018-03-19T12:12:44.408+0530: 94.925: [GC (Allocation Failure) [PSYoungGen: 173600K->32K(174080K)] 174604K->1036K(523776K), 0.0005846 secs] [Times: user=0.00 sys=0.00, real=0.00 secs] 
2018-03-19T12:12:44.897+0530: 95.414: [GC (Allocation Failure) [PSYoungGen: 173600K->32K(174080K)] 174604K->1036K(523776K), 0.0010857 secs] [Times: user=0.00 sys=0.00, real=0.00 secs] 
2018-03-19T12:12:45.234+0530: 95.751: [GC (Allocation Failure) [PSYoungGen: 173600K->32K(174080K)] 174604K->1036K(523776K), 0.0007327 secs] [Times: user=0.00 sys=0.00, real=0.00 secs] 
2018-03-19T12:12:45.572+0530: 96.089: [GC (Allocation Failure) [PSYoungGen: 173600K->32K(174080K)] 174604K->1036K(523776K), 0.0007003 secs] [Times: user=0.00 sys=0.00, real=0.00 secs] 
2018-03-19T12:12:46.087+0530: 96.604: [GC (Allocation Failure) [PSYoungGen: 173600K->32K(174080K)] 174604K->1036K(523776K), 0.0008801 secs] [Times: user=0.05 sys=0.00, real=0.00 secs] 
2018-03-19T12:12:46.941+0530: 97.458: [GC (Allocation Failure) [PSYoungGen: 173600K->32K(174080K)] 174604K->1036K(523776K), 0.0008889 secs] [Times: user=0.00 sys=0.00, real=0.00 secs] 
2018-03-19T12:12:47.440+0530: 97.956: [GC (Allocation Failure) [PSYoungGen: 173600K->32K(174080K)] 174604K->1036K(523776K), 0.0007779 secs] [Times: user=0.00 sys=0.00, real=0.00 secs] 
2018-03-19T12:12:47.999+0530: 98.515: [GC (Allocation Failure) [PSYoungGen: 173600K->32K(174080K)] 174604K->1036K(523776K), 0.0006672 secs] [Times: user=0.00 sys=0.00, real=0.00 secs] 
2018-03-19T12:12:48.433+0530: 98.949: [GC (Allocation Failure) [PSYoungGen: 173600K->32K(174080K)] 174604K->1036K(523776K), 0.0007560 secs] [Times: user=0.00 sys=0.00, real=0.00 secs] 
2018-03-19T12:12:49.041+0530: 99.558: [GC (Allocation Failure) [PSYoungGen: 173600K->32K(174080K)] 174604K->1036K(523776K), 0.0007673 secs] [Times: user=0.00 sys=0.00, real=0.00 secs] 
2018-03-19T12:12:49.504+0530: 100.020: [GC (Allocation Failure) [PSYoungGen: 173600K->32K(174080K)] 174604K->1036K(523776K), 0.0007183 secs] [Times: user=0.00 sys=0.00, real=0.00 secs] 
2018-03-19T12:12:49.919+0530: 100.436: [GC (Allocation Failure) [PSYoungGen: 173600K->32K(174080K)] 174604K->1036K(523776K), 0.0007327 secs] [Times: user=0.00 sys=0.00, real=0.00 secs] 
2018-03-19T12:12:50.310+0530: 100.826: [GC (Allocation Failure) [PSYoungGen: 173600K->32K(174080K)] 174604K->1036K(523776K), 0.0006897 secs] [Times: user=0.00 sys=0.00, real=0.00 secs] 
2018-03-19T12:12:50.661+0530: 101.178: [GC (Allocation Failure) [PSYoungGen: 173600K->32K(174080K)] 174604K->1036K(523776K), 0.0006365 secs] [Times: user=0.00 sys=0.00, real=0.00 secs] 
2018-03-19T12:12:51.003+0530: 101.519: [GC (Allocation Failure) [PSYoungGen: 173600K->32K(174080K)] 174604K->1036K(523776K), 0.0005744 secs] [Times: user=0.00 sys=0.00, real=0.00 secs] 
2018-03-19T12:12:51.308+0530: 101.824: [GC (Allocation Failure) [PSYoungGen: 173600K->32K(174080K)] 174604K->1036K(523776K), 0.0005808 secs] [Times: user=0.00 sys=0.00, real=0.00 secs] 
2018-03-19T12:12:51.614+0530: 102.130: [GC (Allocation Failure) [PSYoungGen: 173600K->32K(174080K)] 174604K->1036K(523776K), 0.0006516 secs] [Times: user=0.00 sys=0.00, real=0.00 secs] 
2018-03-19T12:12:51.931+0530: 102.447: [GC (Allocation Failure) [PSYoungGen: 173600K->32K(174080K)] 174604K->1036K(523776K), 0.0005430 secs] [Times: user=0.00 sys=0.00, real=0.00 secs] 
2018-03-19T12:12:52.231+0530: 102.747: [GC (Allocation Failure) [PSYoungGen: 173600K->32K(174080K)] 174604K->1036K(523776K), 0.0005487 secs] [Times: user=0.00 sys=0.00, real=0.00 secs] 
2018-03-19T12:12:52.519+0530: 103.036: [GC (Allocation Failure) [PSYoungGen: 173600K->32K(174080K)] 174604K->1036K(523776K), 0.0006273 secs] [Times: user=0.00 sys=0.00, real=0.00 secs] 
2018-03-19T12:12:52.840+0530: 103.357: [GC (Allocation Failure) [PSYoungGen: 173600K->32K(174080K)] 174604K->1036K(523776K), 0.0005494 secs] [Times: user=0.00 sys=0.00, real=0.00 secs] 
2018-03-19T12:12:53.133+0530: 103.649: [GC (Allocation Failure) [PSYoungGen: 173600K->32K(174080K)] 174604K->1036K(523776K), 0.0005339 secs] [Times: user=0.00 sys=0.00, real=0.00 secs] 
2018-03-19T12:12:53.429+0530: 103.945: [GC (Allocation Failure) [PSYoungGen: 173600K->32K(174080K)] 174604K->1036K(523776K), 0.0005487 secs] [Times: user=0.00 sys=0.00, real=0.00 secs] 
2018-03-19T12:12:53.726+0530: 104.242: [GC (Allocation Failure) [PSYoungGen: 173600K->32K(174080K)] 174604K->1036K(523776K), 0.0005243 secs] [Times: user=0.00 sys=0.00, real=0.00 secs] 
2018-03-19T12:12:54.031+0530: 104.547: [GC (Allocation Failure) [PSYoungGen: 173600K->32K(174080K)] 174604K->1036K(523776K), 0.0005381 secs] [Times: user=0.00 sys=0.00, real=0.00 secs] 
2018-03-19T12:12:54.333+0530: 104.850: [GC (Allocation Failure) [PSYoungGen: 173600K->32K(174080K)] 174604K->1036K(523776K), 0.0005296 secs] [Times: user=0.00 sys=0.00, real=0.00 secs] 
2018-03-19T12:12:54.629+0530: 105.146: [GC (Allocation Failure) [PSYoungGen: 173600K->32K(174080K)] 174604K->1036K(523776K), 0.0005945 secs] [Times: user=0.00 sys=0.00, real=0.00 secs] 
2018-03-19T12:12:54.926+0530: 105.443: [GC (Allocation Failure) [PSYoungGen: 173600K->32K(174080K)] 174604K->1036K(523776K), 0.0004937 secs] [Times: user=0.00 sys=0.00, real=0.00 secs] 
2018-03-19T12:12:55.205+0530: 105.722: [GC (Allocation Failure) [PSYoungGen: 173600K->32K(174080K)] 174604K->1036K(523776K), 0.0005367 secs] [Times: user=0.00 sys=0.00, real=0.00 secs] 
2018-03-19T12:12:55.510+0530: 106.026: [GC (Allocation Failure) [PSYoungGen: 173600K->32K(174080K)] 174604K->1036K(523776K), 0.0006791 secs] [Times: user=0.00 sys=0.00, real=0.00 secs] 
2018-03-19T12:12:55.798+0530: 106.315: [GC (Allocation Failure) [PSYoungGen: 173600K->32K(174080K)] 174604K->1036K(523776K), 0.0005716 secs] [Times: user=0.00 sys=0.00, real=0.00 secs] 
2018-03-19T12:12:56.093+0530: 106.609: [GC (Allocation Failure) [PSYoungGen: 173600K->32K(174080K)] 174604K->1036K(523776K), 0.0005755 secs] [Times: user=0.00 sys=0.00, real=0.00 secs] 
2018-03-19T12:12:56.393+0530: 106.910: [GC (Allocation Failure) [PSYoungGen: 173600K->32K(174080K)] 174604K->1036K(523776K), 0.0006337 secs] [Times: user=0.00 sys=0.00, real=0.00 secs] 
2018-03-19T12:12:56.679+0530: 107.196: [GC (Allocation Failure) [PSYoungGen: 173600K->32K(174080K)] 174604K->1036K(523776K), 0.0007765 secs] [Times: user=0.00 sys=0.00, real=0.00 secs] 
2018-03-19T12:12:56.983+0530: 107.500: [GC (Allocation Failure) [PSYoungGen: 173600K->32K(174080K)] 174604K->1036K(523776K), 0.0005162 secs] [Times: user=0.00 sys=0.00, real=0.00 secs] 
2018-03-19T12:12:57.314+0530: 107.831: [GC (Allocation Failure) [PSYoungGen: 173600K->32K(174080K)] 174604K->1036K(523776K), 0.0005406 secs] [Times: user=0.00 sys=0.00, real=0.00 secs] 
2018-03-19T12:12:57.607+0530: 108.123: [GC (Allocation Failure) [PSYoungGen: 173600K->32K(174080K)] 174604K->1036K(523776K), 0.0005208 secs] [Times: user=0.00 sys=0.00, real=0.00 secs] 
2018-03-19T12:12:57.910+0530: 108.426: [GC (Allocation Failure) [PSYoungGen: 173600K->32K(174080K)] 174604K->1036K(523776K), 0.0005377 secs] [Times: user=0.00 sys=0.00, real=0.00 secs] 
2018-03-19T12:12:58.212+0530: 108.729: [GC (Allocation Failure) [PSYoungGen: 173600K->32K(174080K)] 174604K->1036K(523776K), 0.0005966 secs] [Times: user=0.00 sys=0.00, real=0.00 secs] 
2018-03-19T12:12:58.519+0530: 109.036: [GC (Allocation Failure) [PSYoungGen: 173600K->32K(174080K)] 174604K->1036K(523776K), 0.0007165 secs] [Times: user=0.00 sys=0.00, real=0.00 secs] 
2018-03-19T12:12:58.825+0530: 109.342: [GC (Allocation Failure) [PSYoungGen: 173600K->32K(174080K)] 174604K->1036K(523776K), 0.0005600 secs] [Times: user=0.00 sys=0.00, real=0.00 secs] 
2018-03-19T12:12:59.131+0530: 109.648: [GC (Allocation Failure) [PSYoungGen: 173600K->32K(174080K)] 174604K->1036K(523776K), 0.0006132 secs] [Times: user=0.00 sys=0.00, real=0.00 secs] 
2018-03-19T12:12:59.431+0530: 109.947: [GC (Allocation Failure) [PSYoungGen: 173600K->32K(174080K)] 174604K->1036K(523776K), 0.0005624 secs] [Times: user=0.00 sys=0.00, real=0.00 secs] 
2018-03-19T12:12:59.718+0530: 110.235: [GC (Allocation Failure) [PSYoungGen: 173600K->32K(174080K)] 174604K->1036K(523776K), 0.0005448 secs] [Times: user=0.00 sys=0.00, real=0.00 secs] 
2018-03-19T12:13:00.016+0530: 110.532: [GC (Allocation Failure) [PSYoungGen: 173600K->32K(174080K)] 174604K->1036K(523776K), 0.0007274 secs] [Times: user=0.00 sys=0.00, real=0.00 secs] 
2018-03-19T12:13:00.306+0530: 110.823: [GC (Allocation Failure) [PSYoungGen: 173600K->32K(174080K)] 174604K->1036K(523776K), 0.0006128 secs] [Times: user=0.00 sys=0.00, real=0.00 secs] 
2018-03-19T12:13:00.588+0530: 111.104: [GC (Allocation Failure) [PSYoungGen: 173600K->32K(174080K)] 174604K->1036K(523776K), 0.0005081 secs] [Times: user=0.00 sys=0.00, real=0.00 secs] 
2018-03-19T12:13:00.872+0530: 111.389: [GC (Allocation Failure) [PSYoungGen: 173600K->32K(174080K)] 174604K->1036K(523776K), 0.0005092 secs] [Times: user=0.00 sys=0.00, real=0.00 secs] 
2018-03-19T12:13:01.148+0530: 111.664: [GC (Allocation Failure) [PSYoungGen: 173600K->32K(174080K)] 174604K->1036K(523776K), 0.0004982 secs] [Times: user=0.00 sys=0.00, real=0.00 secs] 
2018-03-19T12:13:01.426+0530: 111.943: [GC (Allocation Failure) [PSYoungGen: 173600K->32K(174080K)] 174604K->1036K(523776K), 0.0005434 secs] [Times: user=0.00 sys=0.00, real=0.00 secs] 
2018-03-19T12:13:01.705+0530: 112.221: [GC (Allocation Failure) [PSYoungGen: 173600K->32K(174080K)] 174604K->1036K(523776K), 0.0007006 secs] [Times: user=0.00 sys=0.00, real=0.00 secs] 
2018-03-19T12:13:01.998+0530: 112.515: [GC (Allocation Failure) [PSYoungGen: 173600K->32K(174080K)] 174604K->1036K(523776K), 0.0005240 secs] [Times: user=0.00 sys=0.00, real=0.00 secs] 
2018-03-19T12:13:02.276+0530: 112.792: [GC (Allocation Failure) [PSYoungGen: 173600K->32K(174080K)] 174604K->1036K(523776K), 0.0004856 secs] [Times: user=0.00 sys=0.00, real=0.00 secs] 
2018-03-19T12:13:02.554+0530: 113.071: [GC (Allocation Failure) [PSYoungGen: 173600K->32K(174080K)] 174604K->1036K(523776K), 0.0006284 secs] [Times: user=0.00 sys=0.00, real=0.00 secs] 
2018-03-19T12:13:02.836+0530: 113.353: [GC (Allocation Failure) [PSYoungGen: 173600K->32K(174080K)] 174604K->1036K(523776K), 0.0005250 secs] [Times: user=0.00 sys=0.00, real=0.00 secs] 
2018-03-19T12:13:03.114+0530: 113.630: [GC (Allocation Failure) [PSYoungGen: 173600K->32K(174080K)] 174604K->1036K(523776K), 0.0005071 secs] [Times: user=0.00 sys=0.00, real=0.00 secs] 
2018-03-19T12:13:03.382+0530: 113.899: [GC (Allocation Failure) [PSYoungGen: 173600K->32K(174080K)] 174604K->1036K(523776K), 0.0005751 secs] [Times: user=0.00 sys=0.00, real=0.00 secs] 
2018-03-19T12:13:03.663+0530: 114.179: [GC (Allocation Failure) [PSYoungGen: 173600K->32K(174080K)] 174604K->1036K(523776K), 0.0005049 secs] [Times: user=0.00 sys=0.00, real=0.00 secs] 
2018-03-19T12:13:03.942+0530: 114.458: [GC (Allocation Failure) [PSYoungGen: 173600K->32K(174080K)] 174604K->1036K(523776K), 0.0004993 secs] [Times: user=0.00 sys=0.00, real=0.00 secs] 
2018-03-19T12:13:04.217+0530: 114.733: [GC (Allocation Failure) [PSYoungGen: 173600K->32K(174080K)] 174604K->1036K(523776K), 0.0006167 secs] [Times: user=0.00 sys=0.00, real=0.00 secs] 
2018-03-19T12:13:04.492+0530: 115.009: [GC (Allocation Failure) [PSYoungGen: 173600K->32K(174080K)] 174604K->1036K(523776K), 0.0004901 secs] [Times: user=0.02 sys=0.00, real=0.00 secs] 
2018-03-19T12:13:04.790+0530: 115.307: [GC (Allocation Failure) [PSYoungGen: 173600K->32K(174080K)] 174604K->1036K(523776K), 0.0006298 secs] [Times: user=0.00 sys=0.02, real=0.00 secs] 
2018-03-19T12:13:05.085+0530: 115.601: [GC (Allocation Failure) [PSYoungGen: 173600K->32K(174080K)] 174604K->1036K(523776K), 0.0005250 secs] [Times: user=0.00 sys=0.00, real=0.00 secs] 
2018-03-19T12:13:05.364+0530: 115.880: [GC (Allocation Failure) [PSYoungGen: 173600K->32K(174080K)] 174604K->1036K(523776K), 0.0006224 secs] [Times: user=0.00 sys=0.00, real=0.00 secs] 
2018-03-19T12:13:05.631+0530: 116.148: [GC (Allocation Failure) [PSYoungGen: 173600K->32K(174080K)] 174604K->1036K(523776K), 0.0006939 secs] [Times: user=0.00 sys=0.00, real=0.00 secs] 
2018-03-19T12:13:05.927+0530: 116.444: [GC (Allocation Failure) [PSYoungGen: 173600K->32K(174080K)] 174604K->1036K(523776K), 0.0004968 secs] [Times: user=0.00 sys=0.00, real=0.00 secs] 
2018-03-19T12:13:06.199+0530: 116.716: [GC (Allocation Failure) [PSYoungGen: 173600K->32K(174080K)] 174604K->1036K(523776K), 0.0006227 secs] [Times: user=0.00 sys=0.00, real=0.00 secs] 
2018-03-19T12:13:06.477+0530: 116.994: [GC (Allocation Failure) [PSYoungGen: 173600K->32K(174080K)] 174604K->1036K(523776K), 0.0006224 secs] [Times: user=0.00 sys=0.00, real=0.00 secs] 
2018-03-19T12:13:06.756+0530: 117.273: [GC (Allocation Failure) [PSYoungGen: 173600K->32K(174080K)] 174604K->1036K(523776K), 0.0004968 secs] [Times: user=0.00 sys=0.00, real=0.00 secs] 
2018-03-19T12:13:07.046+0530: 117.563: [GC (Allocation Failure) [PSYoungGen: 173600K->32K(174080K)] 174604K->1036K(523776K), 0.0005667 secs] [Times: user=0.00 sys=0.00, real=0.00 secs] 
2018-03-19T12:13:07.323+0530: 117.840: [GC (Allocation Failure) [PSYoungGen: 173600K->32K(174080K)] 174604K->1036K(523776K), 0.0006449 secs] [Times: user=0.00 sys=0.00, real=0.00 secs] 
2018-03-19T12:13:07.592+0530: 118.108: [GC (Allocation Failure) [PSYoungGen: 173600K->32K(174080K)] 174604K->1036K(523776K), 0.0006051 secs] [Times: user=0.00 sys=0.00, real=0.00 secs] 
2018-03-19T12:13:07.870+0530: 118.386: [GC (Allocation Failure) [PSYoungGen: 173600K->32K(174080K)] 174604K->1036K(523776K), 0.0005088 secs] [Times: user=0.00 sys=0.00, real=0.00 secs] 
2018-03-19T12:13:08.157+0530: 118.673: [GC (Allocation Failure) [PSYoungGen: 173600K->32K(174080K)] 174604K->1036K(523776K), 0.0005501 secs] [Times: user=0.00 sys=0.00, real=0.00 secs] 
2018-03-19T12:13:08.481+0530: 118.998: [GC (Allocation Failure) [PSYoungGen: 173600K->32K(174080K)] 174604K->1036K(523776K), 0.0005935 secs] [Times: user=0.00 sys=0.00, real=0.00 secs] 
2018-03-19T12:13:08.848+0530: 119.365: [GC (Allocation Failure) [PSYoungGen: 173600K->32K(174080K)] 174604K->1036K(523776K), 0.0007539 secs] [Times: user=0.00 sys=0.00, real=0.00 secs] 
2018-03-19T12:13:09.220+0530: 119.736: [GC (Allocation Failure) [PSYoungGen: 173600K->32K(174080K)] 174604K->1036K(523776K), 0.0006195 secs] [Times: user=0.00 sys=0.00, real=0.00 secs] 
2018-03-19T12:13:09.664+0530: 120.181: [GC (Allocation Failure) [PSYoungGen: 173600K->32K(174080K)] 174604K->1036K(523776K), 0.0008332 secs] [Times: user=0.00 sys=0.00, real=0.00 secs] 
2018-03-19T12:13:10.250+0530: 120.767: [GC (Allocation Failure) [PSYoungGen: 173600K->32K(174080K)] 174604K->1036K(523776K), 0.0007825 secs] [Times: user=0.00 sys=0.00, real=0.00 secs] 
2018-03-19T12:13:10.631+0530: 121.148: [GC (Allocation Failure) [PSYoungGen: 173600K->32K(174080K)] 174604K->1036K(523776K), 0.0007535 secs] [Times: user=0.00 sys=0.00, real=0.00 secs] 
2018-03-19T12:13:11.053+0530: 121.570: [GC (Allocation Failure) [PSYoungGen: 173600K->32K(174080K)] 174604K->1036K(523776K), 0.0006548 secs] [Times: user=0.00 sys=0.00, real=0.00 secs] 
2018-03-19T12:13:11.415+0530: 121.931: [GC (Allocation Failure) [PSYoungGen: 173600K->32K(174080K)] 174604K->1036K(523776K), 0.0008103 secs] [Times: user=0.00 sys=0.00, real=0.00 secs] 
2018-03-19T12:13:11.762+0530: 122.279: [GC (Allocation Failure) [PSYoungGen: 173600K->32K(174080K)] 174604K->1036K(523776K), 0.0006714 secs] [Times: user=0.00 sys=0.00, real=0.00 secs] 
2018-03-19T12:13:12.107+0530: 122.624: [GC (Allocation Failure) [PSYoungGen: 173600K->32K(174080K)] 174604K->1036K(523776K), 0.0005871 secs] [Times: user=0.00 sys=0.00, real=0.00 secs] 
2018-03-19T12:13:12.431+0530: 122.948: [GC (Allocation Failure) [PSYoungGen: 173600K->32K(174080K)] 174604K->1036K(523776K), 0.0005917 secs] [Times: user=0.02 sys=0.00, real=0.00 secs] 
2018-03-19T12:13:12.754+0530: 123.271: [GC (Allocation Failure) [PSYoungGen: 173600K->32K(174080K)] 174604K->1036K(523776K), 0.0011721 secs] [Times: user=0.00 sys=0.00, real=0.00 secs] 
2018-03-19T12:13:13.212+0530: 123.729: [GC (Allocation Failure) [PSYoungGen: 173600K->32K(174080K)] 174604K->1036K(523776K), 0.0009073 secs] [Times: user=0.00 sys=0.00, real=0.00 secs] 
2018-03-19T12:13:13.604+0530: 124.120: [GC (Allocation Failure) [PSYoungGen: 173600K->32K(174080K)] 174604K->1036K(523776K), 0.0006224 secs] [Times: user=0.00 sys=0.00, real=0.00 secs] 
2018-03-19T12:13:13.970+0530: 124.487: [GC (Allocation Failure) [PSYoungGen: 173600K->32K(174080K)] 174604K->1036K(523776K), 0.0006076 secs] [Times: user=0.00 sys=0.00, real=0.00 secs] 
2018-03-19T12:13:14.300+0530: 124.818: [GC (Allocation Failure) [PSYoungGen: 173600K->32K(174080K)] 174604K->1036K(523776K), 0.0004852 secs] [Times: user=0.00 sys=0.00, real=0.00 secs] 
2018-03-19T12:13:14.624+0530: 125.141: [GC (Allocation Failure) [PSYoungGen: 173600K->32K(174080K)] 174604K->1036K(523776K), 0.0005582 secs] [Times: user=0.00 sys=0.00, real=0.00 secs] 
2018-03-19T12:13:14.962+0530: 125.478: [GC (Allocation Failure) [PSYoungGen: 173600K->32K(174080K)] 174604K->1036K(523776K), 0.0007218 secs] [Times: user=0.00 sys=0.00, real=0.00 secs] 
2018-03-19T12:13:15.319+0530: 125.836: [GC (Allocation Failure) [PSYoungGen: 173600K->32K(174080K)] 174604K->1036K(523776K), 0.0007916 secs] [Times: user=0.00 sys=0.00, real=0.00 secs] 
2018-03-19T12:13:15.637+0530: 126.153: [GC (Allocation Failure) [PSYoungGen: 173600K->32K(174080K)] 174604K->1036K(523776K), 0.0005832 secs] [Times: user=0.00 sys=0.00, real=0.00 secs] 
2018-03-19T12:13:15.983+0530: 126.500: [GC (Allocation Failure) [PSYoungGen: 173600K->32K(174080K)] 174604K->1036K(523776K), 0.0005952 secs] [Times: user=0.00 sys=0.00, real=0.00 secs] 
2018-03-19T12:13:16.327+0530: 126.843: [GC (Allocation Failure) [PSYoungGen: 173600K->32K(174080K)] 174604K->1036K(523776K), 0.0006880 secs] [Times: user=0.00 sys=0.00, real=0.00 secs] 
2018-03-19T12:13:16.690+0530: 127.206: [GC (Allocation Failure) [PSYoungGen: 173600K->32K(174080K)] 174604K->1036K(523776K), 0.0006707 secs] [Times: user=0.00 sys=0.00, real=0.00 secs] 
2018-03-19T12:13:17.037+0530: 127.554: [GC (Allocation Failure) [PSYoungGen: 173600K->32K(174080K)] 174604K->1036K(523776K), 0.0005882 secs] [Times: user=0.00 sys=0.00, real=0.00 secs] 
2018-03-19T12:13:17.340+0530: 127.857: [GC (Allocation Failure) [PSYoungGen: 173600K->32K(174080K)] 174604K->1036K(523776K), 0.0005769 secs] [Times: user=0.00 sys=0.00, real=0.00 secs] 
2018-03-19T12:13:17.675+0530: 128.191: [GC (Allocation Failure) [PSYoungGen: 173600K->32K(174080K)] 174604K->1036K(523776K), 0.0005575 secs] [Times: user=0.00 sys=0.00, real=0.00 secs] 
2018-03-19T12:13:18.038+0530: 128.554: [GC (Allocation Failure) [PSYoungGen: 173600K->32K(174080K)] 174604K->1036K(523776K), 0.0007944 secs] [Times: user=0.00 sys=0.00, real=0.00 secs] 
2018-03-19T12:13:18.377+0530: 128.894: [GC (Allocation Failure) [PSYoungGen: 173600K->32K(174080K)] 174604K->1036K(523776K), 0.0005737 secs] [Times: user=0.00 sys=0.00, real=0.00 secs] 
2018-03-19T12:13:18.737+0530: 129.254: [GC (Allocation Failure) [PSYoungGen: 173600K->32K(174080K)] 174604K->1036K(523776K), 0.0037628 secs] [Times: user=0.00 sys=0.00, real=0.00 secs] 
2018-03-19T12:13:19.188+0530: 129.705: [GC (Allocation Failure) [PSYoungGen: 173600K->32K(174080K)] 174604K->1036K(523776K), 0.0005698 secs] [Times: user=0.00 sys=0.00, real=0.00 secs] 
2018-03-19T12:13:19.514+0530: 130.031: [GC (Allocation Failure) [PSYoungGen: 173600K->32K(174080K)] 174604K->1036K(523776K), 0.0205625 secs] [Times: user=0.00 sys=0.00, real=0.02 secs] 
2018-03-19T12:13:19.852+0530: 130.369: [GC (Allocation Failure) [PSYoungGen: 173600K->32K(174080K)] 174604K->1036K(523776K), 0.0005487 secs] [Times: user=0.00 sys=0.00, real=0.00 secs] 
2018-03-19T12:13:20.163+0530: 130.679: [GC (Allocation Failure) [PSYoungGen: 173600K->32K(174080K)] 174604K->1036K(523776K), 0.0005536 secs] [Times: user=0.00 sys=0.00, real=0.00 secs] 
2018-03-19T12:13:20.463+0530: 130.980: [GC (Allocation Failure) [PSYoungGen: 173600K->32K(174080K)] 174604K->1036K(523776K), 0.0005508 secs] [Times: user=0.00 sys=0.00, real=0.00 secs] 
2018-03-19T12:13:20.772+0530: 131.289: [GC (Allocation Failure) [PSYoungGen: 173600K->32K(174080K)] 174604K->1036K(523776K), 0.0007306 secs] [Times: user=0.00 sys=0.00, real=0.00 secs] 
2018-03-19T12:13:21.264+0530: 131.781: [GC (Allocation Failure) [PSYoungGen: 173600K->32K(174080K)] 174604K->1036K(523776K), 0.0010353 secs] [Times: user=0.00 sys=0.00, real=0.00 secs] 
2018-03-19T12:13:21.729+0530: 132.246: [GC (Allocation Failure) [PSYoungGen: 173600K->32K(174080K)] 174604K->1036K(523776K), 0.0006862 secs] [Times: user=0.00 sys=0.00, real=0.00 secs] 
2018-03-19T12:13:22.137+0530: 132.654: [GC (Allocation Failure) [PSYoungGen: 173600K->32K(174080K)] 174604K->1036K(523776K), 0.0007035 secs] [Times: user=0.00 sys=0.00, real=0.00 secs] 
2018-03-19T12:13:22.485+0530: 133.001: [GC (Allocation Failure) [PSYoungGen: 173600K->32K(174080K)] 174604K->1036K(523776K), 0.0009023 secs] [Times: user=0.00 sys=0.00, real=0.00 secs] 
2018-03-19T12:13:22.868+0530: 133.385: [GC (Allocation Failure) [PSYoungGen: 173600K->32K(174080K)] 174604K->1036K(523776K), 0.0006114 secs] [Times: user=0.03 sys=0.02, real=0.00 secs] 
2018-03-19T12:13:23.709+0530: 134.225: [GC (Allocation Failure) [PSYoungGen: 173600K->32K(174080K)] 174604K->1036K(523776K), 0.0014122 secs] [Times: user=0.00 sys=0.00, real=0.00 secs] 
2018-03-19T12:13:24.233+0530: 134.749: [GC (Allocation Failure) [PSYoungGen: 173600K->32K(174080K)] 174604K->1036K(523776K), 0.0007874 secs] [Times: user=0.00 sys=0.00, real=0.00 secs] 
2018-03-19T12:13:24.667+0530: 135.184: [GC (Allocation Failure) [PSYoungGen: 173600K->32K(174080K)] 174604K->1036K(523776K), 0.0008311 secs] [Times: user=0.00 sys=0.00, real=0.00 secs] 
2018-03-19T12:13:25.145+0530: 135.661: [GC (Allocation Failure) [PSYoungGen: 173600K->32K(174080K)] 174604K->1036K(523776K), 0.0010698 secs] [Times: user=0.00 sys=0.00, real=0.00 secs] 
2018-03-19T12:13:25.832+0530: 136.350: [GC (Allocation Failure) [PSYoungGen: 173600K->32K(174080K)] 174604K->1036K(523776K), 0.0008339 secs] [Times: user=0.00 sys=0.00, real=0.00 secs] 
2018-03-19T12:13:26.243+0530: 136.759: [GC (Allocation Failure) [PSYoungGen: 173600K->32K(174080K)] 174604K->1036K(523776K), 0.0005526 secs] [Times: user=0.00 sys=0.01, real=0.00 secs] 
2018-03-19T12:13:26.593+0530: 137.110: [GC (Allocation Failure) [PSYoungGen: 173600K->32K(174080K)] 174604K->1036K(523776K), 0.0007257 secs] [Times: user=0.00 sys=0.00, real=0.00 secs] 
2018-03-19T12:13:26.940+0530: 137.457: [GC (Allocation Failure) [PSYoungGen: 173600K->32K(174080K)] 174604K->1036K(523776K), 0.0005395 secs] [Times: user=0.00 sys=0.00, real=0.00 secs] 
2018-03-19T12:13:27.253+0530: 137.769: [GC (Allocation Failure) [PSYoungGen: 173600K->32K(174080K)] 174604K->1036K(523776K), 0.0006795 secs] [Times: user=0.00 sys=0.00, real=0.00 secs] 
2018-03-19T12:13:27.552+0530: 138.068: [GC (Allocation Failure) [PSYoungGen: 173600K->32K(174080K)] 174604K->1036K(523776K), 0.0005191 secs] [Times: user=0.00 sys=0.00, real=0.00 secs] 
2018-03-19T12:13:27.854+0530: 138.370: [GC (Allocation Failure) [PSYoungGen: 173600K->32K(174080K)] 174604K->1036K(523776K), 0.0005293 secs] [Times: user=0.00 sys=0.00, real=0.00 secs] 
2018-03-19T12:13:28.150+0530: 138.667: [GC (Allocation Failure) [PSYoungGen: 173600K->32K(174080K)] 174604K->1036K(523776K), 0.0006798 secs] [Times: user=0.00 sys=0.00, real=0.00 secs] 
2018-03-19T12:13:28.444+0530: 138.961: [GC (Allocation Failure) [PSYoungGen: 173600K->32K(174080K)] 174604K->1036K(523776K), 0.0006552 secs] [Times: user=0.00 sys=0.00, real=0.00 secs] 
2018-03-19T12:13:28.746+0530: 139.263: [GC (Allocation Failure) [PSYoungGen: 173600K->32K(174080K)] 174604K->1036K(523776K), 0.0005723 secs] [Times: user=0.00 sys=0.00, real=0.00 secs] 
2018-03-19T12:13:29.048+0530: 139.565: [GC (Allocation Failure) [PSYoungGen: 173600K->32K(174080K)] 174604K->1036K(523776K), 0.0005377 secs] [Times: user=0.00 sys=0.00, real=0.00 secs] 
2018-03-19T12:13:29.343+0530: 139.859: [GC (Allocation Failure) [PSYoungGen: 173600K->32K(174080K)] 174604K->1036K(523776K), 0.0005712 secs] [Times: user=0.00 sys=0.00, real=0.00 secs] 
2018-03-19T12:13:29.626+0530: 140.143: [GC (Allocation Failure) [PSYoungGen: 173600K->32K(174080K)] 174604K->1036K(523776K), 0.0005074 secs] [Times: user=0.00 sys=0.00, real=0.00 secs] 
2018-03-19T12:13:29.921+0530: 140.438: [GC (Allocation Failure) [PSYoungGen: 173600K->32K(174080K)] 174604K->1036K(523776K), 0.0005275 secs] [Times: user=0.00 sys=0.00, real=0.00 secs] 
2018-03-19T12:13:30.220+0530: 140.736: [GC (Allocation Failure) [PSYoungGen: 173600K->32K(174080K)] 174604K->1036K(523776K), 0.0005473 secs] [Times: user=0.00 sys=0.00, real=0.00 secs] 
2018-03-19T12:13:30.522+0530: 141.038: [GC (Allocation Failure) [PSYoungGen: 173600K->32K(174080K)] 174604K->1036K(523776K), 0.0006640 secs] [Times: user=0.00 sys=0.00, real=0.00 secs] 
2018-03-19T12:13:30.873+0530: 141.389: [GC (Allocation Failure) [PSYoungGen: 173600K->32K(174080K)] 174604K->1036K(523776K), 0.0007627 secs] [Times: user=0.00 sys=0.00, real=0.00 secs] 
2018-03-19T12:13:31.187+0530: 141.703: [GC (Allocation Failure) [PSYoungGen: 173600K->32K(174080K)] 174604K->1036K(523776K), 0.0006883 secs] [Times: user=0.00 sys=0.00, real=0.00 secs] 
2018-03-19T12:13:31.593+0530: 142.109: [GC (Allocation Failure) [PSYoungGen: 173600K->32K(174080K)] 174604K->1036K(523776K), 0.0009069 secs] [Times: user=0.00 sys=0.00, real=0.00 secs] 
2018-03-19T12:13:32.197+0530: 142.713: [GC (Allocation Failure) [PSYoungGen: 173600K->32K(174080K)] 174604K->1036K(523776K), 0.0009641 secs] [Times: user=0.00 sys=0.00, real=0.00 secs] 
2018-03-19T12:13:32.547+0530: 143.065: [GC (Allocation Failure) [PSYoungGen: 173600K->32K(174080K)] 174604K->1036K(523776K), 0.0006093 secs] [Times: user=0.00 sys=0.00, real=0.00 secs] 
2018-03-19T12:13:32.903+0530: 143.419: [GC (Allocation Failure) [PSYoungGen: 173600K->32K(174080K)] 174604K->1036K(523776K), 0.0006273 secs] [Times: user=0.00 sys=0.00, real=0.00 secs] 
2018-03-19T12:13:33.220+0530: 143.736: [GC (Allocation Failure) [PSYoungGen: 173600K->32K(174080K)] 174604K->1036K(523776K), 0.0006809 secs] [Times: user=0.00 sys=0.00, real=0.00 secs] 
2018-03-19T12:13:33.751+0530: 144.267: [GC (Allocation Failure) [PSYoungGen: 173600K->32K(174080K)] 174604K->1036K(523776K), 0.0010466 secs] [Times: user=0.00 sys=0.00, real=0.00 secs] 
2018-03-19T12:13:34.256+0530: 144.773: [GC (Allocation Failure) [PSYoungGen: 173600K->32K(174080K)] 174604K->1036K(523776K), 0.0006686 secs] [Times: user=0.00 sys=0.00, real=0.00 secs] 
2018-03-19T12:13:34.787+0530: 145.304: [GC (Allocation Failure) [PSYoungGen: 173600K->32K(174080K)] 174604K->1036K(523776K), 0.0008350 secs] [Times: user=0.00 sys=0.00, real=0.00 secs] 
2018-03-19T12:13:35.223+0530: 145.739: [GC (Allocation Failure) [PSYoungGen: 173600K->32K(174080K)] 174604K->1036K(523776K), 0.0006703 secs] [Times: user=0.00 sys=0.00, real=0.00 secs] 
2018-03-19T12:13:35.619+0530: 146.135: [GC (Allocation Failure) [PSYoungGen: 173600K->32K(174080K)] 174604K->1036K(523776K), 0.0006090 secs] [Times: user=0.00 sys=0.00, real=0.00 secs] 
2018-03-19T12:13:36.072+0530: 146.589: [GC (Allocation Failure) [PSYoungGen: 173600K->32K(174080K)] 174604K->1036K(523776K), 0.0008131 secs] [Times: user=0.00 sys=0.00, real=0.00 secs] 
2018-03-19T12:13:36.593+0530: 147.110: [GC (Allocation Failure) [PSYoungGen: 173600K->32K(174080K)] 174604K->1036K(523776K), 0.0012208 secs] [Times: user=0.00 sys=0.00, real=0.00 secs] 
2018-03-19T12:13:37.120+0530: 147.636: [GC (Allocation Failure) [PSYoungGen: 173600K->32K(174080K)] 174604K->1036K(523776K), 0.0008636 secs] [Times: user=0.00 sys=0.00, real=0.00 secs] 
2018-03-19T12:13:37.628+0530: 148.145: [GC (Allocation Failure) [PSYoungGen: 173600K->32K(174080K)] 174604K->1036K(523776K), 0.0011305 secs] [Times: user=0.00 sys=0.00, real=0.00 secs] 
2018-03-19T12:13:38.176+0530: 148.694: [GC (Allocation Failure) [PSYoungGen: 173600K->32K(174080K)] 174604K->1036K(523776K), 0.0008833 secs] [Times: user=0.00 sys=0.00, real=0.00 secs] 
2018-03-19T12:13:38.728+0530: 149.245: [GC (Allocation Failure) [PSYoungGen: 173600K->32K(174080K)] 174604K->1036K(523776K), 0.0020843 secs] [Times: user=0.00 sys=0.00, real=0.00 secs] 
2018-03-19T12:13:39.203+0530: 149.719: [GC (Allocation Failure) [PSYoungGen: 173600K->32K(174080K)] 174604K->1036K(523776K), 0.0007885 secs] [Times: user=0.00 sys=0.00, real=0.00 secs] 
2018-03-19T12:13:39.647+0530: 150.164: [GC (Allocation Failure) [PSYoungGen: 173600K->32K(174080K)] 174604K->1036K(523776K), 0.0007229 secs] [Times: user=0.00 sys=0.00, real=0.00 secs] 
2018-03-19T12:13:40.054+0530: 150.571: [GC (Allocation Failure) [PSYoungGen: 173600K->32K(174080K)] 174604K->1036K(523776K), 0.0006813 secs] [Times: user=0.00 sys=0.00, real=0.00 secs] 
2018-03-19T12:13:40.481+0530: 150.998: [GC (Allocation Failure) [PSYoungGen: 173600K->32K(174080K)] 174604K->1036K(523776K), 0.0014411 secs] [Times: user=0.00 sys=0.00, real=0.00 secs] 
2018-03-19T12:13:40.854+0530: 151.371: [GC (Allocation Failure) [PSYoungGen: 173600K->32K(174080K)] 174604K->1036K(523776K), 0.0006442 secs] [Times: user=0.00 sys=0.00, real=0.00 secs] 
2018-03-19T12:13:41.178+0530: 151.694: [GC (Allocation Failure) [PSYoungGen: 173600K->32K(174080K)] 174604K->1036K(523776K), 0.0005695 secs] [Times: user=0.00 sys=0.00, real=0.00 secs] 
2018-03-19T12:13:41.630+0530: 152.147: [GC (Allocation Failure) [PSYoungGen: 173600K->32K(174080K)] 174604K->1036K(523776K), 0.0006093 secs] [Times: user=0.00 sys=0.00, real=0.00 secs] 
2018-03-19T12:13:41.949+0530: 152.467: [GC (Allocation Failure) [PSYoungGen: 173600K->32K(174080K)] 174604K->1036K(523776K), 0.0005882 secs] [Times: user=0.00 sys=0.00, real=0.00 secs] 
2018-03-19T12:13:42.256+0530: 152.772: [GC (Allocation Failure) [PSYoungGen: 173600K->32K(174080K)] 174604K->1036K(523776K), 0.0005025 secs] [Times: user=0.00 sys=0.00, real=0.00 secs] 
2018-03-19T12:13:42.568+0530: 153.084: [GC (Allocation Failure) [PSYoungGen: 173600K->32K(174080K)] 174604K->1036K(523776K), 0.0006672 secs] [Times: user=0.00 sys=0.00, real=0.00 secs] 
2018-03-19T12:13:42.966+0530: 153.483: [GC (Allocation Failure) [PSYoungGen: 173600K->32K(174080K)] 174604K->1036K(523776K), 0.0005307 secs] [Times: user=0.00 sys=0.00, real=0.00 secs] 
2018-03-19T12:13:43.291+0530: 153.807: [GC (Allocation Failure) [PSYoungGen: 173600K->32K(174080K)] 174604K->1036K(523776K), 0.0005709 secs] [Times: user=0.00 sys=0.00, real=0.00 secs] 
2018-03-19T12:13:43.636+0530: 154.152: [GC (Allocation Failure) [PSYoungGen: 173600K->32K(174080K)] 174604K->1036K(523776K), 0.0005829 secs] [Times: user=0.00 sys=0.00, real=0.00 secs] 
2018-03-19T12:13:43.965+0530: 154.482: [GC (Allocation Failure) [PSYoungGen: 173600K->32K(174080K)] 174604K->1036K(523776K), 0.0005913 secs] [Times: user=0.00 sys=0.00, real=0.00 secs] 
2018-03-19T12:13:44.271+0530: 154.788: [GC (Allocation Failure) [PSYoungGen: 173600K->32K(174080K)] 174604K->1036K(523776K), 0.0005815 secs] [Times: user=0.00 sys=0.00, real=0.00 secs] 
2018-03-19T12:13:44.597+0530: 155.113: [GC (Allocation Failure) [PSYoungGen: 173600K->32K(174080K)] 174604K->1036K(523776K), 0.0006753 secs] [Times: user=0.00 sys=0.00, real=0.00 secs] 
2018-03-19T12:13:44.900+0530: 155.418: [GC (Allocation Failure) [PSYoungGen: 173600K->32K(174080K)] 174604K->1036K(523776K), 0.0006964 secs] [Times: user=0.00 sys=0.00, real=0.00 secs] 
2018-03-19T12:13:45.204+0530: 155.720: [GC (Allocation Failure) [PSYoungGen: 173600K->32K(174080K)] 174604K->1036K(523776K), 0.0005303 secs] [Times: user=0.00 sys=0.00, real=0.00 secs] 
2018-03-19T12:13:45.496+0530: 156.012: [GC (Allocation Failure) [PSYoungGen: 173600K->32K(174080K)] 174604K->1036K(523776K), 0.0006961 secs] [Times: user=0.00 sys=0.00, real=0.00 secs] 
2018-03-19T12:13:45.800+0530: 156.316: [GC (Allocation Failure) [PSYoungGen: 173600K->32K(174080K)] 174604K->1036K(523776K), 0.0006083 secs] [Times: user=0.00 sys=0.00, real=0.00 secs] 
2018-03-19T12:13:46.103+0530: 156.619: [GC (Allocation Failure) [PSYoungGen: 173600K->32K(174080K)] 174604K->1036K(523776K), 0.0005413 secs] [Times: user=0.00 sys=0.00, real=0.00 secs] 
2018-03-19T12:13:46.383+0530: 156.900: [GC (Allocation Failure) [PSYoungGen: 173600K->32K(174080K)] 174604K->1036K(523776K), 0.0005473 secs] [Times: user=0.00 sys=0.00, real=0.00 secs] 
2018-03-19T12:13:46.669+0530: 157.186: [GC (Allocation Failure) [PSYoungGen: 173600K->32K(174080K)] 174604K->1036K(523776K), 0.0004905 secs] [Times: user=0.00 sys=0.00, real=0.00 secs] 
2018-03-19T12:13:46.967+0530: 157.483: [GC (Allocation Failure) [PSYoungGen: 173600K->32K(174080K)] 174604K->1036K(523776K), 0.0005325 secs] [Times: user=0.00 sys=0.00, real=0.00 secs] 
2018-03-19T12:13:47.254+0530: 157.770: [GC (Allocation Failure) [PSYoungGen: 173600K->32K(174080K)] 174604K->1036K(523776K), 0.0005134 secs] [Times: user=0.00 sys=0.00, real=0.00 secs] 
2018-03-19T12:13:47.530+0530: 158.047: [GC (Allocation Failure) [PSYoungGen: 173600K->32K(174080K)] 174604K->1036K(523776K), 0.0005786 secs] [Times: user=0.00 sys=0.00, real=0.00 secs] 
2018-03-19T12:13:47.822+0530: 158.338: [GC (Allocation Failure) [PSYoungGen: 173600K->32K(174080K)] 174604K->1036K(523776K), 0.0005846 secs] [Times: user=0.00 sys=0.00, real=0.00 secs] 
2018-03-19T12:13:48.121+0530: 158.637: [GC (Allocation Failure) [PSYoungGen: 173600K->32K(174080K)] 174604K->1036K(523776K), 0.0006633 secs] [Times: user=0.00 sys=0.00, real=0.00 secs] 
2018-03-19T12:13:48.398+0530: 158.914: [GC (Allocation Failure) [PSYoungGen: 173600K->32K(174080K)] 174604K->1036K(523776K), 0.0006746 secs] [Times: user=0.00 sys=0.00, real=0.00 secs] 
2018-03-19T12:13:48.674+0530: 159.191: [GC (Allocation Failure) [PSYoungGen: 173600K->32K(174080K)] 174604K->1036K(523776K), 0.0005582 secs] [Times: user=0.00 sys=0.00, real=0.00 secs] 
2018-03-19T12:13:48.969+0530: 159.485: [GC (Allocation Failure) [PSYoungGen: 173600K->32K(174080K)] 174604K->1036K(523776K), 0.0005187 secs] [Times: user=0.00 sys=0.00, real=0.00 secs] 
2018-03-19T12:13:49.255+0530: 159.771: [GC (Allocation Failure) [PSYoungGen: 173600K->32K(174080K)] 174604K->1036K(523776K), 0.0005198 secs] [Times: user=0.00 sys=0.00, real=0.00 secs] 
2018-03-19T12:13:49.532+0530: 160.049: [GC (Allocation Failure) [PSYoungGen: 173600K->32K(174080K)] 174604K->1036K(523776K), 0.0005434 secs] [Times: user=0.00 sys=0.00, real=0.00 secs] 
2018-03-19T12:13:49.817+0530: 160.333: [GC (Allocation Failure) [PSYoungGen: 173600K->32K(174080K)] 174604K->1036K(523776K), 0.0005339 secs] [Times: user=0.00 sys=0.00, real=0.00 secs] 
2018-03-19T12:13:50.094+0530: 160.611: [GC (Allocation Failure) [PSYoungGen: 173600K->32K(174080K)] 174604K->1036K(523776K), 0.0006044 secs] [Times: user=0.00 sys=0.00, real=0.00 secs] 
2018-03-19T12:13:50.370+0530: 160.887: [GC (Allocation Failure) [PSYoungGen: 173600K->32K(174080K)] 174604K->1036K(523776K), 0.0004891 secs] [Times: user=0.00 sys=0.00, real=0.00 secs] 
2018-03-19T12:13:50.651+0530: 161.168: [GC (Allocation Failure) [PSYoungGen: 173600K->32K(174080K)] 174604K->1036K(523776K), 0.0007123 secs] [Times: user=0.00 sys=0.00, real=0.00 secs] 
2018-03-19T12:13:50.942+0530: 161.458: [GC (Allocation Failure) [PSYoungGen: 173600K->32K(174080K)] 174604K->1036K(523776K), 0.0005392 secs] [Times: user=0.00 sys=0.00, real=0.00 secs] 
2018-03-19T12:13:51.217+0530: 161.734: [GC (Allocation Failure) [PSYoungGen: 173600K->32K(174080K)] 174604K->1036K(523776K), 0.0006954 secs] [Times: user=0.00 sys=0.00, real=0.00 secs] 
2018-03-19T12:13:51.496+0530: 162.013: [GC (Allocation Failure) [PSYoungGen: 173600K->32K(174080K)] 174604K->1036K(523776K), 0.0005106 secs] [Times: user=0.00 sys=0.00, real=0.00 secs] 
2018-03-19T12:13:51.781+0530: 162.298: [GC (Allocation Failure) [PSYoungGen: 173600K->32K(174080K)] 174604K->1036K(523776K), 0.0004961 secs] [Times: user=0.00 sys=0.00, real=0.00 secs] 
2018-03-19T12:13:52.058+0530: 162.575: [GC (Allocation Failure) [PSYoungGen: 173600K->32K(174080K)] 174604K->1036K(523776K), 0.0005272 secs] [Times: user=0.00 sys=0.00, real=0.00 secs] 
2018-03-19T12:13:52.352+0530: 162.868: [GC (Allocation Failure) [PSYoungGen: 173600K->32K(174080K)] 174604K->1036K(523776K), 0.0004965 secs] [Times: user=0.00 sys=0.00, real=0.00 secs] 
2018-03-19T12:13:52.628+0530: 163.145: [GC (Allocation Failure) [PSYoungGen: 173600K->32K(174080K)] 174604K->1036K(523776K), 0.0005367 secs] [Times: user=0.00 sys=0.00, real=0.00 secs] 
2018-03-19T12:13:52.927+0530: 163.444: [GC (Allocation Failure) [PSYoungGen: 173600K->32K(174080K)] 174604K->1036K(523776K), 0.0006382 secs] [Times: user=0.00 sys=0.00, real=0.00 secs] 
2018-03-19T12:13:53.205+0530: 163.721: [GC (Allocation Failure) [PSYoungGen: 173600K->32K(174080K)] 174604K->1036K(523776K), 0.0006220 secs] [Times: user=0.00 sys=0.00, real=0.00 secs] 
2018-03-19T12:13:53.480+0530: 163.997: [GC (Allocation Failure) [PSYoungGen: 173600K->32K(174080K)] 174604K->1036K(523776K), 0.0005258 secs] [Times: user=0.00 sys=0.00, real=0.00 secs] 
2018-03-19T12:13:53.765+0530: 164.281: [GC (Allocation Failure) [PSYoungGen: 173600K->32K(174080K)] 174604K->1036K(523776K), 0.0006601 secs] [Times: user=0.00 sys=0.00, real=0.00 secs] 
2018-03-19T12:13:54.047+0530: 164.563: [GC (Allocation Failure) [PSYoungGen: 173600K->32K(174080K)] 174604K->1036K(523776K), 0.0004951 secs] [Times: user=0.00 sys=0.00, real=0.00 secs] 
2018-03-19T12:13:54.325+0530: 164.842: [GC (Allocation Failure) [PSYoungGen: 173600K->32K(174080K)] 174604K->1036K(523776K), 0.0004979 secs] [Times: user=0.00 sys=0.00, real=0.00 secs] 
2018-03-19T12:13:54.635+0530: 165.151: [GC (Allocation Failure) [PSYoungGen: 173600K->32K(174080K)] 174604K->1036K(523776K), 0.0007807 secs] [Times: user=0.00 sys=0.00, real=0.00 secs] 
2018-03-19T12:13:54.951+0530: 165.468: [GC (Allocation Failure) [PSYoungGen: 173600K->32K(174080K)] 174604K->1036K(523776K), 0.0005677 secs] [Times: user=0.00 sys=0.00, real=0.00 secs] 
2018-03-19T12:13:55.224+0530: 165.740: [GC (Allocation Failure) [PSYoungGen: 173600K->32K(174080K)] 174604K->1036K(523776K), 0.0006844 secs] [Times: user=0.00 sys=0.00, real=0.00 secs] 
2018-03-19T12:13:55.503+0530: 166.020: [GC (Allocation Failure) [PSYoungGen: 173600K->32K(174080K)] 174604K->1036K(523776K), 0.0006284 secs] [Times: user=0.00 sys=0.00, real=0.00 secs] 
2018-03-19T12:13:55.786+0530: 166.302: [GC (Allocation Failure) [PSYoungGen: 173600K->32K(174080K)] 174604K->1036K(523776K), 0.0005300 secs] [Times: user=0.00 sys=0.00, real=0.00 secs] 
2018-03-19T12:13:56.068+0530: 166.585: [GC (Allocation Failure) [PSYoungGen: 173600K->32K(174080K)] 174604K->1036K(523776K), 0.0006837 secs] [Times: user=0.00 sys=0.00, real=0.00 secs] 
2018-03-19T12:13:56.397+0530: 166.914: [GC (Allocation Failure) [PSYoungGen: 173600K->32K(174080K)] 174604K->1036K(523776K), 0.0006231 secs] [Times: user=0.00 sys=0.00, real=0.00 secs] 
2018-03-19T12:13:56.754+0530: 167.271: [GC (Allocation Failure) [PSYoungGen: 173600K->32K(174080K)] 174604K->1036K(523776K), 0.0006851 secs] [Times: user=0.00 sys=0.00, real=0.00 secs] 
2018-03-19T12:13:57.149+0530: 167.666: [GC (Allocation Failure) [PSYoungGen: 173600K->32K(174080K)] 174604K->1036K(523776K), 0.0007066 secs] [Times: user=0.02 sys=0.00, real=0.00 secs] 
2018-03-19T12:13:57.549+0530: 168.066: [GC (Allocation Failure) [PSYoungGen: 173600K->32K(174080K)] 174604K->1036K(523776K), 0.0007419 secs] [Times: user=0.00 sys=0.00, real=0.00 secs] 
2018-03-19T12:13:57.898+0530: 168.415: [GC (Allocation Failure) [PSYoungGen: 173600K->32K(174080K)] 174604K->1036K(523776K), 0.0005857 secs] [Times: user=0.00 sys=0.00, real=0.00 secs] 
2018-03-19T12:13:58.241+0530: 168.757: [GC (Allocation Failure) [PSYoungGen: 173600K->32K(174080K)] 174604K->1036K(523776K), 0.0006421 secs] [Times: user=0.00 sys=0.00, real=0.00 secs] 
2018-03-19T12:13:58.580+0530: 169.097: [GC (Allocation Failure) [PSYoungGen: 173600K->32K(174080K)] 174604K->1036K(523776K), 0.0007613 secs] [Times: user=0.00 sys=0.00, real=0.00 secs] 
2018-03-19T12:13:58.913+0530: 169.430: [GC (Allocation Failure) [PSYoungGen: 173600K->32K(174080K)] 174604K->1036K(523776K), 0.0006883 secs] [Times: user=0.00 sys=0.00, real=0.00 secs] 
2018-03-19T12:13:59.243+0530: 169.759: [GC (Allocation Failure) [PSYoungGen: 173600K->32K(174080K)] 174604K->1036K(523776K), 0.0005779 secs] [Times: user=0.00 sys=0.00, real=0.00 secs] 
2018-03-19T12:13:59.571+0530: 170.087: [GC (Allocation Failure) [PSYoungGen: 173600K->32K(174080K)] 174604K->1036K(523776K), 0.0005205 secs] [Times: user=0.00 sys=0.00, real=0.00 secs] 
2018-03-19T12:13:59.885+0530: 170.401: [GC (Allocation Failure) [PSYoungGen: 173600K->32K(174080K)] 174604K->1036K(523776K), 0.0005346 secs] [Times: user=0.00 sys=0.00, real=0.00 secs] 
2018-03-19T12:14:00.213+0530: 170.729: [GC (Allocation Failure) [PSYoungGen: 173600K->32K(174080K)] 174604K->1036K(523776K), 0.0005275 secs] [Times: user=0.00 sys=0.00, real=0.00 secs] 
2018-03-19T12:14:00.515+0530: 171.033: [GC (Allocation Failure) [PSYoungGen: 173600K->32K(174080K)] 174604K->1036K(523776K), 0.0007229 secs] [Times: user=0.00 sys=0.00, real=0.00 secs] 
2018-03-19T12:14:00.994+0530: 171.510: [GC (Allocation Failure) [PSYoungGen: 173600K->32K(174080K)] 174604K->1036K(523776K), 0.0014041 secs] [Times: user=0.00 sys=0.00, real=0.00 secs] 
2018-03-19T12:14:01.475+0530: 171.992: [GC (Allocation Failure) [PSYoungGen: 173600K->32K(174080K)] 174604K->1036K(523776K), 0.0008897 secs] [Times: user=0.00 sys=0.00, real=0.00 secs] 
2018-03-19T12:14:01.925+0530: 172.442: [GC (Allocation Failure) [PSYoungGen: 173600K->32K(174080K)] 174604K->1036K(523776K), 0.0007641 secs] [Times: user=0.00 sys=0.00, real=0.00 secs] 
2018-03-19T12:14:02.325+0530: 172.842: [GC (Allocation Failure) [PSYoungGen: 173600K->32K(174080K)] 174604K->1036K(523776K), 0.0007028 secs] [Times: user=0.00 sys=0.00, real=0.00 secs] 
2018-03-19T12:14:02.701+0530: 173.217: [GC (Allocation Failure) [PSYoungGen: 173600K->32K(174080K)] 174604K->1036K(523776K), 0.0009418 secs] [Times: user=0.00 sys=0.00, real=0.00 secs] 
2018-03-19T12:14:03.477+0530: 173.994: [GC (Allocation Failure) [PSYoungGen: 173600K->32K(174080K)] 174604K->1036K(523776K), 0.0016189 secs] [Times: user=0.02 sys=0.00, real=0.00 secs] 
2018-03-19T12:14:04.542+0530: 175.058: [GC (Allocation Failure) [PSYoungGen: 173600K->32K(174080K)] 174604K->1036K(523776K), 0.0011227 secs] [Times: user=0.00 sys=0.00, real=0.00 secs] 
2018-03-19T12:14:04.959+0530: 175.475: [GC (Allocation Failure) [PSYoungGen: 173600K->32K(174080K)] 174604K->1036K(523776K), 0.0006689 secs] [Times: user=0.00 sys=0.00, real=0.00 secs] 
2018-03-19T12:14:05.333+0530: 175.849: [GC (Allocation Failure) [PSYoungGen: 173600K->32K(174080K)] 174604K->1036K(523776K), 0.0006485 secs] [Times: user=0.00 sys=0.00, real=0.00 secs] 
2018-03-19T12:14:05.687+0530: 176.204: [GC (Allocation Failure) [PSYoungGen: 173600K->32K(174080K)] 174604K->1036K(523776K), 0.0005924 secs] [Times: user=0.00 sys=0.00, real=0.00 secs] 
2018-03-19T12:14:06.065+0530: 176.581: [GC (Allocation Failure) [PSYoungGen: 173600K->32K(174080K)] 174604K->1036K(523776K), 0.0005949 secs] [Times: user=0.00 sys=0.00, real=0.00 secs] 
2018-03-19T12:14:06.421+0530: 176.937: [GC (Allocation Failure) [PSYoungGen: 173600K->32K(174080K)] 174604K->1036K(523776K), 0.0006354 secs] [Times: user=0.00 sys=0.00, real=0.00 secs] 
2018-03-19T12:14:06.778+0530: 177.294: [GC (Allocation Failure) [PSYoungGen: 173600K->32K(174080K)] 174604K->1036K(523776K), 0.0006555 secs] [Times: user=0.00 sys=0.00, real=0.00 secs] 
2018-03-19T12:14:07.119+0530: 177.635: [GC (Allocation Failure) [PSYoungGen: 173600K->32K(174080K)] 174604K->1036K(523776K), 0.0006386 secs] [Times: user=0.00 sys=0.00, real=0.00 secs] 
2018-03-19T12:14:07.495+0530: 178.011: [GC (Allocation Failure) [PSYoungGen: 173600K->32K(174080K)] 174604K->1036K(523776K), 0.0009923 secs] [Times: user=0.00 sys=0.00, real=0.00 secs] 
2018-03-19T12:14:08.041+0530: 178.558: [GC (Allocation Failure) [PSYoungGen: 173600K->32K(174080K)] 174604K->1036K(523776K), 0.0010296 secs] [Times: user=0.00 sys=0.00, real=0.00 secs] 
2018-03-19T12:14:08.475+0530: 178.991: [GC (Allocation Failure) [PSYoungGen: 173600K->32K(174080K)] 174604K->1036K(523776K), 0.0006834 secs] [Times: user=0.00 sys=0.00, real=0.00 secs] 
2018-03-19T12:14:08.842+0530: 179.359: [GC (Allocation Failure) [PSYoungGen: 173600K->32K(174080K)] 174604K->1036K(523776K), 0.0018745 secs] [Times: user=0.00 sys=0.00, real=0.00 secs] 
2018-03-19T12:14:09.264+0530: 179.780: [GC (Allocation Failure) [PSYoungGen: 173600K->32K(174080K)] 174604K->1036K(523776K), 0.0007860 secs] [Times: user=0.00 sys=0.00, real=0.00 secs] 
2018-03-19T12:14:09.665+0530: 180.182: [GC (Allocation Failure) [PSYoungGen: 173600K->32K(174080K)] 174604K->1036K(523776K), 0.0006858 secs] [Times: user=0.00 sys=0.00, real=0.00 secs] 
2018-03-19T12:14:10.052+0530: 180.569: [GC (Allocation Failure) [PSYoungGen: 173600K->32K(174080K)] 174604K->1036K(523776K), 0.0010561 secs] [Times: user=0.00 sys=0.00, real=0.00 secs] 
2018-03-19T12:14:10.458+0530: 180.975: [GC (Allocation Failure) [PSYoungGen: 173600K->32K(174080K)] 174604K->1036K(523776K), 0.0006809 secs] [Times: user=0.00 sys=0.00, real=0.00 secs] 
2018-03-19T12:14:10.833+0530: 181.350: [GC (Allocation Failure) [PSYoungGen: 173600K->32K(174080K)] 174604K->1036K(523776K), 0.0006435 secs] [Times: user=0.00 sys=0.00, real=0.00 secs] 
2018-03-19T12:14:11.202+0530: 181.718: [GC (Allocation Failure) [PSYoungGen: 173600K->32K(174080K)] 174604K->1036K(523776K), 0.0007465 secs] [Times: user=0.00 sys=0.00, real=0.00 secs] 
2018-03-19T12:14:11.572+0530: 182.089: [GC (Allocation Failure) [PSYoungGen: 173600K->32K(174080K)] 174604K->1036K(523776K), 0.0008135 secs] [Times: user=0.00 sys=0.00, real=0.00 secs] 
2018-03-19T12:14:11.959+0530: 182.476: [GC (Allocation Failure) [PSYoungGen: 173600K->32K(174080K)] 174604K->1036K(523776K), 0.0008720 secs] [Times: user=0.00 sys=0.00, real=0.00 secs] 
2018-03-19T12:14:12.310+0530: 182.826: [GC (Allocation Failure) [PSYoungGen: 173600K->32K(174080K)] 174604K->1036K(523776K), 0.0008435 secs] [Times: user=0.00 sys=0.00, real=0.00 secs] 
2018-03-19T12:14:12.650+0530: 183.166: [GC (Allocation Failure) [PSYoungGen: 173600K->32K(174080K)] 174604K->1036K(523776K), 0.0006643 secs] [Times: user=0.00 sys=0.00, real=0.00 secs] 
2018-03-19T12:14:12.993+0530: 183.509: [GC (Allocation Failure) [PSYoungGen: 173600K->32K(174080K)] 174604K->1036K(523776K), 0.0007165 secs] [Times: user=0.00 sys=0.00, real=0.00 secs] 
2018-03-19T12:14:13.301+0530: 183.818: [GC (Allocation Failure) [PSYoungGen: 173600K->32K(174080K)] 174604K->1036K(523776K), 0.0006284 secs] [Times: user=0.00 sys=0.00, real=0.00 secs] 
2018-03-19T12:14:13.602+0530: 184.119: [GC (Allocation Failure) [PSYoungGen: 173600K->32K(174080K)] 174604K->1036K(523776K), 0.0005451 secs] [Times: user=0.00 sys=0.00, real=0.00 secs] 
2018-03-19T12:14:13.911+0530: 184.427: [GC (Allocation Failure) [PSYoungGen: 173600K->32K(174080K)] 174604K->1036K(523776K), 0.0005564 secs] [Times: user=0.00 sys=0.00, real=0.00 secs] 
2018-03-19T12:14:14.214+0530: 184.730: [GC (Allocation Failure) [PSYoungGen: 173600K->32K(174080K)] 174604K->1036K(523776K), 0.0005325 secs] [Times: user=0.00 sys=0.00, real=0.00 secs] 
2018-03-19T12:14:14.502+0530: 185.018: [GC (Allocation Failure) [PSYoungGen: 173600K->32K(174080K)] 174604K->1036K(523776K), 0.0005367 secs] [Times: user=0.00 sys=0.00, real=0.00 secs] 
2018-03-19T12:14:14.799+0530: 185.316: [GC (Allocation Failure) [PSYoungGen: 173600K->32K(174080K)] 174604K->1036K(523776K), 0.0005109 secs] [Times: user=0.00 sys=0.00, real=0.00 secs] 
2018-03-19T12:14:15.107+0530: 185.623: [GC (Allocation Failure) [PSYoungGen: 173600K->32K(174080K)] 174604K->1036K(523776K), 0.0006918 secs] [Times: user=0.00 sys=0.00, real=0.00 secs] 
2018-03-19T12:14:15.396+0530: 185.913: [GC (Allocation Failure) [PSYoungGen: 173600K->32K(174080K)] 174604K->1036K(523776K), 0.0005568 secs] [Times: user=0.00 sys=0.00, real=0.00 secs] 
2018-03-19T12:14:15.688+0530: 186.204: [GC (Allocation Failure) [PSYoungGen: 173600K->32K(174080K)] 174604K->1036K(523776K), 0.0006580 secs] [Times: user=0.00 sys=0.00, real=0.00 secs] 
2018-03-19T12:14:15.987+0530: 186.504: [GC (Allocation Failure) [PSYoungGen: 173600K->32K(174080K)] 174604K->1036K(523776K), 0.0005903 secs] [Times: user=0.00 sys=0.00, real=0.00 secs] 
2018-03-19T12:14:16.265+0530: 186.782: [GC (Allocation Failure) [PSYoungGen: 173600K->32K(174080K)] 174604K->1036K(523776K), 0.0005526 secs] [Times: user=0.00 sys=0.00, real=0.00 secs] 
2018-03-19T12:14:16.549+0530: 187.066: [GC (Allocation Failure) [PSYoungGen: 173600K->32K(174080K)] 174604K->1036K(523776K), 0.0004951 secs] [Times: user=0.00 sys=0.00, real=0.00 secs] 
2018-03-19T12:14:16.837+0530: 187.354: [GC (Allocation Failure) [PSYoungGen: 173600K->32K(174080K)] 174604K->1036K(523776K), 0.0005518 secs] [Times: user=0.00 sys=0.00, real=0.00 secs] 
2018-03-19T12:14:17.116+0530: 187.633: [GC (Allocation Failure) [PSYoungGen: 173600K->32K(174080K)] 174604K->1036K(523776K), 0.0005303 secs] [Times: user=0.00 sys=0.00, real=0.00 secs] 
2018-03-19T12:14:17.399+0530: 187.916: [GC (Allocation Failure) [PSYoungGen: 173600K->32K(174080K)] 174604K->1036K(523776K), 0.0006009 secs] [Times: user=0.02 sys=0.00, real=0.00 secs] 
2018-03-19T12:14:17.693+0530: 188.210: [GC (Allocation Failure) [PSYoungGen: 173600K->32K(174080K)] 174604K->1036K(523776K), 0.0005363 secs] [Times: user=0.00 sys=0.00, real=0.00 secs] 
2018-03-19T12:14:17.977+0530: 188.493: [GC (Allocation Failure) [PSYoungGen: 173600K->32K(174080K)] 174604K->1036K(523776K), 0.0005310 secs] [Times: user=0.00 sys=0.00, real=0.00 secs] 
2018-03-19T12:14:18.257+0530: 188.773: [GC (Allocation Failure) [PSYoungGen: 173600K->32K(174080K)] 174604K->1036K(523776K), 0.0005219 secs] [Times: user=0.00 sys=0.00, real=0.00 secs] 
2018-03-19T12:14:18.534+0530: 189.051: [GC (Allocation Failure) [PSYoungGen: 173600K->32K(174080K)] 174604K->1036K(523776K), 0.0005099 secs] [Times: user=0.00 sys=0.00, real=0.00 secs] 
2018-03-19T12:14:18.863+0530: 189.380: [GC (Allocation Failure) [PSYoungGen: 173600K->32K(174080K)] 174604K->1036K(523776K), 0.0005155 secs] [Times: user=0.00 sys=0.00, real=0.00 secs] 
2018-03-19T12:14:19.137+0530: 189.653: [GC (Allocation Failure) [PSYoungGen: 173600K->32K(174080K)] 174604K->1036K(523776K), 0.0006195 secs] [Times: user=0.00 sys=0.00, real=0.00 secs] 
2018-03-19T12:14:19.424+0530: 189.941: [GC (Allocation Failure) [PSYoungGen: 173600K->32K(174080K)] 174604K->1036K(523776K), 0.0005247 secs] [Times: user=0.00 sys=0.00, real=0.00 secs] 
2018-03-19T12:14:19.701+0530: 190.217: [GC (Allocation Failure) [PSYoungGen: 173600K->32K(174080K)] 174604K->1036K(523776K), 0.0005046 secs] [Times: user=0.00 sys=0.00, real=0.00 secs] 
2018-03-19T12:14:19.978+0530: 190.494: [GC (Allocation Failure) [PSYoungGen: 173600K->32K(174080K)] 174604K->1036K(523776K), 0.0005240 secs] [Times: user=0.00 sys=0.00, real=0.00 secs] 
2018-03-19T12:14:20.256+0530: 190.773: [GC (Allocation Failure) [PSYoungGen: 173600K->32K(174080K)] 174604K->1036K(523776K), 0.0005004 secs] [Times: user=0.00 sys=0.00, real=0.00 secs] 
2018-03-19T12:14:20.531+0530: 191.048: [GC (Allocation Failure) [PSYoungGen: 173600K->32K(174080K)] 174604K->1036K(523776K), 0.0006104 secs] [Times: user=0.00 sys=0.00, real=0.00 secs] 
2018-03-19T12:14:20.816+0530: 191.333: [GC (Allocation Failure) [PSYoungGen: 173600K->32K(174080K)] 174604K->1036K(523776K), 0.0005839 secs] [Times: user=0.00 sys=0.00, real=0.00 secs] 
2018-03-19T12:14:21.093+0530: 191.609: [GC (Allocation Failure) [PSYoungGen: 173600K->32K(174080K)] 174604K->1036K(523776K), 0.0005085 secs] [Times: user=0.00 sys=0.00, real=0.00 secs] 
2018-03-19T12:14:21.371+0530: 191.888: [GC (Allocation Failure) [PSYoungGen: 173600K->32K(174080K)] 174604K->1036K(523776K), 0.0005466 secs] [Times: user=0.00 sys=0.00, real=0.00 secs] 
2018-03-19T12:14:21.644+0530: 192.160: [GC (Allocation Failure) [PSYoungGen: 173600K->32K(174080K)] 174604K->1036K(523776K), 0.0006760 secs] [Times: user=0.00 sys=0.00, real=0.00 secs] 
2018-03-19T12:14:21.925+0530: 192.441: [GC (Allocation Failure) [PSYoungGen: 173600K->32K(174080K)] 174604K->1036K(523776K), 0.0005198 secs] [Times: user=0.00 sys=0.00, real=0.00 secs] 
2018-03-19T12:14:22.201+0530: 192.717: [GC (Allocation Failure) [PSYoungGen: 173600K->32K(174080K)] 174604K->1036K(523776K), 0.0005011 secs] [Times: user=0.00 sys=0.00, real=0.00 secs] 
2018-03-19T12:14:22.497+0530: 193.013: [GC (Allocation Failure) [PSYoungGen: 173600K->32K(174080K)] 174604K->1036K(523776K), 0.0005416 secs] [Times: user=0.00 sys=0.00, real=0.00 secs] 
2018-03-19T12:14:22.777+0530: 193.293: [GC (Allocation Failure) [PSYoungGen: 173600K->32K(174080K)] 174604K->1036K(523776K), 0.0006241 secs] [Times: user=0.00 sys=0.00, real=0.00 secs] 
2018-03-19T12:14:23.058+0530: 193.574: [GC (Allocation Failure) [PSYoungGen: 173600K->32K(174080K)] 174604K->1036K(523776K), 0.0005166 secs] [Times: user=0.00 sys=0.00, real=0.00 secs] 
2018-03-19T12:14:23.335+0530: 193.851: [GC (Allocation Failure) [PSYoungGen: 173600K->32K(174080K)] 174604K->1036K(523776K), 0.0006284 secs] [Times: user=0.00 sys=0.00, real=0.00 secs] 
2018-03-19T12:14:23.613+0530: 194.130: [GC (Allocation Failure) [PSYoungGen: 173600K->32K(174080K)] 174604K->1036K(523776K), 0.0004975 secs] [Times: user=0.00 sys=0.00, real=0.00 secs] 
2018-03-19T12:14:23.895+0530: 194.411: [GC (Allocation Failure) [PSYoungGen: 173600K->32K(174080K)] 174604K->1036K(523776K), 0.0005011 secs] [Times: user=0.00 sys=0.00, real=0.00 secs] 
2018-03-19T12:14:24.171+0530: 194.687: [GC (Allocation Failure) [PSYoungGen: 173600K->32K(174080K)] 174604K->1036K(523776K), 0.0005032 secs] [Times: user=0.00 sys=0.00, real=0.00 secs] 
2018-03-19T12:14:24.449+0530: 194.966: [GC (Allocation Failure) [PSYoungGen: 173600K->32K(174080K)] 174604K->1036K(523776K), 0.0006337 secs] [Times: user=0.00 sys=0.00, real=0.00 secs] 
2018-03-19T12:14:24.726+0530: 195.242: [GC (Allocation Failure) [PSYoungGen: 173600K->32K(174080K)] 174604K->1036K(523776K), 0.0004901 secs] [Times: user=0.00 sys=0.00, real=0.00 secs] 
2018-03-19T12:14:25.011+0530: 195.528: [GC (Allocation Failure) [PSYoungGen: 173600K->32K(174080K)] 174604K->1036K(523776K), 0.0006925 secs] [Times: user=0.00 sys=0.00, real=0.00 secs] 
2018-03-19T12:14:25.291+0530: 195.808: [GC (Allocation Failure) [PSYoungGen: 173600K->32K(174080K)] 174604K->1036K(523776K), 0.0005307 secs] [Times: user=0.00 sys=0.00, real=0.00 secs] 
2018-03-19T12:14:25.567+0530: 196.083: [GC (Allocation Failure) [PSYoungGen: 173600K->32K(174080K)] 174604K->1036K(523776K), 0.0005025 secs] [Times: user=0.00 sys=0.00, real=0.00 secs] 
2018-03-19T12:14:25.847+0530: 196.364: [GC (Allocation Failure) [PSYoungGen: 173600K->32K(174080K)] 174604K->1036K(523776K), 0.0005723 secs] [Times: user=0.00 sys=0.00, real=0.00 secs] 
2018-03-19T12:14:26.122+0530: 196.639: [GC (Allocation Failure) [PSYoungGen: 173600K->32K(174080K)] 174604K->1036K(523776K), 0.0005074 secs] [Times: user=0.00 sys=0.00, real=0.00 secs] 
2018-03-19T12:14:26.398+0530: 196.915: [GC (Allocation Failure) [PSYoungGen: 173600K->32K(174080K)] 174604K->1036K(523776K), 0.0005998 secs] [Times: user=0.00 sys=0.00, real=0.00 secs] 
2018-03-19T12:14:26.672+0530: 197.188: [GC (Allocation Failure) [PSYoungGen: 173600K->32K(174080K)] 174604K->1036K(523776K), 0.0005801 secs] [Times: user=0.00 sys=0.00, real=0.00 secs] 
2018-03-19T12:14:26.956+0530: 197.472: [GC (Allocation Failure) [PSYoungGen: 173600K->32K(174080K)] 174604K->1036K(523776K), 0.0005282 secs] [Times: user=0.00 sys=0.00, real=0.00 secs] 
2018-03-19T12:14:27.233+0530: 197.750: [GC (Allocation Failure) [PSYoungGen: 173600K->32K(174080K)] 174604K->1036K(523776K), 0.0005011 secs] [Times: user=0.00 sys=0.00, real=0.00 secs] 
2018-03-19T12:14:27.519+0530: 198.036: [GC (Allocation Failure) [PSYoungGen: 173600K->32K(174080K)] 174604K->1036K(523776K), 0.0005310 secs] [Times: user=0.00 sys=0.00, real=0.00 secs] 
2018-03-19T12:14:27.808+0530: 198.324: [GC (Allocation Failure) [PSYoungGen: 173600K->32K(174080K)] 174604K->1036K(523776K), 0.0006301 secs] [Times: user=0.00 sys=0.00, real=0.00 secs] 
2018-03-19T12:14:28.086+0530: 198.602: [GC (Allocation Failure) [PSYoungGen: 173600K->32K(174080K)] 174604K->1036K(523776K), 0.0006231 secs] [Times: user=0.00 sys=0.00, real=0.00 secs] 
2018-03-19T12:14:28.362+0530: 198.879: [GC (Allocation Failure) [PSYoungGen: 173600K->32K(174080K)] 174604K->1036K(523776K), 0.0004877 secs] [Times: user=0.00 sys=0.00, real=0.00 secs] 
2018-03-19T12:14:28.642+0530: 199.159: [GC (Allocation Failure) [PSYoungGen: 173600K->32K(174080K)] 174604K->1036K(523776K), 0.0005289 secs] [Times: user=0.00 sys=0.00, real=0.00 secs] 
2018-03-19T12:14:28.926+0530: 199.443: [GC (Allocation Failure) [PSYoungGen: 173600K->32K(174080K)] 174604K->1036K(523776K), 0.0005226 secs] [Times: user=0.00 sys=0.00, real=0.00 secs] 
2018-03-19T12:14:29.203+0530: 199.719: [GC (Allocation Failure) [PSYoungGen: 173600K->32K(174080K)] 174604K->1036K(523776K), 0.0005198 secs] [Times: user=0.00 sys=0.00, real=0.00 secs] 
2018-03-19T12:14:29.493+0530: 200.009: [GC (Allocation Failure) [PSYoungGen: 173600K->32K(174080K)] 174604K->1036K(523776K), 0.0006569 secs] [Times: user=0.00 sys=0.00, real=0.00 secs] 
2018-03-19T12:14:29.791+0530: 200.308: [GC (Allocation Failure) [PSYoungGen: 173600K->32K(174080K)] 174604K->1036K(523776K), 0.0006742 secs] [Times: user=0.00 sys=0.00, real=0.00 secs] 
2018-03-19T12:14:30.093+0530: 200.610: [GC (Allocation Failure) [PSYoungGen: 173600K->32K(174080K)] 174604K->1036K(523776K), 0.0005561 secs] [Times: user=0.00 sys=0.00, real=0.00 secs] 
2018-03-19T12:14:30.397+0530: 200.914: [GC (Allocation Failure) [PSYoungGen: 173600K->32K(174080K)] 174604K->1036K(523776K), 0.0005095 secs] [Times: user=0.00 sys=0.00, real=0.00 secs] 
2018-03-19T12:14:31.001+0530: 201.517: [GC (Allocation Failure) [PSYoungGen: 173600K->32K(174080K)] 174604K->1036K(523776K), 0.0005511 secs] [Times: user=0.00 sys=0.00, real=0.00 secs] 
2018-03-19T12:14:31.291+0530: 201.807: [GC (Allocation Failure) [PSYoungGen: 173600K->32K(174080K)] 174604K->1036K(523776K), 0.0005095 secs] [Times: user=0.00 sys=0.00, real=0.00 secs] 
2018-03-19T12:14:31.583+0530: 202.099: [GC (Allocation Failure) [PSYoungGen: 173600K->32K(174080K)] 174604K->1036K(523776K), 0.0006851 secs] [Times: user=0.00 sys=0.00, real=0.00 secs] 
2018-03-19T12:14:31.865+0530: 202.381: [GC (Allocation Failure) [PSYoungGen: 173600K->32K(174080K)] 174604K->1036K(523776K), 0.0005025 secs] [Times: user=0.00 sys=0.00, real=0.00 secs] 
2018-03-19T12:14:32.188+0530: 202.705: [GC (Allocation Failure) [PSYoungGen: 173600K->32K(174080K)] 174604K->1036K(523776K), 0.0006978 secs] [Times: user=0.00 sys=0.00, real=0.00 secs] 
2018-03-19T12:14:32.693+0530: 203.209: [GC (Allocation Failure) [PSYoungGen: 173600K->32K(174080K)] 174604K->1036K(523776K), 0.0009344 secs] [Times: user=0.00 sys=0.00, real=0.00 secs] 
2018-03-19T12:14:33.080+0530: 203.597: [GC (Allocation Failure) [PSYoungGen: 173600K->32K(174080K)] 174604K->1036K(523776K), 0.0008438 secs] [Times: user=0.00 sys=0.00, real=0.00 secs] 
2018-03-19T12:14:33.448+0530: 203.964: [GC (Allocation Failure) [PSYoungGen: 173600K->32K(174080K)] 174604K->1036K(523776K), 0.0008657 secs] [Times: user=0.00 sys=0.00, real=0.00 secs] 
2018-03-19T12:14:33.845+0530: 204.362: [GC (Allocation Failure) [PSYoungGen: 173600K->32K(174080K)] 174604K->1036K(523776K), 0.0005892 secs] [Times: user=0.00 sys=0.00, real=0.00 secs] 
2018-03-19T12:14:34.360+0530: 204.876: [GC (Allocation Failure) [PSYoungGen: 173600K->32K(174080K)] 174604K->1036K(523776K), 0.0008808 secs] [Times: user=0.00 sys=0.00, real=0.00 secs] 
2018-03-19T12:14:34.756+0530: 205.273: [GC (Allocation Failure) [PSYoungGen: 173600K->32K(174080K)] 174604K->1036K(523776K), 0.0009859 secs] [Times: user=0.00 sys=0.00, real=0.00 secs] 
2018-03-19T12:14:35.175+0530: 205.693: [GC (Allocation Failure) [PSYoungGen: 173600K->32K(174080K)] 174604K->1036K(523776K), 0.0015501 secs] [Times: user=0.00 sys=0.00, real=0.00 secs] 
2018-03-19T12:14:35.793+0530: 206.310: [GC (Allocation Failure) [PSYoungGen: 173600K->32K(174080K)] 174604K->1036K(523776K), 0.0010575 secs] [Times: user=0.00 sys=0.00, real=0.00 secs] 
2018-03-19T12:14:36.200+0530: 206.717: [GC (Allocation Failure) [PSYoungGen: 173600K->32K(174080K)] 174604K->1036K(523776K), 0.0006788 secs] [Times: user=0.00 sys=0.00, real=0.00 secs] 
2018-03-19T12:14:36.605+0530: 207.122: [GC (Allocation Failure) [PSYoungGen: 173600K->32K(174080K)] 174604K->1036K(523776K), 0.0007035 secs] [Times: user=0.00 sys=0.00, real=0.00 secs] 
2018-03-19T12:14:36.979+0530: 207.495: [GC (Allocation Failure) [PSYoungGen: 173600K->32K(174080K)] 174604K->1036K(523776K), 0.0006608 secs] [Times: user=0.00 sys=0.00, real=0.00 secs] 
2018-03-19T12:14:37.322+0530: 207.838: [GC (Allocation Failure) [PSYoungGen: 173600K->32K(174080K)] 174604K->1036K(523776K), 0.0008431 secs] [Times: user=0.00 sys=0.00, real=0.00 secs] 
2018-03-19T12:14:37.659+0530: 208.176: [GC (Allocation Failure) [PSYoungGen: 173600K->32K(174080K)] 174604K->1036K(523776K), 0.0006904 secs] [Times: user=0.00 sys=0.00, real=0.00 secs] 
2018-03-19T12:14:37.990+0530: 208.506: [GC (Allocation Failure) [PSYoungGen: 173600K->32K(174080K)] 174604K->1036K(523776K), 0.0006883 secs] [Times: user=0.00 sys=0.00, real=0.00 secs] 
2018-03-19T12:14:38.296+0530: 208.813: [GC (Allocation Failure) [PSYoungGen: 173600K->32K(174080K)] 174604K->1036K(523776K), 0.0005300 secs] [Times: user=0.00 sys=0.00, real=0.00 secs] 
2018-03-19T12:14:38.597+0530: 209.113: [GC (Allocation Failure) [PSYoungGen: 173600K->32K(174080K)] 174604K->1036K(523776K), 0.0005258 secs] [Times: user=0.00 sys=0.00, real=0.00 secs] 
2018-03-19T12:14:38.902+0530: 209.419: [GC (Allocation Failure) [PSYoungGen: 173600K->32K(174080K)] 174604K->1036K(523776K), 0.0006492 secs] [Times: user=0.00 sys=0.00, real=0.00 secs] 
2018-03-19T12:14:39.200+0530: 209.716: [GC (Allocation Failure) [PSYoungGen: 173600K->32K(174080K)] 174604K->1036K(523776K), 0.0005339 secs] [Times: user=0.00 sys=0.00, real=0.00 secs] 
2018-03-19T12:14:39.509+0530: 210.025: [GC (Allocation Failure) [PSYoungGen: 173600K->32K(174080K)] 174604K->1036K(523776K), 0.0006668 secs] [Times: user=0.00 sys=0.00, real=0.00 secs] 
2018-03-19T12:14:39.806+0530: 210.323: [GC (Allocation Failure) [PSYoungGen: 173600K->32K(174080K)] 174604K->1036K(523776K), 0.0006351 secs] [Times: user=0.00 sys=0.00, real=0.00 secs] 
2018-03-19T12:14:40.103+0530: 210.620: [GC (Allocation Failure) [PSYoungGen: 173600K->32K(174080K)] 174604K->1036K(523776K), 0.0005621 secs] [Times: user=0.00 sys=0.00, real=0.00 secs] 
2018-03-19T12:14:40.394+0530: 210.911: [GC (Allocation Failure) [PSYoungGen: 173600K->32K(174080K)] 174604K->1036K(523776K), 0.0007105 secs] [Times: user=0.00 sys=0.00, real=0.00 secs] 
2018-03-19T12:14:40.689+0530: 211.205: [GC (Allocation Failure) [PSYoungGen: 173600K->32K(174080K)] 174604K->1036K(523776K), 0.0006770 secs] [Times: user=0.00 sys=0.00, real=0.00 secs] 
2018-03-19T12:14:41.000+0530: 211.517: [GC (Allocation Failure) [PSYoungGen: 173600K->32K(174080K)] 174604K->1036K(523776K), 0.0006947 secs] [Times: user=0.00 sys=0.00, real=0.00 secs] 
2018-03-19T12:14:41.291+0530: 211.807: [GC (Allocation Failure) [PSYoungGen: 173600K->32K(174080K)] 174604K->1036K(523776K), 0.0005924 secs] [Times: user=0.00 sys=0.00, real=0.00 secs] 
2018-03-19T12:14:41.594+0530: 212.111: [GC (Allocation Failure) [PSYoungGen: 173600K->32K(174080K)] 174604K->1036K(523776K), 0.0006858 secs] [Times: user=0.00 sys=0.00, real=0.00 secs] 
2018-03-19T12:14:41.908+0530: 212.424: [GC (Allocation Failure) [PSYoungGen: 173600K->32K(174080K)] 174604K->1036K(523776K), 0.0005141 secs] [Times: user=0.00 sys=0.00, real=0.00 secs] 
2018-03-19T12:14:42.189+0530: 212.706: [GC (Allocation Failure) [PSYoungGen: 173600K->32K(174080K)] 174604K->1036K(523776K), 0.0004877 secs] [Times: user=0.00 sys=0.00, real=0.00 secs] 
2018-03-19T12:14:42.469+0530: 212.986: [GC (Allocation Failure) [PSYoungGen: 173600K->32K(174080K)] 174604K->1036K(523776K), 0.0005071 secs] [Times: user=0.00 sys=0.00, real=0.00 secs] 
2018-03-19T12:14:42.759+0530: 213.275: [GC (Allocation Failure) [PSYoungGen: 173600K->32K(174080K)] 174604K->1036K(523776K), 0.0005547 secs] [Times: user=0.00 sys=0.00, real=0.00 secs] 
2018-03-19T12:14:43.041+0530: 213.558: [GC (Allocation Failure) [PSYoungGen: 173600K->32K(174080K)] 174604K->1036K(523776K), 0.0005106 secs] [Times: user=0.00 sys=0.00, real=0.00 secs] 
2018-03-19T12:14:43.321+0530: 213.838: [GC (Allocation Failure) [PSYoungGen: 173600K->32K(174080K)] 174604K->1036K(523776K), 0.0005106 secs] [Times: user=0.00 sys=0.00, real=0.00 secs] 
2018-03-19T12:14:43.599+0530: 214.115: [GC (Allocation Failure) [PSYoungGen: 173600K->32K(174080K)] 174604K->1036K(523776K), 0.0005300 secs] [Times: user=0.00 sys=0.00, real=0.00 secs] 
2018-03-19T12:14:43.881+0530: 214.398: [GC (Allocation Failure) [PSYoungGen: 173600K->32K(174080K)] 174604K->1036K(523776K), 0.0006777 secs] [Times: user=0.00 sys=0.00, real=0.00 secs] 
2018-03-19T12:14:44.158+0530: 214.675: [GC (Allocation Failure) [PSYoungGen: 173600K->32K(174080K)] 174604K->1036K(523776K), 0.0005138 secs] [Times: user=0.00 sys=0.00, real=0.00 secs] 
2018-03-19T12:14:44.435+0530: 214.952: [GC (Allocation Failure) [PSYoungGen: 173600K->32K(174080K)] 174604K->1036K(523776K), 0.0006090 secs] [Times: user=0.00 sys=0.00, real=0.00 secs] 
2018-03-19T12:14:44.711+0530: 215.228: [GC (Allocation Failure) [PSYoungGen: 173600K->32K(174080K)] 174604K->1036K(523776K), 0.0007049 secs] [Times: user=0.00 sys=0.00, real=0.00 secs] 
2018-03-19T12:14:44.995+0530: 215.512: [GC (Allocation Failure) [PSYoungGen: 173600K->32K(174080K)] 174604K->1036K(523776K), 0.0005363 secs] [Times: user=0.00 sys=0.00, real=0.00 secs] 
2018-03-19T12:14:45.273+0530: 215.790: [GC (Allocation Failure) [PSYoungGen: 173600K->32K(174080K)] 174604K->1036K(523776K), 0.0005832 secs] [Times: user=0.00 sys=0.00, real=0.00 secs] 
2018-03-19T12:14:45.549+0530: 216.066: [GC (Allocation Failure) [PSYoungGen: 173600K->32K(174080K)] 174604K->1036K(523776K), 0.0005208 secs] [Times: user=0.00 sys=0.00, real=0.00 secs] 
2018-03-19T12:14:45.834+0530: 216.350: [GC (Allocation Failure) [PSYoungGen: 173600K->32K(174080K)] 174604K->1036K(523776K), 0.0005229 secs] [Times: user=0.00 sys=0.00, real=0.00 secs] 
2018-03-19T12:14:46.108+0530: 216.625: [GC (Allocation Failure) [PSYoungGen: 173600K->32K(174080K)] 174604K->1036K(523776K), 0.0005811 secs] [Times: user=0.00 sys=0.00, real=0.00 secs] 
2018-03-19T12:14:46.388+0530: 216.905: [GC (Allocation Failure) [PSYoungGen: 173600K->32K(174080K)] 174604K->1036K(523776K), 0.0006255 secs] [Times: user=0.00 sys=0.00, real=0.00 secs] 
2018-03-19T12:14:46.671+0530: 217.187: [GC (Allocation Failure) [PSYoungGen: 173600K->32K(174080K)] 174604K->1036K(523776K), 0.0006809 secs] [Times: user=0.00 sys=0.00, real=0.00 secs] 
2018-03-19T12:14:46.957+0530: 217.474: [GC (Allocation Failure) [PSYoungGen: 173600K->32K(174080K)] 174604K->1036K(523776K), 0.0005839 secs] [Times: user=0.00 sys=0.00, real=0.00 secs] 
2018-03-19T12:14:47.235+0530: 217.751: [GC (Allocation Failure) [PSYoungGen: 173600K->32K(174080K)] 174604K->1036K(523776K), 0.0006210 secs] [Times: user=0.00 sys=0.00, real=0.00 secs] 
2018-03-19T12:14:47.512+0530: 218.029: [GC (Allocation Failure) [PSYoungGen: 173600K->32K(174080K)] 174604K->1036K(523776K), 0.0005007 secs] [Times: user=0.00 sys=0.00, real=0.00 secs] 
2018-03-19T12:14:47.803+0530: 218.319: [GC (Allocation Failure) [PSYoungGen: 173600K->32K(174080K)] 174604K->1036K(523776K), 0.0005377 secs] [Times: user=0.00 sys=0.00, real=0.00 secs] 
2018-03-19T12:14:48.083+0530: 218.599: [GC (Allocation Failure) [PSYoungGen: 173600K->32K(174080K)] 174604K->1036K(523776K), 0.0005152 secs] [Times: user=0.00 sys=0.00, real=0.00 secs] 
2018-03-19T12:14:48.361+0530: 218.878: [GC (Allocation Failure) [PSYoungGen: 173600K->32K(174080K)] 174604K->1036K(523776K), 0.0006040 secs] [Times: user=0.00 sys=0.00, real=0.00 secs] 
2018-03-19T12:14:48.638+0530: 219.155: [GC (Allocation Failure) [PSYoungGen: 173600K->32K(174080K)] 174604K->1036K(523776K), 0.0004937 secs] [Times: user=0.00 sys=0.00, real=0.00 secs] 
2018-03-19T12:14:48.917+0530: 219.434: [GC (Allocation Failure) [PSYoungGen: 173600K->32K(174080K)] 174604K->1036K(523776K), 0.0004877 secs] [Times: user=0.00 sys=0.00, real=0.00 secs] 
2018-03-19T12:14:49.197+0530: 219.714: [GC (Allocation Failure) [PSYoungGen: 173600K->32K(174080K)] 174604K->1036K(523776K), 0.0004898 secs] [Times: user=0.00 sys=0.00, real=0.00 secs] 
2018-03-19T12:14:49.487+0530: 220.004: [GC (Allocation Failure) [PSYoungGen: 173600K->32K(174080K)] 174604K->1036K(523776K), 0.0004845 secs] [Times: user=0.00 sys=0.00, real=0.00 secs] 
2018-03-19T12:14:49.769+0530: 220.285: [GC (Allocation Failure) [PSYoungGen: 173600K->32K(174080K)] 174604K->1036K(523776K), 0.0005046 secs] [Times: user=0.00 sys=0.00, real=0.00 secs] 
2018-03-19T12:14:50.046+0530: 220.562: [GC (Allocation Failure) [PSYoungGen: 173600K->32K(174080K)] 174604K->1036K(523776K), 0.0005399 secs] [Times: user=0.00 sys=0.00, real=0.00 secs] 
2018-03-19T12:14:50.325+0530: 220.842: [GC (Allocation Failure) [PSYoungGen: 173600K->32K(174080K)] 174604K->1036K(523776K), 0.0005349 secs] [Times: user=0.00 sys=0.00, real=0.00 secs] 
2018-03-19T12:14:50.596+0530: 221.112: [GC (Allocation Failure) [PSYoungGen: 173600K->32K(174080K)] 174604K->1036K(523776K), 0.0005099 secs] [Times: user=0.00 sys=0.00, real=0.00 secs] 
2018-03-19T12:14:50.873+0530: 221.390: [GC (Allocation Failure) [PSYoungGen: 173600K->32K(174080K)] 174604K->1036K(523776K), 0.0005071 secs] [Times: user=0.00 sys=0.00, real=0.00 secs] 
2018-03-19T12:14:51.153+0530: 221.669: [GC (Allocation Failure) [PSYoungGen: 173600K->32K(174080K)] 174604K->1036K(523776K), 0.0005102 secs] [Times: user=0.00 sys=0.00, real=0.00 secs] 
2018-03-19T12:14:51.431+0530: 221.947: [GC (Allocation Failure) [PSYoungGen: 173600K->32K(174080K)] 174604K->1036K(523776K), 0.0005081 secs] [Times: user=0.00 sys=0.00, real=0.00 secs] 
2018-03-19T12:14:51.706+0530: 222.222: [GC (Allocation Failure) [PSYoungGen: 173600K->32K(174080K)] 174604K->1036K(523776K), 0.0004901 secs] [Times: user=0.00 sys=0.00, real=0.00 secs] 
2018-03-19T12:14:51.992+0530: 222.509: [GC (Allocation Failure) [PSYoungGen: 173600K->32K(174080K)] 174604K->1036K(523776K), 0.0006753 secs] [Times: user=0.00 sys=0.00, real=0.00 secs] 
2018-03-19T12:14:52.270+0530: 222.786: [GC (Allocation Failure) [PSYoungGen: 173600K->32K(174080K)] 174604K->1036K(523776K), 0.0004975 secs] [Times: user=0.00 sys=0.00, real=0.00 secs] 
2018-03-19T12:14:52.547+0530: 223.063: [GC (Allocation Failure) [PSYoungGen: 173600K->32K(174080K)] 174604K->1036K(523776K), 0.0004753 secs] [Times: user=0.00 sys=0.00, real=0.00 secs] 
2018-03-19T12:14:52.854+0530: 223.371: [GC (Allocation Failure) [PSYoungGen: 173600K->32K(174080K)] 174604K->1036K(523776K), 0.0006259 secs] [Times: user=0.00 sys=0.00, real=0.00 secs] 
2018-03-19T12:14:53.132+0530: 223.648: [GC (Allocation Failure) [PSYoungGen: 173600K->32K(174080K)] 174604K->1036K(523776K), 0.0004817 secs] [Times: user=0.00 sys=0.00, real=0.00 secs] 
2018-03-19T12:14:53.395+0530: 223.912: [GC (Allocation Failure) [PSYoungGen: 173600K->32K(174080K)] 174604K->1036K(523776K), 0.0005007 secs] [Times: user=0.00 sys=0.00, real=0.00 secs] 
2018-03-19T12:14:53.744+0530: 224.260: [GC (Allocation Failure) [PSYoungGen: 173600K->32K(174080K)] 174604K->1036K(523776K), 0.0005783 secs] [Times: user=0.00 sys=0.00, real=0.00 secs] 
2018-03-19T12:14:54.133+0530: 224.650: [GC (Allocation Failure) [PSYoungGen: 173600K->32K(174080K)] 174604K->1036K(523776K), 0.0006167 secs] [Times: user=0.00 sys=0.00, real=0.00 secs] 
2018-03-19T12:14:54.450+0530: 224.966: [GC (Allocation Failure) [PSYoungGen: 173600K->32K(174080K)] 174604K->1036K(523776K), 0.0005712 secs] [Times: user=0.00 sys=0.00, real=0.00 secs] 
2018-03-19T12:14:54.781+0530: 225.297: [GC (Allocation Failure) [PSYoungGen: 173600K->32K(174080K)] 174604K->1036K(523776K), 0.0005219 secs] [Times: user=0.00 sys=0.00, real=0.00 secs] 
2018-03-19T12:14:55.087+0530: 225.603: [GC (Allocation Failure) [PSYoungGen: 173600K->32K(174080K)] 174604K->1036K(523776K), 0.0005857 secs] [Times: user=0.00 sys=0.00, real=0.00 secs] 
2018-03-19T12:14:55.408+0530: 225.925: [GC (Allocation Failure) [PSYoungGen: 173600K->32K(174080K)] 174604K->1036K(523776K), 0.0009556 secs] [Times: user=0.00 sys=0.00, real=0.00 secs] 
2018-03-19T12:14:55.723+0530: 226.240: [GC (Allocation Failure) [PSYoungGen: 173600K->32K(174080K)] 174604K->1036K(523776K), 0.0006509 secs] [Times: user=0.00 sys=0.00, real=0.00 secs] 
2018-03-19T12:14:56.030+0530: 226.547: [GC (Allocation Failure) [PSYoungGen: 173600K->32K(174080K)] 174604K->1036K(523776K), 0.0005561 secs] [Times: user=0.00 sys=0.00, real=0.00 secs] 
2018-03-19T12:14:56.326+0530: 226.843: [GC (Allocation Failure) [PSYoungGen: 173600K->32K(174080K)] 174604K->1036K(523776K), 0.0006079 secs] [Times: user=0.00 sys=0.00, real=0.00 secs] 
2018-03-19T12:14:56.626+0530: 227.143: [GC (Allocation Failure) [PSYoungGen: 173600K->32K(174080K)] 174604K->1036K(523776K), 0.0005607 secs] [Times: user=0.00 sys=0.00, real=0.00 secs] 
2018-03-19T12:14:56.927+0530: 227.444: [GC (Allocation Failure) [PSYoungGen: 173600K->32K(174080K)] 174604K->1036K(523776K), 0.0005543 secs] [Times: user=0.00 sys=0.00, real=0.00 secs] 
2018-03-19T12:14:57.220+0530: 227.737: [GC (Allocation Failure) [PSYoungGen: 173600K->32K(174080K)] 174604K->1036K(523776K), 0.0005571 secs] [Times: user=0.00 sys=0.00, real=0.00 secs] 
2018-03-19T12:14:57.551+0530: 228.067: [GC (Allocation Failure) [PSYoungGen: 173600K->32K(174080K)] 174604K->1036K(523776K), 0.0005614 secs] [Times: user=0.00 sys=0.00, real=0.00 secs] 
2018-03-19T12:14:57.931+0530: 228.448: [GC (Allocation Failure) [PSYoungGen: 173600K->32K(174080K)] 174604K->1036K(523776K), 0.0006178 secs] [Times: user=0.00 sys=0.00, real=0.00 secs] 
2018-03-19T12:14:58.236+0530: 228.752: [GC (Allocation Failure) [PSYoungGen: 173600K->32K(174080K)] 174604K->1036K(523776K), 0.0006051 secs] [Times: user=0.00 sys=0.00, real=0.00 secs] 
2018-03-19T12:14:58.518+0530: 229.034: [GC (Allocation Failure) [PSYoungGen: 173600K->32K(174080K)] 174604K->1036K(523776K), 0.0005067 secs] [Times: user=0.00 sys=0.00, real=0.00 secs] 
2018-03-19T12:14:58.800+0530: 229.317: [GC (Allocation Failure) [PSYoungGen: 173600K->32K(174080K)] 174604K->1036K(523776K), 0.0005670 secs] [Times: user=0.00 sys=0.00, real=0.00 secs] 
2018-03-19T12:14:59.083+0530: 229.599: [GC (Allocation Failure) [PSYoungGen: 173600K->32K(174080K)] 174604K->1036K(523776K), 0.0004993 secs] [Times: user=0.00 sys=0.00, real=0.00 secs] 
2018-03-19T12:14:59.381+0530: 229.897: [GC (Allocation Failure) [PSYoungGen: 173600K->32K(174080K)] 174604K->1036K(523776K), 0.0005261 secs] [Times: user=0.00 sys=0.00, real=0.00 secs] 
2018-03-19T12:14:59.661+0530: 230.178: [GC (Allocation Failure) [PSYoungGen: 173600K->32K(174080K)] 174604K->1036K(523776K), 0.0005046 secs] [Times: user=0.00 sys=0.00, real=0.00 secs] 
2018-03-19T12:14:59.946+0530: 230.463: [GC (Allocation Failure) [PSYoungGen: 173600K->32K(174080K)] 174604K->1036K(523776K), 0.0005656 secs] [Times: user=0.00 sys=0.00, real=0.00 secs] 
2018-03-19T12:15:00.255+0530: 230.772: [GC (Allocation Failure) [PSYoungGen: 173600K->32K(174080K)] 174604K->1036K(523776K), 0.0005275 secs] [Times: user=0.00 sys=0.00, real=0.00 secs] 
2018-03-19T12:15:00.540+0530: 231.057: [GC (Allocation Failure) [PSYoungGen: 173600K->32K(174080K)] 174604K->1036K(523776K), 0.0005793 secs] [Times: user=0.02 sys=0.00, real=0.00 secs] 
2018-03-19T12:15:00.828+0530: 231.345: [GC (Allocation Failure) [PSYoungGen: 173600K->32K(174080K)] 174604K->1036K(523776K), 0.0006432 secs] [Times: user=0.00 sys=0.00, real=0.00 secs] 
2018-03-19T12:15:01.124+0530: 231.641: [GC (Allocation Failure) [PSYoungGen: 173600K->32K(174080K)] 174604K->1036K(523776K), 0.0007014 secs] [Times: user=0.00 sys=0.00, real=0.00 secs] 
2018-03-19T12:15:01.417+0530: 231.933: [GC (Allocation Failure) [PSYoungGen: 173600K->32K(174080K)] 174604K->1036K(523776K), 0.0006820 secs] [Times: user=0.00 sys=0.00, real=0.00 secs] 
2018-03-19T12:15:01.712+0530: 232.228: [GC (Allocation Failure) [PSYoungGen: 173600K->32K(174080K)] 174604K->1036K(523776K), 0.0143265 secs] [Times: user=0.00 sys=0.00, real=0.01 secs] 
2018-03-19T12:15:02.020+0530: 232.536: [GC (Allocation Failure) [PSYoungGen: 173600K->32K(174080K)] 174604K->1036K(523776K), 0.0005335 secs] [Times: user=0.00 sys=0.00, real=0.00 secs] 
2018-03-19T12:15:02.339+0530: 232.855: [GC (Allocation Failure) [PSYoungGen: 173600K->32K(174080K)] 174604K->1036K(523776K), 0.0007437 secs] [Times: user=0.00 sys=0.00, real=0.00 secs] 
2018-03-19T12:15:02.630+0530: 233.147: [GC (Allocation Failure) [PSYoungGen: 173600K->32K(174080K)] 174604K->1036K(523776K), 0.0005124 secs] [Times: user=0.00 sys=0.00, real=0.00 secs] 
2018-03-19T12:15:03.001+0530: 233.518: [GC (Allocation Failure) [PSYoungGen: 173600K->32K(174080K)] 174604K->1036K(523776K), 0.0007211 secs] [Times: user=0.00 sys=0.00, real=0.00 secs] 
2018-03-19T12:15:03.378+0530: 233.895: [GC (Allocation Failure) [PSYoungGen: 173600K->32K(174080K)] 174604K->1036K(523776K), 0.0009954 secs] [Times: user=0.00 sys=0.00, real=0.00 secs] 
2018-03-19T12:15:03.738+0530: 234.254: [GC (Allocation Failure) [PSYoungGen: 173600K->32K(174080K)] 174604K->1036K(523776K), 0.0006347 secs] [Times: user=0.00 sys=0.00, real=0.00 secs] 
2018-03-19T12:15:04.099+0530: 234.616: [GC (Allocation Failure) [PSYoungGen: 173600K->32K(174080K)] 174604K->1036K(523776K), 0.0005765 secs] [Times: user=0.00 sys=0.00, real=0.00 secs] 
2018-03-19T12:15:04.432+0530: 234.948: [GC (Allocation Failure) [PSYoungGen: 173600K->32K(174080K)] 174604K->1036K(523776K), 0.0005702 secs] [Times: user=0.00 sys=0.00, real=0.00 secs] 
2018-03-19T12:15:04.772+0530: 235.289: [GC (Allocation Failure) [PSYoungGen: 173600K->32K(174080K)] 174604K->1036K(523776K), 0.0005811 secs] [Times: user=0.00 sys=0.00, real=0.00 secs] 
2018-03-19T12:15:05.106+0530: 235.623: [GC (Allocation Failure) [PSYoungGen: 173600K->32K(174080K)] 174604K->1036K(523776K), 0.0007380 secs] [Times: user=0.00 sys=0.00, real=0.00 secs] 
2018-03-19T12:15:05.462+0530: 235.979: [GC (Allocation Failure) [PSYoungGen: 173600K->32K(174080K)] 174604K->1036K(523776K), 0.0010247 secs] [Times: user=0.00 sys=0.00, real=0.00 secs] 
2018-03-19T12:15:06.017+0530: 236.534: [GC (Allocation Failure) [PSYoungGen: 173600K->32K(174080K)] 174604K->1036K(523776K), 0.0009926 secs] [Times: user=0.00 sys=0.00, real=0.00 secs] 
2018-03-19T12:15:06.372+0530: 236.888: [GC (Allocation Failure) [PSYoungGen: 173600K->32K(174080K)] 174604K->1036K(523776K), 0.0006802 secs] [Times: user=0.00 sys=0.00, real=0.00 secs] 
2018-03-19T12:15:06.745+0530: 237.261: [GC (Allocation Failure) [PSYoungGen: 173600K->32K(174080K)] 174604K->1036K(523776K), 0.0006449 secs] [Times: user=0.00 sys=0.00, real=0.00 secs] 
2018-03-19T12:15:07.074+0530: 237.591: [GC (Allocation Failure) [PSYoungGen: 173600K->32K(174080K)] 174604K->1036K(523776K), 0.0006612 secs] [Times: user=0.00 sys=0.00, real=0.00 secs] 
2018-03-19T12:15:07.404+0530: 237.920: [GC (Allocation Failure) [PSYoungGen: 173600K->32K(174080K)] 174604K->1036K(523776K), 0.0007676 secs] [Times: user=0.00 sys=0.00, real=0.00 secs] 
2018-03-19T12:15:07.728+0530: 238.245: [GC (Allocation Failure) [PSYoungGen: 173600K->32K(174080K)] 174604K->1036K(523776K), 0.0009281 secs] [Times: user=0.01 sys=0.00, real=0.00 secs] 
2018-03-19T12:15:08.062+0530: 238.579: [GC (Allocation Failure) [PSYoungGen: 173600K->32K(174080K)] 174604K->1036K(523776K), 0.0005427 secs] [Times: user=0.00 sys=0.00, real=0.00 secs] 
2018-03-19T12:15:08.363+0530: 238.880: [GC (Allocation Failure) [PSYoungGen: 173600K->32K(174080K)] 174604K->1036K(523776K), 0.0005473 secs] [Times: user=0.00 sys=0.00, real=0.00 secs] 
2018-03-19T12:15:08.844+0530: 239.361: [GC (Allocation Failure) [PSYoungGen: 173600K->32K(174080K)] 174604K->1036K(523776K), 0.0010000 secs] [Times: user=0.00 sys=0.00, real=0.00 secs] 
2018-03-19T12:15:09.692+0530: 240.209: [GC (Allocation Failure) [PSYoungGen: 173600K->32K(174080K)] 174604K->1036K(523776K), 0.0010409 secs] [Times: user=0.00 sys=0.00, real=0.00 secs] 
2018-03-19T12:15:10.456+0530: 240.973: [GC (Allocation Failure) [PSYoungGen: 173600K->32K(174080K)] 174604K->1036K(523776K), 0.0010205 secs] [Times: user=0.00 sys=0.00, real=0.00 secs] 
2018-03-19T12:15:10.810+0530: 241.326: [GC (Allocation Failure) [PSYoungGen: 173600K->32K(174080K)] 174604K->1036K(523776K), 0.0006153 secs] [Times: user=0.00 sys=0.00, real=0.00 secs] 
2018-03-19T12:15:11.271+0530: 241.788: [GC (Allocation Failure) [PSYoungGen: 173600K->32K(174080K)] 174604K->1036K(523776K), 0.0008096 secs] [Times: user=0.00 sys=0.00, real=0.00 secs] 
2018-03-19T12:15:11.787+0530: 242.303: [GC (Allocation Failure) [PSYoungGen: 173600K->32K(174080K)] 174604K->1036K(523776K), 0.0008495 secs] [Times: user=0.00 sys=0.00, real=0.00 secs] 
2018-03-19T12:15:12.222+0530: 242.738: [GC (Allocation Failure) [PSYoungGen: 173600K->32K(174080K)] 174604K->1036K(523776K), 0.0005808 secs] [Times: user=0.00 sys=0.00, real=0.00 secs] 
2018-03-19T12:15:12.658+0530: 243.175: [GC (Allocation Failure) [PSYoungGen: 173600K->32K(174080K)] 174604K->1036K(523776K), 0.0007250 secs] [Times: user=0.00 sys=0.00, real=0.00 secs] 
2018-03-19T12:15:13.306+0530: 243.823: [GC (Allocation Failure) [PSYoungGen: 173600K->32K(174080K)] 174604K->1036K(523776K), 0.0008784 secs] [Times: user=0.00 sys=0.00, real=0.00 secs] 
2018-03-19T12:15:13.669+0530: 244.186: [GC (Allocation Failure) [PSYoungGen: 173600K->32K(174080K)] 174604K->1036K(523776K), 0.0007112 secs] [Times: user=0.00 sys=0.00, real=0.00 secs] 
2018-03-19T12:15:14.050+0530: 244.567: [GC (Allocation Failure) [PSYoungGen: 173600K->32K(174080K)] 174604K->1036K(523776K), 0.0007535 secs] [Times: user=0.00 sys=0.00, real=0.00 secs] 
2018-03-19T12:15:14.842+0530: 245.358: [GC (Allocation Failure) [PSYoungGen: 173600K->32K(174080K)] 174604K->1036K(523776K), 0.0011700 secs] [Times: user=0.00 sys=0.00, real=0.00 secs] 
2018-03-19T12:15:15.308+0530: 245.824: [GC (Allocation Failure) [PSYoungGen: 173600K->32K(174080K)] 174604K->1036K(523776K), 0.0007306 secs] [Times: user=0.00 sys=0.00, real=0.00 secs] 
2018-03-19T12:15:15.703+0530: 246.220: [GC (Allocation Failure) [PSYoungGen: 173600K->32K(174080K)] 174604K->1036K(523776K), 0.0006178 secs] [Times: user=0.00 sys=0.00, real=0.00 secs] 
2018-03-19T12:15:16.078+0530: 246.594: [GC (Allocation Failure) [PSYoungGen: 173600K->32K(174080K)] 174604K->1036K(523776K), 0.0007892 secs] [Times: user=0.00 sys=0.00, real=0.00 secs] 
2018-03-19T12:15:16.460+0530: 246.977: [GC (Allocation Failure) [PSYoungGen: 173600K->32K(174080K)] 174604K->1036K(523776K), 0.0007416 secs] [Times: user=0.00 sys=0.00, real=0.00 secs] 
2018-03-19T12:15:16.834+0530: 247.351: [GC (Allocation Failure) [PSYoungGen: 173600K->32K(174080K)] 174604K->1036K(523776K), 0.0008036 secs] [Times: user=0.00 sys=0.00, real=0.00 secs] 
2018-03-19T12:15:17.173+0530: 247.690: [GC (Allocation Failure) [PSYoungGen: 173600K->32K(174080K)] 174604K->1036K(523776K), 0.0006164 secs] [Times: user=0.00 sys=0.00, real=0.00 secs] 
2018-03-19T12:15:17.594+0530: 248.111: [GC (Allocation Failure) [PSYoungGen: 173600K->32K(174080K)] 174604K->1036K(523776K), 0.0013995 secs] [Times: user=0.00 sys=0.00, real=0.00 secs] 
2018-03-19T12:15:18.124+0530: 248.640: [GC (Allocation Failure) [PSYoungGen: 173600K->32K(174080K)] 174604K->1036K(523776K), 0.0007754 secs] [Times: user=0.00 sys=0.00, real=0.00 secs] 
2018-03-19T12:15:18.865+0530: 249.381: [GC (Allocation Failure) [PSYoungGen: 173600K->32K(174080K)] 174604K->1036K(523776K), 0.0010638 secs] [Times: user=0.00 sys=0.00, real=0.00 secs] 
2018-03-19T12:15:19.296+0530: 249.812: [GC (Allocation Failure) [PSYoungGen: 173600K->32K(174080K)] 174604K->1036K(523776K), 0.0006432 secs] [Times: user=0.00 sys=0.00, real=0.00 secs] 
2018-03-19T12:15:19.819+0530: 250.335: [GC (Allocation Failure) [PSYoungGen: 173600K->32K(174080K)] 174604K->1036K(523776K), 0.0009320 secs] [Times: user=0.00 sys=0.00, real=0.00 secs] 
2018-03-19T12:15:20.216+0530: 250.732: [GC (Allocation Failure) [PSYoungGen: 173600K->32K(174080K)] 174604K->1036K(523776K), 0.0008498 secs] [Times: user=0.00 sys=0.00, real=0.00 secs] 
2018-03-19T12:15:20.625+0530: 251.142: [GC (Allocation Failure) [PSYoungGen: 173600K->32K(174080K)] 174604K->1036K(523776K), 0.0008431 secs] [Times: user=0.00 sys=0.00, real=0.00 secs] 
2018-03-19T12:15:20.985+0530: 251.502: [GC (Allocation Failure) [PSYoungGen: 173600K->32K(174080K)] 174604K->1036K(523776K), 0.0006908 secs] [Times: user=0.00 sys=0.00, real=0.00 secs] 
2018-03-19T12:15:21.371+0530: 251.888: [GC (Allocation Failure) [PSYoungGen: 173600K->32K(174080K)] 174604K->1036K(523776K), 0.0009105 secs] [Times: user=0.00 sys=0.00, real=0.00 secs] 
2018-03-19T12:15:21.930+0530: 252.446: [GC (Allocation Failure) [PSYoungGen: 173600K->32K(174080K)] 174604K->1036K(523776K), 0.0008604 secs] [Times: user=0.01 sys=0.00, real=0.00 secs] 
2018-03-19T12:15:22.442+0530: 252.959: [GC (Allocation Failure) [PSYoungGen: 173600K->32K(174080K)] 174604K->1036K(523776K), 0.0008110 secs] [Times: user=0.00 sys=0.00, real=0.00 secs] 
2018-03-19T12:15:22.852+0530: 253.369: [GC (Allocation Failure) [PSYoungGen: 173600K->32K(174080K)] 174604K->1036K(523776K), 0.0008784 secs] [Times: user=0.00 sys=0.00, real=0.00 secs] 
2018-03-19T12:15:23.370+0530: 253.887: [GC (Allocation Failure) [PSYoungGen: 173600K->32K(174080K)] 174604K->1036K(523776K), 0.0007613 secs] [Times: user=0.00 sys=0.00, real=0.00 secs] 
2018-03-19T12:15:24.006+0530: 254.522: [GC (Allocation Failure) [PSYoungGen: 173600K->32K(174080K)] 174604K->1036K(523776K), 0.0008403 secs] [Times: user=0.00 sys=0.00, real=0.00 secs] 
2018-03-19T12:15:24.411+0530: 254.927: [GC (Allocation Failure) [PSYoungGen: 173600K->32K(174080K)] 174604K->1036K(523776K), 0.0007842 secs] [Times: user=0.00 sys=0.00, real=0.00 secs] 
2018-03-19T12:15:24.769+0530: 255.286: [GC (Allocation Failure) [PSYoungGen: 173600K->32K(174080K)] 174604K->1036K(523776K), 0.0007578 secs] [Times: user=0.00 sys=0.00, real=0.00 secs] 
2018-03-19T12:15:25.134+0530: 255.650: [GC (Allocation Failure) [PSYoungGen: 173600K->32K(174080K)] 174604K->1036K(523776K), 0.0005896 secs] [Times: user=0.00 sys=0.00, real=0.00 secs] 
2018-03-19T12:15:25.485+0530: 256.002: [GC (Allocation Failure) [PSYoungGen: 173600K->32K(174080K)] 174604K->1036K(523776K), 0.0007077 secs] [Times: user=0.00 sys=0.00, real=0.00 secs] 
2018-03-19T12:15:25.866+0530: 256.382: [GC (Allocation Failure) [PSYoungGen: 173600K->32K(174080K)] 174604K->1036K(523776K), 0.0007186 secs] [Times: user=0.00 sys=0.00, real=0.00 secs] 
2018-03-19T12:15:26.202+0530: 256.718: [GC (Allocation Failure) [PSYoungGen: 173600K->32K(174080K)] 174604K->1036K(523776K), 0.0007465 secs] [Times: user=0.00 sys=0.00, real=0.00 secs] 
2018-03-19T12:15:26.562+0530: 257.079: [GC (Allocation Failure) [PSYoungGen: 173600K->32K(174080K)] 174604K->1036K(523776K), 0.0007694 secs] [Times: user=0.00 sys=0.00, real=0.00 secs] 
2018-03-19T12:15:26.910+0530: 257.427: [GC (Allocation Failure) [PSYoungGen: 173600K->32K(174080K)] 174604K->1036K(523776K), 0.0007112 secs] [Times: user=0.00 sys=0.00, real=0.00 secs] 
2018-03-19T12:15:27.284+0530: 257.800: [GC (Allocation Failure) [PSYoungGen: 173600K->32K(174080K)] 174604K->1036K(523776K), 0.0007165 secs] [Times: user=0.00 sys=0.00, real=0.00 secs] 
2018-03-19T12:15:27.624+0530: 258.140: [GC (Allocation Failure) [PSYoungGen: 173600K->32K(174080K)] 174604K->1036K(523776K), 0.0006731 secs] [Times: user=0.00 sys=0.00, real=0.00 secs] 
2018-03-19T12:15:28.042+0530: 258.558: [GC (Allocation Failure) [PSYoungGen: 173600K->32K(174080K)] 174604K->1036K(523776K), 0.0012394 secs] [Times: user=0.00 sys=0.00, real=0.00 secs] 
2018-03-19T12:15:28.404+0530: 258.920: [GC (Allocation Failure) [PSYoungGen: 173600K->32K(174080K)] 174604K->1036K(523776K), 0.0005882 secs] [Times: user=0.00 sys=0.00, real=0.00 secs] 
2018-03-19T12:15:28.869+0530: 259.385: [GC (Allocation Failure) [PSYoungGen: 173600K->32K(174080K)] 174604K->1036K(523776K), 0.0005829 secs] [Times: user=0.00 sys=0.00, real=0.00 secs] 
2018-03-19T12:15:29.202+0530: 259.719: [GC (Allocation Failure) [PSYoungGen: 173600K->32K(174080K)] 174604K->1036K(523776K), 0.0010067 secs] [Times: user=0.00 sys=0.00, real=0.00 secs] 
2018-03-19T12:15:29.570+0530: 260.087: [GC (Allocation Failure) [PSYoungGen: 173600K->32K(174080K)] 174604K->1036K(523776K), 0.0007454 secs] [Times: user=0.00 sys=0.00, real=0.00 secs] 
2018-03-19T12:15:29.978+0530: 260.495: [GC (Allocation Failure) [PSYoungGen: 173600K->32K(174080K)] 174604K->1036K(523776K), 0.0006030 secs] [Times: user=0.00 sys=0.00, real=0.00 secs] 
2018-03-19T12:15:30.342+0530: 260.859: [GC (Allocation Failure) [PSYoungGen: 173600K->32K(174080K)] 174604K->1036K(523776K), 0.0008022 secs] [Times: user=0.00 sys=0.00, real=0.00 secs] 
2018-03-19T12:15:30.716+0530: 261.232: [GC (Allocation Failure) [PSYoungGen: 173600K->32K(174080K)] 174604K->1036K(523776K), 0.0008780 secs] [Times: user=0.00 sys=0.00, real=0.00 secs] 
2018-03-19T12:15:31.436+0530: 261.952: [GC (Allocation Failure) [PSYoungGen: 173600K->32K(174080K)] 174604K->1036K(523776K), 0.0010011 secs] [Times: user=0.00 sys=0.00, real=0.00 secs] 
2018-03-19T12:15:31.832+0530: 262.348: [GC (Allocation Failure) [PSYoungGen: 173600K->32K(174080K)] 174604K->1036K(523776K), 0.0008043 secs] [Times: user=0.00 sys=0.00, real=0.00 secs] 
2018-03-19T12:15:32.288+0530: 262.804: [GC (Allocation Failure) [PSYoungGen: 173600K->32K(174080K)] 174604K->1036K(523776K), 0.0006936 secs] [Times: user=0.00 sys=0.00, real=0.00 secs] 
2018-03-19T12:15:32.704+0530: 263.221: [GC (Allocation Failure) [PSYoungGen: 173600K->32K(174080K)] 174604K->1036K(523776K), 0.0007835 secs] [Times: user=0.00 sys=0.00, real=0.00 secs] 
2018-03-19T12:15:33.128+0530: 263.645: [GC (Allocation Failure) [PSYoungGen: 173600K->32K(174080K)] 174604K->1036K(523776K), 0.0007758 secs] [Times: user=0.00 sys=0.00, real=0.00 secs] 
2018-03-19T12:15:33.524+0530: 264.041: [GC (Allocation Failure) [PSYoungGen: 173600K->32K(174080K)] 174604K->1036K(523776K), 0.0008163 secs] [Times: user=0.02 sys=0.01, real=0.00 secs] 
2018-03-19T12:15:33.919+0530: 264.435: [GC (Allocation Failure) [PSYoungGen: 173600K->32K(174080K)] 174604K->1036K(523776K), 0.0007863 secs] [Times: user=0.00 sys=0.00, real=0.00 secs] 
2018-03-19T12:15:34.300+0530: 264.816: [GC (Allocation Failure) [PSYoungGen: 173600K->32K(174080K)] 174604K->1036K(523776K), 0.0006753 secs] [Times: user=0.00 sys=0.00, real=0.00 secs] 
2018-03-19T12:15:34.642+0530: 265.158: [GC (Allocation Failure) [PSYoungGen: 173600K->32K(174080K)] 174604K->1036K(523776K), 0.0007416 secs] [Times: user=0.00 sys=0.00, real=0.00 secs] 
2018-03-19T12:15:35.008+0530: 265.525: [GC (Allocation Failure) [PSYoungGen: 173600K->32K(174080K)] 174604K->1036K(523776K), 0.0006530 secs] [Times: user=0.00 sys=0.00, real=0.00 secs] 
2018-03-19T12:15:35.365+0530: 265.882: [GC (Allocation Failure) [PSYoungGen: 173600K->32K(174080K)] 174604K->1036K(523776K), 0.0006319 secs] [Times: user=0.00 sys=0.00, real=0.00 secs] 
2018-03-19T12:15:35.710+0530: 266.226: [GC (Allocation Failure) [PSYoungGen: 173600K->32K(174080K)] 174604K->1036K(523776K), 0.0007384 secs] [Times: user=0.00 sys=0.00, real=0.00 secs] 
2018-03-19T12:15:36.039+0530: 266.556: [GC (Allocation Failure) [PSYoungGen: 173600K->32K(174080K)] 174604K->1036K(523776K), 0.0006513 secs] [Times: user=0.01 sys=0.00, real=0.00 secs] 
2018-03-19T12:15:36.359+0530: 266.875: [GC (Allocation Failure) [PSYoungGen: 173600K->32K(174080K)] 174604K->1036K(523776K), 0.0005356 secs] [Times: user=0.00 sys=0.00, real=0.00 secs] 
2018-03-19T12:15:36.722+0530: 267.238: [GC (Allocation Failure) [PSYoungGen: 173600K->32K(174080K)] 174604K->1036K(523776K), 0.0008078 secs] [Times: user=0.00 sys=0.00, real=0.00 secs] 
2018-03-19T12:15:37.280+0530: 267.797: [GC (Allocation Failure) [PSYoungGen: 173600K->32K(174080K)] 174604K->1036K(523776K), 0.0008100 secs] [Times: user=0.00 sys=0.00, real=0.00 secs] 
2018-03-19T12:15:37.728+0530: 268.245: [GC (Allocation Failure) [PSYoungGen: 173600K->32K(174080K)] 174604K->1036K(523776K), 0.0008971 secs] [Times: user=0.00 sys=0.00, real=0.00 secs] 
2018-03-19T12:15:38.799+0530: 269.315: [GC (Allocation Failure) [PSYoungGen: 173600K->32K(174080K)] 174604K->1036K(523776K), 0.0009143 secs] [Times: user=0.00 sys=0.00, real=0.00 secs] 
2018-03-19T12:15:39.339+0530: 269.856: [GC (Allocation Failure) [PSYoungGen: 173600K->32K(174080K)] 174604K->1036K(523776K), 0.0005254 secs] [Times: user=0.00 sys=0.00, real=0.00 secs] 
2018-03-19T12:15:39.651+0530: 270.167: [GC (Allocation Failure) [PSYoungGen: 173600K->32K(174080K)] 174604K->1036K(523776K), 0.0006689 secs] [Times: user=0.00 sys=0.00, real=0.00 secs] 
2018-03-19T12:15:39.951+0530: 270.468: [GC (Allocation Failure) [PSYoungGen: 173600K->32K(174080K)] 174604K->1036K(523776K), 0.0005811 secs] [Times: user=0.00 sys=0.00, real=0.00 secs] 
2018-03-19T12:15:40.248+0530: 270.765: [GC (Allocation Failure) [PSYoungGen: 173600K->32K(174080K)] 174604K->1036K(523776K), 0.0007620 secs] [Times: user=0.00 sys=0.00, real=0.00 secs] 
2018-03-19T12:15:40.539+0530: 271.055: [GC (Allocation Failure) [PSYoungGen: 173600K->32K(174080K)] 174604K->1036K(523776K), 0.0006100 secs] [Times: user=0.00 sys=0.00, real=0.00 secs] 
2018-03-19T12:15:40.839+0530: 271.356: [GC (Allocation Failure) [PSYoungGen: 173600K->32K(174080K)] 174604K->1036K(523776K), 0.0005406 secs] [Times: user=0.00 sys=0.00, real=0.00 secs] 
2018-03-19T12:15:41.135+0530: 271.652: [GC (Allocation Failure) [PSYoungGen: 173600K->32K(174080K)] 174604K->1036K(523776K), 0.0005363 secs] [Times: user=0.00 sys=0.00, real=0.00 secs] 
2018-03-19T12:15:41.428+0530: 271.944: [GC (Allocation Failure) [PSYoungGen: 173600K->32K(174080K)] 174604K->1036K(523776K), 0.0006534 secs] [Times: user=0.00 sys=0.00, real=0.00 secs] 
2018-03-19T12:15:41.722+0530: 272.238: [GC (Allocation Failure) [PSYoungGen: 173600K->32K(174080K)] 174604K->1036K(523776K), 0.0005226 secs] [Times: user=0.00 sys=0.00, real=0.00 secs] 
2018-03-19T12:15:42.019+0530: 272.535: [GC (Allocation Failure) [PSYoungGen: 173600K->32K(174080K)] 174604K->1036K(523776K), 0.0006872 secs] [Times: user=0.00 sys=0.00, real=0.00 secs] 
2018-03-19T12:15:42.296+0530: 272.812: [GC (Allocation Failure) [PSYoungGen: 173600K->32K(174080K)] 174604K->1036K(523776K), 0.0004841 secs] [Times: user=0.00 sys=0.00, real=0.00 secs] 
2018-03-19T12:15:42.575+0530: 273.092: [GC (Allocation Failure) [PSYoungGen: 173600K->32K(174080K)] 174604K->1036K(523776K), 0.0004965 secs] [Times: user=0.00 sys=0.00, real=0.00 secs] 
2018-03-19T12:15:42.874+0530: 273.390: [GC (Allocation Failure) [PSYoungGen: 173600K->32K(174080K)] 174604K->1036K(523776K), 0.0005607 secs] [Times: user=0.00 sys=0.00, real=0.00 secs] 
2018-03-19T12:15:43.162+0530: 273.679: [GC (Allocation Failure) [PSYoungGen: 173600K->32K(174080K)] 174604K->1036K(523776K), 0.0004785 secs] [Times: user=0.00 sys=0.00, real=0.00 secs] 
2018-03-19T12:15:43.451+0530: 273.967: [GC (Allocation Failure) [PSYoungGen: 173600K->32K(174080K)] 174604K->1036K(523776K), 0.0005109 secs] [Times: user=0.00 sys=0.00, real=0.00 secs] 
2018-03-19T12:15:43.730+0530: 274.246: [GC (Allocation Failure) [PSYoungGen: 173600K->32K(174080K)] 174604K->1036K(523776K), 0.0006382 secs] [Times: user=0.00 sys=0.00, real=0.00 secs] 
2018-03-19T12:15:44.012+0530: 274.528: [GC (Allocation Failure) [PSYoungGen: 173600K->32K(174080K)] 174604K->1036K(523776K), 0.0005614 secs] [Times: user=0.00 sys=0.00, real=0.00 secs] 
2018-03-19T12:15:44.292+0530: 274.809: [GC (Allocation Failure) [PSYoungGen: 173600K->32K(174080K)] 174604K->1036K(523776K), 0.0005635 secs] [Times: user=0.00 sys=0.00, real=0.00 secs] 
2018-03-19T12:15:44.579+0530: 275.095: [GC (Allocation Failure) [PSYoungGen: 173600K->32K(174080K)] 174604K->1036K(523776K), 0.0005875 secs] [Times: user=0.00 sys=0.00, real=0.00 secs] 
2018-03-19T12:15:44.888+0530: 275.405: [GC (Allocation Failure) [PSYoungGen: 173600K->32K(174080K)] 174604K->1036K(523776K), 0.0005444 secs] [Times: user=0.00 sys=0.00, real=0.00 secs] 
2018-03-19T12:15:45.253+0530: 275.769: [GC (Allocation Failure) [PSYoungGen: 173600K->32K(174080K)] 174604K->1036K(523776K), 0.0006305 secs] [Times: user=0.00 sys=0.00, real=0.00 secs] 
2018-03-19T12:15:45.575+0530: 276.092: [GC (Allocation Failure) [PSYoungGen: 173600K->32K(174080K)] 174604K->1036K(523776K), 0.0007264 secs] [Times: user=0.00 sys=0.00, real=0.00 secs] 
2018-03-19T12:15:45.953+0530: 276.471: [GC (Allocation Failure) [PSYoungGen: 173600K->32K(174080K)] 174604K->1036K(523776K), 0.0006601 secs] [Times: user=0.00 sys=0.00, real=0.00 secs] 
2018-03-19T12:15:46.277+0530: 276.794: [GC (Allocation Failure) [PSYoungGen: 173600K->32K(174080K)] 174604K->1036K(523776K), 0.0008209 secs] [Times: user=0.00 sys=0.00, real=0.00 secs] 
2018-03-19T12:15:46.669+0530: 277.185: [GC (Allocation Failure) [PSYoungGen: 173600K->32K(174080K)] 174604K->1036K(523776K), 0.0007564 secs] [Times: user=0.00 sys=0.00, real=0.00 secs] 
2018-03-19T12:15:47.027+0530: 277.544: [GC (Allocation Failure) [PSYoungGen: 173600K->32K(174080K)] 174604K->1036K(523776K), 0.0012698 secs] [Times: user=0.00 sys=0.00, real=0.00 secs] 
2018-03-19T12:15:47.533+0530: 278.050: [GC (Allocation Failure) [PSYoungGen: 173600K->32K(174080K)] 174604K->1036K(523776K), 0.0006513 secs] [Times: user=0.00 sys=0.00, real=0.00 secs] 
2018-03-19T12:15:47.923+0530: 278.440: [GC (Allocation Failure) [PSYoungGen: 173600K->32K(174080K)] 174604K->1036K(523776K), 0.0007366 secs] [Times: user=0.00 sys=0.00, real=0.00 secs] 
2018-03-19T12:15:48.308+0530: 278.825: [GC (Allocation Failure) [PSYoungGen: 173600K->32K(174080K)] 174604K->1036K(523776K), 0.0006523 secs] [Times: user=0.00 sys=0.00, real=0.00 secs] 
2018-03-19T12:15:48.637+0530: 279.154: [GC (Allocation Failure) [PSYoungGen: 173600K->32K(174080K)] 174604K->1036K(523776K), 0.0007535 secs] [Times: user=0.00 sys=0.00, real=0.00 secs] 
2018-03-19T12:15:48.967+0530: 279.484: [GC (Allocation Failure) [PSYoungGen: 173600K->32K(174080K)] 174604K->1036K(523776K), 0.0007296 secs] [Times: user=0.00 sys=0.00, real=0.00 secs] 
2018-03-19T12:15:49.412+0530: 279.929: [GC (Allocation Failure) [PSYoungGen: 173600K->32K(174080K)] 174604K->1036K(523776K), 0.0010173 secs] [Times: user=0.00 sys=0.00, real=0.00 secs] 
2018-03-19T12:15:49.903+0530: 280.420: [GC (Allocation Failure) [PSYoungGen: 173600K->32K(174080K)] 174604K->1036K(523776K), 0.0009150 secs] [Times: user=0.00 sys=0.00, real=0.00 secs] 
2018-03-19T12:15:50.237+0530: 280.754: [GC (Allocation Failure) [PSYoungGen: 173600K->32K(174080K)] 174604K->1036K(523776K), 0.0007169 secs] [Times: user=0.00 sys=0.00, real=0.00 secs] 
2018-03-19T12:15:50.557+0530: 281.074: [GC (Allocation Failure) [PSYoungGen: 173600K->32K(174080K)] 174604K->1036K(523776K), 0.0006069 secs] [Times: user=0.00 sys=0.00, real=0.00 secs] 
2018-03-19T12:15:50.955+0530: 281.472: [GC (Allocation Failure) [PSYoungGen: 173600K->32K(174080K)] 174604K->1036K(523776K), 0.0008576 secs] [Times: user=0.00 sys=0.00, real=0.00 secs] 
2018-03-19T12:15:51.461+0530: 281.977: [GC (Allocation Failure) [PSYoungGen: 173600K->32K(174080K)] 174604K->1036K(523776K), 0.0006788 secs] [Times: user=0.00 sys=0.00, real=0.00 secs] 
2018-03-19T12:15:51.829+0530: 282.346: [GC (Allocation Failure) [PSYoungGen: 173600K->32K(174080K)] 174604K->1036K(523776K), 0.0008255 secs] [Times: user=0.00 sys=0.00, real=0.00 secs] 
2018-03-19T12:15:52.208+0530: 282.724: [GC (Allocation Failure) [PSYoungGen: 173600K->32K(174080K)] 174604K->1036K(523776K), 0.0006231 secs] [Times: user=0.00 sys=0.00, real=0.00 secs] 
2018-03-19T12:15:52.698+0530: 283.214: [GC (Allocation Failure) [PSYoungGen: 173600K->32K(174080K)] 174604K->1036K(523776K), 0.0009365 secs] [Times: user=0.00 sys=0.00, real=0.00 secs] 
2018-03-19T12:15:53.128+0530: 283.645: [GC (Allocation Failure) [PSYoungGen: 173600K->32K(174080K)] 174604K->1036K(523776K), 0.0007077 secs] [Times: user=0.00 sys=0.00, real=0.00 secs] 
2018-03-19T12:15:53.467+0530: 283.984: [GC (Allocation Failure) [PSYoungGen: 173600K->32K(174080K)] 174604K->1036K(523776K), 0.0006128 secs] [Times: user=0.00 sys=0.00, real=0.00 secs] 
2018-03-19T12:15:53.816+0530: 284.333: [GC (Allocation Failure) [PSYoungGen: 173600K->32K(174080K)] 174604K->1036K(523776K), 0.0009464 secs] [Times: user=0.00 sys=0.00, real=0.00 secs] 
2018-03-19T12:15:54.392+0530: 284.909: [GC (Allocation Failure) [PSYoungGen: 173600K->32K(174080K)] 174604K->1036K(523776K), 0.0013875 secs] [Times: user=0.00 sys=0.00, real=0.00 secs] 
2018-03-19T12:15:54.736+0530: 285.252: [GC (Allocation Failure) [PSYoungGen: 173600K->32K(174080K)] 174604K->1036K(523776K), 0.0006897 secs] [Times: user=0.00 sys=0.00, real=0.00 secs] 
2018-03-19T12:15:55.107+0530: 285.624: [GC (Allocation Failure) [PSYoungGen: 173600K->32K(174080K)] 174604K->1036K(523776K), 0.0007631 secs] [Times: user=0.00 sys=0.00, real=0.00 secs] 
2018-03-19T12:15:55.455+0530: 285.972: [GC (Allocation Failure) [PSYoungGen: 173600K->32K(174080K)] 174604K->1036K(523776K), 0.0005716 secs] [Times: user=0.00 sys=0.00, real=0.00 secs] 
2018-03-19T12:15:55.787+0530: 286.304: [GC (Allocation Failure) [PSYoungGen: 173600K->32K(174080K)] 174604K->1036K(523776K), 0.0006816 secs] [Times: user=0.00 sys=0.00, real=0.00 secs] 
2018-03-19T12:15:56.108+0530: 286.625: [GC (Allocation Failure) [PSYoungGen: 173600K->32K(174080K)] 174604K->1036K(523776K), 0.0008290 secs] [Times: user=0.00 sys=0.00, real=0.00 secs] 
2018-03-19T12:15:56.423+0530: 286.940: [GC (Allocation Failure) [PSYoungGen: 173600K->32K(174080K)] 174604K->1036K(523776K), 0.0005353 secs] [Times: user=0.00 sys=0.00, real=0.00 secs] 
2018-03-19T12:15:56.732+0530: 287.249: [GC (Allocation Failure) [PSYoungGen: 173600K->32K(174080K)] 174604K->1036K(523776K), 0.0007719 secs] [Times: user=0.00 sys=0.00, real=0.00 secs] 
2018-03-19T12:15:57.029+0530: 287.546: [GC (Allocation Failure) [PSYoungGen: 173600K->32K(174080K)] 174604K->1036K(523776K), 0.0006555 secs] [Times: user=0.00 sys=0.00, real=0.00 secs] 
2018-03-19T12:15:57.380+0530: 287.896: [GC (Allocation Failure) [PSYoungGen: 173600K->32K(174080K)] 174604K->1036K(523776K), 0.0007105 secs] [Times: user=0.00 sys=0.00, real=0.00 secs] 
2018-03-19T12:15:57.702+0530: 288.219: [GC (Allocation Failure) [PSYoungGen: 173600K->32K(174080K)] 174604K->1036K(523776K), 0.0005272 secs] [Times: user=0.00 sys=0.00, real=0.00 secs] 
2018-03-19T12:15:58.034+0530: 288.551: [GC (Allocation Failure) [PSYoungGen: 173600K->32K(174080K)] 174604K->1036K(523776K), 0.0005956 secs] [Times: user=0.00 sys=0.00, real=0.00 secs] 
2018-03-19T12:15:58.362+0530: 288.879: [GC (Allocation Failure) [PSYoungGen: 173600K->32K(174080K)] 174604K->1036K(523776K), 0.0005931 secs] [Times: user=0.00 sys=0.00, real=0.00 secs] 
2018-03-19T12:15:58.677+0530: 289.193: [GC (Allocation Failure) [PSYoungGen: 173600K->32K(174080K)] 174604K->1036K(523776K), 0.0005776 secs] [Times: user=0.00 sys=0.00, real=0.00 secs] 
2018-03-19T12:15:59.057+0530: 289.574: [GC (Allocation Failure) [PSYoungGen: 173600K->32K(174080K)] 174604K->1036K(523776K), 0.0005991 secs] [Times: user=0.00 sys=0.00, real=0.00 secs] 
2018-03-19T12:15:59.379+0530: 289.895: [GC (Allocation Failure) [PSYoungGen: 173600K->32K(174080K)] 174604K->1036K(523776K), 0.0007387 secs] [Times: user=0.00 sys=0.00, real=0.00 secs] 
2018-03-19T12:15:59.720+0530: 290.237: [GC (Allocation Failure) [PSYoungGen: 173600K->32K(174080K)] 174604K->1036K(523776K), 0.0008766 secs] [Times: user=0.00 sys=0.00, real=0.00 secs] 
2018-03-19T12:16:00.128+0530: 290.644: [GC (Allocation Failure) [PSYoungGen: 173600K->32K(174080K)] 174604K->1036K(523776K), 0.0006273 secs] [Times: user=0.00 sys=0.00, real=0.00 secs] 
2018-03-19T12:16:00.528+0530: 291.044: [GC (Allocation Failure) [PSYoungGen: 173600K->32K(174080K)] 174604K->1036K(523776K), 0.0007818 secs] [Times: user=0.00 sys=0.00, real=0.00 secs] 
2018-03-19T12:16:00.913+0530: 291.429: [GC (Allocation Failure) [PSYoungGen: 173600K->32K(174080K)] 174604K->1036K(523776K), 0.0008022 secs] [Times: user=0.00 sys=0.00, real=0.00 secs] 
2018-03-19T12:16:01.307+0530: 291.823: [GC (Allocation Failure) [PSYoungGen: 173600K->32K(174080K)] 174604K->1036K(523776K), 0.0006485 secs] [Times: user=0.00 sys=0.00, real=0.00 secs] 
2018-03-19T12:16:01.716+0530: 292.233: [GC (Allocation Failure) [PSYoungGen: 173600K->32K(174080K)] 174604K->1036K(523776K), 0.0005864 secs] [Times: user=0.00 sys=0.00, real=0.00 secs] 
2018-03-19T12:16:02.172+0530: 292.688: [GC (Allocation Failure) [PSYoungGen: 173600K->32K(174080K)] 174604K->1036K(523776K), 0.0007736 secs] [Times: user=0.00 sys=0.00, real=0.00 secs] 
2018-03-19T12:16:02.579+0530: 293.096: [GC (Allocation Failure) [PSYoungGen: 173600K->32K(174080K)] 174604K->1036K(523776K), 0.0008018 secs] [Times: user=0.00 sys=0.00, real=0.00 secs] 
2018-03-19T12:16:02.974+0530: 293.491: [GC (Allocation Failure) [PSYoungGen: 173600K->32K(174080K)] 174604K->1036K(523776K), 0.0008872 secs] [Times: user=0.00 sys=0.00, real=0.00 secs] 
2018-03-19T12:16:03.334+0530: 293.852: [GC (Allocation Failure) [PSYoungGen: 173600K->32K(174080K)] 174604K->1036K(523776K), 0.0006929 secs] [Times: user=0.00 sys=0.00, real=0.00 secs] 
2018-03-19T12:16:03.710+0530: 294.227: [GC (Allocation Failure) [PSYoungGen: 173600K->32K(174080K)] 174604K->1036K(523776K), 0.0008294 secs] [Times: user=0.00 sys=0.00, real=0.00 secs] 
2018-03-19T12:16:04.078+0530: 294.595: [GC (Allocation Failure) [PSYoungGen: 173600K->32K(174080K)] 174604K->1036K(523776K), 0.0008431 secs] [Times: user=0.00 sys=0.00, real=0.00 secs] 
2018-03-19T12:16:04.538+0530: 295.055: [GC (Allocation Failure) [PSYoungGen: 173600K->32K(174080K)] 174604K->1036K(523776K), 0.0008459 secs] [Times: user=0.00 sys=0.00, real=0.00 secs] 
2018-03-19T12:16:04.938+0530: 295.455: [GC (Allocation Failure) [PSYoungGen: 173600K->32K(174080K)] 174604K->1036K(523776K), 0.0008939 secs] [Times: user=0.00 sys=0.00, real=0.00 secs] 
2018-03-19T12:16:05.276+0530: 295.792: [GC (Allocation Failure) [PSYoungGen: 173600K->32K(174080K)] 174604K->1036K(523776K), 0.0006760 secs] [Times: user=0.00 sys=0.00, real=0.00 secs] 
2018-03-19T12:16:05.593+0530: 296.110: [GC (Allocation Failure) [PSYoungGen: 173600K->32K(174080K)] 174604K->1036K(523776K), 0.0005617 secs] [Times: user=0.00 sys=0.00, real=0.00 secs] 
2018-03-19T12:16:05.911+0530: 296.427: [GC (Allocation Failure) [PSYoungGen: 173600K->32K(174080K)] 174604K->1036K(523776K), 0.0006143 secs] [Times: user=0.00 sys=0.00, real=0.00 secs] 
2018-03-19T12:16:06.214+0530: 296.731: [GC (Allocation Failure) [PSYoungGen: 173600K->32K(174080K)] 174604K->1036K(523776K), 0.0006654 secs] [Times: user=0.00 sys=0.00, real=0.00 secs] 
2018-03-19T12:16:06.501+0530: 297.018: [GC (Allocation Failure) [PSYoungGen: 173600K->32K(174080K)] 174604K->1036K(523776K), 0.0007024 secs] [Times: user=0.00 sys=0.00, real=0.00 secs] 
2018-03-19T12:16:06.797+0530: 297.314: [GC (Allocation Failure) [PSYoungGen: 173600K->32K(174080K)] 174604K->1036K(523776K), 0.0005360 secs] [Times: user=0.00 sys=0.00, real=0.00 secs] 
2018-03-19T12:16:07.098+0530: 297.614: [GC (Allocation Failure) [PSYoungGen: 173600K->32K(174080K)] 174604K->1036K(523776K), 0.0006739 secs] [Times: user=0.00 sys=0.00, real=0.00 secs] 
2018-03-19T12:16:07.386+0530: 297.903: [GC (Allocation Failure) [PSYoungGen: 173600K->32K(174080K)] 174604K->1036K(523776K), 0.0006319 secs] [Times: user=0.00 sys=0.00, real=0.00 secs] 
2018-03-19T12:16:07.686+0530: 298.202: [GC (Allocation Failure) [PSYoungGen: 173600K->32K(174080K)] 174604K->1036K(523776K), 0.0005839 secs] [Times: user=0.00 sys=0.00, real=0.00 secs] 
2018-03-19T12:16:07.992+0530: 298.508: [GC (Allocation Failure) [PSYoungGen: 173600K->32K(174080K)] 174604K->1036K(523776K), 0.0005377 secs] [Times: user=0.00 sys=0.00, real=0.00 secs] 
2018-03-19T12:16:08.290+0530: 298.806: [GC (Allocation Failure) [PSYoungGen: 173600K->32K(174080K)] 174604K->1036K(523776K), 0.0005049 secs] [Times: user=0.00 sys=0.00, real=0.00 secs] 
2018-03-19T12:16:08.622+0530: 299.138: [GC (Allocation Failure) [PSYoungGen: 173600K->32K(174080K)] 174604K->1036K(523776K), 0.0008297 secs] [Times: user=0.00 sys=0.00, real=0.00 secs] 
2018-03-19T12:16:08.974+0530: 299.491: [GC (Allocation Failure) [PSYoungGen: 173600K->32K(174080K)] 174604K->1036K(523776K), 0.0006633 secs] [Times: user=0.00 sys=0.00, real=0.00 secs] 
2018-03-19T12:16:09.389+0530: 299.906: [GC (Allocation Failure) [PSYoungGen: 173600K->32K(174080K)] 174604K->1036K(523776K), 0.0008036 secs] [Times: user=0.00 sys=0.00, real=0.00 secs] 
2018-03-19T12:16:09.803+0530: 300.320: [GC (Allocation Failure) [PSYoungGen: 173600K->32K(174080K)] 174604K->1036K(523776K), 0.0008459 secs] [Times: user=0.00 sys=0.00, real=0.00 secs] 
2018-03-19T12:16:10.232+0530: 300.749: [GC (Allocation Failure) [PSYoungGen: 173600K->32K(174080K)] 174604K->1036K(523776K), 0.0007863 secs] [Times: user=0.00 sys=0.00, real=0.00 secs] 
2018-03-19T12:16:10.629+0530: 301.145: [GC (Allocation Failure) [PSYoungGen: 173600K->32K(174080K)] 174604K->1036K(523776K), 0.0006195 secs] [Times: user=0.00 sys=0.00, real=0.00 secs] 
2018-03-19T12:16:10.975+0530: 301.491: [GC (Allocation Failure) [PSYoungGen: 173600K->32K(174080K)] 174604K->1036K(523776K), 0.0005920 secs] [Times: user=0.00 sys=0.00, real=0.00 secs] 
2018-03-19T12:16:11.300+0530: 301.816: [GC (Allocation Failure) [PSYoungGen: 173600K->32K(174080K)] 174604K->1036K(523776K), 0.0005483 secs] [Times: user=0.00 sys=0.00, real=0.00 secs] 
2018-03-19T12:16:11.621+0530: 302.138: [GC (Allocation Failure) [PSYoungGen: 173600K->32K(174080K)] 174604K->1036K(523776K), 0.0008103 secs] [Times: user=0.00 sys=0.00, real=0.00 secs] 
2018-03-19T12:16:11.978+0530: 302.495: [GC (Allocation Failure) [PSYoungGen: 173600K->32K(174080K)] 174604K->1036K(523776K), 0.0005927 secs] [Times: user=0.00 sys=0.00, real=0.00 secs] 
2018-03-19T12:16:12.313+0530: 302.829: [GC (Allocation Failure) [PSYoungGen: 173600K->32K(174080K)] 174604K->1036K(523776K), 0.0009598 secs] [Times: user=0.00 sys=0.00, real=0.00 secs] 
2018-03-19T12:16:12.670+0530: 303.187: [GC (Allocation Failure) [PSYoungGen: 173600K->32K(174080K)] 174604K->1036K(523776K), 0.0006954 secs] [Times: user=0.00 sys=0.00, real=0.00 secs] 
2018-03-19T12:16:13.058+0530: 303.575: [GC (Allocation Failure) [PSYoungGen: 173600K->32K(174080K)] 174604K->1036K(523776K), 0.0005688 secs] [Times: user=0.00 sys=0.00, real=0.00 secs] 
2018-03-19T12:16:13.611+0530: 304.128: [GC (Allocation Failure) [PSYoungGen: 173600K->32K(174080K)] 174604K->1036K(523776K), 0.0012677 secs] [Times: user=0.00 sys=0.00, real=0.00 secs] 
2018-03-19T12:16:14.558+0530: 305.074: [GC (Allocation Failure) [PSYoungGen: 173600K->320K(174080K)] 174604K->1324K(523776K), 0.0039687 secs] [Times: user=0.00 sys=0.00, real=0.00 secs] 
2018-03-19T12:16:15.222+0530: 305.738: [GC (Allocation Failure) [PSYoungGen: 173888K->480K(174080K)] 174892K->1700K(523776K), 0.0027772 secs] [Times: user=0.00 sys=0.00, real=0.00 secs] 
2018-03-19T12:16:15.657+0530: 306.174: [GC (Allocation Failure) [PSYoungGen: 174048K->512K(174080K)] 175268K->2092K(523776K), 0.0041722 secs] [Times: user=0.00 sys=0.00, real=0.00 secs] 
2018-03-19T12:16:16.083+0530: 306.599: [GC (Allocation Failure) [PSYoungGen: 174080K->32K(174080K)] 175660K->2048K(523776K), 0.0017599 secs] [Times: user=0.00 sys=0.00, real=0.00 secs] 
2018-03-19T12:16:16.519+0530: 307.036: [GC (Allocation Failure) [PSYoungGen: 173600K->32K(174080K)] 175616K->2048K(523776K), 0.0009394 secs] [Times: user=0.00 sys=0.00, real=0.00 secs] 
2018-03-19T12:16:16.986+0530: 307.503: [GC (Allocation Failure) [PSYoungGen: 173600K->288K(174080K)] 175616K->2320K(523776K), 0.0018385 secs] [Times: user=0.00 sys=0.00, real=0.00 secs] 
2018-03-19T12:16:17.327+0530: 307.844: [GC (Allocation Failure) [PSYoungGen: 173856K->128K(174080K)] 175888K->2392K(523776K), 0.0014965 secs] [Times: user=0.00 sys=0.00, real=0.00 secs] 
2018-03-19T12:16:17.610+0530: 308.126: [GC (Allocation Failure) [PSYoungGen: 173696K->32K(174080K)] 175960K->2336K(523776K), 0.0009380 secs] [Times: user=0.00 sys=0.00, real=0.00 secs] 
2018-03-19T12:16:17.901+0530: 308.417: [GC (Allocation Failure) [PSYoungGen: 173600K->32K(174080K)] 175904K->2336K(523776K), 0.0007789 secs] [Times: user=0.00 sys=0.00, real=0.00 secs] 
2018-03-19T12:16:18.202+0530: 308.718: [GC (Allocation Failure) [PSYoungGen: 173600K->32K(174080K)] 175904K->2336K(523776K), 0.0009757 secs] [Times: user=0.00 sys=0.00, real=0.00 secs] 
2018-03-19T12:16:18.533+0530: 309.049: [GC (Allocation Failure) [PSYoungGen: 173600K->32K(174080K)] 175904K->2336K(523776K), 0.0011407 secs] [Times: user=0.00 sys=0.00, real=0.00 secs] 
2018-03-19T12:16:19.197+0530: 309.713: [GC (Allocation Failure) [PSYoungGen: 173600K->224K(174080K)] 175904K->2528K(523776K), 0.0188012 secs] [Times: user=0.00 sys=0.00, real=0.02 secs] 
2018-03-19T12:16:19.860+0530: 310.376: [GC (Allocation Failure) [PSYoungGen: 173792K->128K(174080K)] 176096K->2672K(523776K), 0.0022010 secs] [Times: user=0.00 sys=0.00, real=0.00 secs] 
2018-03-19T12:16:20.238+0530: 310.755: [GC (Allocation Failure) [PSYoungGen: 173696K->96K(174080K)] 176240K->2728K(523776K), 0.0012345 secs] [Times: user=0.00 sys=0.00, real=0.00 secs] 
2018-03-19T12:16:20.827+0530: 311.344: [GC (Allocation Failure) [PSYoungGen: 173664K->160K(174080K)] 176296K->2848K(523776K), 0.0010995 secs] [Times: user=0.00 sys=0.00, real=0.00 secs] 
2018-03-19T12:16:22.484+0530: 313.001: [GC (Allocation Failure) [PSYoungGen: 173728K->160K(174080K)] 176416K->2952K(523776K), 0.0013354 secs] [Times: user=0.00 sys=0.00, real=0.00 secs] 
2018-03-19T12:16:22.778+0530: 313.295: [GC (Allocation Failure) [PSYoungGen: 173728K->64K(174080K)] 176520K->2984K(523776K), 0.0011985 secs] [Times: user=0.00 sys=0.00, real=0.00 secs] 
2018-03-19T12:16:23.061+0530: 313.578: [GC (Allocation Failure) [PSYoungGen: 173632K->96K(174080K)] 176552K->3040K(523776K), 0.0010272 secs] [Times: user=0.00 sys=0.00, real=0.00 secs] 
2018-03-19T12:16:23.844+0530: 314.360: [GC (Allocation Failure) [PSYoungGen: 173664K->128K(174080K)] 176608K->3096K(523776K), 0.0010850 secs] [Times: user=0.00 sys=0.00, real=0.00 secs] 
2018-03-19T12:16:24.123+0530: 314.640: [GC (Allocation Failure) [PSYoungGen: 173696K->96K(174080K)] 176664K->3096K(523776K), 0.0010265 secs] [Times: user=0.00 sys=0.00, real=0.00 secs] 
2018-03-19T12:16:24.408+0530: 314.924: [GC (Allocation Failure) [PSYoungGen: 173664K->96K(174080K)] 176664K->3112K(523776K), 0.0009207 secs] [Times: user=0.00 sys=0.00, real=0.00 secs] 
2018-03-19T12:16:24.770+0530: 315.287: [GC (Allocation Failure) [PSYoungGen: 173664K->96K(174080K)] 176680K->3128K(523776K), 0.0010032 secs] [Times: user=0.00 sys=0.00, real=0.00 secs] 
2018-03-19T12:16:25.051+0530: 315.567: [GC (Allocation Failure) [PSYoungGen: 173664K->96K(174080K)] 176696K->3152K(523776K), 0.0011693 secs] [Times: user=0.00 sys=0.00, real=0.00 secs] 
2018-03-19T12:16:25.335+0530: 315.851: [GC (Allocation Failure) [PSYoungGen: 173664K->96K(174080K)] 176720K->3168K(523776K), 0.0019764 secs] [Times: user=0.02 sys=0.00, real=0.00 secs] 
2018-03-19T12:16:25.632+0530: 316.148: [GC (Allocation Failure) [PSYoungGen: 173664K->96K(174080K)] 176736K->3192K(523776K), 0.0011950 secs] [Times: user=0.00 sys=0.00, real=0.00 secs] 
2018-03-19T12:16:25.934+0530: 316.451: [GC (Allocation Failure) [PSYoungGen: 173664K->96K(174080K)] 176760K->3216K(523776K), 0.0011111 secs] [Times: user=0.00 sys=0.00, real=0.00 secs] 
2018-03-19T12:16:26.226+0530: 316.743: [GC (Allocation Failure) [PSYoungGen: 173664K->64K(174080K)] 176784K->3208K(523776K), 0.0009115 secs] [Times: user=0.00 sys=0.00, real=0.00 secs] 
2018-03-19T12:16:26.505+0530: 317.021: [GC (Allocation Failure) [PSYoungGen: 173632K->96K(174080K)] 176776K->3256K(523776K), 0.0010265 secs] [Times: user=0.00 sys=0.00, real=0.00 secs] 
2018-03-19T12:16:26.807+0530: 317.324: [GC (Allocation Failure) [PSYoungGen: 173664K->96K(174080K)] 176824K->3280K(523776K), 0.0012130 secs] [Times: user=0.00 sys=0.00, real=0.00 secs] 
2018-03-19T12:16:27.321+0530: 317.838: [GC (Allocation Failure) [PSYoungGen: 173664K->32K(174080K)] 176848K->3232K(523776K), 0.0022761 secs] [Times: user=0.00 sys=0.02, real=0.00 secs] 
2018-03-19T12:16:28.161+0530: 318.677: [GC (Allocation Failure) [PSYoungGen: 173600K->64K(174080K)] 176800K->3296K(523776K), 0.0011397 secs] [Times: user=0.00 sys=0.00, real=0.00 secs] 
2018-03-19T12:16:28.596+0530: 319.113: [GC (Allocation Failure) [PSYoungGen: 173632K->64K(174080K)] 176864K->3320K(523776K), 0.0011231 secs] [Times: user=0.00 sys=0.00, real=0.00 secs] 
2018-03-19T12:16:29.069+0530: 319.586: [GC (Allocation Failure) [PSYoungGen: 173632K->64K(174080K)] 176888K->3336K(523776K), 0.0012772 secs] [Times: user=0.00 sys=0.00, real=0.00 secs] 
2018-03-19T12:16:29.717+0530: 320.233: [GC (Allocation Failure) [PSYoungGen: 173632K->64K(174080K)] 176904K->3360K(523776K), 0.0011830 secs] [Times: user=0.00 sys=0.00, real=0.00 secs] 
2018-03-19T12:16:30.060+0530: 320.576: [GC (Allocation Failure) [PSYoungGen: 173632K->64K(174080K)] 176928K->3384K(523776K), 0.0012056 secs] [Times: user=0.00 sys=0.00, real=0.00 secs] 
2018-03-19T12:16:30.385+0530: 320.901: [GC (Allocation Failure) [PSYoungGen: 173632K->96K(174080K)] 176952K->3440K(523776K), 0.0010610 secs] [Times: user=0.00 sys=0.00, real=0.00 secs] 
2018-03-19T12:16:30.704+0530: 321.220: [GC (Allocation Failure) [PSYoungGen: 173664K->64K(174080K)] 177008K->3432K(523776K), 0.0010469 secs] [Times: user=0.00 sys=0.00, real=0.00 secs] 
2018-03-19T12:16:31.013+0530: 321.530: [GC (Allocation Failure) [PSYoungGen: 173632K->96K(174080K)] 177000K->3488K(523776K), 0.0010617 secs] [Times: user=0.00 sys=0.00, real=0.00 secs] 
2018-03-19T12:16:31.537+0530: 322.054: [GC (Allocation Failure) [PSYoungGen: 173664K->64K(174080K)] 177056K->3480K(523776K), 0.0013586 secs] [Times: user=0.00 sys=0.00, real=0.00 secs] 
2018-03-19T12:16:31.929+0530: 322.446: [GC (Allocation Failure) [PSYoungGen: 173632K->64K(174080K)] 177048K->3504K(523776K), 0.0010050 secs] [Times: user=0.00 sys=0.00, real=0.00 secs] 
2018-03-19T12:16:32.242+0530: 322.758: [GC (Allocation Failure) [PSYoungGen: 173632K->64K(174080K)] 177072K->3528K(523776K), 0.0011464 secs] [Times: user=0.00 sys=0.00, real=0.00 secs] 
2018-03-19T12:16:32.539+0530: 323.056: [GC (Allocation Failure) [PSYoungGen: 173632K->96K(174080K)] 177096K->3576K(523776K), 0.0011464 secs] [Times: user=0.00 sys=0.00, real=0.00 secs] 
2018-03-19T12:16:32.854+0530: 323.370: [GC (Allocation Failure) [PSYoungGen: 173664K->64K(174080K)] 177144K->3568K(523776K), 0.0010289 secs] [Times: user=0.00 sys=0.00, real=0.00 secs] 
2018-03-19T12:16:33.136+0530: 323.652: [GC (Allocation Failure) [PSYoungGen: 173632K->96K(174080K)] 177136K->3624K(523776K), 0.0011136 secs] [Times: user=0.00 sys=0.00, real=0.00 secs] 
2018-03-19T12:16:33.427+0530: 323.944: [GC (Allocation Failure) [PSYoungGen: 173664K->64K(174080K)] 177192K->3616K(523776K), 0.0009588 secs] [Times: user=0.00 sys=0.00, real=0.00 secs] 
2018-03-19T12:16:33.731+0530: 324.248: [GC (Allocation Failure) [PSYoungGen: 173632K->64K(174080K)] 177184K->3632K(523776K), 0.0015360 secs] [Times: user=0.00 sys=0.00, real=0.00 secs] 
2018-03-19T12:16:34.026+0530: 324.542: [GC (Allocation Failure) [PSYoungGen: 173632K->64K(174080K)] 177200K->3656K(523776K), 0.0010191 secs] [Times: user=0.00 sys=0.00, real=0.00 secs] 
2018-03-19T12:16:34.325+0530: 324.842: [GC (Allocation Failure) [PSYoungGen: 173632K->96K(174080K)] 177224K->3712K(523776K), 0.0010187 secs] [Times: user=0.00 sys=0.00, real=0.00 secs] 
2018-03-19T12:16:34.608+0530: 325.124: [GC (Allocation Failure) [PSYoungGen: 173664K->96K(174080K)] 177280K->3728K(523776K), 0.0009383 secs] [Times: user=0.00 sys=0.00, real=0.00 secs] 
2018-03-19T12:16:34.899+0530: 325.415: [GC (Allocation Failure) [PSYoungGen: 173664K->96K(174080K)] 177296K->3744K(523776K), 0.0011358 secs] [Times: user=0.00 sys=0.00, real=0.00 secs] 
2018-03-19T12:16:35.392+0530: 325.909: [GC (Allocation Failure) [PSYoungGen: 173664K->96K(174080K)] 177312K->3768K(523776K), 0.0010836 secs] [Times: user=0.00 sys=0.00, real=0.00 secs] 
2018-03-19T12:16:35.748+0530: 326.264: [GC (Allocation Failure) [PSYoungGen: 173664K->64K(174080K)] 177336K->3760K(523776K), 0.0011802 secs] [Times: user=0.00 sys=0.00, real=0.00 secs] 
2018-03-19T12:16:36.038+0530: 326.555: [GC (Allocation Failure) [PSYoungGen: 173632K->96K(174080K)] 177328K->3808K(523776K), 0.0010155 secs] [Times: user=0.00 sys=0.00, real=0.00 secs] 
2018-03-19T12:16:36.326+0530: 326.842: [GC (Allocation Failure) [PSYoungGen: 173664K->64K(174080K)] 177376K->3800K(523776K), 0.0010244 secs] [Times: user=0.00 sys=0.00, real=0.00 secs] 
2018-03-19T12:16:36.635+0530: 327.151: [GC (Allocation Failure) [PSYoungGen: 173632K->96K(174080K)] 177368K->3856K(523776K), 0.0009679 secs] [Times: user=0.00 sys=0.00, real=0.00 secs] 
2018-03-19T12:16:36.949+0530: 327.467: [GC (Allocation Failure) [PSYoungGen: 173664K->96K(174080K)] 177424K->3872K(523776K), 0.0012705 secs] [Times: user=0.00 sys=0.00, real=0.00 secs] 
2018-03-19T12:16:37.249+0530: 327.766: [GC (Allocation Failure) [PSYoungGen: 173664K->32K(174080K)] 177440K->3824K(523776K), 0.0012560 secs] [Times: user=0.00 sys=0.00, real=0.00 secs] 
2018-03-19T12:16:37.547+0530: 328.063: [GC (Allocation Failure) [PSYoungGen: 173600K->96K(174080K)] 177392K->3912K(523776K), 0.0010744 secs] [Times: user=0.00 sys=0.00, real=0.00 secs] 
2018-03-19T12:16:37.830+0530: 328.347: [GC (Allocation Failure) [PSYoungGen: 173664K->64K(174080K)] 177480K->3904K(523776K), 0.0008847 secs] [Times: user=0.00 sys=0.00, real=0.00 secs] 
2018-03-19T12:16:38.127+0530: 328.643: [GC (Allocation Failure) [PSYoungGen: 173632K->96K(174080K)] 177472K->3960K(523776K), 0.0010028 secs] [Times: user=0.00 sys=0.00, real=0.00 secs] 
2018-03-19T12:16:38.448+0530: 328.964: [GC (Allocation Failure) [PSYoungGen: 173664K->96K(174080K)] 177528K->3984K(523776K), 0.0011446 secs] [Times: user=0.00 sys=0.00, real=0.00 secs] 
2018-03-19T12:16:38.907+0530: 329.424: [GC (Allocation Failure) [PSYoungGen: 173664K->32K(174080K)] 177552K->3944K(523776K), 0.0011210 secs] [Times: user=0.00 sys=0.00, real=0.00 secs] 
2018-03-19T12:16:39.406+0530: 329.923: [GC (Allocation Failure) [PSYoungGen: 173600K->128K(174080K)] 177512K->4056K(523776K), 0.0011464 secs] [Times: user=0.00 sys=0.00, real=0.00 secs] 
2018-03-19T12:16:39.742+0530: 330.258: [GC (Allocation Failure) [PSYoungGen: 173696K->64K(174080K)] 177624K->4024K(523776K), 0.0010677 secs] [Times: user=0.00 sys=0.00, real=0.00 secs] 
2018-03-19T12:16:40.082+0530: 330.599: [GC (Allocation Failure) [PSYoungGen: 173632K->96K(174080K)] 177592K->4080K(523776K), 0.0012469 secs] [Times: user=0.00 sys=0.00, real=0.00 secs] 
2018-03-19T12:16:40.402+0530: 330.919: [GC (Allocation Failure) [PSYoungGen: 173664K->96K(174080K)] 177648K->4112K(523776K), 0.0012201 secs] [Times: user=0.00 sys=0.00, real=0.00 secs] 
2018-03-19T12:16:40.715+0530: 331.232: [GC (Allocation Failure) [PSYoungGen: 173664K->96K(174080K)] 177680K->4128K(523776K), 0.0011746 secs] [Times: user=0.00 sys=0.00, real=0.00 secs] 
2018-03-19T12:16:41.023+0530: 331.540: [GC (Allocation Failure) [PSYoungGen: 173664K->64K(174080K)] 177696K->4120K(523776K), 0.0010642 secs] [Times: user=0.00 sys=0.00, real=0.00 secs] 
2018-03-19T12:16:41.328+0530: 331.844: [GC (Allocation Failure) [PSYoungGen: 173632K->96K(174080K)] 177688K->4176K(523776K), 0.0011474 secs] [Times: user=0.00 sys=0.00, real=0.00 secs] 
2018-03-19T12:16:41.630+0530: 332.147: [GC (Allocation Failure) [PSYoungGen: 173664K->96K(174080K)] 177744K->4200K(523776K), 0.0009552 secs] [Times: user=0.00 sys=0.00, real=0.00 secs] 
2018-03-19T12:16:41.936+0530: 332.453: [GC (Allocation Failure) [PSYoungGen: 173664K->64K(174080K)] 177768K->4184K(523776K), 0.0010568 secs] [Times: user=0.00 sys=0.00, real=0.00 secs] 
2018-03-19T12:16:42.232+0530: 332.749: [GC (Allocation Failure) [PSYoungGen: 173632K->64K(174080K)] 177752K->4200K(523776K), 0.0010818 secs] [Times: user=0.00 sys=0.00, real=0.00 secs] 
2018-03-19T12:16:42.541+0530: 333.058: [GC (Allocation Failure) [PSYoungGen: 173632K->32K(174080K)] 177768K->4184K(523776K), 0.0009397 secs] [Times: user=0.00 sys=0.00, real=0.00 secs] 
2018-03-19T12:16:42.841+0530: 333.358: [GC (Allocation Failure) [PSYoungGen: 173600K->96K(174080K)] 177752K->4272K(523776K), 0.0010850 secs] [Times: user=0.00 sys=0.00, real=0.00 secs] 
2018-03-19T12:16:43.183+0530: 333.699: [GC (Allocation Failure) [PSYoungGen: 173664K->32K(174080K)] 177840K->4224K(523776K), 0.0097654 secs] [Times: user=0.00 sys=0.00, real=0.01 secs] 
2018-03-19T12:16:43.807+0530: 334.323: [GC (Allocation Failure) [PSYoungGen: 173600K->64K(174080K)] 177792K->4280K(523776K), 0.0017927 secs] [Times: user=0.00 sys=0.00, real=0.00 secs] 
2018-03-19T12:16:44.306+0530: 334.823: [GC (Allocation Failure) [PSYoungGen: 173632K->96K(174080K)] 177848K->4336K(523776K), 0.0011016 secs] [Times: user=0.00 sys=0.00, real=0.00 secs] 
2018-03-19T12:16:44.592+0530: 335.109: [GC (Allocation Failure) [PSYoungGen: 173664K->96K(174080K)] 177904K->4360K(523776K), 0.0011400 secs] [Times: user=0.00 sys=0.00, real=0.00 secs] 
2018-03-19T12:16:44.881+0530: 335.397: [GC (Allocation Failure) [PSYoungGen: 173664K->96K(174080K)] 177928K->4384K(523776K), 0.0011555 secs] [Times: user=0.00 sys=0.00, real=0.00 secs] 
2018-03-19T12:16:45.159+0530: 335.675: [GC (Allocation Failure) [PSYoungGen: 173664K->64K(174080K)] 177952K->4376K(523776K), 0.0008928 secs] [Times: user=0.00 sys=0.00, real=0.00 secs] 
2018-03-19T12:16:45.439+0530: 335.956: [GC (Allocation Failure) [PSYoungGen: 173632K->64K(174080K)] 177944K->4400K(523776K), 0.0013463 secs] [Times: user=0.00 sys=0.00, real=0.00 secs] 
2018-03-19T12:16:45.745+0530: 336.262: [GC (Allocation Failure) [PSYoungGen: 173632K->96K(174080K)] 177968K->4456K(523776K), 0.0010120 secs] [Times: user=0.00 sys=0.00, real=0.00 secs] 
2018-03-19T12:16:46.034+0530: 336.551: [GC (Allocation Failure) [PSYoungGen: 173664K->96K(174080K)] 178024K->4472K(523776K), 0.0009817 secs] [Times: user=0.00 sys=0.00, real=0.00 secs] 
2018-03-19T12:16:46.317+0530: 336.834: [GC (Allocation Failure) [PSYoungGen: 173664K->96K(174080K)] 178040K->4496K(523776K), 0.0008999 secs] [Times: user=0.00 sys=0.00, real=0.00 secs] 
2018-03-19T12:16:46.595+0530: 337.111: [GC (Allocation Failure) [PSYoungGen: 173664K->96K(174080K)] 178064K->4520K(523776K), 0.0008928 secs] [Times: user=0.00 sys=0.00, real=0.00 secs] 
2018-03-19T12:16:46.898+0530: 337.415: [GC (Allocation Failure) [PSYoungGen: 173664K->96K(174080K)] 178088K->4544K(523776K), 0.0010875 secs] [Times: user=0.00 sys=0.00, real=0.00 secs] 
2018-03-19T12:16:47.193+0530: 337.709: [GC (System.gc()) [PSYoungGen: 126206K->96K(174080K)] 130655K->4560K(523776K), 0.0055865 secs] [Times: user=0.03 sys=0.00, real=0.00 secs] 
2018-03-19T12:16:47.199+0530: 337.715: [Full GC (System.gc()) [PSYoungGen: 96K->0K(174080K)] [ParOldGen: 4464K->3244K(349696K)] 4560K->3244K(523776K), [Metaspace: 9091K->9091K(1058816K)], 0.2246894 secs] [Times: user=0.20 sys=0.02, real=0.22 secs] 
2018-03-19T12:16:48.205+0530: 338.723: [GC (Allocation Failure) [PSYoungGen: 173568K->96K(174080K)] 176812K->3340K(523776K), 0.0015564 secs] [Times: user=0.00 sys=0.00, real=0.00 secs] 
2018-03-19T12:16:48.721+0530: 339.238: [GC (Allocation Failure) [PSYoungGen: 173664K->32K(174080K)] 176908K->3300K(523776K), 0.0015639 secs] [Times: user=0.00 sys=0.00, real=0.00 secs] 
2018-03-19T12:16:49.147+0530: 339.664: [GC (Allocation Failure) [PSYoungGen: 173600K->64K(174080K)] 176868K->3348K(523776K), 0.0010141 secs] [Times: user=0.00 sys=0.00, real=0.00 secs] 
2018-03-19T12:16:49.469+0530: 339.986: [GC (Allocation Failure) [PSYoungGen: 173632K->96K(174080K)] 176916K->3404K(523776K), 0.0011781 secs] [Times: user=0.00 sys=0.00, real=0.00 secs] 
2018-03-19T12:16:49.864+0530: 340.382: [GC (Allocation Failure) [PSYoungGen: 173664K->64K(174080K)] 176972K->3396K(523776K), 0.0013840 secs] [Times: user=0.00 sys=0.00, real=0.00 secs] 
2018-03-19T12:16:50.191+0530: 340.707: [GC (Allocation Failure) [PSYoungGen: 173632K->96K(174080K)] 176964K->3444K(523776K), 0.0011908 secs] [Times: user=0.00 sys=0.00, real=0.00 secs] 
2018-03-19T12:16:50.528+0530: 341.045: [GC (Allocation Failure) [PSYoungGen: 173664K->64K(174080K)] 177012K->3428K(523776K), 0.0011950 secs] [Times: user=0.00 sys=0.00, real=0.00 secs] 
2018-03-19T12:16:50.907+0530: 341.424: [GC (Allocation Failure) [PSYoungGen: 173632K->64K(174080K)] 176996K->3452K(523776K), 0.0013424 secs] [Times: user=0.00 sys=0.00, real=0.00 secs] 
2018-03-19T12:16:51.673+0530: 342.190: [GC (Allocation Failure) [PSYoungGen: 173632K->64K(174080K)] 177020K->3468K(523776K), 0.0024387 secs] [Times: user=0.00 sys=0.00, real=0.00 secs] 
2018-03-19T12:16:52.105+0530: 342.621: [GC (Allocation Failure) [PSYoungGen: 173632K->96K(174080K)] 177036K->3540K(523776K), 0.0012246 secs] [Times: user=0.00 sys=0.00, real=0.00 secs] 
2018-03-19T12:16:52.581+0530: 343.098: [GC (Allocation Failure) [PSYoungGen: 173664K->64K(174080K)] 177108K->3524K(523776K), 0.0016852 secs] [Times: user=0.00 sys=0.00, real=0.00 secs] 
2018-03-19T12:16:53.141+0530: 343.658: [GC (Allocation Failure) [PSYoungGen: 173632K->64K(174080K)] 177092K->3540K(523776K), 0.0012959 secs] [Times: user=0.00 sys=0.00, real=0.00 secs] 
2018-03-19T12:16:53.520+0530: 344.036: [GC (Allocation Failure) [PSYoungGen: 173632K->64K(174080K)] 177108K->3572K(523776K), 0.0013773 secs] [Times: user=0.00 sys=0.00, real=0.00 secs] 
2018-03-19T12:16:53.890+0530: 344.407: [GC (Allocation Failure) [PSYoungGen: 173632K->64K(174080K)] 177140K->3588K(523776K), 0.0016499 secs] [Times: user=0.00 sys=0.00, real=0.00 secs] 
2018-03-19T12:16:54.296+0530: 344.812: [GC (Allocation Failure) [PSYoungGen: 173632K->64K(174080K)] 177156K->3604K(523776K), 0.0013410 secs] [Times: user=0.00 sys=0.00, real=0.00 secs] 
2018-03-19T12:16:54.668+0530: 345.184: [GC (Allocation Failure) [PSYoungGen: 173632K->96K(174080K)] 177172K->3660K(523776K), 0.0011848 secs] [Times: user=0.00 sys=0.00, real=0.00 secs] 
2018-03-19T12:16:58.051+0530: 348.567: [GC (Allocation Failure) [PSYoungGen: 173664K->96K(174080K)] 177228K->3684K(523776K), 0.0010508 secs] [Times: user=0.00 sys=0.00, real=0.00 secs] 
2018-03-19T12:16:58.316+0530: 348.833: [GC (Allocation Failure) [PSYoungGen: 173664K->32K(174080K)] 177252K->3652K(523776K), 0.0008611 secs] [Times: user=0.00 sys=0.00, real=0.00 secs] 
2018-03-19T12:16:58.668+0530: 349.185: [GC (Allocation Failure) [PSYoungGen: 173600K->64K(174080K)] 177220K->3700K(523776K), 0.0009027 secs] [Times: user=0.00 sys=0.00, real=0.00 secs] 
2018-03-19T12:16:58.981+0530: 349.498: [GC (Allocation Failure) [PSYoungGen: 173632K->64K(174080K)] 177268K->3716K(523776K), 0.0009919 secs] [Times: user=0.00 sys=0.00, real=0.00 secs] 
2018-03-19T12:16:59.340+0530: 349.857: [GC (Allocation Failure) [PSYoungGen: 173632K->64K(174080K)] 177284K->3732K(523776K), 0.0010818 secs] [Times: user=0.00 sys=0.00, real=0.00 secs] 
2018-03-19T12:16:59.948+0530: 350.464: [GC (Allocation Failure) [PSYoungGen: 173632K->32K(174080K)] 177300K->3732K(523776K), 0.0008851 secs] [Times: user=0.00 sys=0.00, real=0.00 secs] 
2018-03-19T12:17:00.236+0530: 350.753: [GC (Allocation Failure) [PSYoungGen: 173600K->64K(174080K)] 177300K->3788K(523776K), 0.0010448 secs] [Times: user=0.00 sys=0.00, real=0.00 secs] 
2018-03-19T12:17:00.440+0530: 350.957: [GC (Allocation Failure) [PSYoungGen: 173632K->96K(174080K)] 177356K->3836K(523776K), 0.0008445 secs] [Times: user=0.00 sys=0.00, real=0.00 secs] 
2018-03-19T12:17:00.879+0530: 351.396: [GC (Allocation Failure) [PSYoungGen: 173664K->64K(174080K)] 177404K->3828K(523776K), 0.0015409 secs] [Times: user=0.00 sys=0.00, real=0.00 secs] 
2018-03-19T12:17:01.325+0530: 351.842: [GC (Allocation Failure) [PSYoungGen: 173632K->64K(174080K)] 177396K->3852K(523776K), 0.0018054 secs] [Times: user=0.00 sys=0.00, real=0.00 secs] 
2018-03-19T12:17:01.926+0530: 352.443: [GC (Allocation Failure) [PSYoungGen: 173632K->64K(174080K)] 177420K->3868K(523776K), 0.0017853 secs] [Times: user=0.00 sys=0.00, real=0.00 secs] 
2018-03-19T12:17:02.455+0530: 352.971: [GC (Allocation Failure) [PSYoungGen: 173632K->96K(174080K)] 177436K->3924K(523776K), 0.0013678 secs] [Times: user=0.00 sys=0.00, real=0.00 secs] 
2018-03-19T12:17:02.902+0530: 353.419: [GC (Allocation Failure) [PSYoungGen: 173664K->96K(174080K)] 177492K->3948K(523776K), 0.0014531 secs] [Times: user=0.00 sys=0.00, real=0.00 secs] 
2018-03-19T12:17:03.406+0530: 353.923: [GC (Allocation Failure) [PSYoungGen: 173664K->96K(174080K)] 177516K->3972K(523776K), 0.0015173 secs] [Times: user=0.00 sys=0.00, real=0.00 secs] 
2018-03-19T12:17:03.892+0530: 354.408: [GC (Allocation Failure) [PSYoungGen: 173664K->96K(174080K)] 177540K->4004K(523776K), 0.0014785 secs] [Times: user=0.00 sys=0.00, real=0.00 secs] 
2018-03-19T12:17:04.251+0530: 354.768: [GC (Allocation Failure) [PSYoungGen: 173664K->64K(174080K)] 177572K->3996K(523776K), 0.0010596 secs] [Times: user=0.00 sys=0.00, real=0.00 secs] 
2018-03-19T12:17:04.581+0530: 355.097: [GC (Allocation Failure) [PSYoungGen: 173632K->96K(174080K)] 177564K->4052K(523776K), 0.0011192 secs] [Times: user=0.00 sys=0.00, real=0.00 secs] 
2018-03-19T12:17:04.916+0530: 355.433: [GC (Allocation Failure) [PSYoungGen: 173664K->96K(174080K)] 177620K->4076K(523776K), 0.0010832 secs] [Times: user=0.00 sys=0.00, real=0.00 secs] 
2018-03-19T12:17:05.234+0530: 355.751: [GC (Allocation Failure) [PSYoungGen: 173664K->64K(174080K)] 177644K->4068K(523776K), 0.0011432 secs] [Times: user=0.00 sys=0.00, real=0.00 secs] 
2018-03-19T12:17:05.548+0530: 356.065: [GC (Allocation Failure) [PSYoungGen: 173632K->64K(174080K)] 177636K->4092K(523776K), 0.0011058 secs] [Times: user=0.00 sys=0.00, real=0.00 secs] 
2018-03-19T12:17:05.911+0530: 356.428: [GC (Allocation Failure) [PSYoungGen: 173632K->64K(174080K)] 177660K->4116K(523776K), 0.0011019 secs] [Times: user=0.00 sys=0.00, real=0.00 secs] 
2018-03-19T12:17:06.209+0530: 356.726: [GC (Allocation Failure) [PSYoungGen: 173632K->96K(174080K)] 177684K->4172K(523776K), 0.0011446 secs] [Times: user=0.00 sys=0.00, real=0.00 secs] 
2018-03-19T12:17:06.511+0530: 357.028: [GC (Allocation Failure) [PSYoungGen: 173664K->96K(174080K)] 177740K->4196K(523776K), 0.0010053 secs] [Times: user=0.00 sys=0.00, real=0.00 secs] 
2018-03-19T12:17:06.821+0530: 357.337: [GC (Allocation Failure) [PSYoungGen: 173664K->96K(174080K)] 177764K->4220K(523776K), 0.0011213 secs] [Times: user=0.00 sys=0.00, real=0.00 secs] 
2018-03-19T12:17:07.183+0530: 357.700: [GC (Allocation Failure) [PSYoungGen: 173664K->96K(174080K)] 177788K->4236K(523776K), 0.0016337 secs] [Times: user=0.00 sys=0.00, real=0.00 secs] 
2018-03-19T12:17:07.689+0530: 358.205: [GC (Allocation Failure) [PSYoungGen: 173664K->96K(174080K)] 177804K->4268K(523776K), 0.0011217 secs] [Times: user=0.00 sys=0.00, real=0.00 secs] 
2018-03-19T12:17:08.018+0530: 358.534: [GC (Allocation Failure) [PSYoungGen: 173664K->96K(174080K)] 177836K->4292K(523776K), 0.0012423 secs] [Times: user=0.00 sys=0.00, real=0.00 secs] 
2018-03-19T12:17:08.319+0530: 358.836: [GC (Allocation Failure) [PSYoungGen: 173664K->96K(174080K)] 177860K->4316K(523776K), 0.0011382 secs] [Times: user=0.00 sys=0.00, real=0.00 secs] 
2018-03-19T12:17:08.610+0530: 359.127: [GC (Allocation Failure) [PSYoungGen: 173664K->96K(174080K)] 177884K->4332K(523776K), 0.0009648 secs] [Times: user=0.00 sys=0.00, real=0.00 secs] 
2018-03-19T12:17:08.919+0530: 359.435: [GC (Allocation Failure) [PSYoungGen: 173664K->96K(174080K)] 177900K->4356K(523776K), 0.0011323 secs] [Times: user=0.00 sys=0.00, real=0.00 secs] 
2018-03-19T12:17:09.229+0530: 359.746: [GC (Allocation Failure) [PSYoungGen: 173664K->96K(174080K)] 177924K->4380K(523776K), 0.0010705 secs] [Times: user=0.00 sys=0.00, real=0.00 secs] 
2018-03-19T12:17:09.528+0530: 360.044: [GC (Allocation Failure) [PSYoungGen: 173664K->32K(174080K)] 177948K->4332K(523776K), 0.0010621 secs] [Times: user=0.00 sys=0.00, real=0.00 secs] 
2018-03-19T12:17:09.847+0530: 360.364: [GC (Allocation Failure) [PSYoungGen: 173600K->96K(174080K)] 177900K->4420K(523776K), 0.0009665 secs] [Times: user=0.00 sys=0.00, real=0.00 secs] 
2018-03-19T12:17:10.138+0530: 360.654: [GC (Allocation Failure) [PSYoungGen: 173664K->96K(174080K)] 177988K->4444K(523776K), 0.0009905 secs] [Times: user=0.00 sys=0.00, real=0.00 secs] 
2018-03-19T12:17:10.440+0530: 360.958: [GC (Allocation Failure) [PSYoungGen: 173664K->64K(174080K)] 178012K->4436K(523776K), 0.0009570 secs] [Times: user=0.00 sys=0.00, real=0.00 secs] 
2018-03-19T12:17:10.780+0530: 361.297: [GC (Allocation Failure) [PSYoungGen: 173632K->64K(174080K)] 178004K->4460K(523776K), 0.0011277 secs] [Times: user=0.00 sys=0.00, real=0.00 secs] 
2018-03-19T12:17:11.069+0530: 361.586: [GC (Allocation Failure) [PSYoungGen: 173632K->96K(174080K)] 178028K->4516K(523776K), 0.0008851 secs] [Times: user=0.00 sys=0.00, real=0.00 secs] 
2018-03-19T12:17:11.555+0530: 362.071: [GC (Allocation Failure) [PSYoungGen: 173664K->128K(174080K)] 178084K->4572K(523776K), 0.0010720 secs] [Times: user=0.00 sys=0.00, real=0.00 secs] 
2018-03-19T12:17:11.858+0530: 362.375: [GC (Allocation Failure) [PSYoungGen: 173696K->96K(174080K)] 178140K->4580K(523776K), 0.0011411 secs] [Times: user=0.00 sys=0.00, real=0.00 secs] 
2018-03-19T12:17:12.140+0530: 362.657: [GC (Allocation Failure) [PSYoungGen: 173664K->96K(174080K)] 178148K->4604K(523776K), 0.0010300 secs] [Times: user=0.00 sys=0.00, real=0.00 secs] 
2018-03-19T12:17:12.424+0530: 362.941: [GC (Allocation Failure) [PSYoungGen: 173664K->96K(174080K)] 178172K->4628K(523776K), 0.0010342 secs] [Times: user=0.00 sys=0.00, real=0.00 secs] 
2018-03-19T12:17:12.703+0530: 363.219: [GC (Allocation Failure) [PSYoungGen: 173664K->96K(174080K)] 178196K->4652K(523776K), 0.0009658 secs] [Times: user=0.00 sys=0.00, real=0.00 secs] 
2018-03-19T12:17:13.005+0530: 363.521: [GC (Allocation Failure) [PSYoungGen: 173664K->96K(174080K)] 178220K->4676K(523776K), 0.0009443 secs] [Times: user=0.00 sys=0.00, real=0.00 secs] 
2018-03-19T12:17:13.284+0530: 363.801: [GC (Allocation Failure) [PSYoungGen: 173664K->96K(174080K)] 178244K->4700K(523776K), 0.0010332 secs] [Times: user=0.00 sys=0.00, real=0.00 secs] 
2018-03-19T12:17:13.565+0530: 364.081: [GC (Allocation Failure) [PSYoungGen: 173664K->96K(174080K)] 178268K->4716K(523776K), 0.0010942 secs] [Times: user=0.00 sys=0.00, real=0.00 secs] 
2018-03-19T12:17:13.856+0530: 364.372: [GC (Allocation Failure) [PSYoungGen: 173664K->96K(174080K)] 178284K->4740K(523776K), 0.0010060 secs] [Times: user=0.00 sys=0.00, real=0.00 secs] 
2018-03-19T12:17:14.150+0530: 364.667: [GC (Allocation Failure) [PSYoungGen: 173664K->96K(174080K)] 178308K->4764K(523776K), 0.0010578 secs] [Times: user=0.00 sys=0.00, real=0.00 secs] 
2018-03-19T12:17:14.424+0530: 364.941: [GC (Allocation Failure) [PSYoungGen: 173664K->96K(174080K)] 178332K->4780K(523776K), 0.0009849 secs] [Times: user=0.00 sys=0.00, real=0.00 secs] 
2018-03-19T12:17:14.704+0530: 365.220: [GC (Allocation Failure) [PSYoungGen: 173664K->96K(174080K)] 178348K->4804K(523776K), 0.0010064 secs] [Times: user=0.00 sys=0.00, real=0.00 secs] 
2018-03-19T12:17:14.985+0530: 365.502: [GC (Allocation Failure) [PSYoungGen: 173664K->96K(174080K)] 178372K->4828K(523776K), 0.0009997 secs] [Times: user=0.00 sys=0.00, real=0.00 secs] 
2018-03-19T12:17:15.433+0530: 365.950: [GC (Allocation Failure) [PSYoungGen: 173664K->96K(174080K)] 178396K->4844K(523776K), 0.0011862 secs] [Times: user=0.00 sys=0.00, real=0.00 secs] 
2018-03-19T12:17:15.791+0530: 366.307: [GC (Allocation Failure) [PSYoungGen: 173664K->64K(174080K)] 178412K->4844K(523776K), 0.0011887 secs] [Times: user=0.00 sys=0.00, real=0.00 secs] 
2018-03-19T12:17:16.098+0530: 366.615: [GC (Allocation Failure) [PSYoungGen: 173632K->96K(174080K)] 178412K->4900K(523776K), 0.0011594 secs] [Times: user=0.00 sys=0.00, real=0.00 secs] 
2018-03-19T12:17:16.438+0530: 366.954: [GC (Allocation Failure) [PSYoungGen: 173664K->96K(174080K)] 178468K->4916K(523776K), 0.0011633 secs] [Times: user=0.00 sys=0.00, real=0.00 secs] 
2018-03-19T12:17:16.782+0530: 367.300: [GC (Allocation Failure) [PSYoungGen: 173664K->64K(174080K)] 178484K->4908K(523776K), 0.0010462 secs] [Times: user=0.00 sys=0.00, real=0.00 secs] 
2018-03-19T12:17:17.144+0530: 367.661: [GC (Allocation Failure) [PSYoungGen: 173632K->64K(174080K)] 178476K->4932K(523776K), 0.0011386 secs] [Times: user=0.00 sys=0.00, real=0.00 secs] 
2018-03-19T12:17:17.493+0530: 368.011: [GC (Allocation Failure) [PSYoungGen: 173632K->96K(174080K)] 178500K->4988K(523776K), 0.0013258 secs] [Times: user=0.00 sys=0.00, real=0.00 secs] 
2018-03-19T12:17:17.854+0530: 368.371: [GC (Allocation Failure) [PSYoungGen: 173664K->64K(174080K)] 178556K->4972K(523776K), 0.0010712 secs] [Times: user=0.00 sys=0.00, real=0.00 secs] 
2018-03-19T12:17:18.185+0530: 368.702: [GC (Allocation Failure) [PSYoungGen: 173632K->96K(174080K)] 178540K->5028K(523776K), 0.0010734 secs] [Times: user=0.00 sys=0.00, real=0.00 secs] 
2018-03-19T12:17:18.496+0530: 369.012: [GC (Allocation Failure) [PSYoungGen: 173664K->96K(174080K)] 178596K->5052K(523776K), 0.0011580 secs] [Times: user=0.00 sys=0.00, real=0.00 secs] 
2018-03-19T12:17:18.863+0530: 369.380: [GC (Allocation Failure) [PSYoungGen: 173664K->96K(174080K)] 178620K->5068K(523776K), 0.0011009 secs] [Times: user=0.00 sys=0.00, real=0.00 secs] 
2018-03-19T12:17:19.294+0530: 369.811: [GC (Allocation Failure) [PSYoungGen: 173664K->128K(174080K)] 178636K->5124K(523776K), 0.0013787 secs] [Times: user=0.00 sys=0.00, real=0.00 secs] 
2018-03-19T12:17:19.640+0530: 370.157: [GC (Allocation Failure) [PSYoungGen: 173696K->32K(174080K)] 178692K->5052K(523776K), 0.0116254 secs] [Times: user=0.00 sys=0.00, real=0.01 secs] 
2018-03-19T12:17:20.130+0530: 370.646: [GC (Allocation Failure) [PSYoungGen: 173600K->96K(174080K)] 178620K->5140K(523776K), 0.0011030 secs] [Times: user=0.00 sys=0.00, real=0.00 secs] 
2018-03-19T12:17:20.431+0530: 370.947: [GC (Allocation Failure) [PSYoungGen: 173664K->96K(174080K)] 178708K->5164K(523776K), 0.0011277 secs] [Times: user=0.00 sys=0.00, real=0.00 secs] 
2018-03-19T12:17:20.728+0530: 371.244: [GC (Allocation Failure) [PSYoungGen: 173664K->64K(174080K)] 178732K->5148K(523776K), 0.0011527 secs] [Times: user=0.00 sys=0.00, real=0.00 secs] 
2018-03-19T12:17:21.029+0530: 371.546: [GC (Allocation Failure) [PSYoungGen: 173632K->96K(174080K)] 178716K->5196K(523776K), 0.0010744 secs] [Times: user=0.00 sys=0.00, real=0.00 secs] 
2018-03-19T12:17:21.328+0530: 371.845: [GC (Allocation Failure) [PSYoungGen: 173664K->64K(174080K)] 178764K->5188K(523776K), 0.0011513 secs] [Times: user=0.00 sys=0.00, real=0.00 secs] 
2018-03-19T12:17:21.634+0530: 372.151: [GC (Allocation Failure) [PSYoungGen: 173632K->64K(174080K)] 178756K->5212K(523776K), 0.0012059 secs] [Times: user=0.00 sys=0.00, real=0.00 secs] 
2018-03-19T12:17:21.934+0530: 372.451: [GC (Allocation Failure) [PSYoungGen: 173632K->96K(174080K)] 178780K->5268K(523776K), 0.0012028 secs] [Times: user=0.00 sys=0.00, real=0.00 secs] 
2018-03-19T12:17:22.234+0530: 372.750: [GC (Allocation Failure) [PSYoungGen: 173664K->96K(174080K)] 178836K->5292K(523776K), 0.0009859 secs] [Times: user=0.00 sys=0.00, real=0.00 secs] 
2018-03-19T12:17:22.515+0530: 373.032: [GC (Allocation Failure) [PSYoungGen: 173664K->96K(174080K)] 178860K->5316K(523776K), 0.0010399 secs] [Times: user=0.00 sys=0.00, real=0.00 secs] 
2018-03-19T12:17:22.804+0530: 373.320: [GC (Allocation Failure) [PSYoungGen: 173664K->96K(174080K)] 178884K->5340K(523776K), 0.0010099 secs] [Times: user=0.00 sys=0.00, real=0.00 secs] 
2018-03-19T12:17:23.095+0530: 373.612: [GC (Allocation Failure) [PSYoungGen: 173664K->96K(174080K)] 178908K->5372K(523776K), 0.0012722 secs] [Times: user=0.00 sys=0.00, real=0.00 secs] 
2018-03-19T12:17:23.552+0530: 374.068: [GC (Allocation Failure) [PSYoungGen: 173664K->96K(174080K)] 178940K->5396K(523776K), 0.0010843 secs] [Times: user=0.00 sys=0.00, real=0.00 secs] 
2018-03-19T12:17:23.902+0530: 374.419: [GC (Allocation Failure) [PSYoungGen: 173664K->96K(174080K)] 178964K->5412K(523776K), 0.0010208 secs] [Times: user=0.00 sys=0.00, real=0.00 secs] 
2018-03-19T12:17:24.193+0530: 374.710: [GC (Allocation Failure) [PSYoungGen: 173664K->96K(174080K)] 178980K->5436K(523776K), 0.0009644 secs] [Times: user=0.00 sys=0.00, real=0.00 secs] 
2018-03-19T12:17:24.493+0530: 375.010: [GC (Allocation Failure) [PSYoungGen: 173664K->96K(174080K)] 179004K->5460K(523776K), 0.0009753 secs] [Times: user=0.00 sys=0.00, real=0.00 secs] 
2018-03-19T12:17:24.788+0530: 375.305: [GC (Allocation Failure) [PSYoungGen: 173664K->64K(174080K)] 179028K->5444K(523776K), 0.0010265 secs] [Times: user=0.00 sys=0.00, real=0.00 secs] 
2018-03-19T12:17:25.073+0530: 375.590: [GC (Allocation Failure) [PSYoungGen: 173632K->32K(174080K)] 179012K->5436K(523776K), 0.0012469 secs] [Times: user=0.00 sys=0.00, real=0.00 secs] 
2018-03-19T12:17:25.362+0530: 375.879: [GC (Allocation Failure) [PSYoungGen: 173600K->64K(174080K)] 179004K->5492K(523776K), 0.0010258 secs] [Times: user=0.00 sys=0.00, real=0.00 secs] 
2018-03-19T12:17:25.693+0530: 376.210: [GC (Allocation Failure) [PSYoungGen: 173632K->96K(174080K)] 179060K->5540K(523776K), 0.0010998 secs] [Times: user=0.00 sys=0.00, real=0.00 secs] 
2018-03-19T12:17:26.004+0530: 376.521: [GC (Allocation Failure) [PSYoungGen: 173664K->96K(174080K)] 179108K->5572K(523776K), 0.0011936 secs] [Times: user=0.00 sys=0.00, real=0.00 secs] 
2018-03-19T12:17:26.288+0530: 376.805: [GC (Allocation Failure) [PSYoungGen: 173664K->64K(174080K)] 179140K->5564K(523776K), 0.0010007 secs] [Times: user=0.00 sys=0.00, real=0.00 secs] 
2018-03-19T12:17:26.578+0530: 377.095: [GC (Allocation Failure) [PSYoungGen: 173632K->96K(174080K)] 179132K->5620K(523776K), 0.0009834 secs] [Times: user=0.00 sys=0.00, real=0.00 secs] 
2018-03-19T12:17:26.911+0530: 377.428: [GC (Allocation Failure) [PSYoungGen: 173664K->96K(174080K)] 179188K->5652K(523776K), 0.0010614 secs] [Times: user=0.00 sys=0.00, real=0.00 secs] 
2018-03-19T12:17:27.330+0530: 377.846: [GC (Allocation Failure) [PSYoungGen: 173664K->96K(174080K)] 179220K->5676K(523776K), 0.0010653 secs] [Times: user=0.00 sys=0.00, real=0.00 secs] 
2018-03-19T12:17:27.625+0530: 378.142: [GC (Allocation Failure) [PSYoungGen: 173664K->96K(174080K)] 179244K->5700K(523776K), 0.0011016 secs] [Times: user=0.00 sys=0.00, real=0.00 secs] 
2018-03-19T12:17:27.948+0530: 378.464: [GC (Allocation Failure) [PSYoungGen: 173664K->96K(174080K)] 179268K->5716K(523776K), 0.0010783 secs] [Times: user=0.00 sys=0.00, real=0.00 secs] 
2018-03-19T12:17:28.240+0530: 378.756: [GC (Allocation Failure) [PSYoungGen: 173664K->96K(174080K)] 179284K->5732K(523776K), 0.0009069 secs] [Times: user=0.00 sys=0.00, real=0.00 secs] 
2018-03-19T12:17:28.524+0530: 379.040: [GC (Allocation Failure) [PSYoungGen: 173664K->96K(174080K)] 179300K->5748K(523776K), 0.0009905 secs] [Times: user=0.00 sys=0.00, real=0.00 secs] 
2018-03-19T12:17:28.813+0530: 379.330: [GC (Allocation Failure) [PSYoungGen: 173664K->96K(174080K)] 179316K->5772K(523776K), 0.0010106 secs] [Times: user=0.00 sys=0.00, real=0.00 secs] 
2018-03-19T12:17:29.095+0530: 379.611: [GC (Allocation Failure) [PSYoungGen: 173664K->96K(174080K)] 179340K->5804K(523776K), 0.0010836 secs] [Times: user=0.00 sys=0.00, real=0.00 secs] 
2018-03-19T12:17:29.385+0530: 379.902: [GC (Allocation Failure) [PSYoungGen: 173664K->96K(174080K)] 179372K->5828K(523776K), 0.0010854 secs] [Times: user=0.00 sys=0.00, real=0.00 secs] 
2018-03-19T12:17:29.666+0530: 380.183: [GC (Allocation Failure) [PSYoungGen: 173664K->96K(174080K)] 179396K->5852K(523776K), 0.0010642 secs] [Times: user=0.00 sys=0.00, real=0.00 secs] 
2018-03-19T12:17:29.974+0530: 380.490: [GC (Allocation Failure) [PSYoungGen: 173664K->64K(174080K)] 179420K->5844K(523776K), 0.0011538 secs] [Times: user=0.00 sys=0.00, real=0.00 secs] 
2018-03-19T12:17:30.251+0530: 380.768: [GC (Allocation Failure) [PSYoungGen: 173632K->96K(174080K)] 179412K->5892K(523776K), 0.0010452 secs] [Times: user=0.00 sys=0.00, real=0.00 secs] 
2018-03-19T12:17:30.537+0530: 381.054: [GC (Allocation Failure) [PSYoungGen: 173664K->64K(174080K)] 179460K->5884K(523776K), 0.0010829 secs] [Times: user=0.00 sys=0.00, real=0.00 secs] 
2018-03-19T12:17:30.821+0530: 381.337: [GC (Allocation Failure) [PSYoungGen: 173632K->96K(174080K)] 179452K->5932K(523776K), 0.0008999 secs] [Times: user=0.00 sys=0.00, real=0.00 secs] 
2018-03-19T12:17:31.103+0530: 381.620: [GC (Allocation Failure) [PSYoungGen: 173664K->96K(174080K)] 179500K->5956K(523776K), 0.0010744 secs] [Times: user=0.00 sys=0.00, real=0.00 secs] 
2018-03-19T12:17:31.497+0530: 382.014: [GC (Allocation Failure) [PSYoungGen: 173664K->64K(174080K)] 179524K->5956K(523776K), 0.0009320 secs] [Times: user=0.00 sys=0.00, real=0.00 secs] 
2018-03-19T12:17:31.790+0530: 382.307: [GC (Allocation Failure) [PSYoungGen: 173632K->64K(174080K)] 179524K->5980K(523776K), 0.0009965 secs] [Times: user=0.06 sys=0.00, real=0.00 secs] 
2018-03-19T12:17:32.083+0530: 382.599: [GC (Allocation Failure) [PSYoungGen: 173632K->96K(174080K)] 179548K->6028K(523776K), 0.0009637 secs] [Times: user=0.00 sys=0.00, real=0.00 secs] 
2018-03-19T12:17:32.374+0530: 382.891: [GC (Allocation Failure) [PSYoungGen: 173664K->96K(174080K)] 179596K->6044K(523776K), 0.0009901 secs] [Times: user=0.00 sys=0.00, real=0.00 secs] 
2018-03-19T12:17:32.700+0530: 383.217: [GC (Allocation Failure) [PSYoungGen: 173664K->32K(174080K)] 179612K->5996K(523776K), 0.0072082 secs] [Times: user=0.00 sys=0.00, real=0.01 secs] 
2018-03-19T12:17:33.706+0530: 384.222: [GC (Allocation Failure) [PSYoungGen: 173600K->96K(174080K)] 179564K->6076K(523776K), 0.0023280 secs] [Times: user=0.00 sys=0.00, real=0.00 secs] 
2018-03-19T12:17:34.595+0530: 385.112: [GC (Allocation Failure) [PSYoungGen: 173664K->64K(174080K)] 179644K->6068K(523776K), 0.0017723 secs] [Times: user=0.00 sys=0.00, real=0.00 secs] 
2018-03-19T12:17:34.999+0530: 385.515: [GC (Allocation Failure) [PSYoungGen: 173632K->96K(174080K)] 179636K->6124K(523776K), 0.0010744 secs] [Times: user=0.00 sys=0.00, real=0.00 secs] 
2018-03-19T12:17:35.769+0530: 386.285: [GC (Allocation Failure) [PSYoungGen: 173664K->96K(174080K)] 179692K->6148K(523776K), 0.0012021 secs] [Times: user=0.00 sys=0.00, real=0.00 secs] 
2018-03-19T12:17:36.405+0530: 386.922: [GC (Allocation Failure) [PSYoungGen: 173664K->64K(174080K)] 179716K->6132K(523776K), 0.0016569 secs] [Times: user=0.00 sys=0.00, real=0.00 secs] 
2018-03-19T12:17:36.800+0530: 387.317: [GC (Allocation Failure) [PSYoungGen: 173632K->64K(174080K)] 179700K->6148K(523776K), 0.0013008 secs] [Times: user=0.00 sys=0.00, real=0.00 secs] 
2018-03-19T12:17:37.272+0530: 387.789: [GC (Allocation Failure) [PSYoungGen: 173632K->64K(174080K)] 179716K->6172K(523776K), 0.0012447 secs] [Times: user=0.00 sys=0.00, real=0.00 secs] 
2018-03-19T12:17:37.690+0530: 388.206: [GC (Allocation Failure) [PSYoungGen: 173632K->64K(174080K)] 179740K->6196K(523776K), 0.0013858 secs] [Times: user=0.00 sys=0.00, real=0.00 secs] 
2018-03-19T12:17:38.132+0530: 388.648: [GC (Allocation Failure) [PSYoungGen: 173632K->64K(174080K)] 179764K->6220K(523776K), 0.0013530 secs] [Times: user=0.00 sys=0.00, real=0.00 secs] 
2018-03-19T12:17:38.638+0530: 389.155: [GC (Allocation Failure) [PSYoungGen: 173632K->64K(174080K)] 179788K->6236K(523776K), 0.0013064 secs] [Times: user=0.00 sys=0.00, real=0.00 secs] 
2018-03-19T12:17:39.097+0530: 389.614: [GC (Allocation Failure) [PSYoungGen: 173632K->64K(174080K)] 179804K->6260K(523776K), 0.0014464 secs] [Times: user=0.00 sys=0.00, real=0.00 secs] 
2018-03-19T12:17:39.863+0530: 390.380: [GC (Allocation Failure) [PSYoungGen: 173632K->96K(174080K)] 179828K->6308K(523776K), 0.0018431 secs] [Times: user=0.00 sys=0.00, real=0.00 secs] 
2018-03-19T12:17:40.304+0530: 390.821: [GC (Allocation Failure) [PSYoungGen: 173664K->64K(174080K)] 179876K->6300K(523776K), 0.0011615 secs] [Times: user=0.00 sys=0.00, real=0.00 secs] 
2018-03-19T12:17:40.638+0530: 391.155: [GC (Allocation Failure) [PSYoungGen: 173632K->96K(174080K)] 179868K->6348K(523776K), 0.0012197 secs] [Times: user=0.00 sys=0.00, real=0.00 secs] 
2018-03-19T12:17:40.961+0530: 391.477: [GC (Allocation Failure) [PSYoungGen: 173664K->64K(174080K)] 179916K->6340K(523776K), 0.0012225 secs] [Times: user=0.01 sys=0.00, real=0.00 secs] 
2018-03-19T12:17:41.267+0530: 391.783: [GC (Allocation Failure) [PSYoungGen: 173632K->64K(174080K)] 179908K->6364K(523776K), 0.0011097 secs] [Times: user=0.00 sys=0.00, real=0.00 secs] 
2018-03-19T12:17:41.603+0530: 392.119: [GC (Allocation Failure) [PSYoungGen: 173632K->64K(174080K)] 179932K->6388K(523776K), 0.0015356 secs] [Times: user=0.00 sys=0.00, real=0.00 secs] 
2018-03-19T12:17:41.916+0530: 392.432: [GC (Allocation Failure) [PSYoungGen: 173632K->96K(174080K)] 179956K->6444K(523776K), 0.0010219 secs] [Times: user=0.00 sys=0.00, real=0.00 secs] 
2018-03-19T12:17:42.217+0530: 392.734: [GC (Allocation Failure) [PSYoungGen: 173664K->96K(174080K)] 180012K->6468K(523776K), 0.0011093 secs] [Times: user=0.00 sys=0.00, real=0.00 secs] 
2018-03-19T12:17:42.518+0530: 393.034: [GC (Allocation Failure) [PSYoungGen: 173664K->96K(174080K)] 180036K->6492K(523776K), 0.0010152 secs] [Times: user=0.00 sys=0.00, real=0.00 secs] 
2018-03-19T12:17:42.831+0530: 393.348: [GC (Allocation Failure) [PSYoungGen: 173664K->64K(174080K)] 180060K->6484K(523776K), 0.0010007 secs] [Times: user=0.00 sys=0.00, real=0.00 secs] 
2018-03-19T12:17:43.147+0530: 393.664: [GC (Allocation Failure) [PSYoungGen: 173632K->64K(174080K)] 180052K->6508K(523776K), 0.0014383 secs] [Times: user=0.00 sys=0.00, real=0.00 secs] 
2018-03-19T12:17:43.510+0530: 394.027: [GC (Allocation Failure) [PSYoungGen: 173632K->96K(174080K)] 180076K->6564K(523776K), 0.0011767 secs] [Times: user=0.00 sys=0.00, real=0.00 secs] 
2018-03-19T12:17:43.822+0530: 394.338: [GC (Allocation Failure) [PSYoungGen: 173664K->96K(174080K)] 180132K->6580K(523776K), 0.0011002 secs] [Times: user=0.00 sys=0.00, real=0.00 secs] 
2018-03-19T12:17:44.124+0530: 394.641: [GC (Allocation Failure) [PSYoungGen: 173664K->96K(174080K)] 180148K->6604K(523776K), 0.0011189 secs] [Times: user=0.00 sys=0.00, real=0.00 secs] 
2018-03-19T12:17:44.434+0530: 394.951: [GC (Allocation Failure) [PSYoungGen: 173664K->96K(174080K)] 180172K->6628K(523776K), 0.0011633 secs] [Times: user=0.00 sys=0.00, real=0.00 secs] 
2018-03-19T12:17:44.753+0530: 395.269: [GC (Allocation Failure) [PSYoungGen: 173664K->96K(174080K)] 180196K->6652K(523776K), 0.0013445 secs] [Times: user=0.00 sys=0.00, real=0.00 secs] 
2018-03-19T12:17:45.054+0530: 395.570: [GC (Allocation Failure) [PSYoungGen: 173664K->96K(174080K)] 180220K->6668K(523776K), 0.0010776 secs] [Times: user=0.00 sys=0.00, real=0.00 secs] 
2018-03-19T12:17:45.443+0530: 395.959: [GC (Allocation Failure) [PSYoungGen: 173664K->96K(174080K)] 180236K->6692K(523776K), 0.0009457 secs] [Times: user=0.00 sys=0.00, real=0.00 secs] 
2018-03-19T12:17:45.726+0530: 396.242: [GC (Allocation Failure) [PSYoungGen: 173664K->64K(174080K)] 180260K->6684K(523776K), 0.0012324 secs] [Times: user=0.00 sys=0.00, real=0.00 secs] 
2018-03-19T12:17:46.012+0530: 396.529: [GC (Allocation Failure) [PSYoungGen: 173632K->96K(174080K)] 180252K->6740K(523776K), 0.0011869 secs] [Times: user=0.00 sys=0.00, real=0.00 secs] 
2018-03-19T12:17:46.353+0530: 396.870: [GC (Allocation Failure) [PSYoungGen: 173664K->64K(174080K)] 180308K->6724K(523776K), 0.0017790 secs] [Times: user=0.00 sys=0.00, real=0.00 secs] 
2018-03-19T12:17:46.819+0530: 397.337: [GC (Allocation Failure) [PSYoungGen: 173632K->128K(174080K)] 180292K->6804K(523776K), 0.0013516 secs] [Times: user=0.00 sys=0.00, real=0.00 secs] 
2018-03-19T12:17:47.198+0530: 397.715: [GC (Allocation Failure) [PSYoungGen: 173696K->32K(174080K)] 180372K->6724K(523776K), 0.0015702 secs] [Times: user=0.00 sys=0.00, real=0.00 secs] 
2018-03-19T12:17:47.570+0530: 398.087: [GC (Allocation Failure) [PSYoungGen: 173600K->64K(174080K)] 180292K->6780K(523776K), 0.0013121 secs] [Times: user=0.00 sys=0.00, real=0.00 secs] 
2018-03-19T12:17:47.914+0530: 398.431: [GC (Allocation Failure) [PSYoungGen: 173632K->96K(174080K)] 180348K->6836K(523776K), 0.0012729 secs] [Times: user=0.00 sys=0.00, real=0.00 secs] 
2018-03-19T12:17:48.243+0530: 398.760: [GC (Allocation Failure) [PSYoungGen: 173664K->96K(174080K)] 180404K->6852K(523776K), 0.0011160 secs] [Times: user=0.02 sys=0.00, real=0.00 secs] 
2018-03-19T12:17:48.552+0530: 399.068: [GC (Allocation Failure) [PSYoungGen: 173664K->96K(174080K)] 180420K->6876K(523776K), 0.0012440 secs] [Times: user=0.00 sys=0.00, real=0.00 secs] 
2018-03-19T12:17:48.869+0530: 399.385: [GC (Allocation Failure) [PSYoungGen: 173664K->64K(174080K)] 180444K->6868K(523776K), 0.0012398 secs] [Times: user=0.00 sys=0.00, real=0.00 secs] 
2018-03-19T12:17:49.168+0530: 399.685: [GC (Allocation Failure) [PSYoungGen: 173632K->96K(174080K)] 180436K->6924K(523776K), 0.0011047 secs] [Times: user=0.00 sys=0.00, real=0.00 secs] 
2018-03-19T12:17:49.596+0530: 400.112: [GC (Allocation Failure) [PSYoungGen: 173664K->64K(174080K)] 180492K->6916K(523776K), 0.0016580 secs] [Times: user=0.00 sys=0.00, real=0.00 secs] 
2018-03-19T12:17:49.905+0530: 400.421: [GC (Allocation Failure) [PSYoungGen: 173632K->64K(174080K)] 180484K->6940K(523776K), 0.0012010 secs] [Times: user=0.00 sys=0.00, real=0.00 secs] 
2018-03-19T12:17:50.221+0530: 400.738: [GC (Allocation Failure) [PSYoungGen: 173632K->64K(174080K)] 180508K->6964K(523776K), 0.0011196 secs] [Times: user=0.00 sys=0.00, real=0.00 secs] 
2018-03-19T12:17:50.547+0530: 401.064: [GC (Allocation Failure) [PSYoungGen: 173632K->64K(174080K)] 180532K->6988K(523776K), 0.0013036 secs] [Times: user=0.00 sys=0.00, real=0.00 secs] 
2018-03-19T12:17:50.888+0530: 401.405: [GC (Allocation Failure) [PSYoungGen: 173632K->64K(174080K)] 180556K->7012K(523776K), 0.0012782 secs] [Times: user=0.00 sys=0.00, real=0.00 secs] 
2018-03-19T12:17:51.364+0530: 401.881: [GC (Allocation Failure) [PSYoungGen: 173632K->64K(174080K)] 180580K->7028K(523776K), 0.0016252 secs] [Times: user=0.00 sys=0.00, real=0.00 secs] 
2018-03-19T12:17:51.856+0530: 402.372: [GC (Allocation Failure) [PSYoungGen: 173632K->64K(174080K)] 180596K->7052K(523776K), 0.0012631 secs] [Times: user=0.00 sys=0.00, real=0.00 secs] 
2018-03-19T12:17:52.157+0530: 402.674: [GC (Allocation Failure) [PSYoungGen: 173632K->64K(174080K)] 180620K->7076K(523776K), 0.0011368 secs] [Times: user=0.00 sys=0.00, real=0.00 secs] 
2018-03-19T12:17:52.464+0530: 402.981: [GC (Allocation Failure) [PSYoungGen: 173632K->96K(174080K)] 180644K->7132K(523776K), 0.0010991 secs] [Times: user=0.00 sys=0.00, real=0.00 secs] 
2018-03-19T12:17:52.793+0530: 403.310: [GC (Allocation Failure) [PSYoungGen: 173664K->96K(174080K)] 180700K->7148K(523776K), 0.0013283 secs] [Times: user=0.00 sys=0.00, real=0.00 secs] 
2018-03-19T12:17:53.111+0530: 403.627: [GC (Allocation Failure) [PSYoungGen: 173664K->96K(174080K)] 180716K->7164K(523776K), 0.0022991 secs] [Times: user=0.00 sys=0.00, real=0.00 secs] 
2018-03-19T12:17:53.576+0530: 404.093: [GC (Allocation Failure) [PSYoungGen: 173664K->64K(174080K)] 180732K->7156K(523776K), 0.0010286 secs] [Times: user=0.00 sys=0.00, real=0.00 secs] 
2018-03-19T12:17:53.907+0530: 404.423: [GC (Allocation Failure) [PSYoungGen: 173632K->96K(174080K)] 180724K->7212K(523776K), 0.0010688 secs] [Times: user=0.00 sys=0.00, real=0.00 secs] 
2018-03-19T12:17:54.305+0530: 404.822: [GC (Allocation Failure) [PSYoungGen: 173664K->64K(174080K)] 180780K->7196K(523776K), 0.0027673 secs] [Times: user=0.02 sys=0.00, real=0.00 secs] 
2018-03-19T12:17:54.721+0530: 405.238: [GC (Allocation Failure) [PSYoungGen: 173632K->96K(174080K)] 180764K->7244K(523776K), 0.0010720 secs] [Times: user=0.00 sys=0.00, real=0.00 secs] 
2018-03-19T12:17:55.008+0530: 405.525: [GC (Allocation Failure) [PSYoungGen: 173664K->64K(174080K)] 180812K->7236K(523776K), 0.0011192 secs] [Times: user=0.00 sys=0.00, real=0.00 secs] 
2018-03-19T12:17:56.065+0530: 406.582: [GC (Allocation Failure) [PSYoungGen: 173632K->64K(174080K)] 180804K->7252K(523776K), 0.0016192 secs] [Times: user=0.00 sys=0.00, real=0.00 secs] 
2018-03-19T12:17:56.845+0530: 407.362: [GC (Allocation Failure) [PSYoungGen: 173632K->64K(174080K)] 180820K->7276K(523776K), 0.0016527 secs] [Times: user=0.00 sys=0.00, real=0.00 secs] 
2018-03-19T12:17:57.426+0530: 407.943: [GC (Allocation Failure) [PSYoungGen: 173632K->96K(174080K)] 180844K->7332K(523776K), 0.0013555 secs] [Times: user=0.00 sys=0.00, real=0.00 secs] 
2018-03-19T12:17:57.886+0530: 408.402: [GC (Allocation Failure) [PSYoungGen: 173664K->64K(174080K)] 180900K->7316K(523776K), 0.0018195 secs] [Times: user=0.00 sys=0.00, real=0.00 secs] 
2018-03-19T12:17:58.408+0530: 408.925: [GC (Allocation Failure) [PSYoungGen: 173632K->96K(174080K)] 180884K->7372K(523776K), 0.0011841 secs] [Times: user=0.00 sys=0.00, real=0.00 secs] 
2018-03-19T12:17:58.854+0530: 409.371: [GC (Allocation Failure) [PSYoungGen: 173664K->96K(174080K)] 180940K->7396K(523776K), 0.0014415 secs] [Times: user=0.00 sys=0.00, real=0.00 secs] 
2018-03-19T12:17:59.268+0530: 409.784: [GC (Allocation Failure) [PSYoungGen: 173664K->128K(174080K)] 180964K->7444K(523776K), 0.0013763 secs] [Times: user=0.00 sys=0.00, real=0.00 secs] 
2018-03-19T12:17:59.610+0530: 410.126: [GC (Allocation Failure) [PSYoungGen: 173696K->96K(174080K)] 181012K->7444K(523776K), 0.0011330 secs] [Times: user=0.00 sys=0.00, real=0.00 secs] 
2018-03-19T12:17:59.946+0530: 410.463: [GC (Allocation Failure) [PSYoungGen: 173664K->96K(174080K)] 181012K->7468K(523776K), 0.0011231 secs] [Times: user=0.00 sys=0.00, real=0.00 secs] 
2018-03-19T12:18:00.276+0530: 410.793: [GC (Allocation Failure) [PSYoungGen: 173664K->96K(174080K)] 181036K->7492K(523776K), 0.0011717 secs] [Times: user=0.00 sys=0.00, real=0.00 secs] 
2018-03-19T12:18:00.581+0530: 411.097: [GC (Allocation Failure) [PSYoungGen: 173664K->96K(174080K)] 181060K->7508K(523776K), 0.0009725 secs] [Times: user=0.00 sys=0.00, real=0.00 secs] 
2018-03-19T12:18:00.883+0530: 411.400: [GC (Allocation Failure) [PSYoungGen: 173664K->64K(174080K)] 181076K->7500K(523776K), 0.0011174 secs] [Times: user=0.00 sys=0.02, real=0.00 secs] 
2018-03-19T12:18:01.190+0530: 411.706: [GC (Allocation Failure) [PSYoungGen: 173632K->64K(174080K)] 181068K->7524K(523776K), 0.0011280 secs] [Times: user=0.00 sys=0.00, real=0.00 secs] 
2018-03-19T12:18:01.492+0530: 412.008: [GC (Allocation Failure) [PSYoungGen: 173632K->96K(174080K)] 181092K->7580K(523776K), 0.0009736 secs] [Times: user=0.00 sys=0.00, real=0.00 secs] 
2018-03-19T12:18:01.790+0530: 412.307: [GC (Allocation Failure) [PSYoungGen: 173664K->64K(174080K)] 181148K->7580K(523776K), 0.0010737 secs] [Times: user=0.00 sys=0.00, real=0.00 secs] 
2018-03-19T12:18:02.085+0530: 412.602: [GC (Allocation Failure) [PSYoungGen: 173632K->96K(174080K)] 181148K->7636K(523776K), 0.0011375 secs] [Times: user=0.00 sys=0.00, real=0.00 secs] 
2018-03-19T12:18:02.398+0530: 412.915: [GC (Allocation Failure) [PSYoungGen: 173664K->64K(174080K)] 181204K->7628K(523776K), 0.0010712 secs] [Times: user=0.00 sys=0.03, real=0.00 secs] 
2018-03-19T12:18:02.720+0530: 413.238: [GC (Allocation Failure) [PSYoungGen: 173632K->64K(174080K)] 181196K->7652K(523776K), 0.0014570 secs] [Times: user=0.00 sys=0.00, real=0.00 secs] 
2018-03-19T12:18:03.104+0530: 413.621: [GC (Allocation Failure) [PSYoungGen: 173632K->96K(174080K)] 181220K->7708K(523776K), 0.0017440 secs] [Times: user=0.00 sys=0.00, real=0.00 secs] 
2018-03-19T12:18:03.658+0530: 414.175: [GC (Allocation Failure) [PSYoungGen: 173664K->96K(174080K)] 181276K->7732K(523776K), 0.0009863 secs] [Times: user=0.00 sys=0.00, real=0.00 secs] 
2018-03-19T12:18:04.030+0530: 414.547: [GC (Allocation Failure) [PSYoungGen: 173664K->64K(174080K)] 181300K->7716K(523776K), 0.0018893 secs] [Times: user=0.00 sys=0.00, real=0.00 secs] 
2018-03-19T12:18:04.390+0530: 414.907: [GC (Allocation Failure) [PSYoungGen: 173632K->64K(174080K)] 181284K->7740K(523776K), 0.0012327 secs] [Times: user=0.00 sys=0.00, real=0.00 secs] 
2018-03-19T12:18:04.745+0530: 415.261: [GC (Allocation Failure) [PSYoungGen: 173632K->32K(174080K)] 181308K->7724K(523776K), 0.0029800 secs] [Times: user=0.00 sys=0.00, real=0.00 secs] 
2018-03-19T12:18:05.137+0530: 415.653: [GC (Allocation Failure) [PSYoungGen: 173600K->96K(174080K)] 181292K->7804K(523776K), 0.0010769 secs] [Times: user=0.00 sys=0.00, real=0.00 secs] 
2018-03-19T12:18:05.463+0530: 415.979: [GC (Allocation Failure) [PSYoungGen: 173664K->96K(174080K)] 181372K->7828K(523776K), 0.0012543 secs] [Times: user=0.00 sys=0.00, real=0.00 secs] 
2018-03-19T12:18:05.815+0530: 416.332: [GC (Allocation Failure) [PSYoungGen: 173664K->96K(174080K)] 181396K->7852K(523776K), 0.0013703 secs] [Times: user=0.00 sys=0.00, real=0.00 secs] 
2018-03-19T12:18:06.130+0530: 416.646: [GC (Allocation Failure) [PSYoungGen: 173664K->96K(174080K)] 181420K->7868K(523776K), 0.0010279 secs] [Times: user=0.00 sys=0.00, real=0.00 secs] 
2018-03-19T12:18:06.452+0530: 416.969: [GC (Allocation Failure) [PSYoungGen: 173664K->96K(174080K)] 181436K->7892K(523776K), 0.0011375 secs] [Times: user=0.00 sys=0.00, real=0.00 secs] 
2018-03-19T12:18:06.765+0530: 417.281: [GC (Allocation Failure) [PSYoungGen: 173664K->96K(174080K)] 181460K->7916K(523776K), 0.0010508 secs] [Times: user=0.00 sys=0.00, real=0.00 secs] 
2018-03-19T12:18:07.068+0530: 417.585: [GC (Allocation Failure) [PSYoungGen: 173664K->96K(174080K)] 181484K->7940K(523776K), 0.0010289 secs] [Times: user=0.00 sys=0.00, real=0.00 secs] 
2018-03-19T12:18:07.450+0530: 417.966: [GC (Allocation Failure) [PSYoungGen: 173664K->96K(174080K)] 181508K->7964K(523776K), 0.0009951 secs] [Times: user=0.00 sys=0.00, real=0.00 secs] 
2018-03-19T12:18:07.737+0530: 418.254: [GC (Allocation Failure) [PSYoungGen: 173664K->64K(174080K)] 181532K->7956K(523776K), 0.0011534 secs] [Times: user=0.00 sys=0.00, real=0.00 secs] 
2018-03-19T12:18:08.039+0530: 418.555: [GC (Allocation Failure) [PSYoungGen: 173632K->96K(174080K)] 181524K->8012K(523776K), 0.0011143 secs] [Times: user=0.00 sys=0.00, real=0.00 secs] 
2018-03-19T12:18:08.338+0530: 418.854: [GC (Allocation Failure) [PSYoungGen: 173664K->96K(174080K)] 181580K->8028K(523776K), 0.0011922 secs] [Times: user=0.00 sys=0.00, real=0.00 secs] 
2018-03-19T12:18:08.647+0530: 419.163: [GC (Allocation Failure) [PSYoungGen: 173664K->96K(174080K)] 181596K->8052K(523776K), 0.0011982 secs] [Times: user=0.00 sys=0.00, real=0.00 secs] 
2018-03-19T12:18:08.967+0530: 419.483: [GC (Allocation Failure) [PSYoungGen: 173664K->96K(174080K)] 181620K->8076K(523776K), 0.0009968 secs] [Times: user=0.00 sys=0.00, real=0.00 secs] 
2018-03-19T12:18:09.245+0530: 419.762: [GC (Allocation Failure) [PSYoungGen: 173664K->96K(174080K)] 181644K->8100K(523776K), 0.0011696 secs] [Times: user=0.00 sys=0.00, real=0.00 secs] 
2018-03-19T12:18:09.533+0530: 420.050: [GC (Allocation Failure) [PSYoungGen: 173664K->96K(174080K)] 181668K->8124K(523776K), 0.0009574 secs] [Times: user=0.00 sys=0.00, real=0.00 secs] 
2018-03-19T12:18:09.828+0530: 420.345: [GC (Allocation Failure) [PSYoungGen: 173664K->96K(174080K)] 181692K->8140K(523776K), 0.0009834 secs] [Times: user=0.00 sys=0.00, real=0.00 secs] 
2018-03-19T12:18:10.119+0530: 420.635: [GC (Allocation Failure) [PSYoungGen: 173664K->96K(174080K)] 181708K->8164K(523776K), 0.0010300 secs] [Times: user=0.00 sys=0.00, real=0.00 secs] 
2018-03-19T12:18:10.410+0530: 420.927: [GC (Allocation Failure) [PSYoungGen: 173664K->64K(174080K)] 181732K->8156K(523776K), 0.0010092 secs] [Times: user=0.00 sys=0.00, real=0.00 secs] 
2018-03-19T12:18:10.707+0530: 421.224: [GC (Allocation Failure) [PSYoungGen: 173632K->96K(174080K)] 181724K->8204K(523776K), 0.0011404 secs] [Times: user=0.00 sys=0.00, real=0.00 secs] 
2018-03-19T12:18:11.009+0530: 421.526: [GC (Allocation Failure) [PSYoungGen: 173664K->64K(174080K)] 181772K->8196K(523776K), 0.0011446 secs] [Times: user=0.00 sys=0.00, real=0.00 secs] 
2018-03-19T12:18:11.395+0530: 421.912: [GC (Allocation Failure) [PSYoungGen: 173632K->64K(174080K)] 181764K->8220K(523776K), 0.0011717 secs] [Times: user=0.00 sys=0.00, real=0.00 secs] 
2018-03-19T12:18:11.691+0530: 422.208: [GC (Allocation Failure) [PSYoungGen: 173632K->96K(174080K)] 181788K->8268K(523776K), 0.0009933 secs] [Times: user=0.00 sys=0.00, real=0.00 secs] 
2018-03-19T12:18:11.989+0530: 422.506: [GC (Allocation Failure) [PSYoungGen: 173664K->96K(174080K)] 181836K->8292K(523776K), 0.0010921 secs] [Times: user=0.00 sys=0.00, real=0.00 secs] 
2018-03-19T12:18:12.286+0530: 422.803: [GC (Allocation Failure) [PSYoungGen: 173664K->96K(174080K)] 181860K->8316K(523776K), 0.0011252 secs] [Times: user=0.00 sys=0.00, real=0.00 secs] 
2018-03-19T12:18:12.575+0530: 423.092: [GC (Allocation Failure) [PSYoungGen: 173664K->64K(174080K)] 181884K->8308K(523776K), 0.0009679 secs] [Times: user=0.00 sys=0.00, real=0.00 secs] 
2018-03-19T12:18:12.898+0530: 423.415: [GC (Allocation Failure) [PSYoungGen: 173632K->96K(174080K)] 181876K->8364K(523776K), 0.0010727 secs] [Times: user=0.00 sys=0.00, real=0.00 secs] 
2018-03-19T12:18:13.199+0530: 423.716: [GC (Allocation Failure) [PSYoungGen: 173664K->96K(174080K)] 181932K->8388K(523776K), 0.0012123 secs] [Times: user=0.00 sys=0.00, real=0.00 secs] 
2018-03-19T12:18:13.480+0530: 423.996: [GC (Allocation Failure) [PSYoungGen: 173664K->96K(174080K)] 181956K->8412K(523776K), 0.0009722 secs] [Times: user=0.00 sys=0.00, real=0.00 secs] 
2018-03-19T12:18:13.794+0530: 424.311: [GC (Allocation Failure) [PSYoungGen: 173664K->96K(174080K)] 181980K->8444K(523776K), 0.0011312 secs] [Times: user=0.00 sys=0.00, real=0.00 secs] 
2018-03-19T12:18:14.091+0530: 424.607: [GC (Allocation Failure) [PSYoungGen: 173664K->96K(174080K)] 182012K->8460K(523776K), 0.0010755 secs] [Times: user=0.00 sys=0.00, real=0.00 secs] 
2018-03-19T12:18:14.367+0530: 424.883: [GC (Allocation Failure) [PSYoungGen: 173664K->64K(174080K)] 182028K->8452K(523776K), 0.0011968 secs] [Times: user=0.00 sys=0.00, real=0.00 secs] 
2018-03-19T12:18:14.652+0530: 425.168: [GC (Allocation Failure) [PSYoungGen: 173632K->96K(174080K)] 182020K->8508K(523776K), 0.0009810 secs] [Times: user=0.00 sys=0.00, real=0.00 secs] 
2018-03-19T12:18:14.950+0530: 425.467: [GC (Allocation Failure) [PSYoungGen: 173664K->64K(174080K)] 182076K->8500K(523776K), 0.0012282 secs] [Times: user=0.00 sys=0.00, real=0.00 secs] 
2018-03-19T12:18:15.295+0530: 425.812: [GC (Allocation Failure) [PSYoungGen: 173632K->64K(174080K)] 182068K->8524K(523776K), 0.0009729 secs] [Times: user=0.00 sys=0.00, real=0.00 secs] 
2018-03-19T12:18:15.582+0530: 426.099: [GC (Allocation Failure) [PSYoungGen: 173632K->64K(174080K)] 182092K->8548K(523776K), 0.0009570 secs] [Times: user=0.00 sys=0.00, real=0.00 secs] 
2018-03-19T12:18:15.890+0530: 426.407: [GC (Allocation Failure) [PSYoungGen: 173632K->96K(174080K)] 182116K->8604K(523776K), 0.0011672 secs] [Times: user=0.00 sys=0.00, real=0.00 secs] 
2018-03-19T12:18:16.177+0530: 426.694: [GC (Allocation Failure) [PSYoungGen: 173664K->96K(174080K)] 182172K->8620K(523776K), 0.0009898 secs] [Times: user=0.00 sys=0.00, real=0.00 secs] 
2018-03-19T12:18:16.471+0530: 426.988: [GC (Allocation Failure) [PSYoungGen: 173664K->96K(174080K)] 182188K->8644K(523776K), 0.0010487 secs] [Times: user=0.00 sys=0.00, real=0.00 secs] 
2018-03-19T12:18:16.777+0530: 427.294: [GC (Allocation Failure) [PSYoungGen: 173664K->32K(174080K)] 182212K->8604K(523776K), 0.0012394 secs] [Times: user=0.00 sys=0.00, real=0.00 secs] 
2018-03-19T12:18:17.126+0530: 427.642: [GC (Allocation Failure) [PSYoungGen: 173600K->96K(174080K)] 182172K->8692K(523776K), 0.0009986 secs] [Times: user=0.00 sys=0.00, real=0.00 secs] 
2018-03-19T12:18:17.477+0530: 427.994: [GC (Allocation Failure) [PSYoungGen: 173664K->32K(174080K)] 182260K->8644K(523776K), 0.0018890 secs] [Times: user=0.03 sys=0.00, real=0.00 secs] 
2018-03-19T12:18:17.868+0530: 428.384: [GC (Allocation Failure) [PSYoungGen: 173600K->96K(174080K)] 182212K->8732K(523776K), 0.0010779 secs] [Times: user=0.00 sys=0.03, real=0.00 secs] 
2018-03-19T12:18:18.253+0530: 428.770: [GC (Allocation Failure) [PSYoungGen: 173664K->64K(174080K)] 182300K->8724K(523776K), 0.0011739 secs] [Times: user=0.00 sys=0.00, real=0.00 secs] 
2018-03-19T12:18:18.658+0530: 429.174: [GC (Allocation Failure) [PSYoungGen: 173632K->64K(174080K)] 182292K->8748K(523776K), 0.0019623 secs] [Times: user=0.00 sys=0.00, real=0.00 secs] 
2018-03-19T12:18:19.045+0530: 429.561: [GC (Allocation Failure) [PSYoungGen: 173632K->96K(174080K)] 182316K->8804K(523776K), 0.0010712 secs] [Times: user=0.00 sys=0.00, real=0.00 secs] 
2018-03-19T12:18:19.420+0530: 429.937: [GC (Allocation Failure) [PSYoungGen: 173664K->96K(174080K)] 182372K->8828K(523776K), 0.0010854 secs] [Times: user=0.00 sys=0.00, real=0.00 secs] 
2018-03-19T12:18:19.725+0530: 430.241: [GC (Allocation Failure) [PSYoungGen: 173664K->96K(174080K)] 182396K->8852K(523776K), 0.0011217 secs] [Times: user=0.00 sys=0.00, real=0.00 secs] 
2018-03-19T12:18:20.060+0530: 430.576: [GC (Allocation Failure) [PSYoungGen: 173664K->64K(174080K)] 182420K->8844K(523776K), 0.0012063 secs] [Times: user=0.00 sys=0.00, real=0.00 secs] 
2018-03-19T12:18:20.347+0530: 430.863: [GC (Allocation Failure) [PSYoungGen: 173632K->96K(174080K)] 182412K->8900K(523776K), 0.0011150 secs] [Times: user=0.00 sys=0.00, real=0.00 secs] 
2018-03-19T12:18:20.653+0530: 431.170: [GC (Allocation Failure) [PSYoungGen: 173664K->96K(174080K)] 182468K->8916K(523776K), 0.0011259 secs] [Times: user=0.00 sys=0.00, real=0.00 secs] 
2018-03-19T12:18:20.962+0530: 431.478: [GC (Allocation Failure) [PSYoungGen: 173664K->96K(174080K)] 182484K->8932K(523776K), 0.0009827 secs] [Times: user=0.00 sys=0.00, real=0.00 secs] 
2018-03-19T12:18:21.263+0530: 431.779: [GC (Allocation Failure) [PSYoungGen: 173664K->96K(174080K)] 182500K->8964K(523776K), 0.0010159 secs] [Times: user=0.00 sys=0.00, real=0.00 secs] 
2018-03-19T12:18:21.555+0530: 432.071: [GC (Allocation Failure) [PSYoungGen: 173664K->96K(174080K)] 182532K->8996K(523776K), 0.0010011 secs] [Times: user=0.00 sys=0.00, real=0.00 secs] 
2018-03-19T12:18:21.855+0530: 432.371: [GC (Allocation Failure) [PSYoungGen: 173664K->96K(174080K)] 182564K->9028K(523776K), 0.0009838 secs] [Times: user=0.00 sys=0.00, real=0.00 secs] 
2018-03-19T12:18:22.137+0530: 432.654: [GC (Allocation Failure) [PSYoungGen: 173664K->96K(174080K)] 182596K->9044K(523776K), 0.0009559 secs] [Times: user=0.00 sys=0.00, real=0.00 secs] 
2018-03-19T12:18:22.423+0530: 432.940: [GC (Allocation Failure) [PSYoungGen: 173664K->96K(174080K)] 182612K->9060K(523776K), 0.0011379 secs] [Times: user=0.00 sys=0.00, real=0.00 secs] 
2018-03-19T12:18:22.715+0530: 433.231: [GC (Allocation Failure) [PSYoungGen: 173664K->64K(174080K)] 182628K->9060K(523776K), 0.0011100 secs] [Times: user=0.00 sys=0.00, real=0.00 secs] 
2018-03-19T12:18:23.008+0530: 433.524: [GC (Allocation Failure) [PSYoungGen: 173632K->96K(174080K)] 182628K->9108K(523776K), 0.0011573 secs] [Times: user=0.01 sys=0.00, real=0.00 secs] 
2018-03-19T12:18:23.413+0530: 433.930: [GC (Allocation Failure) [PSYoungGen: 173664K->96K(174080K)] 182676K->9132K(523776K), 0.0011164 secs] [Times: user=0.00 sys=0.00, real=0.00 secs] 
2018-03-19T12:18:23.694+0530: 434.210: [GC (Allocation Failure) [PSYoungGen: 173664K->96K(174080K)] 182700K->9164K(523776K), 0.0009845 secs] [Times: user=0.00 sys=0.00, real=0.00 secs] 
2018-03-19T12:18:23.991+0530: 434.508: [GC (Allocation Failure) [PSYoungGen: 173664K->96K(174080K)] 182732K->9188K(523776K), 0.0012306 secs] [Times: user=0.00 sys=0.00, real=0.00 secs] 
2018-03-19T12:18:24.267+0530: 434.784: [GC (Allocation Failure) [PSYoungGen: 173664K->96K(174080K)] 182756K->9204K(523776K), 0.0012003 secs] [Times: user=0.00 sys=0.00, real=0.00 secs] 
2018-03-19T12:18:24.559+0530: 435.076: [GC (Allocation Failure) [PSYoungGen: 173664K->96K(174080K)] 182772K->9220K(523776K), 0.0009933 secs] [Times: user=0.00 sys=0.00, real=0.00 secs] 
2018-03-19T12:18:24.857+0530: 435.374: [GC (Allocation Failure) [PSYoungGen: 173664K->96K(174080K)] 182788K->9252K(523776K), 0.0012049 secs] [Times: user=0.00 sys=0.00, real=0.00 secs] 
2018-03-19T12:18:25.141+0530: 435.658: [GC (Allocation Failure) [PSYoungGen: 173664K->96K(174080K)] 182820K->9276K(523776K), 0.0009637 secs] [Times: user=0.00 sys=0.00, real=0.00 secs] 
2018-03-19T12:18:25.421+0530: 435.937: [GC (Allocation Failure) [PSYoungGen: 173664K->128K(174080K)] 182844K->9324K(523776K), 0.0009824 secs] [Times: user=0.00 sys=0.00, real=0.00 secs] 
2018-03-19T12:18:25.702+0530: 436.219: [GC (Allocation Failure) [PSYoungGen: 173696K->96K(174080K)] 182892K->9308K(523776K), 0.0011220 secs] [Times: user=0.00 sys=0.00, real=0.00 secs] 
2018-03-19T12:18:25.988+0530: 436.505: [GC (Allocation Failure) [PSYoungGen: 173664K->96K(174080K)] 182876K->9340K(523776K), 0.0011453 secs] [Times: user=0.00 sys=0.00, real=0.00 secs] 
2018-03-19T12:18:26.268+0530: 436.786: [GC (Allocation Failure) [PSYoungGen: 173664K->96K(174080K)] 182908K->9356K(523776K), 0.0011855 secs] [Times: user=0.00 sys=0.00, real=0.00 secs] 
2018-03-19T12:18:26.548+0530: 437.064: [GC (Allocation Failure) [PSYoungGen: 173664K->96K(174080K)] 182924K->9372K(523776K), 0.0009256 secs] [Times: user=0.00 sys=0.00, real=0.00 secs] 
2018-03-19T12:18:26.836+0530: 437.352: [GC (Allocation Failure) [PSYoungGen: 173664K->96K(174080K)] 182940K->9404K(523776K), 0.0009528 secs] [Times: user=0.00 sys=0.00, real=0.00 secs] 
2018-03-19T12:18:27.117+0530: 437.633: [GC (Allocation Failure) [PSYoungGen: 173664K->96K(174080K)] 182972K->9420K(523776K), 0.0012673 secs] [Times: user=0.00 sys=0.00, real=0.00 secs] 
2018-03-19T12:18:27.496+0530: 438.012: [GC (Allocation Failure) [PSYoungGen: 173664K->96K(174080K)] 182988K->9444K(523776K), 0.0009820 secs] [Times: user=0.00 sys=0.00, real=0.00 secs] 
2018-03-19T12:18:27.781+0530: 438.297: [GC (Allocation Failure) [PSYoungGen: 173664K->64K(174080K)] 183012K->9444K(523776K), 0.0011157 secs] [Times: user=0.00 sys=0.00, real=0.00 secs] 
2018-03-19T12:18:28.061+0530: 438.578: [GC (Allocation Failure) [PSYoungGen: 173632K->96K(174080K)] 183012K->9508K(523776K), 0.0012514 secs] [Times: user=0.00 sys=0.00, real=0.00 secs] 
2018-03-19T12:18:28.347+0530: 438.863: [GC (Allocation Failure) [PSYoungGen: 173664K->96K(174080K)] 183076K->9524K(523776K), 0.0010720 secs] [Times: user=0.00 sys=0.00, real=0.00 secs] 
2018-03-19T12:18:28.626+0530: 439.143: [GC (Allocation Failure) [PSYoungGen: 173664K->64K(174080K)] 183092K->9516K(523776K), 0.0009584 secs] [Times: user=0.00 sys=0.00, real=0.00 secs] 
2018-03-19T12:18:28.919+0530: 439.436: [GC (Allocation Failure) [PSYoungGen: 173632K->96K(174080K)] 183084K->9564K(523776K), 0.0010695 secs] [Times: user=0.00 sys=0.00, real=0.00 secs] 
2018-03-19T12:18:29.198+0530: 439.715: [GC (Allocation Failure) [PSYoungGen: 173664K->96K(174080K)] 183132K->9580K(523776K), 0.0009715 secs] [Times: user=0.00 sys=0.00, real=0.00 secs] 
2018-03-19T12:18:29.476+0530: 439.993: [GC (Allocation Failure) [PSYoungGen: 173664K->96K(174080K)] 183148K->9596K(523776K), 0.0009609 secs] [Times: user=0.00 sys=0.00, real=0.00 secs] 
2018-03-19T12:18:29.761+0530: 440.278: [GC (Allocation Failure) [PSYoungGen: 173664K->96K(174080K)] 183164K->9620K(523776K), 0.0010804 secs] [Times: user=0.00 sys=0.00, real=0.00 secs] 
2018-03-19T12:18:30.071+0530: 440.588: [GC (Allocation Failure) [PSYoungGen: 173664K->96K(174080K)] 183188K->9652K(523776K), 0.0011672 secs] [Times: user=0.00 sys=0.00, real=0.00 secs] 
2018-03-19T12:18:30.357+0530: 440.873: [GC (Allocation Failure) [PSYoungGen: 173664K->96K(174080K)] 183220K->9676K(523776K), 0.0009919 secs] [Times: user=0.00 sys=0.00, real=0.00 secs] 
2018-03-19T12:18:30.635+0530: 441.151: [GC (Allocation Failure) [PSYoungGen: 173664K->96K(174080K)] 183244K->9692K(523776K), 0.0009380 secs] [Times: user=0.00 sys=0.00, real=0.00 secs] 
2018-03-19T12:18:30.934+0530: 441.451: [GC (Allocation Failure) [PSYoungGen: 173664K->96K(174080K)] 183260K->9716K(523776K), 0.0009894 secs] [Times: user=0.00 sys=0.00, real=0.00 secs] 
2018-03-19T12:18:31.291+0530: 441.807: [GC (Allocation Failure) [PSYoungGen: 173664K->96K(174080K)] 183284K->9740K(523776K), 0.0012881 secs] [Times: user=0.00 sys=0.00, real=0.00 secs] 
2018-03-19T12:18:31.595+0530: 442.112: [GC (Allocation Failure) [PSYoungGen: 173664K->96K(174080K)] 183308K->9772K(523776K), 0.0010212 secs] [Times: user=0.00 sys=0.00, real=0.00 secs] 
2018-03-19T12:18:31.921+0530: 442.438: [GC (Allocation Failure) [PSYoungGen: 173664K->96K(174080K)] 183340K->9804K(523776K), 0.0010748 secs] [Times: user=0.00 sys=0.00, real=0.00 secs] 
2018-03-19T12:18:32.352+0530: 442.869: [GC (Allocation Failure) [PSYoungGen: 173664K->64K(174080K)] 183372K->9796K(523776K), 0.0010596 secs] [Times: user=0.06 sys=0.00, real=0.00 secs] 
2018-03-19T12:18:32.659+0530: 443.176: [GC (Allocation Failure) [PSYoungGen: 173632K->96K(174080K)] 183364K->9844K(523776K), 0.0010067 secs] [Times: user=0.00 sys=0.00, real=0.00 secs] 
2018-03-19T12:18:32.992+0530: 443.510: [GC (Allocation Failure) [PSYoungGen: 173664K->96K(174080K)] 183412K->9868K(523776K), 0.0012056 secs] [Times: user=0.00 sys=0.02, real=0.00 secs] 
2018-03-19T12:18:33.292+0530: 443.809: [GC (Allocation Failure) [PSYoungGen: 173664K->96K(174080K)] 183436K->9884K(523776K), 0.0010427 secs] [Times: user=0.00 sys=0.00, real=0.00 secs] 
2018-03-19T12:18:33.607+0530: 444.124: [GC (Allocation Failure) [PSYoungGen: 173664K->64K(174080K)] 183452K->9876K(523776K), 0.0010480 secs] [Times: user=0.00 sys=0.00, real=0.00 secs] 
2018-03-19T12:18:33.926+0530: 444.442: [GC (Allocation Failure) [PSYoungGen: 173632K->96K(174080K)] 183444K->9924K(523776K), 0.0012983 secs] [Times: user=0.00 sys=0.00, real=0.00 secs] 
2018-03-19T12:18:34.233+0530: 444.750: [GC (Allocation Failure) [PSYoungGen: 173664K->64K(174080K)] 183492K->9908K(523776K), 0.0010409 secs] [Times: user=0.00 sys=0.00, real=0.00 secs] 
2018-03-19T12:18:34.534+0530: 445.051: [GC (Allocation Failure) [PSYoungGen: 173632K->96K(174080K)] 183476K->9964K(523776K), 0.0011717 secs] [Times: user=0.00 sys=0.00, real=0.00 secs] 
2018-03-19T12:18:34.850+0530: 445.367: [GC (Allocation Failure) [PSYoungGen: 173664K->96K(174080K)] 183532K->9980K(523776K), 0.0013823 secs] [Times: user=0.00 sys=0.00, real=0.00 secs] 
2018-03-19T12:18:35.228+0530: 445.745: [GC (Allocation Failure) [PSYoungGen: 173664K->64K(174080K)] 183548K->9964K(523776K), 0.0022536 secs] [Times: user=0.00 sys=0.00, real=0.00 secs] 
2018-03-19T12:18:35.598+0530: 446.114: [GC (Allocation Failure) [PSYoungGen: 173632K->64K(174080K)] 183532K->9988K(523776K), 0.0014006 secs] [Times: user=0.00 sys=0.00, real=0.00 secs] 
2018-03-19T12:18:35.924+0530: 446.440: [GC (Allocation Failure) [PSYoungGen: 173632K->96K(174080K)] 183556K->10044K(523776K), 0.0012105 secs] [Times: user=0.00 sys=0.00, real=0.00 secs] 
2018-03-19T12:18:36.241+0530: 446.758: [GC (Allocation Failure) [PSYoungGen: 173664K->96K(174080K)] 183612K->10060K(523776K), 0.0013071 secs] [Times: user=0.00 sys=0.00, real=0.00 secs] 
2018-03-19T12:18:36.551+0530: 447.067: [GC (Allocation Failure) [PSYoungGen: 173664K->64K(174080K)] 183628K->10052K(523776K), 0.0011435 secs] [Times: user=0.00 sys=0.00, real=0.00 secs] 
2018-03-19T12:18:36.857+0530: 447.373: [GC (Allocation Failure) [PSYoungGen: 173632K->64K(174080K)] 183620K->10076K(523776K), 0.0010035 secs] [Times: user=0.00 sys=0.00, real=0.00 secs] 
2018-03-19T12:18:37.156+0530: 447.672: [GC (Allocation Failure) [PSYoungGen: 173632K->64K(174080K)] 183644K->10092K(523776K), 0.0009803 secs] [Times: user=0.00 sys=0.00, real=0.00 secs] 
2018-03-19T12:18:37.451+0530: 447.967: [GC (Allocation Failure) [PSYoungGen: 173632K->96K(174080K)] 183660K->10140K(523776K), 0.0011732 secs] [Times: user=0.00 sys=0.00, real=0.00 secs] 
2018-03-19T12:18:37.758+0530: 448.274: [GC (Allocation Failure) [PSYoungGen: 173664K->96K(174080K)] 183708K->10156K(523776K), 0.0012592 secs] [Times: user=0.00 sys=0.00, real=0.00 secs] 
2018-03-19T12:18:38.060+0530: 448.577: [GC (Allocation Failure) [PSYoungGen: 173664K->96K(174080K)] 183724K->10180K(523776K), 0.0010011 secs] [Times: user=0.00 sys=0.00, real=0.00 secs] 
2018-03-19T12:18:38.360+0530: 448.877: [GC (Allocation Failure) [PSYoungGen: 173664K->96K(174080K)] 183748K->10204K(523776K), 0.0011076 secs] [Times: user=0.00 sys=0.00, real=0.00 secs] 
2018-03-19T12:18:38.666+0530: 449.183: [GC (Allocation Failure) [PSYoungGen: 173664K->64K(174080K)] 183772K->10196K(523776K), 0.0011513 secs] [Times: user=0.00 sys=0.00, real=0.00 secs] 
2018-03-19T12:18:39.114+0530: 449.631: [GC (Allocation Failure) [PSYoungGen: 173632K->128K(174080K)] 183764K->10276K(523776K), 0.0010293 secs] [Times: user=0.00 sys=0.00, real=0.00 secs] 
2018-03-19T12:18:39.527+0530: 450.043: [GC (Allocation Failure) [PSYoungGen: 173696K->96K(174080K)] 183844K->10268K(523776K), 0.0010339 secs] [Times: user=0.00 sys=0.00, real=0.00 secs] 
2018-03-19T12:18:39.837+0530: 450.354: [GC (Allocation Failure) [PSYoungGen: 173664K->64K(174080K)] 183836K->10260K(523776K), 0.0010247 secs] [Times: user=0.00 sys=0.00, real=0.00 secs] 
2018-03-19T12:18:40.157+0530: 450.673: [GC (Allocation Failure) [PSYoungGen: 173632K->96K(174080K)] 183828K->10316K(523776K), 0.0012232 secs] [Times: user=0.00 sys=0.00, real=0.00 secs] 
2018-03-19T12:18:40.475+0530: 450.992: [GC (Allocation Failure) [PSYoungGen: 173664K->96K(174080K)] 183884K->10332K(523776K), 0.0011090 secs] [Times: user=0.00 sys=0.00, real=0.00 secs] 
2018-03-19T12:18:40.808+0530: 451.325: [GC (Allocation Failure) [PSYoungGen: 173664K->96K(174080K)] 183900K->10356K(523776K), 0.0010268 secs] [Times: user=0.00 sys=0.00, real=0.00 secs] 
2018-03-19T12:18:41.127+0530: 451.644: [GC (Allocation Failure) [PSYoungGen: 173664K->96K(174080K)] 183924K->10372K(523776K), 0.0010515 secs] [Times: user=0.00 sys=0.00, real=0.00 secs] 
2018-03-19T12:18:41.442+0530: 451.958: [GC (Allocation Failure) [PSYoungGen: 173664K->96K(174080K)] 183940K->10404K(523776K), 0.0012176 secs] [Times: user=0.00 sys=0.00, real=0.00 secs] 
2018-03-19T12:18:41.753+0530: 452.270: [GC (Allocation Failure) [PSYoungGen: 173664K->96K(174080K)] 183972K->10436K(523776K), 0.0013071 secs] [Times: user=0.00 sys=0.00, real=0.00 secs] 
2018-03-19T12:18:42.061+0530: 452.578: [GC (Allocation Failure) [PSYoungGen: 173664K->64K(174080K)] 184004K->10428K(523776K), 0.0010406 secs] [Times: user=0.00 sys=0.00, real=0.00 secs] 
2018-03-19T12:18:42.372+0530: 452.889: [GC (Allocation Failure) [PSYoungGen: 173632K->96K(174080K)] 183996K->10476K(523776K), 0.0013262 secs] [Times: user=0.00 sys=0.00, real=0.00 secs] 
2018-03-19T12:18:42.799+0530: 453.316: [GC (Allocation Failure) [PSYoungGen: 173664K->64K(174080K)] 184044K->10460K(523776K), 0.0024814 secs] [Times: user=0.00 sys=0.00, real=0.00 secs] 
2018-03-19T12:18:43.206+0530: 453.723: [GC (Allocation Failure) [PSYoungGen: 173632K->32K(174080K)] 184028K->10444K(523776K), 0.0017345 secs] [Times: user=0.00 sys=0.00, real=0.00 secs] 
2018-03-19T12:18:43.583+0530: 454.100: [GC (Allocation Failure) [PSYoungGen: 173600K->96K(174080K)] 184012K->10524K(523776K), 0.0011220 secs] [Times: user=0.00 sys=0.00, real=0.00 secs] 
2018-03-19T12:18:43.905+0530: 454.422: [GC (Allocation Failure) [PSYoungGen: 173664K->96K(174080K)] 184092K->10548K(523776K), 0.0011700 secs] [Times: user=0.00 sys=0.00, real=0.00 secs] 
2018-03-19T12:18:44.212+0530: 454.729: [GC (Allocation Failure) [PSYoungGen: 173664K->96K(174080K)] 184116K->10564K(523776K), 0.0010018 secs] [Times: user=0.00 sys=0.00, real=0.00 secs] 
2018-03-19T12:18:44.514+0530: 455.030: [GC (Allocation Failure) [PSYoungGen: 173664K->96K(174080K)] 184132K->10588K(523776K), 0.0011721 secs] [Times: user=0.00 sys=0.00, real=0.00 secs] 
2018-03-19T12:18:44.831+0530: 455.348: [GC (Allocation Failure) [PSYoungGen: 173664K->96K(174080K)] 184156K->10612K(523776K), 0.0012278 secs] [Times: user=0.00 sys=0.00, real=0.00 secs] 
2018-03-19T12:18:45.154+0530: 455.671: [GC (Allocation Failure) [PSYoungGen: 173664K->96K(174080K)] 184180K->10644K(523776K), 0.0009849 secs] [Times: user=0.00 sys=0.00, real=0.00 secs] 
2018-03-19T12:18:45.447+0530: 455.963: [GC (Allocation Failure) [PSYoungGen: 173664K->96K(174080K)] 184212K->10660K(523776K), 0.0011016 secs] [Times: user=0.00 sys=0.00, real=0.00 secs] 
2018-03-19T12:18:45.726+0530: 456.243: [GC (Allocation Failure) [PSYoungGen: 173664K->96K(174080K)] 184228K->10684K(523776K), 0.0010381 secs] [Times: user=0.00 sys=0.00, real=0.00 secs] 
2018-03-19T12:18:46.025+0530: 456.541: [GC (Allocation Failure) [PSYoungGen: 173664K->96K(174080K)] 184252K->10716K(523776K), 0.0010413 secs] [Times: user=0.00 sys=0.00, real=0.00 secs] 
2018-03-19T12:18:46.313+0530: 456.830: [GC (Allocation Failure) [PSYoungGen: 173664K->96K(174080K)] 184284K->10740K(523776K), 0.0010134 secs] [Times: user=0.00 sys=0.00, real=0.00 secs] 
2018-03-19T12:18:46.602+0530: 457.118: [GC (Allocation Failure) [PSYoungGen: 173664K->96K(174080K)] 184308K->10764K(523776K), 0.0011047 secs] [Times: user=0.00 sys=0.00, real=0.00 secs] 
2018-03-19T12:18:46.894+0530: 457.410: [GC (Allocation Failure) [PSYoungGen: 173664K->96K(174080K)] 184332K->10780K(523776K), 0.0010124 secs] [Times: user=0.00 sys=0.00, real=0.00 secs] 
2018-03-19T12:18:47.187+0530: 457.704: [GC (Allocation Failure) [PSYoungGen: 173664K->64K(174080K)] 184348K->10772K(523776K), 0.0012511 secs] [Times: user=0.00 sys=0.00, real=0.00 secs] 
2018-03-19T12:18:47.492+0530: 458.009: [GC (Allocation Failure) [PSYoungGen: 173632K->96K(174080K)] 184340K->10836K(523776K), 0.0009309 secs] [Times: user=0.00 sys=0.02, real=0.00 secs] 
2018-03-19T12:18:47.776+0530: 458.292: [GC (Allocation Failure) [PSYoungGen: 173664K->96K(174080K)] 184404K->10852K(523776K), 0.0011248 secs] [Times: user=0.00 sys=0.00, real=0.00 secs] 
2018-03-19T12:18:48.062+0530: 458.580: [GC (Allocation Failure) [PSYoungGen: 173664K->96K(174080K)] 184420K->10876K(523776K), 0.0009267 secs] [Times: user=0.00 sys=0.00, real=0.00 secs] 
2018-03-19T12:18:48.345+0530: 458.861: [GC (Allocation Failure) [PSYoungGen: 173664K->96K(174080K)] 184444K->10900K(523776K), 0.0011728 secs] [Times: user=0.00 sys=0.00, real=0.00 secs] 
2018-03-19T12:18:48.635+0530: 459.152: [GC (Allocation Failure) [PSYoungGen: 173664K->96K(174080K)] 184468K->10932K(523776K), 0.0009803 secs] [Times: user=0.00 sys=0.00, real=0.00 secs] 
2018-03-19T12:18:48.937+0530: 459.453: [GC (Allocation Failure) [PSYoungGen: 173664K->96K(174080K)] 184500K->10964K(523776K), 0.0009436 secs] [Times: user=0.00 sys=0.00, real=0.00 secs] 
2018-03-19T12:18:49.231+0530: 459.747: [GC (Allocation Failure) [PSYoungGen: 173664K->96K(174080K)] 184532K->10988K(523776K), 0.0010511 secs] [Times: user=0.00 sys=0.00, real=0.00 secs] 
2018-03-19T12:18:49.522+0530: 460.039: [GC (Allocation Failure) [PSYoungGen: 173664K->32K(174080K)] 184556K->10948K(523776K), 0.0011813 secs] [Times: user=0.00 sys=0.00, real=0.00 secs] 
2018-03-19T12:18:49.820+0530: 460.337: [GC (Allocation Failure) [PSYoungGen: 173600K->64K(174080K)] 184516K->11004K(523776K), 0.0009940 secs] [Times: user=0.00 sys=0.00, real=0.00 secs] 
2018-03-19T12:18:50.138+0530: 460.654: [GC (Allocation Failure) [PSYoungGen: 173632K->96K(174080K)] 184572K->11060K(523776K), 0.0010434 secs] [Times: user=0.00 sys=0.00, real=0.00 secs] 
2018-03-19T12:18:50.427+0530: 460.943: [GC (Allocation Failure) [PSYoungGen: 173664K->96K(174080K)] 184628K->11084K(523776K), 0.0010973 secs] [Times: user=0.00 sys=0.00, real=0.00 secs] 
2018-03-19T12:18:50.722+0530: 461.239: [GC (Allocation Failure) [PSYoungGen: 173664K->96K(174080K)] 184652K->11108K(523776K), 0.0009380 secs] [Times: user=0.00 sys=0.00, real=0.00 secs] 
2018-03-19T12:18:51.018+0530: 461.535: [GC (Allocation Failure) [PSYoungGen: 173664K->96K(174080K)] 184676K->11132K(523776K), 0.0011474 secs] [Times: user=0.00 sys=0.00, real=0.00 secs] 
2018-03-19T12:18:51.361+0530: 461.877: [GC (Allocation Failure) [PSYoungGen: 173664K->96K(174080K)] 184700K->11156K(523776K), 0.0012500 secs] [Times: user=0.00 sys=0.00, real=0.00 secs] 
2018-03-19T12:18:51.647+0530: 462.164: [GC (Allocation Failure) [PSYoungGen: 173664K->64K(174080K)] 184724K->11148K(523776K), 0.0010896 secs] [Times: user=0.00 sys=0.00, real=0.00 secs] 
2018-03-19T12:18:51.975+0530: 462.492: [GC (Allocation Failure) [PSYoungGen: 173632K->96K(174080K)] 184716K->11204K(523776K), 0.0009898 secs] [Times: user=0.00 sys=0.00, real=0.00 secs] 
2018-03-19T12:18:52.255+0530: 462.771: [GC (Allocation Failure) [PSYoungGen: 173664K->96K(174080K)] 184772K->11220K(523776K), 0.0011139 secs] [Times: user=0.00 sys=0.00, real=0.00 secs] 
2018-03-19T12:18:52.534+0530: 463.051: [GC (Allocation Failure) [PSYoungGen: 173664K->32K(174080K)] 184788K->11180K(523776K), 0.0009457 secs] [Times: user=0.00 sys=0.00, real=0.00 secs] 
2018-03-19T12:18:52.834+0530: 463.350: [GC (Allocation Failure) [PSYoungGen: 173600K->64K(174080K)] 184748K->11244K(523776K), 0.0013787 secs] [Times: user=0.00 sys=0.00, real=0.00 secs] 
2018-03-19T12:18:53.123+0530: 463.641: [GC (Allocation Failure) [PSYoungGen: 173632K->96K(174080K)] 184812K->11300K(523776K), 0.0010356 secs] [Times: user=0.00 sys=0.00, real=0.00 secs] 
2018-03-19T12:18:53.408+0530: 463.925: [GC (Allocation Failure) [PSYoungGen: 173664K->32K(174080K)] 184868K->11260K(523776K), 0.0010064 secs] [Times: user=0.00 sys=0.00, real=0.00 secs] 
2018-03-19T12:18:53.712+0530: 464.229: [GC (Allocation Failure) [PSYoungGen: 173600K->96K(174080K)] 184828K->11340K(523776K), 0.0011541 secs] [Times: user=0.00 sys=0.00, real=0.00 secs] 
2018-03-19T12:18:54.006+0530: 464.523: [GC (Allocation Failure) [PSYoungGen: 173664K->96K(174080K)] 184908K->11372K(523776K), 0.0010663 secs] [Times: user=0.00 sys=0.00, real=0.00 secs] 
2018-03-19T12:18:54.286+0530: 464.803: [GC (Allocation Failure) [PSYoungGen: 173664K->64K(174080K)] 184940K->11364K(523776K), 0.0008801 secs] [Times: user=0.00 sys=0.00, real=0.00 secs] 
2018-03-19T12:18:54.559+0530: 465.075: [GC (Allocation Failure) [PSYoungGen: 173632K->96K(174080K)] 184932K->11428K(523776K), 0.0010645 secs] [Times: user=0.00 sys=0.00, real=0.00 secs] 
2018-03-19T12:18:54.850+0530: 465.366: [GC (Allocation Failure) [PSYoungGen: 173664K->96K(174080K)] 184996K->11452K(523776K), 0.0013276 secs] [Times: user=0.00 sys=0.00, real=0.00 secs] 
2018-03-19T12:18:55.151+0530: 465.667: [GC (Allocation Failure) [PSYoungGen: 173664K->64K(174080K)] 185020K->11436K(523776K), 0.0011114 secs] [Times: user=0.00 sys=0.00, real=0.00 secs] 
2018-03-19T12:18:55.511+0530: 466.027: [GC (Allocation Failure) [PSYoungGen: 173632K->96K(174080K)] 185004K->11500K(523776K), 0.0011365 secs] [Times: user=0.00 sys=0.00, real=0.00 secs] 
2018-03-19T12:18:55.802+0530: 466.318: [GC (Allocation Failure) [PSYoungGen: 173664K->32K(174080K)] 185068K->11460K(523776K), 0.0009933 secs] [Times: user=0.00 sys=0.00, real=0.00 secs] 
2018-03-19T12:18:56.090+0530: 466.606: [GC (Allocation Failure) [PSYoungGen: 173600K->96K(174080K)] 185028K->11548K(523776K), 0.0010071 secs] [Times: user=0.00 sys=0.00, real=0.00 secs] 
2018-03-19T12:18:56.394+0530: 466.910: [GC (Allocation Failure) [PSYoungGen: 173664K->96K(174080K)] 185116K->11572K(523776K), 0.0012458 secs] [Times: user=0.00 sys=0.00, real=0.00 secs] 
2018-03-19T12:18:56.723+0530: 467.240: [GC (Allocation Failure) [PSYoungGen: 173664K->32K(174080K)] 185140K->11532K(523776K), 0.0012232 secs] [Times: user=0.00 sys=0.00, real=0.00 secs] 
2018-03-19T12:18:57.053+0530: 467.570: [GC (Allocation Failure) [PSYoungGen: 173600K->96K(174080K)] 185100K->11620K(523776K), 0.0015166 secs] [Times: user=0.00 sys=0.00, real=0.00 secs] 
2018-03-19T12:18:57.558+0530: 468.075: [GC (Allocation Failure) [PSYoungGen: 173664K->96K(174080K)] 185188K->11644K(523776K), 0.0011284 secs] [Times: user=0.00 sys=0.00, real=0.00 secs] 
2018-03-19T12:18:57.900+0530: 468.416: [GC (Allocation Failure) [PSYoungGen: 173664K->64K(174080K)] 185212K->11636K(523776K), 0.0011569 secs] [Times: user=0.00 sys=0.00, real=0.00 secs] 
2018-03-19T12:18:58.233+0530: 468.750: [GC (Allocation Failure) [PSYoungGen: 173632K->32K(174080K)] 185204K->11628K(523776K), 0.0011531 secs] [Times: user=0.00 sys=0.00, real=0.00 secs] 
2018-03-19T12:18:58.541+0530: 469.057: [GC (Allocation Failure) [PSYoungGen: 173600K->96K(174080K)] 185196K->11724K(523776K), 0.0010705 secs] [Times: user=0.00 sys=0.00, real=0.00 secs] 
2018-03-19T12:18:58.863+0530: 469.379: [GC (Allocation Failure) [PSYoungGen: 173664K->96K(174080K)] 185292K->11748K(523776K), 0.0010064 secs] [Times: user=0.00 sys=0.00, real=0.00 secs] 
2018-03-19T12:18:59.198+0530: 469.715: [GC (Allocation Failure) [PSYoungGen: 173664K->96K(174080K)] 185316K->11764K(523776K), 0.0013248 secs] [Times: user=0.00 sys=0.00, real=0.00 secs] 
2018-03-19T12:18:59.523+0530: 470.040: [GC (Allocation Failure) [PSYoungGen: 173664K->96K(174080K)] 185332K->11788K(523776K), 0.0011132 secs] [Times: user=0.02 sys=0.00, real=0.00 secs] 
2018-03-19T12:18:59.829+0530: 470.346: [GC (Allocation Failure) [PSYoungGen: 173664K->96K(174080K)] 185356K->11812K(523776K), 0.0010554 secs] [Times: user=0.00 sys=0.00, real=0.00 secs] 
2018-03-19T12:19:00.162+0530: 470.678: [GC (Allocation Failure) [PSYoungGen: 173664K->96K(174080K)] 185380K->11836K(523776K), 0.0012179 secs] [Times: user=0.00 sys=0.00, real=0.00 secs] 
2018-03-19T12:19:00.462+0530: 470.978: [GC (Allocation Failure) [PSYoungGen: 173664K->96K(174080K)] 185404K->11860K(523776K), 0.0009912 secs] [Times: user=0.00 sys=0.00, real=0.00 secs] 
2018-03-19T12:19:00.753+0530: 471.269: [GC (Allocation Failure) [PSYoungGen: 173664K->64K(174080K)] 185428K->11852K(523776K), 0.0009369 secs] [Times: user=0.00 sys=0.00, real=0.00 secs] 
2018-03-19T12:19:01.050+0530: 471.567: [GC (Allocation Failure) [PSYoungGen: 173632K->96K(174080K)] 185420K->11908K(523776K), 0.0010885 secs] [Times: user=0.00 sys=0.00, real=0.00 secs] 
2018-03-19T12:19:01.336+0530: 471.852: [GC (Allocation Failure) [PSYoungGen: 173664K->64K(174080K)] 185476K->11900K(523776K), 0.0010617 secs] [Times: user=0.00 sys=0.00, real=0.00 secs] 
2018-03-19T12:19:01.617+0530: 472.134: [GC (Allocation Failure) [PSYoungGen: 173632K->64K(174080K)] 185468K->11924K(523776K), 0.0009538 secs] [Times: user=0.00 sys=0.00, real=0.00 secs] 
2018-03-19T12:19:01.916+0530: 472.433: [GC (Allocation Failure) [PSYoungGen: 173632K->96K(174080K)] 185492K->11980K(523776K), 0.0010600 secs] [Times: user=0.00 sys=0.00, real=0.00 secs] 
2018-03-19T12:19:02.206+0530: 472.723: [GC (Allocation Failure) [PSYoungGen: 173664K->64K(174080K)] 185548K->11964K(523776K), 0.0011862 secs] [Times: user=0.00 sys=0.00, real=0.00 secs] 
2018-03-19T12:19:02.498+0530: 473.014: [GC (Allocation Failure) [PSYoungGen: 173632K->32K(174080K)] 185532K->11956K(523776K), 0.0012677 secs] [Times: user=0.00 sys=0.00, real=0.00 secs] 
2018-03-19T12:19:02.798+0530: 473.315: [GC (Allocation Failure) [PSYoungGen: 173600K->96K(174080K)] 185524K->12052K(523776K), 0.0009919 secs] [Times: user=0.00 sys=0.00, real=0.00 secs] 
2018-03-19T12:19:03.101+0530: 473.618: [GC (Allocation Failure) [PSYoungGen: 173664K->96K(174080K)] 185620K->12084K(523776K), 0.0010998 secs] [Times: user=0.00 sys=0.00, real=0.00 secs] 
2018-03-19T12:19:03.627+0530: 474.144: [GC (Allocation Failure) [PSYoungGen: 173664K->96K(174080K)] 185652K->12116K(523776K), 0.0011559 secs] [Times: user=0.00 sys=0.00, real=0.00 secs] 
2018-03-19T12:19:03.931+0530: 474.447: [GC (Allocation Failure) [PSYoungGen: 173664K->96K(174080K)] 185684K->12140K(523776K), 0.0011918 secs] [Times: user=0.00 sys=0.00, real=0.00 secs] 
2018-03-19T12:19:04.219+0530: 474.735: [GC (Allocation Failure) [PSYoungGen: 173664K->96K(174080K)] 185708K->12164K(523776K), 0.0010349 secs] [Times: user=0.00 sys=0.00, real=0.00 secs] 
2018-03-19T12:19:04.509+0530: 475.026: [GC (Allocation Failure) [PSYoungGen: 173664K->96K(174080K)] 185732K->12180K(523776K), 0.0011922 secs] [Times: user=0.00 sys=0.00, real=0.00 secs] 
2018-03-19T12:19:04.800+0530: 475.316: [GC (Allocation Failure) [PSYoungGen: 173664K->96K(174080K)] 185748K->12212K(523776K), 0.0010970 secs] [Times: user=0.00 sys=0.00, real=0.00 secs] 
2018-03-19T12:19:05.083+0530: 475.600: [GC (Allocation Failure) [PSYoungGen: 173664K->96K(174080K)] 185780K->12236K(523776K), 0.0012084 secs] [Times: user=0.00 sys=0.00, real=0.00 secs] 
2018-03-19T12:19:05.383+0530: 475.900: [GC (Allocation Failure) [PSYoungGen: 173664K->64K(174080K)] 185804K->12228K(523776K), 0.0009648 secs] [Times: user=0.06 sys=0.00, real=0.00 secs] 
2018-03-19T12:19:05.663+0530: 476.180: [GC (Allocation Failure) [PSYoungGen: 173632K->64K(174080K)] 185796K->12260K(523776K), 0.0010018 secs] [Times: user=0.00 sys=0.00, real=0.00 secs] 
2018-03-19T12:19:05.961+0530: 476.478: [GC (Allocation Failure) [PSYoungGen: 173632K->96K(174080K)] 185828K->12324K(523776K), 0.0010571 secs] [Times: user=0.00 sys=0.00, real=0.00 secs] 
2018-03-19T12:19:06.256+0530: 476.773: [GC (Allocation Failure) [PSYoungGen: 173664K->96K(174080K)] 185892K->12340K(523776K), 0.0011083 secs] [Times: user=0.00 sys=0.00, real=0.00 secs] 
2018-03-19T12:19:06.547+0530: 477.063: [GC (Allocation Failure) [PSYoungGen: 173664K->32K(174080K)] 185908K->12300K(523776K), 0.0009358 secs] [Times: user=0.00 sys=0.00, real=0.00 secs] 
2018-03-19T12:19:06.832+0530: 477.348: [GC (Allocation Failure) [PSYoungGen: 173600K->96K(174080K)] 185868K->12388K(523776K), 0.0011234 secs] [Times: user=0.00 sys=0.00, real=0.00 secs] 
2018-03-19T12:19:07.121+0530: 477.638: [GC (Allocation Failure) [PSYoungGen: 173664K->128K(174080K)] 185956K->12452K(523776K), 0.0010575 secs] [Times: user=0.00 sys=0.00, real=0.00 secs] 
2018-03-19T12:19:07.491+0530: 478.007: [GC (Allocation Failure) [PSYoungGen: 173696K->96K(174080K)] 186020K->12444K(523776K), 0.0009313 secs] [Times: user=0.00 sys=0.00, real=0.00 secs] 
2018-03-19T12:19:07.776+0530: 478.293: [GC (Allocation Failure) [PSYoungGen: 173664K->64K(174080K)] 186012K->12444K(523776K), 0.0011453 secs] [Times: user=0.00 sys=0.00, real=0.00 secs] 
2018-03-19T12:19:08.070+0530: 478.587: [GC (Allocation Failure) [PSYoungGen: 173632K->96K(174080K)] 186012K->12492K(523776K), 0.0011728 secs] [Times: user=0.00 sys=0.00, real=0.00 secs] 
2018-03-19T12:19:08.356+0530: 478.872: [GC (Allocation Failure) [PSYoungGen: 173664K->96K(174080K)] 186060K->12508K(523776K), 0.0155483 secs] [Times: user=0.00 sys=0.00, real=0.02 secs] 
2018-03-19T12:19:08.652+0530: 479.169: [GC (Allocation Failure) [PSYoungGen: 173664K->32K(174080K)] 186076K->12468K(523776K), 0.0011199 secs] [Times: user=0.00 sys=0.00, real=0.00 secs] 
2018-03-19T12:19:08.936+0530: 479.453: [GC (Allocation Failure) [PSYoungGen: 173600K->96K(174080K)] 186036K->12556K(523776K), 0.0010067 secs] [Times: user=0.00 sys=0.00, real=0.00 secs] 
2018-03-19T12:19:09.223+0530: 479.739: [GC (Allocation Failure) [PSYoungGen: 173664K->96K(174080K)] 186124K->12572K(523776K), 0.0011259 secs] [Times: user=0.00 sys=0.00, real=0.00 secs] 
2018-03-19T12:19:09.500+0530: 480.017: [GC (Allocation Failure) [PSYoungGen: 173664K->64K(174080K)] 186140K->12572K(523776K), 0.0010286 secs] [Times: user=0.00 sys=0.00, real=0.00 secs] 
2018-03-19T12:19:09.782+0530: 480.298: [GC (Allocation Failure) [PSYoungGen: 173632K->64K(174080K)] 186140K->12596K(523776K), 0.0009916 secs] [Times: user=0.00 sys=0.00, real=0.00 secs] 
2018-03-19T12:19:10.073+0530: 480.589: [GC (Allocation Failure) [PSYoungGen: 173632K->96K(174080K)] 186164K->12660K(523776K), 0.0012712 secs] [Times: user=0.00 sys=0.00, real=0.00 secs] 
2018-03-19T12:19:10.390+0530: 480.907: [GC (Allocation Failure) [PSYoungGen: 173664K->96K(174080K)] 186228K->12684K(523776K), 0.0011520 secs] [Times: user=0.00 sys=0.00, real=0.00 secs] 
2018-03-19T12:19:10.689+0530: 481.206: [GC (Allocation Failure) [PSYoungGen: 173664K->96K(174080K)] 186252K->12716K(523776K), 0.0010145 secs] [Times: user=0.00 sys=0.00, real=0.00 secs] 
2018-03-19T12:19:11.030+0530: 481.547: [GC (Allocation Failure) [PSYoungGen: 173664K->32K(174080K)] 186284K->12668K(523776K), 0.0021242 secs] [Times: user=0.00 sys=0.00, real=0.00 secs] 
2018-03-19T12:19:11.554+0530: 482.070: [GC (Allocation Failure) [PSYoungGen: 173600K->96K(174080K)] 186236K->12756K(523776K), 0.0011908 secs] [Times: user=0.00 sys=0.00, real=0.00 secs] 
2018-03-19T12:19:11.898+0530: 482.414: [GC (Allocation Failure) [PSYoungGen: 173664K->96K(174080K)] 186324K->12772K(523776K), 0.0012871 secs] [Times: user=0.00 sys=0.00, real=0.00 secs] 
2018-03-19T12:19:12.226+0530: 482.743: [GC (Allocation Failure) [PSYoungGen: 173664K->64K(174080K)] 186340K->12772K(523776K), 0.0013131 secs] [Times: user=0.01 sys=0.00, real=0.00 secs] 
2018-03-19T12:19:12.545+0530: 483.062: [GC (Allocation Failure) [PSYoungGen: 173632K->96K(174080K)] 186340K->12820K(523776K), 0.0011474 secs] [Times: user=0.00 sys=0.00, real=0.00 secs] 
2018-03-19T12:19:12.881+0530: 483.398: [GC (Allocation Failure) [PSYoungGen: 173664K->96K(174080K)] 186388K->12844K(523776K), 0.0010311 secs] [Times: user=0.00 sys=0.00, real=0.00 secs] 
2018-03-19T12:19:13.184+0530: 483.701: [GC (Allocation Failure) [PSYoungGen: 173664K->96K(174080K)] 186412K->12868K(523776K), 0.0012158 secs] [Times: user=0.00 sys=0.00, real=0.00 secs] 
2018-03-19T12:19:13.481+0530: 483.997: [GC (Allocation Failure) [PSYoungGen: 173664K->64K(174080K)] 186436K->12852K(523776K), 0.0012038 secs] [Times: user=0.00 sys=0.00, real=0.00 secs] 
2018-03-19T12:19:13.789+0530: 484.305: [GC (Allocation Failure) [PSYoungGen: 173632K->96K(174080K)] 186420K->12908K(523776K), 0.0010906 secs] [Times: user=0.00 sys=0.00, real=0.00 secs] 
2018-03-19T12:19:14.076+0530: 484.593: [GC (Allocation Failure) [PSYoungGen: 173664K->96K(174080K)] 186476K->12940K(523776K), 0.0009926 secs] [Times: user=0.00 sys=0.00, real=0.00 secs] 
2018-03-19T12:19:14.367+0530: 484.884: [GC (Allocation Failure) [PSYoungGen: 173664K->64K(174080K)] 186508K->12940K(523776K), 0.0009591 secs] [Times: user=0.00 sys=0.00, real=0.00 secs] 
2018-03-19T12:19:14.654+0530: 485.171: [GC (Allocation Failure) [PSYoungGen: 173632K->64K(174080K)] 186508K->12964K(523776K), 0.0010653 secs] [Times: user=0.00 sys=0.00, real=0.00 secs] 
2018-03-19T12:19:14.970+0530: 485.486: [GC (Allocation Failure) [PSYoungGen: 173632K->32K(174080K)] 186532K->12956K(523776K), 0.0011330 secs] [Times: user=0.00 sys=0.00, real=0.00 secs] 
2018-03-19T12:19:15.408+0530: 485.925: [GC (Allocation Failure) [PSYoungGen: 173600K->64K(174080K)] 186524K->13012K(523776K), 0.0013689 secs] [Times: user=0.00 sys=0.00, real=0.00 secs] 
2018-03-19T12:19:15.711+0530: 486.228: [GC (Allocation Failure) [PSYoungGen: 173632K->64K(174080K)] 186580K->13036K(523776K), 0.0011541 secs] [Times: user=0.00 sys=0.00, real=0.00 secs] 
2018-03-19T12:19:16.001+0530: 486.517: [GC (Allocation Failure) [PSYoungGen: 173632K->32K(174080K)] 186604K->13028K(523776K), 0.0010416 secs] [Times: user=0.00 sys=0.00, real=0.00 secs] 
2018-03-19T12:19:16.287+0530: 486.804: [GC (Allocation Failure) [PSYoungGen: 173600K->32K(174080K)] 186596K->13052K(523776K), 0.0012373 secs] [Times: user=0.00 sys=0.00, real=0.00 secs] 
2018-03-19T12:19:16.579+0530: 487.095: [GC (Allocation Failure) [PSYoungGen: 173600K->96K(174080K)] 186620K->13140K(523776K), 0.0011277 secs] [Times: user=0.00 sys=0.00, real=0.00 secs] 
2018-03-19T12:19:16.870+0530: 487.387: [GC (Allocation Failure) [PSYoungGen: 173664K->96K(174080K)] 186708K->13164K(523776K), 0.0011788 secs] [Times: user=0.00 sys=0.00, real=0.00 secs] 
2018-03-19T12:19:17.159+0530: 487.675: [GC (Allocation Failure) [PSYoungGen: 173664K->96K(174080K)] 186732K->13188K(523776K), 0.0010903 secs] [Times: user=0.00 sys=0.00, real=0.00 secs] 
2018-03-19T12:19:17.445+0530: 487.961: [GC (Allocation Failure) [PSYoungGen: 173664K->96K(174080K)] 186756K->13220K(523776K), 0.0009574 secs] [Times: user=0.00 sys=0.00, real=0.00 secs] 
2018-03-19T12:19:17.735+0530: 488.252: [GC (Allocation Failure) [PSYoungGen: 173664K->64K(174080K)] 186788K->13204K(523776K), 0.0015138 secs] [Times: user=0.00 sys=0.00, real=0.00 secs] 
2018-03-19T12:19:18.036+0530: 488.552: [GC (Allocation Failure) [PSYoungGen: 173632K->64K(174080K)] 186772K->13220K(523776K), 0.0010667 secs] [Times: user=0.00 sys=0.00, real=0.00 secs] 
2018-03-19T12:19:18.338+0530: 488.855: [GC (Allocation Failure) [PSYoungGen: 173632K->96K(174080K)] 186788K->13276K(523776K), 0.0010473 secs] [Times: user=0.00 sys=0.00, real=0.00 secs] 
2018-03-19T12:19:18.637+0530: 489.153: [GC (Allocation Failure) [PSYoungGen: 173664K->128K(174080K)] 186844K->13332K(523776K), 0.0011707 secs] [Times: user=0.00 sys=0.00, real=0.00 secs] 
2018-03-19T12:19:18.980+0530: 489.496: [GC (Allocation Failure) [PSYoungGen: 173696K->64K(174080K)] 186900K->13300K(523776K), 0.0011453 secs] [Times: user=0.00 sys=0.00, real=0.00 secs] 
2018-03-19T12:19:19.479+0530: 489.996: [GC (Allocation Failure) [PSYoungGen: 173632K->96K(174080K)] 186868K->13364K(523776K), 0.0010325 secs] [Times: user=0.00 sys=0.00, real=0.00 secs] 
2018-03-19T12:19:19.770+0530: 490.286: [GC (Allocation Failure) [PSYoungGen: 173664K->32K(174080K)] 186932K->13332K(523776K), 0.0010765 secs] [Times: user=0.00 sys=0.00, real=0.00 secs] 
2018-03-19T12:19:20.057+0530: 490.574: [GC (Allocation Failure) [PSYoungGen: 173600K->64K(174080K)] 186900K->13396K(523776K), 0.0011460 secs] [Times: user=0.00 sys=0.00, real=0.00 secs] 
2018-03-19T12:19:20.488+0530: 491.005: [GC (Allocation Failure) [PSYoungGen: 173632K->64K(174080K)] 186964K->13420K(523776K), 0.0015582 secs] [Times: user=0.00 sys=0.00, real=0.00 secs] 
2018-03-19T12:19:21.037+0530: 491.554: [GC (Allocation Failure) [PSYoungGen: 173632K->96K(174080K)] 186988K->13476K(523776K), 0.0015706 secs] [Times: user=0.00 sys=0.00, real=0.00 secs] 
2018-03-19T12:19:21.579+0530: 492.096: [GC (Allocation Failure) [PSYoungGen: 173664K->96K(174080K)] 187044K->13492K(523776K), 0.0014746 secs] [Times: user=0.00 sys=0.00, real=0.00 secs] 
2018-03-19T12:19:22.165+0530: 492.682: [GC (Allocation Failure) [PSYoungGen: 173664K->96K(174080K)] 187060K->13516K(523776K), 0.0013128 secs] [Times: user=0.00 sys=0.00, real=0.00 secs] 
2018-03-19T12:19:22.507+0530: 493.023: [GC (Allocation Failure) [PSYoungGen: 173664K->96K(174080K)] 187084K->13540K(523776K), 0.0012895 secs] [Times: user=0.00 sys=0.00, real=0.00 secs] 
2018-03-19T12:19:22.963+0530: 493.480: [GC (Allocation Failure) [PSYoungGen: 173664K->96K(174080K)] 187108K->13572K(523776K), 0.0019182 secs] [Times: user=0.00 sys=0.00, real=0.00 secs] 
2018-03-19T12:19:23.529+0530: 494.046: [GC (Allocation Failure) [PSYoungGen: 173664K->96K(174080K)] 187140K->13596K(523776K), 0.0022567 secs] [Times: user=0.00 sys=0.00, real=0.00 secs] 
2018-03-19T12:19:23.949+0530: 494.466: [GC (Allocation Failure) [PSYoungGen: 173664K->96K(174080K)] 187164K->13628K(523776K), 0.0013883 secs] [Times: user=0.00 sys=0.00, real=0.00 secs] 
2018-03-19T12:19:24.274+0530: 494.790: [GC (Allocation Failure) [PSYoungGen: 173664K->96K(174080K)] 187196K->13660K(523776K), 0.0010868 secs] [Times: user=0.01 sys=0.01, real=0.00 secs] 
2018-03-19T12:19:24.677+0530: 495.194: [GC (Allocation Failure) [PSYoungGen: 173664K->96K(174080K)] 187228K->13692K(523776K), 0.0011908 secs] [Times: user=0.00 sys=0.00, real=0.00 secs] 
2018-03-19T12:19:24.997+0530: 495.514: [GC (Allocation Failure) [PSYoungGen: 173664K->96K(174080K)] 187260K->13724K(523776K), 0.0011160 secs] [Times: user=0.00 sys=0.00, real=0.00 secs] 
2018-03-19T12:19:25.507+0530: 496.023: [GC (Allocation Failure) [PSYoungGen: 173664K->96K(174080K)] 187292K->13756K(523776K), 0.0016714 secs] [Times: user=0.00 sys=0.00, real=0.00 secs] 
2018-03-19T12:19:25.843+0530: 496.360: [GC (Allocation Failure) [PSYoungGen: 173664K->64K(174080K)] 187324K->13748K(523776K), 0.0013466 secs] [Times: user=0.00 sys=0.00, real=0.00 secs] 
2018-03-19T12:19:26.304+0530: 496.820: [GC (Allocation Failure) [PSYoungGen: 173632K->96K(174080K)] 187316K->13796K(523776K), 0.0014009 secs] [Times: user=0.00 sys=0.00, real=0.00 secs] 
2018-03-19T12:19:26.614+0530: 497.131: [GC (Allocation Failure) [PSYoungGen: 173664K->96K(174080K)] 187364K->13828K(523776K), 0.0009944 secs] [Times: user=0.00 sys=0.00, real=0.00 secs] 
2018-03-19T12:19:27.065+0530: 497.582: [GC (Allocation Failure) [PSYoungGen: 173664K->96K(174080K)] 187396K->13860K(523776K), 0.0010293 secs] [Times: user=0.00 sys=0.00, real=0.00 secs] 
2018-03-19T12:19:27.393+0530: 497.910: [GC (Allocation Failure) [PSYoungGen: 173664K->96K(174080K)] 187428K->13892K(523776K), 0.0011897 secs] [Times: user=0.00 sys=0.00, real=0.00 secs] 
2018-03-19T12:19:27.728+0530: 498.244: [GC (Allocation Failure) [PSYoungGen: 173664K->96K(174080K)] 187460K->13908K(523776K), 0.0027003 secs] [Times: user=0.00 sys=0.00, real=0.00 secs] 
2018-03-19T12:19:28.085+0530: 498.601: [GC (Allocation Failure) [PSYoungGen: 173664K->96K(174080K)] 187476K->13940K(523776K), 0.0012084 secs] [Times: user=0.00 sys=0.00, real=0.00 secs] 
2018-03-19T12:19:28.416+0530: 498.932: [GC (Allocation Failure) [PSYoungGen: 173664K->32K(174080K)] 187508K->13892K(523776K), 0.0012811 secs] [Times: user=0.00 sys=0.00, real=0.00 secs] 
2018-03-19T12:19:28.740+0530: 499.256: [GC (Allocation Failure) [PSYoungGen: 173600K->64K(174080K)] 187460K->13940K(523776K), 0.0011591 secs] [Times: user=0.00 sys=0.00, real=0.00 secs] 
2018-03-19T12:19:29.061+0530: 499.577: [GC (Allocation Failure) [PSYoungGen: 173632K->96K(174080K)] 187508K->13996K(523776K), 0.0012098 secs] [Times: user=0.00 sys=0.00, real=0.00 secs] 
2018-03-19T12:19:29.357+0530: 499.873: [GC (Allocation Failure) [PSYoungGen: 173664K->96K(174080K)] 187564K->14020K(523776K), 0.0012359 secs] [Times: user=0.00 sys=0.00, real=0.00 secs] 
2018-03-19T12:19:29.658+0530: 500.174: [GC (Allocation Failure) [PSYoungGen: 173664K->64K(174080K)] 187588K->14020K(523776K), 0.0011284 secs] [Times: user=0.00 sys=0.00, real=0.00 secs] 
2018-03-19T12:19:29.965+0530: 500.482: [GC (Allocation Failure) [PSYoungGen: 173632K->96K(174080K)] 187588K->14084K(523776K), 0.0011876 secs] [Times: user=0.00 sys=0.00, real=0.00 secs] 
2018-03-19T12:19:30.272+0530: 500.789: [GC (Allocation Failure) [PSYoungGen: 173664K->96K(174080K)] 187652K->14108K(523776K), 0.0010074 secs] [Times: user=0.00 sys=0.00, real=0.00 secs] 
2018-03-19T12:19:30.582+0530: 501.099: [GC (Allocation Failure) [PSYoungGen: 173664K->96K(174080K)] 187676K->14132K(523776K), 0.0009619 secs] [Times: user=0.00 sys=0.00, real=0.00 secs] 
2018-03-19T12:19:30.879+0530: 501.395: [GC (Allocation Failure) [PSYoungGen: 173664K->96K(174080K)] 187700K->14164K(523776K), 0.0011774 secs] [Times: user=0.00 sys=0.00, real=0.00 secs] 
2018-03-19T12:19:31.192+0530: 501.709: [GC (Allocation Failure) [PSYoungGen: 173664K->96K(174080K)] 187732K->14180K(523776K), 0.0015392 secs] [Times: user=0.00 sys=0.00, real=0.00 secs] 
2018-03-19T12:19:31.531+0530: 502.047: [GC (Allocation Failure) [PSYoungGen: 173664K->64K(174080K)] 187748K->14180K(523776K), 0.0010134 secs] [Times: user=0.00 sys=0.00, real=0.00 secs] 
2018-03-19T12:19:31.831+0530: 502.348: [GC (Allocation Failure) [PSYoungGen: 173632K->96K(174080K)] 187748K->14244K(523776K), 0.0009401 secs] [Times: user=0.00 sys=0.00, real=0.00 secs] 
2018-03-19T12:19:32.120+0530: 502.637: [GC (Allocation Failure) [PSYoungGen: 173664K->96K(174080K)] 187812K->14268K(523776K), 0.0011407 secs] [Times: user=0.00 sys=0.00, real=0.00 secs] 
2018-03-19T12:19:32.403+0530: 502.920: [GC (Allocation Failure) [PSYoungGen: 173664K->96K(174080K)] 187836K->14300K(523776K), 0.0011125 secs] [Times: user=0.00 sys=0.00, real=0.00 secs] 
2018-03-19T12:19:32.688+0530: 503.204: [GC (Allocation Failure) [PSYoungGen: 173664K->64K(174080K)] 187868K->14292K(523776K), 0.0010772 secs] [Times: user=0.00 sys=0.00, real=0.00 secs] 
2018-03-19T12:19:33.001+0530: 503.517: [GC (Allocation Failure) [PSYoungGen: 173632K->64K(174080K)] 187860K->14324K(523776K), 0.0009894 secs] [Times: user=0.00 sys=0.00, real=0.00 secs] 
2018-03-19T12:19:33.284+0530: 503.801: [GC (Allocation Failure) [PSYoungGen: 173632K->96K(174080K)] 187892K->14372K(523776K), 0.0009753 secs] [Times: user=0.00 sys=0.00, real=0.00 secs] 
2018-03-19T12:19:33.585+0530: 504.102: [GC (Allocation Failure) [PSYoungGen: 173664K->64K(174080K)] 187940K->14364K(523776K), 0.0011622 secs] [Times: user=0.00 sys=0.00, real=0.00 secs] 
2018-03-19T12:19:33.925+0530: 504.441: [GC (Allocation Failure) [PSYoungGen: 173632K->64K(174080K)] 187932K->14396K(523776K), 0.0010219 secs] [Times: user=0.00 sys=0.00, real=0.00 secs] 
2018-03-19T12:19:34.222+0530: 504.738: [GC (Allocation Failure) [PSYoungGen: 173632K->96K(174080K)] 187964K->14452K(523776K), 0.0012476 secs] [Times: user=0.00 sys=0.00, real=0.00 secs] 
2018-03-19T12:19:34.496+0530: 505.013: [GC (Allocation Failure) [PSYoungGen: 173664K->64K(174080K)] 188020K->14452K(523776K), 0.0009168 secs] [Times: user=0.00 sys=0.00, real=0.00 secs] 
2018-03-19T12:19:34.789+0530: 505.305: [GC (Allocation Failure) [PSYoungGen: 173632K->64K(174080K)] 188020K->14484K(523776K), 0.0012310 secs] [Times: user=0.00 sys=0.00, real=0.00 secs] 
2018-03-19T12:19:35.083+0530: 505.600: [GC (Allocation Failure) [PSYoungGen: 173632K->96K(174080K)] 188052K->14540K(523776K), 0.0011372 secs] [Times: user=0.00 sys=0.00, real=0.00 secs] 
2018-03-19T12:19:35.430+0530: 505.946: [GC (Allocation Failure) [PSYoungGen: 173664K->96K(174080K)] 188108K->14572K(523776K), 0.0011915 secs] [Times: user=0.00 sys=0.00, real=0.00 secs] 
2018-03-19T12:19:35.710+0530: 506.227: [GC (Allocation Failure) [PSYoungGen: 173664K->96K(174080K)] 188140K->14604K(523776K), 0.0011266 secs] [Times: user=0.00 sys=0.00, real=0.00 secs] 
2018-03-19T12:19:36.000+0530: 506.517: [GC (Allocation Failure) [PSYoungGen: 173664K->32K(174080K)] 188172K->14564K(523776K), 0.0011277 secs] [Times: user=0.00 sys=0.00, real=0.00 secs] 
2018-03-19T12:19:36.287+0530: 506.804: [GC (Allocation Failure) [PSYoungGen: 173600K->96K(174080K)] 188132K->14652K(523776K), 0.0011294 secs] [Times: user=0.00 sys=0.00, real=0.00 secs] 
2018-03-19T12:19:36.566+0530: 507.083: [GC (Allocation Failure) [PSYoungGen: 173664K->64K(174080K)] 188220K->14652K(523776K), 0.0010268 secs] [Times: user=0.00 sys=0.00, real=0.00 secs] 
2018-03-19T12:19:36.865+0530: 507.382: [GC (Allocation Failure) [PSYoungGen: 173632K->64K(174080K)] 188220K->14676K(523776K), 0.0010952 secs] [Times: user=0.00 sys=0.00, real=0.00 secs] 
2018-03-19T12:19:37.165+0530: 507.682: [GC (Allocation Failure) [PSYoungGen: 173632K->64K(174080K)] 188244K->14708K(523776K), 0.0011199 secs] [Times: user=0.00 sys=0.00, real=0.00 secs] 
2018-03-19T12:19:37.471+0530: 507.987: [GC (Allocation Failure) [PSYoungGen: 173632K->96K(174080K)] 188276K->14764K(523776K), 0.0014969 secs] [Times: user=0.00 sys=0.00, real=0.00 secs] 
2018-03-19T12:19:37.947+0530: 508.464: [GC (Allocation Failure) [PSYoungGen: 173664K->96K(174080K)] 188332K->14780K(523776K), 0.0025769 secs] [Times: user=0.00 sys=0.00, real=0.00 secs] 
2018-03-19T12:19:38.275+0530: 508.792: [GC (Allocation Failure) [PSYoungGen: 173664K->96K(174080K)] 188348K->14796K(523776K), 0.0011735 secs] [Times: user=0.00 sys=0.00, real=0.00 secs] 
2018-03-19T12:19:38.573+0530: 509.090: [GC (Allocation Failure) [PSYoungGen: 173664K->96K(174080K)] 188364K->14828K(523776K), 0.0011361 secs] [Times: user=0.00 sys=0.00, real=0.00 secs] 
2018-03-19T12:19:38.900+0530: 509.416: [GC (Allocation Failure) [PSYoungGen: 173664K->32K(174080K)] 188396K->14788K(523776K), 0.0012215 secs] [Times: user=0.00 sys=0.00, real=0.00 secs] 
2018-03-19T12:19:39.238+0530: 509.754: [GC (Allocation Failure) [PSYoungGen: 173600K->96K(174080K)] 188356K->14876K(523776K), 0.0013258 secs] [Times: user=0.00 sys=0.00, real=0.00 secs] 
2018-03-19T12:19:39.550+0530: 510.066: [GC (Allocation Failure) [PSYoungGen: 173664K->64K(174080K)] 188444K->14868K(523776K), 0.0012662 secs] [Times: user=0.00 sys=0.00, real=0.00 secs] 
2018-03-19T12:19:39.856+0530: 510.373: [GC (Allocation Failure) [PSYoungGen: 173632K->64K(174080K)] 188436K->14900K(523776K), 0.0011760 secs] [Times: user=0.00 sys=0.00, real=0.00 secs] 
2018-03-19T12:19:40.155+0530: 510.671: [GC (Allocation Failure) [PSYoungGen: 173632K->64K(174080K)] 188468K->14932K(523776K), 0.0011100 secs] [Times: user=0.00 sys=0.00, real=0.00 secs] 
2018-03-19T12:19:40.458+0530: 510.974: [GC (Allocation Failure) [PSYoungGen: 173632K->64K(174080K)] 188500K->14964K(523776K), 0.0012158 secs] [Times: user=0.00 sys=0.00, real=0.00 secs] 
2018-03-19T12:19:40.760+0530: 511.276: [GC (Allocation Failure) [PSYoungGen: 173632K->96K(174080K)] 188532K->15028K(523776K), 0.0011566 secs] [Times: user=0.00 sys=0.00, real=0.00 secs] 
2018-03-19T12:19:41.052+0530: 511.568: [GC (Allocation Failure) [PSYoungGen: 173664K->96K(174080K)] 188596K->15044K(523776K), 0.0011083 secs] [Times: user=0.00 sys=0.00, real=0.00 secs] 
2018-03-19T12:19:41.342+0530: 511.858: [GC (Allocation Failure) [PSYoungGen: 173664K->96K(174080K)] 188612K->15076K(523776K), 0.0011326 secs] [Times: user=0.00 sys=0.00, real=0.00 secs] 
2018-03-19T12:19:41.622+0530: 512.138: [GC (Allocation Failure) [PSYoungGen: 173664K->96K(174080K)] 188644K->15100K(523776K), 0.0009376 secs] [Times: user=0.00 sys=0.00, real=0.00 secs] 
2018-03-19T12:19:41.910+0530: 512.426: [GC (Allocation Failure) [PSYoungGen: 173664K->32K(174080K)] 188668K->15060K(523776K), 0.0011132 secs] [Times: user=0.00 sys=0.00, real=0.00 secs] 
2018-03-19T12:19:42.188+0530: 512.705: [GC (Allocation Failure) [PSYoungGen: 173600K->64K(174080K)] 188628K->15116K(523776K), 0.0009598 secs] [Times: user=0.00 sys=0.00, real=0.00 secs] 
2018-03-19T12:19:42.470+0530: 512.987: [GC (Allocation Failure) [PSYoungGen: 173632K->96K(174080K)] 188684K->15172K(523776K), 0.0010850 secs] [Times: user=0.00 sys=0.00, real=0.00 secs] 
2018-03-19T12:19:42.759+0530: 513.276: [GC (Allocation Failure) [PSYoungGen: 173664K->96K(174080K)] 188740K->15204K(523776K), 0.0009930 secs] [Times: user=0.00 sys=0.00, real=0.00 secs] 
2018-03-19T12:19:43.047+0530: 513.563: [GC (Allocation Failure) [PSYoungGen: 173664K->96K(174080K)] 188772K->15228K(523776K), 0.0010991 secs] [Times: user=0.00 sys=0.00, real=0.00 secs] 
2018-03-19T12:19:43.497+0530: 514.013: [GC (Allocation Failure) [PSYoungGen: 173664K->96K(174080K)] 188796K->15244K(523776K), 0.0015318 secs] [Times: user=0.00 sys=0.00, real=0.00 secs] 
2018-03-19T12:19:43.811+0530: 514.327: [GC (Allocation Failure) [PSYoungGen: 173664K->96K(174080K)] 188812K->15268K(523776K), 0.0012098 secs] [Times: user=0.00 sys=0.00, real=0.00 secs] 
2018-03-19T12:19:44.121+0530: 514.638: [GC (Allocation Failure) [PSYoungGen: 173664K->96K(174080K)] 188836K->15300K(523776K), 0.0010265 secs] [Times: user=0.00 sys=0.00, real=0.00 secs] 
2018-03-19T12:19:44.420+0530: 514.937: [GC (Allocation Failure) [PSYoungGen: 173664K->96K(174080K)] 188868K->15332K(523776K), 0.0010388 secs] [Times: user=0.00 sys=0.00, real=0.00 secs] 
2018-03-19T12:19:44.723+0530: 515.240: [GC (Allocation Failure) [PSYoungGen: 173664K->96K(174080K)] 188900K->15364K(523776K), 0.0012116 secs] [Times: user=0.00 sys=0.00, real=0.00 secs] 
2018-03-19T12:19:45.113+0530: 515.630: [GC (Allocation Failure) [PSYoungGen: 173664K->96K(174080K)] 188932K->15396K(523776K), 0.0014143 secs] [Times: user=0.00 sys=0.00, real=0.00 secs] 
2018-03-19T12:19:45.443+0530: 515.960: [GC (Allocation Failure) [PSYoungGen: 173664K->32K(174080K)] 188964K->15356K(523776K), 0.0014094 secs] [Times: user=0.00 sys=0.00, real=0.00 secs] 
2018-03-19T12:19:45.765+0530: 516.282: [GC (Allocation Failure) [PSYoungGen: 173600K->64K(174080K)] 188924K->15420K(523776K), 0.0012853 secs] [Times: user=0.00 sys=0.00, real=0.00 secs] 
2018-03-19T12:19:46.067+0530: 516.584: [GC (Allocation Failure) [PSYoungGen: 173632K->96K(174080K)] 188988K->15476K(523776K), 0.0012155 secs] [Times: user=0.00 sys=0.00, real=0.00 secs] 
2018-03-19T12:19:46.372+0530: 516.889: [GC (Allocation Failure) [PSYoungGen: 173664K->96K(174080K)] 189044K->15508K(523776K), 0.0010303 secs] [Times: user=0.00 sys=0.00, real=0.00 secs] 
2018-03-19T12:19:46.661+0530: 517.178: [GC (Allocation Failure) [PSYoungGen: 173664K->96K(174080K)] 189076K->15532K(523776K), 0.0010180 secs] [Times: user=0.00 sys=0.00, real=0.00 secs] 
2018-03-19T12:19:46.968+0530: 517.485: [GC (Allocation Failure) [PSYoungGen: 173664K->96K(174080K)] 189100K->15564K(523776K), 0.0010198 secs] [Times: user=0.00 sys=0.00, real=0.00 secs] 
2018-03-19T12:19:47.315+0530: 517.831: [GC (Allocation Failure) [PSYoungGen: 173664K->64K(174080K)] 189132K->15564K(523776K), 0.0012296 secs] [Times: user=0.00 sys=0.00, real=0.00 secs] 
2018-03-19T12:19:47.616+0530: 518.133: [GC (Allocation Failure) [PSYoungGen: 173632K->64K(174080K)] 189132K->15588K(523776K), 0.0010265 secs] [Times: user=0.00 sys=0.00, real=0.00 secs] 
2018-03-19T12:19:47.922+0530: 518.438: [GC (Allocation Failure) [PSYoungGen: 173632K->64K(174080K)] 189156K->15620K(523776K), 0.0010173 secs] [Times: user=0.00 sys=0.00, real=0.00 secs] 
2018-03-19T12:19:48.218+0530: 518.735: [GC (Allocation Failure) [PSYoungGen: 173632K->96K(174080K)] 189188K->15676K(523776K), 0.0011421 secs] [Times: user=0.00 sys=0.00, real=0.00 secs] 
2018-03-19T12:19:48.509+0530: 519.026: [GC (Allocation Failure) [PSYoungGen: 173664K->96K(174080K)] 189244K->15708K(523776K), 0.0010057 secs] [Times: user=0.00 sys=0.00, real=0.00 secs] 
2018-03-19T12:19:48.815+0530: 519.332: [GC (Allocation Failure) [PSYoungGen: 173664K->64K(174080K)] 189276K->15708K(523776K), 0.0009482 secs] [Times: user=0.00 sys=0.00, real=0.00 secs] 
2018-03-19T12:19:49.108+0530: 519.625: [GC (Allocation Failure) [PSYoungGen: 173632K->128K(174080K)] 189276K->15796K(523776K), 0.0011252 secs] [Times: user=0.00 sys=0.00, real=0.00 secs] 
2018-03-19T12:19:49.408+0530: 519.924: [GC (Allocation Failure) [PSYoungGen: 173696K->96K(174080K)] 189364K->15780K(523776K), 0.0009976 secs] [Times: user=0.00 sys=0.00, real=0.00 secs] 
2018-03-19T12:19:49.693+0530: 520.209: [GC (Allocation Failure) [PSYoungGen: 173664K->96K(174080K)] 189348K->15812K(523776K), 0.0010423 secs] [Times: user=0.00 sys=0.00, real=0.00 secs] 
2018-03-19T12:19:50.021+0530: 520.537: [GC (Allocation Failure) [PSYoungGen: 173664K->64K(174080K)] 189380K->15812K(523776K), 0.0009499 secs] [Times: user=0.00 sys=0.00, real=0.00 secs] 
2018-03-19T12:19:50.315+0530: 520.832: [GC (Allocation Failure) [PSYoungGen: 173632K->96K(174080K)] 189380K->15868K(523776K), 0.0011196 secs] [Times: user=0.00 sys=0.00, real=0.00 secs] 
2018-03-19T12:19:50.610+0530: 521.127: [GC (Allocation Failure) [PSYoungGen: 173664K->64K(174080K)] 189436K->15868K(523776K), 0.0331985 secs] [Times: user=0.00 sys=0.00, real=0.03 secs] 
2018-03-19T12:19:50.947+0530: 521.464: [GC (Allocation Failure) [PSYoungGen: 173632K->96K(174080K)] 189436K->15916K(523776K), 0.0010166 secs] [Times: user=0.00 sys=0.00, real=0.00 secs] 
2018-03-19T12:19:51.308+0530: 521.824: [GC (Allocation Failure) [PSYoungGen: 173664K->96K(174080K)] 189484K->15948K(523776K), 0.0012938 secs] [Times: user=0.00 sys=0.00, real=0.00 secs] 
2018-03-19T12:19:51.655+0530: 522.172: [GC (Allocation Failure) [PSYoungGen: 173664K->32K(174080K)] 189516K->15900K(523776K), 0.0027807 secs] [Times: user=0.00 sys=0.00, real=0.00 secs] 
2018-03-19T12:19:52.089+0530: 522.605: [GC (Allocation Failure) [PSYoungGen: 173600K->96K(174080K)] 189468K->15980K(523776K), 0.0011079 secs] [Times: user=0.00 sys=0.00, real=0.00 secs] 
2018-03-19T12:19:52.431+0530: 522.948: [GC (Allocation Failure) [PSYoungGen: 173664K->96K(174080K)] 189548K->15996K(523776K), 0.0010702 secs] [Times: user=0.00 sys=0.00, real=0.00 secs] 
2018-03-19T12:19:52.789+0530: 523.306: [GC (Allocation Failure) [PSYoungGen: 173664K->96K(174080K)] 189564K->16012K(523776K), 0.0015995 secs] [Times: user=0.01 sys=0.00, real=0.00 secs] 
2018-03-19T12:19:53.118+0530: 523.634: [GC (Allocation Failure) [PSYoungGen: 173664K->96K(174080K)] 189580K->16036K(523776K), 0.0013403 secs] [Times: user=0.02 sys=0.00, real=0.00 secs] 
2018-03-19T12:19:53.438+0530: 523.954: [GC (Allocation Failure) [PSYoungGen: 173664K->96K(174080K)] 189604K->16060K(523776K), 0.0012394 secs] [Times: user=0.00 sys=0.00, real=0.00 secs] 
2018-03-19T12:19:53.729+0530: 524.245: [GC (Allocation Failure) [PSYoungGen: 173664K->96K(174080K)] 189628K->16092K(523776K), 0.0010734 secs] [Times: user=0.00 sys=0.00, real=0.00 secs] 
2018-03-19T12:19:54.037+0530: 524.554: [GC (Allocation Failure) [PSYoungGen: 173664K->96K(174080K)] 189660K->16124K(523776K), 0.0010226 secs] [Times: user=0.00 sys=0.00, real=0.00 secs] 
2018-03-19T12:19:54.335+0530: 524.852: [GC (Allocation Failure) [PSYoungGen: 173664K->96K(174080K)] 189692K->16148K(523776K), 0.0012306 secs] [Times: user=0.00 sys=0.00, real=0.00 secs] 
2018-03-19T12:19:54.629+0530: 525.145: [GC (Allocation Failure) [PSYoungGen: 173664K->96K(174080K)] 189716K->16180K(523776K), 0.0010236 secs] [Times: user=0.00 sys=0.00, real=0.00 secs] 
2018-03-19T12:19:54.929+0530: 525.446: [GC (Allocation Failure) [PSYoungGen: 173664K->96K(174080K)] 189748K->16204K(523776K), 0.0012084 secs] [Times: user=0.00 sys=0.00, real=0.00 secs] 
2018-03-19T12:19:55.265+0530: 525.781: [GC (Allocation Failure) [PSYoungGen: 173664K->128K(174080K)] 189772K->16268K(523776K), 0.0011823 secs] [Times: user=0.00 sys=0.00, real=0.00 secs] 
2018-03-19T12:19:55.569+0530: 526.086: [GC (Allocation Failure) [PSYoungGen: 173696K->96K(174080K)] 189836K->16268K(523776K), 0.0011160 secs] [Times: user=0.00 sys=0.00, real=0.00 secs] 
2018-03-19T12:19:55.872+0530: 526.389: [GC (Allocation Failure) [PSYoungGen: 173664K->96K(174080K)] 189836K->16300K(523776K), 0.0011689 secs] [Times: user=0.00 sys=0.00, real=0.00 secs] 
2018-03-19T12:19:56.163+0530: 526.680: [GC (Allocation Failure) [PSYoungGen: 173664K->96K(174080K)] 189868K->16324K(523776K), 0.0011862 secs] [Times: user=0.00 sys=0.00, real=0.00 secs] 
2018-03-19T12:19:56.448+0530: 526.965: [GC (Allocation Failure) [PSYoungGen: 173664K->32K(174080K)] 189892K->16292K(523776K), 0.0011280 secs] [Times: user=0.00 sys=0.00, real=0.00 secs] 
2018-03-19T12:19:56.743+0530: 527.259: [GC (Allocation Failure) [PSYoungGen: 173600K->96K(174080K)] 189860K->16388K(523776K), 0.0010332 secs] [Times: user=0.02 sys=0.00, real=0.00 secs] 
2018-03-19T12:19:57.036+0530: 527.552: [GC (Allocation Failure) [PSYoungGen: 173664K->96K(174080K)] 189956K->16412K(523776K), 0.0012356 secs] [Times: user=0.00 sys=0.00, real=0.00 secs] 
2018-03-19T12:19:57.330+0530: 527.847: [GC (Allocation Failure) [PSYoungGen: 173664K->64K(174080K)] 189980K->16404K(523776K), 0.0012476 secs] [Times: user=0.00 sys=0.00, real=0.00 secs] 
2018-03-19T12:19:57.610+0530: 528.127: [GC (Allocation Failure) [PSYoungGen: 173632K->128K(174080K)] 189972K->16492K(523776K), 0.0010148 secs] [Times: user=0.00 sys=0.00, real=0.00 secs] 
2018-03-19T12:19:57.895+0530: 528.412: [GC (Allocation Failure) [PSYoungGen: 173696K->64K(174080K)] 190060K->16460K(523776K), 0.0011478 secs] [Times: user=0.00 sys=0.00, real=0.00 secs] 
2018-03-19T12:19:58.182+0530: 528.699: [GC (Allocation Failure) [PSYoungGen: 173632K->96K(174080K)] 190028K->16516K(523776K), 0.0012476 secs] [Times: user=0.00 sys=0.00, real=0.00 secs] 
2018-03-19T12:19:58.461+0530: 528.977: [GC (Allocation Failure) [PSYoungGen: 173664K->96K(174080K)] 190084K->16532K(523776K), 0.0010191 secs] [Times: user=0.00 sys=0.00, real=0.00 secs] 
2018-03-19T12:19:58.741+0530: 529.258: [GC (Allocation Failure) [PSYoungGen: 173664K->64K(174080K)] 190100K->16532K(523776K), 0.0010966 secs] [Times: user=0.00 sys=0.00, real=0.00 secs] 
2018-03-19T12:19:59.029+0530: 529.545: [GC (Allocation Failure) [PSYoungGen: 173632K->96K(174080K)] 190100K->16596K(523776K), 0.0009711 secs] [Times: user=0.00 sys=0.00, real=0.00 secs] 
2018-03-19T12:19:59.465+0530: 529.982: [GC (Allocation Failure) [PSYoungGen: 173664K->96K(174080K)] 190164K->16628K(523776K), 0.0012253 secs] [Times: user=0.00 sys=0.00, real=0.00 secs] 
2018-03-19T12:19:59.755+0530: 530.272: [GC (Allocation Failure) [PSYoungGen: 173664K->96K(174080K)] 190196K->16652K(523776K), 0.0011940 secs] [Times: user=0.00 sys=0.00, real=0.00 secs] 
2018-03-19T12:20:00.048+0530: 530.565: [GC (Allocation Failure) [PSYoungGen: 173664K->96K(174080K)] 190220K->16684K(523776K), 0.0012313 secs] [Times: user=0.00 sys=0.00, real=0.00 secs] 
2018-03-19T12:20:00.344+0530: 530.860: [GC (Allocation Failure) [PSYoungGen: 173664K->96K(174080K)] 190252K->16716K(523776K), 0.0011481 secs] [Times: user=0.00 sys=0.00, real=0.00 secs] 
2018-03-19T12:20:00.641+0530: 531.157: [GC (Allocation Failure) [PSYoungGen: 173664K->96K(174080K)] 190284K->16748K(523776K), 0.0010811 secs] [Times: user=0.00 sys=0.00, real=0.00 secs] 
2018-03-19T12:20:00.931+0530: 531.448: [GC (Allocation Failure) [PSYoungGen: 173664K->96K(174080K)] 190316K->16780K(523776K), 0.0010645 secs] [Times: user=0.00 sys=0.00, real=0.00 secs] 
2018-03-19T12:20:01.212+0530: 531.728: [GC (Allocation Failure) [PSYoungGen: 173664K->64K(174080K)] 190348K->16772K(523776K), 0.0010441 secs] [Times: user=0.00 sys=0.00, real=0.00 secs] 
2018-03-19T12:20:01.480+0530: 531.996: [GC (Allocation Failure) [PSYoungGen: 173632K->96K(174080K)] 190340K->16836K(523776K), 0.0009605 secs] [Times: user=0.00 sys=0.00, real=0.00 secs] 
2018-03-19T12:20:01.761+0530: 532.277: [GC (Allocation Failure) [PSYoungGen: 173664K->96K(174080K)] 190404K->16868K(523776K), 0.0012215 secs] [Times: user=0.00 sys=0.00, real=0.00 secs] 
2018-03-19T12:20:02.040+0530: 532.557: [GC (Allocation Failure) [PSYoungGen: 173664K->96K(174080K)] 190436K->16892K(523776K), 0.0010152 secs] [Times: user=0.00 sys=0.01, real=0.00 secs] 
2018-03-19T12:20:02.308+0530: 532.824: [GC (Allocation Failure) [PSYoungGen: 173664K->96K(174080K)] 190460K->16924K(523776K), 0.0011541 secs] [Times: user=0.00 sys=0.00, real=0.00 secs] 
2018-03-19T12:20:02.657+0530: 533.174: [GC (Allocation Failure) [PSYoungGen: 173664K->128K(174080K)] 190492K->16980K(523776K), 0.0010765 secs] [Times: user=0.00 sys=0.00, real=0.00 secs] 
2018-03-19T12:20:03.004+0530: 533.521: [GC (Allocation Failure) [PSYoungGen: 173696K->64K(174080K)] 190548K->16948K(523776K), 0.0013833 secs] [Times: user=0.00 sys=0.00, real=0.00 secs] 
2018-03-19T12:20:03.345+0530: 533.862: [GC (Allocation Failure) [PSYoungGen: 173632K->96K(174080K)] 190516K->17012K(523776K), 0.0011164 secs] [Times: user=0.00 sys=0.00, real=0.00 secs] 
2018-03-19T12:20:03.622+0530: 534.138: [GC (Allocation Failure) [PSYoungGen: 173664K->64K(174080K)] 190580K->17012K(523776K), 0.0011150 secs] [Times: user=0.00 sys=0.00, real=0.00 secs] 
2018-03-19T12:20:03.913+0530: 534.429: [GC (Allocation Failure) [PSYoungGen: 173632K->96K(174080K)] 190580K->17068K(523776K), 0.0011661 secs] [Times: user=0.00 sys=0.00, real=0.00 secs] 
2018-03-19T12:20:04.195+0530: 534.712: [GC (Allocation Failure) [PSYoungGen: 173664K->32K(174080K)] 190636K->17036K(523776K), 0.0011598 secs] [Times: user=0.00 sys=0.00, real=0.00 secs] 
2018-03-19T12:20:04.475+0530: 534.991: [GC (Allocation Failure) [PSYoungGen: 173600K->96K(174080K)] 190604K->17132K(523776K), 0.0009313 secs] [Times: user=0.00 sys=0.00, real=0.00 secs] 
2018-03-19T12:20:04.758+0530: 535.274: [GC (Allocation Failure) [PSYoungGen: 173664K->96K(174080K)] 190700K->17156K(523776K), 0.0010120 secs] [Times: user=0.00 sys=0.00, real=0.00 secs] 
2018-03-19T12:20:05.041+0530: 535.557: [GC (Allocation Failure) [PSYoungGen: 173664K->96K(174080K)] 190724K->17180K(523776K), 0.0011502 secs] [Times: user=0.00 sys=0.00, real=0.00 secs] 
2018-03-19T12:20:05.317+0530: 535.833: [GC (Allocation Failure) [PSYoungGen: 173664K->64K(174080K)] 190748K->17180K(523776K), 0.0009637 secs] [Times: user=0.00 sys=0.00, real=0.00 secs] 
2018-03-19T12:20:05.605+0530: 536.122: [GC (Allocation Failure) [PSYoungGen: 173632K->96K(174080K)] 190748K->17228K(523776K), 0.0012024 secs] [Times: user=0.00 sys=0.00, real=0.00 secs] 
2018-03-19T12:20:05.887+0530: 536.404: [GC (Allocation Failure) [PSYoungGen: 173664K->96K(174080K)] 190796K->17252K(523776K), 0.0009750 secs] [Times: user=0.00 sys=0.00, real=0.00 secs] 
2018-03-19T12:20:06.172+0530: 536.689: [GC (Allocation Failure) [PSYoungGen: 173664K->96K(174080K)] 190820K->17276K(523776K), 0.0010988 secs] [Times: user=0.00 sys=0.00, real=0.00 secs] 
2018-03-19T12:20:06.458+0530: 536.974: [GC (Allocation Failure) [PSYoungGen: 173664K->96K(174080K)] 190844K->17300K(523776K), 0.0010818 secs] [Times: user=0.00 sys=0.00, real=0.00 secs] 
2018-03-19T12:20:06.765+0530: 537.282: [GC (Allocation Failure) [PSYoungGen: 173664K->64K(174080K)] 190868K->17300K(523776K), 0.0010247 secs] [Times: user=0.00 sys=0.00, real=0.00 secs] 
2018-03-19T12:20:07.059+0530: 537.576: [GC (Allocation Failure) [PSYoungGen: 173632K->96K(174080K)] 190868K->17356K(523776K), 0.0011971 secs] [Times: user=0.00 sys=0.00, real=0.00 secs] 
2018-03-19T12:20:07.509+0530: 538.026: [GC (Allocation Failure) [PSYoungGen: 173664K->96K(174080K)] 190924K->17388K(523776K), 0.0013410 secs] [Times: user=0.00 sys=0.02, real=0.00 secs] 
2018-03-19T12:20:07.843+0530: 538.360: [GC (Allocation Failure) [PSYoungGen: 173664K->96K(174080K)] 190956K->17420K(523776K), 0.0011146 secs] [Times: user=0.00 sys=0.00, real=0.00 secs] 
2018-03-19T12:20:08.162+0530: 538.679: [GC (Allocation Failure) [PSYoungGen: 173664K->96K(174080K)] 190988K->17452K(523776K), 0.0013378 secs] [Times: user=0.00 sys=0.00, real=0.00 secs] 
2018-03-19T12:20:08.481+0530: 538.997: [GC (Allocation Failure) [PSYoungGen: 173664K->32K(174080K)] 191020K->17420K(523776K), 0.0010191 secs] [Times: user=0.00 sys=0.00, real=0.00 secs] 
2018-03-19T12:20:08.788+0530: 539.305: [GC (Allocation Failure) [PSYoungGen: 173600K->64K(174080K)] 190988K->17484K(523776K), 0.0011552 secs] [Times: user=0.00 sys=0.00, real=0.00 secs] 
2018-03-19T12:20:09.111+0530: 539.627: [GC (Allocation Failure) [PSYoungGen: 173632K->96K(174080K)] 191052K->17548K(523776K), 0.0011506 secs] [Times: user=0.00 sys=0.00, real=0.00 secs] 
2018-03-19T12:20:09.410+0530: 539.926: [GC (Allocation Failure) [PSYoungGen: 173664K->96K(174080K)] 191116K->17572K(523776K), 0.0011464 secs] [Times: user=0.00 sys=0.00, real=0.00 secs] 
2018-03-19T12:20:09.725+0530: 540.242: [GC (Allocation Failure) [PSYoungGen: 173664K->64K(174080K)] 191140K->17572K(523776K), 0.0009690 secs] [Times: user=0.00 sys=0.00, real=0.00 secs] 
2018-03-19T12:20:10.027+0530: 540.543: [GC (Allocation Failure) [PSYoungGen: 173632K->96K(174080K)] 191140K->17628K(523776K), 0.0010265 secs] [Times: user=0.00 sys=0.00, real=0.00 secs] 
2018-03-19T12:20:10.326+0530: 540.843: [GC (Allocation Failure) [PSYoungGen: 173664K->64K(174080K)] 191196K->17628K(523776K), 0.0010582 secs] [Times: user=0.00 sys=0.00, real=0.00 secs] 
2018-03-19T12:20:10.619+0530: 541.136: [GC (Allocation Failure) [PSYoungGen: 173632K->128K(174080K)] 191196K->17716K(523776K), 0.0012818 secs] [Times: user=0.00 sys=0.00, real=0.00 secs] 
2018-03-19T12:20:10.928+0530: 541.445: [GC (Allocation Failure) [PSYoungGen: 173696K->96K(174080K)] 191284K->17716K(523776K), 0.0011259 secs] [Times: user=0.00 sys=0.00, real=0.00 secs] 
2018-03-19T12:20:11.279+0530: 541.795: [GC (Allocation Failure) [PSYoungGen: 173664K->96K(174080K)] 191284K->17732K(523776K), 0.0011784 secs] [Times: user=0.00 sys=0.00, real=0.00 secs] 
2018-03-19T12:20:11.578+0530: 542.095: [GC (Allocation Failure) [PSYoungGen: 173664K->96K(174080K)] 191300K->17764K(523776K), 0.0010956 secs] [Times: user=0.00 sys=0.00, real=0.00 secs] 
2018-03-19T12:20:11.876+0530: 542.392: [GC (Allocation Failure) [PSYoungGen: 173664K->96K(174080K)] 191332K->17796K(523776K), 0.0009700 secs] [Times: user=0.00 sys=0.00, real=0.00 secs] 
2018-03-19T12:20:12.157+0530: 542.673: [GC (Allocation Failure) [PSYoungGen: 173664K->96K(174080K)] 191364K->17820K(523776K), 0.0011055 secs] [Times: user=0.00 sys=0.00, real=0.00 secs] 
2018-03-19T12:20:12.440+0530: 542.957: [GC (Allocation Failure) [PSYoungGen: 173664K->96K(174080K)] 191388K->17844K(523776K), 0.0011044 secs] [Times: user=0.00 sys=0.00, real=0.00 secs] 
2018-03-19T12:20:12.720+0530: 543.236: [GC (Allocation Failure) [PSYoungGen: 173664K->64K(174080K)] 191412K->17844K(523776K), 0.0010808 secs] [Times: user=0.00 sys=0.00, real=0.00 secs] 
2018-03-19T12:20:13.031+0530: 543.548: [GC (Allocation Failure) [PSYoungGen: 173632K->96K(174080K)] 191412K->17908K(523776K), 0.0011591 secs] [Times: user=0.00 sys=0.00, real=0.00 secs] 
2018-03-19T12:20:13.317+0530: 543.833: [GC (Allocation Failure) [PSYoungGen: 173664K->64K(174080K)] 191476K->17908K(523776K), 0.0011524 secs] [Times: user=0.00 sys=0.00, real=0.00 secs] 
2018-03-19T12:20:13.596+0530: 544.112: [GC (Allocation Failure) [PSYoungGen: 173632K->96K(174080K)] 191476K->17972K(523776K), 0.0012190 secs] [Times: user=0.00 sys=0.00, real=0.00 secs] 
2018-03-19T12:20:13.882+0530: 544.398: [GC (Allocation Failure) [PSYoungGen: 173664K->96K(174080K)] 191540K->18004K(523776K), 0.0009637 secs] [Times: user=0.00 sys=0.00, real=0.00 secs] 
2018-03-19T12:20:14.161+0530: 544.678: [GC (Allocation Failure) [PSYoungGen: 173664K->96K(174080K)] 191572K->18036K(523776K), 0.0010765 secs] [Times: user=0.00 sys=0.00, real=0.00 secs] 
2018-03-19T12:20:14.434+0530: 544.950: [GC (Allocation Failure) [PSYoungGen: 173664K->96K(174080K)] 191604K->18068K(523776K), 0.0010099 secs] [Times: user=0.00 sys=0.00, real=0.00 secs] 
2018-03-19T12:20:14.710+0530: 545.226: [GC (Allocation Failure) [PSYoungGen: 173664K->64K(174080K)] 191636K->18068K(523776K), 0.0009665 secs] [Times: user=0.00 sys=0.00, real=0.00 secs] 
2018-03-19T12:20:14.985+0530: 545.502: [GC (Allocation Failure) [PSYoungGen: 173632K->96K(174080K)] 191636K->18124K(523776K), 0.0010589 secs] [Times: user=0.00 sys=0.00, real=0.00 secs] 
2018-03-19T12:20:15.367+0530: 545.883: [GC (Allocation Failure) [PSYoungGen: 173664K->64K(174080K)] 191692K->18124K(523776K), 0.0010899 secs] [Times: user=0.00 sys=0.00, real=0.00 secs] 
2018-03-19T12:20:15.641+0530: 546.158: [GC (Allocation Failure) [PSYoungGen: 173632K->96K(174080K)] 191692K->18188K(523776K), 0.0010244 secs] [Times: user=0.00 sys=0.00, real=0.00 secs] 
2018-03-19T12:20:15.937+0530: 546.454: [GC (Allocation Failure) [PSYoungGen: 173664K->64K(174080K)] 191756K->18188K(523776K), 0.0010420 secs] [Times: user=0.00 sys=0.00, real=0.00 secs] 
2018-03-19T12:20:16.215+0530: 546.731: [GC (Allocation Failure) [PSYoungGen: 173632K->96K(174080K)] 191756K->18244K(523776K), 0.0009267 secs] [Times: user=0.00 sys=0.00, real=0.00 secs] 
2018-03-19T12:20:16.501+0530: 547.017: [GC (Allocation Failure) [PSYoungGen: 173664K->96K(174080K)] 191812K->18276K(523776K), 0.0009771 secs] [Times: user=0.00 sys=0.00, real=0.00 secs] 
2018-03-19T12:20:16.784+0530: 547.300: [GC (Allocation Failure) [PSYoungGen: 173664K->64K(174080K)] 191844K->18276K(523776K), 0.0012031 secs] [Times: user=0.00 sys=0.00, real=0.00 secs] 
2018-03-19T12:20:17.072+0530: 547.589: [GC (Allocation Failure) [PSYoungGen: 173632K->96K(174080K)] 191844K->18340K(523776K), 0.0009863 secs] [Times: user=0.00 sys=0.00, real=0.00 secs] 
2018-03-19T12:20:17.348+0530: 547.864: [GC (Allocation Failure) [PSYoungGen: 173664K->96K(174080K)] 191908K->18372K(523776K), 0.0010247 secs] [Times: user=0.00 sys=0.00, real=0.00 secs] 
2018-03-19T12:20:17.626+0530: 548.143: [GC (Allocation Failure) [PSYoungGen: 173664K->64K(174080K)] 191940K->18372K(523776K), 0.0011340 secs] [Times: user=0.00 sys=0.00, real=0.00 secs] 
2018-03-19T12:20:17.914+0530: 548.430: [GC (Allocation Failure) [PSYoungGen: 173632K->96K(174080K)] 191940K->18428K(523776K), 0.0582600 secs] [Times: user=0.00 sys=0.00, real=0.06 secs] 
2018-03-19T12:20:18.291+0530: 548.808: [GC (Allocation Failure) [PSYoungGen: 173664K->64K(174080K)] 191996K->18412K(523776K), 0.0014648 secs] [Times: user=0.00 sys=0.00, real=0.00 secs] 
2018-03-19T12:20:18.600+0530: 549.116: [GC (Allocation Failure) [PSYoungGen: 173632K->96K(174080K)] 191980K->18476K(523776K), 0.0010187 secs] [Times: user=0.00 sys=0.00, real=0.00 secs] 
2018-03-19T12:20:18.960+0530: 549.476: [GC (Allocation Failure) [PSYoungGen: 173664K->64K(174080K)] 192044K->18476K(523776K), 0.0010988 secs] [Times: user=0.00 sys=0.00, real=0.00 secs] 
2018-03-19T12:20:19.353+0530: 549.870: [GC (Allocation Failure) [PSYoungGen: 173632K->96K(174080K)] 192044K->18532K(523776K), 0.0013562 secs] [Times: user=0.00 sys=0.00, real=0.00 secs] 
2018-03-19T12:20:19.831+0530: 550.348: [GC (Allocation Failure) [PSYoungGen: 173664K->64K(174080K)] 192100K->18524K(523776K), 0.0019426 secs] [Times: user=0.00 sys=0.00, real=0.00 secs] 
2018-03-19T12:20:20.286+0530: 550.803: [GC (Allocation Failure) [PSYoungGen: 173632K->96K(174080K)] 192092K->18572K(523776K), 0.0013431 secs] [Times: user=0.00 sys=0.00, real=0.00 secs] 
2018-03-19T12:20:20.750+0530: 551.267: [GC (Allocation Failure) [PSYoungGen: 173664K->64K(174080K)] 192140K->18556K(523776K), 0.0022282 secs] [Times: user=0.00 sys=0.00, real=0.00 secs] 
2018-03-19T12:20:21.161+0530: 551.677: [GC (Allocation Failure) [PSYoungGen: 173632K->64K(174080K)] 192124K->18572K(523776K), 0.0014567 secs] [Times: user=0.00 sys=0.00, real=0.00 secs] 
2018-03-19T12:20:21.587+0530: 552.104: [GC (Allocation Failure) [PSYoungGen: 173632K->32K(174080K)] 192140K->18556K(523776K), 0.0013156 secs] [Times: user=0.00 sys=0.00, real=0.00 secs] 
2018-03-19T12:20:22.111+0530: 552.628: [GC (Allocation Failure) [PSYoungGen: 173600K->32K(174080K)] 192124K->18572K(523776K), 0.0012151 secs] [Times: user=0.00 sys=0.00, real=0.00 secs] 
2018-03-19T12:20:22.498+0530: 553.015: [GC (Allocation Failure) [PSYoungGen: 173600K->96K(174080K)] 192140K->18652K(523776K), 0.0013287 secs] [Times: user=0.00 sys=0.00, real=0.00 secs] 
2018-03-19T12:20:23.030+0530: 553.546: [GC (Allocation Failure) [PSYoungGen: 173664K->96K(174080K)] 192220K->18676K(523776K), 0.0010949 secs] [Times: user=0.00 sys=0.00, real=0.00 secs] 
2018-03-19T12:20:23.484+0530: 554.000: [GC (Allocation Failure) [PSYoungGen: 173664K->64K(174080K)] 192244K->18660K(523776K), 0.0013223 secs] [Times: user=0.00 sys=0.00, real=0.00 secs] 
2018-03-19T12:20:23.929+0530: 554.446: [GC (Allocation Failure) [PSYoungGen: 173632K->96K(174080K)] 192228K->18708K(523776K), 0.0015614 secs] [Times: user=0.02 sys=0.00, real=0.00 secs] 
2018-03-19T12:20:24.322+0530: 554.839: [GC (Allocation Failure) [PSYoungGen: 173664K->96K(174080K)] 192276K->18740K(523776K), 0.0010931 secs] [Times: user=0.00 sys=0.00, real=0.00 secs] 
2018-03-19T12:20:24.772+0530: 555.289: [GC (Allocation Failure) [PSYoungGen: 173664K->96K(174080K)] 192308K->18756K(523776K), 0.0015131 secs] [Times: user=0.00 sys=0.00, real=0.00 secs] 
2018-03-19T12:20:25.155+0530: 555.672: [GC (Allocation Failure) [PSYoungGen: 173664K->96K(174080K)] 192324K->18772K(523776K), 0.0012641 secs] [Times: user=0.00 sys=0.00, real=0.00 secs] 
2018-03-19T12:20:25.546+0530: 556.063: [GC (Allocation Failure) [PSYoungGen: 173664K->64K(174080K)] 192340K->18756K(523776K), 0.0017539 secs] [Times: user=0.00 sys=0.00, real=0.00 secs] 
2018-03-19T12:20:26.028+0530: 556.544: [GC (Allocation Failure) [PSYoungGen: 173632K->96K(174080K)] 192324K->18820K(523776K), 0.0014277 secs] [Times: user=0.00 sys=0.00, real=0.00 secs] 
2018-03-19T12:20:26.411+0530: 556.927: [GC (Allocation Failure) [PSYoungGen: 173664K->96K(174080K)] 192388K->18836K(523776K), 0.0012465 secs] [Times: user=0.00 sys=0.00, real=0.00 secs] 
2018-03-19T12:20:26.794+0530: 557.311: [GC (Allocation Failure) [PSYoungGen: 173664K->64K(174080K)] 192404K->18836K(523776K), 0.0010332 secs] [Times: user=0.00 sys=0.00, real=0.00 secs] 
2018-03-19T12:20:27.129+0530: 557.645: [GC (Allocation Failure) [PSYoungGen: 173632K->128K(174080K)] 192404K->18916K(523776K), 0.0013131 secs] [Times: user=0.00 sys=0.00, real=0.00 secs] 
2018-03-19T12:20:27.468+0530: 557.984: [GC (Allocation Failure) [PSYoungGen: 173696K->64K(174080K)] 192484K->18884K(523776K), 0.0011076 secs] [Times: user=0.00 sys=0.00, real=0.00 secs] 
2018-03-19T12:20:27.766+0530: 558.282: [GC (Allocation Failure) [PSYoungGen: 173632K->96K(174080K)] 192452K->18940K(523776K), 0.0010265 secs] [Times: user=0.00 sys=0.00, real=0.00 secs] 
2018-03-19T12:20:28.051+0530: 558.568: [GC (Allocation Failure) [PSYoungGen: 173664K->64K(174080K)] 192508K->18932K(523776K), 0.0011784 secs] [Times: user=0.00 sys=0.00, real=0.00 secs] 
2018-03-19T12:20:28.347+0530: 558.864: [GC (Allocation Failure) [PSYoungGen: 173632K->96K(174080K)] 192500K->18996K(523776K), 0.0010236 secs] [Times: user=0.00 sys=0.00, real=0.00 secs] 
2018-03-19T12:20:28.631+0530: 559.147: [GC (Allocation Failure) [PSYoungGen: 173664K->96K(174080K)] 192564K->19020K(523776K), 0.0011643 secs] [Times: user=0.00 sys=0.00, real=0.00 secs] 
2018-03-19T12:20:28.930+0530: 559.447: [GC (Allocation Failure) [PSYoungGen: 173664K->96K(174080K)] 192588K->19052K(523776K), 0.0009584 secs] [Times: user=0.01 sys=0.00, real=0.00 secs] 
2018-03-19T12:20:29.217+0530: 559.734: [GC (Allocation Failure) [PSYoungGen: 173664K->96K(174080K)] 192620K->19084K(523776K), 0.0010776 secs] [Times: user=0.00 sys=0.00, real=0.00 secs] 
2018-03-19T12:20:29.525+0530: 560.042: [GC (Allocation Failure) [PSYoungGen: 173664K->64K(174080K)] 192652K->19084K(523776K), 0.0012257 secs] [Times: user=0.00 sys=0.00, real=0.00 secs] 
2018-03-19T12:20:29.841+0530: 560.357: [GC (Allocation Failure) [PSYoungGen: 173632K->96K(174080K)] 192652K->19140K(523776K), 0.0011076 secs] [Times: user=0.00 sys=0.00, real=0.00 secs] 
2018-03-19T12:20:30.126+0530: 560.643: [GC (Allocation Failure) [PSYoungGen: 173664K->32K(174080K)] 192708K->19108K(523776K), 0.0011795 secs] [Times: user=0.00 sys=0.00, real=0.00 secs] 
2018-03-19T12:20:30.419+0530: 560.936: [GC (Allocation Failure) [PSYoungGen: 173600K->96K(174080K)] 192676K->19204K(523776K), 0.0009909 secs] [Times: user=0.00 sys=0.00, real=0.00 secs] 
2018-03-19T12:20:30.695+0530: 561.212: [GC (Allocation Failure) [PSYoungGen: 173664K->96K(174080K)] 192772K->19236K(523776K), 0.0012162 secs] [Times: user=0.00 sys=0.00, real=0.00 secs] 
2018-03-19T12:20:30.993+0530: 561.510: [GC (Allocation Failure) [PSYoungGen: 173664K->96K(174080K)] 192804K->19268K(523776K), 0.0009574 secs] [Times: user=0.00 sys=0.00, real=0.00 secs] 
2018-03-19T12:20:31.325+0530: 561.842: [GC (Allocation Failure) [PSYoungGen: 173664K->96K(174080K)] 192836K->19300K(523776K), 0.0012126 secs] [Times: user=0.00 sys=0.00, real=0.00 secs] 
2018-03-19T12:20:31.609+0530: 562.125: [GC (Allocation Failure) [PSYoungGen: 173664K->96K(174080K)] 192868K->19324K(523776K), 0.0009454 secs] [Times: user=0.00 sys=0.00, real=0.00 secs] 
2018-03-19T12:20:31.894+0530: 562.410: [GC (Allocation Failure) [PSYoungGen: 173664K->96K(174080K)] 192892K->19356K(523776K), 0.0011051 secs] [Times: user=0.00 sys=0.00, real=0.00 secs] 
2018-03-19T12:20:32.185+0530: 562.702: [GC (Allocation Failure) [PSYoungGen: 173664K->64K(174080K)] 192924K->19356K(523776K), 0.0010215 secs] [Times: user=0.00 sys=0.00, real=0.00 secs] 
2018-03-19T12:20:32.467+0530: 562.983: [GC (Allocation Failure) [PSYoungGen: 173632K->96K(174080K)] 192924K->19412K(523776K), 0.0009471 secs] [Times: user=0.00 sys=0.00, real=0.00 secs] 
2018-03-19T12:20:32.761+0530: 563.277: [GC (Allocation Failure) [PSYoungGen: 173664K->96K(174080K)] 192980K->19428K(523776K), 0.0012574 secs] [Times: user=0.00 sys=0.00, real=0.00 secs] 
2018-03-19T12:20:33.075+0530: 563.591: [GC (Allocation Failure) [PSYoungGen: 173664K->96K(174080K)] 192996K->19452K(523776K), 0.0012063 secs] [Times: user=0.00 sys=0.00, real=0.00 secs] 
2018-03-19T12:20:33.369+0530: 563.885: [GC (Allocation Failure) [PSYoungGen: 173664K->64K(174080K)] 193020K->19436K(523776K), 0.0013971 secs] [Times: user=0.00 sys=0.00, real=0.00 secs] 
2018-03-19T12:20:33.652+0530: 564.169: [GC (Allocation Failure) [PSYoungGen: 173632K->96K(174080K)] 193004K->19484K(523776K), 0.0011820 secs] [Times: user=0.00 sys=0.00, real=0.00 secs] 
2018-03-19T12:20:33.944+0530: 564.461: [GC (Allocation Failure) [PSYoungGen: 173664K->96K(174080K)] 193052K->19516K(523776K), 0.0011185 secs] [Times: user=0.00 sys=0.00, real=0.00 secs] 
2018-03-19T12:20:34.221+0530: 564.738: [GC (Allocation Failure) [PSYoungGen: 173664K->64K(174080K)] 193084K->19508K(523776K), 0.0011263 secs] [Times: user=0.00 sys=0.00, real=0.00 secs] 
2018-03-19T12:20:34.495+0530: 565.011: [GC (Allocation Failure) [PSYoungGen: 173632K->64K(174080K)] 193076K->19540K(523776K), 0.0012539 secs] [Times: user=0.00 sys=0.00, real=0.00 secs] 
2018-03-19T12:20:34.785+0530: 565.301: [GC (Allocation Failure) [PSYoungGen: 173632K->96K(174080K)] 193108K->19604K(523776K), 0.0010120 secs] [Times: user=0.00 sys=0.00, real=0.00 secs] 
2018-03-19T12:20:35.072+0530: 565.589: [GC (Allocation Failure) [PSYoungGen: 173664K->96K(174080K)] 193172K->19636K(523776K), 0.0011051 secs] [Times: user=0.00 sys=0.00, real=0.00 secs] 
2018-03-19T12:20:35.392+0530: 565.908: [GC (Allocation Failure) [PSYoungGen: 173664K->64K(174080K)] 193204K->19628K(523776K), 0.0009785 secs] [Times: user=0.00 sys=0.00, real=0.00 secs] 
2018-03-19T12:20:35.671+0530: 566.187: [GC (Allocation Failure) [PSYoungGen: 173632K->96K(174080K)] 193196K->19692K(523776K), 0.0011763 secs] [Times: user=0.00 sys=0.00, real=0.00 secs] 
2018-03-19T12:20:35.963+0530: 566.479: [GC (Allocation Failure) [PSYoungGen: 173664K->96K(174080K)] 193260K->19716K(523776K), 0.0010973 secs] [Times: user=0.00 sys=0.00, real=0.00 secs] 
2018-03-19T12:20:36.242+0530: 566.758: [GC (Allocation Failure) [PSYoungGen: 173664K->96K(174080K)] 193284K->19748K(523776K), 0.0010589 secs] [Times: user=0.00 sys=0.00, real=0.00 secs] 
2018-03-19T12:20:36.512+0530: 567.029: [GC (Allocation Failure) [PSYoungGen: 173664K->64K(174080K)] 193316K->19748K(523776K), 0.0009052 secs] [Times: user=0.00 sys=0.00, real=0.00 secs] 
2018-03-19T12:20:36.803+0530: 567.320: [GC (Allocation Failure) [PSYoungGen: 173632K->64K(174080K)] 193316K->19780K(523776K), 0.0010600 secs] [Times: user=0.00 sys=0.00, real=0.00 secs] 
2018-03-19T12:20:37.091+0530: 567.608: [GC (Allocation Failure) [PSYoungGen: 173632K->64K(174080K)] 193348K->19812K(523776K), 0.0011044 secs] [Times: user=0.00 sys=0.00, real=0.00 secs] 
2018-03-19T12:20:37.376+0530: 567.893: [GC (Allocation Failure) [PSYoungGen: 173632K->32K(174080K)] 193380K->19812K(523776K), 0.0010339 secs] [Times: user=0.00 sys=0.00, real=0.00 secs] 
2018-03-19T12:20:37.650+0530: 568.167: [GC (Allocation Failure) [PSYoungGen: 173600K->64K(174080K)] 193380K->19876K(523776K), 0.0009464 secs] [Times: user=0.00 sys=0.00, real=0.00 secs] 
2018-03-19T12:20:37.934+0530: 568.450: [GC (Allocation Failure) [PSYoungGen: 173632K->96K(174080K)] 193444K->19940K(523776K), 0.0010631 secs] [Times: user=0.00 sys=0.00, real=0.00 secs] 
2018-03-19T12:20:38.207+0530: 568.724: [GC (Allocation Failure) [PSYoungGen: 173664K->64K(174080K)] 193508K->19940K(523776K), 0.0012038 secs] [Times: user=0.00 sys=0.00, real=0.00 secs] 
2018-03-19T12:20:38.489+0530: 569.006: [GC (Allocation Failure) [PSYoungGen: 173632K->32K(174080K)] 193508K->19940K(523776K), 0.0011925 secs] [Times: user=0.00 sys=0.00, real=0.00 secs] 
2018-03-19T12:20:38.779+0530: 569.295: [GC (Allocation Failure) [PSYoungGen: 173600K->64K(174080K)] 193508K->20004K(523776K), 0.0010349 secs] [Times: user=0.00 sys=0.00, real=0.00 secs] 
2018-03-19T12:20:39.057+0530: 569.573: [GC (Allocation Failure) [PSYoungGen: 173632K->96K(174080K)] 193572K->20068K(523776K), 0.0009316 secs] [Times: user=0.00 sys=0.00, real=0.00 secs] 
2018-03-19T12:20:39.370+0530: 569.886: [GC (Allocation Failure) [PSYoungGen: 173664K->64K(174080K)] 193636K->20068K(523776K), 0.0011241 secs] [Times: user=0.00 sys=0.00, real=0.00 secs] 
2018-03-19T12:20:39.647+0530: 570.163: [GC (Allocation Failure) [PSYoungGen: 173632K->96K(174080K)] 193636K->20132K(523776K), 0.0011538 secs] [Times: user=0.00 sys=0.00, real=0.00 secs] 
2018-03-19T12:20:39.933+0530: 570.450: [GC (Allocation Failure) [PSYoungGen: 173664K->32K(174080K)] 193700K->20092K(523776K), 0.0011545 secs] [Times: user=0.00 sys=0.00, real=0.00 secs] 
2018-03-19T12:20:40.212+0530: 570.729: [GC (Allocation Failure) [PSYoungGen: 173600K->96K(174080K)] 193660K->20188K(523776K), 0.0010466 secs] [Times: user=0.00 sys=0.00, real=0.00 secs] 
2018-03-19T12:20:40.510+0530: 571.027: [GC (Allocation Failure) [PSYoungGen: 173664K->64K(174080K)] 193756K->20188K(523776K), 0.0011918 secs] [Times: user=0.00 sys=0.00, real=0.00 secs] 
2018-03-19T12:20:40.809+0530: 571.326: [GC (Allocation Failure) [PSYoungGen: 173632K->64K(174080K)] 193756K->20212K(523776K), 0.0015459 secs] [Times: user=0.00 sys=0.00, real=0.00 secs] 
2018-03-19T12:20:41.105+0530: 571.621: [GC (Allocation Failure) [PSYoungGen: 173632K->64K(174080K)] 193780K->20252K(523776K), 0.0010466 secs] [Times: user=0.00 sys=0.00, real=0.00 secs] 
2018-03-19T12:20:41.382+0530: 571.899: [GC (Allocation Failure) [PSYoungGen: 173632K->64K(174080K)] 193820K->20284K(523776K), 0.0011950 secs] [Times: user=0.00 sys=0.00, real=0.00 secs] 
2018-03-19T12:20:41.660+0530: 572.176: [GC (Allocation Failure) [PSYoungGen: 173632K->64K(174080K)] 193852K->20316K(523776K), 0.0011051 secs] [Times: user=0.00 sys=0.00, real=0.00 secs] 
2018-03-19T12:20:41.950+0530: 572.467: [GC (Allocation Failure) [PSYoungGen: 173632K->96K(174080K)] 193884K->20380K(523776K), 0.0009679 secs] [Times: user=0.00 sys=0.00, real=0.00 secs] 
2018-03-19T12:20:42.235+0530: 572.752: [GC (Allocation Failure) [PSYoungGen: 173664K->64K(174080K)] 193948K->20380K(523776K), 0.0011583 secs] [Times: user=0.00 sys=0.00, real=0.00 secs] 
2018-03-19T12:20:42.511+0530: 573.027: [GC (Allocation Failure) [PSYoungGen: 173632K->96K(174080K)] 193948K->20436K(523776K), 0.0010215 secs] [Times: user=0.00 sys=0.00, real=0.00 secs] 
2018-03-19T12:20:42.791+0530: 573.307: [GC (Allocation Failure) [PSYoungGen: 173664K->96K(174080K)] 194004K->20460K(523776K), 0.0010596 secs] [Times: user=0.00 sys=0.00, real=0.00 secs] 
2018-03-19T12:20:43.070+0530: 573.587: [GC (Allocation Failure) [PSYoungGen: 173664K->96K(174080K)] 194028K->20492K(523776K), 0.0009693 secs] [Times: user=0.00 sys=0.00, real=0.00 secs] 
2018-03-19T12:20:43.387+0530: 573.904: [GC (Allocation Failure) [PSYoungGen: 173664K->96K(174080K)] 194060K->20524K(523776K), 0.0009990 secs] [Times: user=0.00 sys=0.00, real=0.00 secs] 
2018-03-19T12:20:43.666+0530: 574.183: [GC (Allocation Failure) [PSYoungGen: 173664K->96K(174080K)] 194092K->20556K(523776K), 0.0010543 secs] [Times: user=0.00 sys=0.00, real=0.00 secs] 
2018-03-19T12:20:43.960+0530: 574.477: [GC (Allocation Failure) [PSYoungGen: 173664K->96K(174080K)] 194124K->20588K(523776K), 0.0011636 secs] [Times: user=0.00 sys=0.00, real=0.00 secs] 
2018-03-19T12:20:44.237+0530: 574.754: [GC (Allocation Failure) [PSYoungGen: 173664K->96K(174080K)] 194156K->20620K(523776K), 0.0011301 secs] [Times: user=0.00 sys=0.00, real=0.00 secs] 
2018-03-19T12:20:44.515+0530: 575.031: [GC (Allocation Failure) [PSYoungGen: 173664K->96K(174080K)] 194188K->20652K(523776K), 0.0010688 secs] [Times: user=0.00 sys=0.00, real=0.00 secs] 
2018-03-19T12:20:44.800+0530: 575.317: [GC (Allocation Failure) [PSYoungGen: 173664K->96K(174080K)] 194220K->20684K(523776K), 0.0011672 secs] [Times: user=0.00 sys=0.00, real=0.00 secs] 
2018-03-19T12:20:45.077+0530: 575.593: [GC (Allocation Failure) [PSYoungGen: 173664K->64K(174080K)] 194252K->20684K(523776K), 0.0010995 secs] [Times: user=0.00 sys=0.00, real=0.00 secs] 
2018-03-19T12:20:45.362+0530: 575.878: [GC (Allocation Failure) [PSYoungGen: 173632K->96K(174080K)] 194252K->20748K(523776K), 0.0010441 secs] [Times: user=0.00 sys=0.00, real=0.00 secs] 
2018-03-19T12:20:45.667+0530: 576.183: [GC (Allocation Failure) [PSYoungGen: 173664K->96K(174080K)] 194316K->20780K(523776K), 0.0010296 secs] [Times: user=0.00 sys=0.00, real=0.00 secs] 
2018-03-19T12:20:45.984+0530: 576.501: [GC (Allocation Failure) [PSYoungGen: 173664K->96K(174080K)] 194348K->20796K(523776K), 0.0012338 secs] [Times: user=0.00 sys=0.00, real=0.00 secs] 
2018-03-19T12:20:46.277+0530: 576.794: [GC (Allocation Failure) [PSYoungGen: 173664K->96K(174080K)] 194364K->20828K(523776K), 0.0010603 secs] [Times: user=0.00 sys=0.00, real=0.00 secs] 
2018-03-19T12:20:46.577+0530: 577.093: [GC (Allocation Failure) [PSYoungGen: 173664K->64K(174080K)] 194396K->20828K(523776K), 0.0012070 secs] [Times: user=0.00 sys=0.00, real=0.00 secs] 
2018-03-19T12:20:46.881+0530: 577.398: [GC (Allocation Failure) [PSYoungGen: 173632K->32K(174080K)] 194396K->20828K(523776K), 0.0013138 secs] [Times: user=0.00 sys=0.00, real=0.00 secs] 
2018-03-19T12:20:47.366+0530: 577.883: [GC (Allocation Failure) [PSYoungGen: 173600K->96K(174080K)] 194396K->20924K(523776K), 0.0010705 secs] [Times: user=0.00 sys=0.00, real=0.00 secs] 
2018-03-19T12:20:47.727+0530: 578.243: [GC (Allocation Failure) [PSYoungGen: 173664K->64K(174080K)] 194492K->20916K(523776K), 0.0011813 secs] [Times: user=0.02 sys=0.00, real=0.00 secs] 
2018-03-19T12:20:48.115+0530: 578.632: [GC (Allocation Failure) [PSYoungGen: 173632K->32K(174080K)] 194484K->20916K(523776K), 0.0012363 secs] [Times: user=0.00 sys=0.00, real=0.00 secs] 
2018-03-19T12:20:48.527+0530: 579.044: [GC (Allocation Failure) [PSYoungGen: 173600K->96K(174080K)] 194484K->21004K(523776K), 0.0014852 secs] [Times: user=0.00 sys=0.00, real=0.00 secs] 
2018-03-19T12:20:48.998+0530: 579.515: [GC (Allocation Failure) [PSYoungGen: 173664K->64K(174080K)] 194572K->20988K(523776K), 0.0016115 secs] [Times: user=0.00 sys=0.00, real=0.00 secs] 
2018-03-19T12:20:49.422+0530: 579.939: [GC (Allocation Failure) [PSYoungGen: 173632K->96K(174080K)] 194556K->21052K(523776K), 0.0020526 secs] [Times: user=0.00 sys=0.00, real=0.00 secs] 
2018-03-19T12:20:49.852+0530: 580.368: [GC (Allocation Failure) [PSYoungGen: 173664K->96K(174080K)] 194620K->21076K(523776K), 0.0016224 secs] [Times: user=0.01 sys=0.00, real=0.00 secs] 
2018-03-19T12:20:50.269+0530: 580.786: [GC (Allocation Failure) [PSYoungGen: 173664K->96K(174080K)] 194644K->21108K(523776K), 0.0013734 secs] [Times: user=0.00 sys=0.00, real=0.00 secs] 
2018-03-19T12:20:50.699+0530: 581.216: [GC (Allocation Failure) [PSYoungGen: 173664K->96K(174080K)] 194676K->21132K(523776K), 0.0014098 secs] [Times: user=0.00 sys=0.00, real=0.00 secs] 
2018-03-19T12:20:51.114+0530: 581.631: [GC (Allocation Failure) [PSYoungGen: 173664K->96K(174080K)] 194700K->21164K(523776K), 0.0013456 secs] [Times: user=0.00 sys=0.00, real=0.00 secs] 
2018-03-19T12:20:51.520+0530: 582.037: [GC (Allocation Failure) [PSYoungGen: 173664K->64K(174080K)] 194732K->21164K(523776K), 0.0012112 secs] [Times: user=0.00 sys=0.00, real=0.00 secs] 
2018-03-19T12:20:51.869+0530: 582.385: [GC (Allocation Failure) [PSYoungGen: 173632K->64K(174080K)] 194732K->21196K(523776K), 0.0011763 secs] [Times: user=0.00 sys=0.00, real=0.00 secs] 
2018-03-19T12:20:52.226+0530: 582.742: [GC (Allocation Failure) [PSYoungGen: 173632K->64K(174080K)] 194764K->21228K(523776K), 0.0012828 secs] [Times: user=0.00 sys=0.00, real=0.00 secs] 
2018-03-19T12:20:52.544+0530: 583.061: [GC (Allocation Failure) [PSYoungGen: 173632K->96K(174080K)] 194796K->21292K(523776K), 0.0012719 secs] [Times: user=0.00 sys=0.00, real=0.00 secs] 
2018-03-19T12:20:52.933+0530: 583.449: [GC (Allocation Failure) [PSYoungGen: 173664K->64K(174080K)] 194860K->21292K(523776K), 0.0011086 secs] [Times: user=0.00 sys=0.00, real=0.00 secs] 
2018-03-19T12:20:53.269+0530: 583.785: [GC (Allocation Failure) [PSYoungGen: 173632K->96K(174080K)] 194860K->21348K(523776K), 0.0014309 secs] [Times: user=0.00 sys=0.00, real=0.00 secs] 
2018-03-19T12:20:53.610+0530: 584.126: [GC (Allocation Failure) [PSYoungGen: 173664K->96K(174080K)] 194916K->21380K(523776K), 0.0012578 secs] [Times: user=0.00 sys=0.00, real=0.00 secs] 
2018-03-19T12:20:53.971+0530: 584.487: [GC (Allocation Failure) [PSYoungGen: 173664K->96K(174080K)] 194948K->21404K(523776K), 0.0014380 secs] [Times: user=0.00 sys=0.00, real=0.00 secs] 
2018-03-19T12:20:54.527+0530: 585.043: [GC (Allocation Failure) [PSYoungGen: 173664K->32K(174080K)] 194972K->21364K(523776K), 0.0013533 secs] [Times: user=0.00 sys=0.00, real=0.00 secs] 
2018-03-19T12:20:54.871+0530: 585.388: [GC (Allocation Failure) [PSYoungGen: 173600K->96K(174080K)] 194932K->21444K(523776K), 0.0018467 secs] [Times: user=0.00 sys=0.00, real=0.00 secs] 
2018-03-19T12:20:55.225+0530: 585.741: [GC (Allocation Failure) [PSYoungGen: 173664K->96K(174080K)] 195012K->21468K(523776K), 0.0015515 secs] [Times: user=0.00 sys=0.00, real=0.00 secs] 
2018-03-19T12:20:55.560+0530: 586.076: [GC (Allocation Failure) [PSYoungGen: 173664K->96K(174080K)] 195036K->21484K(523776K), 0.0015127 secs] [Times: user=0.00 sys=0.00, real=0.00 secs] 
2018-03-19T12:20:55.883+0530: 586.400: [GC (Allocation Failure) [PSYoungGen: 173664K->64K(174080K)] 195052K->21484K(523776K), 0.0013230 secs] [Times: user=0.02 sys=0.00, real=0.00 secs] 
2018-03-19T12:20:56.458+0530: 586.975: [GC (Allocation Failure) [PSYoungGen: 173632K->64K(174080K)] 195052K->21500K(523776K), 0.0015332 secs] [Times: user=0.00 sys=0.00, real=0.00 secs] 
2018-03-19T12:20:56.924+0530: 587.441: [GC (Allocation Failure) [PSYoungGen: 173632K->64K(174080K)] 195068K->21532K(523776K), 0.0015854 secs] [Times: user=0.00 sys=0.00, real=0.00 secs] 
2018-03-19T12:20:57.329+0530: 587.845: [GC (Allocation Failure) [PSYoungGen: 173632K->96K(174080K)] 195100K->21588K(523776K), 0.0013477 secs] [Times: user=0.00 sys=0.00, real=0.00 secs] 
2018-03-19T12:20:57.738+0530: 588.254: [GC (Allocation Failure) [PSYoungGen: 173664K->32K(174080K)] 195156K->21540K(523776K), 0.0017730 secs] [Times: user=0.00 sys=0.00, real=0.00 secs] 
2018-03-19T12:20:58.096+0530: 588.613: [GC (Allocation Failure) [PSYoungGen: 173600K->64K(174080K)] 195108K->21604K(523776K), 0.0013308 secs] [Times: user=0.00 sys=0.00, real=0.00 secs] 
2018-03-19T12:20:58.460+0530: 588.978: [GC (Allocation Failure) [PSYoungGen: 173632K->64K(174080K)] 195172K->21636K(523776K), 0.0013107 secs] [Times: user=0.00 sys=0.00, real=0.00 secs] 
2018-03-19T12:20:58.809+0530: 589.325: [GC (Allocation Failure) [PSYoungGen: 173632K->96K(174080K)] 195204K->21692K(523776K), 0.0010162 secs] [Times: user=0.00 sys=0.00, real=0.00 secs] 
2018-03-19T12:20:59.137+0530: 589.654: [GC (Allocation Failure) [PSYoungGen: 173664K->96K(174080K)] 195260K->21716K(523776K), 0.0013061 secs] [Times: user=0.00 sys=0.00, real=0.00 secs] 
2018-03-19T12:20:59.558+0530: 590.075: [GC (Allocation Failure) [PSYoungGen: 173664K->96K(174080K)] 195284K->21748K(523776K), 0.0012638 secs] [Times: user=0.00 sys=0.00, real=0.00 secs] 
2018-03-19T12:20:59.863+0530: 590.380: [GC (Allocation Failure) [PSYoungGen: 173664K->96K(174080K)] 195316K->21772K(523776K), 0.0011446 secs] [Times: user=0.00 sys=0.00, real=0.00 secs] 
2018-03-19T12:21:00.189+0530: 590.705: [GC (Allocation Failure) [PSYoungGen: 173664K->96K(174080K)] 195340K->21804K(523776K), 0.0013290 secs] [Times: user=0.00 sys=0.00, real=0.00 secs] 
2018-03-19T12:21:00.514+0530: 591.031: [GC (Allocation Failure) [PSYoungGen: 173664K->32K(174080K)] 195372K->21756K(523776K), 0.0015378 secs] [Times: user=0.00 sys=0.00, real=0.00 secs] 
2018-03-19T12:21:00.921+0530: 591.437: [GC (Allocation Failure) [PSYoungGen: 173600K->64K(174080K)] 195324K->21820K(523776K), 0.0012236 secs] [Times: user=0.00 sys=0.00, real=0.00 secs] 
2018-03-19T12:21:01.235+0530: 591.752: [GC (Allocation Failure) [PSYoungGen: 173632K->64K(174080K)] 195388K->21852K(523776K), 0.0012585 secs] [Times: user=0.00 sys=0.00, real=0.00 secs] 
2018-03-19T12:21:01.587+0530: 592.104: [GC (Allocation Failure) [PSYoungGen: 173632K->96K(174080K)] 195420K->21900K(523776K), 0.0014013 secs] [Times: user=0.00 sys=0.00, real=0.00 secs] 
2018-03-19T12:21:01.988+0530: 592.504: [GC (Allocation Failure) [PSYoungGen: 173664K->32K(174080K)] 195468K->21868K(523776K), 0.0012881 secs] [Times: user=0.00 sys=0.00, real=0.00 secs] 
2018-03-19T12:21:02.354+0530: 592.871: [GC (Allocation Failure) [PSYoungGen: 173600K->96K(174080K)] 195436K->21964K(523776K), 0.0012038 secs] [Times: user=0.00 sys=0.00, real=0.00 secs] 
2018-03-19T12:21:02.676+0530: 593.193: [GC (Allocation Failure) [PSYoungGen: 173664K->64K(174080K)] 195532K->21964K(523776K), 0.0011732 secs] [Times: user=0.00 sys=0.00, real=0.00 secs] 
2018-03-19T12:21:02.982+0530: 593.499: [GC (Allocation Failure) [PSYoungGen: 173632K->96K(174080K)] 195532K->22028K(523776K), 0.0010942 secs] [Times: user=0.00 sys=0.00, real=0.00 secs] 
2018-03-19T12:21:03.468+0530: 593.985: [GC (Allocation Failure) [PSYoungGen: 173664K->96K(174080K)] 195596K->22044K(523776K), 0.0015543 secs] [Times: user=0.00 sys=0.00, real=0.00 secs] 
2018-03-19T12:21:03.851+0530: 594.368: [GC (Allocation Failure) [PSYoungGen: 173664K->64K(174080K)] 195612K->22044K(523776K), 0.0013001 secs] [Times: user=0.00 sys=0.00, real=0.00 secs] 
2018-03-19T12:21:04.191+0530: 594.707: [GC (Allocation Failure) [PSYoungGen: 173632K->96K(174080K)] 195612K->22092K(523776K), 0.0011157 secs] [Times: user=0.00 sys=0.00, real=0.00 secs] 
2018-03-19T12:21:04.512+0530: 595.029: [GC (Allocation Failure) [PSYoungGen: 173664K->64K(174080K)] 195660K->22092K(523776K), 0.0011270 secs] [Times: user=0.00 sys=0.00, real=0.00 secs] 
2018-03-19T12:21:04.813+0530: 595.329: [GC (Allocation Failure) [PSYoungGen: 173632K->96K(174080K)] 195660K->22156K(523776K), 0.0009909 secs] [Times: user=0.00 sys=0.00, real=0.00 secs] 
2018-03-19T12:21:05.107+0530: 595.624: [GC (Allocation Failure) [PSYoungGen: 173664K->64K(174080K)] 195724K->22156K(523776K), 0.0012338 secs] [Times: user=0.00 sys=0.00, real=0.00 secs] 
2018-03-19T12:21:05.407+0530: 595.924: [GC (Allocation Failure) [PSYoungGen: 173632K->96K(174080K)] 195724K->22220K(523776K), 0.0011354 secs] [Times: user=0.00 sys=0.00, real=0.00 secs] 
2018-03-19T12:21:05.700+0530: 596.217: [GC (Allocation Failure) [PSYoungGen: 173664K->96K(174080K)] 195788K->22252K(523776K), 0.0011707 secs] [Times: user=0.00 sys=0.00, real=0.00 secs] 
2018-03-19T12:21:05.996+0530: 596.512: [GC (Allocation Failure) [PSYoungGen: 173664K->96K(174080K)] 195820K->22284K(523776K), 0.0013890 secs] [Times: user=0.00 sys=0.00, real=0.00 secs] 
2018-03-19T12:21:06.299+0530: 596.816: [GC (Allocation Failure) [PSYoungGen: 173664K->96K(174080K)] 195852K->22316K(523776K), 0.0010028 secs] [Times: user=0.00 sys=0.00, real=0.00 secs] 
2018-03-19T12:21:06.594+0530: 597.111: [GC (Allocation Failure) [PSYoungGen: 173664K->96K(174080K)] 195884K->22348K(523776K), 0.0011629 secs] [Times: user=0.00 sys=0.00, real=0.00 secs] 
2018-03-19T12:21:06.887+0530: 597.404: [GC (Allocation Failure) [PSYoungGen: 173664K->96K(174080K)] 195916K->22372K(523776K), 0.0009633 secs] [Times: user=0.00 sys=0.00, real=0.00 secs] 
2018-03-19T12:21:07.200+0530: 597.717: [GC (Allocation Failure) [PSYoungGen: 173664K->64K(174080K)] 195940K->22364K(523776K), 0.0012109 secs] [Times: user=0.00 sys=0.00, real=0.00 secs] 
2018-03-19T12:21:07.510+0530: 598.026: [GC (Allocation Failure) [PSYoungGen: 173632K->32K(174080K)] 195932K->22364K(523776K), 0.0010617 secs] [Times: user=0.00 sys=0.00, real=0.00 secs] 
2018-03-19T12:21:07.796+0530: 598.312: [GC (Allocation Failure) [PSYoungGen: 173600K->64K(174080K)] 195932K->22428K(523776K), 0.0009736 secs] [Times: user=0.00 sys=0.00, real=0.00 secs] 
2018-03-19T12:21:08.079+0530: 598.596: [GC (Allocation Failure) [PSYoungGen: 173632K->64K(174080K)] 195996K->22452K(523776K), 0.0010092 secs] [Times: user=0.00 sys=0.00, real=0.00 secs] 
2018-03-19T12:21:08.372+0530: 598.889: [GC (Allocation Failure) [PSYoungGen: 173632K->64K(174080K)] 196020K->22484K(523776K), 0.0013410 secs] [Times: user=0.00 sys=0.00, real=0.00 secs] 
2018-03-19T12:21:08.856+0530: 599.373: [GC (Allocation Failure) [PSYoungGen: 173632K->32K(174080K)] 196052K->22468K(523776K), 0.0027204 secs] [Times: user=0.00 sys=0.00, real=0.00 secs] 
2018-03-19T12:21:09.529+0530: 600.046: [GC (Allocation Failure) [PSYoungGen: 173600K->96K(174080K)] 196036K->22564K(523776K), 0.0014373 secs] [Times: user=0.00 sys=0.00, real=0.00 secs] 
2018-03-19T12:21:09.895+0530: 600.412: [GC (Allocation Failure) [PSYoungGen: 173664K->64K(174080K)] 196132K->22564K(523776K), 0.0012042 secs] [Times: user=0.00 sys=0.00, real=0.00 secs] 
2018-03-19T12:21:10.222+0530: 600.739: [GC (Allocation Failure) [PSYoungGen: 173632K->64K(174080K)] 196132K->22596K(523776K), 0.0010751 secs] [Times: user=0.00 sys=0.00, real=0.00 secs] 
2018-03-19T12:21:10.596+0530: 601.112: [GC (Allocation Failure) [PSYoungGen: 173632K->64K(174080K)] 196164K->22620K(523776K), 0.0011982 secs] [Times: user=0.00 sys=0.00, real=0.00 secs] 
2018-03-19T12:21:11.001+0530: 601.518: [GC (Allocation Failure) [PSYoungGen: 173632K->96K(174080K)] 196188K->22668K(523776K), 0.0014958 secs] [Times: user=0.00 sys=0.00, real=0.00 secs] 
2018-03-19T12:21:11.373+0530: 601.890: [GC (Allocation Failure) [PSYoungGen: 173664K->64K(174080K)] 196236K->22668K(523776K), 0.0011090 secs] [Times: user=0.00 sys=0.00, real=0.00 secs] 
2018-03-19T12:21:11.713+0530: 602.229: [GC (Allocation Failure) [PSYoungGen: 173632K->64K(174080K)] 196236K->22692K(523776K), 0.0016291 secs] [Times: user=0.00 sys=0.00, real=0.00 secs] 
2018-03-19T12:21:12.040+0530: 602.557: [GC (Allocation Failure) [PSYoungGen: 173632K->96K(174080K)] 196260K->22748K(523776K), 0.0013103 secs] [Times: user=0.00 sys=0.00, real=0.00 secs] 
2018-03-19T12:21:12.373+0530: 602.890: [GC (Allocation Failure) [PSYoungGen: 173664K->96K(174080K)] 196316K->22780K(523776K), 0.0010741 secs] [Times: user=0.00 sys=0.00, real=0.00 secs] 
2018-03-19T12:21:12.679+0530: 603.195: [GC (Allocation Failure) [PSYoungGen: 173664K->96K(174080K)] 196348K->22812K(523776K), 0.0010540 secs] [Times: user=0.00 sys=0.00, real=0.00 secs] 
2018-03-19T12:21:13.019+0530: 603.535: [GC (Allocation Failure) [PSYoungGen: 173664K->64K(174080K)] 196380K->22812K(523776K), 0.0010349 secs] [Times: user=0.00 sys=0.00, real=0.00 secs] 
2018-03-19T12:21:13.317+0530: 603.834: [GC (Allocation Failure) [PSYoungGen: 173632K->96K(174080K)] 196380K->22876K(523776K), 0.0011129 secs] [Times: user=0.00 sys=0.00, real=0.00 secs] 
2018-03-19T12:21:13.619+0530: 604.135: [GC (Allocation Failure) [PSYoungGen: 173664K->96K(174080K)] 196444K->22908K(523776K), 0.0011686 secs] [Times: user=0.00 sys=0.00, real=0.00 secs] 
2018-03-19T12:21:13.917+0530: 604.434: [GC (Allocation Failure) [PSYoungGen: 173664K->64K(174080K)] 196476K->22908K(523776K), 0.0012476 secs] [Times: user=0.00 sys=0.00, real=0.00 secs] 
2018-03-19T12:21:14.216+0530: 604.733: [GC (Allocation Failure) [PSYoungGen: 173632K->96K(174080K)] 196476K->22972K(523776K), 0.0011245 secs] [Times: user=0.00 sys=0.00, real=0.00 secs] 
2018-03-19T12:21:14.506+0530: 605.023: [GC (Allocation Failure) [PSYoungGen: 173664K->64K(174080K)] 196540K->22972K(523776K), 0.0009852 secs] [Times: user=0.00 sys=0.00, real=0.00 secs] 
2018-03-19T12:21:14.807+0530: 605.323: [GC (Allocation Failure) [PSYoungGen: 173632K->96K(174080K)] 196540K->23036K(523776K), 0.0011125 secs] [Times: user=0.00 sys=0.00, real=0.00 secs] 
2018-03-19T12:21:15.103+0530: 605.619: [GC (Allocation Failure) [PSYoungGen: 173664K->32K(174080K)] 196604K->23004K(523776K), 0.0012796 secs] [Times: user=0.00 sys=0.00, real=0.00 secs] 
2018-03-19T12:21:15.451+0530: 605.967: [GC (Allocation Failure) [PSYoungGen: 173600K->96K(174080K)] 196572K->23092K(523776K), 0.0009947 secs] [Times: user=0.00 sys=0.00, real=0.00 secs] 
2018-03-19T12:21:15.878+0530: 606.395: [GC (Allocation Failure) [PSYoungGen: 173664K->64K(174080K)] 196660K->23076K(523776K), 0.0027511 secs] [Times: user=0.00 sys=0.00, real=0.00 secs] 
2018-03-19T12:21:16.352+0530: 606.869: [GC (Allocation Failure) [PSYoungGen: 173632K->96K(174080K)] 196644K->23132K(523776K), 0.0013481 secs] [Times: user=0.00 sys=0.00, real=0.00 secs] 
2018-03-19T12:21:16.733+0530: 607.250: [GC (Allocation Failure) [PSYoungGen: 173664K->96K(174080K)] 196700K->23164K(523776K), 0.0012398 secs] [Times: user=0.00 sys=0.00, real=0.00 secs] 
2018-03-19T12:21:17.113+0530: 607.629: [GC (Allocation Failure) [PSYoungGen: 173664K->96K(174080K)] 196732K->23196K(523776K), 0.0012356 secs] [Times: user=0.00 sys=0.00, real=0.00 secs] 
2018-03-19T12:21:17.563+0530: 608.080: [GC (Allocation Failure) [PSYoungGen: 173664K->96K(174080K)] 196764K->23228K(523776K), 0.0015497 secs] [Times: user=0.00 sys=0.00, real=0.00 secs] 
2018-03-19T12:21:17.914+0530: 608.431: [GC (Allocation Failure) [PSYoungGen: 173664K->96K(174080K)] 196796K->23252K(523776K), 0.0022123 secs] [Times: user=0.05 sys=0.00, real=0.00 secs] 
2018-03-19T12:21:18.330+0530: 608.847: [GC (Allocation Failure) [PSYoungGen: 173664K->64K(174080K)] 196820K->23236K(523776K), 0.0025184 secs] [Times: user=0.00 sys=0.00, real=0.00 secs] 
2018-03-19T12:21:19.028+0530: 609.545: [GC (Allocation Failure) [PSYoungGen: 173632K->64K(174080K)] 196804K->23268K(523776K), 0.0018347 secs] [Times: user=0.00 sys=0.00, real=0.00 secs] 
2018-03-19T12:21:19.670+0530: 610.187: [GC (Allocation Failure) [PSYoungGen: 173632K->96K(174080K)] 196836K->23324K(523776K), 0.0012765 secs] [Times: user=0.00 sys=0.00, real=0.00 secs] 
2018-03-19T12:21:20.300+0530: 610.816: [GC (Allocation Failure) [PSYoungGen: 173664K->64K(174080K)] 196892K->23324K(523776K), 0.0015684 secs] [Times: user=0.00 sys=0.00, real=0.00 secs] 
2018-03-19T12:21:20.896+0530: 611.413: [GC (Allocation Failure) [PSYoungGen: 173632K->96K(174080K)] 196892K->23372K(523776K), 0.0032984 secs] [Times: user=0.00 sys=0.00, real=0.00 secs] 
2018-03-19T12:21:21.470+0530: 611.987: [GC (Allocation Failure) [PSYoungGen: 173664K->32K(174080K)] 196940K->23340K(523776K), 0.0015836 secs] [Times: user=0.00 sys=0.00, real=0.00 secs] 
2018-03-19T12:21:21.872+0530: 612.388: [GC (Allocation Failure) [PSYoungGen: 173600K->64K(174080K)] 196908K->23404K(523776K), 0.0015180 secs] [Times: user=0.00 sys=0.00, real=0.00 secs] 
2018-03-19T12:21:22.225+0530: 612.742: [GC (Allocation Failure) [PSYoungGen: 173632K->64K(174080K)] 196972K->23436K(523776K), 0.0013234 secs] [Times: user=0.00 sys=0.00, real=0.00 secs] 
2018-03-19T12:21:22.558+0530: 613.074: [GC (Allocation Failure) [PSYoungGen: 173632K->96K(174080K)] 197004K->23492K(523776K), 0.0014080 secs] [Times: user=0.00 sys=0.00, real=0.00 secs] 
2018-03-19T12:21:22.951+0530: 613.467: [GC (Allocation Failure) [PSYoungGen: 173664K->32K(174080K)] 197060K->23452K(523776K), 0.0012966 secs] [Times: user=0.00 sys=0.00, real=0.00 secs] 
2018-03-19T12:21:23.516+0530: 614.033: [GC (Allocation Failure) [PSYoungGen: 173600K->32K(174080K)] 197020K->23476K(523776K), 0.0013442 secs] [Times: user=0.00 sys=0.00, real=0.00 secs] 
2018-03-19T12:21:24.033+0530: 614.550: [GC (Allocation Failure) [PSYoungGen: 173600K->96K(174080K)] 197044K->23572K(523776K), 0.0011756 secs] [Times: user=0.00 sys=0.00, real=0.00 secs] 
2018-03-19T12:21:24.374+0530: 614.891: [GC (Allocation Failure) [PSYoungGen: 173664K->96K(174080K)] 197140K->23604K(523776K), 0.0016541 secs] [Times: user=0.00 sys=0.00, real=0.00 secs] 
2018-03-19T12:21:24.790+0530: 615.306: [GC (Allocation Failure) [PSYoungGen: 173664K->64K(174080K)] 197172K->23604K(523776K), 0.0011696 secs] [Times: user=0.06 sys=0.00, real=0.00 secs] 
2018-03-19T12:21:25.174+0530: 615.691: [GC (Allocation Failure) [PSYoungGen: 173632K->64K(174080K)] 197172K->23628K(523776K), 0.0009824 secs] [Times: user=0.00 sys=0.00, real=0.00 secs] 
2018-03-19T12:21:25.479+0530: 615.996: [GC (Allocation Failure) [PSYoungGen: 173632K->96K(174080K)] 197196K->23692K(523776K), 0.0012056 secs] [Times: user=0.00 sys=0.00, real=0.00 secs] 
2018-03-19T12:21:25.796+0530: 616.313: [GC (Allocation Failure) [PSYoungGen: 173664K->64K(174080K)] 197260K->23692K(523776K), 0.0010466 secs] [Times: user=0.00 sys=0.00, real=0.00 secs] 
2018-03-19T12:21:26.101+0530: 616.618: [GC (Allocation Failure) [PSYoungGen: 173632K->64K(174080K)] 197260K->23724K(523776K), 0.0011784 secs] [Times: user=0.01 sys=0.00, real=0.00 secs] 
2018-03-19T12:21:26.426+0530: 616.943: [GC (Allocation Failure) [PSYoungGen: 173632K->96K(174080K)] 197292K->23780K(523776K), 0.0011559 secs] [Times: user=0.00 sys=0.00, real=0.00 secs] 
2018-03-19T12:21:26.789+0530: 617.305: [GC (Allocation Failure) [PSYoungGen: 173664K->96K(174080K)] 197348K->23812K(523776K), 0.0010850 secs] [Times: user=0.00 sys=0.00, real=0.00 secs] 
2018-03-19T12:21:27.092+0530: 617.608: [GC (Allocation Failure) [PSYoungGen: 173664K->96K(174080K)] 197380K->23836K(523776K), 0.0010325 secs] [Times: user=0.00 sys=0.00, real=0.00 secs] 
2018-03-19T12:21:27.436+0530: 617.953: [GC (Allocation Failure) [PSYoungGen: 173664K->96K(174080K)] 197404K->23868K(523776K), 0.0010614 secs] [Times: user=0.00 sys=0.00, real=0.00 secs] 
2018-03-19T12:21:27.722+0530: 618.238: [GC (Allocation Failure) [PSYoungGen: 173664K->64K(174080K)] 197436K->23868K(523776K), 0.0010378 secs] [Times: user=0.00 sys=0.00, real=0.00 secs] 
2018-03-19T12:21:28.020+0530: 618.537: [GC (Allocation Failure) [PSYoungGen: 173632K->96K(174080K)] 197436K->23932K(523776K), 0.0011132 secs] [Times: user=0.00 sys=0.00, real=0.00 secs] 
2018-03-19T12:21:28.375+0530: 618.892: [GC (Allocation Failure) [PSYoungGen: 173664K->96K(174080K)] 197500K->23956K(523776K), 0.0011735 secs] [Times: user=0.00 sys=0.00, real=0.00 secs] 
2018-03-19T12:21:28.671+0530: 619.188: [GC (Allocation Failure) [PSYoungGen: 173664K->96K(174080K)] 197524K->23972K(523776K), 0.0012927 secs] [Times: user=0.00 sys=0.00, real=0.00 secs] 
2018-03-19T12:21:28.978+0530: 619.494: [GC (Allocation Failure) [PSYoungGen: 173664K->32K(174080K)] 197540K->23940K(523776K), 0.0010667 secs] [Times: user=0.00 sys=0.00, real=0.00 secs] 
2018-03-19T12:21:29.271+0530: 619.788: [GC (Allocation Failure) [PSYoungGen: 173600K->96K(174080K)] 197508K->24036K(523776K), 0.0011382 secs] [Times: user=0.00 sys=0.00, real=0.00 secs] 
2018-03-19T12:21:29.558+0530: 620.075: [GC (Allocation Failure) [PSYoungGen: 173664K->64K(174080K)] 197604K->24036K(523776K), 0.0012134 secs] [Times: user=0.00 sys=0.00, real=0.00 secs] 
2018-03-19T12:21:29.852+0530: 620.368: [GC (Allocation Failure) [PSYoungGen: 173632K->64K(174080K)] 197604K->24068K(523776K), 0.0009771 secs] [Times: user=0.00 sys=0.00, real=0.00 secs] 
2018-03-19T12:21:30.142+0530: 620.659: [GC (Allocation Failure) [PSYoungGen: 173632K->64K(174080K)] 197636K->24100K(523776K), 0.0012000 secs] [Times: user=0.00 sys=0.00, real=0.00 secs] 
2018-03-19T12:21:30.489+0530: 621.006: [GC (Allocation Failure) [PSYoungGen: 173632K->96K(174080K)] 197668K->24148K(523776K), 0.0012250 secs] [Times: user=0.00 sys=0.00, real=0.00 secs] 
2018-03-19T12:21:30.845+0530: 621.362: [GC (Allocation Failure) [PSYoungGen: 173664K->64K(174080K)] 197716K->24148K(523776K), 0.0012017 secs] [Times: user=0.00 sys=0.00, real=0.00 secs] 
2018-03-19T12:21:31.173+0530: 621.690: [GC (Allocation Failure) [PSYoungGen: 173632K->96K(174080K)] 197716K->24196K(523776K), 0.0011227 secs] [Times: user=0.00 sys=0.00, real=0.00 secs] 
2018-03-19T12:21:31.528+0530: 622.044: [GC (Allocation Failure) [PSYoungGen: 173664K->64K(174080K)] 197764K->24188K(523776K), 0.0012973 secs] [Times: user=0.00 sys=0.00, real=0.00 secs] 
2018-03-19T12:21:31.836+0530: 622.353: [GC (Allocation Failure) [PSYoungGen: 173632K->64K(174080K)] 197756K->24220K(523776K), 0.0010949 secs] [Times: user=0.00 sys=0.03, real=0.00 secs] 
2018-03-19T12:21:32.142+0530: 622.659: [GC (Allocation Failure) [PSYoungGen: 173632K->96K(174080K)] 197788K->24284K(523776K), 0.0011227 secs] [Times: user=0.00 sys=0.00, real=0.00 secs] 
2018-03-19T12:21:32.444+0530: 622.961: [GC (Allocation Failure) [PSYoungGen: 173664K->96K(174080K)] 197852K->24300K(523776K), 0.0018237 secs] [Times: user=0.00 sys=0.00, real=0.00 secs] 
2018-03-19T12:21:32.862+0530: 623.378: [GC (Allocation Failure) [PSYoungGen: 173664K->96K(174080K)] 197868K->24332K(523776K), 0.0011492 secs] [Times: user=0.00 sys=0.00, real=0.00 secs] 
2018-03-19T12:21:33.176+0530: 623.693: [GC (Allocation Failure) [PSYoungGen: 173664K->64K(174080K)] 197900K->24332K(523776K), 0.0011767 secs] [Times: user=0.00 sys=0.00, real=0.00 secs] 
2018-03-19T12:21:33.476+0530: 623.993: [GC (Allocation Failure) [PSYoungGen: 173632K->96K(174080K)] 197900K->24388K(523776K), 0.0011354 secs] [Times: user=0.00 sys=0.00, real=0.00 secs] 
2018-03-19T12:21:33.780+0530: 624.297: [GC (Allocation Failure) [PSYoungGen: 173664K->64K(174080K)] 197956K->24388K(523776K), 0.0010311 secs] [Times: user=0.00 sys=0.00, real=0.00 secs] 
2018-03-19T12:21:34.087+0530: 624.603: [GC (Allocation Failure) [PSYoungGen: 173632K->64K(174080K)] 197956K->24420K(523776K), 0.0010166 secs] [Times: user=0.00 sys=0.00, real=0.00 secs] 
2018-03-19T12:21:34.451+0530: 624.968: [GC (Allocation Failure) [PSYoungGen: 173632K->64K(174080K)] 197988K->24436K(523776K), 0.0016633 secs] [Times: user=0.00 sys=0.00, real=0.00 secs] 
2018-03-19T12:21:34.827+0530: 625.344: [GC (Allocation Failure) [PSYoungGen: 173632K->96K(174080K)] 198004K->24500K(523776K), 0.0011245 secs] [Times: user=0.00 sys=0.00, real=0.00 secs] 
2018-03-19T12:21:35.160+0530: 625.676: [GC (Allocation Failure) [PSYoungGen: 173664K->64K(174080K)] 198068K->24500K(523776K), 0.0012497 secs] [Times: user=0.00 sys=0.00, real=0.00 secs] 
2018-03-19T12:21:35.533+0530: 626.050: [GC (Allocation Failure) [PSYoungGen: 173632K->96K(174080K)] 198068K->24564K(523776K), 0.0011950 secs] [Times: user=0.00 sys=0.00, real=0.00 secs] 
2018-03-19T12:21:35.850+0530: 626.367: [GC (Allocation Failure) [PSYoungGen: 173664K->64K(174080K)] 198132K->24564K(523776K), 0.0010420 secs] [Times: user=0.00 sys=0.00, real=0.00 secs] 
2018-03-19T12:21:36.179+0530: 626.696: [GC (Allocation Failure) [PSYoungGen: 173632K->64K(174080K)] 198132K->24596K(523776K), 0.0011407 secs] [Times: user=0.00 sys=0.00, real=0.00 secs] 
2018-03-19T12:21:36.593+0530: 627.110: [GC (Allocation Failure) [PSYoungGen: 173632K->64K(174080K)] 198164K->24612K(523776K), 0.0016495 secs] [Times: user=0.00 sys=0.00, real=0.00 secs] 
2018-03-19T12:21:36.958+0530: 627.474: [GC (Allocation Failure) [PSYoungGen: 173632K->64K(174080K)] 198180K->24636K(523776K), 0.0011520 secs] [Times: user=0.00 sys=0.00, real=0.00 secs] 
2018-03-19T12:21:37.288+0530: 627.804: [GC (Allocation Failure) [PSYoungGen: 173632K->96K(174080K)] 198204K->24700K(523776K), 0.0015691 secs] [Times: user=0.00 sys=0.00, real=0.00 secs] 
2018-03-19T12:21:37.616+0530: 628.132: [GC (Allocation Failure) [PSYoungGen: 173664K->96K(174080K)] 198268K->24724K(523776K), 0.0013191 secs] [Times: user=0.00 sys=0.00, real=0.00 secs] 
2018-03-19T12:21:37.928+0530: 628.444: [GC (Allocation Failure) [PSYoungGen: 173664K->64K(174080K)] 198292K->24716K(523776K), 0.0011414 secs] [Times: user=0.00 sys=0.00, real=0.00 secs] 
2018-03-19T12:21:38.232+0530: 628.748: [GC (Allocation Failure) [PSYoungGen: 173632K->96K(174080K)] 198284K->24780K(523776K), 0.0011799 secs] [Times: user=0.00 sys=0.00, real=0.00 secs] 
2018-03-19T12:21:38.530+0530: 629.046: [GC (Allocation Failure) [PSYoungGen: 173664K->96K(174080K)] 198348K->24812K(523776K), 0.0010402 secs] [Times: user=0.00 sys=0.00, real=0.00 secs] 
2018-03-19T12:21:38.830+0530: 629.346: [GC (Allocation Failure) [PSYoungGen: 173664K->96K(174080K)] 198380K->24844K(523776K), 0.0011083 secs] [Times: user=0.00 sys=0.00, real=0.00 secs] 
2018-03-19T12:21:39.126+0530: 629.643: [GC (Allocation Failure) [PSYoungGen: 173664K->96K(174080K)] 198412K->24876K(523776K), 0.0010367 secs] [Times: user=0.00 sys=0.00, real=0.00 secs] 
2018-03-19T12:21:39.467+0530: 629.983: [GC (Allocation Failure) [PSYoungGen: 173664K->64K(174080K)] 198444K->24876K(523776K), 0.0010903 secs] [Times: user=0.00 sys=0.00, real=0.00 secs] 
2018-03-19T12:21:39.769+0530: 630.285: [GC (Allocation Failure) [PSYoungGen: 173632K->96K(174080K)] 198444K->24940K(523776K), 0.0010526 secs] [Times: user=0.00 sys=0.00, real=0.00 secs] 
2018-03-19T12:21:40.069+0530: 630.586: [GC (Allocation Failure) [PSYoungGen: 173664K->96K(174080K)] 198508K->24972K(523776K), 0.0010504 secs] [Times: user=0.00 sys=0.00, real=0.00 secs] 
2018-03-19T12:21:40.358+0530: 630.874: [GC (Allocation Failure) [PSYoungGen: 173664K->96K(174080K)] 198540K->25004K(523776K), 0.0011760 secs] [Times: user=0.00 sys=0.00, real=0.00 secs] 
2018-03-19T12:21:40.683+0530: 631.200: [GC (Allocation Failure) [PSYoungGen: 173664K->96K(174080K)] 198572K->25036K(523776K), 0.0010441 secs] [Times: user=0.00 sys=0.00, real=0.00 secs] 
2018-03-19T12:21:40.986+0530: 631.503: [GC (Allocation Failure) [PSYoungGen: 173664K->96K(174080K)] 198604K->25060K(523776K), 0.0011502 secs] [Times: user=0.00 sys=0.00, real=0.00 secs] 
2018-03-19T12:21:41.276+0530: 631.792: [GC (Allocation Failure) [PSYoungGen: 173664K->64K(174080K)] 198628K->25060K(523776K), 0.0010494 secs] [Times: user=0.00 sys=0.00, real=0.00 secs] 
2018-03-19T12:21:41.567+0530: 632.083: [GC (Allocation Failure) [PSYoungGen: 173632K->96K(174080K)] 198628K->25116K(523776K), 0.0013012 secs] [Times: user=0.00 sys=0.00, real=0.00 secs] 
2018-03-19T12:21:41.875+0530: 632.392: [GC (Allocation Failure) [PSYoungGen: 173664K->96K(174080K)] 198684K->25140K(523776K), 0.0012525 secs] [Times: user=0.00 sys=0.00, real=0.00 secs] 
2018-03-19T12:21:42.179+0530: 632.696: [GC (Allocation Failure) [PSYoungGen: 173664K->96K(174080K)] 198708K->25172K(523776K), 0.0012899 secs] [Times: user=0.00 sys=0.00, real=0.00 secs] 
2018-03-19T12:21:42.473+0530: 632.989: [GC (Allocation Failure) [PSYoungGen: 173664K->96K(174080K)] 198740K->25196K(523776K), 0.0010730 secs] [Times: user=0.00 sys=0.00, real=0.00 secs] 
2018-03-19T12:21:42.762+0530: 633.278: [GC (Allocation Failure) [PSYoungGen: 173664K->96K(174080K)] 198764K->25220K(523776K), 0.0010600 secs] [Times: user=0.00 sys=0.00, real=0.00 secs] 
2018-03-19T12:21:43.045+0530: 633.561: [GC (Allocation Failure) [PSYoungGen: 173664K->64K(174080K)] 198788K->25220K(523776K), 0.0009648 secs] [Times: user=0.00 sys=0.00, real=0.00 secs] 
2018-03-19T12:21:43.363+0530: 633.880: [GC (Allocation Failure) [PSYoungGen: 173632K->64K(174080K)] 198788K->25252K(523776K), 0.0010995 secs] [Times: user=0.00 sys=0.00, real=0.00 secs] 
2018-03-19T12:21:43.651+0530: 634.168: [GC (Allocation Failure) [PSYoungGen: 173632K->96K(174080K)] 198820K->25316K(523776K), 0.0010441 secs] [Times: user=0.00 sys=0.00, real=0.00 secs] 
2018-03-19T12:21:43.936+0530: 634.453: [GC (Allocation Failure) [PSYoungGen: 173664K->96K(174080K)] 198884K->25348K(523776K), 0.0011129 secs] [Times: user=0.00 sys=0.00, real=0.00 secs] 
2018-03-19T12:21:44.216+0530: 634.732: [GC (Allocation Failure) [PSYoungGen: 173664K->96K(174080K)] 198916K->25380K(523776K), 0.0010155 secs] [Times: user=0.00 sys=0.00, real=0.00 secs] 
2018-03-19T12:21:44.504+0530: 635.020: [GC (Allocation Failure) [PSYoungGen: 173664K->96K(174080K)] 198948K->25412K(523776K), 0.0011467 secs] [Times: user=0.00 sys=0.00, real=0.00 secs] 
2018-03-19T12:21:44.788+0530: 635.304: [GC (Allocation Failure) [PSYoungGen: 173664K->96K(174080K)] 198980K->25444K(523776K), 0.0011541 secs] [Times: user=0.00 sys=0.00, real=0.00 secs] 
2018-03-19T12:21:45.062+0530: 635.579: [GC (Allocation Failure) [PSYoungGen: 173664K->64K(174080K)] 199012K->25444K(523776K), 0.0011114 secs] [Times: user=0.00 sys=0.00, real=0.00 secs] 
2018-03-19T12:21:45.345+0530: 635.861: [GC (Allocation Failure) [PSYoungGen: 173632K->96K(174080K)] 199012K->25500K(523776K), 0.0011351 secs] [Times: user=0.00 sys=0.00, real=0.00 secs] 
2018-03-19T12:21:45.633+0530: 636.150: [GC (Allocation Failure) [PSYoungGen: 173664K->32K(174080K)] 199068K->25468K(523776K), 0.0010385 secs] [Times: user=0.00 sys=0.00, real=0.00 secs] 
2018-03-19T12:21:45.920+0530: 636.437: [GC (Allocation Failure) [PSYoungGen: 173600K->32K(174080K)] 199036K->25492K(523776K), 0.0010085 secs] [Times: user=0.00 sys=0.00, real=0.00 secs] 
2018-03-19T12:21:46.200+0530: 636.717: [GC (Allocation Failure) [PSYoungGen: 173600K->96K(174080K)] 199060K->25580K(523776K), 0.0010318 secs] [Times: user=0.00 sys=0.00, real=0.00 secs] 
2018-03-19T12:21:46.499+0530: 637.016: [GC (Allocation Failure) [PSYoungGen: 173664K->96K(174080K)] 199148K->25604K(523776K), 0.0009954 secs] [Times: user=0.00 sys=0.00, real=0.00 secs] 
2018-03-19T12:21:46.784+0530: 637.300: [GC (Allocation Failure) [PSYoungGen: 173664K->96K(174080K)] 199172K->25628K(523776K), 0.0010360 secs] [Times: user=0.00 sys=0.00, real=0.00 secs] 
2018-03-19T12:21:47.063+0530: 637.580: [GC (Allocation Failure) [PSYoungGen: 173664K->64K(174080K)] 199196K->25628K(523776K), 0.0010561 secs] [Times: user=0.00 sys=0.00, real=0.00 secs] 
2018-03-19T12:21:47.401+0530: 637.917: [GC (Allocation Failure) [PSYoungGen: 173632K->96K(174080K)] 199196K->25684K(523776K), 0.0011608 secs] [Times: user=0.00 sys=0.00, real=0.00 secs] 
2018-03-19T12:21:47.677+0530: 638.194: [GC (Allocation Failure) [PSYoungGen: 173664K->64K(174080K)] 199252K->25684K(523776K), 0.0010099 secs] [Times: user=0.00 sys=0.00, real=0.00 secs] 
2018-03-19T12:21:47.970+0530: 638.487: [GC (Allocation Failure) [PSYoungGen: 173632K->128K(174080K)] 199252K->25772K(523776K), 0.0009803 secs] [Times: user=0.00 sys=0.00, real=0.00 secs] 
2018-03-19T12:21:48.256+0530: 638.773: [GC (Allocation Failure) [PSYoungGen: 173696K->64K(174080K)] 199340K->25732K(523776K), 0.0010656 secs] [Times: user=0.00 sys=0.00, real=0.00 secs] 
2018-03-19T12:21:48.532+0530: 639.048: [GC (Allocation Failure) [PSYoungGen: 173632K->96K(174080K)] 199300K->25796K(523776K), 0.0011192 secs] [Times: user=0.00 sys=0.00, real=0.00 secs] 
2018-03-19T12:21:48.813+0530: 639.330: [GC (Allocation Failure) [PSYoungGen: 173664K->96K(174080K)] 199364K->25820K(523776K), 0.0011047 secs] [Times: user=0.00 sys=0.00, real=0.00 secs] 
2018-03-19T12:21:49.097+0530: 639.613: [GC (Allocation Failure) [PSYoungGen: 173664K->64K(174080K)] 199388K->25820K(523776K), 0.0010311 secs] [Times: user=0.00 sys=0.00, real=0.00 secs] 
2018-03-19T12:21:49.375+0530: 639.891: [GC (Allocation Failure) [PSYoungGen: 173632K->96K(174080K)] 199388K->25884K(523776K), 0.0009827 secs] [Times: user=0.00 sys=0.00, real=0.00 secs] 
2018-03-19T12:21:49.655+0530: 640.172: [GC (Allocation Failure) [PSYoungGen: 173664K->96K(174080K)] 199452K->25908K(523776K), 0.0010416 secs] [Times: user=0.00 sys=0.00, real=0.00 secs] 
2018-03-19T12:21:49.944+0530: 640.461: [GC (Allocation Failure) [PSYoungGen: 173664K->96K(174080K)] 199476K->25932K(523776K), 0.0011562 secs] [Times: user=0.00 sys=0.00, real=0.00 secs] 
2018-03-19T12:21:50.225+0530: 640.742: [GC (Allocation Failure) [PSYoungGen: 173664K->96K(174080K)] 199500K->25956K(523776K), 0.0010593 secs] [Times: user=0.00 sys=0.00, real=0.00 secs] 
2018-03-19T12:21:50.502+0530: 641.019: [GC (Allocation Failure) [PSYoungGen: 173664K->96K(174080K)] 199524K->25972K(523776K), 0.0010649 secs] [Times: user=0.00 sys=0.00, real=0.00 secs] 
2018-03-19T12:21:50.806+0530: 641.323: [GC (Allocation Failure) [PSYoungGen: 173664K->96K(174080K)] 199540K->26004K(523776K), 0.0010152 secs] [Times: user=0.00 sys=0.00, real=0.00 secs] 
2018-03-19T12:21:51.092+0530: 641.609: [GC (Allocation Failure) [PSYoungGen: 173664K->96K(174080K)] 199572K->26028K(523776K), 0.0013438 secs] [Times: user=0.00 sys=0.00, real=0.00 secs] 
2018-03-19T12:21:51.498+0530: 642.014: [GC (Allocation Failure) [PSYoungGen: 173664K->64K(174080K)] 199596K->26012K(523776K), 0.0012063 secs] [Times: user=0.00 sys=0.00, real=0.00 secs] 
2018-03-19T12:21:51.922+0530: 642.439: [GC (Allocation Failure) [PSYoungGen: 173632K->96K(174080K)] 199580K->26068K(523776K), 0.0012828 secs] [Times: user=0.00 sys=0.00, real=0.00 secs] 
2018-03-19T12:21:52.308+0530: 642.825: [GC (Allocation Failure) [PSYoungGen: 173664K->64K(174080K)] 199636K->26068K(523776K), 0.0011763 secs] [Times: user=0.00 sys=0.00, real=0.00 secs] 
2018-03-19T12:21:52.586+0530: 643.102: [GC (Allocation Failure) [PSYoungGen: 173632K->32K(174080K)] 199636K->26060K(523776K), 0.0010490 secs] [Times: user=0.00 sys=0.00, real=0.00 secs] 
2018-03-19T12:21:52.895+0530: 643.411: [GC (Allocation Failure) [PSYoungGen: 173600K->32K(174080K)] 199628K->26084K(523776K), 0.0010628 secs] [Times: user=0.00 sys=0.00, real=0.00 secs] 
2018-03-19T12:21:53.174+0530: 643.690: [GC (Allocation Failure) [PSYoungGen: 173600K->96K(174080K)] 199652K->26172K(523776K), 0.0009672 secs] [Times: user=0.00 sys=0.00, real=0.00 secs] 
2018-03-19T12:21:53.452+0530: 643.969: [GC (Allocation Failure) [PSYoungGen: 173664K->32K(174080K)] 199740K->26140K(523776K), 0.0011199 secs] [Times: user=0.00 sys=0.00, real=0.00 secs] 
2018-03-19T12:21:53.727+0530: 644.243: [GC (Allocation Failure) [PSYoungGen: 173600K->32K(174080K)] 199708K->26164K(523776K), 0.0010219 secs] [Times: user=0.00 sys=0.00, real=0.00 secs] 
2018-03-19T12:21:54.014+0530: 644.530: [GC (Allocation Failure) [PSYoungGen: 173600K->64K(174080K)] 199732K->26228K(523776K), 0.0011615 secs] [Times: user=0.00 sys=0.00, real=0.00 secs] 
2018-03-19T12:21:54.289+0530: 644.805: [GC (Allocation Failure) [PSYoungGen: 173632K->96K(174080K)] 199796K->26284K(523776K), 0.0012469 secs] [Times: user=0.00 sys=0.00, real=0.00 secs] 
2018-03-19T12:21:54.568+0530: 645.084: [GC (Allocation Failure) [PSYoungGen: 173664K->96K(174080K)] 199852K->26316K(523776K), 0.0011696 secs] [Times: user=0.00 sys=0.00, real=0.00 secs] 
2018-03-19T12:21:54.849+0530: 645.365: [GC (Allocation Failure) [PSYoungGen: 173664K->96K(174080K)] 199884K->26348K(523776K), 0.0011065 secs] [Times: user=0.00 sys=0.00, real=0.00 secs] 
2018-03-19T12:21:55.127+0530: 645.644: [GC (Allocation Failure) [PSYoungGen: 173664K->96K(174080K)] 199916K->26372K(523776K), 0.0011298 secs] [Times: user=0.00 sys=0.00, real=0.00 secs] 
2018-03-19T12:21:55.440+0530: 645.957: [GC (Allocation Failure) [PSYoungGen: 173664K->96K(174080K)] 199940K->26404K(523776K), 0.0010067 secs] [Times: user=0.00 sys=0.00, real=0.00 secs] 
2018-03-19T12:21:55.718+0530: 646.235: [GC (Allocation Failure) [PSYoungGen: 173664K->64K(174080K)] 199972K->26404K(523776K), 0.0009901 secs] [Times: user=0.00 sys=0.00, real=0.00 secs] 
2018-03-19T12:21:56.003+0530: 646.519: [GC (Allocation Failure) [PSYoungGen: 173632K->96K(174080K)] 199972K->26468K(523776K), 0.0011012 secs] [Times: user=0.00 sys=0.00, real=0.00 secs] 
2018-03-19T12:21:56.284+0530: 646.801: [GC (Allocation Failure) [PSYoungGen: 173664K->96K(174080K)] 200036K->26492K(523776K), 0.0010547 secs] [Times: user=0.00 sys=0.00, real=0.00 secs] 
2018-03-19T12:21:56.575+0530: 647.092: [GC (Allocation Failure) [PSYoungGen: 173664K->96K(174080K)] 200060K->26524K(523776K), 0.0012211 secs] [Times: user=0.00 sys=0.00, real=0.00 secs] 
2018-03-19T12:21:56.868+0530: 647.385: [GC (Allocation Failure) [PSYoungGen: 173664K->96K(174080K)] 200092K->26556K(523776K), 0.0010959 secs] [Times: user=0.00 sys=0.00, real=0.00 secs] 
2018-03-19T12:21:57.143+0530: 647.660: [GC (Allocation Failure) [PSYoungGen: 173664K->96K(174080K)] 200124K->26588K(523776K), 0.0009961 secs] [Times: user=0.00 sys=0.00, real=0.00 secs] 
2018-03-19T12:21:57.421+0530: 647.938: [GC (Allocation Failure) [PSYoungGen: 173664K->64K(174080K)] 200156K->26588K(523776K), 0.0010952 secs] [Times: user=0.00 sys=0.00, real=0.00 secs] 
2018-03-19T12:21:57.699+0530: 648.215: [GC (Allocation Failure) [PSYoungGen: 173632K->32K(174080K)] 200156K->26580K(523776K), 0.0010381 secs] [Times: user=0.00 sys=0.00, real=0.00 secs] 
2018-03-19T12:21:57.983+0530: 648.500: [GC (Allocation Failure) [PSYoungGen: 173600K->64K(174080K)] 200148K->26644K(523776K), 0.0011562 secs] [Times: user=0.00 sys=0.00, real=0.00 secs] 
2018-03-19T12:21:58.269+0530: 648.785: [GC (Allocation Failure) [PSYoungGen: 173632K->64K(174080K)] 200212K->26676K(523776K), 0.0010889 secs] [Times: user=0.00 sys=0.00, real=0.00 secs] 
2018-03-19T12:21:58.547+0530: 649.064: [GC (Allocation Failure) [PSYoungGen: 173632K->96K(174080K)] 200244K->26740K(523776K), 0.0009986 secs] [Times: user=0.00 sys=0.00, real=0.00 secs] 
2018-03-19T12:21:58.835+0530: 649.351: [GC (Allocation Failure) [PSYoungGen: 173664K->64K(174080K)] 200308K->26740K(523776K), 0.0012045 secs] [Times: user=0.00 sys=0.00, real=0.00 secs] 
2018-03-19T12:21:59.116+0530: 649.633: [GC (Allocation Failure) [PSYoungGen: 173632K->64K(174080K)] 200308K->26772K(523776K), 0.0011950 secs] [Times: user=0.00 sys=0.00, real=0.00 secs] 
2018-03-19T12:21:59.520+0530: 650.037: [GC (Allocation Failure) [PSYoungGen: 173632K->64K(174080K)] 200340K->26788K(523776K), 0.0012465 secs] [Times: user=0.00 sys=0.00, real=0.00 secs] 
2018-03-19T12:21:59.861+0530: 650.378: [GC (Allocation Failure) [PSYoungGen: 173632K->96K(174080K)] 200356K->26844K(523776K), 0.0010727 secs] [Times: user=0.00 sys=0.00, real=0.00 secs] 
2018-03-19T12:22:00.164+0530: 650.681: [GC (Allocation Failure) [PSYoungGen: 173664K->96K(174080K)] 200412K->26876K(523776K), 0.0010289 secs] [Times: user=0.03 sys=0.00, real=0.00 secs] 
2018-03-19T12:22:00.443+0530: 650.960: [GC (Allocation Failure) [PSYoungGen: 173664K->64K(174080K)] 200444K->26876K(523776K), 0.0010445 secs] [Times: user=0.00 sys=0.00, real=0.00 secs] 
2018-03-19T12:22:00.730+0530: 651.246: [GC (Allocation Failure) [PSYoungGen: 173632K->64K(174080K)] 200444K->26908K(523776K), 0.0009849 secs] [Times: user=0.00 sys=0.00, real=0.00 secs] 
2018-03-19T12:22:01.019+0530: 651.535: [GC (Allocation Failure) [PSYoungGen: 173632K->64K(174080K)] 200476K->26940K(523776K), 0.0009778 secs] [Times: user=0.00 sys=0.00, real=0.00 secs] 
2018-03-19T12:22:01.296+0530: 651.813: [GC (Allocation Failure) [PSYoungGen: 173632K->96K(174080K)] 200508K->27004K(523776K), 0.0010653 secs] [Times: user=0.00 sys=0.00, real=0.00 secs] 
2018-03-19T12:22:01.584+0530: 652.101: [GC (Allocation Failure) [PSYoungGen: 173664K->96K(174080K)] 200572K->27036K(523776K), 0.0010497 secs] [Times: user=0.00 sys=0.00, real=0.00 secs] 
2018-03-19T12:22:01.880+0530: 652.397: [GC (Allocation Failure) [PSYoungGen: 173664K->32K(174080K)] 200604K->26996K(523776K), 0.0011382 secs] [Times: user=0.00 sys=0.00, real=0.00 secs] 
2018-03-19T12:22:02.157+0530: 652.673: [GC (Allocation Failure) [PSYoungGen: 173600K->96K(174080K)] 200564K->27084K(523776K), 0.0011040 secs] [Times: user=0.00 sys=0.00, real=0.00 secs] 
2018-03-19T12:22:02.432+0530: 652.949: [GC (Allocation Failure) [PSYoungGen: 173664K->64K(174080K)] 200652K->27084K(523776K), 0.0010007 secs] [Times: user=0.00 sys=0.00, real=0.00 secs] 
2018-03-19T12:22:02.711+0530: 653.228: [GC (Allocation Failure) [PSYoungGen: 173632K->32K(174080K)] 200652K->27084K(523776K), 0.0011605 secs] [Times: user=0.00 sys=0.00, real=0.00 secs] 
2018-03-19T12:22:03.001+0530: 653.518: [GC (Allocation Failure) [PSYoungGen: 173600K->64K(174080K)] 200652K->27140K(523776K), 0.0011580 secs] [Times: user=0.00 sys=0.00, real=0.00 secs] 
2018-03-19T12:22:03.345+0530: 653.862: [GC (Allocation Failure) [PSYoungGen: 173632K->96K(174080K)] 200708K->27196K(523776K), 0.0013029 secs] [Times: user=0.00 sys=0.00, real=0.00 secs] 
2018-03-19T12:22:03.702+0530: 654.219: [GC (Allocation Failure) [PSYoungGen: 173664K->64K(174080K)] 200764K->27196K(523776K), 0.0015840 secs] [Times: user=0.00 sys=0.00, real=0.00 secs] 
2018-03-19T12:22:03.999+0530: 654.516: [GC (Allocation Failure) [PSYoungGen: 173632K->64K(174080K)] 200764K->27228K(523776K), 0.0010861 secs] [Times: user=0.00 sys=0.00, real=0.00 secs] 
2018-03-19T12:22:04.277+0530: 654.793: [GC (Allocation Failure) [PSYoungGen: 173632K->128K(174080K)] 200796K->27324K(523776K), 0.0013928 secs] [Times: user=0.00 sys=0.00, real=0.00 secs] 
2018-03-19T12:22:04.553+0530: 655.070: [GC (Allocation Failure) [PSYoungGen: 173696K->64K(174080K)] 200892K->27292K(523776K), 0.0011005 secs] [Times: user=0.00 sys=0.00, real=0.00 secs] 
2018-03-19T12:22:04.836+0530: 655.352: [GC (Allocation Failure) [PSYoungGen: 173632K->96K(174080K)] 200860K->27356K(523776K), 0.0010578 secs] [Times: user=0.00 sys=0.00, real=0.00 secs] 
2018-03-19T12:22:05.115+0530: 655.631: [GC (Allocation Failure) [PSYoungGen: 173664K->64K(174080K)] 200924K->27356K(523776K), 0.0009824 secs] [Times: user=0.00 sys=0.00, real=0.00 secs] 
2018-03-19T12:22:05.399+0530: 655.916: [GC (Allocation Failure) [PSYoungGen: 173632K->64K(174080K)] 200924K->27388K(523776K), 0.0010501 secs] [Times: user=0.00 sys=0.00, real=0.00 secs] 
2018-03-19T12:22:05.674+0530: 656.191: [GC (Allocation Failure) [PSYoungGen: 173632K->128K(174080K)] 200956K->27476K(523776K), 0.0009933 secs] [Times: user=0.00 sys=0.00, real=0.00 secs] 
2018-03-19T12:22:05.963+0530: 656.479: [GC (Allocation Failure) [PSYoungGen: 173696K->32K(174080K)] 201044K->27412K(523776K), 0.0012003 secs] [Times: user=0.00 sys=0.00, real=0.00 secs] 
2018-03-19T12:22:06.240+0530: 656.756: [GC (Allocation Failure) [PSYoungGen: 173600K->96K(174080K)] 200980K->27508K(523776K), 0.0009905 secs] [Times: user=0.00 sys=0.00, real=0.00 secs] 
2018-03-19T12:22:06.519+0530: 657.036: [GC (Allocation Failure) [PSYoungGen: 173664K->32K(174080K)] 201076K->27476K(523776K), 0.0013544 secs] [Times: user=0.00 sys=0.00, real=0.00 secs] 
2018-03-19T12:22:06.811+0530: 657.328: [GC (Allocation Failure) [PSYoungGen: 173600K->96K(174080K)] 201044K->27564K(523776K), 0.0010603 secs] [Times: user=0.00 sys=0.00, real=0.00 secs] 
2018-03-19T12:22:07.091+0530: 657.608: [GC (Allocation Failure) [PSYoungGen: 173664K->64K(174080K)] 201132K->27564K(523776K), 0.0009690 secs] [Times: user=0.00 sys=0.00, real=0.00 secs] 
2018-03-19T12:22:07.420+0530: 657.937: [GC (Allocation Failure) [PSYoungGen: 173632K->64K(174080K)] 201132K->27588K(523776K), 0.0012486 secs] [Times: user=0.00 sys=0.00, real=0.00 secs] 
2018-03-19T12:22:07.699+0530: 658.216: [GC (Allocation Failure) [PSYoungGen: 173632K->32K(174080K)] 201156K->27580K(523776K), 0.0009824 secs] [Times: user=0.00 sys=0.00, real=0.00 secs] 
2018-03-19T12:22:07.989+0530: 658.506: [GC (Allocation Failure) [PSYoungGen: 173600K->64K(174080K)] 201148K->27644K(523776K), 0.0011171 secs] [Times: user=0.00 sys=0.00, real=0.00 secs] 
2018-03-19T12:22:08.256+0530: 658.773: [GC (Allocation Failure) [PSYoungGen: 173632K->96K(174080K)] 201212K->27700K(523776K), 0.0010839 secs] [Times: user=0.00 sys=0.00, real=0.00 secs] 
2018-03-19T12:22:08.534+0530: 659.051: [GC (Allocation Failure) [PSYoungGen: 173664K->96K(174080K)] 201268K->27732K(523776K), 0.0010720 secs] [Times: user=0.00 sys=0.00, real=0.00 secs] 
2018-03-19T12:22:08.822+0530: 659.339: [GC (Allocation Failure) [PSYoungGen: 173664K->96K(174080K)] 201300K->27756K(523776K), 0.0009831 secs] [Times: user=0.00 sys=0.00, real=0.00 secs] 
2018-03-19T12:22:09.106+0530: 659.622: [GC (Allocation Failure) [PSYoungGen: 173664K->96K(174080K)] 201324K->27780K(523776K), 0.0011710 secs] [Times: user=0.00 sys=0.00, real=0.00 secs] 
2018-03-19T12:22:09.382+0530: 659.899: [GC (Allocation Failure) [PSYoungGen: 173664K->96K(174080K)] 201348K->27812K(523776K), 0.0011495 secs] [Times: user=0.01 sys=0.00, real=0.00 secs] 
2018-03-19T12:22:09.661+0530: 660.178: [GC (Allocation Failure) [PSYoungGen: 173664K->64K(174080K)] 201380K->27796K(523776K), 0.0010490 secs] [Times: user=0.00 sys=0.00, real=0.00 secs] 
2018-03-19T12:22:09.946+0530: 660.463: [GC (Allocation Failure) [PSYoungGen: 173632K->128K(174080K)] 201364K->27884K(523776K), 0.0010614 secs] [Times: user=0.06 sys=0.00, real=0.00 secs] 
2018-03-19T12:22:10.225+0530: 660.741: [GC (Allocation Failure) [PSYoungGen: 173696K->96K(174080K)] 201452K->27884K(523776K), 0.0009863 secs] [Times: user=0.00 sys=0.00, real=0.00 secs] 
2018-03-19T12:22:10.501+0530: 661.018: [GC (Allocation Failure) [PSYoungGen: 173664K->96K(174080K)] 201452K->27908K(523776K), 0.0009792 secs] [Times: user=0.00 sys=0.00, real=0.00 secs] 
2018-03-19T12:22:10.805+0530: 661.322: [GC (Allocation Failure) [PSYoungGen: 173664K->96K(174080K)] 201476K->27940K(523776K), 0.0011749 secs] [Times: user=0.00 sys=0.00, real=0.00 secs] 
2018-03-19T12:22:11.110+0530: 661.627: [GC (Allocation Failure) [PSYoungGen: 173664K->96K(174080K)] 201508K->27972K(523776K), 0.0011301 secs] [Times: user=0.00 sys=0.00, real=0.00 secs] 
2018-03-19T12:22:11.475+0530: 661.992: [GC (Allocation Failure) [PSYoungGen: 173664K->96K(174080K)] 201540K->27988K(523776K), 0.0010649 secs] [Times: user=0.00 sys=0.00, real=0.00 secs] 
2018-03-19T12:22:11.765+0530: 662.282: [GC (Allocation Failure) [PSYoungGen: 173664K->96K(174080K)] 201556K->28020K(523776K), 0.0012218 secs] [Times: user=0.00 sys=0.00, real=0.00 secs] 
2018-03-19T12:22:12.048+0530: 662.565: [GC (Allocation Failure) [PSYoungGen: 173664K->96K(174080K)] 201588K->28052K(523776K), 0.0009940 secs] [Times: user=0.00 sys=0.00, real=0.00 secs] 
2018-03-19T12:22:12.353+0530: 662.870: [GC (Allocation Failure) [PSYoungGen: 173664K->64K(174080K)] 201620K->28052K(523776K), 0.0009993 secs] [Times: user=0.00 sys=0.00, real=0.00 secs] 
2018-03-19T12:22:12.642+0530: 663.159: [GC (Allocation Failure) [PSYoungGen: 173632K->96K(174080K)] 201620K->28116K(523776K), 0.0010236 secs] [Times: user=0.00 sys=0.00, real=0.00 secs] 
2018-03-19T12:22:12.953+0530: 663.469: [GC (Allocation Failure) [PSYoungGen: 173664K->96K(174080K)] 201684K->28148K(523776K), 0.0011904 secs] [Times: user=0.00 sys=0.00, real=0.00 secs] 
2018-03-19T12:22:13.227+0530: 663.745: [GC (Allocation Failure) [PSYoungGen: 173664K->64K(174080K)] 201716K->28148K(523776K), 0.0011954 secs] [Times: user=0.00 sys=0.02, real=0.00 secs] 
2018-03-19T12:22:13.504+0530: 664.020: [GC (Allocation Failure) [PSYoungGen: 173632K->96K(174080K)] 201716K->28204K(523776K), 0.0011009 secs] [Times: user=0.00 sys=0.00, real=0.00 secs] 
2018-03-19T12:22:13.787+0530: 664.303: [GC (Allocation Failure) [PSYoungGen: 173664K->96K(174080K)] 201772K->28236K(523776K), 0.0012299 secs] [Times: user=0.00 sys=0.00, real=0.00 secs] 
2018-03-19T12:22:14.069+0530: 664.586: [GC (Allocation Failure) [PSYoungGen: 173664K->96K(174080K)] 201804K->28260K(523776K), 0.0012761 secs] [Times: user=0.00 sys=0.00, real=0.00 secs] 
2018-03-19T12:22:14.348+0530: 664.864: [GC (Allocation Failure) [PSYoungGen: 173664K->64K(174080K)] 201828K->28244K(523776K), 0.0011047 secs] [Times: user=0.00 sys=0.00, real=0.00 secs] 
2018-03-19T12:22:14.631+0530: 665.147: [GC (Allocation Failure) [PSYoungGen: 173632K->96K(174080K)] 201812K->28308K(523776K), 0.0010617 secs] [Times: user=0.00 sys=0.00, real=0.00 secs] 
2018-03-19T12:22:14.915+0530: 665.432: [GC (Allocation Failure) [PSYoungGen: 173664K->96K(174080K)] 201876K->28340K(523776K), 0.0009866 secs] [Times: user=0.00 sys=0.00, real=0.00 secs] 
2018-03-19T12:22:15.307+0530: 665.824: [GC (Allocation Failure) [PSYoungGen: 173664K->64K(174080K)] 201908K->28324K(523776K), 0.0018946 secs] [Times: user=0.00 sys=0.00, real=0.00 secs] 
2018-03-19T12:22:15.728+0530: 666.245: [GC (Allocation Failure) [PSYoungGen: 173632K->64K(174080K)] 201892K->28340K(523776K), 0.0015691 secs] [Times: user=0.00 sys=0.00, real=0.00 secs] 
2018-03-19T12:22:16.196+0530: 666.713: [GC (Allocation Failure) [PSYoungGen: 173632K->64K(174080K)] 201908K->28364K(523776K), 0.0013287 secs] [Times: user=0.05 sys=0.00, real=0.00 secs] 
2018-03-19T12:22:16.500+0530: 667.017: [GC (Allocation Failure) [PSYoungGen: 173632K->96K(174080K)] 201932K->28420K(523776K), 0.0010656 secs] [Times: user=0.00 sys=0.00, real=0.00 secs] 
2018-03-19T12:22:16.794+0530: 667.310: [GC (Allocation Failure) [PSYoungGen: 173664K->96K(174080K)] 201988K->28452K(523776K), 0.0010191 secs] [Times: user=0.00 sys=0.00, real=0.00 secs] 
2018-03-19T12:22:17.071+0530: 667.589: [GC (Allocation Failure) [PSYoungGen: 173664K->96K(174080K)] 202020K->28476K(523776K), 0.0009425 secs] [Times: user=0.00 sys=0.00, real=0.00 secs] 
2018-03-19T12:22:17.349+0530: 667.866: [GC (Allocation Failure) [PSYoungGen: 173664K->96K(174080K)] 202044K->28500K(523776K), 0.0011869 secs] [Times: user=0.00 sys=0.00, real=0.00 secs] 
2018-03-19T12:22:17.627+0530: 668.144: [GC (Allocation Failure) [PSYoungGen: 173664K->96K(174080K)] 202068K->28532K(523776K), 0.0010339 secs] [Times: user=0.00 sys=0.00, real=0.00 secs] 
2018-03-19T12:22:17.915+0530: 668.431: [GC (Allocation Failure) [PSYoungGen: 173664K->96K(174080K)] 202100K->28564K(523776K), 0.0010071 secs] [Times: user=0.00 sys=0.00, real=0.00 secs] 
2018-03-19T12:22:18.195+0530: 668.711: [GC (Allocation Failure) [PSYoungGen: 173664K->64K(174080K)] 202132K->28564K(523776K), 0.0009750 secs] [Times: user=0.00 sys=0.00, real=0.00 secs] 
2018-03-19T12:22:18.471+0530: 668.987: [GC (Allocation Failure) [PSYoungGen: 173632K->96K(174080K)] 202132K->28628K(523776K), 0.0011802 secs] [Times: user=0.00 sys=0.00, real=0.00 secs] 
2018-03-19T12:22:18.753+0530: 669.269: [GC (Allocation Failure) [PSYoungGen: 173664K->96K(174080K)] 202196K->28652K(523776K), 0.0011375 secs] [Times: user=0.00 sys=0.00, real=0.00 secs] 
2018-03-19T12:22:19.076+0530: 669.593: [GC (Allocation Failure) [PSYoungGen: 173664K->96K(174080K)] 202220K->28676K(523776K), 0.0011806 secs] [Times: user=0.00 sys=0.00, real=0.00 secs] 
2018-03-19T12:22:19.387+0530: 669.903: [GC (Allocation Failure) [PSYoungGen: 173664K->96K(174080K)] 202244K->28700K(523776K), 0.0011700 secs] [Times: user=0.00 sys=0.00, real=0.00 secs] 
2018-03-19T12:22:19.664+0530: 670.180: [GC (Allocation Failure) [PSYoungGen: 173664K->96K(174080K)] 202268K->28724K(523776K), 0.0011520 secs] [Times: user=0.00 sys=0.00, real=0.00 secs] 
2018-03-19T12:22:19.948+0530: 670.464: [GC (Allocation Failure) [PSYoungGen: 173664K->96K(174080K)] 202292K->28756K(523776K), 0.0010843 secs] [Times: user=0.00 sys=0.00, real=0.00 secs] 
2018-03-19T12:22:20.223+0530: 670.740: [GC (Allocation Failure) [PSYoungGen: 173664K->96K(174080K)] 202324K->28788K(523776K), 0.0009584 secs] [Times: user=0.00 sys=0.00, real=0.00 secs] 
2018-03-19T12:22:20.502+0530: 671.018: [GC (Allocation Failure) [PSYoungGen: 173664K->96K(174080K)] 202356K->28812K(523776K), 0.0011594 secs] [Times: user=0.00 sys=0.00, real=0.00 secs] 
2018-03-19T12:22:20.801+0530: 671.317: [GC (Allocation Failure) [PSYoungGen: 173664K->96K(174080K)] 202380K->28836K(523776K), 0.0010490 secs] [Times: user=0.00 sys=0.00, real=0.00 secs] 
2018-03-19T12:22:21.078+0530: 671.594: [GC (Allocation Failure) [PSYoungGen: 173664K->96K(174080K)] 202404K->28860K(523776K), 0.0011386 secs] [Times: user=0.00 sys=0.00, real=0.00 secs] 
2018-03-19T12:22:21.350+0530: 671.866: [GC (Allocation Failure) [PSYoungGen: 173664K->96K(174080K)] 202428K->28892K(523776K), 0.0010053 secs] [Times: user=0.00 sys=0.00, real=0.00 secs] 
2018-03-19T12:22:21.635+0530: 672.151: [GC (Allocation Failure) [PSYoungGen: 173664K->96K(174080K)] 202460K->28924K(523776K), 0.0011315 secs] [Times: user=0.00 sys=0.00, real=0.00 secs] 
2018-03-19T12:22:21.929+0530: 672.446: [GC (Allocation Failure) [PSYoungGen: 173664K->64K(174080K)] 202492K->28924K(523776K), 0.0010198 secs] [Times: user=0.00 sys=0.00, real=0.00 secs] 
2018-03-19T12:22:22.210+0530: 672.727: [GC (Allocation Failure) [PSYoungGen: 173632K->96K(174080K)] 202492K->28988K(523776K), 0.0011897 secs] [Times: user=0.00 sys=0.00, real=0.00 secs] 
2018-03-19T12:22:22.488+0530: 673.004: [GC (Allocation Failure) [PSYoungGen: 173664K->64K(174080K)] 202556K->28988K(523776K), 0.0011040 secs] [Times: user=0.00 sys=0.00, real=0.00 secs] 
2018-03-19T12:22:22.771+0530: 673.288: [GC (Allocation Failure) [PSYoungGen: 173632K->96K(174080K)] 202556K->29044K(523776K), 0.0010628 secs] [Times: user=0.00 sys=0.00, real=0.00 secs] 
2018-03-19T12:22:23.052+0530: 673.569: [GC (Allocation Failure) [PSYoungGen: 173664K->96K(174080K)] 202612K->29076K(523776K), 0.0010787 secs] [Times: user=0.00 sys=0.00, real=0.00 secs] 
2018-03-19T12:22:23.361+0530: 673.878: [GC (Allocation Failure) [PSYoungGen: 173664K->64K(174080K)] 202644K->29076K(523776K), 0.0011181 secs] [Times: user=0.00 sys=0.00, real=0.00 secs] 
2018-03-19T12:22:23.645+0530: 674.161: [GC (Allocation Failure) [PSYoungGen: 173632K->64K(174080K)] 202644K->29100K(523776K), 0.0010265 secs] [Times: user=0.00 sys=0.00, real=0.00 secs] 
2018-03-19T12:22:23.931+0530: 674.448: [GC (Allocation Failure) [PSYoungGen: 173632K->96K(174080K)] 202668K->29164K(523776K), 0.0011164 secs] [Times: user=0.00 sys=0.00, real=0.00 secs] 
2018-03-19T12:22:24.214+0530: 674.730: [GC (Allocation Failure) [PSYoungGen: 173664K->96K(174080K)] 202732K->29188K(523776K), 0.0009873 secs] [Times: user=0.00 sys=0.00, real=0.00 secs] 
2018-03-19T12:22:24.488+0530: 675.005: [GC (Allocation Failure) [PSYoungGen: 173664K->64K(174080K)] 202756K->29188K(523776K), 0.0011153 secs] [Times: user=0.00 sys=0.00, real=0.00 secs] 
2018-03-19T12:22:24.770+0530: 675.287: [GC (Allocation Failure) [PSYoungGen: 173632K->64K(174080K)] 202756K->29220K(523776K), 0.0010864 secs] [Times: user=0.00 sys=0.00, real=0.00 secs] 
2018-03-19T12:22:25.041+0530: 675.558: [GC (Allocation Failure) [PSYoungGen: 173632K->64K(174080K)] 202788K->29252K(523776K), 0.0011693 secs] [Times: user=0.00 sys=0.00, real=0.00 secs] 
2018-03-19T12:22:25.323+0530: 675.841: [GC (Allocation Failure) [PSYoungGen: 173632K->96K(174080K)] 202820K->29316K(523776K), 0.0011576 secs] [Times: user=0.00 sys=0.00, real=0.00 secs] 
2018-03-19T12:22:25.600+0530: 676.117: [GC (Allocation Failure) [PSYoungGen: 173664K->96K(174080K)] 202884K->29340K(523776K), 0.0011227 secs] [Times: user=0.00 sys=0.00, real=0.00 secs] 
2018-03-19T12:22:25.888+0530: 676.405: [GC (Allocation Failure) [PSYoungGen: 173664K->64K(174080K)] 202908K->29340K(523776K), 0.0011227 secs] [Times: user=0.00 sys=0.00, real=0.00 secs] 
2018-03-19T12:22:26.170+0530: 676.687: [GC (Allocation Failure) [PSYoungGen: 173632K->64K(174080K)] 202908K->29364K(523776K), 0.0010617 secs] [Times: user=0.00 sys=0.00, real=0.00 secs] 
2018-03-19T12:22:26.447+0530: 676.964: [GC (Allocation Failure) [PSYoungGen: 173632K->64K(174080K)] 202932K->29380K(523776K), 0.0010067 secs] [Times: user=0.00 sys=0.00, real=0.00 secs] 
2018-03-19T12:22:26.744+0530: 677.261: [GC (Allocation Failure) [PSYoungGen: 173632K->96K(174080K)] 202948K->29444K(523776K), 0.0010543 secs] [Times: user=0.00 sys=0.00, real=0.00 secs] 
2018-03-19T12:22:27.027+0530: 677.544: [GC (Allocation Failure) [PSYoungGen: 173664K->96K(174080K)] 203012K->29468K(523776K), 0.0012684 secs] [Times: user=0.00 sys=0.00, real=0.00 secs] 
2018-03-19T12:22:27.334+0530: 677.850: [GC (Allocation Failure) [PSYoungGen: 173664K->96K(174080K)] 203036K->29492K(523776K), 0.0011672 secs] [Times: user=0.00 sys=0.00, real=0.00 secs] 
2018-03-19T12:22:27.616+0530: 678.133: [GC (Allocation Failure) [PSYoungGen: 173664K->64K(174080K)] 203060K->29492K(523776K), 0.0011460 secs] [Times: user=0.00 sys=0.00, real=0.00 secs] 
2018-03-19T12:22:27.903+0530: 678.419: [GC (Allocation Failure) [PSYoungGen: 173632K->96K(174080K)] 203060K->29556K(523776K), 0.0011382 secs] [Times: user=0.00 sys=0.00, real=0.00 secs] 
2018-03-19T12:22:28.178+0530: 678.694: [GC (Allocation Failure) [PSYoungGen: 173664K->32K(174080K)] 203124K->29516K(523776K), 0.0010289 secs] [Times: user=0.00 sys=0.00, real=0.00 secs] 
2018-03-19T12:22:28.455+0530: 678.971: [GC (Allocation Failure) [PSYoungGen: 173600K->64K(174080K)] 203084K->29580K(523776K), 0.0010233 secs] [Times: user=0.00 sys=0.00, real=0.00 secs] 
2018-03-19T12:22:28.734+0530: 679.251: [GC (Allocation Failure) [PSYoungGen: 173632K->64K(174080K)] 203148K->29596K(523776K), 0.0010716 secs] [Times: user=0.00 sys=0.00, real=0.00 secs] 
2018-03-19T12:22:29.028+0530: 679.544: [GC (Allocation Failure) [PSYoungGen: 173632K->96K(174080K)] 203164K->29652K(523776K), 0.0009792 secs] [Times: user=0.00 sys=0.00, real=0.00 secs] 
2018-03-19T12:22:29.315+0530: 679.832: [GC (Allocation Failure) [PSYoungGen: 173664K->96K(174080K)] 203220K->29684K(523776K), 0.0009901 secs] [Times: user=0.00 sys=0.00, real=0.00 secs] 
2018-03-19T12:22:29.595+0530: 680.112: [GC (Allocation Failure) [PSYoungGen: 173664K->64K(174080K)] 203252K->29684K(523776K), 0.0009859 secs] [Times: user=0.00 sys=0.00, real=0.00 secs] 
2018-03-19T12:22:29.875+0530: 680.392: [GC (Allocation Failure) [PSYoungGen: 173632K->64K(174080K)] 203252K->29716K(523776K), 0.0011005 secs] [Times: user=0.00 sys=0.00, real=0.00 secs] 
2018-03-19T12:22:30.156+0530: 680.672: [GC (Allocation Failure) [PSYoungGen: 173632K->96K(174080K)] 203284K->29780K(523776K), 0.7170728 secs] [Times: user=0.00 sys=0.00, real=0.72 secs] 
2018-03-19T12:22:31.234+0530: 681.751: [GC (Allocation Failure) [PSYoungGen: 173664K->96K(174080K)] 203348K->29796K(523776K), 0.0014912 secs] [Times: user=0.00 sys=0.00, real=0.00 secs] 
2018-03-19T12:22:31.627+0530: 682.144: [GC (Allocation Failure) [PSYoungGen: 173664K->96K(174080K)] 203364K->29828K(523776K), 0.0014119 secs] [Times: user=0.00 sys=0.00, real=0.00 secs] 
2018-03-19T12:22:31.985+0530: 682.501: [GC (Allocation Failure) [PSYoungGen: 173664K->96K(174080K)] 203396K->29852K(523776K), 0.0014295 secs] [Times: user=0.00 sys=0.00, real=0.00 secs] 
2018-03-19T12:22:32.330+0530: 682.846: [GC (Allocation Failure) [PSYoungGen: 173664K->96K(174080K)] 203420K->29884K(523776K), 0.0012546 secs] [Times: user=0.00 sys=0.00, real=0.00 secs] 
2018-03-19T12:22:32.659+0530: 683.176: [GC (Allocation Failure) [PSYoungGen: 173664K->96K(174080K)] 203452K->29900K(523776K), 0.0012345 secs] [Times: user=0.00 sys=0.00, real=0.00 secs] 
2018-03-19T12:22:32.994+0530: 683.510: [GC (Allocation Failure) [PSYoungGen: 173664K->96K(174080K)] 203468K->29924K(523776K), 0.0013230 secs] [Times: user=0.00 sys=0.00, real=0.00 secs] 
2018-03-19T12:22:33.305+0530: 683.821: [GC (Allocation Failure) [PSYoungGen: 173664K->96K(174080K)] 203492K->29956K(523776K), 0.0011118 secs] [Times: user=0.02 sys=0.00, real=0.00 secs] 
2018-03-19T12:22:33.614+0530: 684.130: [GC (Allocation Failure) [PSYoungGen: 173664K->64K(174080K)] 203524K->29956K(523776K), 0.0011421 secs] [Times: user=0.00 sys=0.00, real=0.00 secs] 
2018-03-19T12:22:33.917+0530: 684.433: [GC (Allocation Failure) [PSYoungGen: 173632K->96K(174080K)] 203524K->30012K(523776K), 0.0011488 secs] [Times: user=0.00 sys=0.00, real=0.00 secs] 
2018-03-19T12:22:34.214+0530: 684.731: [GC (Allocation Failure) [PSYoungGen: 173664K->32K(174080K)] 203580K->29980K(523776K), 0.0010233 secs] [Times: user=0.00 sys=0.00, real=0.00 secs] 
2018-03-19T12:22:34.515+0530: 685.032: [GC (Allocation Failure) [PSYoungGen: 173600K->96K(174080K)] 203548K->30076K(523776K), 0.0011019 secs] [Times: user=0.00 sys=0.00, real=0.00 secs] 
2018-03-19T12:22:34.818+0530: 685.334: [GC (Allocation Failure) [PSYoungGen: 173664K->96K(174080K)] 203644K->30108K(523776K), 0.0009951 secs] [Times: user=0.00 sys=0.00, real=0.00 secs] 
2018-03-19T12:22:35.117+0530: 685.633: [GC (Allocation Failure) [PSYoungGen: 173664K->96K(174080K)] 203676K->30140K(523776K), 0.0011714 secs] [Times: user=0.00 sys=0.00, real=0.00 secs] 
2018-03-19T12:22:35.460+0530: 685.977: [GC (Allocation Failure) [PSYoungGen: 173664K->96K(174080K)] 203708K->30172K(523776K), 0.0011347 secs] [Times: user=0.00 sys=0.00, real=0.00 secs] 
2018-03-19T12:22:35.758+0530: 686.274: [GC (Allocation Failure) [PSYoungGen: 173664K->96K(174080K)] 203740K->30204K(523776K), 0.0010571 secs] [Times: user=0.00 sys=0.00, real=0.00 secs] 
2018-03-19T12:22:36.055+0530: 686.571: [GC (Allocation Failure) [PSYoungGen: 173664K->64K(174080K)] 203772K->30204K(523776K), 0.0010547 secs] [Times: user=0.00 sys=0.00, real=0.00 secs] 
2018-03-19T12:22:36.348+0530: 686.864: [GC (Allocation Failure) [PSYoungGen: 173632K->96K(174080K)] 203772K->30252K(523776K), 0.0010117 secs] [Times: user=0.00 sys=0.00, real=0.00 secs] 
2018-03-19T12:22:36.638+0530: 687.155: [GC (Allocation Failure) [PSYoungGen: 173664K->96K(174080K)] 203820K->30276K(523776K), 0.0010790 secs] [Times: user=0.00 sys=0.00, real=0.00 secs] 
2018-03-19T12:22:36.941+0530: 687.457: [GC (Allocation Failure) [PSYoungGen: 173664K->96K(174080K)] 203844K->30308K(523776K), 0.0010660 secs] [Times: user=0.00 sys=0.00, real=0.00 secs] 
2018-03-19T12:22:37.216+0530: 687.733: [GC (Allocation Failure) [PSYoungGen: 173664K->96K(174080K)] 203876K->30340K(523776K), 0.0012980 secs] [Times: user=0.00 sys=0.00, real=0.00 secs] 
2018-03-19T12:22:37.491+0530: 688.008: [GC (Allocation Failure) [PSYoungGen: 173664K->64K(174080K)] 203908K->30340K(523776K), 0.0013872 secs] [Times: user=0.00 sys=0.00, real=0.00 secs] 
2018-03-19T12:22:37.779+0530: 688.295: [GC (Allocation Failure) [PSYoungGen: 173632K->64K(174080K)] 203908K->30372K(523776K), 0.0010698 secs] [Times: user=0.00 sys=0.00, real=0.00 secs] 
2018-03-19T12:22:38.064+0530: 688.581: [GC (Allocation Failure) [PSYoungGen: 173632K->96K(174080K)] 203940K->30428K(523776K), 0.0011118 secs] [Times: user=0.00 sys=0.00, real=0.00 secs] 
2018-03-19T12:22:38.342+0530: 688.859: [GC (Allocation Failure) [PSYoungGen: 173664K->64K(174080K)] 203996K->30428K(523776K), 0.0009983 secs] [Times: user=0.00 sys=0.00, real=0.00 secs] 
2018-03-19T12:22:38.627+0530: 689.144: [GC (Allocation Failure) [PSYoungGen: 173632K->96K(174080K)] 203996K->30492K(523776K), 0.0012081 secs] [Times: user=0.00 sys=0.00, real=0.00 secs] 
2018-03-19T12:22:38.919+0530: 689.435: [GC (Allocation Failure) [PSYoungGen: 173664K->96K(174080K)] 204060K->30516K(523776K), 0.0011305 secs] [Times: user=0.00 sys=0.00, real=0.00 secs] 
2018-03-19T12:22:39.210+0530: 689.727: [GC (Allocation Failure) [PSYoungGen: 173664K->64K(174080K)] 204084K->30500K(523776K), 0.0014782 secs] [Times: user=0.01 sys=0.00, real=0.00 secs] 
2018-03-19T12:22:39.517+0530: 690.034: [GC (Allocation Failure) [PSYoungGen: 173632K->96K(174080K)] 204068K->30556K(523776K), 0.0012758 secs] [Times: user=0.00 sys=0.00, real=0.00 secs] 
2018-03-19T12:22:39.804+0530: 690.320: [GC (Allocation Failure) [PSYoungGen: 173664K->96K(174080K)] 204124K->30588K(523776K), 0.0010011 secs] [Times: user=0.00 sys=0.00, real=0.00 secs] 
2018-03-19T12:22:40.086+0530: 690.603: [GC (Allocation Failure) [PSYoungGen: 173664K->96K(174080K)] 204156K->30620K(523776K), 0.0011580 secs] [Times: user=0.00 sys=0.00, real=0.00 secs] 
2018-03-19T12:22:40.363+0530: 690.880: [GC (Allocation Failure) [PSYoungGen: 173664K->64K(174080K)] 204188K->30620K(523776K), 0.0011608 secs] [Times: user=0.00 sys=0.00, real=0.00 secs] 
2018-03-19T12:22:40.648+0530: 691.164: [GC (Allocation Failure) [PSYoungGen: 173632K->96K(174080K)] 204188K->30684K(523776K), 0.0013840 secs] [Times: user=0.00 sys=0.00, real=0.00 secs] 
2018-03-19T12:22:40.932+0530: 691.448: [GC (Allocation Failure) [PSYoungGen: 173664K->64K(174080K)] 204252K->30676K(523776K), 0.0010864 secs] [Times: user=0.00 sys=0.00, real=0.00 secs] 
2018-03-19T12:22:41.212+0530: 691.729: [GC (Allocation Failure) [PSYoungGen: 173632K->64K(174080K)] 204244K->30708K(523776K), 0.0010099 secs] [Times: user=0.00 sys=0.00, real=0.00 secs] 
2018-03-19T12:22:41.506+0530: 692.023: [GC (Allocation Failure) [PSYoungGen: 173632K->96K(174080K)] 204276K->30756K(523776K), 0.0013770 secs] [Times: user=0.00 sys=0.00, real=0.00 secs] 
2018-03-19T12:22:41.821+0530: 692.338: [GC (Allocation Failure) [PSYoungGen: 173664K->32K(174080K)] 204324K->30716K(523776K), 0.0010695 secs] [Times: user=0.00 sys=0.00, real=0.00 secs] 
2018-03-19T12:22:42.099+0530: 692.616: [GC (Allocation Failure) [PSYoungGen: 173600K->32K(174080K)] 204284K->30740K(523776K), 0.0010208 secs] [Times: user=0.00 sys=0.00, real=0.00 secs] 
2018-03-19T12:22:42.377+0530: 692.894: [GC (Allocation Failure) [PSYoungGen: 173600K->32K(174080K)] 204308K->30764K(523776K), 0.0011492 secs] [Times: user=0.00 sys=0.00, real=0.00 secs] 
2018-03-19T12:22:42.655+0530: 693.171: [GC (Allocation Failure) [PSYoungGen: 173600K->96K(174080K)] 204332K->30860K(523776K), 0.0010356 secs] [Times: user=0.00 sys=0.00, real=0.00 secs] 
2018-03-19T12:22:42.939+0530: 693.455: [GC (Allocation Failure) [PSYoungGen: 173664K->64K(174080K)] 204428K->30860K(523776K), 0.0009887 secs] [Times: user=0.00 sys=0.00, real=0.00 secs] 
2018-03-19T12:22:43.244+0530: 693.761: [GC (Allocation Failure) [PSYoungGen: 173632K->96K(174080K)] 204428K->30908K(523776K), 0.0015674 secs] [Times: user=0.00 sys=0.00, real=0.00 secs] 
2018-03-19T12:22:43.541+0530: 694.057: [GC (Allocation Failure) [PSYoungGen: 173664K->96K(174080K)] 204476K->30932K(523776K), 0.0011665 secs] [Times: user=0.00 sys=0.00, real=0.00 secs] 
2018-03-19T12:22:43.825+0530: 694.341: [GC (Allocation Failure) [PSYoungGen: 173664K->96K(174080K)] 204500K->30964K(523776K), 0.0011298 secs] [Times: user=0.00 sys=0.00, real=0.00 secs] 
2018-03-19T12:22:44.097+0530: 694.614: [GC (Allocation Failure) [PSYoungGen: 173664K->64K(174080K)] 204532K->30964K(523776K), 0.0011301 secs] [Times: user=0.00 sys=0.00, real=0.00 secs] 
2018-03-19T12:22:44.378+0530: 694.894: [GC (Allocation Failure) [PSYoungGen: 173632K->32K(174080K)] 204532K->30964K(523776K), 0.0009972 secs] [Times: user=0.00 sys=0.00, real=0.00 secs] 
2018-03-19T12:22:44.654+0530: 695.170: [GC (Allocation Failure) [PSYoungGen: 173600K->96K(174080K)] 204532K->31052K(523776K), 0.0011047 secs] [Times: user=0.00 sys=0.00, real=0.00 secs] 
2018-03-19T12:22:44.947+0530: 695.463: [GC (Allocation Failure) [PSYoungGen: 173664K->64K(174080K)] 204620K->31044K(523776K), 0.0011756 secs] [Times: user=0.00 sys=0.00, real=0.00 secs] 
2018-03-19T12:22:45.327+0530: 695.845: [GC (Allocation Failure) [PSYoungGen: 173632K->96K(174080K)] 204612K->31108K(523776K), 0.0013029 secs] [Times: user=0.00 sys=0.00, real=0.00 secs] 
2018-03-19T12:22:45.629+0530: 696.145: [GC (Allocation Failure) [PSYoungGen: 173664K->64K(174080K)] 204676K->31108K(523776K), 0.0011619 secs] [Times: user=0.00 sys=0.00, real=0.00 secs] 
2018-03-19T12:22:45.916+0530: 696.433: [GC (Allocation Failure) [PSYoungGen: 173632K->96K(174080K)] 204676K->31164K(523776K), 0.0012190 secs] [Times: user=0.00 sys=0.00, real=0.00 secs] 
2018-03-19T12:22:46.188+0530: 696.705: [GC (Allocation Failure) [PSYoungGen: 173664K->64K(174080K)] 204732K->31164K(523776K), 0.0011629 secs] [Times: user=0.00 sys=0.00, real=0.00 secs] 
2018-03-19T12:22:46.465+0530: 696.981: [GC (Allocation Failure) [PSYoungGen: 173632K->96K(174080K)] 204732K->31228K(523776K), 0.0010085 secs] [Times: user=0.00 sys=0.00, real=0.00 secs] 
2018-03-19T12:22:46.747+0530: 697.264: [GC (Allocation Failure) [PSYoungGen: 173664K->64K(174080K)] 204796K->31228K(523776K), 0.0010533 secs] [Times: user=0.00 sys=0.00, real=0.00 secs] 
2018-03-19T12:22:47.051+0530: 697.569: [GC (Allocation Failure) [PSYoungGen: 173632K->96K(174080K)] 204796K->31284K(523776K), 0.0012292 secs] [Times: user=0.00 sys=0.00, real=0.00 secs] 
2018-03-19T12:22:47.404+0530: 697.920: [GC (Allocation Failure) [PSYoungGen: 173664K->96K(174080K)] 204852K->31308K(523776K), 0.0013406 secs] [Times: user=0.00 sys=0.00, real=0.00 secs] 
2018-03-19T12:22:47.689+0530: 698.206: [GC (Allocation Failure) [PSYoungGen: 173664K->32K(174080K)] 204876K->31260K(523776K), 0.0010547 secs] [Times: user=0.00 sys=0.00, real=0.00 secs] 
2018-03-19T12:22:47.977+0530: 698.494: [GC (Allocation Failure) [PSYoungGen: 173600K->96K(174080K)] 204828K->31356K(523776K), 0.0011266 secs] [Times: user=0.01 sys=0.00, real=0.00 secs] 
2018-03-19T12:22:48.256+0530: 698.773: [GC (Allocation Failure) [PSYoungGen: 173664K->96K(174080K)] 204924K->31388K(523776K), 0.0011220 secs] [Times: user=0.00 sys=0.00, real=0.00 secs] 
2018-03-19T12:22:48.534+0530: 699.051: [GC (Allocation Failure) [PSYoungGen: 173664K->96K(174080K)] 204956K->31404K(523776K), 0.0010913 secs] [Times: user=0.00 sys=0.00, real=0.00 secs] 
2018-03-19T12:22:48.823+0530: 699.339: [GC (Allocation Failure) [PSYoungGen: 173664K->64K(174080K)] 204972K->31404K(523776K), 0.0011545 secs] [Times: user=0.00 sys=0.00, real=0.00 secs] 
2018-03-19T12:22:49.103+0530: 699.620: [GC (Allocation Failure) [PSYoungGen: 173632K->96K(174080K)] 204972K->31460K(523776K), 0.0011548 secs] [Times: user=0.00 sys=0.00, real=0.00 secs] 
2018-03-19T12:22:49.380+0530: 699.897: [GC (Allocation Failure) [PSYoungGen: 173664K->32K(174080K)] 205028K->31428K(523776K), 0.0010511 secs] [Times: user=0.00 sys=0.00, real=0.00 secs] 
2018-03-19T12:22:49.658+0530: 700.174: [GC (Allocation Failure) [PSYoungGen: 173600K->96K(174080K)] 204996K->31516K(523776K), 0.0012447 secs] [Times: user=0.00 sys=0.00, real=0.00 secs] 
2018-03-19T12:22:49.944+0530: 700.461: [GC (Allocation Failure) [PSYoungGen: 173664K->96K(174080K)] 205084K->31540K(523776K), 0.0010839 secs] [Times: user=0.00 sys=0.00, real=0.00 secs] 
2018-03-19T12:22:50.225+0530: 700.741: [GC (Allocation Failure) [PSYoungGen: 173664K->96K(174080K)] 205108K->31564K(523776K), 0.0010921 secs] [Times: user=0.00 sys=0.00, real=0.00 secs] 
2018-03-19T12:22:50.505+0530: 701.021: [GC (Allocation Failure) [PSYoungGen: 173664K->96K(174080K)] 205132K->31596K(523776K), 0.0012310 secs] [Times: user=0.00 sys=0.00, real=0.00 secs] 
2018-03-19T12:22:50.798+0530: 701.315: [GC (Allocation Failure) [PSYoungGen: 173664K->96K(174080K)] 205164K->31628K(523776K), 0.0011382 secs] [Times: user=0.00 sys=0.00, real=0.00 secs] 
2018-03-19T12:22:51.087+0530: 701.604: [GC (Allocation Failure) [PSYoungGen: 173664K->96K(174080K)] 205196K->31660K(523776K), 0.0010028 secs] [Times: user=0.00 sys=0.00, real=0.00 secs] 
2018-03-19T12:22:51.629+0530: 702.146: [GC (Allocation Failure) [PSYoungGen: 173664K->64K(174080K)] 205228K->31644K(523776K), 0.0019697 secs] [Times: user=0.00 sys=0.00, real=0.00 secs] 
2018-03-19T12:22:51.944+0530: 702.460: [GC (Allocation Failure) [PSYoungGen: 173632K->96K(174080K)] 205212K->31708K(523776K), 0.0011199 secs] [Times: user=0.00 sys=0.00, real=0.00 secs] 
2018-03-19T12:22:52.221+0530: 702.737: [GC (Allocation Failure) [PSYoungGen: 173664K->32K(174080K)] 205276K->31668K(523776K), 0.0011760 secs] [Times: user=0.00 sys=0.00, real=0.00 secs] 
2018-03-19T12:22:52.502+0530: 703.019: [GC (Allocation Failure) [PSYoungGen: 173600K->96K(174080K)] 205236K->31764K(523776K), 0.0010279 secs] [Times: user=0.00 sys=0.00, real=0.00 secs] 
2018-03-19T12:22:52.810+0530: 703.327: [GC (Allocation Failure) [PSYoungGen: 173664K->96K(174080K)] 205332K->31788K(523776K), 0.0012193 secs] [Times: user=0.00 sys=0.00, real=0.00 secs] 
2018-03-19T12:22:53.124+0530: 703.640: [GC (Allocation Failure) [PSYoungGen: 173664K->96K(174080K)] 205356K->31820K(523776K), 0.0010684 secs] [Times: user=0.00 sys=0.00, real=0.00 secs] 
2018-03-19T12:22:53.427+0530: 703.943: [GC (Allocation Failure) [PSYoungGen: 173664K->64K(174080K)] 205388K->31820K(523776K), 0.0012885 secs] [Times: user=0.00 sys=0.00, real=0.00 secs] 
2018-03-19T12:22:53.729+0530: 704.246: [GC (Allocation Failure) [PSYoungGen: 173632K->64K(174080K)] 205388K->31836K(523776K), 0.0014302 secs] [Times: user=0.00 sys=0.00, real=0.00 secs] 
2018-03-19T12:22:54.050+0530: 704.566: [GC (Allocation Failure) [PSYoungGen: 173632K->96K(174080K)] 205404K->31892K(523776K), 0.0011474 secs] [Times: user=0.00 sys=0.00, real=0.00 secs] 
2018-03-19T12:22:54.382+0530: 704.898: [GC (Allocation Failure) [PSYoungGen: 173664K->64K(174080K)] 205460K->31892K(523776K), 0.0012045 secs] [Times: user=0.00 sys=0.00, real=0.00 secs] 
2018-03-19T12:22:54.675+0530: 705.191: [GC (Allocation Failure) [PSYoungGen: 173632K->96K(174080K)] 205460K->31956K(523776K), 0.0009852 secs] [Times: user=0.00 sys=0.00, real=0.00 secs] 
2018-03-19T12:22:54.971+0530: 705.487: [GC (Allocation Failure) [PSYoungGen: 173664K->64K(174080K)] 205524K->31948K(523776K), 0.0011002 secs] [Times: user=0.00 sys=0.00, real=0.00 secs] 
2018-03-19T12:22:55.311+0530: 705.827: [GC (Allocation Failure) [PSYoungGen: 173632K->64K(174080K)] 205516K->31980K(523776K), 0.0012165 secs] [Times: user=0.00 sys=0.00, real=0.00 secs] 
2018-03-19T12:22:55.603+0530: 706.119: [GC (Allocation Failure) [PSYoungGen: 173632K->96K(174080K)] 205548K->32044K(523776K), 0.0010970 secs] [Times: user=0.00 sys=0.00, real=0.00 secs] 
2018-03-19T12:22:55.898+0530: 706.415: [GC (Allocation Failure) [PSYoungGen: 173664K->96K(174080K)] 205612K->32076K(523776K), 0.0012440 secs] [Times: user=0.00 sys=0.00, real=0.00 secs] 
2018-03-19T12:22:56.201+0530: 706.718: [GC (Allocation Failure) [PSYoungGen: 173664K->32K(174080K)] 205644K->32028K(523776K), 0.0052364 secs] [Times: user=0.00 sys=0.00, real=0.01 secs] 
2018-03-19T12:22:56.971+0530: 707.487: [GC (Allocation Failure) [PSYoungGen: 173600K->64K(174080K)] 205596K->32092K(523776K), 0.0012098 secs] [Times: user=0.00 sys=0.00, real=0.00 secs] 
2018-03-19T12:22:57.301+0530: 707.817: [GC (Allocation Failure) [PSYoungGen: 173632K->32K(174080K)] 205660K->32092K(523776K), 0.0012867 secs] [Times: user=0.00 sys=0.00, real=0.00 secs] 
2018-03-19T12:22:57.657+0530: 708.174: [GC (Allocation Failure) [PSYoungGen: 173600K->64K(174080K)] 205660K->32156K(523776K), 0.0014496 secs] [Times: user=0.00 sys=0.00, real=0.00 secs] 
2018-03-19T12:22:58.016+0530: 708.532: [GC (Allocation Failure) [PSYoungGen: 173632K->128K(174080K)] 205724K->32244K(523776K), 0.0015462 secs] [Times: user=0.00 sys=0.00, real=0.00 secs] 
2018-03-19T12:22:58.346+0530: 708.863: [GC (Allocation Failure) [PSYoungGen: 173696K->96K(174080K)] 205812K->32244K(523776K), 0.0011922 secs] [Times: user=0.00 sys=0.00, real=0.00 secs] 
2018-03-19T12:22:58.677+0530: 709.194: [GC (Allocation Failure) [PSYoungGen: 173664K->128K(174080K)] 205812K->32292K(523776K), 0.0013569 secs] [Times: user=0.00 sys=0.00, real=0.00 secs] 
2018-03-19T12:22:59.001+0530: 709.518: [GC (Allocation Failure) [PSYoungGen: 173696K->96K(174080K)] 205860K->32292K(523776K), 0.0012007 secs] [Times: user=0.00 sys=0.00, real=0.00 secs] 
2018-03-19T12:22:59.341+0530: 709.858: [GC (Allocation Failure) [PSYoungGen: 173664K->64K(174080K)] 205860K->32284K(523776K), 0.0012324 secs] [Times: user=0.00 sys=0.00, real=0.00 secs] 
2018-03-19T12:22:59.646+0530: 710.162: [GC (Allocation Failure) [PSYoungGen: 173632K->96K(174080K)] 205852K->32340K(523776K), 0.0012416 secs] [Times: user=0.00 sys=0.00, real=0.00 secs] 
2018-03-19T12:22:59.947+0530: 710.464: [GC (Allocation Failure) [PSYoungGen: 173664K->96K(174080K)] 205908K->32364K(523776K), 0.0011418 secs] [Times: user=0.00 sys=0.00, real=0.00 secs] 
2018-03-19T12:23:00.256+0530: 710.772: [GC (Allocation Failure) [PSYoungGen: 173664K->96K(174080K)] 205932K->32388K(523776K), 0.0011661 secs] [Times: user=0.00 sys=0.00, real=0.00 secs] 
2018-03-19T12:23:00.554+0530: 711.071: [GC (Allocation Failure) [PSYoungGen: 173664K->96K(174080K)] 205956K->32420K(523776K), 0.0010956 secs] [Times: user=0.00 sys=0.00, real=0.00 secs] 
2018-03-19T12:23:00.861+0530: 711.378: [GC (Allocation Failure) [PSYoungGen: 173664K->96K(174080K)] 205988K->32452K(523776K), 0.0010148 secs] [Times: user=0.00 sys=0.00, real=0.00 secs] 
2018-03-19T12:23:01.149+0530: 711.665: [GC (Allocation Failure) [PSYoungGen: 173664K->64K(174080K)] 206020K->32452K(523776K), 0.0009796 secs] [Times: user=0.01 sys=0.00, real=0.00 secs] 
2018-03-19T12:23:01.442+0530: 711.959: [GC (Allocation Failure) [PSYoungGen: 173632K->96K(174080K)] 206020K->32508K(523776K), 0.0010653 secs] [Times: user=0.00 sys=0.00, real=0.00 secs] 
2018-03-19T12:23:01.737+0530: 712.254: [GC (Allocation Failure) [PSYoungGen: 173664K->64K(174080K)] 206076K->32492K(523776K), 0.0016559 secs] [Times: user=0.00 sys=0.00, real=0.00 secs] 
2018-03-19T12:23:02.042+0530: 712.558: [GC (Allocation Failure) [PSYoungGen: 173632K->32K(174080K)] 206060K->32484K(523776K), 0.0012571 secs] [Times: user=0.00 sys=0.00, real=0.00 secs] 
2018-03-19T12:23:02.335+0530: 712.852: [GC (Allocation Failure) [PSYoungGen: 173600K->96K(174080K)] 206052K->32572K(523776K), 0.0011453 secs] [Times: user=0.00 sys=0.00, real=0.00 secs] 
2018-03-19T12:23:02.630+0530: 713.146: [GC (Allocation Failure) [PSYoungGen: 173664K->96K(174080K)] 206140K->32604K(523776K), 0.0010804 secs] [Times: user=0.00 sys=0.00, real=0.00 secs] 
2018-03-19T12:23:02.929+0530: 713.445: [GC (Allocation Failure) [PSYoungGen: 173664K->96K(174080K)] 206172K->32636K(523776K), 0.0010014 secs] [Times: user=0.00 sys=0.00, real=0.00 secs] 
2018-03-19T12:23:03.231+0530: 713.748: [GC (Allocation Failure) [PSYoungGen: 173664K->64K(174080K)] 206204K->32620K(523776K), 0.0012853 secs] [Times: user=0.00 sys=0.00, real=0.00 secs] 
2018-03-19T12:23:03.556+0530: 714.072: [GC (Allocation Failure) [PSYoungGen: 173632K->64K(174080K)] 206188K->32652K(523776K), 0.0010367 secs] [Times: user=0.00 sys=0.00, real=0.00 secs] 
2018-03-19T12:23:03.842+0530: 714.358: [GC (Allocation Failure) [PSYoungGen: 173632K->96K(174080K)] 206220K->32716K(523776K), 0.0010642 secs] [Times: user=0.00 sys=0.00, real=0.00 secs] 
2018-03-19T12:23:04.116+0530: 714.633: [GC (Allocation Failure) [PSYoungGen: 173664K->96K(174080K)] 206284K->32740K(523776K), 0.0011016 secs] [Times: user=0.00 sys=0.00, real=0.00 secs] 
2018-03-19T12:23:04.401+0530: 714.917: [GC (Allocation Failure) [PSYoungGen: 173664K->32K(174080K)] 206308K->32700K(523776K), 0.0010000 secs] [Times: user=0.00 sys=0.00, real=0.00 secs] 
2018-03-19T12:23:04.678+0530: 715.194: [GC (Allocation Failure) [PSYoungGen: 173600K->96K(174080K)] 206268K->32788K(523776K), 0.0009641 secs] [Times: user=0.00 sys=0.00, real=0.00 secs] 
2018-03-19T12:23:04.967+0530: 715.483: [GC (Allocation Failure) [PSYoungGen: 173664K->96K(174080K)] 206356K->32820K(523776K), 0.0010667 secs] [Times: user=0.00 sys=0.00, real=0.00 secs] 
2018-03-19T12:23:05.273+0530: 715.790: [GC (Allocation Failure) [PSYoungGen: 173664K->64K(174080K)] 206388K->32820K(523776K), 0.0011122 secs] [Times: user=0.00 sys=0.00, real=0.00 secs] 
2018-03-19T12:23:05.553+0530: 716.070: [GC (Allocation Failure) [PSYoungGen: 173632K->96K(174080K)] 206388K->32868K(523776K), 0.0011827 secs] [Times: user=0.00 sys=0.00, real=0.00 secs] 
2018-03-19T12:23:05.837+0530: 716.354: [GC (Allocation Failure) [PSYoungGen: 173664K->64K(174080K)] 206436K->32860K(523776K), 0.0009863 secs] [Times: user=0.06 sys=0.00, real=0.00 secs] 
2018-03-19T12:23:06.106+0530: 716.623: [GC (Allocation Failure) [PSYoungGen: 173632K->96K(174080K)] 206428K->32916K(523776K), 0.0014193 secs] [Times: user=0.00 sys=0.00, real=0.00 secs] 
2018-03-19T12:23:06.380+0530: 716.897: [GC (Allocation Failure) [PSYoungGen: 173664K->96K(174080K)] 206484K->32940K(523776K), 0.0009309 secs] [Times: user=0.00 sys=0.00, real=0.00 secs] 
2018-03-19T12:23:06.655+0530: 717.172: [GC (Allocation Failure) [PSYoungGen: 173664K->96K(174080K)] 206508K->32972K(523776K), 0.0010533 secs] [Times: user=0.00 sys=0.00, real=0.00 secs] 
2018-03-19T12:23:06.963+0530: 717.480: [GC (Allocation Failure) [PSYoungGen: 173664K->96K(174080K)] 206540K->33004K(523776K), 0.0013015 secs] [Times: user=0.00 sys=0.00, real=0.00 secs] 
2018-03-19T12:23:07.299+0530: 717.815: [GC (Allocation Failure) [PSYoungGen: 173664K->96K(174080K)] 206572K->33028K(523776K), 0.0011735 secs] [Times: user=0.00 sys=0.00, real=0.00 secs] 
2018-03-19T12:23:07.584+0530: 718.100: [GC (Allocation Failure) [PSYoungGen: 173664K->96K(174080K)] 206596K->33052K(523776K), 0.0011658 secs] [Times: user=0.00 sys=0.00, real=0.00 secs] 
2018-03-19T12:23:07.866+0530: 718.383: [GC (Allocation Failure) [PSYoungGen: 173664K->32K(174080K)] 206620K->33020K(523776K), 0.0009919 secs] [Times: user=0.00 sys=0.00, real=0.00 secs] 
2018-03-19T12:23:08.140+0530: 718.656: [GC (Allocation Failure) [PSYoungGen: 173600K->96K(174080K)] 206588K->33116K(523776K), 0.0011506 secs] [Times: user=0.00 sys=0.00, real=0.00 secs] 
2018-03-19T12:23:08.416+0530: 718.933: [GC (Allocation Failure) [PSYoungGen: 173664K->64K(174080K)] 206684K->33116K(523776K), 0.0010067 secs] [Times: user=0.00 sys=0.00, real=0.00 secs] 
2018-03-19T12:23:08.702+0530: 719.219: [GC (Allocation Failure) [PSYoungGen: 173632K->64K(174080K)] 206684K->33148K(523776K), 0.0012479 secs] [Times: user=0.00 sys=0.00, real=0.00 secs] 
2018-03-19T12:23:08.989+0530: 719.505: [GC (Allocation Failure) [PSYoungGen: 173632K->96K(174080K)] 206716K->33204K(523776K), 0.0011210 secs] [Times: user=0.00 sys=0.00, real=0.00 secs] 
2018-03-19T12:23:09.267+0530: 719.784: [GC (Allocation Failure) [PSYoungGen: 173664K->96K(174080K)] 206772K->33228K(523776K), 0.0010762 secs] [Times: user=0.00 sys=0.00, real=0.00 secs] 
2018-03-19T12:23:09.547+0530: 720.064: [GC (Allocation Failure) [PSYoungGen: 173664K->96K(174080K)] 206796K->33252K(523776K), 0.0010963 secs] [Times: user=0.00 sys=0.00, real=0.00 secs] 
2018-03-19T12:23:09.833+0530: 720.350: [GC (Allocation Failure) [PSYoungGen: 173664K->96K(174080K)] 206820K->33284K(523776K), 0.0010455 secs] [Times: user=0.00 sys=0.00, real=0.00 secs] 
2018-03-19T12:23:10.109+0530: 720.626: [GC (Allocation Failure) [PSYoungGen: 173664K->64K(174080K)] 206852K->33276K(523776K), 0.0011277 secs] [Times: user=0.00 sys=0.00, real=0.00 secs] 
2018-03-19T12:23:10.389+0530: 720.906: [GC (Allocation Failure) [PSYoungGen: 173632K->64K(174080K)] 206844K->33308K(523776K), 0.0012402 secs] [Times: user=0.00 sys=0.00, real=0.00 secs] 
2018-03-19T12:23:10.668+0530: 721.185: [GC (Allocation Failure) [PSYoungGen: 173632K->96K(174080K)] 206876K->33364K(523776K), 0.0011107 secs] [Times: user=0.00 sys=0.00, real=0.00 secs] 
2018-03-19T12:23:10.965+0530: 721.481: [GC (Allocation Failure) [PSYoungGen: 173664K->64K(174080K)] 206932K->33364K(523776K), 0.0012239 secs] [Times: user=0.00 sys=0.00, real=0.00 secs] 
2018-03-19T12:23:11.277+0530: 721.794: [GC (Allocation Failure) [PSYoungGen: 173632K->32K(174080K)] 206932K->33348K(523776K), 0.0012923 secs] [Times: user=0.00 sys=0.00, real=0.00 secs] 
2018-03-19T12:23:11.563+0530: 722.079: [GC (Allocation Failure) [PSYoungGen: 173600K->96K(174080K)] 206916K->33436K(523776K), 0.0011002 secs] [Times: user=0.00 sys=0.00, real=0.00 secs] 
2018-03-19T12:23:11.847+0530: 722.363: [GC (Allocation Failure) [PSYoungGen: 173664K->64K(174080K)] 207004K->33436K(523776K), 0.0011153 secs] [Times: user=0.00 sys=0.00, real=0.00 secs] 
2018-03-19T12:23:12.136+0530: 722.652: [GC (Allocation Failure) [PSYoungGen: 173632K->96K(174080K)] 207004K->33500K(523776K), 0.0011351 secs] [Times: user=0.00 sys=0.00, real=0.00 secs] 
2018-03-19T12:23:12.414+0530: 722.931: [GC (Allocation Failure) [PSYoungGen: 173664K->32K(174080K)] 207068K->33468K(523776K), 0.0010790 secs] [Times: user=0.00 sys=0.00, real=0.00 secs] 
2018-03-19T12:23:12.690+0530: 723.206: [GC (Allocation Failure) [PSYoungGen: 173600K->96K(174080K)] 207036K->33556K(523776K), 0.0011580 secs] [Times: user=0.00 sys=0.00, real=0.00 secs] 
2018-03-19T12:23:13.006+0530: 723.523: [GC (Allocation Failure) [PSYoungGen: 173664K->64K(174080K)] 207124K->33556K(523776K), 0.0011612 secs] [Times: user=0.00 sys=0.00, real=0.00 secs] 
2018-03-19T12:23:13.286+0530: 723.802: [GC (Allocation Failure) [PSYoungGen: 173632K->96K(174080K)] 207124K->33612K(523776K), 0.0009901 secs] [Times: user=0.00 sys=0.00, real=0.00 secs] 
2018-03-19T12:23:13.563+0530: 724.080: [GC (Allocation Failure) [PSYoungGen: 173664K->96K(174080K)] 207180K->33644K(523776K), 0.0010233 secs] [Times: user=0.00 sys=0.00, real=0.00 secs] 
2018-03-19T12:23:13.845+0530: 724.361: [GC (Allocation Failure) [PSYoungGen: 173664K->96K(174080K)] 207212K->33668K(523776K), 0.0010515 secs] [Times: user=0.00 sys=0.00, real=0.00 secs] 
2018-03-19T12:23:14.124+0530: 724.641: [GC (Allocation Failure) [PSYoungGen: 173664K->64K(174080K)] 207236K->33668K(523776K), 0.0009954 secs] [Times: user=0.00 sys=0.00, real=0.00 secs] 
2018-03-19T12:23:14.401+0530: 724.918: [GC (Allocation Failure) [PSYoungGen: 173632K->96K(174080K)] 207236K->33732K(523776K), 0.0010353 secs] [Times: user=0.00 sys=0.00, real=0.00 secs] 
2018-03-19T12:23:14.676+0530: 725.193: [GC (Allocation Failure) [PSYoungGen: 173664K->96K(174080K)] 207300K->33756K(523776K), 0.0011700 secs] [Times: user=0.00 sys=0.00, real=0.00 secs] 
2018-03-19T12:23:14.967+0530: 725.483: [GC (Allocation Failure) [PSYoungGen: 173664K->64K(174080K)] 207324K->33756K(523776K), 0.0011513 secs] [Times: user=0.00 sys=0.00, real=0.00 secs] 
2018-03-19T12:23:15.290+0530: 725.806: [GC (Allocation Failure) [PSYoungGen: 173632K->96K(174080K)] 207324K->33812K(523776K), 0.0012715 secs] [Times: user=0.06 sys=0.00, real=0.00 secs] 
2018-03-19T12:23:15.576+0530: 726.092: [GC (Allocation Failure) [PSYoungGen: 173664K->96K(174080K)] 207380K->33844K(523776K), 0.0011813 secs] [Times: user=0.00 sys=0.00, real=0.00 secs] 
2018-03-19T12:23:15.864+0530: 726.380: [GC (Allocation Failure) [PSYoungGen: 173664K->96K(174080K)] 207412K->33868K(523776K), 0.0011601 secs] [Times: user=0.00 sys=0.00, real=0.00 secs] 
2018-03-19T12:23:16.140+0530: 726.656: [GC (Allocation Failure) [PSYoungGen: 173664K->96K(174080K)] 207436K->33892K(523776K), 0.0009877 secs] [Times: user=0.00 sys=0.00, real=0.00 secs] 
2018-03-19T12:23:16.411+0530: 726.928: [GC (Allocation Failure) [PSYoungGen: 173664K->96K(174080K)] 207460K->33916K(523776K), 0.0011093 secs] [Times: user=0.00 sys=0.00, real=0.00 secs] 
2018-03-19T12:23:16.689+0530: 727.206: [GC (Allocation Failure) [PSYoungGen: 173664K->64K(174080K)] 207484K->33908K(523776K), 0.0010039 secs] [Times: user=0.00 sys=0.00, real=0.00 secs] 
2018-03-19T12:23:16.974+0530: 727.491: [GC (Allocation Failure) [PSYoungGen: 173632K->32K(174080K)] 207476K->33908K(523776K), 0.0011167 secs] [Times: user=0.00 sys=0.00, real=0.00 secs] 
2018-03-19T12:23:17.267+0530: 727.783: [GC (Allocation Failure) [PSYoungGen: 173600K->64K(174080K)] 207476K->33972K(523776K), 0.0009961 secs] [Times: user=0.00 sys=0.00, real=0.00 secs] 
2018-03-19T12:23:17.543+0530: 728.059: [GC (Allocation Failure) [PSYoungGen: 173632K->32K(174080K)] 207540K->33964K(523776K), 0.0010370 secs] [Times: user=0.00 sys=0.00, real=0.00 secs] 
2018-03-19T12:23:17.829+0530: 728.345: [GC (Allocation Failure) [PSYoungGen: 173600K->64K(174080K)] 207532K->34028K(523776K), 0.0013911 secs] [Times: user=0.00 sys=0.00, real=0.00 secs] 
2018-03-19T12:23:18.104+0530: 728.621: [GC (Allocation Failure) [PSYoungGen: 173632K->32K(174080K)] 207596K->34020K(523776K), 0.0012126 secs] [Times: user=0.00 sys=0.00, real=0.00 secs] 
2018-03-19T12:23:18.376+0530: 728.893: [GC (Allocation Failure) [PSYoungGen: 173600K->64K(174080K)] 207588K->34076K(523776K), 0.0009976 secs] [Times: user=0.00 sys=0.00, real=0.00 secs] 
2018-03-19T12:23:18.652+0530: 729.168: [GC (Allocation Failure) [PSYoungGen: 173632K->96K(174080K)] 207644K->34132K(523776K), 0.0010988 secs] [Times: user=0.00 sys=0.00, real=0.00 secs] 
2018-03-19T12:23:18.981+0530: 729.497: [GC (Allocation Failure) [PSYoungGen: 173664K->64K(174080K)] 207700K->34132K(523776K), 0.0009947 secs] [Times: user=0.00 sys=0.00, real=0.00 secs] 
2018-03-19T12:23:19.292+0530: 729.809: [GC (Allocation Failure) [PSYoungGen: 173632K->96K(174080K)] 207700K->34188K(523776K), 0.0011693 secs] [Times: user=0.00 sys=0.00, real=0.00 secs] 
2018-03-19T12:23:19.580+0530: 730.097: [GC (Allocation Failure) [PSYoungGen: 173664K->64K(174080K)] 207756K->34188K(523776K), 0.0009863 secs] [Times: user=0.00 sys=0.00, real=0.00 secs] 
2018-03-19T12:23:19.863+0530: 730.380: [GC (Allocation Failure) [PSYoungGen: 173632K->64K(174080K)] 207756K->34220K(523776K), 0.0011643 secs] [Times: user=0.00 sys=0.00, real=0.00 secs] 
2018-03-19T12:23:20.143+0530: 730.660: [GC (Allocation Failure) [PSYoungGen: 173632K->96K(174080K)] 207788K->34284K(523776K), 0.0009577 secs] [Times: user=0.00 sys=0.00, real=0.00 secs] 
2018-03-19T12:23:20.418+0530: 730.935: [GC (Allocation Failure) [PSYoungGen: 173664K->96K(174080K)] 207852K->34316K(523776K), 0.0012814 secs] [Times: user=0.00 sys=0.00, real=0.00 secs] 
2018-03-19T12:23:20.696+0530: 731.213: [GC (Allocation Failure) [PSYoungGen: 173664K->96K(174080K)] 207884K->34348K(523776K), 0.0010469 secs] [Times: user=0.00 sys=0.00, real=0.00 secs] 
2018-03-19T12:23:20.988+0530: 731.505: [GC (Allocation Failure) [PSYoungGen: 173664K->96K(174080K)] 207916K->34380K(523776K), 0.0010131 secs] [Times: user=0.00 sys=0.00, real=0.00 secs] 
2018-03-19T12:23:21.262+0530: 731.778: [GC (Allocation Failure) [PSYoungGen: 173664K->64K(174080K)] 207948K->34380K(523776K), 0.0011030 secs] [Times: user=0.00 sys=0.00, real=0.00 secs] 
2018-03-19T12:23:21.539+0530: 732.056: [GC (Allocation Failure) [PSYoungGen: 173632K->96K(174080K)] 207948K->34444K(523776K), 0.0009986 secs] [Times: user=0.00 sys=0.00, real=0.00 secs] 
2018-03-19T12:23:21.812+0530: 732.329: [GC (Allocation Failure) [PSYoungGen: 173664K->32K(174080K)] 208012K->34404K(523776K), 0.0011954 secs] [Times: user=0.00 sys=0.00, real=0.00 secs] 
2018-03-19T12:23:22.096+0530: 732.612: [GC (Allocation Failure) [PSYoungGen: 173600K->64K(174080K)] 207972K->34468K(523776K), 0.0010215 secs] [Times: user=0.00 sys=0.00, real=0.00 secs] 
2018-03-19T12:23:22.377+0530: 732.893: [GC (Allocation Failure) [PSYoungGen: 173632K->96K(174080K)] 208036K->34532K(523776K), 0.0010050 secs] [Times: user=0.00 sys=0.00, real=0.00 secs] 
2018-03-19T12:23:22.653+0530: 733.170: [GC (Allocation Failure) [PSYoungGen: 173664K->96K(174080K)] 208100K->34564K(523776K), 0.0010402 secs] [Times: user=0.00 sys=0.00, real=0.00 secs] 
2018-03-19T12:23:22.933+0530: 733.450: [GC (Allocation Failure) [PSYoungGen: 173664K->32K(174080K)] 208132K->34524K(523776K), 0.0010832 secs] [Times: user=0.00 sys=0.00, real=0.00 secs] 
2018-03-19T12:23:23.240+0530: 733.757: [GC (Allocation Failure) [PSYoungGen: 173600K->32K(174080K)] 208092K->34548K(523776K), 0.0014246 secs] [Times: user=0.00 sys=0.00, real=0.00 secs] 
2018-03-19T12:23:23.538+0530: 734.055: [GC (Allocation Failure) [PSYoungGen: 173600K->32K(174080K)] 208116K->34580K(523776K), 0.0012052 secs] [Times: user=0.00 sys=0.00, real=0.00 secs] 
2018-03-19T12:23:23.822+0530: 734.339: [GC (Allocation Failure) [PSYoungGen: 173600K->96K(174080K)] 208148K->34676K(523776K), 0.0010875 secs] [Times: user=0.00 sys=0.00, real=0.00 secs] 
2018-03-19T12:23:24.099+0530: 734.616: [GC (Allocation Failure) [PSYoungGen: 173664K->96K(174080K)] 208244K->34708K(523776K), 0.0011407 secs] [Times: user=0.00 sys=0.00, real=0.00 secs] 
2018-03-19T12:23:24.376+0530: 734.893: [GC (Allocation Failure) [PSYoungGen: 173664K->64K(174080K)] 208276K->34708K(523776K), 0.0010258 secs] [Times: user=0.00 sys=0.00, real=0.00 secs] 
2018-03-19T12:23:24.652+0530: 735.169: [GC (Allocation Failure) [PSYoungGen: 173632K->64K(174080K)] 208276K->34740K(523776K), 0.0011114 secs] [Times: user=0.00 sys=0.00, real=0.00 secs] 
2018-03-19T12:23:24.946+0530: 735.462: [GC (Allocation Failure) [PSYoungGen: 173632K->96K(174080K)] 208308K->34796K(523776K), 0.0011788 secs] [Times: user=0.02 sys=0.00, real=0.00 secs] 
2018-03-19T12:23:25.225+0530: 735.742: [GC (Allocation Failure) [PSYoungGen: 173664K->96K(174080K)] 208364K->34820K(523776K), 0.0011809 secs] [Times: user=0.00 sys=0.00, real=0.00 secs] 
2018-03-19T12:23:25.504+0530: 736.020: [GC (Allocation Failure) [PSYoungGen: 173664K->64K(174080K)] 208388K->34820K(523776K), 0.0010621 secs] [Times: user=0.00 sys=0.00, real=0.00 secs] 
2018-03-19T12:23:25.787+0530: 736.304: [GC (Allocation Failure) [PSYoungGen: 173632K->96K(174080K)] 208388K->34876K(523776K), 0.0012634 secs] [Times: user=0.00 sys=0.00, real=0.00 secs] 
2018-03-19T12:23:26.067+0530: 736.584: [GC (Allocation Failure) [PSYoungGen: 173664K->32K(174080K)] 208444K->34844K(523776K), 0.0012962 secs] [Times: user=0.00 sys=0.00, real=0.00 secs] 
2018-03-19T12:23:26.347+0530: 736.864: [GC (Allocation Failure) [PSYoungGen: 173600K->96K(174080K)] 208412K->34940K(523776K), 0.0013756 secs] [Times: user=0.00 sys=0.00, real=0.00 secs] 
2018-03-19T12:23:26.624+0530: 737.141: [GC (Allocation Failure) [PSYoungGen: 173664K->64K(174080K)] 208508K->34924K(523776K), 0.0012186 secs] [Times: user=0.00 sys=0.00, real=0.00 secs] 
2018-03-19T12:23:26.916+0530: 737.432: [GC (Allocation Failure) [PSYoungGen: 173632K->96K(174080K)] 208492K->34988K(523776K), 0.0009993 secs] [Times: user=0.00 sys=0.00, real=0.00 secs] 
2018-03-19T12:23:27.210+0530: 737.727: [GC (Allocation Failure) [PSYoungGen: 173664K->64K(174080K)] 208556K->34972K(523776K), 0.0012204 secs] [Times: user=0.00 sys=0.00, real=0.00 secs] 
2018-03-19T12:23:27.517+0530: 738.033: [GC (Allocation Failure) [PSYoungGen: 173632K->32K(174080K)] 208540K->34964K(523776K), 0.0009813 secs] [Times: user=0.00 sys=0.00, real=0.00 secs] 
2018-03-19T12:23:27.805+0530: 738.321: [GC (Allocation Failure) [PSYoungGen: 173600K->64K(174080K)] 208532K->35028K(523776K), 0.0010318 secs] [Times: user=0.00 sys=0.00, real=0.00 secs] 
2018-03-19T12:23:28.083+0530: 738.599: [GC (Allocation Failure) [PSYoungGen: 173632K->96K(174080K)] 208596K->35084K(523776K), 0.0011774 secs] [Times: user=0.00 sys=0.00, real=0.00 secs] 
2018-03-19T12:23:28.361+0530: 738.878: [GC (Allocation Failure) [PSYoungGen: 173664K->96K(174080K)] 208652K->35116K(523776K), 0.0009905 secs] [Times: user=0.00 sys=0.00, real=0.00 secs] 
2018-03-19T12:23:28.645+0530: 739.161: [GC (Allocation Failure) [PSYoungGen: 173664K->32K(174080K)] 208684K->35076K(523776K), 0.0009894 secs] [Times: user=0.00 sys=0.00, real=0.00 secs] 
2018-03-19T12:23:28.942+0530: 739.459: [GC (Allocation Failure) [PSYoungGen: 173600K->96K(174080K)] 208644K->35172K(523776K), 0.0012201 secs] [Times: user=0.00 sys=0.00, real=0.00 secs] 
2018-03-19T12:23:29.218+0530: 739.734: [GC (Allocation Failure) [PSYoungGen: 173664K->96K(174080K)] 208740K->35204K(523776K), 0.0011682 secs] [Times: user=0.00 sys=0.00, real=0.00 secs] 
2018-03-19T12:23:29.496+0530: 740.013: [GC (Allocation Failure) [PSYoungGen: 173664K->64K(174080K)] 208772K->35204K(523776K), 0.0010564 secs] [Times: user=0.00 sys=0.00, real=0.00 secs] 
2018-03-19T12:23:29.776+0530: 740.293: [GC (Allocation Failure) [PSYoungGen: 173632K->64K(174080K)] 208772K->35236K(523776K), 0.0011467 secs] [Times: user=0.00 sys=0.00, real=0.00 secs] 
2018-03-19T12:23:30.045+0530: 740.561: [GC (Allocation Failure) [PSYoungGen: 173632K->64K(174080K)] 208804K->35268K(523776K), 0.0011263 secs] [Times: user=0.00 sys=0.00, real=0.00 secs] 
2018-03-19T12:23:30.329+0530: 740.845: [GC (Allocation Failure) [PSYoungGen: 173632K->64K(174080K)] 208836K->35292K(523776K), 0.0012257 secs] [Times: user=0.00 sys=0.00, real=0.00 secs] 
2018-03-19T12:23:30.606+0530: 741.123: [GC (Allocation Failure) [PSYoungGen: 173632K->96K(174080K)] 208860K->35348K(523776K), 0.0010942 secs] [Times: user=0.00 sys=0.00, real=0.00 secs] 
2018-03-19T12:23:30.906+0530: 741.423: [GC (Allocation Failure) [PSYoungGen: 173664K->32K(174080K)] 208916K->35308K(523776K), 0.0010892 secs] [Times: user=0.00 sys=0.00, real=0.00 secs] 
2018-03-19T12:23:31.200+0530: 741.717: [GC (Allocation Failure) [PSYoungGen: 173600K->96K(174080K)] 208876K->35388K(523776K), 0.0012081 secs] [Times: user=0.00 sys=0.00, real=0.00 secs] 
2018-03-19T12:23:31.503+0530: 742.019: [GC (Allocation Failure) [PSYoungGen: 173664K->64K(174080K)] 208956K->35388K(523776K), 0.0010236 secs] [Times: user=0.00 sys=0.00, real=0.00 secs] 
2018-03-19T12:23:31.785+0530: 742.302: [GC (Allocation Failure) [PSYoungGen: 173632K->96K(174080K)] 208956K->35452K(523776K), 0.0010720 secs] [Times: user=0.00 sys=0.00, real=0.00 secs] 
2018-03-19T12:23:32.065+0530: 742.581: [GC (Allocation Failure) [PSYoungGen: 173664K->32K(174080K)] 209020K->35412K(523776K), 0.0012521 secs] [Times: user=0.00 sys=0.00, real=0.00 secs] 
2018-03-19T12:23:32.346+0530: 742.863: [GC (Allocation Failure) [PSYoungGen: 173600K->64K(174080K)] 208980K->35476K(523776K), 0.0010921 secs] [Times: user=0.00 sys=0.00, real=0.00 secs] 
2018-03-19T12:23:32.620+0530: 743.137: [GC (Allocation Failure) [PSYoungGen: 173632K->96K(174080K)] 209044K->35540K(523776K), 0.0010004 secs] [Times: user=0.00 sys=0.00, real=0.00 secs] 
2018-03-19T12:23:32.908+0530: 743.425: [GC (Allocation Failure) [PSYoungGen: 173664K->96K(174080K)] 209108K->35564K(523776K), 0.0009997 secs] [Times: user=0.00 sys=0.00, real=0.00 secs] 
2018-03-19T12:23:33.194+0530: 743.711: [GC (Allocation Failure) [PSYoungGen: 173664K->96K(174080K)] 209132K->35588K(523776K), 0.0011820 secs] [Times: user=0.00 sys=0.00, real=0.00 secs] 
2018-03-19T12:23:33.461+0530: 743.977: [GC (Allocation Failure) [PSYoungGen: 173664K->96K(174080K)] 209156K->35604K(523776K), 0.0009397 secs] [Times: user=0.00 sys=0.00, real=0.00 secs] 
2018-03-19T12:23:33.745+0530: 744.262: [GC (Allocation Failure) [PSYoungGen: 173664K->64K(174080K)] 209172K->35604K(523776K), 0.0012074 secs] [Times: user=0.00 sys=0.00, real=0.00 secs] 
2018-03-19T12:23:34.037+0530: 744.553: [GC (Allocation Failure) [PSYoungGen: 173632K->96K(174080K)] 209172K->35660K(523776K), 0.0010839 secs] [Times: user=0.00 sys=0.00, real=0.00 secs] 
2018-03-19T12:23:34.314+0530: 744.831: [GC (Allocation Failure) [PSYoungGen: 173664K->64K(174080K)] 209228K->35660K(523776K), 0.0012130 secs] [Times: user=0.00 sys=0.00, real=0.00 secs] 
2018-03-19T12:23:34.593+0530: 745.109: [GC (Allocation Failure) [PSYoungGen: 173632K->96K(174080K)] 209228K->35724K(523776K), 0.0009972 secs] [Times: user=0.00 sys=0.00, real=0.00 secs] 
2018-03-19T12:23:34.880+0530: 745.396: [GC (Allocation Failure) [PSYoungGen: 173664K->64K(174080K)] 209292K->35724K(523776K), 0.0011449 secs] [Times: user=0.00 sys=0.00, real=0.00 secs] 
2018-03-19T12:23:35.153+0530: 745.670: [GC (Allocation Failure) [PSYoungGen: 173632K->32K(174080K)] 209292K->35724K(523776K), 0.0010628 secs] [Times: user=0.00 sys=0.00, real=0.00 secs] 
2018-03-19T12:23:35.458+0530: 745.975: [GC (Allocation Failure) [PSYoungGen: 173600K->64K(174080K)] 209292K->35788K(523776K), 0.0011873 secs] [Times: user=0.00 sys=0.00, real=0.00 secs] 
2018-03-19T12:23:35.742+0530: 746.259: [GC (Allocation Failure) [PSYoungGen: 173632K->64K(174080K)] 209356K->35820K(523776K), 0.0010822 secs] [Times: user=0.00 sys=0.00, real=0.00 secs] 
2018-03-19T12:23:36.025+0530: 746.542: [GC (Allocation Failure) [PSYoungGen: 173632K->32K(174080K)] 209388K->35820K(523776K), 0.0012740 secs] [Times: user=0.00 sys=0.00, real=0.00 secs] 
2018-03-19T12:23:36.305+0530: 746.821: [GC (Allocation Failure) [PSYoungGen: 173600K->96K(174080K)] 209388K->35916K(523776K), 0.0011227 secs] [Times: user=0.00 sys=0.00, real=0.00 secs] 
2018-03-19T12:23:36.581+0530: 747.098: [GC (Allocation Failure) [PSYoungGen: 173664K->64K(174080K)] 209484K->35916K(523776K), 0.0009937 secs] [Times: user=0.00 sys=0.00, real=0.00 secs] 
2018-03-19T12:23:36.859+0530: 747.375: [GC (Allocation Failure) [PSYoungGen: 173632K->96K(174080K)] 209484K->35980K(523776K), 0.0011679 secs] [Times: user=0.00 sys=0.00, real=0.00 secs] 
2018-03-19T12:23:37.141+0530: 747.658: [GC (Allocation Failure) [PSYoungGen: 173664K->64K(174080K)] 209548K->35980K(523776K), 0.0012031 secs] [Times: user=0.00 sys=0.00, real=0.00 secs] 
2018-03-19T12:23:37.423+0530: 747.941: [GC (Allocation Failure) [PSYoungGen: 173632K->96K(174080K)] 209548K->36036K(523776K), 0.0010011 secs] [Times: user=0.00 sys=0.00, real=0.00 secs] 
2018-03-19T12:23:37.707+0530: 748.223: [GC (Allocation Failure) [PSYoungGen: 173664K->96K(174080K)] 209604K->36068K(523776K), 0.0010120 secs] [Times: user=0.00 sys=0.00, real=0.00 secs] 
2018-03-19T12:23:37.997+0530: 748.514: [GC (Allocation Failure) [PSYoungGen: 173664K->96K(174080K)] 209636K->36100K(523776K), 0.0010113 secs] [Times: user=0.00 sys=0.00, real=0.00 secs] 
2018-03-19T12:23:38.279+0530: 748.795: [GC (Allocation Failure) [PSYoungGen: 173664K->64K(174080K)] 209668K->36100K(523776K), 0.0010007 secs] [Times: user=0.00 sys=0.00, real=0.00 secs] 
2018-03-19T12:23:38.555+0530: 749.072: [GC (Allocation Failure) [PSYoungGen: 173632K->96K(174080K)] 209668K->36156K(523776K), 0.0012063 secs] [Times: user=0.06 sys=0.00, real=0.00 secs] 
2018-03-19T12:23:38.839+0530: 749.356: [GC (Allocation Failure) [PSYoungGen: 173664K->64K(174080K)] 209724K->36140K(523776K), 0.0011125 secs] [Times: user=0.00 sys=0.00, real=0.00 secs] 
2018-03-19T12:23:39.118+0530: 749.635: [GC (Allocation Failure) [PSYoungGen: 173632K->64K(174080K)] 209708K->36172K(523776K), 0.0010187 secs] [Times: user=0.06 sys=0.00, real=0.00 secs] 
2018-03-19T12:23:39.435+0530: 749.952: [GC (Allocation Failure) [PSYoungGen: 173632K->64K(174080K)] 209740K->36204K(523776K), 0.0011968 secs] [Times: user=0.00 sys=0.00, real=0.00 secs] 
2018-03-19T12:23:39.699+0530: 750.216: [GC (Allocation Failure) [PSYoungGen: 173632K->96K(174080K)] 209772K->36268K(523776K), 0.0009552 secs] [Times: user=0.00 sys=0.00, real=0.00 secs] 
2018-03-19T12:23:39.978+0530: 750.495: [GC (Allocation Failure) [PSYoungGen: 173664K->128K(174080K)] 209836K->36324K(523776K), 0.0012892 secs] [Times: user=0.00 sys=0.00, real=0.00 secs] 
2018-03-19T12:23:40.255+0530: 750.771: [GC (Allocation Failure) [PSYoungGen: 173696K->64K(174080K)] 209892K->36292K(523776K), 0.0010004 secs] [Times: user=0.00 sys=0.00, real=0.00 secs] 
2018-03-19T12:23:40.536+0530: 751.052: [GC (Allocation Failure) [PSYoungGen: 173632K->96K(174080K)] 209860K->36356K(523776K), 0.0010222 secs] [Times: user=0.00 sys=0.00, real=0.00 secs] 
2018-03-19T12:23:40.831+0530: 751.348: [GC (Allocation Failure) [PSYoungGen: 173664K->64K(174080K)] 209924K->36356K(523776K), 0.0010822 secs] [Times: user=0.00 sys=0.00, real=0.00 secs] 
2018-03-19T12:23:41.125+0530: 751.642: [GC (Allocation Failure) [PSYoungGen: 173632K->64K(174080K)] 209924K->36388K(523776K), 0.0011696 secs] [Times: user=0.00 sys=0.00, real=0.00 secs] 
2018-03-19T12:23:41.409+0530: 751.926: [GC (Allocation Failure) [PSYoungGen: 173632K->96K(174080K)] 209956K->36452K(523776K), 0.0011749 secs] [Times: user=0.00 sys=0.00, real=0.00 secs] 
2018-03-19T12:23:41.686+0530: 752.203: [GC (Allocation Failure) [PSYoungGen: 173664K->64K(174080K)] 210020K->36452K(523776K), 0.0012077 secs] [Times: user=0.00 sys=0.00, real=0.00 secs] 
2018-03-19T12:23:41.965+0530: 752.482: [GC (Allocation Failure) [PSYoungGen: 173632K->64K(174080K)] 210020K->36484K(523776K), 0.0012380 secs] [Times: user=0.00 sys=0.00, real=0.00 secs] 
2018-03-19T12:23:42.254+0530: 752.771: [GC (Allocation Failure) [PSYoungGen: 173632K->96K(174080K)] 210052K->36548K(523776K), 0.0011206 secs] [Times: user=0.00 sys=0.00, real=0.00 secs] 
2018-03-19T12:23:42.533+0530: 753.050: [GC (Allocation Failure) [PSYoungGen: 173664K->64K(174080K)] 210116K->36532K(523776K), 0.0010557 secs] [Times: user=0.00 sys=0.00, real=0.00 secs] 
2018-03-19T12:23:42.820+0530: 753.336: [GC (Allocation Failure) [PSYoungGen: 173632K->96K(174080K)] 210100K->36588K(523776K), 0.0012349 secs] [Times: user=0.00 sys=0.00, real=0.00 secs] 
2018-03-19T12:23:43.099+0530: 753.615: [GC (Allocation Failure) [PSYoungGen: 173664K->96K(174080K)] 210156K->36620K(523776K), 0.0011425 secs] [Times: user=0.00 sys=0.00, real=0.00 secs] 
2018-03-19T12:23:43.428+0530: 753.944: [GC (Allocation Failure) [PSYoungGen: 173664K->32K(174080K)] 210188K->36580K(523776K), 0.0011266 secs] [Times: user=0.00 sys=0.00, real=0.00 secs] 
2018-03-19T12:23:43.706+0530: 754.222: [GC (Allocation Failure) [PSYoungGen: 173600K->96K(174080K)] 210148K->36676K(523776K), 0.0011224 secs] [Times: user=0.00 sys=0.00, real=0.00 secs] 
2018-03-19T12:23:43.992+0530: 754.509: [GC (Allocation Failure) [PSYoungGen: 173664K->64K(174080K)] 210244K->36676K(523776K), 0.0012458 secs] [Times: user=0.00 sys=0.00, real=0.00 secs] 
2018-03-19T12:23:44.269+0530: 754.786: [GC (Allocation Failure) [PSYoungGen: 173632K->96K(174080K)] 210244K->36732K(523776K), 0.0012268 secs] [Times: user=0.00 sys=0.00, real=0.00 secs] 
2018-03-19T12:23:44.549+0530: 755.066: [GC (Allocation Failure) [PSYoungGen: 173664K->96K(174080K)] 210300K->36764K(523776K), 0.0011689 secs] [Times: user=0.00 sys=0.00, real=0.00 secs] 
2018-03-19T12:23:44.835+0530: 755.351: [GC (Allocation Failure) [PSYoungGen: 173664K->64K(174080K)] 210332K->36764K(523776K), 0.0010311 secs] [Times: user=0.00 sys=0.00, real=0.00 secs] 
2018-03-19T12:23:45.116+0530: 755.632: [GC (Allocation Failure) [PSYoungGen: 173632K->64K(174080K)] 210332K->36796K(523776K), 0.0010787 secs] [Times: user=0.00 sys=0.00, real=0.00 secs] 
2018-03-19T12:23:45.393+0530: 755.910: [GC (Allocation Failure) [PSYoungGen: 173632K->64K(174080K)] 210364K->36828K(523776K), 0.0012578 secs] [Times: user=0.00 sys=0.00, real=0.00 secs] 
2018-03-19T12:23:45.675+0530: 756.192: [GC (Allocation Failure) [PSYoungGen: 173632K->32K(174080K)] 210396K->36828K(523776K), 0.0012536 secs] [Times: user=0.00 sys=0.00, real=0.00 secs] 
2018-03-19T12:23:45.956+0530: 756.473: [GC (Allocation Failure) [PSYoungGen: 173600K->96K(174080K)] 210396K->36916K(523776K), 0.0011340 secs] [Times: user=0.00 sys=0.00, real=0.00 secs] 
2018-03-19T12:23:46.238+0530: 756.755: [GC (Allocation Failure) [PSYoungGen: 173664K->64K(174080K)] 210484K->36916K(523776K), 0.0010935 secs] [Times: user=0.00 sys=0.00, real=0.00 secs] 
2018-03-19T12:23:46.526+0530: 757.043: [GC (Allocation Failure) [PSYoungGen: 173632K->64K(174080K)] 210484K->36948K(523776K), 0.0013117 secs] [Times: user=0.00 sys=0.00, real=0.00 secs] 
2018-03-19T12:23:46.812+0530: 757.329: [GC (Allocation Failure) [PSYoungGen: 173632K->96K(174080K)] 210516K->37004K(523776K), 0.0011044 secs] [Times: user=0.00 sys=0.00, real=0.00 secs] 
2018-03-19T12:23:47.093+0530: 757.609: [GC (Allocation Failure) [PSYoungGen: 173664K->96K(174080K)] 210572K->37028K(523776K), 0.0011710 secs] [Times: user=0.00 sys=0.00, real=0.00 secs] 
2018-03-19T12:23:47.417+0530: 757.934: [GC (Allocation Failure) [PSYoungGen: 173664K->64K(174080K)] 210596K->37020K(523776K), 0.0011686 secs] [Times: user=0.00 sys=0.00, real=0.00 secs] 
2018-03-19T12:23:47.696+0530: 758.213: [GC (Allocation Failure) [PSYoungGen: 173632K->96K(174080K)] 210588K->37076K(523776K), 0.0010949 secs] [Times: user=0.00 sys=0.00, real=0.00 secs] 
2018-03-19T12:23:47.984+0530: 758.500: [GC (Allocation Failure) [PSYoungGen: 173664K->96K(174080K)] 210644K->37100K(523776K), 0.0011382 secs] [Times: user=0.00 sys=0.00, real=0.00 secs] 
2018-03-19T12:23:48.264+0530: 758.780: [GC (Allocation Failure) [PSYoungGen: 173664K->64K(174080K)] 210668K->37092K(523776K), 0.0010360 secs] [Times: user=0.00 sys=0.00, real=0.00 secs] 
2018-03-19T12:23:48.549+0530: 759.066: [GC (Allocation Failure) [PSYoungGen: 173632K->32K(174080K)] 210660K->37084K(523776K), 0.0010624 secs] [Times: user=0.00 sys=0.00, real=0.00 secs] 
2018-03-19T12:23:48.837+0530: 759.353: [GC (Allocation Failure) [PSYoungGen: 173600K->64K(174080K)] 210652K->37148K(523776K), 0.0012472 secs] [Times: user=0.00 sys=0.00, real=0.00 secs] 
2018-03-19T12:23:49.116+0530: 759.632: [GC (Allocation Failure) [PSYoungGen: 173632K->64K(174080K)] 210716K->37180K(523776K), 0.0011220 secs] [Times: user=0.00 sys=0.00, real=0.00 secs] 
2018-03-19T12:23:49.396+0530: 759.913: [GC (Allocation Failure) [PSYoungGen: 173632K->96K(174080K)] 210748K->37244K(523776K), 0.0010346 secs] [Times: user=0.00 sys=0.00, real=0.00 secs] 
2018-03-19T12:23:49.673+0530: 760.190: [GC (Allocation Failure) [PSYoungGen: 173664K->64K(174080K)] 210812K->37244K(523776K), 0.0011256 secs] [Times: user=0.00 sys=0.00, real=0.00 secs] 
2018-03-19T12:23:49.960+0530: 760.477: [GC (Allocation Failure) [PSYoungGen: 173632K->96K(174080K)] 210812K->37300K(523776K), 0.0011234 secs] [Times: user=0.00 sys=0.00, real=0.00 secs] 
2018-03-19T12:23:50.240+0530: 760.756: [GC (Allocation Failure) [PSYoungGen: 173664K->96K(174080K)] 210868K->37332K(523776K), 0.0010289 secs] [Times: user=0.00 sys=0.00, real=0.00 secs] 
2018-03-19T12:23:50.518+0530: 761.035: [GC (Allocation Failure) [PSYoungGen: 173664K->96K(174080K)] 210900K->37364K(523776K), 0.0010251 secs] [Times: user=0.00 sys=0.00, real=0.00 secs] 
2018-03-19T12:23:50.814+0530: 761.331: [GC (Allocation Failure) [PSYoungGen: 173664K->96K(174080K)] 210932K->37388K(523776K), 0.0011816 secs] [Times: user=0.00 sys=0.00, real=0.00 secs] 
2018-03-19T12:23:51.099+0530: 761.615: [GC (Allocation Failure) [PSYoungGen: 173664K->96K(174080K)] 210956K->37420K(523776K), 0.0011178 secs] [Times: user=0.00 sys=0.00, real=0.00 secs] 
2018-03-19T12:23:51.426+0530: 761.942: [GC (Allocation Failure) [PSYoungGen: 173664K->64K(174080K)] 210988K->37412K(523776K), 0.0012215 secs] [Times: user=0.00 sys=0.00, real=0.00 secs] 
2018-03-19T12:23:51.708+0530: 762.224: [GC (Allocation Failure) [PSYoungGen: 173632K->96K(174080K)] 210980K->37476K(523776K), 0.0011548 secs] [Times: user=0.00 sys=0.00, real=0.00 secs] 
2018-03-19T12:23:51.998+0530: 762.514: [GC (Allocation Failure) [PSYoungGen: 173664K->96K(174080K)] 211044K->37500K(523776K), 0.0011820 secs] [Times: user=0.00 sys=0.00, real=0.00 secs] 
2018-03-19T12:23:52.283+0530: 762.800: [GC (Allocation Failure) [PSYoungGen: 173664K->64K(174080K)] 211068K->37500K(523776K), 0.0013181 secs] [Times: user=0.00 sys=0.00, real=0.00 secs] 
2018-03-19T12:23:52.566+0530: 763.082: [GC (Allocation Failure) [PSYoungGen: 173632K->32K(174080K)] 211068K->37500K(523776K), 0.0012913 secs] [Times: user=0.00 sys=0.00, real=0.00 secs] 
2018-03-19T12:23:52.873+0530: 763.389: [GC (Allocation Failure) [PSYoungGen: 173600K->32K(174080K)] 211068K->37524K(523776K), 0.0010138 secs] [Times: user=0.00 sys=0.00, real=0.00 secs] 
2018-03-19T12:23:53.151+0530: 763.668: [GC (Allocation Failure) [PSYoungGen: 173600K->96K(174080K)] 211092K->37620K(523776K), 0.0011404 secs] [Times: user=0.00 sys=0.00, real=0.00 secs] 
2018-03-19T12:23:53.426+0530: 763.942: [GC (Allocation Failure) [PSYoungGen: 173664K->64K(174080K)] 211188K->37620K(523776K), 0.0010480 secs] [Times: user=0.00 sys=0.00, real=0.00 secs] 
2018-03-19T12:23:53.699+0530: 764.215: [GC (Allocation Failure) [PSYoungGen: 173632K->64K(174080K)] 211188K->37652K(523776K), 0.0011929 secs] [Times: user=0.00 sys=0.00, real=0.00 secs] 
2018-03-19T12:23:53.987+0530: 764.503: [GC (Allocation Failure) [PSYoungGen: 173632K->96K(174080K)] 211220K->37708K(523776K), 0.0011421 secs] [Times: user=0.00 sys=0.00, real=0.00 secs] 
2018-03-19T12:23:54.267+0530: 764.783: [GC (Allocation Failure) [PSYoungGen: 173664K->32K(174080K)] 211276K->37676K(523776K), 0.0009901 secs] [Times: user=0.00 sys=0.00, real=0.00 secs] 
2018-03-19T12:23:54.543+0530: 765.060: [GC (Allocation Failure) [PSYoungGen: 173600K->96K(174080K)] 211244K->37756K(523776K), 0.0010039 secs] [Times: user=0.00 sys=0.00, real=0.00 secs] 
2018-03-19T12:23:54.827+0530: 765.344: [GC (Allocation Failure) [PSYoungGen: 173664K->96K(174080K)] 211324K->37788K(523776K), 0.0011368 secs] [Times: user=0.00 sys=0.00, real=0.00 secs] 
2018-03-19T12:23:55.114+0530: 765.630: [GC (Allocation Failure) [PSYoungGen: 173664K->32K(174080K)] 211356K->37748K(523776K), 0.0012606 secs] [Times: user=0.00 sys=0.00, real=0.00 secs] 
2018-03-19T12:23:55.447+0530: 765.963: [GC (Allocation Failure) [PSYoungGen: 173600K->64K(174080K)] 211316K->37804K(523776K), 0.0012500 secs] [Times: user=0.00 sys=0.00, real=0.00 secs] 
2018-03-19T12:23:55.735+0530: 766.252: [GC (Allocation Failure) [PSYoungGen: 173632K->64K(174080K)] 211372K->37820K(523776K), 0.0015931 secs] [Times: user=0.00 sys=0.00, real=0.00 secs] 
2018-03-19T12:23:56.030+0530: 766.547: [GC (Allocation Failure) [PSYoungGen: 173632K->32K(174080K)] 211388K->37820K(523776K), 0.0012666 secs] [Times: user=0.00 sys=0.00, real=0.00 secs] 
2018-03-19T12:23:56.313+0530: 766.829: [GC (Allocation Failure) [PSYoungGen: 173600K->64K(174080K)] 211388K->37884K(523776K), 0.0011481 secs] [Times: user=0.00 sys=0.00, real=0.00 secs] 
2018-03-19T12:23:56.604+0530: 767.121: [GC (Allocation Failure) [PSYoungGen: 173632K->96K(174080K)] 211452K->37940K(523776K), 0.0011703 secs] [Times: user=0.00 sys=0.00, real=0.00 secs] 
2018-03-19T12:23:56.890+0530: 767.406: [GC (Allocation Failure) [PSYoungGen: 173664K->96K(174080K)] 211508K->37964K(523776K), 0.0011802 secs] [Times: user=0.00 sys=0.00, real=0.00 secs] 
2018-03-19T12:23:57.164+0530: 767.680: [GC (Allocation Failure) [PSYoungGen: 173664K->96K(174080K)] 211532K->37988K(523776K), 0.0005878 secs] [Times: user=0.00 sys=0.00, real=0.00 secs] 
2018-03-19T12:23:57.297+0530: 767.814: [GC (Allocation Failure) [PSYoungGen: 173664K->96K(174080K)] 211556K->38012K(523776K), 0.0007073 secs] [Times: user=0.00 sys=0.00, real=0.00 secs] 
2018-03-19T12:23:57.438+0530: 767.955: [GC (Allocation Failure) [PSYoungGen: 173664K->64K(174080K)] 211580K->37996K(523776K), 0.0007899 secs] [Times: user=0.00 sys=0.00, real=0.00 secs] 
2018-03-19T12:23:57.563+0530: 768.080: [GC (Allocation Failure) [PSYoungGen: 173632K->32K(174080K)] 211564K->37980K(523776K), 0.0007715 secs] [Times: user=0.00 sys=0.00, real=0.00 secs] 
2018-03-19T12:23:57.697+0530: 768.214: [GC (Allocation Failure) [PSYoungGen: 173600K->96K(174080K)] 211548K->38060K(523776K), 0.0007253 secs] [Times: user=0.00 sys=0.00, real=0.00 secs] 
2018-03-19T12:23:57.832+0530: 768.349: [GC (Allocation Failure) [PSYoungGen: 173664K->96K(174080K)] 211628K->38076K(523776K), 0.0008343 secs] [Times: user=0.00 sys=0.00, real=0.00 secs] 
2018-03-19T12:23:58.618+0530: 769.135: [GC (Allocation Failure) [PSYoungGen: 173664K->64K(174080K)] 211644K->38060K(523776K), 0.0007980 secs] [Times: user=0.00 sys=0.00, real=0.00 secs] 
2018-03-19T12:23:58.956+0530: 769.473: [GC (Allocation Failure) [PSYoungGen: 173632K->64K(174080K)] 211628K->38084K(523776K), 0.0009514 secs] [Times: user=0.00 sys=0.00, real=0.00 secs] 
2018-03-19T12:23:59.322+0530: 769.838: [GC (Allocation Failure) [PSYoungGen: 173632K->32K(174080K)] 211652K->38076K(523776K), 0.0006827 secs] [Times: user=0.00 sys=0.00, real=0.00 secs] 
2018-03-19T12:23:59.681+0530: 770.197: [GC (Allocation Failure) [PSYoungGen: 173600K->96K(174080K)] 211644K->38156K(523776K), 0.0008858 secs] [Times: user=0.00 sys=0.02, real=0.00 secs] 
2018-03-19T12:24:00.320+0530: 770.837: [GC (Allocation Failure) [PSYoungGen: 173664K->96K(174080K)] 211724K->38172K(523776K), 0.0006597 secs] [Times: user=0.00 sys=0.00, real=0.00 secs] 
2018-03-19T12:24:00.497+0530: 771.014: [GC (Allocation Failure) [PSYoungGen: 173664K->96K(174080K)] 211740K->38204K(523776K), 0.0005247 secs] [Times: user=0.00 sys=0.00, real=0.00 secs] 
2018-03-19T12:24:00.629+0530: 771.145: [GC (Allocation Failure) [PSYoungGen: 173664K->96K(174080K)] 211772K->38236K(523776K), 0.0005624 secs] [Times: user=0.00 sys=0.00, real=0.00 secs] 
2018-03-19T12:24:00.786+0530: 771.303: [GC (Allocation Failure) [PSYoungGen: 173664K->64K(174080K)] 211804K->38220K(523776K), 0.0006418 secs] [Times: user=0.00 sys=0.00, real=0.00 secs] 
2018-03-19T12:24:01.130+0530: 771.647: [GC (Allocation Failure) [PSYoungGen: 173632K->96K(174080K)] 211788K->38268K(523776K), 0.0007063 secs] [Times: user=0.00 sys=0.00, real=0.00 secs] 
2018-03-19T12:24:01.336+0530: 771.852: [GC (Allocation Failure) [PSYoungGen: 173664K->32K(174080K)] 211836K->38220K(523776K), 1854.6654272 secs] [Times: user=0.00 sys=0.00, real=1850.47 secs] 
2018-03-19T12:54:52.382+0530: 2627.484: [GC (Allocation Failure) [PSYoungGen: 173600K->32K(174080K)] 211788K->38236K(523776K), 0.0015392 secs] [Times: user=0.00 sys=0.00, real=0.00 secs] 
2018-03-19T12:54:52.806+0530: 2627.908: [GC (Allocation Failure) [PSYoungGen: 173600K->64K(174080K)] 211804K->38284K(523776K), 0.0007952 secs] [Times: user=0.00 sys=0.00, real=0.00 secs] 
2018-03-19T12:54:55.417+0530: 2630.520: [GC (Allocation Failure) [PSYoungGen: 173632K->96K(174080K)] 211852K->38332K(523776K), 0.0007296 secs] [Times: user=0.00 sys=0.00, real=0.00 secs] 
2018-03-19T12:54:58.580+0530: 2633.683: [GC (Allocation Failure) [PSYoungGen: 173664K->64K(174080K)] 211900K->38316K(523776K), 0.0007306 secs] [Times: user=0.00 sys=0.00, real=0.00 secs] 
2018-03-19T12:54:58.919+0530: 2634.023: [GC (Allocation Failure) [PSYoungGen: 173632K->64K(174080K)] 211884K->38332K(523776K), 0.0006922 secs] [Times: user=0.00 sys=0.00, real=0.00 secs] 
2018-03-19T12:54:59.155+0530: 2634.258: [GC (Allocation Failure) [PSYoungGen: 173632K->96K(174080K)] 211900K->38396K(523776K), 0.0006703 secs] [Times: user=0.00 sys=0.00, real=0.00 secs] 
2018-03-19T12:54:59.428+0530: 2634.531: [GC (Allocation Failure) [PSYoungGen: 173664K->96K(174080K)] 211964K->38412K(523776K), 0.0007793 secs] [Times: user=0.00 sys=0.00, real=0.00 secs] 
2018-03-19T12:54:59.673+0530: 2634.776: [GC (Allocation Failure) [PSYoungGen: 173664K->64K(174080K)] 211980K->38404K(523776K), 0.0007031 secs] [Times: user=0.00 sys=0.00, real=0.00 secs] 
2018-03-19T12:54:59.906+0530: 2635.009: [GC (Allocation Failure) [PSYoungGen: 173632K->96K(174080K)] 211972K->38468K(523776K), 0.0005600 secs] [Times: user=0.00 sys=0.00, real=0.00 secs] 
2018-03-19T12:55:00.099+0530: 2635.202: [GC (Allocation Failure) [PSYoungGen: 173664K->96K(174080K)] 212036K->38500K(523776K), 0.0005508 secs] [Times: user=0.00 sys=0.00, real=0.00 secs] 
2018-03-19T12:55:00.237+0530: 2635.340: [GC (Allocation Failure) [PSYoungGen: 173664K->64K(174080K)] 212068K->38492K(523776K), 0.0006093 secs] [Times: user=0.00 sys=0.00, real=0.00 secs] 
2018-03-19T12:55:00.382+0530: 2635.485: [GC (Allocation Failure) [PSYoungGen: 173632K->128K(174080K)] 212060K->38580K(523776K), 0.0005325 secs] [Times: user=0.00 sys=0.00, real=0.00 secs] 
2018-03-19T12:55:00.652+0530: 2635.755: [GC (Allocation Failure) [PSYoungGen: 173696K->64K(174080K)] 212148K->38532K(523776K), 0.0008671 secs] [Times: user=0.00 sys=0.00, real=0.00 secs] 
2018-03-19T12:55:01.044+0530: 2636.147: [GC (Allocation Failure) [PSYoungGen: 173632K->64K(174080K)] 212100K->38556K(523776K), 0.0006788 secs] [Times: user=0.00 sys=0.00, real=0.00 secs] 
2018-03-19T12:55:01.247+0530: 2636.349: [GC (Allocation Failure) [PSYoungGen: 173632K->96K(174080K)] 212124K->38604K(523776K), 0.0005501 secs] [Times: user=0.00 sys=0.00, real=0.00 secs] 
2018-03-19T12:55:01.394+0530: 2636.498: [GC (Allocation Failure) [PSYoungGen: 173664K->128K(174080K)] 212172K->38652K(523776K), 0.0005920 secs] [Times: user=0.00 sys=0.00, real=0.00 secs] 
2018-03-19T12:55:01.616+0530: 2636.719: [GC (Allocation Failure) [PSYoungGen: 173696K->64K(174080K)] 212220K->38604K(523776K), 0.0008851 secs] [Times: user=0.00 sys=0.00, real=0.00 secs] 
2018-03-19T12:55:01.755+0530: 2636.858: [GC (Allocation Failure) [PSYoungGen: 173632K->96K(174080K)] 212172K->38660K(523776K), 0.0006999 secs] [Times: user=0.00 sys=0.00, real=0.00 secs] 
2018-03-19T12:55:01.885+0530: 2636.988: [GC (Allocation Failure) [PSYoungGen: 173664K->64K(174080K)] 212228K->38660K(523776K), 0.0005628 secs] [Times: user=0.00 sys=0.00, real=0.00 secs] 
2018-03-19T12:55:02.016+0530: 2637.119: [GC (Allocation Failure) [PSYoungGen: 173632K->64K(174080K)] 212228K->38692K(523776K), 0.0006280 secs] [Times: user=0.00 sys=0.00, real=0.00 secs] 
2018-03-19T12:55:02.145+0530: 2637.248: [GC (Allocation Failure) [PSYoungGen: 173632K->96K(174080K)] 212260K->38756K(523776K), 0.0005882 secs] [Times: user=0.00 sys=0.00, real=0.00 secs] 
2018-03-19T12:55:02.270+0530: 2637.373: [GC (Allocation Failure) [PSYoungGen: 173664K->64K(174080K)] 212324K->38756K(523776K), 0.0007017 secs] [Times: user=0.00 sys=0.00, real=0.00 secs] 
2018-03-19T12:55:02.406+0530: 2637.509: [GC (Allocation Failure) [PSYoungGen: 173632K->96K(174080K)] 212324K->38804K(523776K), 0.0005973 secs] [Times: user=0.00 sys=0.00, real=0.00 secs] 
2018-03-19T12:55:02.541+0530: 2637.644: [GC (Allocation Failure) [PSYoungGen: 173664K->96K(174080K)] 212372K->38828K(523776K), 0.0005384 secs] [Times: user=0.00 sys=0.00, real=0.00 secs] 
2018-03-19T12:55:02.672+0530: 2637.774: [GC (Allocation Failure) [PSYoungGen: 173664K->64K(174080K)] 212396K->38828K(523776K), 0.0007825 secs] [Times: user=0.00 sys=0.00, real=0.00 secs] 
2018-03-19T12:55:02.803+0530: 2637.906: [GC (Allocation Failure) [PSYoungGen: 173632K->32K(174080K)] 212396K->38828K(523776K), 0.0005737 secs] [Times: user=0.00 sys=0.00, real=0.00 secs] 
2018-03-19T12:55:02.953+0530: 2638.056: [GC (Allocation Failure) [PSYoungGen: 173600K->64K(174080K)] 212396K->38892K(523776K), 0.0005822 secs] [Times: user=0.00 sys=0.00, real=0.00 secs] 
2018-03-19T12:55:03.101+0530: 2638.204: [GC (Allocation Failure) [PSYoungGen: 173632K->32K(174080K)] 212460K->38884K(523776K), 0.0006449 secs] [Times: user=0.00 sys=0.00, real=0.00 secs] 
2018-03-19T12:55:03.228+0530: 2638.331: [GC (Allocation Failure) [PSYoungGen: 173600K->96K(174080K)] 212452K->38972K(523776K), 0.0005723 secs] [Times: user=0.00 sys=0.00, real=0.00 secs] 
2018-03-19T12:55:03.354+0530: 2638.457: [GC (Allocation Failure) [PSYoungGen: 173664K->64K(174080K)] 212540K->38972K(523776K), 0.0007264 secs] [Times: user=0.00 sys=0.00, real=0.00 secs] 
2018-03-19T12:55:03.480+0530: 2638.583: [GC (Allocation Failure) [PSYoungGen: 173632K->64K(174080K)] 212540K->39004K(523776K), 0.0006291 secs] [Times: user=0.00 sys=0.00, real=0.00 secs] 
2018-03-19T12:55:03.621+0530: 2638.724: [GC (Allocation Failure) [PSYoungGen: 173632K->96K(174080K)] 212572K->39068K(523776K), 0.0006950 secs] [Times: user=0.00 sys=0.00, real=0.00 secs] 
2018-03-19T12:55:03.747+0530: 2638.850: [GC (Allocation Failure) [PSYoungGen: 173664K->96K(174080K)] 212636K->39100K(523776K), 0.0006255 secs] [Times: user=0.00 sys=0.00, real=0.00 secs] 
2018-03-19T12:55:03.875+0530: 2638.978: [GC (Allocation Failure) [PSYoungGen: 173664K->32K(174080K)] 212668K->39068K(523776K), 0.0005617 secs] [Times: user=0.00 sys=0.00, real=0.00 secs] 
2018-03-19T12:55:04.004+0530: 2639.107: [GC (Allocation Failure) [PSYoungGen: 173600K->96K(174080K)] 212636K->39164K(523776K), 0.0006058 secs] [Times: user=0.00 sys=0.00, real=0.00 secs] 
2018-03-19T12:55:04.142+0530: 2639.246: [GC (Allocation Failure) [PSYoungGen: 173664K->96K(174080K)] 212732K->39196K(523776K), 0.0006467 secs] [Times: user=0.00 sys=0.00, real=0.00 secs] 
2018-03-19T12:55:04.268+0530: 2639.371: [GC (Allocation Failure) [PSYoungGen: 173664K->96K(174080K)] 212764K->39228K(523776K), 0.0005913 secs] [Times: user=0.00 sys=0.00, real=0.00 secs] 
2018-03-19T12:55:04.393+0530: 2639.495: [GC (Allocation Failure) [PSYoungGen: 173664K->96K(174080K)] 212796K->39260K(523776K), 0.0005568 secs] [Times: user=0.00 sys=0.00, real=0.00 secs] 
2018-03-19T12:55:04.538+0530: 2639.641: [GC (Allocation Failure) [PSYoungGen: 173664K->64K(174080K)] 212828K->39244K(523776K), 0.0006111 secs] [Times: user=0.00 sys=0.00, real=0.00 secs] 
2018-03-19T12:55:04.678+0530: 2639.780: [GC (Allocation Failure) [PSYoungGen: 173632K->96K(174080K)] 212812K->39300K(523776K), 0.0006576 secs] [Times: user=0.00 sys=0.00, real=0.00 secs] 
2018-03-19T12:55:04.825+0530: 2639.928: [GC (Allocation Failure) [PSYoungGen: 173664K->64K(174080K)] 212868K->39300K(523776K), 0.0007222 secs] [Times: user=0.00 sys=0.00, real=0.00 secs] 
2018-03-19T12:55:04.957+0530: 2640.059: [GC (Allocation Failure) [PSYoungGen: 173632K->96K(174080K)] 212868K->39356K(523776K), 0.0005850 secs] [Times: user=0.00 sys=0.00, real=0.00 secs] 
2018-03-19T12:55:05.081+0530: 2640.184: [GC (Allocation Failure) [PSYoungGen: 173664K->96K(174080K)] 212924K->39380K(523776K), 0.0007042 secs] [Times: user=0.00 sys=0.00, real=0.00 secs] 
2018-03-19T12:55:05.209+0530: 2640.312: [GC (Allocation Failure) [PSYoungGen: 173664K->64K(174080K)] 212948K->39364K(523776K), 0.0005592 secs] [Times: user=0.00 sys=0.00, real=0.00 secs] 
2018-03-19T12:55:05.334+0530: 2640.437: [GC (Allocation Failure) [PSYoungGen: 173632K->64K(174080K)] 212932K->39396K(523776K), 0.0007077 secs] [Times: user=0.00 sys=0.00, real=0.00 secs] 
2018-03-19T12:55:05.459+0530: 2640.561: [GC (Allocation Failure) [PSYoungGen: 173632K->96K(174080K)] 212964K->39452K(523776K), 0.0005913 secs] [Times: user=0.00 sys=0.00, real=0.00 secs] 
2018-03-19T12:55:05.945+0530: 2641.048: [GC (Allocation Failure) [PSYoungGen: 173664K->96K(174080K)] 213020K->39476K(523776K), 0.0006985 secs] [Times: user=0.00 sys=0.00, real=0.00 secs] 
2018-03-19T12:55:06.181+0530: 2641.284: [GC (Allocation Failure) [PSYoungGen: 173664K->96K(174080K)] 213044K->39500K(523776K), 0.0006545 secs] [Times: user=0.00 sys=0.00, real=0.00 secs] 
2018-03-19T12:55:06.314+0530: 2641.417: [GC (Allocation Failure) [PSYoungGen: 173664K->96K(174080K)] 213068K->39532K(523776K), 0.0006428 secs] [Times: user=0.00 sys=0.00, real=0.00 secs] 
2018-03-19T12:55:06.459+0530: 2641.562: [GC (Allocation Failure) [PSYoungGen: 173664K->64K(174080K)] 213100K->39516K(523776K), 0.0005966 secs] [Times: user=0.00 sys=0.00, real=0.00 secs] 
2018-03-19T12:55:06.606+0530: 2641.709: [GC (Allocation Failure) [PSYoungGen: 173632K->96K(174080K)] 213084K->39572K(523776K), 0.0007458 secs] [Times: user=0.00 sys=0.00, real=0.00 secs] 
2018-03-19T12:55:06.763+0530: 2641.866: [GC (Allocation Failure) [PSYoungGen: 173664K->64K(174080K)] 213140K->39572K(523776K), 0.0006002 secs] [Times: user=0.00 sys=0.00, real=0.00 secs] 
2018-03-19T12:55:06.902+0530: 2642.005: [GC (Allocation Failure) [PSYoungGen: 173632K->96K(174080K)] 213140K->39620K(523776K), 0.0006365 secs] [Times: user=0.00 sys=0.00, real=0.00 secs] 
2018-03-19T12:55:07.032+0530: 2642.136: [GC (Allocation Failure) [PSYoungGen: 173664K->96K(174080K)] 213188K->39652K(523776K), 0.0006139 secs] [Times: user=0.00 sys=0.00, real=0.00 secs] 
2018-03-19T12:55:07.168+0530: 2642.271: [GC (Allocation Failure) [PSYoungGen: 173664K->96K(174080K)] 213220K->39684K(523776K), 0.0005723 secs] [Times: user=0.00 sys=0.00, real=0.00 secs] 
2018-03-19T12:55:07.302+0530: 2642.405: [GC (Allocation Failure) [PSYoungGen: 173664K->96K(174080K)] 213252K->39716K(523776K), 0.0005790 secs] [Times: user=0.00 sys=0.00, real=0.00 secs] 
2018-03-19T12:55:07.433+0530: 2642.536: [GC (Allocation Failure) [PSYoungGen: 173664K->96K(174080K)] 213284K->39740K(523776K), 0.0005684 secs] [Times: user=0.00 sys=0.00, real=0.00 secs] 
2018-03-19T12:55:07.599+0530: 2642.702: [GC (Allocation Failure) [PSYoungGen: 173664K->96K(174080K)] 213308K->39756K(523776K), 0.0007761 secs] [Times: user=0.00 sys=0.00, real=0.00 secs] 
2018-03-19T12:55:07.770+0530: 2642.873: [GC (Allocation Failure) [PSYoungGen: 173664K->96K(174080K)] 213324K->39772K(523776K), 0.0005339 secs] [Times: user=0.00 sys=0.00, real=0.00 secs] 
2018-03-19T12:55:07.902+0530: 2643.005: [GC (Allocation Failure) [PSYoungGen: 173664K->96K(174080K)] 213340K->39804K(523776K), 0.0006365 secs] [Times: user=0.00 sys=0.00, real=0.00 secs] 
2018-03-19T12:55:08.038+0530: 2643.140: [GC (Allocation Failure) [PSYoungGen: 173664K->96K(174080K)] 213372K->39828K(523776K), 0.0006195 secs] [Times: user=0.00 sys=0.00, real=0.00 secs] 
2018-03-19T12:55:08.165+0530: 2643.268: [GC (Allocation Failure) [PSYoungGen: 173664K->64K(174080K)] 213396K->39812K(523776K), 0.0006615 secs] [Times: user=0.00 sys=0.00, real=0.00 secs] 
2018-03-19T12:55:08.465+0530: 2643.569: [GC (Allocation Failure) [PSYoungGen: 173632K->64K(174080K)] 213380K->39828K(523776K), 0.0010335 secs] [Times: user=0.00 sys=0.00, real=0.00 secs] 
2018-03-19T12:55:08.897+0530: 2644.000: [GC (Allocation Failure) [PSYoungGen: 173632K->96K(174080K)] 213396K->39876K(523776K), 0.0005042 secs] [Times: user=0.00 sys=0.00, real=0.00 secs] 
2018-03-19T12:55:09.026+0530: 2644.129: [GC (Allocation Failure) [PSYoungGen: 173664K->64K(174080K)] 213444K->39876K(523776K), 0.0005927 secs] [Times: user=0.00 sys=0.00, real=0.00 secs] 
2018-03-19T12:55:09.159+0530: 2644.262: [GC (Allocation Failure) [PSYoungGen: 173632K->96K(174080K)] 213444K->39940K(523776K), 0.0006664 secs] [Times: user=0.00 sys=0.00, real=0.00 secs] 
2018-03-19T12:55:09.289+0530: 2644.391: [GC (Allocation Failure) [PSYoungGen: 173664K->96K(174080K)] 213508K->39964K(523776K), 0.0005935 secs] [Times: user=0.00 sys=0.00, real=0.00 secs] 
2018-03-19T12:55:09.510+0530: 2644.613: [GC (Allocation Failure) [PSYoungGen: 173664K->64K(174080K)] 213532K->39956K(523776K), 0.0005709 secs] [Times: user=0.00 sys=0.00, real=0.00 secs] 
2018-03-19T12:55:09.928+0530: 2645.031: [GC (Allocation Failure) [PSYoungGen: 173632K->96K(174080K)] 213524K->40004K(523776K), 0.0007176 secs] [Times: user=0.00 sys=0.00, real=0.00 secs] 
2018-03-19T12:55:10.122+0530: 2645.225: [GC (Allocation Failure) [PSYoungGen: 173664K->96K(174080K)] 213572K->40036K(523776K), 0.0005755 secs] [Times: user=0.00 sys=0.00, real=0.00 secs] 
2018-03-19T12:55:10.424+0530: 2645.526: [GC (Allocation Failure) [PSYoungGen: 173664K->32K(174080K)] 213604K->39988K(523776K), 0.0015547 secs] [Times: user=0.00 sys=0.00, real=0.00 secs] 
2018-03-19T12:55:10.758+0530: 2645.861: [GC (Allocation Failure) [PSYoungGen: 173600K->96K(174080K)] 213556K->40068K(523776K), 0.0008784 secs] [Times: user=0.00 sys=0.00, real=0.00 secs] 
2018-03-19T12:55:10.956+0530: 2646.059: [GC (Allocation Failure) [PSYoungGen: 173664K->64K(174080K)] 213636K->40052K(523776K), 0.0007726 secs] [Times: user=0.00 sys=0.00, real=0.00 secs] 
2018-03-19T12:55:11.176+0530: 2646.279: [GC (Allocation Failure) [PSYoungGen: 173632K->32K(174080K)] 213620K->40036K(523776K), 0.0009052 secs] [Times: user=0.00 sys=0.00, real=0.00 secs] 
2018-03-19T12:55:11.398+0530: 2646.502: [GC (Allocation Failure) [PSYoungGen: 173600K->32K(174080K)] 213604K->40052K(523776K), 0.0009390 secs] [Times: user=0.00 sys=0.00, real=0.00 secs] 
2018-03-19T12:55:12.293+0530: 2647.396: [GC (Allocation Failure) [PSYoungGen: 173600K->32K(174080K)] 213620K->40076K(523776K), 0.0007588 secs] [Times: user=0.00 sys=0.00, real=0.00 secs] 
2018-03-19T12:55:12.438+0530: 2647.540: [GC (Allocation Failure) [PSYoungGen: 173600K->96K(174080K)] 213644K->40172K(523776K), 0.0005388 secs] [Times: user=0.00 sys=0.00, real=0.00 secs] 
2018-03-19T12:55:12.567+0530: 2647.670: [GC (Allocation Failure) [PSYoungGen: 173664K->64K(174080K)] 213740K->40164K(523776K), 0.0005526 secs] [Times: user=0.00 sys=0.00, real=0.00 secs] 
2018-03-19T12:55:12.693+0530: 2647.796: [GC (Allocation Failure) [PSYoungGen: 173632K->64K(174080K)] 213732K->40188K(523776K), 0.0006583 secs] [Times: user=0.00 sys=0.00, real=0.00 secs] 
2018-03-19T12:55:12.823+0530: 2647.926: [GC (Allocation Failure) [PSYoungGen: 173632K->96K(174080K)] 213756K->40252K(523776K), 0.0005822 secs] [Times: user=0.00 sys=0.00, real=0.00 secs] 
2018-03-19T12:55:12.948+0530: 2648.050: [GC (Allocation Failure) [PSYoungGen: 173664K->32K(174080K)] 213820K->40212K(523776K), 0.0005726 secs] [Times: user=0.00 sys=0.00, real=0.00 secs] 
2018-03-19T12:55:13.073+0530: 2648.176: [GC (Allocation Failure) [PSYoungGen: 173600K->96K(174080K)] 213780K->40300K(523776K), 0.0005994 secs] [Times: user=0.00 sys=0.00, real=0.00 secs] 
2018-03-19T12:55:13.198+0530: 2648.300: [GC (Allocation Failure) [PSYoungGen: 173664K->96K(174080K)] 213868K->40324K(523776K), 0.0005712 secs] [Times: user=0.00 sys=0.00, real=0.00 secs] 
2018-03-19T12:55:13.324+0530: 2648.428: [GC (Allocation Failure) [PSYoungGen: 173664K->64K(174080K)] 213892K->40316K(523776K), 0.0007669 secs] [Times: user=0.00 sys=0.00, real=0.00 secs] 
2018-03-19T12:55:13.456+0530: 2648.558: [GC (Allocation Failure) [PSYoungGen: 173632K->64K(174080K)] 213884K->40348K(523776K), 0.0006463 secs] [Times: user=0.00 sys=0.00, real=0.00 secs] 
2018-03-19T12:55:13.625+0530: 2648.728: [GC (Allocation Failure) [PSYoungGen: 173632K->64K(174080K)] 213916K->40372K(523776K), 0.0006883 secs] [Times: user=0.00 sys=0.00, real=0.00 secs] 
2018-03-19T12:55:13.764+0530: 2648.867: [GC (Allocation Failure) [PSYoungGen: 173632K->64K(174080K)] 213940K->40388K(523776K), 0.0005631 secs] [Times: user=0.00 sys=0.00, real=0.00 secs] 
2018-03-19T12:55:13.902+0530: 2649.005: [GC (Allocation Failure) [PSYoungGen: 173632K->64K(174080K)] 213956K->40412K(523776K), 0.0005427 secs] [Times: user=0.00 sys=0.00, real=0.00 secs] 
2018-03-19T12:55:14.036+0530: 2649.139: [GC (Allocation Failure) [PSYoungGen: 173632K->96K(174080K)] 213980K->40468K(523776K), 0.0005363 secs] [Times: user=0.00 sys=0.00, real=0.00 secs] 
2018-03-19T12:55:14.176+0530: 2649.279: [GC (Allocation Failure) [PSYoungGen: 173664K->96K(174080K)] 214036K->40500K(523776K), 0.0005765 secs] [Times: user=0.00 sys=0.00, real=0.00 secs] 
2018-03-19T12:55:14.305+0530: 2649.408: [GC (Allocation Failure) [PSYoungGen: 173664K->64K(174080K)] 214068K->40492K(523776K), 0.0006703 secs] [Times: user=0.02 sys=0.00, real=0.00 secs] 
2018-03-19T12:55:14.449+0530: 2649.552: [GC (Allocation Failure) [PSYoungGen: 173632K->96K(174080K)] 214060K->40540K(523776K), 0.0007257 secs] [Times: user=0.00 sys=0.00, real=0.00 secs] 
2018-03-19T12:55:14.611+0530: 2649.714: [GC (Allocation Failure) [PSYoungGen: 173664K->64K(174080K)] 214108K->40540K(523776K), 0.0006767 secs] [Times: user=0.00 sys=0.00, real=0.00 secs] 
2018-03-19T12:55:14.742+0530: 2649.845: [GC (Allocation Failure) [PSYoungGen: 173632K->64K(174080K)] 214108K->40572K(523776K), 0.0005987 secs] [Times: user=0.00 sys=0.00, real=0.00 secs] 
2018-03-19T12:55:14.875+0530: 2649.977: [GC (Allocation Failure) [PSYoungGen: 173632K->96K(174080K)] 214140K->40628K(523776K), 0.0005920 secs] [Times: user=0.00 sys=0.00, real=0.00 secs] 
2018-03-19T12:55:15.002+0530: 2650.105: [GC (Allocation Failure) [PSYoungGen: 173664K->96K(174080K)] 214196K->40652K(523776K), 0.0005864 secs] [Times: user=0.00 sys=0.00, real=0.00 secs] 
2018-03-19T12:55:15.129+0530: 2650.232: [GC (Allocation Failure) [PSYoungGen: 173664K->96K(174080K)] 214220K->40684K(523776K), 0.0006280 secs] [Times: user=0.00 sys=0.00, real=0.00 secs] 
2018-03-19T12:55:15.258+0530: 2650.361: [GC (Allocation Failure) [PSYoungGen: 173664K->96K(174080K)] 214252K->40716K(523776K), 0.0006791 secs] [Times: user=0.00 sys=0.00, real=0.00 secs] 
2018-03-19T12:55:15.393+0530: 2650.496: [GC (Allocation Failure) [PSYoungGen: 173664K->96K(174080K)] 214284K->40740K(523776K), 0.0006679 secs] [Times: user=0.00 sys=0.00, real=0.00 secs] 
2018-03-19T12:55:15.526+0530: 2650.629: [GC (Allocation Failure) [PSYoungGen: 173664K->96K(174080K)] 214308K->40772K(523776K), 0.0005631 secs] [Times: user=0.00 sys=0.00, real=0.00 secs] 
2018-03-19T12:55:15.668+0530: 2650.771: [GC (Allocation Failure) [PSYoungGen: 173664K->128K(174080K)] 214340K->40828K(523776K), 0.0005688 secs] [Times: user=0.00 sys=0.00, real=0.00 secs] 
2018-03-19T12:55:15.798+0530: 2650.901: [GC (Allocation Failure) [PSYoungGen: 173696K->96K(174080K)] 214396K->40820K(523776K), 0.0005723 secs] [Times: user=0.00 sys=0.00, real=0.00 secs] 
2018-03-19T12:55:15.932+0530: 2651.035: [GC (Allocation Failure) [PSYoungGen: 173664K->64K(174080K)] 214388K->40820K(523776K), 0.0005797 secs] [Times: user=0.00 sys=0.00, real=0.00 secs] 
2018-03-19T12:55:16.056+0530: 2651.159: [GC (Allocation Failure) [PSYoungGen: 173632K->64K(174080K)] 214388K->40852K(523776K), 0.0006238 secs] [Times: user=0.00 sys=0.00, real=0.00 secs] 
2018-03-19T12:55:16.182+0530: 2651.285: [GC (Allocation Failure) [PSYoungGen: 173632K->96K(174080K)] 214420K->40900K(523776K), 0.0005793 secs] [Times: user=0.00 sys=0.00, real=0.00 secs] 
2018-03-19T12:55:16.314+0530: 2651.417: [GC (Allocation Failure) [PSYoungGen: 173664K->32K(174080K)] 214468K->40860K(523776K), 0.0008600 secs] [Times: user=0.00 sys=0.00, real=0.00 secs] 
2018-03-19T12:55:16.448+0530: 2651.550: [GC (Allocation Failure) [PSYoungGen: 173600K->96K(174080K)] 214428K->40948K(523776K), 0.0006132 secs] [Times: user=0.00 sys=0.00, real=0.00 secs] 
2018-03-19T12:55:16.593+0530: 2651.696: [GC (Allocation Failure) [PSYoungGen: 173664K->96K(174080K)] 214516K->40964K(523776K), 0.0005762 secs] [Times: user=0.00 sys=0.00, real=0.00 secs] 
2018-03-19T12:55:16.728+0530: 2651.831: [GC (Allocation Failure) [PSYoungGen: 173664K->64K(174080K)] 214532K->40964K(523776K), 0.0007810 secs] [Times: user=0.00 sys=0.00, real=0.00 secs] 
2018-03-19T12:55:16.859+0530: 2651.962: [GC (Allocation Failure) [PSYoungGen: 173632K->96K(174080K)] 214532K->41012K(523776K), 0.0005853 secs] [Times: user=0.00 sys=0.00, real=0.00 secs] 
2018-03-19T12:55:17.004+0530: 2652.108: [GC (Allocation Failure) [PSYoungGen: 173664K->64K(174080K)] 214580K->41012K(523776K), 0.0005755 secs] [Times: user=0.00 sys=0.00, real=0.00 secs] 
2018-03-19T12:55:17.142+0530: 2652.245: [GC (Allocation Failure) [PSYoungGen: 173632K->32K(174080K)] 214580K->41012K(523776K), 0.0006724 secs] [Times: user=0.00 sys=0.00, real=0.00 secs] 
2018-03-19T12:55:17.279+0530: 2652.383: [GC (Allocation Failure) [PSYoungGen: 173600K->64K(174080K)] 214580K->41068K(523776K), 0.0006992 secs] [Times: user=0.00 sys=0.00, real=0.00 secs] 
2018-03-19T12:55:17.412+0530: 2652.515: [GC (Allocation Failure) [PSYoungGen: 173632K->96K(174080K)] 214636K->41124K(523776K), 0.0006351 secs] [Times: user=0.00 sys=0.00, real=0.00 secs] 
2018-03-19T12:55:17.544+0530: 2652.647: [GC (Allocation Failure) [PSYoungGen: 173664K->96K(174080K)] 214692K->41148K(523776K), 0.0005801 secs] [Times: user=0.00 sys=0.00, real=0.00 secs] 
2018-03-19T12:55:17.672+0530: 2652.774: [GC (Allocation Failure) [PSYoungGen: 173664K->96K(174080K)] 214716K->41172K(523776K), 0.0006894 secs] [Times: user=0.00 sys=0.00, real=0.00 secs] 
2018-03-19T12:55:17.812+0530: 2652.915: [GC (Allocation Failure) [PSYoungGen: 173664K->64K(174080K)] 214740K->41172K(523776K), 0.0006132 secs] [Times: user=0.00 sys=0.00, real=0.00 secs] 
2018-03-19T12:55:18.111+0530: 2653.214: [GC (Allocation Failure) [PSYoungGen: 173632K->96K(174080K)] 214740K->41236K(523776K), 0.0006855 secs] [Times: user=0.00 sys=0.00, real=0.00 secs] 
2018-03-19T12:55:18.448+0530: 2653.551: [GC (Allocation Failure) [PSYoungGen: 173664K->64K(174080K)] 214804K->41220K(523776K), 0.0009930 secs] [Times: user=0.00 sys=0.00, real=0.00 secs] 
2018-03-19T12:55:19.180+0530: 2654.283: [GC (Allocation Failure) [PSYoungGen: 173632K->64K(174080K)] 214788K->41236K(523776K), 0.0005868 secs] [Times: user=0.05 sys=0.00, real=0.00 secs] 
2018-03-19T12:55:19.663+0530: 2654.766: [GC (Allocation Failure) [PSYoungGen: 173632K->96K(174080K)] 214804K->41284K(523776K), 0.0005480 secs] [Times: user=0.00 sys=0.00, real=0.00 secs] 
2018-03-19T12:55:20.108+0530: 2655.211: [GC (Allocation Failure) [PSYoungGen: 173664K->32K(174080K)] 214852K->41236K(523776K), 0.0008932 secs] [Times: user=0.00 sys=0.00, real=0.00 secs] 
2018-03-19T12:55:20.415+0530: 2655.518: [GC (Allocation Failure) [PSYoungGen: 173600K->96K(174080K)] 214804K->41324K(523776K), 0.0005571 secs] [Times: user=0.00 sys=0.00, real=0.00 secs] 
2018-03-19T12:55:20.788+0530: 2655.891: [GC (Allocation Failure) [PSYoungGen: 173664K->96K(174080K)] 214892K->41356K(523776K), 0.0006629 secs] [Times: user=0.00 sys=0.00, real=0.00 secs] 
2018-03-19T12:55:20.993+0530: 2656.095: [GC (Allocation Failure) [PSYoungGen: 173664K->96K(174080K)] 214924K->41380K(523776K), 0.0006347 secs] [Times: user=0.00 sys=0.00, real=0.00 secs] 
2018-03-19T12:55:21.923+0530: 2657.026: [GC (Allocation Failure) [PSYoungGen: 173664K->96K(174080K)] 214948K->41412K(523776K), 0.0005991 secs] [Times: user=0.00 sys=0.00, real=0.00 secs] 
2018-03-19T12:55:22.095+0530: 2657.198: [GC (Allocation Failure) [PSYoungGen: 173664K->96K(174080K)] 214980K->41444K(523776K), 0.0007179 secs] [Times: user=0.00 sys=0.00, real=0.00 secs] 
2018-03-19T12:55:22.512+0530: 2657.615: [GC (Allocation Failure) [PSYoungGen: 173664K->96K(174080K)] 215012K->41460K(523776K), 0.0007426 secs] [Times: user=0.00 sys=0.00, real=0.00 secs] 
2018-03-19T12:55:22.706+0530: 2657.808: [GC (Allocation Failure) [PSYoungGen: 173664K->96K(174080K)] 215028K->41476K(523776K), 0.0006848 secs] [Times: user=0.00 sys=0.00, real=0.00 secs] 
2018-03-19T12:55:23.138+0530: 2658.241: [GC (Allocation Failure) [PSYoungGen: 173664K->64K(174080K)] 215044K->41460K(523776K), 0.0008403 secs] [Times: user=0.00 sys=0.00, real=0.00 secs] 
2018-03-19T12:55:23.472+0530: 2658.575: [GC (Allocation Failure) [PSYoungGen: 173632K->64K(174080K)] 215028K->41476K(523776K), 0.0009499 secs] [Times: user=0.00 sys=0.00, real=0.00 secs] 
2018-03-19T12:55:23.692+0530: 2658.795: [GC (Allocation Failure) [PSYoungGen: 173632K->96K(174080K)] 215044K->41540K(523776K), 0.0005973 secs] [Times: user=0.00 sys=0.00, real=0.00 secs] 
2018-03-19T12:55:23.821+0530: 2658.924: [GC (Allocation Failure) [PSYoungGen: 173664K->64K(174080K)] 215108K->41532K(523776K), 0.0006791 secs] [Times: user=0.00 sys=0.00, real=0.00 secs] 
2018-03-19T12:55:23.952+0530: 2659.055: [GC (Allocation Failure) [PSYoungGen: 173632K->64K(174080K)] 215100K->41564K(523776K), 0.0005677 secs] [Times: user=0.00 sys=0.00, real=0.00 secs] 
2018-03-19T12:55:24.082+0530: 2659.185: [GC (Allocation Failure) [PSYoungGen: 173632K->96K(174080K)] 215132K->41628K(523776K), 0.0005688 secs] [Times: user=0.00 sys=0.00, real=0.00 secs] 
2018-03-19T12:55:24.213+0530: 2659.317: [GC (Allocation Failure) [PSYoungGen: 173664K->96K(174080K)] 215196K->41660K(523776K), 0.0006100 secs] [Times: user=0.00 sys=0.00, real=0.00 secs] 
2018-03-19T12:55:24.360+0530: 2659.463: [GC (Allocation Failure) [PSYoungGen: 173664K->32K(174080K)] 215228K->41620K(523776K), 0.0005730 secs] [Times: user=0.00 sys=0.00, real=0.00 secs] 
2018-03-19T12:55:24.495+0530: 2659.598: [GC (Allocation Failure) [PSYoungGen: 173600K->96K(174080K)] 215188K->41716K(523776K), 0.0006382 secs] [Times: user=0.00 sys=0.00, real=0.00 secs] 
2018-03-19T12:55:24.626+0530: 2659.729: [GC (Allocation Failure) [PSYoungGen: 173664K->96K(174080K)] 215284K->41732K(523776K), 0.0006731 secs] [Times: user=0.00 sys=0.00, real=0.00 secs] 
2018-03-19T12:55:24.757+0530: 2659.860: [GC (Allocation Failure) [PSYoungGen: 173664K->96K(174080K)] 215300K->41756K(523776K), 0.0006633 secs] [Times: user=0.00 sys=0.00, real=0.00 secs] 
2018-03-19T12:55:24.894+0530: 2659.997: [GC (Allocation Failure) [PSYoungGen: 173664K->96K(174080K)] 215324K->41772K(523776K), 0.0006284 secs] [Times: user=0.00 sys=0.00, real=0.00 secs] 
2018-03-19T12:55:25.031+0530: 2660.134: [GC (Allocation Failure) [PSYoungGen: 173664K->64K(174080K)] 215340K->41756K(523776K), 0.0006047 secs] [Times: user=0.00 sys=0.00, real=0.00 secs] 
2018-03-19T12:55:25.165+0530: 2660.268: [GC (Allocation Failure) [PSYoungGen: 173632K->128K(174080K)] 215324K->41844K(523776K), 0.0005571 secs] [Times: user=0.00 sys=0.00, real=0.00 secs] 
2018-03-19T12:55:25.289+0530: 2660.392: [GC (Allocation Failure) [PSYoungGen: 173696K->96K(174080K)] 215412K->41828K(523776K), 0.0005744 secs] [Times: user=0.00 sys=0.00, real=0.00 secs] 
2018-03-19T12:55:25.420+0530: 2660.523: [GC (Allocation Failure) [PSYoungGen: 173664K->64K(174080K)] 215396K->41828K(523776K), 0.0005790 secs] [Times: user=0.00 sys=0.00, real=0.00 secs] 
2018-03-19T12:55:25.557+0530: 2660.660: [GC (Allocation Failure) [PSYoungGen: 173632K->64K(174080K)] 215396K->41852K(523776K), 0.0005589 secs] [Times: user=0.00 sys=0.00, real=0.00 secs] 
2018-03-19T12:55:25.691+0530: 2660.794: [GC (Allocation Failure) [PSYoungGen: 173632K->32K(174080K)] 215420K->41852K(523776K), 0.0005748 secs] [Times: user=0.00 sys=0.00, real=0.00 secs] 
2018-03-19T12:55:25.832+0530: 2660.935: [GC (Allocation Failure) [PSYoungGen: 173600K->64K(174080K)] 215420K->41908K(523776K), 0.0005994 secs] [Times: user=0.00 sys=0.00, real=0.00 secs] 
2018-03-19T12:55:25.971+0530: 2661.074: [GC (Allocation Failure) [PSYoungGen: 173632K->64K(174080K)] 215476K->41940K(523776K), 0.0006069 secs] [Times: user=0.00 sys=0.00, real=0.00 secs] 
2018-03-19T12:55:26.119+0530: 2661.223: [GC (Allocation Failure) [PSYoungGen: 173632K->96K(174080K)] 215508K->42004K(523776K), 0.0006061 secs] [Times: user=0.00 sys=0.00, real=0.00 secs] 
2018-03-19T12:55:26.249+0530: 2661.352: [GC (Allocation Failure) [PSYoungGen: 173664K->96K(174080K)] 215572K->42028K(523776K), 0.0007229 secs] [Times: user=0.00 sys=0.00, real=0.00 secs] 
2018-03-19T12:55:26.377+0530: 2661.480: [GC (Allocation Failure) [PSYoungGen: 173664K->96K(174080K)] 215596K->42052K(523776K), 0.0005889 secs] [Times: user=0.00 sys=0.00, real=0.00 secs] 
2018-03-19T12:55:26.504+0530: 2661.607: [GC (Allocation Failure) [PSYoungGen: 173664K->64K(174080K)] 215620K->42052K(523776K), 0.0007105 secs] [Times: user=0.00 sys=0.00, real=0.00 secs] 
2018-03-19T12:55:26.634+0530: 2661.737: [GC (Allocation Failure) [PSYoungGen: 173632K->96K(174080K)] 215620K->42108K(523776K), 0.0006009 secs] [Times: user=0.00 sys=0.00, real=0.00 secs] 
2018-03-19T12:55:26.760+0530: 2661.862: [GC (Allocation Failure) [PSYoungGen: 173664K->64K(174080K)] 215676K->42108K(523776K), 0.0006583 secs] [Times: user=0.00 sys=0.00, real=0.00 secs] 
2018-03-19T12:55:26.889+0530: 2661.992: [GC (Allocation Failure) [PSYoungGen: 173632K->32K(174080K)] 215676K->42100K(523776K), 0.0005744 secs] [Times: user=0.00 sys=0.00, real=0.00 secs] 
2018-03-19T12:55:27.018+0530: 2662.120: [GC (Allocation Failure) [PSYoungGen: 173600K->64K(174080K)] 215668K->42156K(523776K), 0.0006047 secs] [Times: user=0.00 sys=0.00, real=0.00 secs] 
2018-03-19T12:55:27.148+0530: 2662.251: [GC (Allocation Failure) [PSYoungGen: 173632K->96K(174080K)] 215724K->42212K(523776K), 0.0006714 secs] [Times: user=0.00 sys=0.00, real=0.00 secs] 
2018-03-19T12:55:27.280+0530: 2662.383: [GC (Allocation Failure) [PSYoungGen: 173664K->64K(174080K)] 215780K->42212K(523776K), 0.0007832 secs] [Times: user=0.00 sys=0.00, real=0.00 secs] 
2018-03-19T12:55:27.414+0530: 2662.517: [GC (Allocation Failure) [PSYoungGen: 173632K->64K(174080K)] 215780K->42244K(523776K), 0.0006583 secs] [Times: user=0.00 sys=0.00, real=0.00 secs] 
2018-03-19T12:55:27.556+0530: 2662.659: [GC (Allocation Failure) [PSYoungGen: 173632K->96K(174080K)] 215812K->42300K(523776K), 0.0006396 secs] [Times: user=0.00 sys=0.00, real=0.00 secs] 
2018-03-19T12:55:27.696+0530: 2662.798: [GC (Allocation Failure) [PSYoungGen: 173664K->64K(174080K)] 215868K->42300K(523776K), 0.0005575 secs] [Times: user=0.00 sys=0.00, real=0.00 secs] 
2018-03-19T12:55:27.823+0530: 2662.926: [GC (Allocation Failure) [PSYoungGen: 173632K->96K(174080K)] 215868K->42356K(523776K), 0.0007162 secs] [Times: user=0.00 sys=0.00, real=0.00 secs] 
2018-03-19T12:55:27.954+0530: 2663.057: [GC (Allocation Failure) [PSYoungGen: 173664K->96K(174080K)] 215924K->42388K(523776K), 0.0006072 secs] [Times: user=0.00 sys=0.00, real=0.00 secs] 
2018-03-19T12:55:28.086+0530: 2663.189: [GC (Allocation Failure) [PSYoungGen: 173664K->96K(174080K)] 215956K->42420K(523776K), 0.0005314 secs] [Times: user=0.00 sys=0.00, real=0.00 secs] 
2018-03-19T12:55:28.228+0530: 2663.330: [GC (Allocation Failure) [PSYoungGen: 173664K->96K(174080K)] 215988K->42436K(523776K), 0.0007119 secs] [Times: user=0.00 sys=0.00, real=0.00 secs] 
2018-03-19T12:55:28.366+0530: 2663.468: [GC (Allocation Failure) [PSYoungGen: 173664K->96K(174080K)] 216004K->42452K(523776K), 0.0005607 secs] [Times: user=0.00 sys=0.00, real=0.00 secs] 
2018-03-19T12:55:28.548+0530: 2663.651: [GC (Allocation Failure) [PSYoungGen: 173664K->64K(174080K)] 216020K->42436K(523776K), 0.0006368 secs] [Times: user=0.00 sys=0.00, real=0.00 secs] 
2018-03-19T12:55:28.731+0530: 2663.834: [GC (Allocation Failure) [PSYoungGen: 173632K->96K(174080K)] 216004K->42492K(523776K), 0.0005388 secs] [Times: user=0.00 sys=0.00, real=0.00 secs] 
2018-03-19T12:55:28.948+0530: 2664.051: [GC (Allocation Failure) [PSYoungGen: 173664K->64K(174080K)] 216060K->42476K(523776K), 0.0007317 secs] [Times: user=0.00 sys=0.00, real=0.00 secs] 
2018-03-19T12:55:29.210+0530: 2664.313: [GC (Allocation Failure) [PSYoungGen: 173632K->96K(174080K)] 216044K->42524K(523776K), 0.0008667 secs] [Times: user=0.00 sys=0.00, real=0.00 secs] 
2018-03-19T12:55:29.382+0530: 2664.486: [GC (Allocation Failure) [PSYoungGen: 173664K->64K(174080K)] 216092K->42516K(523776K), 0.0007729 secs] [Times: user=0.00 sys=0.00, real=0.00 secs] 
2018-03-19T12:55:29.536+0530: 2664.639: [GC (Allocation Failure) [PSYoungGen: 173632K->96K(174080K)] 216084K->42564K(523776K), 0.0008646 secs] [Times: user=0.00 sys=0.00, real=0.00 secs] 
2018-03-19T12:55:29.712+0530: 2664.815: [GC (Allocation Failure) [PSYoungGen: 173664K->64K(174080K)] 216132K->42564K(523776K), 0.0006238 secs] [Times: user=0.00 sys=0.00, real=0.00 secs] 
2018-03-19T12:55:29.841+0530: 2664.943: [GC (Allocation Failure) [PSYoungGen: 173632K->96K(174080K)] 216132K->42620K(523776K), 0.0006072 secs] [Times: user=0.00 sys=0.00, real=0.00 secs] 
2018-03-19T12:55:29.970+0530: 2665.074: [GC (Allocation Failure) [PSYoungGen: 173664K->96K(174080K)] 216188K->42644K(523776K), 0.0006382 secs] [Times: user=0.00 sys=0.00, real=0.00 secs] 
2018-03-19T12:55:30.123+0530: 2665.226: [GC (Allocation Failure) [PSYoungGen: 173664K->96K(174080K)] 216212K->42676K(523776K), 0.0005818 secs] [Times: user=0.00 sys=0.00, real=0.00 secs] 
2018-03-19T12:55:30.272+0530: 2665.375: [GC (Allocation Failure) [PSYoungGen: 173664K->96K(174080K)] 216244K->42700K(523776K), 0.0006820 secs] [Times: user=0.00 sys=0.00, real=0.00 secs] 
2018-03-19T12:55:30.420+0530: 2665.524: [GC (Allocation Failure) [PSYoungGen: 173664K->96K(174080K)] 216268K->42724K(523776K), 0.0007042 secs] [Times: user=0.00 sys=0.00, real=0.00 secs] 
2018-03-19T12:55:30.607+0530: 2665.710: [GC (Allocation Failure) [PSYoungGen: 173664K->96K(174080K)] 216292K->42748K(523776K), 0.0006072 secs] [Times: user=0.00 sys=0.00, real=0.00 secs] 
2018-03-19T12:55:30.741+0530: 2665.843: [GC (Allocation Failure) [PSYoungGen: 173664K->96K(174080K)] 216316K->42780K(523776K), 0.0006573 secs] [Times: user=0.00 sys=0.00, real=0.00 secs] 
2018-03-19T12:55:30.948+0530: 2666.051: [GC (Allocation Failure) [PSYoungGen: 173664K->96K(174080K)] 216348K->42804K(523776K), 0.0007144 secs] [Times: user=0.00 sys=0.00, real=0.00 secs] 
2018-03-19T12:55:31.177+0530: 2666.280: [GC (Allocation Failure) [PSYoungGen: 173664K->64K(174080K)] 216372K->42796K(523776K), 0.0005980 secs] [Times: user=0.00 sys=0.00, real=0.00 secs] 
2018-03-19T12:55:31.330+0530: 2666.434: [GC (Allocation Failure) [PSYoungGen: 173632K->96K(174080K)] 216364K->42860K(523776K), 0.0005744 secs] [Times: user=0.00 sys=0.00, real=0.00 secs] 
2018-03-19T12:55:31.462+0530: 2666.565: [GC (Allocation Failure) [PSYoungGen: 173664K->96K(174080K)] 216428K->42884K(523776K), 0.0005966 secs] [Times: user=0.02 sys=0.00, real=0.00 secs] 
2018-03-19T12:55:31.590+0530: 2666.693: [GC (Allocation Failure) [PSYoungGen: 173664K->96K(174080K)] 216452K->42900K(523776K), 0.0006294 secs] [Times: user=0.00 sys=0.00, real=0.00 secs] 
2018-03-19T12:55:31.730+0530: 2666.833: [GC (Allocation Failure) [PSYoungGen: 173664K->96K(174080K)] 216468K->42924K(523776K), 0.0005980 secs] [Times: user=0.00 sys=0.00, real=0.00 secs] 
2018-03-19T12:55:31.859+0530: 2666.961: [GC (Allocation Failure) [PSYoungGen: 173664K->96K(174080K)] 216492K->42956K(523776K), 0.0007486 secs] [Times: user=0.00 sys=0.00, real=0.00 secs] 
2018-03-19T12:55:31.983+0530: 2667.086: [GC (Allocation Failure) [PSYoungGen: 173664K->96K(174080K)] 216524K->42980K(523776K), 0.0006224 secs] [Times: user=0.00 sys=0.00, real=0.00 secs] 
2018-03-19T12:55:32.108+0530: 2667.211: [GC (Allocation Failure) [PSYoungGen: 173664K->64K(174080K)] 216548K->42980K(523776K), 0.0005779 secs] [Times: user=0.00 sys=0.00, real=0.00 secs] 
2018-03-19T12:55:32.239+0530: 2667.341: [GC (Allocation Failure) [PSYoungGen: 173632K->96K(174080K)] 216548K->43036K(523776K), 0.0006118 secs] [Times: user=0.00 sys=0.00, real=0.00 secs] 
2018-03-19T12:55:32.373+0530: 2667.476: [GC (Allocation Failure) [PSYoungGen: 173664K->96K(174080K)] 216604K->43068K(523776K), 0.0005924 secs] [Times: user=0.00 sys=0.00, real=0.00 secs] 
2018-03-19T12:55:32.497+0530: 2667.600: [GC (Allocation Failure) [PSYoungGen: 173664K->96K(174080K)] 216636K->43092K(523776K), 0.0007222 secs] [Times: user=0.00 sys=0.00, real=0.00 secs] 
2018-03-19T12:55:32.622+0530: 2667.725: [GC (Allocation Failure) [PSYoungGen: 173664K->96K(174080K)] 216660K->43124K(523776K), 0.0006862 secs] [Times: user=0.00 sys=0.00, real=0.00 secs] 
2018-03-19T12:55:32.747+0530: 2667.850: [GC (Allocation Failure) [PSYoungGen: 173664K->64K(174080K)] 216692K->43124K(523776K), 0.0007557 secs] [Times: user=0.00 sys=0.00, real=0.00 secs] 
2018-03-19T12:55:32.872+0530: 2667.974: [GC (Allocation Failure) [PSYoungGen: 173632K->64K(174080K)] 216692K->43148K(523776K), 0.0005198 secs] [Times: user=0.00 sys=0.00, real=0.00 secs] 
2018-03-19T12:55:32.995+0530: 2668.098: [GC (Allocation Failure) [PSYoungGen: 173632K->96K(174080K)] 216716K->43204K(523776K), 0.0005674 secs] [Times: user=0.00 sys=0.00, real=0.00 secs] 
2018-03-19T12:55:33.119+0530: 2668.223: [GC (Allocation Failure) [PSYoungGen: 173664K->96K(174080K)] 216772K->43220K(523776K), 0.0005550 secs] [Times: user=0.00 sys=0.00, real=0.00 secs] 
2018-03-19T12:55:33.254+0530: 2668.357: [GC (Allocation Failure) [PSYoungGen: 173664K->96K(174080K)] 216788K->43252K(523776K), 0.0005931 secs] [Times: user=0.00 sys=0.00, real=0.00 secs] 
2018-03-19T12:55:33.405+0530: 2668.508: [GC (Allocation Failure) [PSYoungGen: 173664K->96K(174080K)] 216820K->43276K(523776K), 0.0007715 secs] [Times: user=0.00 sys=0.00, real=0.00 secs] 
2018-03-19T12:55:33.557+0530: 2668.659: [GC (Allocation Failure) [PSYoungGen: 173664K->96K(174080K)] 216844K->43300K(523776K), 0.0008667 secs] [Times: user=0.00 sys=0.00, real=0.00 secs] 
2018-03-19T12:55:33.695+0530: 2668.798: [GC (Allocation Failure) [PSYoungGen: 173664K->32K(174080K)] 216868K->43260K(523776K), 0.0006002 secs] [Times: user=0.00 sys=0.00, real=0.00 secs] 
2018-03-19T12:55:33.830+0530: 2668.932: [GC (Allocation Failure) [PSYoungGen: 173600K->64K(174080K)] 216828K->43324K(523776K), 0.0006633 secs] [Times: user=0.00 sys=0.00, real=0.00 secs] 
2018-03-19T12:55:33.965+0530: 2669.068: [GC (Allocation Failure) [PSYoungGen: 173632K->96K(174080K)] 216892K->43388K(523776K), 0.0005984 secs] [Times: user=0.00 sys=0.00, real=0.00 secs] 
2018-03-19T12:55:34.096+0530: 2669.199: [GC (Allocation Failure) [PSYoungGen: 173664K->32K(174080K)] 216956K->43340K(523776K), 0.0006841 secs] [Times: user=0.00 sys=0.00, real=0.00 secs] 
2018-03-19T12:55:34.274+0530: 2669.377: [GC (Allocation Failure) [PSYoungGen: 173600K->64K(174080K)] 216908K->43396K(523776K), 0.0006294 secs] [Times: user=0.00 sys=0.00, real=0.00 secs] 
2018-03-19T12:55:34.448+0530: 2669.550: [GC (Allocation Failure) [PSYoungGen: 173632K->96K(174080K)] 216964K->43452K(523776K), 0.0006428 secs] [Times: user=0.00 sys=0.00, real=0.00 secs] 
2018-03-19T12:55:34.619+0530: 2669.722: [GC (Allocation Failure) [PSYoungGen: 173664K->64K(174080K)] 217020K->43436K(523776K), 0.0006322 secs] [Times: user=0.00 sys=0.00, real=0.00 secs] 
2018-03-19T12:55:34.752+0530: 2669.855: [GC (Allocation Failure) [PSYoungGen: 173632K->32K(174080K)] 217004K->43436K(523776K), 0.0006925 secs] [Times: user=0.00 sys=0.00, real=0.00 secs] 
2018-03-19T12:55:34.892+0530: 2669.995: [GC (Allocation Failure) [PSYoungGen: 173600K->32K(174080K)] 217004K->43460K(523776K), 0.0010071 secs] [Times: user=0.00 sys=0.00, real=0.00 secs] 
2018-03-19T12:55:35.022+0530: 2670.125: [GC (Allocation Failure) [PSYoungGen: 173600K->32K(174080K)] 217028K->43492K(523776K), 0.0005924 secs] [Times: user=0.00 sys=0.00, real=0.00 secs] 
2018-03-19T12:55:35.160+0530: 2670.263: [GC (Allocation Failure) [PSYoungGen: 173600K->64K(174080K)] 217060K->43548K(523776K), 0.0023516 secs] [Times: user=0.00 sys=0.00, real=0.00 secs] 
2018-03-19T12:55:35.338+0530: 2670.441: [GC (Allocation Failure) [PSYoungGen: 173632K->96K(174080K)] 217116K->43612K(523776K), 0.0007514 secs] [Times: user=0.00 sys=0.00, real=0.00 secs] 
2018-03-19T12:55:35.549+0530: 2670.652: [GC (Allocation Failure) [PSYoungGen: 173664K->96K(174080K)] 217180K->43644K(523776K), 0.0006915 secs] [Times: user=0.00 sys=0.00, real=0.00 secs] 
2018-03-19T12:55:35.692+0530: 2670.795: [GC (Allocation Failure) [PSYoungGen: 173664K->96K(174080K)] 217212K->43668K(523776K), 0.0005949 secs] [Times: user=0.00 sys=0.00, real=0.00 secs] 
2018-03-19T12:55:35.820+0530: 2670.923: [GC (Allocation Failure) [PSYoungGen: 173664K->96K(174080K)] 217236K->43692K(523776K), 0.0007606 secs] [Times: user=0.02 sys=0.00, real=0.00 secs] 
2018-03-19T12:55:35.954+0530: 2671.057: [GC (Allocation Failure) [PSYoungGen: 173664K->32K(174080K)] 217260K->43652K(523776K), 0.0006079 secs] [Times: user=0.00 sys=0.00, real=0.00 secs] 
2018-03-19T12:55:36.084+0530: 2671.186: [GC (Allocation Failure) [PSYoungGen: 173600K->96K(174080K)] 217220K->43740K(523776K), 0.0007578 secs] [Times: user=0.00 sys=0.00, real=0.00 secs] 
2018-03-19T12:55:36.227+0530: 2671.330: [GC (Allocation Failure) [PSYoungGen: 173664K->64K(174080K)] 217308K->43740K(523776K), 0.0007359 secs] [Times: user=0.00 sys=0.00, real=0.00 secs] 
2018-03-19T12:55:36.357+0530: 2671.460: [GC (Allocation Failure) [PSYoungGen: 173632K->32K(174080K)] 217308K->43740K(523776K), 0.0005927 secs] [Times: user=0.00 sys=0.00, real=0.00 secs] 
2018-03-19T12:55:36.484+0530: 2671.587: [GC (Allocation Failure) [PSYoungGen: 173600K->64K(174080K)] 217308K->43804K(523776K), 0.0005868 secs] [Times: user=0.00 sys=0.00, real=0.00 secs] 
2018-03-19T12:55:36.617+0530: 2671.720: [GC (Allocation Failure) [PSYoungGen: 173632K->64K(174080K)] 217372K->43820K(523776K), 0.0007059 secs] [Times: user=0.00 sys=0.00, real=0.00 secs] 
2018-03-19T12:55:36.750+0530: 2671.853: [GC (Allocation Failure) [PSYoungGen: 173632K->96K(174080K)] 217388K->43868K(523776K), 0.0006432 secs] [Times: user=0.00 sys=0.00, real=0.00 secs] 
2018-03-19T12:55:36.882+0530: 2671.985: [GC (Allocation Failure) [PSYoungGen: 173664K->96K(174080K)] 217436K->43900K(523776K), 0.0006400 secs] [Times: user=0.00 sys=0.00, real=0.00 secs] 
2018-03-19T12:55:37.012+0530: 2672.115: [GC (Allocation Failure) [PSYoungGen: 173664K->96K(174080K)] 217468K->43924K(523776K), 0.0006143 secs] [Times: user=0.00 sys=0.00, real=0.00 secs] 
2018-03-19T12:55:37.141+0530: 2672.244: [GC (Allocation Failure) [PSYoungGen: 173664K->32K(174080K)] 217492K->43892K(523776K), 0.0006100 secs] [Times: user=0.00 sys=0.00, real=0.00 secs] 
2018-03-19T12:55:37.271+0530: 2672.373: [GC (Allocation Failure) [PSYoungGen: 173600K->96K(174080K)] 217460K->43980K(523776K), 0.0006012 secs] [Times: user=0.00 sys=0.00, real=0.00 secs] 
2018-03-19T12:55:37.400+0530: 2672.502: [GC (Allocation Failure) [PSYoungGen: 173664K->96K(174080K)] 217548K->44004K(523776K), 0.0005801 secs] [Times: user=0.00 sys=0.00, real=0.00 secs] 
2018-03-19T12:55:37.523+0530: 2672.627: [GC (Allocation Failure) [PSYoungGen: 173664K->96K(174080K)] 217572K->44036K(523776K), 0.0007765 secs] [Times: user=0.00 sys=0.00, real=0.00 secs] 
2018-03-19T12:55:37.695+0530: 2672.798: [GC (Allocation Failure) [PSYoungGen: 173664K->96K(174080K)] 217604K->44068K(523776K), 0.0006319 secs] [Times: user=0.00 sys=0.00, real=0.00 secs] 
2018-03-19T12:55:37.865+0530: 2672.968: [GC (Allocation Failure) [PSYoungGen: 173664K->96K(174080K)] 217636K->44084K(523776K), 0.0007507 secs] [Times: user=0.00 sys=0.00, real=0.00 secs] 
2018-03-19T12:55:38.035+0530: 2673.138: [GC (Allocation Failure) [PSYoungGen: 173664K->64K(174080K)] 217652K->44084K(523776K), 0.0006033 secs] [Times: user=0.00 sys=0.00, real=0.00 secs] 
2018-03-19T12:55:38.171+0530: 2673.274: [GC (Allocation Failure) [PSYoungGen: 173632K->96K(174080K)] 217652K->44148K(523776K), 0.0005649 secs] [Times: user=0.00 sys=0.00, real=0.00 secs] 
2018-03-19T12:55:38.297+0530: 2673.401: [GC (Allocation Failure) [PSYoungGen: 173664K->64K(174080K)] 217716K->44140K(523776K), 0.0005857 secs] [Times: user=0.00 sys=0.00, real=0.00 secs] 
2018-03-19T12:55:38.478+0530: 2673.581: [GC (Allocation Failure) [PSYoungGen: 173632K->96K(174080K)] 217708K->44204K(523776K), 0.0005815 secs] [Times: user=0.00 sys=0.00, real=0.00 secs] 
2018-03-19T12:55:38.612+0530: 2673.715: [GC (Allocation Failure) [PSYoungGen: 173664K->64K(174080K)] 217772K->44196K(523776K), 0.0005536 secs] [Times: user=0.00 sys=0.00, real=0.00 secs] 
2018-03-19T12:55:38.979+0530: 2674.082: [GC (Allocation Failure) [PSYoungGen: 173632K->64K(174080K)] 217764K->44212K(523776K), 0.0007176 secs] [Times: user=0.00 sys=0.00, real=0.00 secs] 
2018-03-19T12:55:39.315+0530: 2674.418: [GC (Allocation Failure) [PSYoungGen: 173632K->32K(174080K)] 217780K->44204K(523776K), 0.0014239 secs] [Times: user=0.00 sys=0.00, real=0.00 secs] 
2018-03-19T12:55:39.768+0530: 2674.871: [GC (Allocation Failure) [PSYoungGen: 173600K->96K(174080K)] 217772K->44292K(523776K), 0.0005779 secs] [Times: user=0.00 sys=0.00, real=0.00 secs] 
2018-03-19T12:55:39.897+0530: 2675.000: [GC (Allocation Failure) [PSYoungGen: 173664K->96K(174080K)] 217860K->44308K(523776K), 0.0005765 secs] [Times: user=0.00 sys=0.00, real=0.00 secs] 
2018-03-19T12:55:40.043+0530: 2675.146: [GC (Allocation Failure) [PSYoungGen: 173664K->96K(174080K)] 217876K->44324K(523776K), 0.0005635 secs] [Times: user=0.00 sys=0.00, real=0.00 secs] 
2018-03-19T12:55:40.182+0530: 2675.285: [GC (Allocation Failure) [PSYoungGen: 173664K->96K(174080K)] 217892K->44348K(523776K), 0.0005942 secs] [Times: user=0.00 sys=0.00, real=0.00 secs] 
2018-03-19T12:55:40.332+0530: 2675.435: [GC (Allocation Failure) [PSYoungGen: 173664K->64K(174080K)] 217916K->44332K(523776K), 0.0006234 secs] [Times: user=0.00 sys=0.00, real=0.00 secs] 
2018-03-19T12:55:40.578+0530: 2675.681: [GC (Allocation Failure) [PSYoungGen: 173632K->64K(174080K)] 217900K->44348K(523776K), 0.0006284 secs] [Times: user=0.00 sys=0.00, real=0.00 secs] 
2018-03-19T12:55:40.831+0530: 2675.935: [GC (Allocation Failure) [PSYoungGen: 173632K->32K(174080K)] 217916K->44340K(523776K), 0.0006188 secs] [Times: user=0.00 sys=0.00, real=0.00 secs] 
2018-03-19T12:55:41.000+0530: 2676.103: [GC (Allocation Failure) [PSYoungGen: 173600K->64K(174080K)] 217908K->44388K(523776K), 0.0006354 secs] [Times: user=0.00 sys=0.00, real=0.00 secs] 
2018-03-19T12:55:41.126+0530: 2676.229: [GC (Allocation Failure) [PSYoungGen: 173632K->96K(174080K)] 217956K->44444K(523776K), 0.0006012 secs] [Times: user=0.00 sys=0.00, real=0.00 secs] 
2018-03-19T12:55:41.250+0530: 2676.353: [GC (Allocation Failure) [PSYoungGen: 173664K->96K(174080K)] 218012K->44468K(523776K), 0.0006936 secs] [Times: user=0.00 sys=0.00, real=0.00 secs] 
2018-03-19T12:55:41.378+0530: 2676.480: [GC (Allocation Failure) [PSYoungGen: 173664K->64K(174080K)] 218036K->44468K(523776K), 0.0006143 secs] [Times: user=0.00 sys=0.00, real=0.00 secs] 
2018-03-19T12:55:41.502+0530: 2676.605: [GC (Allocation Failure) [PSYoungGen: 173632K->96K(174080K)] 218036K->44524K(523776K), 0.0005677 secs] [Times: user=0.00 sys=0.00, real=0.00 secs] 
2018-03-19T12:55:41.628+0530: 2676.731: [GC (Allocation Failure) [PSYoungGen: 173664K->96K(174080K)] 218092K->44548K(523776K), 0.0006245 secs] [Times: user=0.00 sys=0.00, real=0.00 secs] 
2018-03-19T12:55:41.753+0530: 2676.856: [GC (Allocation Failure) [PSYoungGen: 173664K->64K(174080K)] 218116K->44532K(523776K), 0.0006710 secs] [Times: user=0.00 sys=0.00, real=0.00 secs] 
2018-03-19T12:55:41.884+0530: 2676.987: [GC (Allocation Failure) [PSYoungGen: 173632K->96K(174080K)] 218100K->44580K(523776K), 0.0007959 secs] [Times: user=0.00 sys=0.00, real=0.00 secs] 
2018-03-19T12:55:42.013+0530: 2677.115: [GC (Allocation Failure) [PSYoungGen: 173664K->64K(174080K)] 218148K->44580K(523776K), 0.0005649 secs] [Times: user=0.00 sys=0.00, real=0.00 secs] 
2018-03-19T12:55:42.138+0530: 2677.241: [GC (Allocation Failure) [PSYoungGen: 173632K->64K(174080K)] 218148K->44612K(523776K), 0.0006453 secs] [Times: user=0.00 sys=0.00, real=0.00 secs] 
2018-03-19T12:55:42.263+0530: 2677.365: [GC (Allocation Failure) [PSYoungGen: 173632K->64K(174080K)] 218180K->44644K(523776K), 0.0005952 secs] [Times: user=0.00 sys=0.00, real=0.00 secs] 
2018-03-19T12:55:42.389+0530: 2677.491: [GC (Allocation Failure) [PSYoungGen: 173632K->64K(174080K)] 218212K->44676K(523776K), 0.0005822 secs] [Times: user=0.00 sys=0.00, real=0.00 secs] 
2018-03-19T12:55:42.515+0530: 2677.617: [GC (Allocation Failure) [PSYoungGen: 173632K->96K(174080K)] 218244K->44740K(523776K), 0.0005719 secs] [Times: user=0.00 sys=0.00, real=0.00 secs] 
2018-03-19T12:55:42.642+0530: 2677.744: [GC (Allocation Failure) [PSYoungGen: 173664K->64K(174080K)] 218308K->44732K(523776K), 0.0005684 secs] [Times: user=0.00 sys=0.00, real=0.00 secs] 
2018-03-19T12:55:42.766+0530: 2677.869: [GC (Allocation Failure) [PSYoungGen: 173632K->96K(174080K)] 218300K->44788K(523776K), 0.0005762 secs] [Times: user=0.00 sys=0.00, real=0.00 secs] 
2018-03-19T12:55:42.892+0530: 2677.995: [GC (Allocation Failure) [PSYoungGen: 173664K->64K(174080K)] 218356K->44788K(523776K), 0.0005917 secs] [Times: user=0.00 sys=0.00, real=0.00 secs] 
2018-03-19T12:55:43.017+0530: 2678.120: [GC (Allocation Failure) [PSYoungGen: 173632K->32K(174080K)] 218356K->44788K(523776K), 0.0006686 secs] [Times: user=0.00 sys=0.00, real=0.00 secs] 
2018-03-19T12:55:43.143+0530: 2678.245: [GC (Allocation Failure) [PSYoungGen: 173600K->64K(174080K)] 218356K->44852K(523776K), 0.0007465 secs] [Times: user=0.00 sys=0.00, real=0.00 secs] 
2018-03-19T12:55:43.270+0530: 2678.373: [GC (Allocation Failure) [PSYoungGen: 173632K->96K(174080K)] 218420K->44916K(523776K), 0.0006714 secs] [Times: user=0.00 sys=0.00, real=0.00 secs] 
2018-03-19T12:55:43.397+0530: 2678.500: [GC (Allocation Failure) [PSYoungGen: 173664K->96K(174080K)] 218484K->44948K(523776K), 0.0005899 secs] [Times: user=0.00 sys=0.00, real=0.00 secs] 
2018-03-19T12:55:43.522+0530: 2678.625: [GC (Allocation Failure) [PSYoungGen: 173664K->64K(174080K)] 218516K->44948K(523776K), 0.0007088 secs] [Times: user=0.00 sys=0.00, real=0.00 secs] 
2018-03-19T12:55:43.660+0530: 2678.763: [GC (Allocation Failure) [PSYoungGen: 173632K->96K(174080K)] 218516K->45004K(523776K), 0.0005822 secs] [Times: user=0.00 sys=0.00, real=0.00 secs] 
2018-03-19T12:55:43.785+0530: 2678.889: [GC (Allocation Failure) [PSYoungGen: 173664K->96K(174080K)] 218572K->45028K(523776K), 0.0005730 secs] [Times: user=0.00 sys=0.00, real=0.00 secs] 
2018-03-19T12:55:43.912+0530: 2679.014: [GC (Allocation Failure) [PSYoungGen: 173664K->64K(174080K)] 218596K->45028K(523776K), 0.0006009 secs] [Times: user=0.00 sys=0.00, real=0.00 secs] 
2018-03-19T12:55:44.035+0530: 2679.139: [GC (Allocation Failure) [PSYoungGen: 173632K->96K(174080K)] 218596K->45092K(523776K), 0.0006358 secs] [Times: user=0.00 sys=0.00, real=0.00 secs] 
2018-03-19T12:55:44.160+0530: 2679.263: [GC (Allocation Failure) [PSYoungGen: 173664K->96K(174080K)] 218660K->45124K(523776K), 0.0005850 secs] [Times: user=0.00 sys=0.00, real=0.00 secs] 
2018-03-19T12:55:44.286+0530: 2679.389: [GC (Allocation Failure) [PSYoungGen: 173664K->96K(174080K)] 218692K->45140K(523776K), 0.0007229 secs] [Times: user=0.00 sys=0.00, real=0.00 secs] 
2018-03-19T12:55:44.413+0530: 2679.516: [GC (Allocation Failure) [PSYoungGen: 173664K->96K(174080K)] 218708K->45172K(523776K), 0.0007310 secs] [Times: user=0.00 sys=0.00, real=0.00 secs] 
2018-03-19T12:55:44.538+0530: 2679.641: [GC (Allocation Failure) [PSYoungGen: 173664K->96K(174080K)] 218740K->45204K(523776K), 0.0007416 secs] [Times: user=0.00 sys=0.00, real=0.00 secs] 
2018-03-19T12:55:44.663+0530: 2679.766: [GC (Allocation Failure) [PSYoungGen: 173664K->96K(174080K)] 218772K->45236K(523776K), 0.0006943 secs] [Times: user=0.00 sys=0.00, real=0.00 secs] 
2018-03-19T12:55:44.788+0530: 2679.891: [GC (Allocation Failure) [PSYoungGen: 173664K->96K(174080K)] 218804K->45260K(523776K), 0.0192331 secs] [Times: user=0.00 sys=0.00, real=0.02 secs] 
2018-03-19T12:55:44.931+0530: 2680.034: [GC (Allocation Failure) [PSYoungGen: 173664K->96K(174080K)] 218828K->45284K(523776K), 0.0005667 secs] [Times: user=0.00 sys=0.00, real=0.00 secs] 
2018-03-19T12:55:45.056+0530: 2680.158: [GC (Allocation Failure) [PSYoungGen: 173664K->96K(174080K)] 218852K->45300K(523776K), 0.0007059 secs] [Times: user=0.00 sys=0.00, real=0.00 secs] 
2018-03-19T12:55:45.180+0530: 2680.283: [GC (Allocation Failure) [PSYoungGen: 173664K->96K(174080K)] 218868K->45324K(523776K), 0.0005920 secs] [Times: user=0.00 sys=0.00, real=0.00 secs] 
2018-03-19T12:55:45.304+0530: 2680.407: [GC (Allocation Failure) [PSYoungGen: 173664K->96K(174080K)] 218892K->45348K(523776K), 0.0007380 secs] [Times: user=0.00 sys=0.00, real=0.00 secs] 
2018-03-19T12:55:45.430+0530: 2680.533: [GC (Allocation Failure) [PSYoungGen: 173664K->96K(174080K)] 218916K->45380K(523776K), 0.0006538 secs] [Times: user=0.00 sys=0.00, real=0.00 secs] 
2018-03-19T12:55:45.554+0530: 2680.657: [GC (Allocation Failure) [PSYoungGen: 173664K->96K(174080K)] 218948K->45404K(523776K), 0.0006823 secs] [Times: user=0.00 sys=0.00, real=0.00 secs] 
2018-03-19T12:55:45.680+0530: 2680.783: [GC (Allocation Failure) [PSYoungGen: 173664K->96K(174080K)] 218972K->45428K(523776K), 0.0007408 secs] [Times: user=0.00 sys=0.00, real=0.00 secs] 
2018-03-19T12:55:45.804+0530: 2680.907: [GC (Allocation Failure) [PSYoungGen: 173664K->96K(174080K)] 218996K->45452K(523776K), 0.0005903 secs] [Times: user=0.00 sys=0.00, real=0.00 secs] 
2018-03-19T12:55:45.928+0530: 2681.031: [GC (Allocation Failure) [PSYoungGen: 173664K->64K(174080K)] 219020K->45452K(523776K), 0.0006372 secs] [Times: user=0.00 sys=0.00, real=0.00 secs] 
2018-03-19T12:55:46.058+0530: 2681.161: [GC (Allocation Failure) [PSYoungGen: 173632K->96K(174080K)] 219020K->45500K(523776K), 0.0005649 secs] [Times: user=0.00 sys=0.00, real=0.00 secs] 
2018-03-19T12:55:46.183+0530: 2681.286: [GC (Allocation Failure) [PSYoungGen: 173664K->96K(174080K)] 219068K->45524K(523776K), 0.0005903 secs] [Times: user=0.00 sys=0.00, real=0.00 secs] 
2018-03-19T12:55:46.308+0530: 2681.412: [GC (Allocation Failure) [PSYoungGen: 173664K->96K(174080K)] 219092K->45540K(523776K), 0.0007398 secs] [Times: user=0.00 sys=0.00, real=0.00 secs] 
2018-03-19T12:55:46.434+0530: 2681.537: [GC (Allocation Failure) [PSYoungGen: 173664K->64K(174080K)] 219108K->45540K(523776K), 0.0006805 secs] [Times: user=0.00 sys=0.00, real=0.00 secs] 
2018-03-19T12:55:46.562+0530: 2681.665: [GC (Allocation Failure) [PSYoungGen: 173632K->96K(174080K)] 219108K->45596K(523776K), 0.0005938 secs] [Times: user=0.00 sys=0.00, real=0.00 secs] 
2018-03-19T12:55:46.709+0530: 2681.811: [GC (Allocation Failure) [PSYoungGen: 173664K->96K(174080K)] 219164K->45620K(523776K), 0.0005952 secs] [Times: user=0.00 sys=0.00, real=0.00 secs] 
2018-03-19T12:55:46.884+0530: 2681.987: [GC (Allocation Failure) [PSYoungGen: 173664K->32K(174080K)] 219188K->45572K(523776K), 0.0030473 secs] [Times: user=0.00 sys=0.00, real=0.00 secs] 
2018-03-19T12:55:47.062+0530: 2682.165: [GC (Allocation Failure) [PSYoungGen: 173600K->96K(174080K)] 219140K->45668K(523776K), 0.0007423 secs] [Times: user=0.00 sys=0.00, real=0.00 secs] 
2018-03-19T12:55:47.246+0530: 2682.350: [GC (Allocation Failure) [PSYoungGen: 173664K->96K(174080K)] 219236K->45700K(523776K), 0.0005839 secs] [Times: user=0.00 sys=0.00, real=0.00 secs] 
2018-03-19T12:55:47.392+0530: 2682.495: [GC (Allocation Failure) [PSYoungGen: 173664K->96K(174080K)] 219268K->45716K(523776K), 0.0007758 secs] [Times: user=0.00 sys=0.00, real=0.00 secs] 
2018-03-19T12:55:47.528+0530: 2682.631: [GC (Allocation Failure) [PSYoungGen: 173664K->96K(174080K)] 219284K->45740K(523776K), 0.0007211 secs] [Times: user=0.00 sys=0.00, real=0.00 secs] 
2018-03-19T12:55:47.667+0530: 2682.770: [GC (Allocation Failure) [PSYoungGen: 173664K->96K(174080K)] 219308K->45772K(523776K), 0.0006996 secs] [Times: user=0.00 sys=0.00, real=0.00 secs] 
2018-03-19T12:55:47.815+0530: 2682.917: [GC (Allocation Failure) [PSYoungGen: 173664K->128K(174080K)] 219340K->45828K(523776K), 0.0007581 secs] [Times: user=0.00 sys=0.00, real=0.00 secs] 
2018-03-19T12:55:47.956+0530: 2683.059: [GC (Allocation Failure) [PSYoungGen: 173696K->96K(174080K)] 219396K->45820K(523776K), 0.0008184 secs] [Times: user=0.00 sys=0.00, real=0.00 secs] 
2018-03-19T12:55:48.082+0530: 2683.184: [GC (Allocation Failure) [PSYoungGen: 173664K->128K(174080K)] 219388K->45876K(523776K), 0.0005938 secs] [Times: user=0.00 sys=0.00, real=0.00 secs] 
2018-03-19T12:55:48.211+0530: 2683.314: [GC (Allocation Failure) [PSYoungGen: 173696K->96K(174080K)] 219444K->45876K(523776K), 0.0006051 secs] [Times: user=0.00 sys=0.00, real=0.00 secs] 
2018-03-19T12:55:48.344+0530: 2683.446: [GC (Allocation Failure) [PSYoungGen: 173664K->96K(174080K)] 219444K->45900K(523776K), 0.0006090 secs] [Times: user=0.00 sys=0.00, real=0.00 secs] 
2018-03-19T12:55:48.478+0530: 2683.581: [GC (Allocation Failure) [PSYoungGen: 173664K->64K(174080K)] 219468K->45900K(523776K), 0.0005684 secs] [Times: user=0.00 sys=0.00, real=0.00 secs] 
2018-03-19T12:55:48.607+0530: 2683.709: [GC (Allocation Failure) [PSYoungGen: 173632K->96K(174080K)] 219468K->45956K(523776K), 0.0006664 secs] [Times: user=0.00 sys=0.00, real=0.00 secs] 
2018-03-19T12:55:48.736+0530: 2683.839: [GC (Allocation Failure) [PSYoungGen: 173664K->32K(174080K)] 219524K->45924K(523776K), 0.0008406 secs] [Times: user=0.00 sys=0.00, real=0.00 secs] 
2018-03-19T12:55:48.864+0530: 2683.966: [GC (Allocation Failure) [PSYoungGen: 173600K->96K(174080K)] 219492K->46004K(523776K), 0.0005829 secs] [Times: user=0.00 sys=0.00, real=0.00 secs] 
2018-03-19T12:55:48.991+0530: 2684.094: [GC (Allocation Failure) [PSYoungGen: 173664K->32K(174080K)] 219572K->45956K(523776K), 0.0008741 secs] [Times: user=0.00 sys=0.00, real=0.00 secs] 
2018-03-19T12:55:49.120+0530: 2684.222: [GC (Allocation Failure) [PSYoungGen: 173600K->32K(174080K)] 219524K->45972K(523776K), 0.0017021 secs] [Times: user=0.00 sys=0.00, real=0.00 secs] 
2018-03-19T12:55:49.263+0530: 2684.366: [GC (Allocation Failure) [PSYoungGen: 173600K->96K(174080K)] 219540K->46068K(523776K), 0.0005991 secs] [Times: user=0.00 sys=0.00, real=0.00 secs] 
2018-03-19T12:55:49.395+0530: 2684.499: [GC (Allocation Failure) [PSYoungGen: 173664K->96K(174080K)] 219636K->46092K(523776K), 0.0005804 secs] [Times: user=0.00 sys=0.00, real=0.00 secs] 
2018-03-19T12:55:49.525+0530: 2684.627: [GC (Allocation Failure) [PSYoungGen: 173664K->96K(174080K)] 219660K->46116K(523776K), 0.0007877 secs] [Times: user=0.00 sys=0.00, real=0.00 secs] 
2018-03-19T12:55:49.659+0530: 2684.761: [GC (Allocation Failure) [PSYoungGen: 173664K->96K(174080K)] 219684K->46148K(523776K), 0.0006040 secs] [Times: user=0.00 sys=0.00, real=0.00 secs] 
2018-03-19T12:55:49.798+0530: 2684.901: [GC (Allocation Failure) [PSYoungGen: 173664K->96K(174080K)] 219716K->46172K(523776K), 0.0007091 secs] [Times: user=0.00 sys=0.00, real=0.00 secs] 
2018-03-19T12:55:49.931+0530: 2685.034: [GC (Allocation Failure) [PSYoungGen: 173664K->64K(174080K)] 219740K->46156K(523776K), 0.0008054 secs] [Times: user=0.00 sys=0.00, real=0.00 secs] 
2018-03-19T12:55:50.064+0530: 2685.166: [GC (Allocation Failure) [PSYoungGen: 173632K->64K(174080K)] 219724K->46180K(523776K), 0.0006657 secs] [Times: user=0.00 sys=0.00, real=0.00 secs] 
2018-03-19T12:55:50.192+0530: 2685.294: [GC (Allocation Failure) [PSYoungGen: 173632K->96K(174080K)] 219748K->46236K(523776K), 0.0005864 secs] [Times: user=0.00 sys=0.00, real=0.00 secs] 
2018-03-19T12:55:50.325+0530: 2685.429: [GC (Allocation Failure) [PSYoungGen: 173664K->96K(174080K)] 219804K->46260K(523776K), 0.0005790 secs] [Times: user=0.00 sys=0.00, real=0.00 secs] 
2018-03-19T12:55:50.451+0530: 2685.554: [GC (Allocation Failure) [PSYoungGen: 173664K->64K(174080K)] 219828K->46260K(523776K), 0.0007088 secs] [Times: user=0.00 sys=0.00, real=0.00 secs] 
2018-03-19T12:55:50.581+0530: 2685.684: [GC (Allocation Failure) [PSYoungGen: 173632K->96K(174080K)] 219828K->46324K(523776K), 0.0007729 secs] [Times: user=0.00 sys=0.00, real=0.00 secs] 
2018-03-19T12:55:50.711+0530: 2685.814: [GC (Allocation Failure) [PSYoungGen: 173664K->96K(174080K)] 219892K->46356K(523776K), 0.0006061 secs] [Times: user=0.00 sys=0.00, real=0.00 secs] 
2018-03-19T12:55:50.841+0530: 2685.944: [GC (Allocation Failure) [PSYoungGen: 173664K->96K(174080K)] 219924K->46388K(523776K), 0.0005920 secs] [Times: user=0.00 sys=0.00, real=0.00 secs] 
2018-03-19T12:55:50.971+0530: 2686.074: [GC (Allocation Failure) [PSYoungGen: 173664K->96K(174080K)] 219956K->46420K(523776K), 0.0006224 secs] [Times: user=0.00 sys=0.00, real=0.00 secs] 
2018-03-19T12:55:51.101+0530: 2686.204: [GC (Allocation Failure) [PSYoungGen: 173664K->96K(174080K)] 219988K->46452K(523776K), 0.0006143 secs] [Times: user=0.00 sys=0.00, real=0.00 secs] 
2018-03-19T12:55:51.235+0530: 2686.339: [GC (Allocation Failure) [PSYoungGen: 173664K->32K(174080K)] 220020K->46420K(523776K), 0.0006259 secs] [Times: user=0.00 sys=0.00, real=0.00 secs] 
2018-03-19T12:55:51.370+0530: 2686.472: [GC (Allocation Failure) [PSYoungGen: 173600K->96K(174080K)] 219988K->46516K(523776K), 0.0006076 secs] [Times: user=0.00 sys=0.00, real=0.00 secs] 
2018-03-19T12:55:51.499+0530: 2686.601: [GC (Allocation Failure) [PSYoungGen: 173664K->64K(174080K)] 220084K->46508K(523776K), 0.0005793 secs] [Times: user=0.00 sys=0.00, real=0.00 secs] 
2018-03-19T12:55:51.631+0530: 2686.735: [GC (Allocation Failure) [PSYoungGen: 173632K->96K(174080K)] 220076K->46564K(523776K), 0.0006061 secs] [Times: user=0.00 sys=0.00, real=0.00 secs] 
2018-03-19T12:55:51.771+0530: 2686.875: [GC (Allocation Failure) [PSYoungGen: 173664K->96K(174080K)] 220132K->46596K(523776K), 0.0006079 secs] [Times: user=0.00 sys=0.00, real=0.00 secs] 
2018-03-19T12:55:51.981+0530: 2687.084: [GC (Allocation Failure) [PSYoungGen: 173664K->64K(174080K)] 220164K->46580K(523776K), 0.0007366 secs] [Times: user=0.00 sys=0.00, real=0.00 secs] 
2018-03-19T12:55:52.115+0530: 2687.218: [GC (Allocation Failure) [PSYoungGen: 173632K->96K(174080K)] 220148K->46636K(523776K), 0.0006104 secs] [Times: user=0.00 sys=0.00, real=0.00 secs] 
2018-03-19T12:55:52.251+0530: 2687.354: [GC (Allocation Failure) [PSYoungGen: 173664K->96K(174080K)] 220204K->46660K(523776K), 0.0007906 secs] [Times: user=0.00 sys=0.00, real=0.00 secs] 
2018-03-19T12:55:52.400+0530: 2687.503: [GC (Allocation Failure) [PSYoungGen: 173664K->64K(174080K)] 220228K->46652K(523776K), 0.0007165 secs] [Times: user=0.00 sys=0.00, real=0.00 secs] 
2018-03-19T12:55:52.600+0530: 2687.703: [GC (Allocation Failure) [PSYoungGen: 173632K->128K(174080K)] 220220K->46732K(523776K), 0.0006495 secs] [Times: user=0.00 sys=0.00, real=0.00 secs] 
2018-03-19T12:55:52.831+0530: 2687.934: [GC (Allocation Failure) [PSYoungGen: 173696K->96K(174080K)] 220300K->46716K(523776K), 0.0007624 secs] [Times: user=0.00 sys=0.00, real=0.00 secs] 
2018-03-19T12:55:52.966+0530: 2688.070: [GC (Allocation Failure) [PSYoungGen: 173664K->96K(174080K)] 220284K->46740K(523776K), 0.0006396 secs] [Times: user=0.00 sys=0.00, real=0.00 secs] 
2018-03-19T12:55:53.100+0530: 2688.203: [GC (Allocation Failure) [PSYoungGen: 173664K->96K(174080K)] 220308K->46764K(523776K), 0.0006333 secs] [Times: user=0.00 sys=0.00, real=0.00 secs] 
2018-03-19T12:55:53.227+0530: 2688.330: [GC (Allocation Failure) [PSYoungGen: 173664K->96K(174080K)] 220332K->46796K(523776K), 0.0005829 secs] [Times: user=0.00 sys=0.00, real=0.00 secs] 
2018-03-19T12:55:53.497+0530: 2688.600: [GC (Allocation Failure) [PSYoungGen: 173664K->96K(174080K)] 220364K->46820K(523776K), 0.0006379 secs] [Times: user=0.00 sys=0.00, real=0.00 secs] 
2018-03-19T12:55:53.626+0530: 2688.729: [GC (Allocation Failure) [PSYoungGen: 173664K->96K(174080K)] 220388K->46844K(523776K), 0.0005607 secs] [Times: user=0.00 sys=0.00, real=0.00 secs] 
2018-03-19T12:55:53.768+0530: 2688.871: [GC (Allocation Failure) [PSYoungGen: 173664K->64K(174080K)] 220412K->46836K(523776K), 0.0007102 secs] [Times: user=0.00 sys=0.00, real=0.00 secs] 
2018-03-19T12:55:53.901+0530: 2689.004: [GC (Allocation Failure) [PSYoungGen: 173632K->96K(174080K)] 220404K->46892K(523776K), 0.0006231 secs] [Times: user=0.00 sys=0.00, real=0.00 secs] 
2018-03-19T12:55:54.036+0530: 2689.140: [GC (Allocation Failure) [PSYoungGen: 173664K->64K(174080K)] 220460K->46884K(523776K), 0.0005649 secs] [Times: user=0.00 sys=0.00, real=0.00 secs] 
2018-03-19T12:55:54.170+0530: 2689.273: [GC (Allocation Failure) [PSYoungGen: 173632K->96K(174080K)] 220452K->46932K(523776K), 0.0006682 secs] [Times: user=0.00 sys=0.00, real=0.00 secs] 
2018-03-19T12:55:54.312+0530: 2689.415: [GC (Allocation Failure) [PSYoungGen: 173664K->64K(174080K)] 220500K->46916K(523776K), 0.0008854 secs] [Times: user=0.00 sys=0.00, real=0.00 secs] 
2018-03-19T12:55:54.487+0530: 2689.590: [GC (Allocation Failure) [PSYoungGen: 173632K->96K(174080K)] 220484K->46972K(523776K), 0.0005638 secs] [Times: user=0.00 sys=0.00, real=0.00 secs] 
2018-03-19T12:55:54.615+0530: 2689.718: [GC (Allocation Failure) [PSYoungGen: 173664K->96K(174080K)] 220540K->47004K(523776K), 0.0005815 secs] [Times: user=0.00 sys=0.00, real=0.00 secs] 
2018-03-19T12:55:54.740+0530: 2689.843: [GC (Allocation Failure) [PSYoungGen: 173664K->96K(174080K)] 220572K->47028K(523776K), 0.0006428 secs] [Times: user=0.00 sys=0.00, real=0.00 secs] 
2018-03-19T12:55:54.866+0530: 2689.969: [GC (Allocation Failure) [PSYoungGen: 173664K->96K(174080K)] 220596K->47044K(523776K), 0.0005868 secs] [Times: user=0.00 sys=0.00, real=0.00 secs] 
2018-03-19T12:55:54.991+0530: 2690.093: [GC (Allocation Failure) [PSYoungGen: 173664K->96K(174080K)] 220612K->47068K(523776K), 0.0006894 secs] [Times: user=0.00 sys=0.00, real=0.00 secs] 
2018-03-19T12:55:55.117+0530: 2690.220: [GC (Allocation Failure) [PSYoungGen: 173664K->96K(174080K)] 220636K->47100K(523776K), 0.0006534 secs] [Times: user=0.00 sys=0.00, real=0.00 secs] 
2018-03-19T12:55:55.251+0530: 2690.353: [GC (Allocation Failure) [PSYoungGen: 173664K->96K(174080K)] 220668K->47132K(523776K), 0.0007560 secs] [Times: user=0.00 sys=0.00, real=0.00 secs] 
2018-03-19T12:55:55.376+0530: 2690.479: [GC (Allocation Failure) [PSYoungGen: 173664K->96K(174080K)] 220700K->47156K(523776K), 0.0005769 secs] [Times: user=0.00 sys=0.00, real=0.00 secs] 
2018-03-19T12:55:55.505+0530: 2690.608: [GC (Allocation Failure) [PSYoungGen: 173664K->64K(174080K)] 220724K->47156K(523776K), 0.0007620 secs] [Times: user=0.00 sys=0.00, real=0.00 secs] 
2018-03-19T12:55:55.696+0530: 2690.799: [GC (Allocation Failure) [PSYoungGen: 173632K->64K(174080K)] 220724K->47180K(523776K), 0.0006492 secs] [Times: user=0.00 sys=0.00, real=0.00 secs] 
2018-03-19T12:55:55.829+0530: 2690.932: [GC (Allocation Failure) [PSYoungGen: 173632K->96K(174080K)] 220748K->47244K(523776K), 0.0007303 secs] [Times: user=0.00 sys=0.00, real=0.00 secs] 
2018-03-19T12:55:55.963+0530: 2691.066: [GC (Allocation Failure) [PSYoungGen: 173664K->64K(174080K)] 220812K->47244K(523776K), 0.0005935 secs] [Times: user=0.00 sys=0.00, real=0.00 secs] 
2018-03-19T12:55:56.097+0530: 2691.200: [GC (Allocation Failure) [PSYoungGen: 173632K->96K(174080K)] 220812K->47300K(523776K), 0.0006241 secs] [Times: user=0.00 sys=0.00, real=0.00 secs] 
2018-03-19T12:55:56.230+0530: 2691.333: [GC (Allocation Failure) [PSYoungGen: 173664K->32K(174080K)] 220868K->47260K(523776K), 0.0006040 secs] [Times: user=0.00 sys=0.00, real=0.00 secs] 
2018-03-19T12:55:56.435+0530: 2691.538: [GC (Allocation Failure) [PSYoungGen: 173600K->96K(174080K)] 220828K->47348K(523776K), 0.0005434 secs] [Times: user=0.00 sys=0.00, real=0.00 secs] 
2018-03-19T12:55:56.567+0530: 2691.670: [GC (Allocation Failure) [PSYoungGen: 173664K->96K(174080K)] 220916K->47380K(523776K), 0.0006107 secs] [Times: user=0.00 sys=0.00, real=0.00 secs] 
2018-03-19T12:55:56.698+0530: 2691.801: [GC (Allocation Failure) [PSYoungGen: 173664K->96K(174080K)] 220948K->47404K(523776K), 0.0007183 secs] [Times: user=0.00 sys=0.00, real=0.00 secs] 
2018-03-19T12:55:56.835+0530: 2691.937: [GC (Allocation Failure) [PSYoungGen: 173664K->64K(174080K)] 220972K->47404K(523776K), 0.0006354 secs] [Times: user=0.00 sys=0.00, real=0.00 secs] 
2018-03-19T12:55:56.981+0530: 2692.084: [GC (Allocation Failure) [PSYoungGen: 173632K->96K(174080K)] 220972K->47460K(523776K), 0.0006072 secs] [Times: user=0.00 sys=0.00, real=0.00 secs] 
2018-03-19T12:55:57.119+0530: 2692.221: [GC (Allocation Failure) [PSYoungGen: 173664K->32K(174080K)] 221028K->47412K(523776K), 0.0008854 secs] [Times: user=0.00 sys=0.00, real=0.00 secs] 
2018-03-19T12:55:57.347+0530: 2692.450: [GC (Allocation Failure) [PSYoungGen: 173600K->64K(174080K)] 220980K->47468K(523776K), 0.0005314 secs] [Times: user=0.00 sys=0.00, real=0.00 secs] 
2018-03-19T12:55:57.542+0530: 2692.645: [GC (Allocation Failure) [PSYoungGen: 173632K->32K(174080K)] 221036K->47452K(523776K), 0.0008015 secs] [Times: user=0.00 sys=0.00, real=0.00 secs] 
2018-03-19T12:55:57.734+0530: 2692.838: [GC (Allocation Failure) [PSYoungGen: 173600K->64K(174080K)] 221020K->47500K(523776K), 0.0006788 secs] [Times: user=0.00 sys=0.00, real=0.00 secs] 
2018-03-19T12:55:57.983+0530: 2693.086: [GC (Allocation Failure) [PSYoungGen: 173632K->64K(174080K)] 221068K->47524K(523776K), 0.0005959 secs] [Times: user=0.00 sys=0.00, real=0.00 secs] 
2018-03-19T12:55:58.111+0530: 2693.214: [GC (Allocation Failure) [PSYoungGen: 173632K->64K(174080K)] 221092K->47556K(523776K), 0.0005755 secs] [Times: user=0.00 sys=0.00, real=0.00 secs] 
2018-03-19T12:55:58.240+0530: 2693.343: [GC (Allocation Failure) [PSYoungGen: 173632K->96K(174080K)] 221124K->47612K(523776K), 0.0006432 secs] [Times: user=0.00 sys=0.00, real=0.00 secs] 
2018-03-19T12:55:58.396+0530: 2693.499: [GC (Allocation Failure) [PSYoungGen: 173664K->96K(174080K)] 221180K->47636K(523776K), 0.0005811 secs] [Times: user=0.00 sys=0.00, real=0.00 secs] 
2018-03-19T12:55:58.552+0530: 2693.655: [GC (Allocation Failure) [PSYoungGen: 173664K->96K(174080K)] 221204K->47668K(523776K), 0.0006929 secs] [Times: user=0.00 sys=0.00, real=0.00 secs] 
2018-03-19T12:55:58.695+0530: 2693.798: [GC (Allocation Failure) [PSYoungGen: 173664K->96K(174080K)] 221236K->47700K(523776K), 0.0006044 secs] [Times: user=0.00 sys=0.00, real=0.00 secs] 
2018-03-19T12:55:58.823+0530: 2693.926: [GC (Allocation Failure) [PSYoungGen: 173664K->96K(174080K)] 221268K->47724K(523776K), 0.0007278 secs] [Times: user=0.00 sys=0.00, real=0.00 secs] 
2018-03-19T12:55:58.962+0530: 2694.065: [GC (Allocation Failure) [PSYoungGen: 173664K->96K(174080K)] 221292K->47748K(523776K), 0.0007659 secs] [Times: user=0.00 sys=0.00, real=0.00 secs] 
2018-03-19T12:55:59.089+0530: 2694.191: [GC (Allocation Failure) [PSYoungGen: 173664K->64K(174080K)] 221316K->47748K(523776K), 0.0006009 secs] [Times: user=0.00 sys=0.00, real=0.00 secs] 
2018-03-19T12:55:59.214+0530: 2694.316: [GC (Allocation Failure) [PSYoungGen: 173632K->96K(174080K)] 221316K->47812K(523776K), 0.0006245 secs] [Times: user=0.00 sys=0.00, real=0.00 secs] 
2018-03-19T12:55:59.343+0530: 2694.446: [GC (Allocation Failure) [PSYoungGen: 173664K->96K(174080K)] 221380K->47836K(523776K), 0.0005843 secs] [Times: user=0.00 sys=0.00, real=0.00 secs] 
2018-03-19T12:55:59.469+0530: 2694.571: [GC (Allocation Failure) [PSYoungGen: 173664K->96K(174080K)] 221404K->47860K(523776K), 0.0007246 secs] [Times: user=0.00 sys=0.00, real=0.00 secs] 
2018-03-19T12:55:59.619+0530: 2694.722: [GC (Allocation Failure) [PSYoungGen: 173664K->96K(174080K)] 221428K->47876K(523776K), 0.0007317 secs] [Times: user=0.00 sys=0.00, real=0.00 secs] 
2018-03-19T12:55:59.751+0530: 2694.854: [GC (Allocation Failure) [PSYoungGen: 173664K->96K(174080K)] 221444K->47908K(523776K), 0.0008336 secs] [Times: user=0.00 sys=0.00, real=0.00 secs] 
2018-03-19T12:55:59.879+0530: 2694.981: [GC (Allocation Failure) [PSYoungGen: 173664K->64K(174080K)] 221476K->47908K(523776K), 0.0005871 secs] [Times: user=0.00 sys=0.00, real=0.00 secs] 
2018-03-19T12:56:00.007+0530: 2695.110: [GC (Allocation Failure) [PSYoungGen: 173632K->96K(174080K)] 221476K->47956K(523776K), 0.0007860 secs] [Times: user=0.00 sys=0.00, real=0.00 secs] 
2018-03-19T12:56:00.132+0530: 2695.235: [GC (Allocation Failure) [PSYoungGen: 173664K->96K(174080K)] 221524K->47988K(523776K), 0.0005649 secs] [Times: user=0.00 sys=0.00, real=0.00 secs] 
2018-03-19T12:56:00.258+0530: 2695.361: [GC (Allocation Failure) [PSYoungGen: 173664K->64K(174080K)] 221556K->47980K(523776K), 0.0005540 secs] [Times: user=0.00 sys=0.00, real=0.00 secs] 
2018-03-19T12:56:00.386+0530: 2695.489: [GC (Allocation Failure) [PSYoungGen: 173632K->96K(174080K)] 221548K->48036K(523776K), 0.0005889 secs] [Times: user=0.00 sys=0.00, real=0.00 secs] 
2018-03-19T12:56:00.512+0530: 2695.615: [GC (Allocation Failure) [PSYoungGen: 173664K->64K(174080K)] 221604K->48036K(523776K), 0.0006051 secs] [Times: user=0.00 sys=0.00, real=0.00 secs] 
2018-03-19T12:56:00.637+0530: 2695.740: [GC (Allocation Failure) [PSYoungGen: 173632K->96K(174080K)] 221604K->48084K(523776K), 0.0005938 secs] [Times: user=0.00 sys=0.00, real=0.00 secs] 
2018-03-19T12:56:00.766+0530: 2695.869: [GC (Allocation Failure) [PSYoungGen: 173664K->96K(174080K)] 221652K->48100K(523776K), 0.0005772 secs] [Times: user=0.00 sys=0.00, real=0.00 secs] 
2018-03-19T12:56:00.892+0530: 2695.995: [GC (Allocation Failure) [PSYoungGen: 173664K->64K(174080K)] 221668K->48100K(523776K), 0.0006104 secs] [Times: user=0.00 sys=0.00, real=0.00 secs] 
2018-03-19T12:56:01.018+0530: 2696.121: [GC (Allocation Failure) [PSYoungGen: 173632K->64K(174080K)] 221668K->48132K(523776K), 0.0006132 secs] [Times: user=0.00 sys=0.00, real=0.00 secs] 
2018-03-19T12:56:01.148+0530: 2696.251: [GC (Allocation Failure) [PSYoungGen: 173632K->96K(174080K)] 221700K->48196K(523776K), 0.0007391 secs] [Times: user=0.00 sys=0.00, real=0.00 secs] 
2018-03-19T12:56:01.272+0530: 2696.375: [GC (Allocation Failure) [PSYoungGen: 173664K->64K(174080K)] 221764K->48188K(523776K), 0.0005797 secs] [Times: user=0.00 sys=0.00, real=0.00 secs] 
2018-03-19T12:56:01.400+0530: 2696.502: [GC (Allocation Failure) [PSYoungGen: 173632K->96K(174080K)] 221756K->48236K(523776K), 0.0006675 secs] [Times: user=0.00 sys=0.00, real=0.00 secs] 
2018-03-19T12:56:01.525+0530: 2696.628: [GC (Allocation Failure) [PSYoungGen: 173664K->96K(174080K)] 221804K->48260K(523776K), 0.0005755 secs] [Times: user=0.00 sys=0.00, real=0.00 secs] 
2018-03-19T12:56:01.651+0530: 2696.753: [GC (Allocation Failure) [PSYoungGen: 173664K->96K(174080K)] 221828K->48292K(523776K), 0.0005899 secs] [Times: user=0.00 sys=0.00, real=0.00 secs] 
2018-03-19T12:56:01.775+0530: 2696.878: [GC (Allocation Failure) [PSYoungGen: 173664K->96K(174080K)] 221860K->48324K(523776K), 0.0006107 secs] [Times: user=0.00 sys=0.00, real=0.00 secs] 
2018-03-19T12:56:02.007+0530: 2697.109: [GC (Allocation Failure) [PSYoungGen: 173664K->96K(174080K)] 221892K->48356K(523776K), 0.0007158 secs] [Times: user=0.00 sys=0.00, real=0.00 secs] 
2018-03-19T12:56:02.150+0530: 2697.252: [GC (Allocation Failure) [PSYoungGen: 173664K->96K(174080K)] 221924K->48380K(523776K), 0.0006964 secs] [Times: user=0.00 sys=0.00, real=0.00 secs] 
2018-03-19T12:56:02.274+0530: 2697.377: [GC (Allocation Failure) [PSYoungGen: 173664K->96K(174080K)] 221948K->48404K(523776K), 0.0007659 secs] [Times: user=0.00 sys=0.00, real=0.00 secs] 
2018-03-19T12:56:02.409+0530: 2697.512: [GC (Allocation Failure) [PSYoungGen: 173664K->96K(174080K)] 221972K->48428K(523776K), 0.0006523 secs] [Times: user=0.00 sys=0.00, real=0.00 secs] 
2018-03-19T12:56:02.539+0530: 2697.641: [GC (Allocation Failure) [PSYoungGen: 173664K->96K(174080K)] 221996K->48444K(523776K), 0.0005850 secs] [Times: user=0.00 sys=0.00, real=0.00 secs] 
2018-03-19T12:56:02.663+0530: 2697.766: [GC (Allocation Failure) [PSYoungGen: 173664K->96K(174080K)] 222012K->48476K(523776K), 0.0006192 secs] [Times: user=0.00 sys=0.00, real=0.00 secs] 
2018-03-19T12:56:02.789+0530: 2697.892: [GC (Allocation Failure) [PSYoungGen: 173664K->96K(174080K)] 222044K->48508K(523776K), 0.0007303 secs] [Times: user=0.00 sys=0.00, real=0.00 secs] 
2018-03-19T12:56:02.915+0530: 2698.017: [GC (Allocation Failure) [PSYoungGen: 173664K->96K(174080K)] 222076K->48532K(523776K), 0.0005913 secs] [Times: user=0.00 sys=0.00, real=0.00 secs] 
2018-03-19T12:56:03.040+0530: 2698.143: [GC (Allocation Failure) [PSYoungGen: 173664K->96K(174080K)] 222100K->48564K(523776K), 0.0007814 secs] [Times: user=0.00 sys=0.00, real=0.00 secs] 
2018-03-19T12:56:03.166+0530: 2698.269: [GC (Allocation Failure) [PSYoungGen: 173664K->64K(174080K)] 222132K->48564K(523776K), 0.0006932 secs] [Times: user=0.00 sys=0.00, real=0.00 secs] 
2018-03-19T12:56:03.305+0530: 2698.408: [GC (Allocation Failure) [PSYoungGen: 173632K->96K(174080K)] 222132K->48612K(523776K), 0.0006545 secs] [Times: user=0.02 sys=0.00, real=0.00 secs] 
2018-03-19T12:56:03.488+0530: 2698.592: [GC (Allocation Failure) [PSYoungGen: 173664K->128K(174080K)] 222180K->48660K(523776K), 0.0005589 secs] [Times: user=0.00 sys=0.00, real=0.00 secs] 
2018-03-19T12:56:03.633+0530: 2698.735: [GC (Allocation Failure) [PSYoungGen: 173696K->32K(174080K)] 222228K->48580K(523776K), 0.0015134 secs] [Times: user=0.00 sys=0.00, real=0.00 secs] 
2018-03-19T12:56:03.761+0530: 2698.864: [GC (Allocation Failure) [PSYoungGen: 173600K->96K(174080K)] 222148K->48668K(523776K), 0.0006520 secs] [Times: user=0.00 sys=0.00, real=0.00 secs] 
2018-03-19T12:56:03.887+0530: 2698.990: [GC (Allocation Failure) [PSYoungGen: 173664K->96K(174080K)] 222236K->48692K(523776K), 0.0006301 secs] [Times: user=0.00 sys=0.00, real=0.00 secs] 
2018-03-19T12:56:04.014+0530: 2699.117: [GC (Allocation Failure) [PSYoungGen: 173664K->64K(174080K)] 222260K->48692K(523776K), 0.0007387 secs] [Times: user=0.00 sys=0.00, real=0.00 secs] 
2018-03-19T12:56:04.142+0530: 2699.244: [GC (Allocation Failure) [PSYoungGen: 173632K->96K(174080K)] 222260K->48756K(523776K), 0.0005797 secs] [Times: user=0.00 sys=0.00, real=0.00 secs] 
2018-03-19T12:56:04.266+0530: 2699.369: [GC (Allocation Failure) [PSYoungGen: 173664K->32K(174080K)] 222324K->48716K(523776K), 0.0007207 secs] [Times: user=0.00 sys=0.00, real=0.00 secs] 
2018-03-19T12:56:04.393+0530: 2699.496: [GC (Allocation Failure) [PSYoungGen: 173600K->64K(174080K)] 222284K->48772K(523776K), 0.0006005 secs] [Times: user=0.00 sys=0.00, real=0.00 secs] 
2018-03-19T12:56:04.517+0530: 2699.620: [GC (Allocation Failure) [PSYoungGen: 173632K->96K(174080K)] 222340K->48828K(523776K), 0.0005843 secs] [Times: user=0.00 sys=0.00, real=0.00 secs] 
2018-03-19T12:56:04.642+0530: 2699.744: [GC (Allocation Failure) [PSYoungGen: 173664K->64K(174080K)] 222396K->48828K(523776K), 0.0005511 secs] [Times: user=0.00 sys=0.00, real=0.00 secs] 
2018-03-19T12:56:04.767+0530: 2699.870: [GC (Allocation Failure) [PSYoungGen: 173632K->96K(174080K)] 222396K->48892K(523776K), 0.0005808 secs] [Times: user=0.00 sys=0.00, real=0.00 secs] 
2018-03-19T12:56:04.896+0530: 2699.998: [GC (Allocation Failure) [PSYoungGen: 173664K->64K(174080K)] 222460K->48884K(523776K), 0.0007825 secs] [Times: user=0.00 sys=0.00, real=0.00 secs] 
2018-03-19T12:56:05.022+0530: 2700.124: [GC (Allocation Failure) [PSYoungGen: 173632K->64K(174080K)] 222452K->48908K(523776K), 0.0006382 secs] [Times: user=0.00 sys=0.00, real=0.00 secs] 
2018-03-19T12:56:05.156+0530: 2700.259: [GC (Allocation Failure) [PSYoungGen: 173632K->96K(174080K)] 222476K->48972K(523776K), 0.0006090 secs] [Times: user=0.00 sys=0.00, real=0.00 secs] 
2018-03-19T12:56:05.283+0530: 2700.385: [GC (Allocation Failure) [PSYoungGen: 173664K->96K(174080K)] 222540K->48988K(523776K), 0.0007475 secs] [Times: user=0.00 sys=0.00, real=0.00 secs] 
2018-03-19T12:56:05.410+0530: 2700.513: [GC (Allocation Failure) [PSYoungGen: 173664K->96K(174080K)] 222556K->49020K(523776K), 0.0006901 secs] [Times: user=0.00 sys=0.00, real=0.00 secs] 
2018-03-19T12:56:05.537+0530: 2700.640: [GC (Allocation Failure) [PSYoungGen: 173664K->64K(174080K)] 222588K->49004K(523776K), 0.0005952 secs] [Times: user=0.00 sys=0.00, real=0.00 secs] 
2018-03-19T12:56:05.663+0530: 2700.766: [GC (Allocation Failure) [PSYoungGen: 173632K->96K(174080K)] 222572K->49060K(523776K), 0.0007680 secs] [Times: user=0.00 sys=0.00, real=0.00 secs] 
2018-03-19T12:56:05.789+0530: 2700.893: [GC (Allocation Failure) [PSYoungGen: 173664K->64K(174080K)] 222628K->49052K(523776K), 0.0006040 secs] [Times: user=0.00 sys=0.01, real=0.00 secs] 
2018-03-19T12:56:05.917+0530: 2701.020: [GC (Allocation Failure) [PSYoungGen: 173632K->32K(174080K)] 222620K->49052K(523776K), 0.0006463 secs] [Times: user=0.00 sys=0.00, real=0.00 secs] 
2018-03-19T12:56:06.044+0530: 2701.146: [GC (Allocation Failure) [PSYoungGen: 173600K->96K(174080K)] 222620K->49132K(523776K), 0.0007116 secs] [Times: user=0.00 sys=0.00, real=0.00 secs] 
2018-03-19T12:56:06.171+0530: 2701.273: [GC (Allocation Failure) [PSYoungGen: 173664K->96K(174080K)] 222700K->49164K(523776K), 0.0007430 secs] [Times: user=0.00 sys=0.00, real=0.00 secs] 
2018-03-19T12:56:06.296+0530: 2701.399: [GC (Allocation Failure) [PSYoungGen: 173664K->96K(174080K)] 222732K->49196K(523776K), 0.0006150 secs] [Times: user=0.00 sys=0.00, real=0.00 secs] 
2018-03-19T12:56:06.428+0530: 2701.531: [GC (Allocation Failure) [PSYoungGen: 173664K->96K(174080K)] 222764K->49228K(523776K), 0.0005875 secs] [Times: user=0.00 sys=0.00, real=0.00 secs] 
2018-03-19T12:56:06.555+0530: 2701.658: [GC (Allocation Failure) [PSYoungGen: 173664K->96K(174080K)] 222796K->49252K(523776K), 0.0007370 secs] [Times: user=0.00 sys=0.00, real=0.00 secs] 
2018-03-19T12:56:06.682+0530: 2701.785: [GC (Allocation Failure) [PSYoungGen: 173664K->96K(174080K)] 222820K->49284K(523776K), 0.0006753 secs] [Times: user=0.00 sys=0.00, real=0.00 secs] 
2018-03-19T12:56:06.808+0530: 2701.911: [GC (Allocation Failure) [PSYoungGen: 173664K->96K(174080K)] 222852K->49308K(523776K), 0.0006939 secs] [Times: user=0.00 sys=0.00, real=0.00 secs] 
2018-03-19T12:56:06.934+0530: 2702.037: [GC (Allocation Failure) [PSYoungGen: 173664K->96K(174080K)] 222876K->49332K(523776K), 0.0005945 secs] [Times: user=0.00 sys=0.00, real=0.00 secs] 
2018-03-19T12:56:07.061+0530: 2702.165: [GC (Allocation Failure) [PSYoungGen: 173664K->64K(174080K)] 222900K->49332K(523776K), 0.0005822 secs] [Times: user=0.00 sys=0.00, real=0.00 secs] 
2018-03-19T12:56:07.187+0530: 2702.290: [GC (Allocation Failure) [PSYoungGen: 173632K->96K(174080K)] 222900K->49396K(523776K), 0.0005596 secs] [Times: user=0.00 sys=0.00, real=0.00 secs] 
2018-03-19T12:56:07.313+0530: 2702.416: [GC (Allocation Failure) [PSYoungGen: 173664K->64K(174080K)] 222964K->49388K(523776K), 0.0005892 secs] [Times: user=0.00 sys=0.00, real=0.00 secs] 
2018-03-19T12:56:07.441+0530: 2702.544: [GC (Allocation Failure) [PSYoungGen: 173632K->64K(174080K)] 222956K->49420K(523776K), 0.0005730 secs] [Times: user=0.00 sys=0.00, real=0.00 secs] 
2018-03-19T12:56:07.570+0530: 2702.673: [GC (Allocation Failure) [PSYoungGen: 173632K->32K(174080K)] 222988K->49412K(523776K), 0.0006538 secs] [Times: user=0.00 sys=0.00, real=0.00 secs] 
2018-03-19T12:56:07.719+0530: 2702.821: [GC (Allocation Failure) [PSYoungGen: 173600K->96K(174080K)] 222980K->49508K(523776K), 0.0005868 secs] [Times: user=0.00 sys=0.00, real=0.00 secs] 
2018-03-19T12:56:07.845+0530: 2702.948: [GC (Allocation Failure) [PSYoungGen: 173664K->96K(174080K)] 223076K->49532K(523776K), 0.0006664 secs] [Times: user=0.00 sys=0.00, real=0.00 secs] 
2018-03-19T12:56:07.971+0530: 2703.073: [GC (Allocation Failure) [PSYoungGen: 173664K->96K(174080K)] 223100K->49556K(523776K), 0.0006100 secs] [Times: user=0.00 sys=0.00, real=0.00 secs] 
2018-03-19T12:56:08.097+0530: 2703.200: [GC (Allocation Failure) [PSYoungGen: 173664K->64K(174080K)] 223124K->49556K(523776K), 0.0008071 secs] [Times: user=0.00 sys=0.00, real=0.00 secs] 
2018-03-19T12:56:08.223+0530: 2703.325: [GC (Allocation Failure) [PSYoungGen: 173632K->96K(174080K)] 223124K->49604K(523776K), 0.0006636 secs] [Times: user=0.00 sys=0.00, real=0.00 secs] 
2018-03-19T12:56:08.359+0530: 2703.462: [GC (Allocation Failure) [PSYoungGen: 173664K->96K(174080K)] 223172K->49620K(523776K), 0.0005459 secs] [Times: user=0.00 sys=0.00, real=0.00 secs] 
2018-03-19T12:56:08.485+0530: 2703.587: [GC (Allocation Failure) [PSYoungGen: 173664K->64K(174080K)] 223188K->49620K(523776K), 0.0005765 secs] [Times: user=0.00 sys=0.00, real=0.00 secs] 
2018-03-19T12:56:08.610+0530: 2703.714: [GC (Allocation Failure) [PSYoungGen: 173632K->32K(174080K)] 223188K->49620K(523776K), 0.0009838 secs] [Times: user=0.00 sys=0.00, real=0.00 secs] 
2018-03-19T12:56:08.744+0530: 2703.847: [GC (Allocation Failure) [PSYoungGen: 173600K->128K(174080K)] 223188K->49732K(523776K), 0.0007236 secs] [Times: user=0.00 sys=0.00, real=0.00 secs] 
2018-03-19T12:56:08.870+0530: 2703.973: [GC (Allocation Failure) [PSYoungGen: 173696K->64K(174080K)] 223300K->49700K(523776K), 0.0006932 secs] [Times: user=0.00 sys=0.00, real=0.00 secs] 
2018-03-19T12:56:08.997+0530: 2704.100: [GC (Allocation Failure) [PSYoungGen: 173632K->32K(174080K)] 223268K->49700K(523776K), 0.0007158 secs] [Times: user=0.00 sys=0.00, real=0.00 secs] 
2018-03-19T12:56:09.124+0530: 2704.228: [GC (Allocation Failure) [PSYoungGen: 173600K->64K(174080K)] 223268K->49764K(523776K), 0.0005536 secs] [Times: user=0.00 sys=0.00, real=0.00 secs] 
2018-03-19T12:56:09.251+0530: 2704.353: [GC (Allocation Failure) [PSYoungGen: 173632K->96K(174080K)] 223332K->49828K(523776K), 0.0006139 secs] [Times: user=0.00 sys=0.00, real=0.00 secs] 
2018-03-19T12:56:09.381+0530: 2704.484: [GC (Allocation Failure) [PSYoungGen: 173664K->96K(174080K)] 223396K->49860K(523776K), 0.0005906 secs] [Times: user=0.00 sys=0.00, real=0.00 secs] 
2018-03-19T12:56:09.506+0530: 2704.608: [GC (Allocation Failure) [PSYoungGen: 173664K->64K(174080K)] 223428K->49852K(523776K), 0.0008174 secs] [Times: user=0.00 sys=0.00, real=0.00 secs] 
2018-03-19T12:56:09.633+0530: 2704.736: [GC (Allocation Failure) [PSYoungGen: 173632K->32K(174080K)] 223420K->49844K(523776K), 0.0006121 secs] [Times: user=0.00 sys=0.00, real=0.00 secs] 
2018-03-19T12:56:09.760+0530: 2704.862: [GC (Allocation Failure) [PSYoungGen: 173600K->96K(174080K)] 223412K->49940K(523776K), 0.0005860 secs] [Times: user=0.00 sys=0.00, real=0.00 secs] 
2018-03-19T12:56:09.884+0530: 2704.987: [GC (Allocation Failure) [PSYoungGen: 173664K->96K(174080K)] 223508K->49972K(523776K), 0.0005815 secs] [Times: user=0.00 sys=0.00, real=0.00 secs] 
2018-03-19T12:56:10.009+0530: 2705.111: [GC (Allocation Failure) [PSYoungGen: 173664K->64K(174080K)] 223540K->49972K(523776K), 0.0005762 secs] [Times: user=0.00 sys=0.00, real=0.00 secs] 
2018-03-19T12:56:10.134+0530: 2705.237: [GC (Allocation Failure) [PSYoungGen: 173632K->64K(174080K)] 223540K->49996K(523776K), 0.0006943 secs] [Times: user=0.00 sys=0.00, real=0.00 secs] 
2018-03-19T12:56:10.260+0530: 2705.363: [GC (Allocation Failure) [PSYoungGen: 173632K->64K(174080K)] 223564K->50028K(523776K), 0.0005497 secs] [Times: user=0.00 sys=0.00, real=0.00 secs] 
2018-03-19T12:56:10.388+0530: 2705.490: [GC (Allocation Failure) [PSYoungGen: 173632K->64K(174080K)] 223596K->50060K(523776K), 0.0005811 secs] [Times: user=0.00 sys=0.00, real=0.00 secs] 
2018-03-19T12:56:10.515+0530: 2705.618: [GC (Allocation Failure) [PSYoungGen: 173632K->32K(174080K)] 223628K->50052K(523776K), 0.0005621 secs] [Times: user=0.00 sys=0.00, real=0.00 secs] 
2018-03-19T12:56:10.642+0530: 2705.745: [GC (Allocation Failure) [PSYoungGen: 173600K->96K(174080K)] 223620K->50148K(523776K), 0.0005656 secs] [Times: user=0.00 sys=0.00, real=0.00 secs] 
2018-03-19T12:56:10.769+0530: 2705.871: [GC (Allocation Failure) [PSYoungGen: 173664K->96K(174080K)] 223716K->50180K(523776K), 0.0007049 secs] [Times: user=0.00 sys=0.00, real=0.00 secs] 
2018-03-19T12:56:10.893+0530: 2705.997: [GC (Allocation Failure) [PSYoungGen: 173664K->96K(174080K)] 223748K->50204K(523776K), 0.0006872 secs] [Times: user=0.00 sys=0.00, real=0.00 secs] 
2018-03-19T12:56:11.017+0530: 2706.121: [GC (Allocation Failure) [PSYoungGen: 173664K->96K(174080K)] 223772K->50236K(523776K), 0.0007885 secs] [Times: user=0.00 sys=0.00, real=0.00 secs] 
2018-03-19T12:56:11.143+0530: 2706.246: [GC (Allocation Failure) [PSYoungGen: 173664K->96K(174080K)] 223804K->50260K(523776K), 0.0005875 secs] [Times: user=0.00 sys=0.00, real=0.00 secs] 
2018-03-19T12:56:11.269+0530: 2706.372: [GC (Allocation Failure) [PSYoungGen: 173664K->64K(174080K)] 223828K->50260K(523776K), 0.0006241 secs] [Times: user=0.00 sys=0.00, real=0.00 secs] 
2018-03-19T12:56:11.398+0530: 2706.500: [GC (Allocation Failure) [PSYoungGen: 173632K->96K(174080K)] 223828K->50324K(523776K), 0.0007645 secs] [Times: user=0.00 sys=0.00, real=0.00 secs] 
2018-03-19T12:56:11.529+0530: 2706.632: [GC (Allocation Failure) [PSYoungGen: 173664K->64K(174080K)] 223892K->50308K(523776K), 0.0006150 secs] [Times: user=0.00 sys=0.00, real=0.00 secs] 
2018-03-19T12:56:11.680+0530: 2706.783: [GC (Allocation Failure) [PSYoungGen: 173632K->128K(174080K)] 223876K->50404K(523776K), 0.0005843 secs] [Times: user=0.00 sys=0.00, real=0.00 secs] 
2018-03-19T12:56:11.812+0530: 2706.916: [GC (Allocation Failure) [PSYoungGen: 173696K->96K(174080K)] 223972K->50404K(523776K), 0.0007148 secs] [Times: user=0.00 sys=0.00, real=0.00 secs] 
2018-03-19T12:56:11.940+0530: 2707.042: [GC (Allocation Failure) [PSYoungGen: 173664K->96K(174080K)] 223972K->50428K(523776K), 0.0005935 secs] [Times: user=0.00 sys=0.00, real=0.00 secs] 
2018-03-19T12:56:12.071+0530: 2707.174: [GC (Allocation Failure) [PSYoungGen: 173664K->64K(174080K)] 223996K->50428K(523776K), 0.0007913 secs] [Times: user=0.00 sys=0.00, real=0.00 secs] 
2018-03-19T12:56:12.197+0530: 2707.300: [GC (Allocation Failure) [PSYoungGen: 173632K->64K(174080K)] 223996K->50452K(523776K), 0.0005903 secs] [Times: user=0.00 sys=0.00, real=0.00 secs] 
2018-03-19T12:56:12.326+0530: 2707.429: [GC (Allocation Failure) [PSYoungGen: 173632K->96K(174080K)] 224020K->50508K(523776K), 0.0006016 secs] [Times: user=0.00 sys=0.00, real=0.00 secs] 
2018-03-19T12:56:12.452+0530: 2707.554: [GC (Allocation Failure) [PSYoungGen: 173664K->96K(174080K)] 224076K->50540K(523776K), 0.0008001 secs] [Times: user=0.00 sys=0.00, real=0.00 secs] 
2018-03-19T12:56:12.577+0530: 2707.679: [GC (Allocation Failure) [PSYoungGen: 173664K->32K(174080K)] 224108K->50500K(523776K), 0.0006834 secs] [Times: user=0.00 sys=0.00, real=0.00 secs] 
2018-03-19T12:56:12.703+0530: 2707.806: [GC (Allocation Failure) [PSYoungGen: 173600K->32K(174080K)] 224068K->50532K(523776K), 0.0005843 secs] [Times: user=0.00 sys=0.00, real=0.00 secs] 
2018-03-19T12:56:12.826+0530: 2707.930: [GC (Allocation Failure) [PSYoungGen: 173600K->64K(174080K)] 224100K->50588K(523776K), 0.0006915 secs] [Times: user=0.00 sys=0.00, real=0.00 secs] 
2018-03-19T12:56:12.953+0530: 2708.056: [GC (Allocation Failure) [PSYoungGen: 173632K->64K(174080K)] 224156K->50604K(523776K), 0.0007232 secs] [Times: user=0.00 sys=0.00, real=0.00 secs] 
2018-03-19T12:56:13.082+0530: 2708.184: [GC (Allocation Failure) [PSYoungGen: 173632K->96K(174080K)] 224172K->50660K(523776K), 0.0005755 secs] [Times: user=0.00 sys=0.00, real=0.00 secs] 
2018-03-19T12:56:13.211+0530: 2708.314: [GC (Allocation Failure) [PSYoungGen: 173664K->64K(174080K)] 224228K->50644K(523776K), 0.0005973 secs] [Times: user=0.00 sys=0.00, real=0.00 secs] 
2018-03-19T12:56:13.338+0530: 2708.441: [GC (Allocation Failure) [PSYoungGen: 173632K->64K(174080K)] 224212K->50676K(523776K), 0.0007497 secs] [Times: user=0.00 sys=0.00, real=0.00 secs] 
2018-03-19T12:56:13.466+0530: 2708.569: [GC (Allocation Failure) [PSYoungGen: 173632K->96K(174080K)] 224244K->50732K(523776K), 0.0007176 secs] [Times: user=0.00 sys=0.00, real=0.00 secs] 
2018-03-19T12:56:13.594+0530: 2708.696: [GC (Allocation Failure) [PSYoungGen: 173664K->96K(174080K)] 224300K->50756K(523776K), 0.0005864 secs] [Times: user=0.00 sys=0.00, real=0.00 secs] 
2018-03-19T12:56:13.719+0530: 2708.822: [GC (Allocation Failure) [PSYoungGen: 173664K->96K(174080K)] 224324K->50788K(523776K), 0.0006040 secs] [Times: user=0.00 sys=0.00, real=0.00 secs] 
2018-03-19T12:56:13.844+0530: 2708.946: [GC (Allocation Failure) [PSYoungGen: 173664K->96K(174080K)] 224356K->50820K(523776K), 0.0006023 secs] [Times: user=0.00 sys=0.00, real=0.00 secs] 
2018-03-19T12:56:13.968+0530: 2709.071: [GC (Allocation Failure) [PSYoungGen: 173664K->96K(174080K)] 224388K->50844K(523776K), 0.0006217 secs] [Times: user=0.00 sys=0.00, real=0.00 secs] 
2018-03-19T12:56:14.093+0530: 2709.196: [GC (Allocation Failure) [PSYoungGen: 173664K->64K(174080K)] 224412K->50844K(523776K), 0.0005959 secs] [Times: user=0.00 sys=0.00, real=0.00 secs] 
2018-03-19T12:56:14.218+0530: 2709.321: [GC (Allocation Failure) [PSYoungGen: 173632K->96K(174080K)] 224412K->50892K(523776K), 0.0007028 secs] [Times: user=0.00 sys=0.00, real=0.00 secs] 
2018-03-19T12:56:14.344+0530: 2709.447: [GC (Allocation Failure) [PSYoungGen: 173664K->96K(174080K)] 224460K->50916K(523776K), 0.0006037 secs] [Times: user=0.00 sys=0.00, real=0.00 secs] 
2018-03-19T12:56:14.468+0530: 2709.572: [GC (Allocation Failure) [PSYoungGen: 173664K->64K(174080K)] 224484K->50916K(523776K), 0.0005917 secs] [Times: user=0.00 sys=0.00, real=0.00 secs] 
2018-03-19T12:56:14.597+0530: 2709.700: [GC (Allocation Failure) [PSYoungGen: 173632K->96K(174080K)] 224484K->50964K(523776K), 0.0005815 secs] [Times: user=0.00 sys=0.00, real=0.00 secs] 
2018-03-19T12:56:14.723+0530: 2709.826: [GC (Allocation Failure) [PSYoungGen: 173664K->96K(174080K)] 224532K->50996K(523776K), 0.0005776 secs] [Times: user=0.00 sys=0.00, real=0.00 secs] 
2018-03-19T12:56:14.861+0530: 2709.964: [GC (Allocation Failure) [PSYoungGen: 173664K->96K(174080K)] 224564K->51028K(523776K), 0.0007585 secs] [Times: user=0.00 sys=0.00, real=0.00 secs] 
2018-03-19T12:56:14.988+0530: 2710.091: [GC (Allocation Failure) [PSYoungGen: 173664K->96K(174080K)] 224596K->51052K(523776K), 0.0006111 secs] [Times: user=0.00 sys=0.00, real=0.00 secs] 
2018-03-19T12:56:15.113+0530: 2710.216: [GC (Allocation Failure) [PSYoungGen: 173664K->64K(174080K)] 224620K->51036K(523776K), 0.0007246 secs] [Times: user=0.00 sys=0.00, real=0.00 secs] 
2018-03-19T12:56:15.238+0530: 2710.341: [GC (Allocation Failure) [PSYoungGen: 173632K->96K(174080K)] 224604K->51084K(523776K), 0.0006136 secs] [Times: user=0.00 sys=0.00, real=0.00 secs] 
2018-03-19T12:56:15.364+0530: 2710.467: [GC (Allocation Failure) [PSYoungGen: 173664K->96K(174080K)] 224652K->51116K(523776K), 0.0005755 secs] [Times: user=0.00 sys=0.00, real=0.00 secs] 
2018-03-19T12:56:15.489+0530: 2710.592: [GC (Allocation Failure) [PSYoungGen: 173664K->96K(174080K)] 224684K->51148K(523776K), 0.0006157 secs] [Times: user=0.00 sys=0.00, real=0.00 secs] 
2018-03-19T12:56:15.620+0530: 2710.722: [GC (Allocation Failure) [PSYoungGen: 173664K->96K(174080K)] 224716K->51164K(523776K), 0.0006026 secs] [Times: user=0.00 sys=0.00, real=0.00 secs] 
2018-03-19T12:56:15.745+0530: 2710.847: [GC (Allocation Failure) [PSYoungGen: 173664K->96K(174080K)] 224732K->51188K(523776K), 0.0006171 secs] [Times: user=0.00 sys=0.00, real=0.00 secs] 
2018-03-19T12:56:15.869+0530: 2710.972: [GC (Allocation Failure) [PSYoungGen: 173664K->96K(174080K)] 224756K->51220K(523776K), 0.0006287 secs] [Times: user=0.00 sys=0.00, real=0.00 secs] 
2018-03-19T12:56:15.996+0530: 2711.098: [GC (Allocation Failure) [PSYoungGen: 173664K->96K(174080K)] 224788K->51252K(523776K), 0.0005927 secs] [Times: user=0.00 sys=0.00, real=0.00 secs] 
2018-03-19T12:56:16.120+0530: 2711.223: [GC (Allocation Failure) [PSYoungGen: 173664K->96K(174080K)] 224820K->51284K(523776K), 0.0006894 secs] [Times: user=0.00 sys=0.00, real=0.00 secs] 
2018-03-19T12:56:16.245+0530: 2711.348: [GC (Allocation Failure) [PSYoungGen: 173664K->96K(174080K)] 224852K->51316K(523776K), 0.0007289 secs] [Times: user=0.00 sys=0.00, real=0.00 secs] 
2018-03-19T12:56:16.378+0530: 2711.481: [GC (Allocation Failure) [PSYoungGen: 173664K->128K(174080K)] 224884K->51372K(523776K), 0.0006911 secs] [Times: user=0.00 sys=0.00, real=0.00 secs] 
2018-03-19T12:56:16.503+0530: 2711.605: [GC (Allocation Failure) [PSYoungGen: 173696K->96K(174080K)] 224940K->51372K(523776K), 0.0005868 secs] [Times: user=0.00 sys=0.00, real=0.00 secs] 
2018-03-19T12:56:16.627+0530: 2711.730: [GC (Allocation Failure) [PSYoungGen: 173664K->32K(174080K)] 224940K->51332K(523776K), 0.0006199 secs] [Times: user=0.00 sys=0.00, real=0.00 secs] 
2018-03-19T12:56:16.753+0530: 2711.856: [GC (Allocation Failure) [PSYoungGen: 173600K->96K(174080K)] 224900K->51428K(523776K), 0.0007253 secs] [Times: user=0.00 sys=0.00, real=0.00 secs] 
2018-03-19T12:56:16.877+0530: 2711.980: [GC (Allocation Failure) [PSYoungGen: 173664K->96K(174080K)] 224996K->51452K(523776K), 0.0005913 secs] [Times: user=0.00 sys=0.00, real=0.00 secs] 
2018-03-19T12:56:17.001+0530: 2712.104: [GC (Allocation Failure) [PSYoungGen: 173664K->96K(174080K)] 225020K->51484K(523776K), 0.0006619 secs] [Times: user=0.00 sys=0.00, real=0.00 secs] 
2018-03-19T12:56:17.129+0530: 2712.231: [GC (Allocation Failure) [PSYoungGen: 173664K->96K(174080K)] 225052K->51508K(523776K), 0.0007542 secs] [Times: user=0.00 sys=0.00, real=0.00 secs] 
2018-03-19T12:56:17.254+0530: 2712.356: [GC (Allocation Failure) [PSYoungGen: 173664K->96K(174080K)] 225076K->51540K(523776K), 0.0005875 secs] [Times: user=0.00 sys=0.00, real=0.00 secs] 
2018-03-19T12:56:17.457+0530: 2712.560: [GC (Allocation Failure) [PSYoungGen: 173664K->96K(174080K)] 225108K->51564K(523776K), 0.0006210 secs] [Times: user=0.00 sys=0.00, real=0.00 secs] 
2018-03-19T12:56:17.645+0530: 2712.748: [GC (Allocation Failure) [PSYoungGen: 173664K->96K(174080K)] 225132K->51580K(523776K), 0.0006009 secs] [Times: user=0.00 sys=0.00, real=0.00 secs] 
2018-03-19T12:56:17.823+0530: 2712.925: [GC (Allocation Failure) [PSYoungGen: 173664K->96K(174080K)] 225148K->51612K(523776K), 0.0006227 secs] [Times: user=0.00 sys=0.00, real=0.00 secs] 
2018-03-19T12:56:17.949+0530: 2713.052: [GC (Allocation Failure) [PSYoungGen: 173664K->96K(174080K)] 225180K->51636K(523776K), 0.0007042 secs] [Times: user=0.00 sys=0.00, real=0.00 secs] 
2018-03-19T12:56:18.074+0530: 2713.176: [GC (Allocation Failure) [PSYoungGen: 173664K->96K(174080K)] 225204K->51660K(523776K), 0.0007179 secs] [Times: user=0.00 sys=0.00, real=0.00 secs] 
2018-03-19T12:56:18.199+0530: 2713.302: [GC (Allocation Failure) [PSYoungGen: 173664K->96K(174080K)] 225228K->51676K(523776K), 0.0005913 secs] [Times: user=0.00 sys=0.00, real=0.00 secs] 
2018-03-19T12:56:18.326+0530: 2713.429: [GC (Allocation Failure) [PSYoungGen: 173664K->32K(174080K)] 225244K->51636K(523776K), 0.0006016 secs] [Times: user=0.00 sys=0.00, real=0.00 secs] 
2018-03-19T12:56:18.451+0530: 2713.554: [GC (Allocation Failure) [PSYoungGen: 173600K->64K(174080K)] 225204K->51700K(523776K), 0.0005942 secs] [Times: user=0.00 sys=0.00, real=0.00 secs] 
2018-03-19T12:56:18.578+0530: 2713.681: [GC (Allocation Failure) [PSYoungGen: 173632K->96K(174080K)] 225268K->51756K(523776K), 0.0007278 secs] [Times: user=0.00 sys=0.00, real=0.00 secs] 
2018-03-19T12:56:18.705+0530: 2713.807: [GC (Allocation Failure) [PSYoungGen: 173664K->64K(174080K)] 225324K->51756K(523776K), 0.0005882 secs] [Times: user=0.00 sys=0.00, real=0.00 secs] 
2018-03-19T12:56:18.832+0530: 2713.934: [GC (Allocation Failure) [PSYoungGen: 173632K->96K(174080K)] 225324K->51820K(523776K), 0.0005917 secs] [Times: user=0.00 sys=0.00, real=0.00 secs] 
2018-03-19T12:56:18.958+0530: 2714.060: [GC (Allocation Failure) [PSYoungGen: 173664K->96K(174080K)] 225388K->51852K(523776K), 0.0006968 secs] [Times: user=0.00 sys=0.00, real=0.00 secs] 
2018-03-19T12:56:19.085+0530: 2714.188: [GC (Allocation Failure) [PSYoungGen: 173664K->96K(174080K)] 225420K->51884K(523776K), 0.0006502 secs] [Times: user=0.00 sys=0.00, real=0.00 secs] 
2018-03-19T12:56:19.212+0530: 2714.315: [GC (Allocation Failure) [PSYoungGen: 173664K->96K(174080K)] 225452K->51916K(523776K), 0.0005836 secs] [Times: user=0.00 sys=0.00, real=0.00 secs] 
2018-03-19T12:56:19.341+0530: 2714.444: [GC (Allocation Failure) [PSYoungGen: 173664K->32K(174080K)] 225484K->51876K(523776K), 0.0006065 secs] [Times: user=0.00 sys=0.00, real=0.00 secs] 
2018-03-19T12:56:19.467+0530: 2714.570: [GC (Allocation Failure) [PSYoungGen: 173600K->96K(174080K)] 225444K->51964K(523776K), 0.0007821 secs] [Times: user=0.00 sys=0.00, real=0.00 secs] 
2018-03-19T12:56:19.614+0530: 2714.717: [GC (Allocation Failure) [PSYoungGen: 173664K->64K(174080K)] 225532K->51956K(523776K), 0.0011933 secs] [Times: user=0.00 sys=0.00, real=0.00 secs] 
2018-03-19T12:56:19.744+0530: 2714.847: [GC (Allocation Failure) [PSYoungGen: 173632K->96K(174080K)] 225524K->52004K(523776K), 0.0007842 secs] [Times: user=0.00 sys=0.00, real=0.00 secs] 
2018-03-19T12:56:19.870+0530: 2714.973: [GC (Allocation Failure) [PSYoungGen: 173664K->64K(174080K)] 225572K->51996K(523776K), 0.0005942 secs] [Times: user=0.00 sys=0.00, real=0.00 secs] 
2018-03-19T12:56:20.002+0530: 2715.105: [GC (Allocation Failure) [PSYoungGen: 173632K->64K(174080K)] 225564K->52012K(523776K), 0.0005603 secs] [Times: user=0.00 sys=0.00, real=0.00 secs] 
2018-03-19T12:56:20.135+0530: 2715.238: [GC (Allocation Failure) [PSYoungGen: 173632K->96K(174080K)] 225580K->52068K(523776K), 0.0007320 secs] [Times: user=0.00 sys=0.00, real=0.00 secs] 
2018-03-19T12:56:20.262+0530: 2715.364: [GC (Allocation Failure) [PSYoungGen: 173664K->96K(174080K)] 225636K->52092K(523776K), 0.0005949 secs] [Times: user=0.00 sys=0.00, real=0.00 secs] 
2018-03-19T12:56:20.391+0530: 2715.494: [GC (Allocation Failure) [PSYoungGen: 173664K->64K(174080K)] 225660K->52084K(523776K), 0.0006858 secs] [Times: user=0.00 sys=0.00, real=0.00 secs] 
2018-03-19T12:56:20.745+0530: 2715.848: [GC (Allocation Failure) [PSYoungGen: 173632K->96K(174080K)] 225652K->52132K(523776K), 0.0005829 secs] [Times: user=0.00 sys=0.00, real=0.00 secs] 
2018-03-19T12:56:20.912+0530: 2716.014: [GC (Allocation Failure) [PSYoungGen: 173664K->64K(174080K)] 225700K->52124K(523776K), 0.0007391 secs] [Times: user=0.00 sys=0.00, real=0.00 secs] 
2018-03-19T12:56:21.072+0530: 2716.175: [GC (Allocation Failure) [PSYoungGen: 173632K->96K(174080K)] 225692K->52172K(523776K), 0.0006580 secs] [Times: user=0.00 sys=0.00, real=0.00 secs] 
2018-03-19T12:56:21.244+0530: 2716.347: [GC (Allocation Failure) [PSYoungGen: 173664K->96K(174080K)] 225740K->52196K(523776K), 0.0005994 secs] [Times: user=0.00 sys=0.00, real=0.00 secs] 
2018-03-19T12:56:21.384+0530: 2716.487: [GC (Allocation Failure) [PSYoungGen: 173664K->96K(174080K)] 225764K->52220K(523776K), 0.0006344 secs] [Times: user=0.06 sys=0.00, real=0.00 secs] 
2018-03-19T12:56:21.513+0530: 2716.615: [GC (Allocation Failure) [PSYoungGen: 173664K->64K(174080K)] 225788K->52204K(523776K), 0.0006414 secs] [Times: user=0.00 sys=0.00, real=0.00 secs] 
2018-03-19T12:56:21.645+0530: 2716.748: [GC (Allocation Failure) [PSYoungGen: 173632K->96K(174080K)] 225772K->52260K(523776K), 0.0007197 secs] [Times: user=0.00 sys=0.00, real=0.00 secs] 
2018-03-19T12:56:21.772+0530: 2716.875: [GC (Allocation Failure) [PSYoungGen: 173664K->96K(174080K)] 225828K->52284K(523776K), 0.0005899 secs] [Times: user=0.00 sys=0.00, real=0.00 secs] 
2018-03-19T12:56:22.056+0530: 2717.159: [GC (Allocation Failure) [PSYoungGen: 173664K->96K(174080K)] 225852K->52300K(523776K), 0.0007257 secs] [Times: user=0.00 sys=0.00, real=0.00 secs] 
2018-03-19T12:56:22.278+0530: 2717.381: [GC (Allocation Failure) [PSYoungGen: 173664K->96K(174080K)] 225868K->52324K(523776K), 0.0006379 secs] [Times: user=0.00 sys=0.00, real=0.00 secs] 
2018-03-19T12:56:22.454+0530: 2717.557: [GC (Allocation Failure) [PSYoungGen: 173664K->96K(174080K)] 225892K->52340K(523776K), 0.0006220 secs] [Times: user=0.00 sys=0.00, real=0.00 secs] 
2018-03-19T12:56:22.601+0530: 2717.704: [GC (Allocation Failure) [PSYoungGen: 173664K->64K(174080K)] 225908K->52332K(523776K), 0.0006121 secs] [Times: user=0.00 sys=0.00, real=0.00 secs] 
2018-03-19T12:56:22.743+0530: 2717.846: [GC (Allocation Failure) [PSYoungGen: 173632K->64K(174080K)] 225900K->52348K(523776K), 0.0006164 secs] [Times: user=0.00 sys=0.00, real=0.00 secs] 
2018-03-19T12:56:22.944+0530: 2718.047: [GC (Allocation Failure) [PSYoungGen: 173632K->96K(174080K)] 225916K->52404K(523776K), 0.0006192 secs] [Times: user=0.00 sys=0.00, real=0.00 secs] 
2018-03-19T12:56:23.316+0530: 2718.419: [GC (Allocation Failure) [PSYoungGen: 173664K->32K(174080K)] 225972K->52364K(523776K), 0.0018107 secs] [Times: user=0.00 sys=0.00, real=0.00 secs] 
2018-03-19T12:56:23.751+0530: 2718.854: [GC (Allocation Failure) [PSYoungGen: 173600K->64K(174080K)] 225932K->52428K(523776K), 0.0016146 secs] [Times: user=0.00 sys=0.00, real=0.00 secs] 
2018-03-19T12:56:24.209+0530: 2719.312: [GC (Allocation Failure) [PSYoungGen: 173632K->96K(174080K)] 225996K->52484K(523776K), 0.0022522 secs] [Times: user=0.00 sys=0.00, real=0.00 secs] 
2018-03-19T12:56:24.609+0530: 2719.713: [GC (Allocation Failure) [PSYoungGen: 173664K->128K(174080K)] 226052K->52548K(523776K), 0.0015251 secs] [Times: user=0.00 sys=0.00, real=0.00 secs] 
2018-03-19T12:56:24.959+0530: 2720.062: [GC (Allocation Failure) [PSYoungGen: 173696K->96K(174080K)] 226116K->52548K(523776K), 0.0014080 secs] [Times: user=0.00 sys=0.00, real=0.00 secs] 
2018-03-19T12:56:25.316+0530: 2720.419: [GC (Allocation Failure) [PSYoungGen: 173664K->64K(174080K)] 226116K->52532K(523776K), 0.0017426 secs] [Times: user=0.00 sys=0.00, real=0.00 secs] 
2018-03-19T12:56:25.708+0530: 2720.811: [GC (Allocation Failure) [PSYoungGen: 173632K->96K(174080K)] 226100K->52596K(523776K), 0.0015060 secs] [Times: user=0.00 sys=0.00, real=0.00 secs] 
2018-03-19T12:56:26.044+0530: 2721.147: [GC (Allocation Failure) [PSYoungGen: 173664K->64K(174080K)] 226164K->52580K(523776K), 0.0013054 secs] [Times: user=0.00 sys=0.00, real=0.00 secs] 
2018-03-19T12:56:26.371+0530: 2721.474: [GC (Allocation Failure) [PSYoungGen: 173632K->64K(174080K)] 226148K->52612K(523776K), 0.0011897 secs] [Times: user=0.00 sys=0.00, real=0.00 secs] 
2018-03-19T12:56:26.674+0530: 2721.776: [GC (Allocation Failure) [PSYoungGen: 173632K->96K(174080K)] 226180K->52676K(523776K), 0.0011256 secs] [Times: user=0.00 sys=0.00, real=0.00 secs] 
2018-03-19T12:56:27.004+0530: 2722.107: [GC (Allocation Failure) [PSYoungGen: 173664K->96K(174080K)] 226244K->52708K(523776K), 0.0013368 secs] [Times: user=0.00 sys=0.00, real=0.00 secs] 
2018-03-19T12:56:27.763+0530: 2722.866: [GC (Allocation Failure) [PSYoungGen: 173664K->96K(174080K)] 226276K->52740K(523776K), 0.0015085 secs] [Times: user=0.00 sys=0.00, real=0.00 secs] 
2018-03-19T12:56:28.303+0530: 2723.406: [GC (Allocation Failure) [PSYoungGen: 173664K->96K(174080K)] 226308K->52772K(523776K), 0.0014845 secs] [Times: user=0.00 sys=0.00, real=0.00 secs] 
2018-03-19T12:56:28.720+0530: 2723.823: [GC (Allocation Failure) [PSYoungGen: 173664K->32K(174080K)] 226340K->52724K(523776K), 0.0029521 secs] [Times: user=0.00 sys=0.00, real=0.00 secs] 
2018-03-19T12:56:29.535+0530: 2724.639: [GC (Allocation Failure) [PSYoungGen: 173600K->32K(174080K)] 226292K->52740K(523776K), 0.0019242 secs] [Times: user=0.00 sys=0.00, real=0.00 secs] 
2018-03-19T12:56:30.163+0530: 2725.267: [GC (Allocation Failure) [PSYoungGen: 173600K->96K(174080K)] 226308K->52828K(523776K), 0.0015815 secs] [Times: user=0.00 sys=0.00, real=0.00 secs] 
2018-03-19T12:56:30.503+0530: 2725.606: [GC (Allocation Failure) [PSYoungGen: 173664K->96K(174080K)] 226396K->52860K(523776K), 0.0015543 secs] [Times: user=0.00 sys=0.00, real=0.00 secs] 
2018-03-19T12:56:30.842+0530: 2725.945: [GC (Allocation Failure) [PSYoungGen: 173664K->96K(174080K)] 226428K->52892K(523776K), 0.0014242 secs] [Times: user=0.00 sys=0.00, real=0.00 secs] 
2018-03-19T12:56:31.169+0530: 2726.272: [GC (Allocation Failure) [PSYoungGen: 173664K->64K(174080K)] 226460K->52892K(523776K), 0.0011964 secs] [Times: user=0.00 sys=0.00, real=0.00 secs] 
2018-03-19T12:56:31.740+0530: 2726.843: [GC (Allocation Failure) [PSYoungGen: 173632K->96K(174080K)] 226460K->52956K(523776K), 0.0020617 secs] [Times: user=0.00 sys=0.00, real=0.00 secs] 
2018-03-19T12:56:32.220+0530: 2727.323: [GC (Allocation Failure) [PSYoungGen: 173664K->64K(174080K)] 226524K->52940K(523776K), 0.0019108 secs] [Times: user=0.00 sys=0.00, real=0.00 secs] 
2018-03-19T12:56:32.739+0530: 2727.841: [GC (Allocation Failure) [PSYoungGen: 173632K->64K(174080K)] 226508K->52972K(523776K), 0.0016855 secs] [Times: user=0.00 sys=0.00, real=0.00 secs] 
2018-03-19T12:56:33.197+0530: 2728.299: [GC (Allocation Failure) [PSYoungGen: 173632K->64K(174080K)] 226540K->53004K(523776K), 0.0012229 secs] [Times: user=0.00 sys=0.00, real=0.00 secs] 
2018-03-19T12:56:33.544+0530: 2728.646: [GC (Allocation Failure) [PSYoungGen: 173632K->96K(174080K)] 226572K->53052K(523776K), 0.0013678 secs] [Times: user=0.00 sys=0.00, real=0.00 secs] 
2018-03-19T12:56:33.870+0530: 2728.973: [GC (Allocation Failure) [PSYoungGen: 173664K->64K(174080K)] 226620K->53052K(523776K), 0.0011509 secs] [Times: user=0.00 sys=0.00, real=0.00 secs] 
2018-03-19T12:56:34.188+0530: 2729.291: [GC (Allocation Failure) [PSYoungGen: 173632K->64K(174080K)] 226620K->53084K(523776K), 0.0013297 secs] [Times: user=0.00 sys=0.00, real=0.00 secs] 
2018-03-19T12:56:34.524+0530: 2729.627: [GC (Allocation Failure) [PSYoungGen: 173632K->32K(174080K)] 226652K->53068K(523776K), 0.0013336 secs] [Times: user=0.05 sys=0.00, real=0.00 secs] 
2018-03-19T12:56:34.828+0530: 2729.931: [GC (Allocation Failure) [PSYoungGen: 173600K->96K(174080K)] 226636K->53164K(523776K), 0.0012846 secs] [Times: user=0.00 sys=0.00, real=0.00 secs] 
2018-03-19T12:56:35.152+0530: 2730.256: [GC (Allocation Failure) [PSYoungGen: 173664K->128K(174080K)] 226732K->53212K(523776K), 0.0013251 secs] [Times: user=0.00 sys=0.00, real=0.00 secs] 
2018-03-19T12:56:35.483+0530: 2730.586: [GC (Allocation Failure) [PSYoungGen: 173696K->96K(174080K)] 226780K->53204K(523776K), 0.0011467 secs] [Times: user=0.00 sys=0.00, real=0.00 secs] 
2018-03-19T12:56:35.847+0530: 2730.949: [GC (Allocation Failure) [PSYoungGen: 173664K->64K(174080K)] 226772K->53204K(523776K), 0.0014887 secs] [Times: user=0.00 sys=0.00, real=0.00 secs] 
2018-03-19T12:56:36.169+0530: 2731.272: [GC (Allocation Failure) [PSYoungGen: 173632K->96K(174080K)] 226772K->53268K(523776K), 0.0011164 secs] [Times: user=0.00 sys=0.00, real=0.00 secs] 
2018-03-19T12:56:36.965+0530: 2732.068: [GC (Allocation Failure) [PSYoungGen: 173664K->32K(174080K)] 226836K->53220K(523776K), 0.0015847 secs] [Times: user=0.00 sys=0.00, real=0.00 secs] 
2018-03-19T12:56:37.487+0530: 2732.590: [GC (Allocation Failure) [PSYoungGen: 173600K->64K(174080K)] 226788K->53276K(523776K), 0.0023241 secs] [Times: user=0.00 sys=0.00, real=0.00 secs] 
2018-03-19T12:56:37.909+0530: 2733.011: [GC (Allocation Failure) [PSYoungGen: 173632K->96K(174080K)] 226844K->53332K(523776K), 0.0011291 secs] [Times: user=0.00 sys=0.00, real=0.00 secs] 
2018-03-19T12:56:38.409+0530: 2733.512: [GC (Allocation Failure) [PSYoungGen: 173664K->96K(174080K)] 226900K->53364K(523776K), 0.0013586 secs] [Times: user=0.00 sys=0.00, real=0.00 secs] 
2018-03-19T12:56:38.702+0530: 2733.805: [GC (Allocation Failure) [PSYoungGen: 173664K->96K(174080K)] 226932K->53396K(523776K), 0.0013026 secs] [Times: user=0.00 sys=0.00, real=0.00 secs] 
2018-03-19T12:56:39.037+0530: 2734.140: [GC (Allocation Failure) [PSYoungGen: 173664K->64K(174080K)] 226964K->53380K(523776K), 0.0012775 secs] [Times: user=0.00 sys=0.00, real=0.00 secs] 
2018-03-19T12:56:39.353+0530: 2734.456: [GC (Allocation Failure) [PSYoungGen: 173632K->64K(174080K)] 226948K->53404K(523776K), 0.0017282 secs] [Times: user=0.00 sys=0.00, real=0.00 secs] 
2018-03-19T12:56:39.765+0530: 2734.867: [GC (Allocation Failure) [PSYoungGen: 173632K->64K(174080K)] 226972K->53428K(523776K), 0.0017349 secs] [Times: user=0.00 sys=0.00, real=0.00 secs] 
2018-03-19T12:56:40.235+0530: 2735.338: [GC (Allocation Failure) [PSYoungGen: 173632K->96K(174080K)] 226996K->53492K(523776K), 0.0014849 secs] [Times: user=0.00 sys=0.00, real=0.00 secs] 
2018-03-19T12:56:40.655+0530: 2735.758: [GC (Allocation Failure) [PSYoungGen: 173664K->32K(174080K)] 227060K->53452K(523776K), 0.0016513 secs] [Times: user=0.00 sys=0.00, real=0.00 secs] 
2018-03-19T12:56:41.112+0530: 2736.216: [GC (Allocation Failure) [PSYoungGen: 173600K->32K(174080K)] 227020K->53476K(523776K), 0.0016964 secs] [Times: user=0.00 sys=0.00, real=0.00 secs] 
2018-03-19T12:56:41.484+0530: 2736.587: [GC (Allocation Failure) [PSYoungGen: 173600K->64K(174080K)] 227044K->53540K(523776K), 0.0015744 secs] [Times: user=0.00 sys=0.00, real=0.00 secs] 
2018-03-19T12:56:41.891+0530: 2736.994: [GC (Allocation Failure) [PSYoungGen: 173632K->32K(174080K)] 227108K->53540K(523776K), 0.0016904 secs] [Times: user=0.00 sys=0.00, real=0.00 secs] 
2018-03-19T12:56:42.258+0530: 2737.361: [GC (Allocation Failure) [PSYoungGen: 173600K->32K(174080K)] 227108K->53564K(523776K), 0.0014947 secs] [Times: user=0.00 sys=0.01, real=0.00 secs] 
2018-03-19T12:56:42.618+0530: 2737.721: [GC (Allocation Failure) [PSYoungGen: 173600K->96K(174080K)] 227132K->53660K(523776K), 0.0014031 secs] [Times: user=0.00 sys=0.00, real=0.00 secs] 
2018-03-19T12:56:42.945+0530: 2738.048: [GC (Allocation Failure) [PSYoungGen: 173664K->96K(174080K)] 227228K->53684K(523776K), 0.0012536 secs] [Times: user=0.00 sys=0.00, real=0.00 secs] 
2018-03-19T12:56:43.269+0530: 2738.372: [GC (Allocation Failure) [PSYoungGen: 173664K->96K(174080K)] 227252K->53708K(523776K), 0.0013128 secs] [Times: user=0.00 sys=0.00, real=0.00 secs] 
2018-03-19T12:56:43.666+0530: 2738.769: [GC (Allocation Failure) [PSYoungGen: 173664K->96K(174080K)] 227276K->53740K(523776K), 0.0015949 secs] [Times: user=0.00 sys=0.00, real=0.00 secs] 
2018-03-19T12:56:44.014+0530: 2739.117: [GC (Allocation Failure) [PSYoungGen: 173664K->64K(174080K)] 227308K->53732K(523776K), 0.0014930 secs] [Times: user=0.00 sys=0.00, real=0.00 secs] 
2018-03-19T12:56:44.346+0530: 2739.449: [GC (Allocation Failure) [PSYoungGen: 173632K->96K(174080K)] 227300K->53788K(523776K), 0.0014602 secs] [Times: user=0.00 sys=0.00, real=0.00 secs] 
2018-03-19T12:56:44.691+0530: 2739.794: [GC (Allocation Failure) [PSYoungGen: 173664K->96K(174080K)] 227356K->53812K(523776K), 0.0017507 secs] [Times: user=0.00 sys=0.00, real=0.00 secs] 
2018-03-19T12:56:45.031+0530: 2740.134: [GC (Allocation Failure) [PSYoungGen: 173664K->96K(174080K)] 227380K->53836K(523776K), 0.0012179 secs] [Times: user=0.00 sys=0.00, real=0.00 secs] 
2018-03-19T12:56:45.385+0530: 2740.488: [GC (Allocation Failure) [PSYoungGen: 173664K->64K(174080K)] 227404K->53820K(523776K), 0.0021682 secs] [Times: user=0.00 sys=0.00, real=0.00 secs] 
2018-03-19T12:56:45.811+0530: 2740.914: [GC (Allocation Failure) [PSYoungGen: 173632K->64K(174080K)] 227388K->53844K(523776K), 0.0018957 secs] [Times: user=0.00 sys=0.00, real=0.00 secs] 
2018-03-19T12:56:46.408+0530: 2741.510: [GC (Allocation Failure) [PSYoungGen: 173632K->64K(174080K)] 227412K->53868K(523776K), 0.0015258 secs] [Times: user=0.00 sys=0.00, real=0.00 secs] 
2018-03-19T12:56:46.754+0530: 2741.856: [GC (Allocation Failure) [PSYoungGen: 173632K->96K(174080K)] 227436K->53932K(523776K), 0.0013583 secs] [Times: user=0.00 sys=0.00, real=0.00 secs] 
2018-03-19T12:56:47.125+0530: 2742.228: [GC (Allocation Failure) [PSYoungGen: 173664K->96K(174080K)] 227500K->53956K(523776K), 0.0015945 secs] [Times: user=0.00 sys=0.00, real=0.00 secs] 
2018-03-19T12:56:47.546+0530: 2742.649: [GC (Allocation Failure) [PSYoungGen: 173664K->64K(174080K)] 227524K->53948K(523776K), 0.0026122 secs] [Times: user=0.00 sys=0.00, real=0.00 secs] 
2018-03-19T12:56:48.068+0530: 2743.171: [GC (Allocation Failure) [PSYoungGen: 173632K->64K(174080K)] 227516K->53980K(523776K), 0.0016002 secs] [Times: user=0.00 sys=0.00, real=0.00 secs] 
2018-03-19T12:56:48.451+0530: 2743.554: [GC (Allocation Failure) [PSYoungGen: 173632K->64K(174080K)] 227548K->53996K(523776K), 0.0026933 secs] [Times: user=0.00 sys=0.00, real=0.00 secs] 
2018-03-19T12:56:48.889+0530: 2743.992: [GC (Allocation Failure) [PSYoungGen: 173632K->96K(174080K)] 227564K->54052K(523776K), 0.0015081 secs] [Times: user=0.00 sys=0.00, real=0.00 secs] 
2018-03-19T12:56:49.402+0530: 2744.504: [GC (Allocation Failure) [PSYoungGen: 173664K->96K(174080K)] 227620K->54076K(523776K), 0.0017617 secs] [Times: user=0.00 sys=0.00, real=0.00 secs] 
2018-03-19T12:56:49.909+0530: 2745.012: [GC (Allocation Failure) [PSYoungGen: 173664K->96K(174080K)] 227644K->54108K(523776K), 0.0015653 secs] [Times: user=0.00 sys=0.00, real=0.00 secs] 
2018-03-19T12:56:50.390+0530: 2745.492: [GC (Allocation Failure) [PSYoungGen: 173664K->64K(174080K)] 227676K->54100K(523776K), 0.0023280 secs] [Times: user=0.00 sys=0.00, real=0.00 secs] 
2018-03-19T12:56:50.885+0530: 2745.988: [GC (Allocation Failure) [PSYoungGen: 173632K->64K(174080K)] 227668K->54124K(523776K), 0.0016189 secs] [Times: user=0.00 sys=0.00, real=0.00 secs] 
2018-03-19T12:56:51.508+0530: 2746.610: [GC (Allocation Failure) [PSYoungGen: 173632K->64K(174080K)] 227692K->54148K(523776K), 0.0017747 secs] [Times: user=0.00 sys=0.00, real=0.00 secs] 
2018-03-19T12:56:52.220+0530: 2747.323: [GC (Allocation Failure) [PSYoungGen: 173632K->96K(174080K)] 227716K->54204K(523776K), 0.0012952 secs] [Times: user=0.00 sys=0.00, real=0.00 secs] 
2018-03-19T12:56:52.838+0530: 2747.941: [GC (Allocation Failure) [PSYoungGen: 173664K->64K(174080K)] 227772K->54196K(523776K), 0.0018117 secs] [Times: user=0.00 sys=0.00, real=0.00 secs] 
2018-03-19T12:56:53.400+0530: 2748.502: [GC (Allocation Failure) [PSYoungGen: 173632K->96K(174080K)] 227764K->54244K(523776K), 0.0020275 secs] [Times: user=0.00 sys=0.00, real=0.00 secs] 
2018-03-19T12:56:54.006+0530: 2749.110: [GC (Allocation Failure) [PSYoungGen: 173664K->64K(174080K)] 227812K->54236K(523776K), 0.0019577 secs] [Times: user=0.00 sys=0.00, real=0.00 secs] 
2018-03-19T12:56:54.577+0530: 2749.680: [GC (Allocation Failure) [PSYoungGen: 173632K->64K(174080K)] 227804K->54260K(523776K), 0.0019454 secs] [Times: user=0.00 sys=0.00, real=0.00 secs] 
2018-03-19T12:56:54.999+0530: 2750.102: [GC (Allocation Failure) [PSYoungGen: 173632K->64K(174080K)] 227828K->54292K(523776K), 0.0011379 secs] [Times: user=0.00 sys=0.00, real=0.00 secs] 
2018-03-19T12:56:55.342+0530: 2750.445: [GC (Allocation Failure) [PSYoungGen: 173632K->96K(174080K)] 227860K->54356K(523776K), 0.0011830 secs] [Times: user=0.00 sys=0.00, real=0.00 secs] 
2018-03-19T12:56:55.839+0530: 2750.943: [GC (Allocation Failure) [PSYoungGen: 173664K->64K(174080K)] 227924K->54348K(523776K), 0.0019623 secs] [Times: user=0.00 sys=0.00, real=0.00 secs] 
2018-03-19T12:56:56.323+0530: 2751.426: [GC (Allocation Failure) [PSYoungGen: 173632K->64K(174080K)] 227916K->54380K(523776K), 0.0013375 secs] [Times: user=0.00 sys=0.00, real=0.00 secs] 
2018-03-19T12:56:56.633+0530: 2751.735: [GC (Allocation Failure) [PSYoungGen: 173632K->64K(174080K)] 227948K->54404K(523776K), 0.0013685 secs] [Times: user=0.00 sys=0.00, real=0.00 secs] 
2018-03-19T12:56:56.933+0530: 2752.036: [GC (Allocation Failure) [PSYoungGen: 173632K->96K(174080K)] 227972K->54468K(523776K), 0.0012158 secs] [Times: user=0.00 sys=0.00, real=0.00 secs] 
2018-03-19T12:56:57.228+0530: 2752.331: [GC (Allocation Failure) [PSYoungGen: 173664K->96K(174080K)] 228036K->54492K(523776K), 0.0012437 secs] [Times: user=0.00 sys=0.00, real=0.00 secs] 
2018-03-19T12:56:57.545+0530: 2752.649: [GC (Allocation Failure) [PSYoungGen: 173664K->96K(174080K)] 228060K->54516K(523776K), 0.0012490 secs] [Times: user=0.00 sys=0.00, real=0.00 secs] 
2018-03-19T12:56:57.842+0530: 2752.945: [GC (Allocation Failure) [PSYoungGen: 173664K->64K(174080K)] 228084K->54516K(523776K), 0.0013294 secs] [Times: user=0.00 sys=0.00, real=0.00 secs] 
2018-03-19T12:56:58.136+0530: 2753.239: [GC (Allocation Failure) [PSYoungGen: 173632K->64K(174080K)] 228084K->54548K(523776K), 0.0013100 secs] [Times: user=0.00 sys=0.00, real=0.00 secs] 
2018-03-19T12:56:58.437+0530: 2753.540: [GC (Allocation Failure) [PSYoungGen: 173632K->96K(174080K)] 228116K->54604K(523776K), 0.0012486 secs] [Times: user=0.00 sys=0.00, real=0.00 secs] 
2018-03-19T12:56:58.729+0530: 2753.832: [GC (Allocation Failure) [PSYoungGen: 173664K->96K(174080K)] 228172K->54636K(523776K), 0.0011640 secs] [Times: user=0.00 sys=0.00, real=0.00 secs] 
2018-03-19T12:56:59.156+0530: 2754.260: [GC (Allocation Failure) [PSYoungGen: 173664K->96K(174080K)] 228204K->54660K(523776K), 0.0014091 secs] [Times: user=0.00 sys=0.00, real=0.00 secs] 
2018-03-19T12:56:59.491+0530: 2754.594: [GC (Allocation Failure) [PSYoungGen: 173664K->64K(174080K)] 228228K->54644K(523776K), 0.0014768 secs] [Times: user=0.00 sys=0.00, real=0.00 secs] 
2018-03-19T12:56:59.934+0530: 2755.038: [GC (Allocation Failure) [PSYoungGen: 173632K->64K(174080K)] 228212K->54668K(523776K), 0.0014778 secs] [Times: user=0.00 sys=0.00, real=0.00 secs] 
2018-03-19T12:57:00.358+0530: 2755.461: [GC (Allocation Failure) [PSYoungGen: 173632K->64K(174080K)] 228236K->54700K(523776K), 0.0016316 secs] [Times: user=0.00 sys=0.00, real=0.00 secs] 
2018-03-19T12:57:00.813+0530: 2755.916: [GC (Allocation Failure) [PSYoungGen: 173632K->96K(174080K)] 228268K->54764K(523776K), 0.0013301 secs] [Times: user=0.00 sys=0.00, real=0.00 secs] 
2018-03-19T12:57:01.226+0530: 2756.329: [GC (Allocation Failure) [PSYoungGen: 173664K->96K(174080K)] 228332K->54780K(523776K), 0.0027628 secs] [Times: user=0.05 sys=0.00, real=0.00 secs] 
2018-03-19T12:57:01.698+0530: 2756.800: [GC (Allocation Failure) [PSYoungGen: 173664K->96K(174080K)] 228348K->54812K(523776K), 0.0015797 secs] [Times: user=0.00 sys=0.00, real=0.00 secs] 
2018-03-19T12:57:02.181+0530: 2757.284: [GC (Allocation Failure) [PSYoungGen: 173664K->64K(174080K)] 228380K->54804K(523776K), 0.0020808 secs] [Times: user=0.00 sys=0.00, real=0.00 secs] 
2018-03-19T12:57:02.685+0530: 2757.787: [GC (Allocation Failure) [PSYoungGen: 173632K->96K(174080K)] 228372K->54852K(523776K), 0.0021838 secs] [Times: user=0.00 sys=0.00, real=0.00 secs] 
2018-03-19T12:57:03.241+0530: 2758.344: [GC (Allocation Failure) [PSYoungGen: 173664K->64K(174080K)] 228420K->54836K(523776K), 0.0029814 secs] [Times: user=0.02 sys=0.00, real=0.00 secs] 
2018-03-19T12:57:03.721+0530: 2758.823: [GC (Allocation Failure) [PSYoungGen: 173632K->96K(174080K)] 228404K->54900K(523776K), 0.0012366 secs] [Times: user=0.00 sys=0.00, real=0.00 secs] 
2018-03-19T12:57:04.218+0530: 2759.321: [GC (Allocation Failure) [PSYoungGen: 173664K->96K(174080K)] 228468K->54924K(523776K), 0.0017550 secs] [Times: user=0.00 sys=0.00, real=0.00 secs] 
2018-03-19T12:57:04.717+0530: 2759.820: [GC (Allocation Failure) [PSYoungGen: 173664K->96K(174080K)] 228492K->54948K(523776K), 0.0015688 secs] [Times: user=0.00 sys=0.00, real=0.00 secs] 
2018-03-19T12:57:05.057+0530: 2760.159: [GC (Allocation Failure) [PSYoungGen: 173664K->64K(174080K)] 228516K->54948K(523776K), 0.0013544 secs] [Times: user=0.00 sys=0.00, real=0.00 secs] 
2018-03-19T12:57:05.642+0530: 2760.745: [GC (Allocation Failure) [PSYoungGen: 173632K->96K(174080K)] 228516K->54996K(523776K), 0.0029715 secs] [Times: user=0.00 sys=0.00, real=0.00 secs] 
2018-03-19T12:57:06.107+0530: 2761.210: [GC (Allocation Failure) [PSYoungGen: 173664K->96K(174080K)] 228564K->55028K(523776K), 0.0016220 secs] [Times: user=0.00 sys=0.00, real=0.00 secs] 
2018-03-19T12:57:06.464+0530: 2761.567: [GC (Allocation Failure) [PSYoungGen: 173664K->96K(174080K)] 228596K->55060K(523776K), 0.0015522 secs] [Times: user=0.00 sys=0.00, real=0.00 secs] 
2018-03-19T12:57:06.832+0530: 2761.935: [GC (Allocation Failure) [PSYoungGen: 173664K->96K(174080K)] 228628K->55092K(523776K), 0.0014239 secs] [Times: user=0.00 sys=0.00, real=0.00 secs] 
2018-03-19T12:57:07.282+0530: 2762.384: [GC (Allocation Failure) [PSYoungGen: 173664K->128K(174080K)] 228660K->55140K(523776K), 0.0016993 secs] [Times: user=0.00 sys=0.00, real=0.00 secs] 
2018-03-19T12:57:08.035+0530: 2763.138: [GC (Allocation Failure) [PSYoungGen: 173696K->96K(174080K)] 228708K->55140K(523776K), 0.0020582 secs] [Times: user=0.00 sys=0.00, real=0.00 secs] 
2018-03-19T12:57:08.592+0530: 2763.695: [GC (Allocation Failure) [PSYoungGen: 173664K->64K(174080K)] 228708K->55140K(523776K), 0.0027786 secs] [Times: user=0.00 sys=0.00, real=0.00 secs] 
2018-03-19T12:57:09.049+0530: 2764.152: [GC (Allocation Failure) [PSYoungGen: 173632K->96K(174080K)] 228708K->55228K(523776K), 0.0014228 secs] [Times: user=0.00 sys=0.00, real=0.00 secs] 
2018-03-19T12:57:09.436+0530: 2764.539: [GC (Allocation Failure) [PSYoungGen: 173664K->96K(174080K)] 228796K->55252K(523776K), 0.0016714 secs] [Times: user=0.00 sys=0.00, real=0.00 secs] 
2018-03-19T12:57:09.792+0530: 2764.895: [GC (Allocation Failure) [PSYoungGen: 173664K->32K(174080K)] 228820K->55212K(523776K), 0.0012380 secs] [Times: user=0.00 sys=0.00, real=0.00 secs] 
2018-03-19T12:57:10.147+0530: 2765.251: [GC (Allocation Failure) [PSYoungGen: 173600K->64K(174080K)] 228780K->55268K(523776K), 0.0023322 secs] [Times: user=0.02 sys=0.00, real=0.00 secs] 
2018-03-19T12:57:10.491+0530: 2765.593: [GC (Allocation Failure) [PSYoungGen: 173632K->32K(174080K)] 228836K->55260K(523776K), 0.0013364 secs] [Times: user=0.00 sys=0.00, real=0.00 secs] 
2018-03-19T12:57:10.901+0530: 2766.003: [GC (Allocation Failure) [PSYoungGen: 173600K->96K(174080K)] 228828K->55356K(523776K), 0.0013555 secs] [Times: user=0.00 sys=0.00, real=0.00 secs] 
2018-03-19T12:57:11.261+0530: 2766.363: [GC (Allocation Failure) [PSYoungGen: 173664K->32K(174080K)] 228924K->55308K(523776K), 0.0020610 secs] [Times: user=0.00 sys=0.00, real=0.00 secs] 
2018-03-19T12:57:11.713+0530: 2766.816: [GC (Allocation Failure) [PSYoungGen: 173600K->64K(174080K)] 228876K->55364K(523776K), 0.0015494 secs] [Times: user=0.00 sys=0.00, real=0.00 secs] 
2018-03-19T12:57:12.182+0530: 2767.284: [GC (Allocation Failure) [PSYoungGen: 173632K->64K(174080K)] 228932K->55388K(523776K), 0.0025988 secs] [Times: user=0.00 sys=0.00, real=0.00 secs] 
2018-03-19T12:57:12.570+0530: 2767.673: [GC (Allocation Failure) [PSYoungGen: 173632K->96K(174080K)] 228956K->55452K(523776K), 0.0013188 secs] [Times: user=0.02 sys=0.00, real=0.00 secs] 
2018-03-19T12:57:12.950+0530: 2768.053: [GC (Allocation Failure) [PSYoungGen: 173664K->32K(174080K)] 229020K->55404K(523776K), 0.0037850 secs] [Times: user=0.00 sys=0.00, real=0.00 secs] 
2018-03-19T12:57:13.357+0530: 2768.460: [GC (Allocation Failure) [PSYoungGen: 173600K->64K(174080K)] 228972K->55468K(523776K), 0.0108750 secs] [Times: user=0.00 sys=0.00, real=0.01 secs] 
2018-03-19T12:57:13.746+0530: 2768.849: [GC (Allocation Failure) [PSYoungGen: 173632K->64K(174080K)] 229036K->55500K(523776K), 0.0014884 secs] [Times: user=0.00 sys=0.00, real=0.00 secs] 
2018-03-19T12:57:14.114+0530: 2769.217: [GC (Allocation Failure) [PSYoungGen: 173632K->96K(174080K)] 229068K->55556K(523776K), 0.0013713 secs] [Times: user=0.00 sys=0.00, real=0.00 secs] 
2018-03-19T12:57:14.478+0530: 2769.581: [GC (Allocation Failure) [PSYoungGen: 173664K->96K(174080K)] 229124K->55588K(523776K), 0.0014923 secs] [Times: user=0.00 sys=0.00, real=0.00 secs] 
2018-03-19T12:57:15.062+0530: 2770.164: [GC (Allocation Failure) [PSYoungGen: 173664K->64K(174080K)] 229156K->55580K(523776K), 0.0018280 secs] [Times: user=0.00 sys=0.00, real=0.00 secs] 
2018-03-19T12:57:15.468+0530: 2770.571: [GC (Allocation Failure) [PSYoungGen: 173632K->96K(174080K)] 229148K->55644K(523776K), 0.0012201 secs] [Times: user=0.00 sys=0.00, real=0.00 secs] 
2018-03-19T12:57:15.955+0530: 2771.058: [GC (Allocation Failure) [PSYoungGen: 173664K->64K(174080K)] 229212K->55636K(523776K), 0.0018495 secs] [Times: user=0.00 sys=0.00, real=0.00 secs] 
2018-03-19T12:57:16.401+0530: 2771.505: [GC (Allocation Failure) [PSYoungGen: 173632K->96K(174080K)] 229204K->55684K(523776K), 0.0027084 secs] [Times: user=0.00 sys=0.00, real=0.00 secs] 
2018-03-19T12:57:16.916+0530: 2772.018: [GC (Allocation Failure) [PSYoungGen: 173664K->64K(174080K)] 229252K->55668K(523776K), 0.0018361 secs] [Times: user=0.00 sys=0.00, real=0.00 secs] 
2018-03-19T12:57:17.315+0530: 2772.417: [GC (Allocation Failure) [PSYoungGen: 173632K->64K(174080K)] 229236K->55684K(523776K), 0.0012920 secs] [Times: user=0.00 sys=0.00, real=0.00 secs] 
2018-03-19T12:57:17.686+0530: 2772.789: [GC (Allocation Failure) [PSYoungGen: 173632K->96K(174080K)] 229252K->55748K(523776K), 0.0018442 secs] [Times: user=0.00 sys=0.00, real=0.00 secs] 
2018-03-19T12:57:18.147+0530: 2773.250: [GC (Allocation Failure) [PSYoungGen: 173664K->64K(174080K)] 229316K->55748K(523776K), 0.0015261 secs] [Times: user=0.00 sys=0.00, real=0.00 secs] 
2018-03-19T12:57:18.547+0530: 2773.651: [GC (Allocation Failure) [PSYoungGen: 173632K->96K(174080K)] 229316K->55804K(523776K), 0.0012461 secs] [Times: user=0.00 sys=0.00, real=0.00 secs] 
2018-03-19T12:57:18.903+0530: 2774.006: [GC (Allocation Failure) [PSYoungGen: 173664K->96K(174080K)] 229372K->55836K(523776K), 0.0014711 secs] [Times: user=0.00 sys=0.00, real=0.00 secs] 
2018-03-19T12:57:19.259+0530: 2774.362: [GC (Allocation Failure) [PSYoungGen: 173664K->64K(174080K)] 229404K->55820K(523776K), 0.0015046 secs] [Times: user=0.00 sys=0.00, real=0.00 secs] 
2018-03-19T12:57:19.721+0530: 2774.823: [GC (Allocation Failure) [PSYoungGen: 173632K->64K(174080K)] 229388K->55852K(523776K), 0.0014288 secs] [Times: user=0.00 sys=0.00, real=0.00 secs] 
2018-03-19T12:57:20.148+0530: 2775.251: [GC (Allocation Failure) [PSYoungGen: 173632K->64K(174080K)] 229420K->55884K(523776K), 0.0014616 secs] [Times: user=0.02 sys=0.00, real=0.00 secs] 
2018-03-19T12:57:20.490+0530: 2775.593: [GC (Allocation Failure) [PSYoungGen: 173632K->96K(174080K)] 229452K->55948K(523776K), 0.0015473 secs] [Times: user=0.00 sys=0.00, real=0.00 secs] 
2018-03-19T12:57:20.887+0530: 2775.990: [GC (Allocation Failure) [PSYoungGen: 173664K->64K(174080K)] 229516K->55948K(523776K), 0.0015096 secs] [Times: user=0.00 sys=0.00, real=0.00 secs] 
2018-03-19T12:57:21.284+0530: 2776.387: [GC (Allocation Failure) [PSYoungGen: 173632K->64K(174080K)] 229516K->55980K(523776K), 0.0017042 secs] [Times: user=0.00 sys=0.00, real=0.00 secs] 
2018-03-19T12:57:21.692+0530: 2776.794: [GC (Allocation Failure) [PSYoungGen: 173632K->64K(174080K)] 229548K->55996K(523776K), 0.0023537 secs] [Times: user=0.00 sys=0.00, real=0.00 secs] 
2018-03-19T12:57:22.113+0530: 2777.216: [GC (Allocation Failure) [PSYoungGen: 173632K->96K(174080K)] 229564K->56044K(523776K), 0.0018202 secs] [Times: user=0.00 sys=0.00, real=0.00 secs] 
2018-03-19T12:57:22.545+0530: 2777.648: [GC (Allocation Failure) [PSYoungGen: 173664K->64K(174080K)] 229612K->56036K(523776K), 0.0026651 secs] [Times: user=0.00 sys=0.00, real=0.00 secs] 
2018-03-19T12:57:22.933+0530: 2778.035: [GC (Allocation Failure) [PSYoungGen: 173632K->96K(174080K)] 229604K->56100K(523776K), 0.0013562 secs] [Times: user=0.00 sys=0.00, real=0.00 secs] 
2018-03-19T12:57:23.390+0530: 2778.493: [GC (Allocation Failure) [PSYoungGen: 173664K->96K(174080K)] 229668K->56132K(523776K), 0.0014803 secs] [Times: user=0.00 sys=0.00, real=0.00 secs] 
2018-03-19T12:57:23.846+0530: 2778.949: [GC (Allocation Failure) [PSYoungGen: 173664K->64K(174080K)] 229700K->56116K(523776K), 0.0022680 secs] [Times: user=0.00 sys=0.00, real=0.00 secs] 
2018-03-19T12:57:24.251+0530: 2779.354: [GC (Allocation Failure) [PSYoungGen: 173632K->96K(174080K)] 229684K->56180K(523776K), 0.0014725 secs] [Times: user=0.00 sys=0.00, real=0.00 secs] 
2018-03-19T12:57:24.694+0530: 2779.797: [GC (Allocation Failure) [PSYoungGen: 173664K->64K(174080K)] 229748K->56172K(523776K), 0.0021704 secs] [Times: user=0.00 sys=0.00, real=0.00 secs] 
2018-03-19T12:57:25.173+0530: 2780.276: [GC (Allocation Failure) [PSYoungGen: 173632K->64K(174080K)] 229740K->56188K(523776K), 0.0022892 secs] [Times: user=0.00 sys=0.00, real=0.00 secs] 
2018-03-19T12:57:25.659+0530: 2780.761: [GC (Allocation Failure) [PSYoungGen: 173632K->64K(174080K)] 229756K->56220K(523776K), 0.0012536 secs] [Times: user=0.00 sys=0.00, real=0.00 secs] 
2018-03-19T12:57:25.986+0530: 2781.089: [GC (Allocation Failure) [PSYoungGen: 173632K->64K(174080K)] 229788K->56244K(523776K), 0.0013488 secs] [Times: user=0.00 sys=0.00, real=0.00 secs] 
2018-03-19T12:57:26.352+0530: 2781.455: [GC (Allocation Failure) [PSYoungGen: 173632K->64K(174080K)] 229812K->56260K(523776K), 0.0021203 secs] [Times: user=0.05 sys=0.00, real=0.00 secs] 
2018-03-19T12:57:26.785+0530: 2781.888: [GC (Allocation Failure) [PSYoungGen: 173632K->96K(174080K)] 229828K->56308K(523776K), 0.0016464 secs] [Times: user=0.00 sys=0.00, real=0.00 secs] 
2018-03-19T12:57:27.206+0530: 2782.309: [GC (Allocation Failure) [PSYoungGen: 173664K->64K(174080K)] 229876K->56300K(523776K), 0.0014694 secs] [Times: user=0.00 sys=0.00, real=0.00 secs] 
2018-03-19T12:57:27.744+0530: 2782.847: [GC (Allocation Failure) [PSYoungGen: 173632K->32K(174080K)] 229868K->56300K(523776K), 0.0016901 secs] [Times: user=0.00 sys=0.00, real=0.00 secs] 
2018-03-19T12:57:28.151+0530: 2783.253: [GC (Allocation Failure) [PSYoungGen: 173600K->96K(174080K)] 229868K->56388K(523776K), 0.0015237 secs] [Times: user=0.00 sys=0.00, real=0.00 secs] 
2018-03-19T12:57:28.555+0530: 2783.658: [GC (Allocation Failure) [PSYoungGen: 173664K->96K(174080K)] 229956K->56412K(523776K), 0.0015790 secs] [Times: user=0.05 sys=0.01, real=0.00 secs] 
2018-03-19T12:57:28.950+0530: 2784.052: [GC (Allocation Failure) [PSYoungGen: 173664K->64K(174080K)] 229980K->56396K(523776K), 0.0019895 secs] [Times: user=0.00 sys=0.00, real=0.00 secs] 
2018-03-19T12:57:29.326+0530: 2784.429: [GC (Allocation Failure) [PSYoungGen: 173632K->64K(174080K)] 229964K->56420K(523776K), 0.0014796 secs] [Times: user=0.00 sys=0.00, real=0.00 secs] 
2018-03-19T12:57:29.668+0530: 2784.771: [GC (Allocation Failure) [PSYoungGen: 173632K->64K(174080K)] 229988K->56452K(523776K), 0.0012832 secs] [Times: user=0.00 sys=0.00, real=0.00 secs] 
2018-03-19T12:57:29.994+0530: 2785.097: [GC (Allocation Failure) [PSYoungGen: 173632K->64K(174080K)] 230020K->56484K(523776K), 0.0013731 secs] [Times: user=0.00 sys=0.00, real=0.00 secs] 
2018-03-19T12:57:30.300+0530: 2785.403: [GC (Allocation Failure) [PSYoungGen: 173632K->64K(174080K)] 230052K->56500K(523776K), 0.0012560 secs] [Times: user=0.00 sys=0.00, real=0.00 secs] 
2018-03-19T12:57:30.621+0530: 2785.723: [GC (Allocation Failure) [PSYoungGen: 173632K->64K(174080K)] 230068K->56524K(523776K), 0.0012387 secs] [Times: user=0.00 sys=0.00, real=0.00 secs] 
2018-03-19T12:57:30.921+0530: 2786.024: [GC (Allocation Failure) [PSYoungGen: 173632K->64K(174080K)] 230092K->56548K(523776K), 0.0010734 secs] [Times: user=0.00 sys=0.00, real=0.00 secs] 
2018-03-19T12:57:31.225+0530: 2786.327: [GC (Allocation Failure) [PSYoungGen: 173632K->96K(174080K)] 230116K->56612K(523776K), 0.0012698 secs] [Times: user=0.00 sys=0.00, real=0.00 secs] 
2018-03-19T12:57:31.527+0530: 2786.629: [GC (Allocation Failure) [PSYoungGen: 173664K->64K(174080K)] 230180K->56604K(523776K), 0.0013205 secs] [Times: user=0.00 sys=0.00, real=0.00 secs] 
2018-03-19T12:57:31.966+0530: 2787.069: [GC (Allocation Failure) [PSYoungGen: 173632K->64K(174080K)] 230172K->56636K(523776K), 0.0013544 secs] [Times: user=0.00 sys=0.00, real=0.00 secs] 
2018-03-19T12:57:32.334+0530: 2787.437: [GC (Allocation Failure) [PSYoungGen: 173632K->64K(174080K)] 230204K->56668K(523776K), 0.0016577 secs] [Times: user=0.00 sys=0.00, real=0.00 secs] 
2018-03-19T12:57:32.746+0530: 2787.849: [GC (Allocation Failure) [PSYoungGen: 173632K->96K(174080K)] 230236K->56716K(523776K), 0.0018988 secs] [Times: user=0.00 sys=0.00, real=0.00 secs] 
2018-03-19T12:57:33.383+0530: 2788.486: [GC (Allocation Failure) [PSYoungGen: 173664K->32K(174080K)] 230284K->56676K(523776K), 0.0033714 secs] [Times: user=0.03 sys=0.00, real=0.00 secs] 
2018-03-19T12:57:33.964+0530: 2789.067: [GC (Allocation Failure) [PSYoungGen: 173600K->96K(174080K)] 230244K->56764K(523776K), 0.0019524 secs] [Times: user=0.00 sys=0.00, real=0.00 secs] 
2018-03-19T12:57:34.394+0530: 2789.497: [GC (Allocation Failure) [PSYoungGen: 173664K->96K(174080K)] 230332K->56788K(523776K), 0.0015025 secs] [Times: user=0.00 sys=0.00, real=0.00 secs] 
2018-03-19T12:57:34.789+0530: 2789.892: [GC (Allocation Failure) [PSYoungGen: 173664K->64K(174080K)] 230356K->56780K(523776K), 0.0017973 secs] [Times: user=0.01 sys=0.00, real=0.00 secs] 
2018-03-19T12:57:35.228+0530: 2790.331: [GC (Allocation Failure) [PSYoungGen: 173632K->96K(174080K)] 230348K->56828K(523776K), 0.0018107 secs] [Times: user=0.00 sys=0.00, real=0.00 secs] 
2018-03-19T12:57:36.056+0530: 2791.159: [GC (Allocation Failure) [PSYoungGen: 173664K->96K(174080K)] 230396K->56844K(523776K), 0.0015885 secs] [Times: user=0.00 sys=0.00, real=0.00 secs] 
2018-03-19T12:57:36.484+0530: 2791.587: [GC (Allocation Failure) [PSYoungGen: 173664K->64K(174080K)] 230412K->56836K(523776K), 0.0015321 secs] [Times: user=0.00 sys=0.00, real=0.00 secs] 
2018-03-19T12:57:36.895+0530: 2791.998: [GC (Allocation Failure) [PSYoungGen: 173632K->64K(174080K)] 230404K->56860K(523776K), 0.0016961 secs] [Times: user=0.00 sys=0.00, real=0.00 secs] 
2018-03-19T12:57:37.378+0530: 2792.481: [GC (Allocation Failure) [PSYoungGen: 173632K->32K(174080K)] 230428K->56852K(523776K), 0.0014612 secs] [Times: user=0.00 sys=0.00, real=0.00 secs] 
2018-03-19T12:57:37.885+0530: 2792.987: [GC (Allocation Failure) [PSYoungGen: 173600K->96K(174080K)] 230420K->56948K(523776K), 0.0013445 secs] [Times: user=0.00 sys=0.00, real=0.00 secs] 
2018-03-19T12:57:38.292+0530: 2793.395: [GC (Allocation Failure) [PSYoungGen: 173664K->96K(174080K)] 230516K->56972K(523776K), 0.0014672 secs] [Times: user=0.00 sys=0.00, real=0.00 secs] 
2018-03-19T12:57:38.763+0530: 2793.866: [GC (Allocation Failure) [PSYoungGen: 173664K->96K(174080K)] 230540K->56988K(523776K), 0.0020476 secs] [Times: user=0.00 sys=0.00, real=0.00 secs] 
2018-03-19T12:57:39.703+0530: 2794.806: [GC (Allocation Failure) [PSYoungGen: 173664K->96K(174080K)] 230556K->57004K(523776K), 0.0050466 secs] [Times: user=0.00 sys=0.00, real=0.00 secs] 
2018-03-19T12:57:40.256+0530: 2795.359: [GC (Allocation Failure) [PSYoungGen: 173664K->64K(174080K)] 230572K->56988K(523776K), 0.0021517 secs] [Times: user=0.00 sys=0.00, real=0.00 secs] 
2018-03-19T12:57:40.691+0530: 2795.794: [GC (Allocation Failure) [PSYoungGen: 173632K->64K(174080K)] 230556K->57012K(523776K), 0.0013816 secs] [Times: user=0.00 sys=0.00, real=0.00 secs] 
2018-03-19T12:57:41.157+0530: 2796.260: [GC (Allocation Failure) [PSYoungGen: 173632K->64K(174080K)] 230580K->57044K(523776K), 0.0019940 secs] [Times: user=0.00 sys=0.00, real=0.00 secs] 
2018-03-19T12:57:41.616+0530: 2796.719: [GC (Allocation Failure) [PSYoungGen: 173632K->96K(174080K)] 230612K->57100K(523776K), 0.0012800 secs] [Times: user=0.00 sys=0.00, real=0.00 secs] 
2018-03-19T12:57:42.053+0530: 2797.156: [GC (Allocation Failure) [PSYoungGen: 173664K->96K(174080K)] 230668K->57124K(523776K), 0.0018167 secs] [Times: user=0.00 sys=0.00, real=0.00 secs] 
2018-03-19T12:57:42.482+0530: 2797.585: [GC (Allocation Failure) [PSYoungGen: 173664K->96K(174080K)] 230692K->57140K(523776K), 0.0016376 secs] [Times: user=0.00 sys=0.00, real=0.00 secs] 
2018-03-19T12:57:42.880+0530: 2797.984: [GC (Allocation Failure) [PSYoungGen: 173664K->64K(174080K)] 230708K->57132K(523776K), 0.0017465 secs] [Times: user=0.00 sys=0.00, real=0.00 secs] 
2018-03-19T12:57:43.335+0530: 2798.438: [GC (Allocation Failure) [PSYoungGen: 173632K->96K(174080K)] 230700K->57188K(523776K), 0.0016432 secs] [Times: user=0.00 sys=0.00, real=0.00 secs] 
2018-03-19T12:57:43.769+0530: 2798.871: [GC (Allocation Failure) [PSYoungGen: 173664K->64K(174080K)] 230756K->57172K(523776K), 0.0017800 secs] [Times: user=0.00 sys=0.00, real=0.00 secs] 
2018-03-19T12:57:44.094+0530: 2799.197: [GC (Allocation Failure) [PSYoungGen: 173632K->64K(174080K)] 230740K->57196K(523776K), 0.0012617 secs] [Times: user=0.00 sys=0.00, real=0.00 secs] 
2018-03-19T12:57:44.531+0530: 2799.634: [GC (Allocation Failure) [PSYoungGen: 173632K->96K(174080K)] 230764K->57244K(523776K), 0.0015931 secs] [Times: user=0.00 sys=0.00, real=0.00 secs] 
2018-03-19T12:57:44.871+0530: 2799.973: [GC (Allocation Failure) [PSYoungGen: 173664K->64K(174080K)] 230812K->57236K(523776K), 0.0012313 secs] [Times: user=0.00 sys=0.00, real=0.00 secs] 
2018-03-19T12:57:45.182+0530: 2800.285: [GC (Allocation Failure) [PSYoungGen: 173632K->96K(174080K)] 230804K->57300K(523776K), 0.0014133 secs] [Times: user=0.00 sys=0.00, real=0.00 secs] 
2018-03-19T12:57:45.565+0530: 2800.667: [GC (Allocation Failure) [PSYoungGen: 173664K->64K(174080K)] 230868K->57292K(523776K), 0.0015554 secs] [Times: user=0.00 sys=0.00, real=0.00 secs] 
2018-03-19T12:57:45.958+0530: 2801.061: [GC (Allocation Failure) [PSYoungGen: 173632K->64K(174080K)] 230860K->57308K(523776K), 0.0017105 secs] [Times: user=0.00 sys=0.00, real=0.00 secs] 
2018-03-19T12:57:46.413+0530: 2801.516: [GC (Allocation Failure) [PSYoungGen: 173632K->96K(174080K)] 230876K->57364K(523776K), 0.0016654 secs] [Times: user=0.00 sys=0.00, real=0.00 secs] 
2018-03-19T12:57:46.881+0530: 2801.984: [GC (Allocation Failure) [PSYoungGen: 173664K->64K(174080K)] 230932K->57348K(523776K), 0.0028121 secs] [Times: user=0.00 sys=0.02, real=0.00 secs] 
2018-03-19T12:57:47.282+0530: 2802.384: [GC (Allocation Failure) [PSYoungGen: 173632K->96K(174080K)] 230916K->57404K(523776K), 0.0015938 secs] [Times: user=0.00 sys=0.00, real=0.00 secs] 
2018-03-19T12:57:47.754+0530: 2802.858: [GC (Allocation Failure) [PSYoungGen: 173664K->32K(174080K)] 230972K->57356K(523776K), 0.0024666 secs] [Times: user=0.00 sys=0.00, real=0.00 secs] 
2018-03-19T12:57:48.154+0530: 2803.257: [GC (Allocation Failure) [PSYoungGen: 173600K->64K(174080K)] 230924K->57420K(523776K), 0.0014612 secs] [Times: user=0.00 sys=0.00, real=0.00 secs] 
2018-03-19T12:57:48.600+0530: 2803.703: [GC (Allocation Failure) [PSYoungGen: 173632K->64K(174080K)] 230988K->57436K(523776K), 0.0030759 secs] [Times: user=0.00 sys=0.00, real=0.00 secs] 
2018-03-19T12:57:48.930+0530: 2804.033: [GC (Allocation Failure) [PSYoungGen: 173632K->64K(174080K)] 231004K->57460K(523776K), 0.0012278 secs] [Times: user=0.00 sys=0.00, real=0.00 secs] 
2018-03-19T12:57:49.236+0530: 2804.339: [GC (Allocation Failure) [PSYoungGen: 173632K->64K(174080K)] 231028K->57484K(523776K), 0.0012359 secs] [Times: user=0.00 sys=0.00, real=0.00 secs] 
2018-03-19T12:57:49.545+0530: 2804.648: [GC (Allocation Failure) [PSYoungGen: 173632K->96K(174080K)] 231052K->57540K(523776K), 0.0012504 secs] [Times: user=0.00 sys=0.00, real=0.00 secs] 
2018-03-19T12:57:49.881+0530: 2804.984: [GC (Allocation Failure) [PSYoungGen: 173664K->64K(174080K)] 231108K->57532K(523776K), 0.0019493 secs] [Times: user=0.00 sys=0.00, real=0.00 secs] 
2018-03-19T12:57:50.257+0530: 2805.360: [GC (Allocation Failure) [PSYoungGen: 173632K->96K(174080K)] 231100K->57588K(523776K), 0.0012490 secs] [Times: user=0.00 sys=0.00, real=0.00 secs] 
2018-03-19T12:57:50.571+0530: 2805.674: [GC (Allocation Failure) [PSYoungGen: 173664K->32K(174080K)] 231156K->57540K(523776K), 0.0017007 secs] [Times: user=0.00 sys=0.02, real=0.00 secs] 
2018-03-19T12:57:51.040+0530: 2806.143: [GC (Allocation Failure) [PSYoungGen: 173600K->96K(174080K)] 231108K->57620K(523776K), 0.0022060 secs] [Times: user=0.00 sys=0.00, real=0.00 secs] 
2018-03-19T12:57:51.747+0530: 2806.850: [GC (Allocation Failure) [PSYoungGen: 173664K->96K(174080K)] 231188K->57652K(523776K), 0.0020216 secs] [Times: user=0.00 sys=0.00, real=0.00 secs] 
2018-03-19T12:57:52.181+0530: 2807.284: [GC (Allocation Failure) [PSYoungGen: 173664K->128K(174080K)] 231220K->57708K(523776K), 0.0014457 secs] [Times: user=0.00 sys=0.00, real=0.00 secs] 
2018-03-19T12:57:52.689+0530: 2807.792: [GC (Allocation Failure) [PSYoungGen: 173696K->96K(174080K)] 231276K->57700K(523776K), 0.0022352 secs] [Times: user=0.00 sys=0.00, real=0.00 secs] 
2018-03-19T12:57:53.184+0530: 2808.287: [GC (Allocation Failure) [PSYoungGen: 173664K->64K(174080K)] 231268K->57692K(523776K), 0.0019288 secs] [Times: user=0.00 sys=0.00, real=0.00 secs] 
2018-03-19T12:57:53.871+0530: 2808.975: [GC (Allocation Failure) [PSYoungGen: 173632K->64K(174080K)] 231260K->57708K(523776K), 0.0020642 secs] [Times: user=0.00 sys=0.00, real=0.00 secs] 
2018-03-19T12:57:54.382+0530: 2809.485: [GC (Allocation Failure) [PSYoungGen: 173632K->96K(174080K)] 231276K->57756K(523776K), 0.0012966 secs] [Times: user=0.00 sys=0.03, real=0.00 secs] 
2018-03-19T12:57:54.877+0530: 2809.980: [GC (Allocation Failure) [PSYoungGen: 173664K->32K(174080K)] 231324K->57708K(523776K), 0.0040988 secs] [Times: user=0.00 sys=0.00, real=0.00 secs] 
2018-03-19T12:57:55.395+0530: 2810.498: [GC (Allocation Failure) [PSYoungGen: 173600K->96K(174080K)] 231276K->57796K(523776K), 0.0014235 secs] [Times: user=0.00 sys=0.00, real=0.00 secs] 
2018-03-19T12:57:55.960+0530: 2811.063: [GC (Allocation Failure) [PSYoungGen: 173664K->64K(174080K)] 231364K->57796K(523776K), 0.0016051 secs] [Times: user=0.00 sys=0.00, real=0.00 secs] 
2018-03-19T12:57:56.413+0530: 2811.516: [GC (Allocation Failure) [PSYoungGen: 173632K->96K(174080K)] 231364K->57860K(523776K), 0.0015406 secs] [Times: user=0.00 sys=0.00, real=0.00 secs] 
2018-03-19T12:57:56.833+0530: 2811.936: [GC (Allocation Failure) [PSYoungGen: 173664K->96K(174080K)] 231428K->57884K(523776K), 0.0014877 secs] [Times: user=0.00 sys=0.00, real=0.00 secs] 
2018-03-19T12:57:57.239+0530: 2812.342: [GC (Allocation Failure) [PSYoungGen: 173664K->96K(174080K)] 231452K->57908K(523776K), 0.0013805 secs] [Times: user=0.00 sys=0.00, real=0.00 secs] 
2018-03-19T12:57:57.609+0530: 2812.712: [GC (Allocation Failure) [PSYoungGen: 173664K->96K(174080K)] 231476K->57932K(523776K), 0.0015825 secs] [Times: user=0.00 sys=0.00, real=0.00 secs] 
2018-03-19T12:57:57.986+0530: 2813.090: [GC (Allocation Failure) [PSYoungGen: 173664K->96K(174080K)] 231500K->57948K(523776K), 0.0014217 secs] [Times: user=0.00 sys=0.00, real=0.00 secs] 
2018-03-19T12:57:58.339+0530: 2813.442: [GC (Allocation Failure) [PSYoungGen: 173664K->64K(174080K)] 231516K->57948K(523776K), 0.0013371 secs] [Times: user=0.00 sys=0.00, real=0.00 secs] 
2018-03-19T12:57:58.661+0530: 2813.763: [GC (Allocation Failure) [PSYoungGen: 173632K->96K(174080K)] 231516K->58004K(523776K), 0.0014609 secs] [Times: user=0.00 sys=0.00, real=0.00 secs] 
2018-03-19T12:57:58.993+0530: 2814.095: [GC (Allocation Failure) [PSYoungGen: 173664K->64K(174080K)] 231572K->57988K(523776K), 0.0016033 secs] [Times: user=0.05 sys=0.00, real=0.00 secs] 
2018-03-19T12:57:59.359+0530: 2814.461: [GC (Allocation Failure) [PSYoungGen: 173632K->64K(174080K)] 231556K->58004K(523776K), 0.0015300 secs] [Times: user=0.00 sys=0.00, real=0.00 secs] 
2018-03-19T12:57:59.720+0530: 2814.822: [GC (Allocation Failure) [PSYoungGen: 173632K->64K(174080K)] 231572K->58020K(523776K), 0.0013660 secs] [Times: user=0.00 sys=0.00, real=0.00 secs] 
2018-03-19T12:58:00.224+0530: 2815.327: [GC (Allocation Failure) [PSYoungGen: 173632K->64K(174080K)] 231588K->58036K(523776K), 0.0050858 secs] [Times: user=0.03 sys=0.00, real=0.01 secs] 
2018-03-19T12:58:00.759+0530: 2815.862: [GC (Allocation Failure) [PSYoungGen: 173632K->64K(174080K)] 231604K->58060K(523776K), 0.0015564 secs] [Times: user=0.00 sys=0.00, real=0.00 secs] 
2018-03-19T12:58:01.137+0530: 2816.239: [GC (Allocation Failure) [PSYoungGen: 173632K->64K(174080K)] 231628K->58084K(523776K), 0.0015974 secs] [Times: user=0.00 sys=0.00, real=0.00 secs] 
2018-03-19T12:58:01.523+0530: 2816.627: [GC (Allocation Failure) [PSYoungGen: 173632K->96K(174080K)] 231652K->58140K(523776K), 0.0015251 secs] [Times: user=0.01 sys=0.00, real=0.00 secs] 
2018-03-19T12:58:01.928+0530: 2817.030: [GC (Allocation Failure) [PSYoungGen: 173664K->96K(174080K)] 231708K->58172K(523776K), 0.0015402 secs] [Times: user=0.00 sys=0.00, real=0.00 secs] 
2018-03-19T12:58:02.425+0530: 2817.529: [GC (Allocation Failure) [PSYoungGen: 173664K->128K(174080K)] 231740K->58228K(523776K), 0.0016167 secs] [Times: user=0.00 sys=0.00, real=0.00 secs] 
2018-03-19T12:58:02.835+0530: 2817.939: [GC (Allocation Failure) [PSYoungGen: 173696K->64K(174080K)] 231796K->58196K(523776K), 0.0017211 secs] [Times: user=0.00 sys=0.00, real=0.00 secs] 
2018-03-19T12:58:03.362+0530: 2818.466: [GC (Allocation Failure) [PSYoungGen: 173632K->64K(174080K)] 231764K->58212K(523776K), 0.0022395 secs] [Times: user=0.00 sys=0.00, real=0.00 secs] 
2018-03-19T12:58:03.929+0530: 2819.032: [GC (Allocation Failure) [PSYoungGen: 173632K->96K(174080K)] 231780K->58260K(523776K), 0.0018036 secs] [Times: user=0.02 sys=0.00, real=0.00 secs] 
2018-03-19T12:58:04.366+0530: 2819.469: [GC (Allocation Failure) [PSYoungGen: 173664K->64K(174080K)] 231828K->58252K(523776K), 0.0016904 secs] [Times: user=0.00 sys=0.00, real=0.00 secs] 
2018-03-19T12:58:04.744+0530: 2819.847: [GC (Allocation Failure) [PSYoungGen: 173632K->96K(174080K)] 231820K->58316K(523776K), 0.0013696 secs] [Times: user=0.00 sys=0.00, real=0.00 secs] 
2018-03-19T12:58:05.090+0530: 2820.194: [GC (Allocation Failure) [PSYoungGen: 173664K->96K(174080K)] 231884K->58340K(523776K), 0.0014986 secs] [Times: user=0.00 sys=0.00, real=0.00 secs] 
2018-03-19T12:58:05.425+0530: 2820.528: [GC (Allocation Failure) [PSYoungGen: 173664K->64K(174080K)] 231908K->58340K(523776K), 0.0012655 secs] [Times: user=0.00 sys=0.00, real=0.00 secs] 
2018-03-19T12:58:05.747+0530: 2820.850: [GC (Allocation Failure) [PSYoungGen: 173632K->64K(174080K)] 231908K->58372K(523776K), 0.0012712 secs] [Times: user=0.00 sys=0.00, real=0.00 secs] 
2018-03-19T12:58:06.067+0530: 2821.170: [GC (Allocation Failure) [PSYoungGen: 173632K->32K(174080K)] 231940K->58364K(523776K), 0.0013639 secs] [Times: user=0.00 sys=0.00, real=0.00 secs] 
2018-03-19T12:58:06.376+0530: 2821.479: [GC (Allocation Failure) [PSYoungGen: 173600K->96K(174080K)] 231932K->58460K(523776K), 0.0012461 secs] [Times: user=0.00 sys=0.00, real=0.00 secs] 
2018-03-19T12:58:06.681+0530: 2821.784: [GC (Allocation Failure) [PSYoungGen: 173664K->96K(174080K)] 232028K->58484K(523776K), 0.0014073 secs] [Times: user=0.00 sys=0.00, real=0.00 secs] 
2018-03-19T12:58:06.978+0530: 2822.081: [GC (Allocation Failure) [PSYoungGen: 173664K->32K(174080K)] 232052K->58444K(523776K), 0.0011654 secs] [Times: user=0.00 sys=0.00, real=0.00 secs] 
2018-03-19T12:58:07.280+0530: 2822.382: [GC (Allocation Failure) [PSYoungGen: 173600K->64K(174080K)] 232012K->58508K(523776K), 0.0013854 secs] [Times: user=0.00 sys=0.00, real=0.00 secs] 
2018-03-19T12:58:07.595+0530: 2822.698: [GC (Allocation Failure) [PSYoungGen: 173632K->64K(174080K)] 232076K->58532K(523776K), 0.0014404 secs] [Times: user=0.00 sys=0.00, real=0.00 secs] 
2018-03-19T12:58:07.905+0530: 2823.008: [GC (Allocation Failure) [PSYoungGen: 173632K->32K(174080K)] 232100K->58524K(523776K), 0.0013156 secs] [Times: user=0.00 sys=0.00, real=0.00 secs] 
2018-03-19T12:58:08.202+0530: 2823.305: [GC (Allocation Failure) [PSYoungGen: 173600K->96K(174080K)] 232092K->58604K(523776K), 0.0012423 secs] [Times: user=0.00 sys=0.00, real=0.00 secs] 
2018-03-19T12:58:08.509+0530: 2823.612: [GC (Allocation Failure) [PSYoungGen: 173664K->96K(174080K)] 232172K->58628K(523776K), 0.0010367 secs] [Times: user=0.00 sys=0.00, real=0.00 secs] 
2018-03-19T12:58:08.794+0530: 2823.896: [GC (Allocation Failure) [PSYoungGen: 173664K->96K(174080K)] 232196K->58652K(523776K), 0.0011629 secs] [Times: user=0.00 sys=0.00, real=0.00 secs] 
2018-03-19T12:58:09.096+0530: 2824.199: [GC (Allocation Failure) [PSYoungGen: 173664K->96K(174080K)] 232220K->58676K(523776K), 0.0012980 secs] [Times: user=0.00 sys=0.00, real=0.00 secs] 
2018-03-19T12:58:09.385+0530: 2824.487: [GC (Allocation Failure) [PSYoungGen: 173664K->96K(174080K)] 232244K->58692K(523776K), 0.0013322 secs] [Times: user=0.00 sys=0.00, real=0.00 secs] 
2018-03-19T12:58:09.663+0530: 2824.766: [GC (Allocation Failure) [PSYoungGen: 173664K->96K(174080K)] 232260K->58716K(523776K), 0.0012747 secs] [Times: user=0.00 sys=0.00, real=0.00 secs] 
2018-03-19T12:58:09.951+0530: 2825.055: [GC (Allocation Failure) [PSYoungGen: 173664K->96K(174080K)] 232284K->58732K(523776K), 0.0011442 secs] [Times: user=0.00 sys=0.00, real=0.00 secs] 
2018-03-19T12:58:10.235+0530: 2825.338: [GC (Allocation Failure) [PSYoungGen: 173664K->96K(174080K)] 232300K->58756K(523776K), 0.0011199 secs] [Times: user=0.00 sys=0.00, real=0.00 secs] 
2018-03-19T12:58:10.519+0530: 2825.621: [GC (Allocation Failure) [PSYoungGen: 173664K->96K(174080K)] 232324K->58788K(523776K), 0.0012275 secs] [Times: user=0.00 sys=0.00, real=0.00 secs] 
2018-03-19T12:58:10.807+0530: 2825.911: [GC (Allocation Failure) [PSYoungGen: 173664K->96K(174080K)] 232356K->58804K(523776K), 0.0012567 secs] [Times: user=0.00 sys=0.00, real=0.00 secs] 
2018-03-19T12:58:11.089+0530: 2826.191: [GC (Allocation Failure) [PSYoungGen: 173664K->64K(174080K)] 232372K->58804K(523776K), 0.0011770 secs] [Times: user=0.00 sys=0.00, real=0.00 secs] 
2018-03-19T12:58:11.388+0530: 2826.491: [GC (Allocation Failure) [PSYoungGen: 173632K->96K(174080K)] 232372K->58860K(523776K), 0.0011954 secs] [Times: user=0.00 sys=0.00, real=0.00 secs] 
2018-03-19T12:58:11.726+0530: 2826.829: [GC (Allocation Failure) [PSYoungGen: 173664K->96K(174080K)] 232428K->58884K(523776K), 0.0011876 secs] [Times: user=0.02 sys=0.00, real=0.00 secs] 
2018-03-19T12:58:12.005+0530: 2827.107: [GC (Allocation Failure) [PSYoungGen: 173664K->96K(174080K)] 232452K->58916K(523776K), 0.0010913 secs] [Times: user=0.00 sys=0.00, real=0.00 secs] 
2018-03-19T12:58:12.286+0530: 2827.389: [GC (Allocation Failure) [PSYoungGen: 173664K->96K(174080K)] 232484K->58940K(523776K), 0.0011809 secs] [Times: user=0.00 sys=0.00, real=0.00 secs] 
2018-03-19T12:58:12.569+0530: 2827.672: [GC (Allocation Failure) [PSYoungGen: 173664K->96K(174080K)] 232508K->58972K(523776K), 0.0011922 secs] [Times: user=0.00 sys=0.00, real=0.00 secs] 
2018-03-19T12:58:12.846+0530: 2827.948: [GC (Allocation Failure) [PSYoungGen: 173664K->64K(174080K)] 232540K->58964K(523776K), 0.0011806 secs] [Times: user=0.00 sys=0.00, real=0.00 secs] 
2018-03-19T12:58:13.121+0530: 2828.224: [GC (Allocation Failure) [PSYoungGen: 173632K->32K(174080K)] 232532K->58956K(523776K), 0.0012782 secs] [Times: user=0.00 sys=0.00, real=0.00 secs] 
2018-03-19T12:58:13.412+0530: 2828.515: [GC (Allocation Failure) [PSYoungGen: 173600K->96K(174080K)] 232524K->59044K(523776K), 0.0011777 secs] [Times: user=0.00 sys=0.00, real=0.00 secs] 
2018-03-19T12:58:13.692+0530: 2828.794: [GC (Allocation Failure) [PSYoungGen: 173664K->64K(174080K)] 232612K->59036K(523776K), 0.0012239 secs] [Times: user=0.00 sys=0.00, real=0.00 secs] 
2018-03-19T12:58:13.967+0530: 2829.070: [GC (Allocation Failure) [PSYoungGen: 173632K->96K(174080K)] 232604K->59092K(523776K), 0.0012775 secs] [Times: user=0.00 sys=0.00, real=0.00 secs] 
2018-03-19T12:58:14.249+0530: 2829.351: [GC (Allocation Failure) [PSYoungGen: 173664K->96K(174080K)] 232660K->59116K(523776K), 0.0012260 secs] [Times: user=0.00 sys=0.00, real=0.00 secs] 
2018-03-19T12:58:14.533+0530: 2829.636: [GC (Allocation Failure) [PSYoungGen: 173664K->64K(174080K)] 232684K->59108K(523776K), 0.0012437 secs] [Times: user=0.00 sys=0.00, real=0.00 secs] 
2018-03-19T12:58:14.810+0530: 2829.912: [GC (Allocation Failure) [PSYoungGen: 173632K->64K(174080K)] 232676K->59140K(523776K), 0.0012042 secs] [Times: user=0.00 sys=0.00, real=0.00 secs] 
2018-03-19T12:58:15.163+0530: 2830.265: [GC (Allocation Failure) [PSYoungGen: 173632K->64K(174080K)] 232708K->59172K(523776K), 0.0013851 secs] [Times: user=0.00 sys=0.00, real=0.00 secs] 
2018-03-19T12:58:15.492+0530: 2830.596: [GC (Allocation Failure) [PSYoungGen: 173632K->96K(174080K)] 232740K->59228K(523776K), 0.0013925 secs] [Times: user=0.02 sys=0.00, real=0.00 secs] 
2018-03-19T12:58:15.888+0530: 2830.991: [GC (Allocation Failure) [PSYoungGen: 173664K->96K(174080K)] 232796K->59244K(523776K), 0.0017539 secs] [Times: user=0.00 sys=0.00, real=0.00 secs] 
2018-03-19T12:58:16.650+0530: 2831.753: [GC (Allocation Failure) [PSYoungGen: 173664K->96K(174080K)] 232812K->59260K(523776K), 0.0016153 secs] [Times: user=0.00 sys=0.00, real=0.00 secs] 
2018-03-19T12:58:17.016+0530: 2832.119: [GC (Allocation Failure) [PSYoungGen: 173664K->96K(174080K)] 232828K->59292K(523776K), 0.0012624 secs] [Times: user=0.00 sys=0.00, real=0.00 secs] 
2018-03-19T12:58:17.393+0530: 2832.496: [GC (Allocation Failure) [PSYoungGen: 173664K->96K(174080K)] 232860K->59308K(523776K), 0.0018713 secs] [Times: user=0.00 sys=0.00, real=0.00 secs] 
2018-03-19T12:58:17.738+0530: 2832.841: [GC (Allocation Failure) [PSYoungGen: 173664K->96K(174080K)] 232876K->59324K(523776K), 0.0015653 secs] [Times: user=0.00 sys=0.00, real=0.00 secs] 
2018-03-19T12:58:18.185+0530: 2833.288: [GC (Allocation Failure) [PSYoungGen: 173664K->32K(174080K)] 232892K->59284K(523776K), 0.0014193 secs] [Times: user=0.00 sys=0.00, real=0.00 secs] 
2018-03-19T12:58:18.509+0530: 2833.612: [GC (Allocation Failure) [PSYoungGen: 173600K->96K(174080K)] 232852K->59380K(523776K), 0.0011301 secs] [Times: user=0.00 sys=0.00, real=0.00 secs] 
2018-03-19T12:58:18.889+0530: 2833.991: [GC (Allocation Failure) [PSYoungGen: 173664K->96K(174080K)] 232948K->59396K(523776K), 0.0017818 secs] [Times: user=0.00 sys=0.00, real=0.00 secs] 
2018-03-19T12:58:19.255+0530: 2834.358: [GC (Allocation Failure) [PSYoungGen: 173664K->96K(174080K)] 232964K->59428K(523776K), 0.0013921 secs] [Times: user=0.00 sys=0.00, real=0.00 secs] 
2018-03-19T12:58:19.599+0530: 2834.702: [GC (Allocation Failure) [PSYoungGen: 173664K->64K(174080K)] 232996K->59412K(523776K), 0.0017370 secs] [Times: user=0.00 sys=0.00, real=0.00 secs] 
2018-03-19T12:58:19.978+0530: 2835.081: [GC (Allocation Failure) [PSYoungGen: 173632K->64K(174080K)] 232980K->59444K(523776K), 0.0013449 secs] [Times: user=0.00 sys=0.00, real=0.00 secs] 
2018-03-19T12:58:20.329+0530: 2835.432: [GC (Allocation Failure) [PSYoungGen: 173632K->96K(174080K)] 233012K->59508K(523776K), 0.0015191 secs] [Times: user=0.00 sys=0.00, real=0.00 secs] 
2018-03-19T12:58:20.650+0530: 2835.753: [GC (Allocation Failure) [PSYoungGen: 173664K->64K(174080K)] 233076K->59492K(523776K), 0.0017067 secs] [Times: user=0.00 sys=0.00, real=0.00 secs] 
2018-03-19T12:58:20.995+0530: 2836.098: [GC (Allocation Failure) [PSYoungGen: 173632K->96K(174080K)] 233060K->59540K(523776K), 0.0013720 secs] [Times: user=0.00 sys=0.00, real=0.00 secs] 
2018-03-19T12:58:21.313+0530: 2836.415: [GC (Allocation Failure) [PSYoungGen: 173664K->32K(174080K)] 233108K->59492K(523776K), 0.0025029 secs] [Times: user=0.00 sys=0.00, real=0.00 secs] 
2018-03-19T12:58:21.626+0530: 2836.730: [GC (Allocation Failure) [PSYoungGen: 173600K->64K(174080K)] 233060K->59540K(523776K), 0.0018971 secs] [Times: user=0.00 sys=0.00, real=0.00 secs] 
2018-03-19T12:58:21.937+0530: 2837.039: [GC (Allocation Failure) [PSYoungGen: 173632K->64K(174080K)] 233108K->59572K(523776K), 0.0012959 secs] [Times: user=0.00 sys=0.00, real=0.00 secs] 
2018-03-19T12:58:22.238+0530: 2837.341: [GC (Allocation Failure) [PSYoungGen: 173632K->96K(174080K)] 233140K->59628K(523776K), 0.0011672 secs] [Times: user=0.00 sys=0.00, real=0.00 secs] 
2018-03-19T12:58:22.544+0530: 2837.646: [GC (Allocation Failure) [PSYoungGen: 173664K->32K(174080K)] 233196K->59588K(523776K), 0.0011735 secs] [Times: user=0.00 sys=0.00, real=0.00 secs] 
2018-03-19T12:58:22.848+0530: 2837.950: [GC (Allocation Failure) [PSYoungGen: 173600K->32K(174080K)] 233156K->59612K(523776K), 0.0012976 secs] [Times: user=0.00 sys=0.00, real=0.00 secs] 
2018-03-19T12:58:23.152+0530: 2838.255: [GC (Allocation Failure) [PSYoungGen: 173600K->64K(174080K)] 233180K->59668K(523776K), 0.0014863 secs] [Times: user=0.00 sys=0.00, real=0.00 secs] 
2018-03-19T12:58:23.470+0530: 2838.573: [GC (Allocation Failure) [PSYoungGen: 173632K->64K(174080K)] 233236K->59692K(523776K), 0.0011679 secs] [Times: user=0.00 sys=0.00, real=0.00 secs] 
2018-03-19T12:58:23.794+0530: 2838.897: [GC (Allocation Failure) [PSYoungGen: 173632K->64K(174080K)] 233260K->59716K(523776K), 0.0011361 secs] [Times: user=0.00 sys=0.00, real=0.00 secs] 
2018-03-19T12:58:24.374+0530: 2839.477: [GC (Allocation Failure) [PSYoungGen: 173632K->96K(174080K)] 233284K->59780K(523776K), 0.0014133 secs] [Times: user=0.00 sys=0.00, real=0.00 secs] 
2018-03-19T12:58:24.687+0530: 2839.790: [GC (Allocation Failure) [PSYoungGen: 173664K->96K(174080K)] 233348K->59804K(523776K), 0.0013036 secs] [Times: user=0.00 sys=0.00, real=0.00 secs] 
2018-03-19T12:58:25.385+0530: 2840.488: [GC (Allocation Failure) [PSYoungGen: 173664K->64K(174080K)] 233372K->59796K(523776K), 0.0042194 secs] [Times: user=0.00 sys=0.00, real=0.00 secs] 
2018-03-19T12:58:26.038+0530: 2841.141: [GC (Allocation Failure) [PSYoungGen: 173632K->96K(174080K)] 233364K->59860K(523776K), 0.0015430 secs] [Times: user=0.00 sys=0.00, real=0.00 secs] 
2018-03-19T12:58:26.734+0530: 2841.837: [GC (Allocation Failure) [PSYoungGen: 173664K->96K(174080K)] 233428K->59876K(523776K), 0.0016524 secs] [Times: user=0.00 sys=0.00, real=0.00 secs] 
2018-03-19T12:58:27.134+0530: 2842.237: [GC (Allocation Failure) [PSYoungGen: 173664K->96K(174080K)] 233444K->59908K(523776K), 0.0016256 secs] [Times: user=0.00 sys=0.00, real=0.00 secs] 
2018-03-19T12:58:27.535+0530: 2842.637: [GC (Allocation Failure) [PSYoungGen: 173664K->64K(174080K)] 233476K->59908K(523776K), 0.0014556 secs] [Times: user=0.00 sys=0.00, real=0.00 secs] 
2018-03-19T12:58:27.928+0530: 2843.030: [GC (Allocation Failure) [PSYoungGen: 173632K->96K(174080K)] 233476K->59972K(523776K), 0.0013213 secs] [Times: user=0.00 sys=0.00, real=0.00 secs] 
2018-03-19T12:58:28.256+0530: 2843.358: [GC (Allocation Failure) [PSYoungGen: 173664K->96K(174080K)] 233540K->59996K(523776K), 0.0014683 secs] [Times: user=0.00 sys=0.00, real=0.00 secs] 
2018-03-19T12:58:28.596+0530: 2843.699: [GC (Allocation Failure) [PSYoungGen: 173664K->96K(174080K)] 233564K->60028K(523776K), 0.0012313 secs] [Times: user=0.00 sys=0.00, real=0.00 secs] 
2018-03-19T12:58:28.902+0530: 2844.005: [GC (Allocation Failure) [PSYoungGen: 173664K->64K(174080K)] 233596K->60020K(523776K), 0.0013682 secs] [Times: user=0.00 sys=0.00, real=0.00 secs] 
2018-03-19T12:58:29.210+0530: 2844.313: [GC (Allocation Failure) [PSYoungGen: 173632K->96K(174080K)] 233588K->60076K(523776K), 0.0013227 secs] [Times: user=0.00 sys=0.00, real=0.00 secs] 
2018-03-19T12:58:29.516+0530: 2844.619: [GC (Allocation Failure) [PSYoungGen: 173664K->96K(174080K)] 233644K->60108K(523776K), 0.0013311 secs] [Times: user=0.00 sys=0.00, real=0.00 secs] 
2018-03-19T12:58:29.815+0530: 2844.918: [GC (Allocation Failure) [PSYoungGen: 173664K->64K(174080K)] 233676K->60092K(523776K), 0.0014052 secs] [Times: user=0.00 sys=0.00, real=0.00 secs] 
2018-03-19T12:58:30.123+0530: 2845.226: [GC (Allocation Failure) [PSYoungGen: 173632K->64K(174080K)] 233660K->60124K(523776K), 0.0013117 secs] [Times: user=0.00 sys=0.00, real=0.00 secs] 
2018-03-19T12:58:30.425+0530: 2845.528: [GC (Allocation Failure) [PSYoungGen: 173632K->96K(174080K)] 233692K->60180K(523776K), 0.0013682 secs] [Times: user=0.00 sys=0.00, real=0.00 secs] 
2018-03-19T12:58:30.739+0530: 2845.842: [GC (Allocation Failure) [PSYoungGen: 173664K->64K(174080K)] 233748K->60180K(523776K), 0.0014306 secs] [Times: user=0.00 sys=0.00, real=0.00 secs] 
2018-03-19T12:58:31.036+0530: 2846.139: [GC (Allocation Failure) [PSYoungGen: 173632K->64K(174080K)] 233748K->60212K(523776K), 0.0011717 secs] [Times: user=0.00 sys=0.00, real=0.00 secs] 
2018-03-19T12:58:31.331+0530: 2846.434: [GC (Allocation Failure) [PSYoungGen: 173632K->64K(174080K)] 233780K->60244K(523776K), 0.0014045 secs] [Times: user=0.00 sys=0.00, real=0.00 secs] 
2018-03-19T12:58:31.647+0530: 2846.750: [GC (Allocation Failure) [PSYoungGen: 173632K->96K(174080K)] 233812K->60300K(523776K), 0.0015071 secs] [Times: user=0.00 sys=0.00, real=0.00 secs] 
2018-03-19T12:58:31.950+0530: 2847.053: [GC (Allocation Failure) [PSYoungGen: 173664K->64K(174080K)] 233868K->60292K(523776K), 0.0012592 secs] [Times: user=0.00 sys=0.00, real=0.00 secs] 
2018-03-19T12:58:32.279+0530: 2847.382: [GC (Allocation Failure) [PSYoungGen: 173632K->96K(174080K)] 233860K->60348K(523776K), 0.0011950 secs] [Times: user=0.00 sys=0.00, real=0.00 secs] 
2018-03-19T12:58:32.604+0530: 2847.707: [GC (Allocation Failure) [PSYoungGen: 173664K->96K(174080K)] 233916K->60380K(523776K), 0.0010794 secs] [Times: user=0.00 sys=0.00, real=0.00 secs] 
2018-03-19T12:58:32.922+0530: 2848.025: [GC (Allocation Failure) [PSYoungGen: 173664K->64K(174080K)] 233948K->60364K(523776K), 0.0013269 secs] [Times: user=0.00 sys=0.00, real=0.00 secs] 
2018-03-19T12:58:33.237+0530: 2848.340: [GC (Allocation Failure) [PSYoungGen: 173632K->64K(174080K)] 233932K->60380K(523776K), 0.0018498 secs] [Times: user=0.00 sys=0.00, real=0.00 secs] 
2018-03-19T12:58:33.732+0530: 2848.835: [GC (Allocation Failure) [PSYoungGen: 173632K->96K(174080K)] 233948K->60444K(523776K), 0.0014912 secs] [Times: user=0.00 sys=0.00, real=0.00 secs] 
2018-03-19T12:58:34.186+0530: 2849.290: [GC (Allocation Failure) [PSYoungGen: 173664K->96K(174080K)] 234012K->60460K(523776K), 0.0019648 secs] [Times: user=0.00 sys=0.00, real=0.00 secs] 
2018-03-19T12:58:34.694+0530: 2849.796: [GC (Allocation Failure) [PSYoungGen: 173664K->96K(174080K)] 234028K->60492K(523776K), 0.0017419 secs] [Times: user=0.00 sys=0.00, real=0.00 secs] 
2018-03-19T12:58:35.414+0530: 2850.517: [GC (Allocation Failure) [PSYoungGen: 173664K->64K(174080K)] 234060K->60484K(523776K), 0.0019944 secs] [Times: user=0.06 sys=0.00, real=0.00 secs] 
2018-03-19T12:58:36.261+0530: 2851.364: [GC (Allocation Failure) [PSYoungGen: 173632K->64K(174080K)] 234052K->60500K(523776K), 0.0024327 secs] [Times: user=0.00 sys=0.00, real=0.00 secs] 
2018-03-19T12:58:36.987+0530: 2852.090: [GC (Allocation Failure) [PSYoungGen: 173632K->96K(174080K)] 234068K->60564K(523776K), 0.0017388 secs] [Times: user=0.00 sys=0.00, real=0.00 secs] 
2018-03-19T12:58:37.859+0530: 2852.962: [GC (Allocation Failure) [PSYoungGen: 173664K->64K(174080K)] 234132K->60548K(523776K), 0.0014761 secs] [Times: user=0.00 sys=0.00, real=0.00 secs] 
2018-03-19T12:58:38.459+0530: 2853.561: [GC (Allocation Failure) [PSYoungGen: 173632K->64K(174080K)] 234116K->60572K(523776K), 0.0017476 secs] [Times: user=0.00 sys=0.00, real=0.00 secs] 
2018-03-19T12:58:39.172+0530: 2854.276: [GC (Allocation Failure) [PSYoungGen: 173632K->32K(174080K)] 234140K->60556K(523776K), 0.0043263 secs] [Times: user=0.00 sys=0.00, real=0.01 secs] 
2018-03-19T12:58:39.834+0530: 2854.937: [GC (Allocation Failure) [PSYoungGen: 173600K->64K(174080K)] 234124K->60604K(523776K), 0.0023932 secs] [Times: user=0.00 sys=0.00, real=0.00 secs] 
2018-03-19T12:58:40.986+0530: 2856.089: [GC (Allocation Failure) [PSYoungGen: 173632K->64K(174080K)] 234172K->60628K(523776K), 0.0010226 secs] [Times: user=0.00 sys=0.00, real=0.00 secs] 
2018-03-19T12:58:41.257+0530: 2856.360: [GC (Allocation Failure) [PSYoungGen: 173632K->96K(174080K)] 234196K->60692K(523776K), 0.0013689 secs] [Times: user=0.02 sys=0.02, real=0.00 secs] 
2018-03-19T12:58:41.652+0530: 2856.755: [GC (Allocation Failure) [PSYoungGen: 173664K->96K(174080K)] 234260K->60716K(523776K), 0.0014207 secs] [Times: user=0.00 sys=0.00, real=0.00 secs] 
2018-03-19T12:58:42.219+0530: 2857.321: [GC (Allocation Failure) [PSYoungGen: 173664K->96K(174080K)] 234284K->60740K(523776K), 0.0016742 secs] [Times: user=0.00 sys=0.00, real=0.00 secs] 
2018-03-19T12:58:42.620+0530: 2857.723: [GC (Allocation Failure) [PSYoungGen: 173664K->96K(174080K)] 234308K->60772K(523776K), 0.0014782 secs] [Times: user=0.00 sys=0.00, real=0.00 secs] 
2018-03-19T12:58:42.978+0530: 2858.080: [GC (Allocation Failure) [PSYoungGen: 173664K->96K(174080K)] 234340K->60804K(523776K), 0.0015314 secs] [Times: user=0.00 sys=0.00, real=0.00 secs] 
2018-03-19T12:58:43.320+0530: 2858.423: [GC (Allocation Failure) [PSYoungGen: 173664K->96K(174080K)] 234372K->60820K(523776K), 0.0015014 secs] [Times: user=0.01 sys=0.00, real=0.00 secs] 
2018-03-19T12:58:43.736+0530: 2858.839: [GC (Allocation Failure) [PSYoungGen: 173664K->96K(174080K)] 234388K->60844K(523776K), 0.0014612 secs] [Times: user=0.00 sys=0.00, real=0.00 secs] 
2018-03-19T12:58:44.068+0530: 2859.171: [GC (Allocation Failure) [PSYoungGen: 173664K->96K(174080K)] 234412K->60868K(523776K), 0.0012874 secs] [Times: user=0.00 sys=0.00, real=0.00 secs] 
2018-03-19T12:58:44.386+0530: 2859.488: [GC (Allocation Failure) [PSYoungGen: 173664K->64K(174080K)] 234436K->60868K(523776K), 0.0014080 secs] [Times: user=0.00 sys=0.00, real=0.00 secs] 
2018-03-19T12:58:44.696+0530: 2859.799: [GC (Allocation Failure) [PSYoungGen: 173632K->64K(174080K)] 234436K->60892K(523776K), 0.0014898 secs] [Times: user=0.05 sys=0.00, real=0.00 secs] 
2018-03-19T12:58:45.017+0530: 2860.119: [GC (Allocation Failure) [PSYoungGen: 173632K->96K(174080K)] 234460K->60956K(523776K), 0.0014775 secs] [Times: user=0.00 sys=0.00, real=0.00 secs] 
2018-03-19T12:58:45.331+0530: 2860.434: [GC (Allocation Failure) [PSYoungGen: 173664K->32K(174080K)] 234524K->60916K(523776K), 0.0014017 secs] [Times: user=0.00 sys=0.00, real=0.00 secs] 
2018-03-19T12:58:45.633+0530: 2860.736: [GC (Allocation Failure) [PSYoungGen: 173600K->96K(174080K)] 234484K->60996K(523776K), 0.0013868 secs] [Times: user=0.02 sys=0.00, real=0.00 secs] 
2018-03-19T12:58:45.932+0530: 2861.034: [GC (Allocation Failure) [PSYoungGen: 173664K->64K(174080K)] 234564K->60996K(523776K), 0.0011333 secs] [Times: user=0.00 sys=0.00, real=0.00 secs] 
2018-03-19T12:58:46.235+0530: 2861.338: [GC (Allocation Failure) [PSYoungGen: 173632K->64K(174080K)] 234564K->61020K(523776K), 0.0012169 secs] [Times: user=0.00 sys=0.00, real=0.00 secs] 
2018-03-19T12:58:46.535+0530: 2861.637: [GC (Allocation Failure) [PSYoungGen: 173632K->96K(174080K)] 234588K->61084K(523776K), 0.0011668 secs] [Times: user=0.00 sys=0.00, real=0.00 secs] 
2018-03-19T12:58:46.835+0530: 2861.938: [GC (Allocation Failure) [PSYoungGen: 173664K->96K(174080K)] 234652K->61108K(523776K), 0.0011742 secs] [Times: user=0.00 sys=0.00, real=0.00 secs] 
2018-03-19T12:58:47.142+0530: 2862.245: [GC (Allocation Failure) [PSYoungGen: 173664K->96K(174080K)] 234676K->61140K(523776K), 0.0013749 secs] [Times: user=0.00 sys=0.00, real=0.00 secs] 
2018-03-19T12:58:47.459+0530: 2862.562: [GC (Allocation Failure) [PSYoungGen: 173664K->32K(174080K)] 234708K->61100K(523776K), 0.0013551 secs] [Times: user=0.00 sys=0.00, real=0.00 secs] 
2018-03-19T12:58:47.782+0530: 2862.885: [GC (Allocation Failure) [PSYoungGen: 173600K->64K(174080K)] 234668K->61164K(523776K), 0.0013382 secs] [Times: user=0.00 sys=0.00, real=0.00 secs] 
2018-03-19T12:58:48.092+0530: 2863.194: [GC (Allocation Failure) [PSYoungGen: 173632K->96K(174080K)] 234732K->61220K(523776K), 0.0010977 secs] [Times: user=0.00 sys=0.00, real=0.00 secs] 
2018-03-19T12:58:48.390+0530: 2863.493: [GC (Allocation Failure) [PSYoungGen: 173664K->64K(174080K)] 234788K->61212K(523776K), 0.0012606 secs] [Times: user=0.00 sys=0.00, real=0.00 secs] 
2018-03-19T12:58:48.693+0530: 2863.796: [GC (Allocation Failure) [PSYoungGen: 173632K->96K(174080K)] 234780K->61268K(523776K), 0.0016245 secs] [Times: user=0.00 sys=0.00, real=0.00 secs] 
2018-03-19T12:58:48.996+0530: 2864.099: [GC (Allocation Failure) [PSYoungGen: 173664K->32K(174080K)] 234836K->61228K(523776K), 0.0012768 secs] [Times: user=0.00 sys=0.00, real=0.00 secs] 
2018-03-19T12:58:49.290+0530: 2864.393: [GC (Allocation Failure) [PSYoungGen: 173600K->96K(174080K)] 234796K->61324K(523776K), 0.0011203 secs] [Times: user=0.00 sys=0.00, real=0.00 secs] 
2018-03-19T12:58:49.583+0530: 2864.686: [GC (Allocation Failure) [PSYoungGen: 173664K->96K(174080K)] 234892K->61340K(523776K), 0.0012543 secs] [Times: user=0.00 sys=0.00, real=0.00 secs] 
2018-03-19T12:58:49.860+0530: 2864.963: [GC (Allocation Failure) [PSYoungGen: 173664K->96K(174080K)] 234908K->61356K(523776K), 0.0012028 secs] [Times: user=0.00 sys=0.00, real=0.00 secs] 
2018-03-19T12:58:50.150+0530: 2865.253: [GC (Allocation Failure) [PSYoungGen: 173664K->96K(174080K)] 234924K->61380K(523776K), 0.0011753 secs] [Times: user=0.00 sys=0.00, real=0.00 secs] 
2018-03-19T12:58:50.436+0530: 2865.539: [GC (Allocation Failure) [PSYoungGen: 173664K->96K(174080K)] 234948K->61404K(523776K), 0.0012359 secs] [Times: user=0.00 sys=0.00, real=0.00 secs] 
2018-03-19T12:58:50.738+0530: 2865.841: [GC (Allocation Failure) [PSYoungGen: 173664K->96K(174080K)] 234972K->61428K(523776K), 0.0010772 secs] [Times: user=0.00 sys=0.00, real=0.00 secs] 
2018-03-19T12:58:51.021+0530: 2866.124: [GC (Allocation Failure) [PSYoungGen: 173664K->96K(174080K)] 234996K->61444K(523776K), 0.0012980 secs] [Times: user=0.00 sys=0.00, real=0.00 secs] 
2018-03-19T12:58:51.298+0530: 2866.400: [GC (Allocation Failure) [PSYoungGen: 173664K->96K(174080K)] 235012K->61476K(523776K), 0.0012514 secs] [Times: user=0.00 sys=0.00, real=0.00 secs] 
2018-03-19T12:58:51.588+0530: 2866.691: [GC (Allocation Failure) [PSYoungGen: 173664K->96K(174080K)] 235044K->61508K(523776K), 0.0012782 secs] [Times: user=0.00 sys=0.00, real=0.00 secs] 
2018-03-19T12:58:51.880+0530: 2866.984: [GC (Allocation Failure) [PSYoungGen: 173664K->96K(174080K)] 235076K->61540K(523776K), 0.0012666 secs] [Times: user=0.00 sys=0.00, real=0.00 secs] 
2018-03-19T12:58:52.157+0530: 2867.260: [GC (Allocation Failure) [PSYoungGen: 173664K->64K(174080K)] 235108K->61540K(523776K), 0.0011203 secs] [Times: user=0.00 sys=0.00, real=0.00 secs] 
2018-03-19T12:58:52.437+0530: 2867.540: [GC (Allocation Failure) [PSYoungGen: 173632K->96K(174080K)] 235108K->61604K(523776K), 0.0012405 secs] [Times: user=0.00 sys=0.00, real=0.00 secs] 
2018-03-19T12:58:52.721+0530: 2867.824: [GC (Allocation Failure) [PSYoungGen: 173664K->32K(174080K)] 235172K->61564K(523776K), 0.0012627 secs] [Times: user=0.00 sys=0.00, real=0.00 secs] 
2018-03-19T12:58:52.997+0530: 2868.100: [GC (Allocation Failure) [PSYoungGen: 173600K->96K(174080K)] 235132K->61652K(523776K), 0.0013012 secs] [Times: user=0.00 sys=0.00, real=0.00 secs] 
2018-03-19T12:58:53.274+0530: 2868.376: [GC (Allocation Failure) [PSYoungGen: 173664K->64K(174080K)] 235220K->61644K(523776K), 0.0012652 secs] [Times: user=0.00 sys=0.00, real=0.00 secs] 
2018-03-19T12:58:53.567+0530: 2868.671: [GC (Allocation Failure) [PSYoungGen: 173632K->96K(174080K)] 235212K->61692K(523776K), 0.0013678 secs] [Times: user=0.00 sys=0.00, real=0.00 secs] 
2018-03-19T12:58:53.869+0530: 2868.972: [GC (Allocation Failure) [PSYoungGen: 173664K->96K(174080K)] 235260K->61724K(523776K), 0.0013015 secs] [Times: user=0.00 sys=0.00, real=0.00 secs] 
2018-03-19T12:58:54.145+0530: 2869.248: [GC (Allocation Failure) [PSYoungGen: 173664K->96K(174080K)] 235292K->61756K(523776K), 0.0012370 secs] [Times: user=0.00 sys=0.00, real=0.00 secs] 
2018-03-19T12:58:54.434+0530: 2869.537: [GC (Allocation Failure) [PSYoungGen: 173664K->96K(174080K)] 235324K->61780K(523776K), 0.0012144 secs] [Times: user=0.00 sys=0.00, real=0.00 secs] 
2018-03-19T12:58:54.718+0530: 2869.820: [GC (Allocation Failure) [PSYoungGen: 173664K->96K(174080K)] 235348K->61804K(523776K), 0.0012867 secs] [Times: user=0.00 sys=0.00, real=0.00 secs] 
2018-03-19T12:58:55.002+0530: 2870.105: [GC (Allocation Failure) [PSYoungGen: 173664K->64K(174080K)] 235372K->61796K(523776K), 0.0011097 secs] [Times: user=0.00 sys=0.00, real=0.00 secs] 
2018-03-19T12:58:55.277+0530: 2870.381: [GC (Allocation Failure) [PSYoungGen: 173632K->64K(174080K)] 235364K->61820K(523776K), 0.0012620 secs] [Times: user=0.00 sys=0.00, real=0.00 secs] 
2018-03-19T12:58:55.584+0530: 2870.687: [GC (Allocation Failure) [PSYoungGen: 173632K->96K(174080K)] 235388K->61884K(523776K), 0.0013086 secs] [Times: user=0.00 sys=0.00, real=0.00 secs] 
2018-03-19T12:58:55.879+0530: 2870.981: [GC (Allocation Failure) [PSYoungGen: 173664K->96K(174080K)] 235452K->61900K(523776K), 0.0012835 secs] [Times: user=0.00 sys=0.00, real=0.00 secs] 
2018-03-19T12:58:56.159+0530: 2871.262: [GC (Allocation Failure) [PSYoungGen: 173664K->64K(174080K)] 235468K->61884K(523776K), 0.0012521 secs] [Times: user=0.00 sys=0.00, real=0.00 secs] 
2018-03-19T12:58:56.453+0530: 2871.556: [GC (Allocation Failure) [PSYoungGen: 173632K->96K(174080K)] 235452K->61948K(523776K), 0.0012994 secs] [Times: user=0.00 sys=0.00, real=0.00 secs] 
2018-03-19T12:58:56.745+0530: 2871.849: [GC (Allocation Failure) [PSYoungGen: 173664K->64K(174080K)] 235516K->61940K(523776K), 0.0014038 secs] [Times: user=0.00 sys=0.00, real=0.00 secs] 
2018-03-19T12:58:57.023+0530: 2872.126: [GC (Allocation Failure) [PSYoungGen: 173632K->96K(174080K)] 235508K->62004K(523776K), 0.0012800 secs] [Times: user=0.00 sys=0.00, real=0.00 secs] 
2018-03-19T12:58:57.307+0530: 2872.409: [GC (Allocation Failure) [PSYoungGen: 173664K->64K(174080K)] 235572K->61988K(523776K), 0.0022120 secs] [Times: user=0.00 sys=0.00, real=0.00 secs] 
2018-03-19T12:58:57.599+0530: 2872.702: [GC (Allocation Failure) [PSYoungGen: 173632K->96K(174080K)] 235556K->62044K(523776K), 0.0014027 secs] [Times: user=0.00 sys=0.00, real=0.00 secs] 
2018-03-19T12:58:57.882+0530: 2872.986: [GC (Allocation Failure) [PSYoungGen: 173664K->64K(174080K)] 235612K->62036K(523776K), 0.0012317 secs] [Times: user=0.02 sys=0.00, real=0.00 secs] 
2018-03-19T12:58:58.164+0530: 2873.267: [GC (Allocation Failure) [PSYoungGen: 173632K->96K(174080K)] 235604K->62100K(523776K), 0.0011047 secs] [Times: user=0.00 sys=0.00, real=0.00 secs] 
2018-03-19T12:58:58.463+0530: 2873.566: [GC (Allocation Failure) [PSYoungGen: 173664K->64K(174080K)] 235668K->62092K(523776K), 0.0011622 secs] [Times: user=0.00 sys=0.00, real=0.00 secs] 
2018-03-19T12:58:58.762+0530: 2873.865: [GC (Allocation Failure) [PSYoungGen: 173632K->96K(174080K)] 235660K->62140K(523776K), 0.0017952 secs] [Times: user=0.00 sys=0.00, real=0.00 secs] 
2018-03-19T12:58:59.407+0530: 2874.511: [GC (Allocation Failure) [PSYoungGen: 173664K->96K(174080K)] 235708K->62156K(523776K), 0.0013301 secs] [Times: user=0.00 sys=0.00, real=0.00 secs] 
2018-03-19T12:58:59.764+0530: 2874.867: [GC (Allocation Failure) [PSYoungGen: 173664K->96K(174080K)] 235724K->62188K(523776K), 0.0012874 secs] [Times: user=0.00 sys=0.00, real=0.00 secs] 
2018-03-19T12:59:00.221+0530: 2875.324: [GC (Allocation Failure) [PSYoungGen: 173664K->96K(174080K)] 235756K->62204K(523776K), 0.0030600 secs] [Times: user=0.00 sys=0.00, real=0.00 secs] 
2018-03-19T12:59:00.841+0530: 2875.943: [GC (Allocation Failure) [PSYoungGen: 173664K->96K(174080K)] 235772K->62228K(523776K), 0.0022063 secs] [Times: user=0.00 sys=0.00, real=0.00 secs] 
2018-03-19T12:59:01.499+0530: 2876.603: [GC (Allocation Failure) [PSYoungGen: 173664K->128K(174080K)] 235796K->62284K(523776K), 0.0017289 secs] [Times: user=0.00 sys=0.00, real=0.00 secs] 
2018-03-19T12:59:01.989+0530: 2877.092: [GC (Allocation Failure) [PSYoungGen: 173696K->64K(174080K)] 235852K->62244K(523776K), 0.0014531 secs] [Times: user=0.00 sys=0.00, real=0.00 secs] 
2018-03-19T12:59:02.293+0530: 2877.395: [GC (Allocation Failure) [PSYoungGen: 173632K->96K(174080K)] 235812K->62308K(523776K), 0.0012102 secs] [Times: user=0.00 sys=0.00, real=0.00 secs] 
2018-03-19T12:59:02.596+0530: 2877.699: [GC (Allocation Failure) [PSYoungGen: 173664K->96K(174080K)] 235876K->62332K(523776K), 0.0012409 secs] [Times: user=0.00 sys=0.00, real=0.00 secs] 
2018-03-19T12:59:02.895+0530: 2877.998: [GC (Allocation Failure) [PSYoungGen: 173664K->64K(174080K)] 235900K->62324K(523776K), 0.0011689 secs] [Times: user=0.00 sys=0.00, real=0.00 secs] 
2018-03-19T12:59:03.183+0530: 2878.286: [GC (Allocation Failure) [PSYoungGen: 173632K->96K(174080K)] 235892K->62380K(523776K), 0.0012592 secs] [Times: user=0.00 sys=0.00, real=0.00 secs] 
2018-03-19T12:59:03.489+0530: 2878.591: [GC (Allocation Failure) [PSYoungGen: 173664K->32K(174080K)] 235948K->62332K(523776K), 0.0012966 secs] [Times: user=0.00 sys=0.00, real=0.00 secs] 
2018-03-19T12:59:03.934+0530: 2879.037: [GC (Allocation Failure) [PSYoungGen: 173600K->64K(174080K)] 235900K->62396K(523776K), 0.0014214 secs] [Times: user=0.00 sys=0.00, real=0.00 secs] 
2018-03-19T12:59:04.227+0530: 2879.330: [GC (Allocation Failure) [PSYoungGen: 173632K->96K(174080K)] 235964K->62460K(523776K), 0.0011908 secs] [Times: user=0.00 sys=0.00, real=0.00 secs] 
2018-03-19T12:59:04.524+0530: 2879.627: [GC (Allocation Failure) [PSYoungGen: 173664K->96K(174080K)] 236028K->62484K(523776K), 0.0012271 secs] [Times: user=0.05 sys=0.00, real=0.00 secs] 
2018-03-19T12:59:04.815+0530: 2879.918: [GC (Allocation Failure) [PSYoungGen: 173664K->32K(174080K)] 236052K->62444K(523776K), 0.0011915 secs] [Times: user=0.00 sys=0.00, real=0.00 secs] 
2018-03-19T12:59:05.100+0530: 2880.203: [GC (Allocation Failure) [PSYoungGen: 173600K->96K(174080K)] 236012K->62524K(523776K), 0.0011189 secs] [Times: user=0.00 sys=0.00, real=0.00 secs] 
2018-03-19T12:59:05.396+0530: 2880.499: [GC (Allocation Failure) [PSYoungGen: 173664K->64K(174080K)] 236092K->62516K(523776K), 0.0013569 secs] [Times: user=0.00 sys=0.00, real=0.00 secs] 
2018-03-19T12:59:05.692+0530: 2880.795: [GC (Allocation Failure) [PSYoungGen: 173632K->64K(174080K)] 236084K->62548K(523776K), 0.0012162 secs] [Times: user=0.00 sys=0.00, real=0.00 secs] 
2018-03-19T12:59:06.122+0530: 2881.225: [GC (Allocation Failure) [PSYoungGen: 173632K->96K(174080K)] 236116K->62612K(523776K), 0.0013738 secs] [Times: user=0.00 sys=0.00, real=0.00 secs] 
2018-03-19T12:59:06.460+0530: 2881.564: [GC (Allocation Failure) [PSYoungGen: 173664K->96K(174080K)] 236180K->62628K(523776K), 0.0019263 secs] [Times: user=0.02 sys=0.00, real=0.00 secs] 
2018-03-19T12:59:06.774+0530: 2881.877: [GC (Allocation Failure) [PSYoungGen: 173664K->96K(174080K)] 236196K->62660K(523776K), 0.0011996 secs] [Times: user=0.00 sys=0.00, real=0.00 secs] 
2018-03-19T12:59:07.085+0530: 2882.188: [GC (Allocation Failure) [PSYoungGen: 173664K->96K(174080K)] 236228K->62684K(523776K), 0.0013925 secs] [Times: user=0.00 sys=0.00, real=0.00 secs] 
2018-03-19T12:59:07.401+0530: 2882.504: [GC (Allocation Failure) [PSYoungGen: 173664K->96K(174080K)] 236252K->62716K(523776K), 0.0011471 secs] [Times: user=0.00 sys=0.00, real=0.00 secs] 
2018-03-19T12:59:07.730+0530: 2882.833: [GC (Allocation Failure) [PSYoungGen: 173664K->96K(174080K)] 236284K->62740K(523776K), 0.0013276 secs] [Times: user=0.00 sys=0.00, real=0.00 secs] 
2018-03-19T12:59:08.028+0530: 2883.130: [GC (Allocation Failure) [PSYoungGen: 173664K->64K(174080K)] 236308K->62740K(523776K), 0.0013361 secs] [Times: user=0.00 sys=0.00, real=0.00 secs] 
2018-03-19T12:59:08.322+0530: 2883.426: [GC (Allocation Failure) [PSYoungGen: 173632K->64K(174080K)] 236308K->62756K(523776K), 0.0014909 secs] [Times: user=0.00 sys=0.00, real=0.00 secs] 
2018-03-19T12:59:08.616+0530: 2883.720: [GC (Allocation Failure) [PSYoungGen: 173632K->96K(174080K)] 236324K->62812K(523776K), 0.0012419 secs] [Times: user=0.02 sys=0.00, real=0.00 secs] 
2018-03-19T12:59:08.919+0530: 2884.022: [GC (Allocation Failure) [PSYoungGen: 173664K->96K(174080K)] 236380K->62836K(523776K), 0.0011686 secs] [Times: user=0.00 sys=0.00, real=0.00 secs] 
2018-03-19T12:59:09.208+0530: 2884.310: [GC (Allocation Failure) [PSYoungGen: 173664K->64K(174080K)] 236404K->62836K(523776K), 0.0012490 secs] [Times: user=0.00 sys=0.00, real=0.00 secs] 
2018-03-19T12:59:09.499+0530: 2884.601: [GC (Allocation Failure) [PSYoungGen: 173632K->96K(174080K)] 236404K->62900K(523776K), 0.0013847 secs] [Times: user=0.00 sys=0.00, real=0.00 secs] 
2018-03-19T12:59:09.780+0530: 2884.883: [GC (Allocation Failure) [PSYoungGen: 173664K->64K(174080K)] 236468K->62900K(523776K), 0.0011005 secs] [Times: user=0.00 sys=0.00, real=0.00 secs] 
2018-03-19T12:59:10.073+0530: 2885.176: [GC (Allocation Failure) [PSYoungGen: 173632K->96K(174080K)] 236468K->62964K(523776K), 0.0011749 secs] [Times: user=0.00 sys=0.00, real=0.00 secs] 
2018-03-19T12:59:10.359+0530: 2885.462: [GC (Allocation Failure) [PSYoungGen: 173664K->96K(174080K)] 236532K->62996K(523776K), 0.0013974 secs] [Times: user=0.00 sys=0.00, real=0.00 secs] 
2018-03-19T12:59:10.701+0530: 2885.803: [GC (Allocation Failure) [PSYoungGen: 173664K->64K(174080K)] 236564K->62988K(523776K), 0.0012765 secs] [Times: user=0.00 sys=0.00, real=0.00 secs] 
2018-03-19T12:59:10.988+0530: 2886.091: [GC (Allocation Failure) [PSYoungGen: 173632K->96K(174080K)] 236556K->63052K(523776K), 0.0011425 secs] [Times: user=0.00 sys=0.00, real=0.00 secs] 
2018-03-19T12:59:11.263+0530: 2886.366: [GC (Allocation Failure) [PSYoungGen: 173664K->96K(174080K)] 236620K->63084K(523776K), 0.0012892 secs] [Times: user=0.00 sys=0.00, real=0.00 secs] 
2018-03-19T12:59:11.550+0530: 2886.653: [GC (Allocation Failure) [PSYoungGen: 173664K->96K(174080K)] 236652K->63108K(523776K), 0.0012624 secs] [Times: user=0.00 sys=0.00, real=0.00 secs] 
2018-03-19T12:59:11.898+0530: 2887.001: [GC (Allocation Failure) [PSYoungGen: 173664K->96K(174080K)] 236676K->63132K(523776K), 0.0013223 secs] [Times: user=0.00 sys=0.00, real=0.00 secs] 
2018-03-19T12:59:12.176+0530: 2887.279: [GC (Allocation Failure) [PSYoungGen: 173664K->96K(174080K)] 236700K->63156K(523776K), 0.0012310 secs] [Times: user=0.00 sys=0.00, real=0.00 secs] 
2018-03-19T12:59:12.467+0530: 2887.569: [GC (Allocation Failure) [PSYoungGen: 173664K->96K(174080K)] 236724K->63180K(523776K), 0.0012821 secs] [Times: user=0.00 sys=0.00, real=0.00 secs] 
2018-03-19T12:59:12.748+0530: 2887.851: [GC (Allocation Failure) [PSYoungGen: 173664K->32K(174080K)] 236748K->63140K(523776K), 0.0012042 secs] [Times: user=0.00 sys=0.00, real=0.00 secs] 
2018-03-19T12:59:13.026+0530: 2888.129: [GC (Allocation Failure) [PSYoungGen: 173600K->96K(174080K)] 236708K->63220K(523776K), 0.0013664 secs] [Times: user=0.00 sys=0.00, real=0.00 secs] 
2018-03-19T12:59:13.303+0530: 2888.406: [GC (Allocation Failure) [PSYoungGen: 173664K->96K(174080K)] 236788K->63236K(523776K), 0.0016742 secs] [Times: user=0.00 sys=0.00, real=0.00 secs] 
2018-03-19T12:59:13.593+0530: 2888.695: [GC (Allocation Failure) [PSYoungGen: 173664K->96K(174080K)] 236804K->63260K(523776K), 0.0011791 secs] [Times: user=0.00 sys=0.00, real=0.00 secs] 
2018-03-19T12:59:13.869+0530: 2888.973: [GC (Allocation Failure) [PSYoungGen: 173664K->96K(174080K)] 236828K->63292K(523776K), 0.0014845 secs] [Times: user=0.00 sys=0.00, real=0.00 secs] 
2018-03-19T12:59:14.165+0530: 2889.268: [GC (Allocation Failure) [PSYoungGen: 173664K->96K(174080K)] 236860K->63308K(523776K), 0.0012842 secs] [Times: user=0.05 sys=0.02, real=0.00 secs] 
2018-03-19T12:59:14.453+0530: 2889.556: [GC (Allocation Failure) [PSYoungGen: 173664K->96K(174080K)] 236876K->63332K(523776K), 0.0012320 secs] [Times: user=0.00 sys=0.00, real=0.00 secs] 
2018-03-19T12:59:14.734+0530: 2889.836: [GC (Allocation Failure) [PSYoungGen: 173664K->64K(174080K)] 236900K->63324K(523776K), 0.0011164 secs] [Times: user=0.00 sys=0.00, real=0.00 secs] 
2018-03-19T12:59:15.054+0530: 2890.156: [GC (Allocation Failure) [PSYoungGen: 173632K->64K(174080K)] 236892K->63348K(523776K), 0.0011256 secs] [Times: user=0.00 sys=0.00, real=0.00 secs] 
2018-03-19T12:59:15.335+0530: 2890.438: [GC (Allocation Failure) [PSYoungGen: 173632K->96K(174080K)] 236916K->63404K(523776K), 0.0012804 secs] [Times: user=0.00 sys=0.00, real=0.00 secs] 
2018-03-19T12:59:15.653+0530: 2890.755: [GC (Allocation Failure) [PSYoungGen: 173664K->96K(174080K)] 236972K->63436K(523776K), 0.0013262 secs] [Times: user=0.00 sys=0.00, real=0.00 secs] 
2018-03-19T12:59:18.369+0530: 2893.472: [GC (Allocation Failure) [PSYoungGen: 173664K->96K(174080K)] 237004K->63452K(523776K), 0.0012264 secs] [Times: user=0.00 sys=0.00, real=0.00 secs] 
2018-03-19T12:59:18.645+0530: 2893.748: [GC (Allocation Failure) [PSYoungGen: 173664K->64K(174080K)] 237020K->63452K(523776K), 0.0011809 secs] [Times: user=0.00 sys=0.00, real=0.00 secs] 
2018-03-19T12:59:18.932+0530: 2894.035: [GC (Allocation Failure) [PSYoungGen: 173632K->96K(174080K)] 237020K->63508K(523776K), 0.0013565 secs] [Times: user=0.00 sys=0.00, real=0.00 secs] 
2018-03-19T12:59:19.215+0530: 2894.317: [GC (Allocation Failure) [PSYoungGen: 173664K->96K(174080K)] 237076K->63524K(523776K), 0.0012017 secs] [Times: user=0.00 sys=0.00, real=0.00 secs] 
2018-03-19T12:59:19.501+0530: 2894.604: [GC (Allocation Failure) [PSYoungGen: 173664K->96K(174080K)] 237092K->63548K(523776K), 0.0012751 secs] [Times: user=0.00 sys=0.00, real=0.00 secs] 
2018-03-19T12:59:19.794+0530: 2894.897: [GC (Allocation Failure) [PSYoungGen: 173664K->64K(174080K)] 237116K->63540K(523776K), 0.0011009 secs] [Times: user=0.00 sys=0.00, real=0.00 secs] 
2018-03-19T12:59:20.084+0530: 2895.187: [GC (Allocation Failure) [PSYoungGen: 173632K->96K(174080K)] 237108K->63604K(523776K), 0.0010889 secs] [Times: user=0.00 sys=0.00, real=0.00 secs] 
2018-03-19T12:59:20.386+0530: 2895.489: [GC (Allocation Failure) [PSYoungGen: 173664K->96K(174080K)] 237172K->63636K(523776K), 0.0012137 secs] [Times: user=0.00 sys=0.00, real=0.00 secs] 
2018-03-19T12:59:20.681+0530: 2895.784: [GC (Allocation Failure) [PSYoungGen: 173664K->96K(174080K)] 237204K->63668K(523776K), 0.0012846 secs] [Times: user=0.00 sys=0.00, real=0.00 secs] 
2018-03-19T12:59:20.959+0530: 2896.062: [GC (Allocation Failure) [PSYoungGen: 173664K->96K(174080K)] 237236K->63700K(523776K), 0.0013195 secs] [Times: user=0.00 sys=0.00, real=0.00 secs] 
2018-03-19T12:59:21.237+0530: 2896.340: [GC (Allocation Failure) [PSYoungGen: 173664K->96K(174080K)] 237268K->63724K(523776K), 0.0011763 secs] [Times: user=0.00 sys=0.00, real=0.00 secs] 
2018-03-19T12:59:21.522+0530: 2896.625: [GC (Allocation Failure) [PSYoungGen: 173664K->64K(174080K)] 237292K->63716K(523776K), 0.0011936 secs] [Times: user=0.00 sys=0.00, real=0.00 secs] 
2018-03-19T12:59:21.807+0530: 2896.910: [GC (Allocation Failure) [PSYoungGen: 173632K->64K(174080K)] 237284K->63740K(523776K), 0.0012796 secs] [Times: user=0.00 sys=0.00, real=0.00 secs] 
2018-03-19T12:59:22.083+0530: 2897.186: [GC (Allocation Failure) [PSYoungGen: 173632K->64K(174080K)] 237308K->63764K(523776K), 0.0013149 secs] [Times: user=0.00 sys=0.00, real=0.00 secs] 
2018-03-19T12:59:22.361+0530: 2897.464: [GC (Allocation Failure) [PSYoungGen: 173632K->64K(174080K)] 237332K->63788K(523776K), 0.0013322 secs] [Times: user=0.00 sys=0.00, real=0.00 secs] 
2018-03-19T12:59:22.635+0530: 2897.738: [GC (Allocation Failure) [PSYoungGen: 173632K->96K(174080K)] 237356K->63852K(523776K), 0.0012659 secs] [Times: user=0.00 sys=0.00, real=0.00 secs] 
2018-03-19T12:59:22.911+0530: 2898.013: [GC (Allocation Failure) [PSYoungGen: 173664K->96K(174080K)] 237420K->63868K(523776K), 0.0012370 secs] [Times: user=0.00 sys=0.00, real=0.00 secs] 
2018-03-19T12:59:23.186+0530: 2898.288: [GC (Allocation Failure) [PSYoungGen: 173664K->96K(174080K)] 237436K->63892K(523776K), 0.0011749 secs] [Times: user=0.00 sys=0.00, real=0.00 secs] 
2018-03-19T12:59:23.469+0530: 2898.573: [GC (Allocation Failure) [PSYoungGen: 173664K->96K(174080K)] 237460K->63916K(523776K), 0.0012546 secs] [Times: user=0.00 sys=0.00, real=0.00 secs] 
2018-03-19T12:59:23.779+0530: 2898.882: [GC (Allocation Failure) [PSYoungGen: 173664K->96K(174080K)] 237484K->63948K(523776K), 0.0011231 secs] [Times: user=0.00 sys=0.00, real=0.00 secs] 
2018-03-19T12:59:24.060+0530: 2899.164: [GC (Allocation Failure) [PSYoungGen: 173664K->32K(174080K)] 237516K->63916K(523776K), 0.0012518 secs] [Times: user=0.00 sys=0.00, real=0.00 secs] 
2018-03-19T12:59:24.337+0530: 2899.440: [GC (Allocation Failure) [PSYoungGen: 173600K->96K(174080K)] 237484K->64004K(523776K), 0.0014017 secs] [Times: user=0.00 sys=0.00, real=0.00 secs] 
2018-03-19T12:59:24.615+0530: 2899.718: [GC (Allocation Failure) [PSYoungGen: 173664K->96K(174080K)] 237572K->64036K(523776K), 0.0012119 secs] [Times: user=0.00 sys=0.00, real=0.00 secs] 
2018-03-19T12:59:24.890+0530: 2899.992: [GC (Allocation Failure) [PSYoungGen: 173664K->96K(174080K)] 237604K->64060K(523776K), 0.0013209 secs] [Times: user=0.00 sys=0.00, real=0.00 secs] 
2018-03-19T12:59:25.171+0530: 2900.273: [GC (Allocation Failure) [PSYoungGen: 173664K->64K(174080K)] 237628K->64060K(523776K), 0.0013456 secs] [Times: user=0.00 sys=0.00, real=0.00 secs] 
2018-03-19T12:59:25.458+0530: 2900.561: [GC (Allocation Failure) [PSYoungGen: 173632K->96K(174080K)] 237628K->64108K(523776K), 0.0012814 secs] [Times: user=0.00 sys=0.00, real=0.00 secs] 
2018-03-19T12:59:25.734+0530: 2900.837: [GC (Allocation Failure) [PSYoungGen: 173664K->96K(174080K)] 237676K->64140K(523776K), 0.0013064 secs] [Times: user=0.00 sys=0.00, real=0.00 secs] 
2018-03-19T12:59:26.010+0530: 2901.112: [GC (Allocation Failure) [PSYoungGen: 173664K->96K(174080K)] 237708K->64172K(523776K), 0.0010370 secs] [Times: user=0.00 sys=0.00, real=0.00 secs] 
2018-03-19T12:59:26.285+0530: 2901.387: [GC (Allocation Failure) [PSYoungGen: 173664K->96K(174080K)] 237740K->64204K(523776K), 0.0010991 secs] [Times: user=0.00 sys=0.00, real=0.00 secs] 
2018-03-19T12:59:26.569+0530: 2901.672: [GC (Allocation Failure) [PSYoungGen: 173664K->64K(174080K)] 237772K->64196K(523776K), 0.0011940 secs] [Times: user=0.00 sys=0.00, real=0.00 secs] 
2018-03-19T12:59:26.850+0530: 2901.953: [GC (Allocation Failure) [PSYoungGen: 173632K->64K(174080K)] 237764K->64228K(523776K), 0.0012391 secs] [Times: user=0.00 sys=0.00, real=0.00 secs] 
2018-03-19T12:59:27.125+0530: 2902.228: [GC (Allocation Failure) [PSYoungGen: 173632K->96K(174080K)] 237796K->64284K(523776K), 0.0012804 secs] [Times: user=0.00 sys=0.00, real=0.00 secs] 
2018-03-19T12:59:27.408+0530: 2902.511: [GC (Allocation Failure) [PSYoungGen: 173664K->64K(174080K)] 237852K->64284K(523776K), 0.0012211 secs] [Times: user=0.00 sys=0.00, real=0.00 secs] 
2018-03-19T12:59:27.708+0530: 2902.811: [GC (Allocation Failure) [PSYoungGen: 173632K->64K(174080K)] 237852K->64316K(523776K), 0.0012543 secs] [Times: user=0.00 sys=0.00, real=0.00 secs] 
2018-03-19T12:59:27.991+0530: 2903.093: [GC (Allocation Failure) [PSYoungGen: 173632K->96K(174080K)] 237884K->64364K(523776K), 0.0013272 secs] [Times: user=0.00 sys=0.00, real=0.00 secs] 
2018-03-19T12:59:28.268+0530: 2903.372: [GC (Allocation Failure) [PSYoungGen: 173664K->64K(174080K)] 237932K->64356K(523776K), 0.0012779 secs] [Times: user=0.00 sys=0.00, real=0.00 secs] 
2018-03-19T12:59:28.547+0530: 2903.649: [GC (Allocation Failure) [PSYoungGen: 173632K->96K(174080K)] 237924K->64412K(523776K), 0.0010529 secs] [Times: user=0.00 sys=0.00, real=0.00 secs] 
2018-03-19T12:59:28.826+0530: 2903.929: [GC (Allocation Failure) [PSYoungGen: 173664K->96K(174080K)] 237980K->64428K(523776K), 0.0012126 secs] [Times: user=0.00 sys=0.00, real=0.00 secs] 
2018-03-19T12:59:29.120+0530: 2904.223: [GC (Allocation Failure) [PSYoungGen: 173664K->96K(174080K)] 237996K->64460K(523776K), 0.0012052 secs] [Times: user=0.00 sys=0.00, real=0.00 secs] 
2018-03-19T12:59:29.403+0530: 2904.506: [GC (Allocation Failure) [PSYoungGen: 173664K->96K(174080K)] 238028K->64492K(523776K), 0.0012504 secs] [Times: user=0.00 sys=0.00, real=0.00 secs] 
2018-03-19T12:59:29.682+0530: 2904.784: [GC (Allocation Failure) [PSYoungGen: 173664K->64K(174080K)] 238060K->64492K(523776K), 0.0013149 secs] [Times: user=0.00 sys=0.00, real=0.00 secs] 
2018-03-19T12:59:29.961+0530: 2905.063: [GC (Allocation Failure) [PSYoungGen: 173632K->64K(174080K)] 238060K->64524K(523776K), 0.0011069 secs] [Times: user=0.00 sys=0.00, real=0.00 secs] 
2018-03-19T12:59:30.243+0530: 2905.346: [GC (Allocation Failure) [PSYoungGen: 173632K->96K(174080K)] 238092K->64572K(523776K), 0.0012553 secs] [Times: user=0.00 sys=0.00, real=0.00 secs] 
2018-03-19T12:59:30.531+0530: 2905.635: [GC (Allocation Failure) [PSYoungGen: 173664K->96K(174080K)] 238140K->64596K(523776K), 0.0014397 secs] [Times: user=0.00 sys=0.00, real=0.00 secs] 
2018-03-19T12:59:30.844+0530: 2905.947: [GC (Allocation Failure) [PSYoungGen: 173664K->64K(174080K)] 238164K->64588K(523776K), 0.0011781 secs] [Times: user=0.00 sys=0.00, real=0.00 secs] 
2018-03-19T12:59:31.126+0530: 2906.228: [GC (Allocation Failure) [PSYoungGen: 173632K->96K(174080K)] 238156K->64652K(523776K), 0.0012941 secs] [Times: user=0.00 sys=0.00, real=0.00 secs] 
2018-03-19T12:59:31.407+0530: 2906.509: [GC (Allocation Failure) [PSYoungGen: 173664K->96K(174080K)] 238220K->64676K(523776K), 0.0011770 secs] [Times: user=0.00 sys=0.00, real=0.00 secs] 
2018-03-19T12:59:31.704+0530: 2906.807: [GC (Allocation Failure) [PSYoungGen: 173664K->96K(174080K)] 238244K->64700K(523776K), 0.0013618 secs] [Times: user=0.00 sys=0.00, real=0.00 secs] 
2018-03-19T12:59:31.983+0530: 2907.085: [GC (Allocation Failure) [PSYoungGen: 173664K->96K(174080K)] 238268K->64724K(523776K), 0.0012123 secs] [Times: user=0.00 sys=0.00, real=0.00 secs] 
2018-03-19T12:59:32.254+0530: 2907.358: [GC (Allocation Failure) [PSYoungGen: 173664K->64K(174080K)] 238292K->64708K(523776K), 0.0010959 secs] [Times: user=0.00 sys=0.00, real=0.00 secs] 
2018-03-19T12:59:32.536+0530: 2907.639: [GC (Allocation Failure) [PSYoungGen: 173632K->96K(174080K)] 238276K->64772K(523776K), 0.0011509 secs] [Times: user=0.00 sys=0.00, real=0.00 secs] 
2018-03-19T12:59:32.818+0530: 2907.921: [GC (Allocation Failure) [PSYoungGen: 173664K->96K(174080K)] 238340K->64788K(523776K), 0.0014909 secs] [Times: user=0.00 sys=0.00, real=0.00 secs] 
2018-03-19T12:59:33.115+0530: 2908.218: [GC (Allocation Failure) [PSYoungGen: 173664K->64K(174080K)] 238356K->64788K(523776K), 0.0012490 secs] [Times: user=0.00 sys=0.00, real=0.00 secs] 
2018-03-19T12:59:33.403+0530: 2908.506: [GC (Allocation Failure) [PSYoungGen: 173632K->96K(174080K)] 238356K->64844K(523776K), 0.0012892 secs] [Times: user=0.00 sys=0.00, real=0.00 secs] 
2018-03-19T12:59:33.677+0530: 2908.780: [GC (Allocation Failure) [PSYoungGen: 173664K->64K(174080K)] 238412K->64844K(523776K), 0.0010913 secs] [Times: user=0.00 sys=0.00, real=0.00 secs] 
2018-03-19T12:59:33.953+0530: 2909.056: [GC (Allocation Failure) [PSYoungGen: 173632K->96K(174080K)] 238412K->64908K(523776K), 0.0012789 secs] [Times: user=0.00 sys=0.00, real=0.00 secs] 
2018-03-19T12:59:34.242+0530: 2909.345: [GC (Allocation Failure) [PSYoungGen: 173664K->96K(174080K)] 238476K->64932K(523776K), 0.0012825 secs] [Times: user=0.00 sys=0.00, real=0.00 secs] 
2018-03-19T12:59:34.530+0530: 2909.633: [GC (Allocation Failure) [PSYoungGen: 173664K->96K(174080K)] 238500K->64948K(523776K), 0.0012289 secs] [Times: user=0.00 sys=0.00, real=0.00 secs] 
2018-03-19T12:59:34.814+0530: 2909.917: [GC (Allocation Failure) [PSYoungGen: 173664K->96K(174080K)] 238516K->64972K(523776K), 0.0013262 secs] [Times: user=0.00 sys=0.00, real=0.00 secs] 
2018-03-19T12:59:35.094+0530: 2910.197: [GC (Allocation Failure) [PSYoungGen: 173664K->96K(174080K)] 238540K->65004K(523776K), 0.0012155 secs] [Times: user=0.00 sys=0.00, real=0.00 secs] 
2018-03-19T12:59:35.381+0530: 2910.484: [GC (Allocation Failure) [PSYoungGen: 173664K->96K(174080K)] 238572K->65036K(523776K), 0.0013791 secs] [Times: user=0.00 sys=0.00, real=0.00 secs] 
2018-03-19T12:59:35.674+0530: 2910.777: [GC (Allocation Failure) [PSYoungGen: 173664K->64K(174080K)] 238604K->65036K(523776K), 0.0013988 secs] [Times: user=0.00 sys=0.00, real=0.00 secs] 
2018-03-19T12:59:35.962+0530: 2911.065: [GC (Allocation Failure) [PSYoungGen: 173632K->96K(174080K)] 238604K->65100K(523776K), 0.0010871 secs] [Times: user=0.00 sys=0.00, real=0.00 secs] 
2018-03-19T12:59:36.236+0530: 2911.338: [GC (Allocation Failure) [PSYoungGen: 173664K->64K(174080K)] 238668K->65092K(523776K), 0.0011499 secs] [Times: user=0.00 sys=0.00, real=0.00 secs] 
2018-03-19T12:59:36.522+0530: 2911.625: [GC (Allocation Failure) [PSYoungGen: 173632K->32K(174080K)] 238660K->65084K(523776K), 0.0012955 secs] [Times: user=0.00 sys=0.00, real=0.00 secs] 
2018-03-19T12:59:36.796+0530: 2911.899: [GC (Allocation Failure) [PSYoungGen: 173600K->96K(174080K)] 238652K->65172K(523776K), 0.0012775 secs] [Times: user=0.00 sys=0.00, real=0.00 secs] 
2018-03-19T12:59:37.074+0530: 2912.176: [GC (Allocation Failure) [PSYoungGen: 173664K->96K(174080K)] 238740K->65204K(523776K), 0.0011869 secs] [Times: user=0.00 sys=0.00, real=0.00 secs] 
2018-03-19T12:59:37.353+0530: 2912.456: [GC (Allocation Failure) [PSYoungGen: 173664K->96K(174080K)] 238772K->65236K(523776K), 0.0013950 secs] [Times: user=0.00 sys=0.00, real=0.00 secs] 
2018-03-19T12:59:37.643+0530: 2912.745: [GC (Allocation Failure) [PSYoungGen: 173664K->96K(174080K)] 238804K->65268K(523776K), 0.0012095 secs] [Times: user=0.00 sys=0.00, real=0.00 secs] 
2018-03-19T12:59:37.980+0530: 2913.083: [GC (Allocation Failure) [PSYoungGen: 173664K->96K(174080K)] 238836K->65292K(523776K), 0.0012969 secs] [Times: user=0.00 sys=0.00, real=0.00 secs] 
2018-03-19T12:59:38.264+0530: 2913.366: [GC (Allocation Failure) [PSYoungGen: 173664K->64K(174080K)] 238860K->65284K(523776K), 0.0011467 secs] [Times: user=0.00 sys=0.00, real=0.00 secs] 
2018-03-19T12:59:38.550+0530: 2913.654: [GC (Allocation Failure) [PSYoungGen: 173632K->96K(174080K)] 238852K->65340K(523776K), 0.0012536 secs] [Times: user=0.00 sys=0.00, real=0.00 secs] 
2018-03-19T12:59:38.828+0530: 2913.930: [GC (Allocation Failure) [PSYoungGen: 173664K->96K(174080K)] 238908K->65356K(523776K), 0.0010988 secs] [Times: user=0.00 sys=0.00, real=0.00 secs] 
2018-03-19T12:59:39.111+0530: 2914.213: [GC (Allocation Failure) [PSYoungGen: 173664K->64K(174080K)] 238924K->65356K(523776K), 0.0013643 secs] [Times: user=0.00 sys=0.00, real=0.00 secs] 
2018-03-19T12:59:39.400+0530: 2914.503: [GC (Allocation Failure) [PSYoungGen: 173632K->96K(174080K)] 238924K->65412K(523776K), 0.0011509 secs] [Times: user=0.00 sys=0.00, real=0.00 secs] 
2018-03-19T12:59:39.698+0530: 2914.801: [GC (Allocation Failure) [PSYoungGen: 173664K->96K(174080K)] 238980K->65436K(523776K), 0.0012592 secs] [Times: user=0.00 sys=0.00, real=0.00 secs] 
2018-03-19T12:59:39.978+0530: 2915.081: [GC (Allocation Failure) [PSYoungGen: 173664K->96K(174080K)] 239004K->65468K(523776K), 0.0011196 secs] [Times: user=0.00 sys=0.00, real=0.00 secs] 
2018-03-19T12:59:40.268+0530: 2915.371: [GC (Allocation Failure) [PSYoungGen: 173664K->96K(174080K)] 239036K->65500K(523776K), 0.0012987 secs] [Times: user=0.00 sys=0.00, real=0.00 secs] 
2018-03-19T12:59:40.554+0530: 2915.657: [GC (Allocation Failure) [PSYoungGen: 173664K->64K(174080K)] 239068K->65492K(523776K), 0.0011862 secs] [Times: user=0.00 sys=0.00, real=0.00 secs] 
2018-03-19T12:59:40.837+0530: 2915.940: [GC (Allocation Failure) [PSYoungGen: 173632K->96K(174080K)] 239060K->65540K(523776K), 0.0011125 secs] [Times: user=0.00 sys=0.00, real=0.00 secs] 
2018-03-19T12:59:41.112+0530: 2916.215: [GC (Allocation Failure) [PSYoungGen: 173664K->64K(174080K)] 239108K->65540K(523776K), 0.0011047 secs] [Times: user=0.00 sys=0.00, real=0.00 secs] 
2018-03-19T12:59:41.395+0530: 2916.497: [GC (Allocation Failure) [PSYoungGen: 173632K->64K(174080K)] 239108K->65564K(523776K), 0.0012969 secs] [Times: user=0.00 sys=0.00, real=0.00 secs] 
2018-03-19T12:59:41.675+0530: 2916.778: [GC (Allocation Failure) [PSYoungGen: 173632K->64K(174080K)] 239132K->65588K(523776K), 0.0013731 secs] [Times: user=0.00 sys=0.00, real=0.00 secs] 
2018-03-19T12:59:41.953+0530: 2917.056: [GC (Allocation Failure) [PSYoungGen: 173632K->96K(174080K)] 239156K->65652K(523776K), 0.0010924 secs] [Times: user=0.00 sys=0.00, real=0.00 secs] 
2018-03-19T12:59:42.227+0530: 2917.330: [GC (Allocation Failure) [PSYoungGen: 173664K->96K(174080K)] 239220K->65676K(523776K), 0.0011189 secs] [Times: user=0.05 sys=0.02, real=0.00 secs] 
2018-03-19T12:59:42.514+0530: 2917.617: [GC (Allocation Failure) [PSYoungGen: 173664K->96K(174080K)] 239244K->65692K(523776K), 0.0012920 secs] [Times: user=0.00 sys=0.00, real=0.00 secs] 
2018-03-19T12:59:42.795+0530: 2917.897: [GC (Allocation Failure) [PSYoungGen: 173664K->96K(174080K)] 239260K->65724K(523776K), 0.0011996 secs] [Times: user=0.00 sys=0.00, real=0.00 secs] 
2018-03-19T12:59:43.074+0530: 2918.177: [GC (Allocation Failure) [PSYoungGen: 173664K->96K(174080K)] 239292K->65748K(523776K), 0.0011143 secs] [Times: user=0.00 sys=0.00, real=0.00 secs] 
2018-03-19T12:59:43.356+0530: 2918.459: [GC (Allocation Failure) [PSYoungGen: 173664K->32K(174080K)] 239316K->65708K(523776K), 0.0012394 secs] [Times: user=0.00 sys=0.00, real=0.00 secs] 
2018-03-19T12:59:43.673+0530: 2918.777: [GC (Allocation Failure) [PSYoungGen: 173600K->96K(174080K)] 239276K->65796K(523776K), 0.0016799 secs] [Times: user=0.00 sys=0.00, real=0.00 secs] 
2018-03-19T12:59:44.040+0530: 2919.143: [GC (Allocation Failure) [PSYoungGen: 173664K->96K(174080K)] 239364K->65828K(523776K), 0.0015952 secs] [Times: user=0.00 sys=0.00, real=0.00 secs] 
2018-03-19T12:59:44.332+0530: 2919.435: [GC (Allocation Failure) [PSYoungGen: 173664K->64K(174080K)] 239396K->65820K(523776K), 0.0011252 secs] [Times: user=0.00 sys=0.00, real=0.00 secs] 
2018-03-19T12:59:44.614+0530: 2919.718: [GC (Allocation Failure) [PSYoungGen: 173632K->96K(174080K)] 239388K->65868K(523776K), 0.0013872 secs] [Times: user=0.00 sys=0.00, real=0.00 secs] 
2018-03-19T12:59:44.895+0530: 2919.998: [GC (Allocation Failure) [PSYoungGen: 173664K->128K(174080K)] 239436K->65924K(523776K), 0.0012144 secs] [Times: user=0.00 sys=0.00, real=0.00 secs] 
2018-03-19T12:59:45.172+0530: 2920.274: [GC (Allocation Failure) [PSYoungGen: 173696K->32K(174080K)] 239492K->65852K(523776K), 0.0012296 secs] [Times: user=0.00 sys=0.00, real=0.00 secs] 
2018-03-19T12:59:45.453+0530: 2920.556: [GC (Allocation Failure) [PSYoungGen: 173600K->96K(174080K)] 239420K->65940K(523776K), 0.0013216 secs] [Times: user=0.00 sys=0.00, real=0.00 secs] 
2018-03-19T12:59:45.725+0530: 2920.827: [GC (Allocation Failure) [PSYoungGen: 173664K->64K(174080K)] 239508K->65940K(523776K), 0.0012747 secs] [Times: user=0.00 sys=0.00, real=0.00 secs] 
2018-03-19T12:59:46.001+0530: 2921.104: [GC (Allocation Failure) [PSYoungGen: 173632K->96K(174080K)] 239508K->66004K(523776K), 0.0011598 secs] [Times: user=0.00 sys=0.00, real=0.00 secs] 
2018-03-19T12:59:46.276+0530: 2921.378: [GC (Allocation Failure) [PSYoungGen: 173664K->96K(174080K)] 239572K->66036K(523776K), 0.0012017 secs] [Times: user=0.00 sys=0.00, real=0.00 secs] 
2018-03-19T12:59:46.561+0530: 2921.664: [GC (Allocation Failure) [PSYoungGen: 173664K->96K(174080K)] 239604K->66068K(523776K), 0.0011721 secs] [Times: user=0.00 sys=0.00, real=0.00 secs] 
2018-03-19T12:59:46.839+0530: 2921.943: [GC (Allocation Failure) [PSYoungGen: 173664K->96K(174080K)] 239636K->66092K(523776K), 0.0015815 secs] [Times: user=0.00 sys=0.00, real=0.00 secs] 
2018-03-19T12:59:47.132+0530: 2922.235: [GC (Allocation Failure) [PSYoungGen: 173664K->96K(174080K)] 239660K->66108K(523776K), 0.0013957 secs] [Times: user=0.00 sys=0.00, real=0.00 secs] 
2018-03-19T12:59:47.416+0530: 2922.519: [GC (Allocation Failure) [PSYoungGen: 173664K->96K(174080K)] 239676K->66140K(523776K), 0.0012416 secs] [Times: user=0.00 sys=0.00, real=0.00 secs] 
2018-03-19T12:59:47.759+0530: 2922.862: [GC (Allocation Failure) [PSYoungGen: 173664K->64K(174080K)] 239708K->66124K(523776K), 0.0017455 secs] [Times: user=0.00 sys=0.02, real=0.00 secs] 
2018-03-19T12:59:48.139+0530: 2923.242: [GC (Allocation Failure) [PSYoungGen: 173632K->64K(174080K)] 239692K->66148K(523776K), 0.0013710 secs] [Times: user=0.00 sys=0.00, real=0.00 secs] 
2018-03-19T12:59:48.523+0530: 2923.626: [GC (Allocation Failure) [PSYoungGen: 173632K->96K(174080K)] 239716K->66196K(523776K), 0.0017514 secs] [Times: user=0.02 sys=0.00, real=0.00 secs] 
2018-03-19T12:59:48.851+0530: 2923.954: [GC (Allocation Failure) [PSYoungGen: 173664K->96K(174080K)] 239764K->66220K(523776K), 0.0011083 secs] [Times: user=0.00 sys=0.03, real=0.00 secs] 
2018-03-19T12:59:49.131+0530: 2924.234: [GC (Allocation Failure) [PSYoungGen: 173664K->96K(174080K)] 239788K->66252K(523776K), 0.0016337 secs] [Times: user=0.00 sys=0.00, real=0.00 secs] 
2018-03-19T12:59:49.436+0530: 2924.539: [GC (Allocation Failure) [PSYoungGen: 173664K->96K(174080K)] 239820K->66284K(523776K), 0.0011136 secs] [Times: user=0.00 sys=0.00, real=0.00 secs] 
2018-03-19T12:59:49.715+0530: 2924.818: [GC (Allocation Failure) [PSYoungGen: 173664K->96K(174080K)] 239852K->66316K(523776K), 0.0013202 secs] [Times: user=0.00 sys=0.00, real=0.00 secs] 
2018-03-19T12:59:49.993+0530: 2925.095: [GC (Allocation Failure) [PSYoungGen: 173664K->64K(174080K)] 239884K->66308K(523776K), 0.0012253 secs] [Times: user=0.00 sys=0.00, real=0.00 secs] 
2018-03-19T12:59:50.279+0530: 2925.381: [GC (Allocation Failure) [PSYoungGen: 173632K->96K(174080K)] 239876K->66356K(523776K), 0.0011400 secs] [Times: user=0.00 sys=0.00, real=0.00 secs] 
2018-03-19T12:59:50.579+0530: 2925.682: [GC (Allocation Failure) [PSYoungGen: 173664K->96K(174080K)] 239924K->66380K(523776K), 0.0013791 secs] [Times: user=0.00 sys=0.00, real=0.00 secs] 
2018-03-19T12:59:50.879+0530: 2925.981: [GC (Allocation Failure) [PSYoungGen: 173664K->96K(174080K)] 239948K->66412K(523776K), 0.0013403 secs] [Times: user=0.00 sys=0.00, real=0.00 secs] 
2018-03-19T12:59:51.158+0530: 2926.261: [GC (Allocation Failure) [PSYoungGen: 173664K->96K(174080K)] 239980K->66428K(523776K), 0.0012289 secs] [Times: user=0.00 sys=0.00, real=0.00 secs] 
2018-03-19T12:59:51.442+0530: 2926.545: [GC (Allocation Failure) [PSYoungGen: 173664K->96K(174080K)] 239996K->66460K(523776K), 0.0012673 secs] [Times: user=0.00 sys=0.00, real=0.00 secs] 
2018-03-19T12:59:51.742+0530: 2926.844: [GC (Allocation Failure) [PSYoungGen: 173664K->64K(174080K)] 240028K->66452K(523776K), 0.0015004 secs] [Times: user=0.00 sys=0.00, real=0.00 secs] 
2018-03-19T12:59:52.023+0530: 2927.126: [GC (Allocation Failure) [PSYoungGen: 173632K->96K(174080K)] 240020K->66508K(523776K), 0.0011788 secs] [Times: user=0.00 sys=0.00, real=0.00 secs] 
2018-03-19T12:59:52.298+0530: 2927.401: [GC (Allocation Failure) [PSYoungGen: 173664K->64K(174080K)] 240076K->66508K(523776K), 0.0011894 secs] [Times: user=0.00 sys=0.00, real=0.00 secs] 
2018-03-19T12:59:52.583+0530: 2927.685: [GC (Allocation Failure) [PSYoungGen: 173632K->96K(174080K)] 240076K->66564K(523776K), 0.0012387 secs] [Times: user=0.00 sys=0.00, real=0.00 secs] 
2018-03-19T12:59:52.859+0530: 2927.962: [GC (Allocation Failure) [PSYoungGen: 173664K->96K(174080K)] 240132K->66588K(523776K), 0.0012507 secs] [Times: user=0.00 sys=0.00, real=0.00 secs] 
2018-03-19T12:59:53.170+0530: 2928.273: [GC (Allocation Failure) [PSYoungGen: 173664K->96K(174080K)] 240156K->66612K(523776K), 0.0012469 secs] [Times: user=0.00 sys=0.00, real=0.00 secs] 
2018-03-19T12:59:53.578+0530: 2928.681: [GC (Allocation Failure) [PSYoungGen: 173664K->96K(174080K)] 240180K->66636K(523776K), 0.0015984 secs] [Times: user=0.00 sys=0.00, real=0.00 secs] 
2018-03-19T12:59:53.952+0530: 2929.055: [GC (Allocation Failure) [PSYoungGen: 173664K->128K(174080K)] 240204K->66692K(523776K), 0.0012070 secs] [Times: user=0.00 sys=0.00, real=0.00 secs] 
2018-03-19T12:59:54.236+0530: 2929.339: [GC (Allocation Failure) [PSYoungGen: 173696K->64K(174080K)] 240260K->66660K(523776K), 0.0011742 secs] [Times: user=0.00 sys=0.00, real=0.00 secs] 
2018-03-19T12:59:54.543+0530: 2929.645: [GC (Allocation Failure) [PSYoungGen: 173632K->96K(174080K)] 240228K->66716K(523776K), 0.0011167 secs] [Times: user=0.00 sys=0.00, real=0.00 secs] 
2018-03-19T12:59:54.819+0530: 2929.922: [GC (Allocation Failure) [PSYoungGen: 173664K->64K(174080K)] 240284K->66716K(523776K), 0.0011432 secs] [Times: user=0.00 sys=0.00, real=0.00 secs] 
2018-03-19T12:59:55.096+0530: 2930.198: [GC (Allocation Failure) [PSYoungGen: 173632K->64K(174080K)] 240284K->66732K(523776K), 0.0015254 secs] [Times: user=0.00 sys=0.00, real=0.00 secs] 
2018-03-19T12:59:55.378+0530: 2930.481: [GC (Allocation Failure) [PSYoungGen: 173632K->32K(174080K)] 240300K->66724K(523776K), 0.0013780 secs] [Times: user=0.00 sys=0.00, real=0.00 secs] 
2018-03-19T12:59:55.696+0530: 2930.799: [GC (Allocation Failure) [PSYoungGen: 173600K->96K(174080K)] 240292K->66812K(523776K), 0.0015286 secs] [Times: user=0.05 sys=0.00, real=0.00 secs] 
2018-03-19T12:59:56.047+0530: 2931.150: [GC (Allocation Failure) [PSYoungGen: 173664K->64K(174080K)] 240380K->66804K(523776K), 0.0012818 secs] [Times: user=0.00 sys=0.00, real=0.00 secs] 
2018-03-19T12:59:56.331+0530: 2931.433: [GC (Allocation Failure) [PSYoungGen: 173632K->96K(174080K)] 240372K->66868K(523776K), 0.0012920 secs] [Times: user=0.00 sys=0.00, real=0.00 secs] 
2018-03-19T12:59:56.613+0530: 2931.715: [GC (Allocation Failure) [PSYoungGen: 173664K->64K(174080K)] 240436K->66860K(523776K), 0.0011171 secs] [Times: user=0.00 sys=0.00, real=0.00 secs] 
2018-03-19T12:59:57.022+0530: 2932.125: [GC (Allocation Failure) [PSYoungGen: 173632K->96K(174080K)] 240428K->66908K(523776K), 0.0018498 secs] [Times: user=0.00 sys=0.00, real=0.00 secs] 
2018-03-19T12:59:57.405+0530: 2932.508: [GC (Allocation Failure) [PSYoungGen: 173664K->64K(174080K)] 240476K->66900K(523776K), 0.0014859 secs] [Times: user=0.00 sys=0.00, real=0.00 secs] 
2018-03-19T12:59:57.795+0530: 2932.898: [GC (Allocation Failure) [PSYoungGen: 173632K->64K(174080K)] 240468K->66916K(523776K), 0.0014221 secs] [Times: user=0.00 sys=0.00, real=0.00 secs] 
2018-03-19T12:59:58.168+0530: 2933.271: [GC (Allocation Failure) [PSYoungGen: 173632K->64K(174080K)] 240484K->66932K(523776K), 0.0019122 secs] [Times: user=0.00 sys=0.00, real=0.00 secs] 
2018-03-19T12:59:58.548+0530: 2933.651: [GC (Allocation Failure) [PSYoungGen: 173632K->32K(174080K)] 240500K->66924K(523776K), 0.0016485 secs] [Times: user=0.00 sys=0.00, real=0.00 secs] 
2018-03-19T12:59:59.103+0530: 2934.205: [GC (Allocation Failure) [PSYoungGen: 173600K->64K(174080K)] 240492K->66972K(523776K), 0.0020399 secs] [Times: user=0.00 sys=0.00, real=0.00 secs] 
2018-03-19T12:59:59.810+0530: 2934.914: [GC (Allocation Failure) [PSYoungGen: 173632K->96K(174080K)] 240540K->67036K(523776K), 0.0017825 secs] [Times: user=0.00 sys=0.00, real=0.00 secs] 
2018-03-19T13:00:00.335+0530: 2935.438: [GC (Allocation Failure) [PSYoungGen: 173664K->96K(174080K)] 240604K->67060K(523776K), 0.0014341 secs] [Times: user=0.00 sys=0.00, real=0.00 secs] 
2018-03-19T13:00:00.697+0530: 2935.800: [GC (Allocation Failure) [PSYoungGen: 173664K->96K(174080K)] 240628K->67076K(523776K), 0.0012070 secs] [Times: user=0.00 sys=0.00, real=0.00 secs] 
2018-03-19T13:00:01.008+0530: 2936.111: [GC (Allocation Failure) [PSYoungGen: 173664K->96K(174080K)] 240644K->67100K(523776K), 0.0016577 secs] [Times: user=0.00 sys=0.00, real=0.00 secs] 
2018-03-19T13:00:01.449+0530: 2936.552: [GC (Allocation Failure) [PSYoungGen: 173664K->64K(174080K)] 240668K->67084K(523776K), 0.0017751 secs] [Times: user=0.00 sys=0.00, real=0.00 secs] 
2018-03-19T13:00:01.847+0530: 2936.950: [GC (Allocation Failure) [PSYoungGen: 173632K->64K(174080K)] 240652K->67100K(523776K), 0.0015907 secs] [Times: user=0.00 sys=0.00, real=0.00 secs] 
2018-03-19T13:00:02.209+0530: 2937.312: [GC (Allocation Failure) [PSYoungGen: 173632K->64K(174080K)] 240668K->67116K(523776K), 0.0018160 secs] [Times: user=0.00 sys=0.00, real=0.00 secs] 
2018-03-19T13:00:02.597+0530: 2937.700: [GC (Allocation Failure) [PSYoungGen: 173632K->64K(174080K)] 240684K->67132K(523776K), 0.0018766 secs] [Times: user=0.00 sys=0.00, real=0.00 secs] 
2018-03-19T13:00:02.958+0530: 2938.061: [GC (Allocation Failure) [PSYoungGen: 173632K->64K(174080K)] 240700K->67148K(523776K), 0.0014655 secs] [Times: user=0.00 sys=0.00, real=0.00 secs] 
2018-03-19T13:00:03.326+0530: 2938.429: [GC (Allocation Failure) [PSYoungGen: 173632K->64K(174080K)] 240716K->67172K(523776K), 0.0015399 secs] [Times: user=0.00 sys=0.00, real=0.00 secs] 
2018-03-19T13:00:03.731+0530: 2938.834: [GC (Allocation Failure) [PSYoungGen: 173632K->96K(174080K)] 240740K->67228K(523776K), 0.0020237 secs] [Times: user=0.00 sys=0.00, real=0.00 secs] 
2018-03-19T13:00:04.032+0530: 2939.134: [GC (Allocation Failure) [PSYoungGen: 173664K->64K(174080K)] 240796K->67220K(523776K), 0.0011428 secs] [Times: user=0.00 sys=0.00, real=0.00 secs] 
2018-03-19T13:00:04.313+0530: 2939.416: [GC (Allocation Failure) [PSYoungGen: 173632K->96K(174080K)] 240788K->67284K(523776K), 0.0013442 secs] [Times: user=0.00 sys=0.00, real=0.00 secs] 
2018-03-19T13:00:04.601+0530: 2939.703: [GC (Allocation Failure) [PSYoungGen: 173664K->96K(174080K)] 240852K->67308K(523776K), 0.0011167 secs] [Times: user=0.00 sys=0.00, real=0.00 secs] 
2018-03-19T13:00:04.877+0530: 2939.980: [GC (Allocation Failure) [PSYoungGen: 173664K->64K(174080K)] 240876K->67300K(523776K), 0.0012352 secs] [Times: user=0.00 sys=0.00, real=0.00 secs] 
2018-03-19T13:00:05.211+0530: 2940.314: [GC (Allocation Failure) [PSYoungGen: 173632K->96K(174080K)] 240868K->67364K(523776K), 0.0012606 secs] [Times: user=0.01 sys=0.00, real=0.00 secs] 
2018-03-19T13:00:05.495+0530: 2940.597: [GC (Allocation Failure) [PSYoungGen: 173664K->96K(174080K)] 240932K->67388K(523776K), 0.0013177 secs] [Times: user=0.00 sys=0.00, real=0.00 secs] 
2018-03-19T13:00:05.771+0530: 2940.873: [GC (Allocation Failure) [PSYoungGen: 173664K->64K(174080K)] 240956K->67380K(523776K), 0.0011241 secs] [Times: user=0.00 sys=0.00, real=0.00 secs] 
2018-03-19T13:00:06.049+0530: 2941.152: [GC (Allocation Failure) [PSYoungGen: 173632K->96K(174080K)] 240948K->67436K(523776K), 0.0013269 secs] [Times: user=0.00 sys=0.00, real=0.00 secs] 
2018-03-19T13:00:06.324+0530: 2941.427: [GC (Allocation Failure) [PSYoungGen: 173664K->96K(174080K)] 241004K->67460K(523776K), 0.0012507 secs] [Times: user=0.00 sys=0.00, real=0.00 secs] 
2018-03-19T13:00:06.608+0530: 2941.711: [GC (Allocation Failure) [PSYoungGen: 173664K->96K(174080K)] 241028K->67484K(523776K), 0.0012493 secs] [Times: user=0.00 sys=0.00, real=0.00 secs] 
2018-03-19T13:00:06.884+0530: 2941.987: [GC (Allocation Failure) [PSYoungGen: 173664K->96K(174080K)] 241052K->67516K(523776K), 0.0011326 secs] [Times: user=0.06 sys=0.00, real=0.00 secs] 
2018-03-19T13:00:07.167+0530: 2942.270: [GC (Allocation Failure) [PSYoungGen: 173664K->96K(174080K)] 241084K->67540K(523776K), 0.0012726 secs] [Times: user=0.00 sys=0.00, real=0.00 secs] 
2018-03-19T13:00:07.454+0530: 2942.557: [GC (Allocation Failure) [PSYoungGen: 173664K->96K(174080K)] 241108K->67572K(523776K), 0.0012292 secs] [Times: user=0.00 sys=0.00, real=0.00 secs] 
2018-03-19T13:00:07.749+0530: 2942.852: [GC (Allocation Failure) [PSYoungGen: 173664K->32K(174080K)] 241140K->67532K(523776K), 0.0010995 secs] [Times: user=0.00 sys=0.00, real=0.00 secs] 
2018-03-19T13:00:08.031+0530: 2943.134: [GC (Allocation Failure) [PSYoungGen: 173600K->96K(174080K)] 241100K->67628K(523776K), 0.0011058 secs] [Times: user=0.00 sys=0.00, real=0.00 secs] 
2018-03-19T13:00:08.305+0530: 2943.407: [GC (Allocation Failure) [PSYoungGen: 173664K->64K(174080K)] 241196K->67628K(523776K), 0.0012599 secs] [Times: user=0.00 sys=0.00, real=0.00 secs] 
2018-03-19T13:00:08.588+0530: 2943.692: [GC (Allocation Failure) [PSYoungGen: 173632K->96K(174080K)] 241196K->67692K(523776K), 0.0011097 secs] [Times: user=0.00 sys=0.00, real=0.00 secs] 
2018-03-19T13:00:08.932+0530: 2944.034: [GC (Allocation Failure) [PSYoungGen: 173664K->64K(174080K)] 241260K->67684K(523776K), 0.0014404 secs] [Times: user=0.00 sys=0.00, real=0.00 secs] 
2018-03-19T13:00:09.219+0530: 2944.322: [GC (Allocation Failure) [PSYoungGen: 173632K->64K(174080K)] 241252K->67716K(523776K), 0.0011026 secs] [Times: user=0.00 sys=0.00, real=0.00 secs] 
2018-03-19T13:00:09.514+0530: 2944.617: [GC (Allocation Failure) [PSYoungGen: 173632K->96K(174080K)] 241284K->67764K(523776K), 0.0012303 secs] [Times: user=0.00 sys=0.00, real=0.00 secs] 
2018-03-19T13:00:09.792+0530: 2944.895: [GC (Allocation Failure) [PSYoungGen: 173664K->96K(174080K)] 241332K->67788K(523776K), 0.0012052 secs] [Times: user=0.00 sys=0.00, real=0.00 secs] 
2018-03-19T13:00:10.070+0530: 2945.173: [GC (Allocation Failure) [PSYoungGen: 173664K->96K(174080K)] 241356K->67820K(523776K), 0.0013593 secs] [Times: user=0.00 sys=0.00, real=0.00 secs] 
2018-03-19T13:00:10.363+0530: 2945.465: [GC (Allocation Failure) [PSYoungGen: 173664K->96K(174080K)] 241388K->67844K(523776K), 0.0012285 secs] [Times: user=0.00 sys=0.00, real=0.00 secs] 
2018-03-19T13:00:10.688+0530: 2945.791: [GC (Allocation Failure) [PSYoungGen: 173664K->32K(174080K)] 241412K->67804K(523776K), 0.0012528 secs] [Times: user=0.00 sys=0.00, real=0.00 secs] 
2018-03-19T13:00:10.962+0530: 2946.065: [GC (Allocation Failure) [PSYoungGen: 173600K->64K(174080K)] 241372K->67868K(523776K), 0.0011351 secs] [Times: user=0.00 sys=0.00, real=0.00 secs] 
2018-03-19T13:00:11.244+0530: 2946.346: [GC (Allocation Failure) [PSYoungGen: 173632K->96K(174080K)] 241436K->67916K(523776K), 0.0012356 secs] [Times: user=0.00 sys=0.00, real=0.00 secs] 
2018-03-19T13:00:11.525+0530: 2946.628: [GC (Allocation Failure) [PSYoungGen: 173664K->64K(174080K)] 241484K->67908K(523776K), 0.0014905 secs] [Times: user=0.00 sys=0.00, real=0.00 secs] 
2018-03-19T13:00:11.827+0530: 2946.930: [GC (Allocation Failure) [PSYoungGen: 173632K->96K(174080K)] 241476K->67964K(523776K), 0.0011192 secs] [Times: user=0.00 sys=0.00, real=0.00 secs] 
2018-03-19T13:00:12.104+0530: 2947.207: [GC (Allocation Failure) [PSYoungGen: 173664K->32K(174080K)] 241532K->67924K(523776K), 0.0011774 secs] [Times: user=0.00 sys=0.00, real=0.00 secs] 
2018-03-19T13:00:12.387+0530: 2947.490: [GC (Allocation Failure) [PSYoungGen: 173600K->128K(174080K)] 241492K->68044K(523776K), 0.0014658 secs] [Times: user=0.00 sys=0.00, real=0.00 secs] 
2018-03-19T13:00:12.671+0530: 2947.773: [GC (Allocation Failure) [PSYoungGen: 173696K->64K(174080K)] 241612K->68004K(523776K), 0.0012292 secs] [Times: user=0.00 sys=0.00, real=0.00 secs] 
2018-03-19T13:00:12.948+0530: 2948.052: [GC (Allocation Failure) [PSYoungGen: 173632K->64K(174080K)] 241572K->68028K(523776K), 0.0012603 secs] [Times: user=0.00 sys=0.00, real=0.00 secs] 
2018-03-19T13:00:13.227+0530: 2948.331: [GC (Allocation Failure) [PSYoungGen: 173632K->96K(174080K)] 241596K->68084K(523776K), 0.0012902 secs] [Times: user=0.00 sys=0.00, real=0.00 secs] 
2018-03-19T13:00:13.509+0530: 2948.611: [GC (Allocation Failure) [PSYoungGen: 173664K->96K(174080K)] 241652K->68116K(523776K), 0.0012952 secs] [Times: user=0.00 sys=0.00, real=0.00 secs] 
2018-03-19T13:00:13.787+0530: 2948.889: [GC (Allocation Failure) [PSYoungGen: 173664K->96K(174080K)] 241684K->68148K(523776K), 0.0012405 secs] [Times: user=0.00 sys=0.00, real=0.00 secs] 
2018-03-19T13:00:14.065+0530: 2949.168: [GC (Allocation Failure) [PSYoungGen: 173664K->96K(174080K)] 241716K->68164K(523776K), 0.0012049 secs] [Times: user=0.00 sys=0.00, real=0.00 secs] 
2018-03-19T13:00:14.351+0530: 2949.454: [GC (Allocation Failure) [PSYoungGen: 173664K->96K(174080K)] 241732K->68180K(523776K), 0.0011665 secs] [Times: user=0.02 sys=0.00, real=0.00 secs] 
2018-03-19T13:00:14.648+0530: 2949.751: [GC (Allocation Failure) [PSYoungGen: 173664K->96K(174080K)] 241748K->68212K(523776K), 0.0012726 secs] [Times: user=0.00 sys=0.00, real=0.00 secs] 
2018-03-19T13:00:14.971+0530: 2950.073: [GC (Allocation Failure) [PSYoungGen: 173664K->64K(174080K)] 241780K->68204K(523776K), 0.0012172 secs] [Times: user=0.00 sys=0.00, real=0.00 secs] 
2018-03-19T13:00:15.247+0530: 2950.350: [GC (Allocation Failure) [PSYoungGen: 173632K->96K(174080K)] 241772K->68268K(523776K), 0.0010913 secs] [Times: user=0.00 sys=0.00, real=0.00 secs] 
2018-03-19T13:00:15.530+0530: 2950.633: [GC (Allocation Failure) [PSYoungGen: 173664K->96K(174080K)] 241836K->68292K(523776K), 0.0012162 secs] [Times: user=0.00 sys=0.00, real=0.00 secs] 
2018-03-19T13:00:15.849+0530: 2950.952: [GC (Allocation Failure) [PSYoungGen: 173664K->96K(174080K)] 241860K->68324K(523776K), 0.0012282 secs] [Times: user=0.00 sys=0.00, real=0.00 secs] 
2018-03-19T13:00:16.132+0530: 2951.235: [GC (Allocation Failure) [PSYoungGen: 173664K->64K(174080K)] 241892K->68324K(523776K), 0.0012137 secs] [Times: user=0.00 sys=0.00, real=0.00 secs] 
2018-03-19T13:00:16.414+0530: 2951.517: [GC (Allocation Failure) [PSYoungGen: 173632K->96K(174080K)] 241892K->68380K(523776K), 0.0012536 secs] [Times: user=0.02 sys=0.00, real=0.00 secs] 
2018-03-19T13:00:16.694+0530: 2951.797: [GC (Allocation Failure) [PSYoungGen: 173664K->64K(174080K)] 241948K->68372K(523776K), 0.0011326 secs] [Times: user=0.00 sys=0.00, real=0.00 secs] 
2018-03-19T13:00:16.969+0530: 2952.072: [GC (Allocation Failure) [PSYoungGen: 173632K->96K(174080K)] 241940K->68428K(523776K), 0.0012536 secs] [Times: user=0.00 sys=0.00, real=0.00 secs] 
2018-03-19T13:00:17.249+0530: 2952.351: [GC (Allocation Failure) [PSYoungGen: 173664K->32K(174080K)] 241996K->68388K(523776K), 0.0012885 secs] [Times: user=0.00 sys=0.00, real=0.00 secs] 
2018-03-19T13:00:17.542+0530: 2952.645: [GC (Allocation Failure) [PSYoungGen: 173600K->128K(174080K)] 241956K->68508K(523776K), 0.0013897 secs] [Times: user=0.00 sys=0.00, real=0.00 secs] 
2018-03-19T13:00:17.823+0530: 2952.926: [GC (Allocation Failure) [PSYoungGen: 173696K->96K(174080K)] 242076K->68500K(523776K), 0.0014101 secs] [Times: user=0.00 sys=0.00, real=0.00 secs] 
2018-03-19T13:00:18.103+0530: 2953.206: [GC (Allocation Failure) [PSYoungGen: 173664K->96K(174080K)] 242068K->68524K(523776K), 0.0012789 secs] [Times: user=0.00 sys=0.00, real=0.00 secs] 
2018-03-19T13:00:18.384+0530: 2953.486: [GC (Allocation Failure) [PSYoungGen: 173664K->96K(174080K)] 242092K->68540K(523776K), 0.0012208 secs] [Times: user=0.01 sys=0.02, real=0.00 secs] 
2018-03-19T13:00:18.661+0530: 2953.764: [GC (Allocation Failure) [PSYoungGen: 173664K->96K(174080K)] 242108K->68556K(523776K), 0.0011767 secs] [Times: user=0.00 sys=0.00, real=0.00 secs] 
2018-03-19T13:00:18.936+0530: 2954.038: [GC (Allocation Failure) [PSYoungGen: 173664K->96K(174080K)] 242124K->68572K(523776K), 0.0014031 secs] [Times: user=0.00 sys=0.00, real=0.00 secs] 
2018-03-19T13:00:19.211+0530: 2954.313: [GC (Allocation Failure) [PSYoungGen: 173664K->64K(174080K)] 242140K->68564K(523776K), 0.0012673 secs] [Times: user=0.00 sys=0.00, real=0.00 secs] 
2018-03-19T13:00:19.505+0530: 2954.608: [GC (Allocation Failure) [PSYoungGen: 173632K->64K(174080K)] 242132K->68588K(523776K), 0.0013230 secs] [Times: user=0.00 sys=0.00, real=0.00 secs] 
2018-03-19T13:00:19.806+0530: 2954.909: [GC (Allocation Failure) [PSYoungGen: 173632K->96K(174080K)] 242156K->68652K(523776K), 0.0012969 secs] [Times: user=0.00 sys=0.00, real=0.00 secs] 
2018-03-19T13:00:20.086+0530: 2955.189: [GC (Allocation Failure) [PSYoungGen: 173664K->96K(174080K)] 242220K->68684K(523776K), 0.0013071 secs] [Times: user=0.00 sys=0.00, real=0.00 secs] 
2018-03-19T13:00:20.373+0530: 2955.476: [GC (Allocation Failure) [PSYoungGen: 173664K->96K(174080K)] 242252K->68708K(523776K), 0.0012296 secs] [Times: user=0.00 sys=0.00, real=0.00 secs] 
2018-03-19T13:00:20.659+0530: 2955.762: [GC (Allocation Failure) [PSYoungGen: 173664K->128K(174080K)] 242276K->68756K(523776K), 0.0011495 secs] [Times: user=0.00 sys=0.00, real=0.00 secs] 
2018-03-19T13:00:21.291+0530: 2956.394: [GC (Allocation Failure) [PSYoungGen: 173696K->64K(174080K)] 242324K->68716K(523776K), 0.0012899 secs] [Times: user=0.00 sys=0.00, real=0.00 secs] 
2018-03-19T13:00:21.577+0530: 2956.680: [GC (Allocation Failure) [PSYoungGen: 173632K->96K(174080K)] 242284K->68772K(523776K), 0.0012962 secs] [Times: user=0.00 sys=0.00, real=0.00 secs] 
2018-03-19T13:00:21.853+0530: 2956.955: [GC (Allocation Failure) [PSYoungGen: 173664K->96K(174080K)] 242340K->68788K(523776K), 0.0012225 secs] [Times: user=0.00 sys=0.00, real=0.00 secs] 
2018-03-19T13:00:22.145+0530: 2957.248: [GC (Allocation Failure) [PSYoungGen: 173664K->64K(174080K)] 242356K->68780K(523776K), 0.0012655 secs] [Times: user=0.00 sys=0.00, real=0.00 secs] 
2018-03-19T13:00:22.428+0530: 2957.531: [GC (Allocation Failure) [PSYoungGen: 173632K->32K(174080K)] 242348K->68772K(523776K), 0.0011171 secs] [Times: user=0.00 sys=0.00, real=0.00 secs] 
2018-03-19T13:00:22.704+0530: 2957.807: [GC (Allocation Failure) [PSYoungGen: 173600K->96K(174080K)] 242340K->68860K(523776K), 0.0011132 secs] [Times: user=0.00 sys=0.00, real=0.00 secs] 
2018-03-19T13:00:22.981+0530: 2958.084: [GC (Allocation Failure) [PSYoungGen: 173664K->64K(174080K)] 242428K->68860K(523776K), 0.0013276 secs] [Times: user=0.00 sys=0.00, real=0.00 secs] 
2018-03-19T13:00:23.262+0530: 2958.365: [GC (Allocation Failure) [PSYoungGen: 173632K->96K(174080K)] 242428K->68924K(523776K), 0.0011559 secs] [Times: user=0.00 sys=0.00, real=0.00 secs] 
2018-03-19T13:00:23.550+0530: 2958.653: [GC (Allocation Failure) [PSYoungGen: 173664K->64K(174080K)] 242492K->68916K(523776K), 0.0013008 secs] [Times: user=0.00 sys=0.00, real=0.00 secs] 
2018-03-19T13:00:23.847+0530: 2958.950: [GC (Allocation Failure) [PSYoungGen: 173632K->96K(174080K)] 242484K->68980K(523776K), 0.0011552 secs] [Times: user=0.00 sys=0.00, real=0.00 secs] 
2018-03-19T13:00:24.124+0530: 2959.227: [GC (Allocation Failure) [PSYoungGen: 173664K->96K(174080K)] 242548K->69012K(523776K), 0.0012719 secs] [Times: user=0.00 sys=0.00, real=0.00 secs] 
2018-03-19T13:00:24.406+0530: 2959.509: [GC (Allocation Failure) [PSYoungGen: 173664K->96K(174080K)] 242580K->69036K(523776K), 0.0012359 secs] [Times: user=0.00 sys=0.00, real=0.00 secs] 
2018-03-19T13:00:24.692+0530: 2959.795: [GC (Allocation Failure) [PSYoungGen: 173664K->96K(174080K)] 242604K->69060K(523776K), 0.0012359 secs] [Times: user=0.00 sys=0.00, real=0.00 secs] 
2018-03-19T13:00:24.967+0530: 2960.070: [GC (Allocation Failure) [PSYoungGen: 173664K->96K(174080K)] 242628K->69084K(523776K), 0.0011227 secs] [Times: user=0.00 sys=0.00, real=0.00 secs] 
2018-03-19T13:00:25.251+0530: 2960.354: [GC (Allocation Failure) [PSYoungGen: 173664K->64K(174080K)] 242652K->69076K(523776K), 0.0013988 secs] [Times: user=0.00 sys=0.00, real=0.00 secs] 
2018-03-19T13:00:25.538+0530: 2960.640: [GC (Allocation Failure) [PSYoungGen: 173632K->64K(174080K)] 242644K->69100K(523776K), 0.0011104 secs] [Times: user=0.00 sys=0.00, real=0.00 secs] 
2018-03-19T13:00:25.814+0530: 2960.916: [GC (Allocation Failure) [PSYoungGen: 173632K->64K(174080K)] 242668K->69124K(523776K), 0.0012282 secs] [Times: user=0.00 sys=0.00, real=0.00 secs] 
2018-03-19T13:00:26.089+0530: 2961.193: [GC (Allocation Failure) [PSYoungGen: 173632K->96K(174080K)] 242692K->69188K(523776K), 0.0012476 secs] [Times: user=0.00 sys=0.00, real=0.00 secs] 
2018-03-19T13:00:26.374+0530: 2961.477: [GC (Allocation Failure) [PSYoungGen: 173664K->96K(174080K)] 242756K->69212K(523776K), 0.0013248 secs] [Times: user=0.00 sys=0.00, real=0.00 secs] 
2018-03-19T13:00:26.650+0530: 2961.753: [GC (Allocation Failure) [PSYoungGen: 173664K->64K(174080K)] 242780K->69212K(523776K), 0.0012232 secs] [Times: user=0.00 sys=0.00, real=0.00 secs] 
2018-03-19T13:00:26.927+0530: 2962.029: [GC (Allocation Failure) [PSYoungGen: 173632K->32K(174080K)] 242780K->69204K(523776K), 0.0012846 secs] [Times: user=0.00 sys=0.00, real=0.00 secs] 
2018-03-19T13:00:27.206+0530: 2962.309: [GC (Allocation Failure) [PSYoungGen: 173600K->64K(174080K)] 242772K->69260K(523776K), 0.0012260 secs] [Times: user=0.00 sys=0.00, real=0.00 secs] 
2018-03-19T13:00:27.491+0530: 2962.594: [GC (Allocation Failure) [PSYoungGen: 173632K->64K(174080K)] 242828K->69284K(523776K), 0.0011573 secs] [Times: user=0.00 sys=0.00, real=0.00 secs] 
2018-03-19T13:00:27.808+0530: 2962.911: [GC (Allocation Failure) [PSYoungGen: 173632K->96K(174080K)] 242852K->69332K(523776K), 0.0012666 secs] [Times: user=0.00 sys=0.00, real=0.00 secs] 
2018-03-19T13:00:28.087+0530: 2963.190: [GC (Allocation Failure) [PSYoungGen: 173664K->96K(174080K)] 242900K->69356K(523776K), 0.0011023 secs] [Times: user=0.00 sys=0.00, real=0.00 secs] 
2018-03-19T13:00:28.370+0530: 2963.473: [GC (Allocation Failure) [PSYoungGen: 173664K->96K(174080K)] 242924K->69380K(523776K), 0.0011975 secs] [Times: user=0.00 sys=0.00, real=0.00 secs] 
2018-03-19T13:00:28.654+0530: 2963.757: [GC (Allocation Failure) [PSYoungGen: 173664K->128K(174080K)] 242948K->69436K(523776K), 0.0013646 secs] [Times: user=0.00 sys=0.00, real=0.00 secs] 
2018-03-19T13:00:28.934+0530: 2964.037: [GC (Allocation Failure) [PSYoungGen: 173696K->64K(174080K)] 243004K->69396K(523776K), 0.0012641 secs] [Times: user=0.00 sys=0.00, real=0.00 secs] 
2018-03-19T13:00:29.213+0530: 2964.316: [GC (Allocation Failure) [PSYoungGen: 173632K->32K(174080K)] 242964K->69396K(523776K), 0.0012973 secs] [Times: user=0.00 sys=0.00, real=0.00 secs] 
2018-03-19T13:00:29.502+0530: 2964.605: [GC (Allocation Failure) [PSYoungGen: 173600K->96K(174080K)] 242964K->69484K(523776K), 0.0014129 secs] [Times: user=0.00 sys=0.00, real=0.00 secs] 
2018-03-19T13:00:29.796+0530: 2964.900: [GC (Allocation Failure) [PSYoungGen: 173664K->64K(174080K)] 243052K->69476K(523776K), 0.0012557 secs] [Times: user=0.00 sys=0.00, real=0.00 secs] 
2018-03-19T13:00:30.075+0530: 2965.178: [GC (Allocation Failure) [PSYoungGen: 173632K->64K(174080K)] 243044K->69500K(523776K), 0.0012966 secs] [Times: user=0.00 sys=0.00, real=0.00 secs] 
2018-03-19T13:00:30.368+0530: 2965.471: [GC (Allocation Failure) [PSYoungGen: 173632K->64K(174080K)] 243068K->69524K(523776K), 0.0013572 secs] [Times: user=0.00 sys=0.00, real=0.00 secs] 
2018-03-19T13:00:30.677+0530: 2965.779: [GC (Allocation Failure) [PSYoungGen: 173632K->32K(174080K)] 243092K->69516K(523776K), 0.0012423 secs] [Times: user=0.00 sys=0.00, real=0.00 secs] 
2018-03-19T13:00:30.958+0530: 2966.061: [GC (Allocation Failure) [PSYoungGen: 173600K->64K(174080K)] 243084K->69572K(523776K), 0.0013209 secs] [Times: user=0.00 sys=0.00, real=0.00 secs] 
2018-03-19T13:00:31.242+0530: 2966.345: [GC (Allocation Failure) [PSYoungGen: 173632K->96K(174080K)] 243140K->69620K(523776K), 0.0013213 secs] [Times: user=0.02 sys=0.00, real=0.00 secs] 
2018-03-19T13:00:31.526+0530: 2966.629: [GC (Allocation Failure) [PSYoungGen: 173664K->96K(174080K)] 243188K->69652K(523776K), 0.0011837 secs] [Times: user=0.00 sys=0.00, real=0.00 secs] 
2018-03-19T13:00:31.824+0530: 2966.927: [GC (Allocation Failure) [PSYoungGen: 173664K->64K(174080K)] 243220K->69652K(523776K), 0.0012888 secs] [Times: user=0.00 sys=0.00, real=0.00 secs] 
2018-03-19T13:00:32.104+0530: 2967.207: [GC (Allocation Failure) [PSYoungGen: 173632K->32K(174080K)] 243220K->69644K(523776K), 0.0011781 secs] [Times: user=0.00 sys=0.00, real=0.00 secs] 
2018-03-19T13:00:32.391+0530: 2967.494: [GC (Allocation Failure) [PSYoungGen: 173600K->96K(174080K)] 243212K->69740K(523776K), 0.0011111 secs] [Times: user=0.00 sys=0.00, real=0.00 secs] 
2018-03-19T13:00:32.680+0530: 2967.783: [GC (Allocation Failure) [PSYoungGen: 173664K->96K(174080K)] 243308K->69764K(523776K), 0.0012983 secs] [Times: user=0.00 sys=0.00, real=0.00 secs] 
2018-03-19T13:00:32.962+0530: 2968.064: [GC (Allocation Failure) [PSYoungGen: 173664K->96K(174080K)] 243332K->69780K(523776K), 0.0012313 secs] [Times: user=0.00 sys=0.00, real=0.00 secs] 
2018-03-19T13:00:33.241+0530: 2968.343: [GC (Allocation Failure) [PSYoungGen: 173664K->96K(174080K)] 243348K->69812K(523776K), 0.0012423 secs] [Times: user=0.00 sys=0.00, real=0.00 secs] 
2018-03-19T13:00:33.524+0530: 2968.627: [GC (Allocation Failure) [PSYoungGen: 173664K->64K(174080K)] 243380K->69812K(523776K), 0.0012451 secs] [Times: user=0.01 sys=0.00, real=0.00 secs] 
2018-03-19T13:00:33.799+0530: 2968.901: [GC (Allocation Failure) [PSYoungGen: 173632K->64K(174080K)] 243380K->69836K(523776K), 0.0011375 secs] [Times: user=0.00 sys=0.00, real=0.00 secs] 
2018-03-19T13:00:34.080+0530: 2969.183: [GC (Allocation Failure) [PSYoungGen: 173632K->64K(174080K)] 243404K->69860K(523776K), 0.0013995 secs] [Times: user=0.00 sys=0.00, real=0.00 secs] 
2018-03-19T13:00:34.363+0530: 2969.466: [GC (Allocation Failure) [PSYoungGen: 173632K->96K(174080K)] 243428K->69916K(523776K), 0.0012620 secs] [Times: user=0.00 sys=0.00, real=0.00 secs] 
2018-03-19T13:00:34.654+0530: 2969.757: [GC (Allocation Failure) [PSYoungGen: 173664K->64K(174080K)] 243484K->69908K(523776K), 0.0012493 secs] [Times: user=0.00 sys=0.00, real=0.00 secs] 
2018-03-19T13:00:34.932+0530: 2970.036: [GC (Allocation Failure) [PSYoungGen: 173632K->96K(174080K)] 243476K->69956K(523776K), 0.0013921 secs] [Times: user=0.00 sys=0.00, real=0.00 secs] 
2018-03-19T13:00:35.209+0530: 2970.312: [GC (Allocation Failure) [PSYoungGen: 173664K->64K(174080K)] 243524K->69948K(523776K), 0.0011435 secs] [Times: user=0.00 sys=0.00, real=0.00 secs] 
2018-03-19T13:00:35.495+0530: 2970.598: [GC (Allocation Failure) [PSYoungGen: 173632K->96K(174080K)] 243516K->70004K(523776K), 0.0011858 secs] [Times: user=0.00 sys=0.00, real=0.00 secs] 
2018-03-19T13:00:35.832+0530: 2970.935: [GC (Allocation Failure) [PSYoungGen: 173664K->96K(174080K)] 243572K->70028K(523776K), 0.0012881 secs] [Times: user=0.00 sys=0.00, real=0.00 secs] 
2018-03-19T13:00:36.116+0530: 2971.219: [GC (Allocation Failure) [PSYoungGen: 173664K->96K(174080K)] 243596K->70052K(523776K), 0.0013308 secs] [Times: user=0.00 sys=0.00, real=0.00 secs] 
2018-03-19T13:00:36.404+0530: 2971.507: [GC (Allocation Failure) [PSYoungGen: 173664K->96K(174080K)] 243620K->70076K(523776K), 0.0014031 secs] [Times: user=0.00 sys=0.00, real=0.00 secs] 
2018-03-19T13:00:36.681+0530: 2971.784: [GC (Allocation Failure) [PSYoungGen: 173664K->96K(174080K)] 243644K->70108K(523776K), 0.0011294 secs] [Times: user=0.00 sys=0.00, real=0.00 secs] 
2018-03-19T13:00:36.963+0530: 2972.065: [GC (Allocation Failure) [PSYoungGen: 173664K->96K(174080K)] 243676K->70132K(523776K), 0.0011263 secs] [Times: user=0.00 sys=0.00, real=0.00 secs] 
2018-03-19T13:00:37.243+0530: 2972.346: [GC (Allocation Failure) [PSYoungGen: 173664K->96K(174080K)] 243700K->70164K(523776K), 0.0012285 secs] [Times: user=0.00 sys=0.00, real=0.00 secs] 
2018-03-19T13:00:37.530+0530: 2972.633: [GC (Allocation Failure) [PSYoungGen: 173664K->64K(174080K)] 243732K->70156K(523776K), 0.0012860 secs] [Times: user=0.00 sys=0.00, real=0.00 secs] 
2018-03-19T13:00:37.811+0530: 2972.913: [GC (Allocation Failure) [PSYoungGen: 173632K->64K(174080K)] 243724K->70180K(523776K), 0.0013135 secs] [Times: user=0.00 sys=0.00, real=0.00 secs] 
2018-03-19T13:00:38.089+0530: 2973.191: [GC (Allocation Failure) [PSYoungGen: 173632K->96K(174080K)] 243748K->70236K(523776K), 0.0011150 secs] [Times: user=0.00 sys=0.00, real=0.00 secs] 
2018-03-19T13:00:38.370+0530: 2973.473: [GC (Allocation Failure) [PSYoungGen: 173664K->96K(174080K)] 243804K->70268K(523776K), 0.0013054 secs] [Times: user=0.00 sys=0.00, real=0.00 secs] 
2018-03-19T13:00:38.650+0530: 2973.752: [GC (Allocation Failure) [PSYoungGen: 173664K->96K(174080K)] 243836K->70292K(523776K), 0.0011509 secs] [Times: user=0.00 sys=0.00, real=0.00 secs] 
2018-03-19T13:00:38.952+0530: 2974.054: [GC (Allocation Failure) [PSYoungGen: 173664K->96K(174080K)] 243860K->70316K(523776K), 0.0013907 secs] [Times: user=0.00 sys=0.00, real=0.00 secs] 
2018-03-19T13:00:39.243+0530: 2974.345: [GC (Allocation Failure) [PSYoungGen: 173664K->96K(174080K)] 243884K->70332K(523776K), 0.0013819 secs] [Times: user=0.00 sys=0.00, real=0.00 secs] 
2018-03-19T13:00:39.558+0530: 2974.661: [GC (Allocation Failure) [PSYoungGen: 173664K->96K(174080K)] 243900K->70356K(523776K), 0.0014468 secs] [Times: user=0.00 sys=0.00, real=0.00 secs] 
2018-03-19T13:00:39.902+0530: 2975.005: [GC (Allocation Failure) [PSYoungGen: 173664K->96K(174080K)] 243924K->70380K(523776K), 0.0014062 secs] [Times: user=0.00 sys=0.00, real=0.00 secs] 
2018-03-19T13:00:40.200+0530: 2975.303: [GC (Allocation Failure) [PSYoungGen: 173664K->96K(174080K)] 243948K->70412K(523776K), 0.0013477 secs] [Times: user=0.00 sys=0.00, real=0.00 secs] 
2018-03-19T13:00:41.500+0530: 2976.603: [GC (Allocation Failure) [PSYoungGen: 173664K->64K(174080K)] 243980K->70396K(523776K), 0.0020540 secs] [Times: user=0.00 sys=0.00, real=0.00 secs] 
2018-03-19T13:00:41.866+0530: 2976.968: [GC (Allocation Failure) [PSYoungGen: 173632K->96K(174080K)] 243964K->70460K(523776K), 0.0014249 secs] [Times: user=0.00 sys=0.00, real=0.00 secs] 
2018-03-19T13:00:42.259+0530: 2977.361: [GC (Allocation Failure) [PSYoungGen: 173664K->96K(174080K)] 244028K->70492K(523776K), 0.0018103 secs] [Times: user=0.06 sys=0.00, real=0.00 secs] 
2018-03-19T13:00:42.619+0530: 2977.722: [GC (Allocation Failure) [PSYoungGen: 173664K->96K(174080K)] 244060K->70516K(523776K), 0.0014493 secs] [Times: user=0.00 sys=0.00, real=0.00 secs] 
2018-03-19T13:00:42.929+0530: 2978.033: [GC (Allocation Failure) [PSYoungGen: 173664K->64K(174080K)] 244084K->70516K(523776K), 0.0014588 secs] [Times: user=0.01 sys=0.00, real=0.00 secs] 
2018-03-19T13:00:43.244+0530: 2978.346: [GC (Allocation Failure) [PSYoungGen: 173632K->96K(174080K)] 244084K->70572K(523776K), 0.0013942 secs] [Times: user=0.00 sys=0.00, real=0.00 secs] 
2018-03-19T13:00:43.552+0530: 2978.654: [GC (Allocation Failure) [PSYoungGen: 173664K->64K(174080K)] 244140K->70564K(523776K), 0.0012317 secs] [Times: user=0.00 sys=0.00, real=0.00 secs] 
2018-03-19T13:00:43.870+0530: 2978.973: [GC (Allocation Failure) [PSYoungGen: 173632K->96K(174080K)] 244132K->70620K(523776K), 0.0013703 secs] [Times: user=0.00 sys=0.00, real=0.00 secs] 
2018-03-19T13:00:44.171+0530: 2979.275: [GC (Allocation Failure) [PSYoungGen: 173664K->64K(174080K)] 244188K->70612K(523776K), 0.0013756 secs] [Times: user=0.00 sys=0.00, real=0.00 secs] 
2018-03-19T13:00:44.484+0530: 2979.587: [GC (Allocation Failure) [PSYoungGen: 173632K->96K(174080K)] 244180K->70668K(523776K), 0.0012747 secs] [Times: user=0.00 sys=0.00, real=0.00 secs] 
2018-03-19T13:00:44.792+0530: 2979.895: [GC (Allocation Failure) [PSYoungGen: 173664K->96K(174080K)] 244236K->70692K(523776K), 0.0012014 secs] [Times: user=0.00 sys=0.00, real=0.00 secs] 
2018-03-19T13:00:45.101+0530: 2980.204: [GC (Allocation Failure) [PSYoungGen: 173664K->96K(174080K)] 244260K->70716K(523776K), 0.0014020 secs] [Times: user=0.00 sys=0.00, real=0.00 secs] 
2018-03-19T13:00:45.432+0530: 2980.535: [GC (Allocation Failure) [PSYoungGen: 173664K->96K(174080K)] 244284K->70732K(523776K), 0.0013604 secs] [Times: user=0.00 sys=0.00, real=0.00 secs] 
2018-03-19T13:00:45.935+0530: 2981.039: [GC (Allocation Failure) [PSYoungGen: 173664K->64K(174080K)] 244300K->70716K(523776K), 0.0041309 secs] [Times: user=0.00 sys=0.00, real=0.01 secs] 
2018-03-19T13:00:46.329+0530: 2981.431: [GC (Allocation Failure) [PSYoungGen: 173632K->96K(174080K)] 244284K->70772K(523776K), 0.0013237 secs] [Times: user=0.00 sys=0.00, real=0.00 secs] 
2018-03-19T13:00:46.648+0530: 2981.750: [GC (Allocation Failure) [PSYoungGen: 173664K->64K(174080K)] 244340K->70764K(523776K), 0.0015053 secs] [Times: user=0.00 sys=0.00, real=0.00 secs] 
2018-03-19T13:00:46.964+0530: 2982.067: [GC (Allocation Failure) [PSYoungGen: 173632K->128K(174080K)] 244332K->70852K(523776K), 0.0013202 secs] [Times: user=0.00 sys=0.00, real=0.00 secs] 
2018-03-19T13:00:47.310+0530: 2982.414: [GC (Allocation Failure) [PSYoungGen: 173696K->32K(174080K)] 244420K->70772K(523776K), 0.0045946 secs] [Times: user=0.00 sys=0.00, real=0.01 secs] 
2018-03-19T13:00:48.162+0530: 2983.265: [GC (Allocation Failure) [PSYoungGen: 173600K->96K(174080K)] 244340K->70860K(523776K), 0.0017740 secs] [Times: user=0.00 sys=0.00, real=0.00 secs] 
2018-03-19T13:00:48.537+0530: 2983.640: [GC (Allocation Failure) [PSYoungGen: 173664K->96K(174080K)] 244428K->70892K(523776K), 0.0015684 secs] [Times: user=0.00 sys=0.00, real=0.00 secs] 
2018-03-19T13:00:49.132+0530: 2984.235: [GC (Allocation Failure) [PSYoungGen: 173664K->96K(174080K)] 244460K->70924K(523776K), 0.0015695 secs] [Times: user=0.00 sys=0.00, real=0.00 secs] 
2018-03-19T13:00:49.544+0530: 2984.647: [GC (Allocation Failure) [PSYoungGen: 173664K->64K(174080K)] 244492K->70924K(523776K), 0.0017035 secs] [Times: user=0.00 sys=0.00, real=0.00 secs] 
2018-03-19T13:00:49.959+0530: 2985.062: [GC (Allocation Failure) [PSYoungGen: 173632K->96K(174080K)] 244492K->70972K(523776K), 0.0018188 secs] [Times: user=0.00 sys=0.00, real=0.00 secs] 
2018-03-19T13:00:50.543+0530: 2985.646: [GC (Allocation Failure) [PSYoungGen: 173664K->64K(174080K)] 244540K->70956K(523776K), 0.0017603 secs] [Times: user=0.00 sys=0.00, real=0.00 secs] 
2018-03-19T13:00:50.956+0530: 2986.059: [GC (Allocation Failure) [PSYoungGen: 173632K->96K(174080K)] 244524K->71012K(523776K), 0.0016220 secs] [Times: user=0.00 sys=0.00, real=0.00 secs] 
2018-03-19T13:00:51.311+0530: 2986.414: [GC (Allocation Failure) [PSYoungGen: 173664K->64K(174080K)] 244580K->71004K(523776K), 0.0014429 secs] [Times: user=0.00 sys=0.00, real=0.00 secs] 
2018-03-19T13:00:51.729+0530: 2986.832: [GC (Allocation Failure) [PSYoungGen: 173632K->96K(174080K)] 244572K->71068K(523776K), 0.0015099 secs] [Times: user=0.00 sys=0.00, real=0.00 secs] 
2018-03-19T13:00:52.156+0530: 2987.259: [GC (Allocation Failure) [PSYoungGen: 173664K->96K(174080K)] 244636K->71100K(523776K), 0.0014394 secs] [Times: user=0.00 sys=0.00, real=0.00 secs] 
2018-03-19T13:00:52.523+0530: 2987.626: [GC (Allocation Failure) [PSYoungGen: 173664K->32K(174080K)] 244668K->71076K(523776K), 0.0012814 secs] [Times: user=0.00 sys=0.00, real=0.00 secs] 
2018-03-19T13:00:52.821+0530: 2987.924: [GC (Allocation Failure) [PSYoungGen: 173600K->64K(174080K)] 244644K->71132K(523776K), 0.0012134 secs] [Times: user=0.00 sys=0.00, real=0.00 secs] 
2018-03-19T13:00:53.121+0530: 2988.224: [GC (Allocation Failure) [PSYoungGen: 173632K->96K(174080K)] 244700K->71188K(523776K), 0.0013153 secs] [Times: user=0.00 sys=0.00, real=0.00 secs] 
2018-03-19T13:00:53.422+0530: 2988.525: [GC (Allocation Failure) [PSYoungGen: 173664K->96K(174080K)] 244756K->71220K(523776K), 0.0012052 secs] [Times: user=0.00 sys=0.00, real=0.00 secs] 
2018-03-19T13:00:53.720+0530: 2988.822: [GC (Allocation Failure) [PSYoungGen: 173664K->64K(174080K)] 244788K->71212K(523776K), 0.0011971 secs] [Times: user=0.00 sys=0.00, real=0.00 secs] 
2018-03-19T13:00:54.021+0530: 2989.124: [GC (Allocation Failure) [PSYoungGen: 173632K->96K(174080K)] 244780K->71276K(523776K), 0.0011961 secs] [Times: user=0.00 sys=0.00, real=0.00 secs] 
2018-03-19T13:00:54.317+0530: 2989.420: [GC (Allocation Failure) [PSYoungGen: 173664K->64K(174080K)] 244844K->71268K(523776K), 0.0013135 secs] [Times: user=0.00 sys=0.00, real=0.00 secs] 
2018-03-19T13:00:54.614+0530: 2989.717: [GC (Allocation Failure) [PSYoungGen: 173632K->96K(174080K)] 244836K->71324K(523776K), 0.0013371 secs] [Times: user=0.00 sys=0.00, real=0.00 secs] 
2018-03-19T13:00:54.911+0530: 2990.014: [GC (Allocation Failure) [PSYoungGen: 173664K->96K(174080K)] 244892K->71340K(523776K), 0.0013745 secs] [Times: user=0.00 sys=0.00, real=0.00 secs] 
2018-03-19T13:00:55.203+0530: 2990.306: [GC (Allocation Failure) [PSYoungGen: 173664K->96K(174080K)] 244908K->71356K(523776K), 0.0013509 secs] [Times: user=0.00 sys=0.00, real=0.00 secs] 
2018-03-19T13:00:55.491+0530: 2990.594: [GC (Allocation Failure) [PSYoungGen: 173664K->96K(174080K)] 244924K->71372K(523776K), 0.0014902 secs] [Times: user=0.00 sys=0.00, real=0.00 secs] 
2018-03-19T13:00:55.792+0530: 2990.895: [GC (Allocation Failure) [PSYoungGen: 173664K->64K(174080K)] 244940K->71372K(523776K), 0.0013964 secs] [Times: user=0.00 sys=0.00, real=0.00 secs] 
2018-03-19T13:00:56.073+0530: 2991.176: [GC (Allocation Failure) [PSYoungGen: 173632K->96K(174080K)] 244940K->71436K(523776K), 0.0013269 secs] [Times: user=0.00 sys=0.00, real=0.00 secs] 
2018-03-19T13:00:56.350+0530: 2991.453: [GC (Allocation Failure) [PSYoungGen: 173664K->64K(174080K)] 245004K->71428K(523776K), 0.0012282 secs] [Times: user=0.00 sys=0.00, real=0.00 secs] 
2018-03-19T13:00:56.631+0530: 2991.734: [GC (Allocation Failure) [PSYoungGen: 173632K->96K(174080K)] 244996K->71476K(523776K), 0.0011964 secs] [Times: user=0.00 sys=0.00, real=0.00 secs] 
2018-03-19T13:00:56.907+0530: 2992.009: [GC (Allocation Failure) [PSYoungGen: 173664K->96K(174080K)] 245044K->71492K(523776K), 0.0012796 secs] [Times: user=0.00 sys=0.00, real=0.00 secs] 
2018-03-19T13:00:57.184+0530: 2992.287: [GC (Allocation Failure) [PSYoungGen: 173664K->96K(174080K)] 245060K->71516K(523776K), 0.0013287 secs] [Times: user=0.00 sys=0.00, real=0.00 secs] 
2018-03-19T13:00:57.468+0530: 2992.571: [GC (Allocation Failure) [PSYoungGen: 173664K->96K(174080K)] 245084K->71548K(523776K), 0.0011132 secs] [Times: user=0.00 sys=0.00, real=0.00 secs] 
2018-03-19T13:00:57.752+0530: 2992.855: [GC (Allocation Failure) [PSYoungGen: 173664K->64K(174080K)] 245116K->71548K(523776K), 0.0011323 secs] [Times: user=0.00 sys=0.00, real=0.00 secs] 
2018-03-19T13:00:58.030+0530: 2993.133: [GC (Allocation Failure) [PSYoungGen: 173632K->64K(174080K)] 245116K->71572K(523776K), 0.0013904 secs] [Times: user=0.00 sys=0.00, real=0.00 secs] 
2018-03-19T13:00:58.306+0530: 2993.408: [GC (Allocation Failure) [PSYoungGen: 173632K->96K(174080K)] 245140K->71620K(523776K), 0.0011767 secs] [Times: user=0.00 sys=0.00, real=0.00 secs] 
2018-03-19T13:00:58.591+0530: 2993.694: [GC (Allocation Failure) [PSYoungGen: 173664K->96K(174080K)] 245188K->71652K(523776K), 0.0010681 secs] [Times: user=0.00 sys=0.00, real=0.00 secs] 
2018-03-19T13:00:58.865+0530: 2993.968: [GC (Allocation Failure) [PSYoungGen: 173664K->96K(174080K)] 245220K->71684K(523776K), 0.0013068 secs] [Times: user=0.00 sys=0.00, real=0.00 secs] 
2018-03-19T13:00:59.139+0530: 2994.242: [GC (Allocation Failure) [PSYoungGen: 173664K->96K(174080K)] 245252K->71708K(523776K), 0.0012585 secs] [Times: user=0.00 sys=0.00, real=0.00 secs] 
2018-03-19T13:00:59.423+0530: 2994.526: [GC (Allocation Failure) [PSYoungGen: 173664K->96K(174080K)] 245276K->71724K(523776K), 0.0012151 secs] [Times: user=0.00 sys=0.00, real=0.00 secs] 
2018-03-19T13:00:59.728+0530: 2994.831: [GC (Allocation Failure) [PSYoungGen: 173664K->64K(174080K)] 245292K->71716K(523776K), 0.0014863 secs] [Times: user=0.00 sys=0.00, real=0.00 secs] 
2018-03-19T13:01:00.020+0530: 2995.123: [GC (Allocation Failure) [PSYoungGen: 173632K->64K(174080K)] 245284K->71740K(523776K), 0.0014045 secs] [Times: user=0.00 sys=0.00, real=0.00 secs] 
2018-03-19T13:01:00.334+0530: 2995.437: [GC (Allocation Failure) [PSYoungGen: 173632K->32K(174080K)] 245308K->71732K(523776K), 0.0013392 secs] [Times: user=0.00 sys=0.00, real=0.00 secs] 
2018-03-19T13:01:00.620+0530: 2995.723: [GC (Allocation Failure) [PSYoungGen: 173600K->96K(174080K)] 245300K->71820K(523776K), 0.0013315 secs] [Times: user=0.00 sys=0.00, real=0.00 secs] 
2018-03-19T13:01:00.898+0530: 2996.001: [GC (Allocation Failure) [PSYoungGen: 173664K->64K(174080K)] 245388K->71812K(523776K), 0.0012793 secs] [Times: user=0.00 sys=0.00, real=0.00 secs] 
2018-03-19T13:01:01.204+0530: 2996.307: [GC (Allocation Failure) [PSYoungGen: 173632K->96K(174080K)] 245380K->71868K(523776K), 0.0013082 secs] [Times: user=0.00 sys=0.00, real=0.00 secs] 
2018-03-19T13:01:01.520+0530: 2996.623: [GC (Allocation Failure) [PSYoungGen: 173664K->64K(174080K)] 245436K->71852K(523776K), 0.0014570 secs] [Times: user=0.00 sys=0.00, real=0.00 secs] 
2018-03-19T13:01:01.848+0530: 2996.951: [GC (Allocation Failure) [PSYoungGen: 173632K->96K(174080K)] 245420K->71900K(523776K), 0.0020878 secs] [Times: user=0.00 sys=0.00, real=0.00 secs] 
2018-03-19T13:01:02.209+0530: 2997.311: [GC (Allocation Failure) [PSYoungGen: 173664K->32K(174080K)] 245468K->71860K(523776K), 0.0013784 secs] [Times: user=0.00 sys=0.00, real=0.00 secs] 
2018-03-19T13:01:02.520+0530: 2997.623: [GC (Allocation Failure) [PSYoungGen: 173600K->96K(174080K)] 245428K->71956K(523776K), 0.0015272 secs] [Times: user=0.00 sys=0.00, real=0.00 secs] 
2018-03-19T13:01:02.815+0530: 2997.918: [GC (Allocation Failure) [PSYoungGen: 173664K->64K(174080K)] 245524K->71948K(523776K), 0.0013357 secs] [Times: user=0.00 sys=0.00, real=0.00 secs] 
2018-03-19T13:01:03.119+0530: 2998.222: [GC (Allocation Failure) [PSYoungGen: 173632K->96K(174080K)] 245516K->71996K(523776K), 0.0015871 secs] [Times: user=0.00 sys=0.00, real=0.00 secs] 
2018-03-19T13:01:03.424+0530: 2998.527: [GC (Allocation Failure) [PSYoungGen: 173664K->64K(174080K)] 245564K->71988K(523776K), 0.0011390 secs] [Times: user=0.00 sys=0.00, real=0.00 secs] 
2018-03-19T13:01:03.740+0530: 2998.843: [GC (Allocation Failure) [PSYoungGen: 173632K->64K(174080K)] 245556K->72012K(523776K), 0.0011111 secs] [Times: user=0.00 sys=0.00, real=0.00 secs] 
2018-03-19T13:01:04.026+0530: 2999.129: [GC (Allocation Failure) [PSYoungGen: 173632K->64K(174080K)] 245580K->72036K(523776K), 0.0012077 secs] [Times: user=0.00 sys=0.00, real=0.00 secs] 
2018-03-19T13:01:04.317+0530: 2999.420: [GC (Allocation Failure) [PSYoungGen: 173632K->96K(174080K)] 245604K->72092K(523776K), 0.0011781 secs] [Times: user=0.00 sys=0.00, real=0.00 secs] 
2018-03-19T13:01:04.607+0530: 2999.710: [GC (Allocation Failure) [PSYoungGen: 173664K->96K(174080K)] 245660K->72116K(523776K), 0.0015205 secs] [Times: user=0.00 sys=0.00, real=0.00 secs] 
2018-03-19T13:01:04.914+0530: 3000.017: [GC (Allocation Failure) [PSYoungGen: 173664K->64K(174080K)] 245684K->72108K(523776K), 0.0012708 secs] [Times: user=0.06 sys=0.00, real=0.00 secs] 
2018-03-19T13:01:05.202+0530: 3000.305: [GC (Allocation Failure) [PSYoungGen: 173632K->64K(174080K)] 245676K->72140K(523776K), 0.0011996 secs] [Times: user=0.00 sys=0.00, real=0.00 secs] 
2018-03-19T13:01:05.497+0530: 3000.600: [GC (Allocation Failure) [PSYoungGen: 173632K->96K(174080K)] 245708K->72204K(523776K), 0.0013741 secs] [Times: user=0.00 sys=0.00, real=0.00 secs] 
2018-03-19T13:01:05.777+0530: 3000.881: [GC (Allocation Failure) [PSYoungGen: 173664K->96K(174080K)] 245772K->72228K(523776K), 0.0012874 secs] [Times: user=0.00 sys=0.00, real=0.00 secs] 
2018-03-19T13:01:06.056+0530: 3001.159: [GC (Allocation Failure) [PSYoungGen: 173664K->64K(174080K)] 245796K->72220K(523776K), 0.0012634 secs] [Times: user=0.00 sys=0.00, real=0.00 secs] 
2018-03-19T13:01:06.333+0530: 3001.436: [GC (Allocation Failure) [PSYoungGen: 173632K->96K(174080K)] 245788K->72284K(523776K), 0.0012437 secs] [Times: user=0.00 sys=0.00, real=0.00 secs] 
2018-03-19T13:01:06.622+0530: 3001.726: [GC (Allocation Failure) [PSYoungGen: 173664K->96K(174080K)] 245852K->72308K(523776K), 0.0013886 secs] [Times: user=0.00 sys=0.00, real=0.00 secs] 
2018-03-19T13:01:06.901+0530: 3002.004: [GC (Allocation Failure) [PSYoungGen: 173664K->96K(174080K)] 245876K->72340K(523776K), 0.0013562 secs] [Times: user=0.00 sys=0.00, real=0.00 secs] 
2018-03-19T13:01:07.176+0530: 3002.279: [GC (Allocation Failure) [PSYoungGen: 173664K->96K(174080K)] 245908K->72364K(523776K), 0.0013149 secs] [Times: user=0.00 sys=0.00, real=0.00 secs] 
2018-03-19T13:01:07.468+0530: 3002.571: [GC (Allocation Failure) [PSYoungGen: 173664K->96K(174080K)] 245932K->72380K(523776K), 0.0013040 secs] [Times: user=0.00 sys=0.00, real=0.00 secs] 
2018-03-19T13:01:07.769+0530: 3002.872: [GC (Allocation Failure) [PSYoungGen: 173664K->96K(174080K)] 245948K->72404K(523776K), 0.0011679 secs] [Times: user=0.00 sys=0.00, real=0.00 secs] 
2018-03-19T13:01:08.045+0530: 3003.147: [GC (Allocation Failure) [PSYoungGen: 173664K->64K(174080K)] 245972K->72396K(523776K), 0.0012581 secs] [Times: user=0.00 sys=0.00, real=0.00 secs] 
2018-03-19T13:01:08.319+0530: 3003.422: [GC (Allocation Failure) [PSYoungGen: 173632K->96K(174080K)] 245964K->72452K(523776K), 0.0013343 secs] [Times: user=0.00 sys=0.00, real=0.00 secs] 
2018-03-19T13:01:08.614+0530: 3003.716: [GC (Allocation Failure) [PSYoungGen: 173664K->96K(174080K)] 246020K->72484K(523776K), 0.0012733 secs] [Times: user=0.00 sys=0.00, real=0.00 secs] 
2018-03-19T13:01:08.885+0530: 3003.988: [GC (Allocation Failure) [PSYoungGen: 173664K->96K(174080K)] 246052K->72516K(523776K), 0.0013565 secs] [Times: user=0.00 sys=0.00, real=0.00 secs] 
2018-03-19T13:01:09.158+0530: 3004.261: [GC (Allocation Failure) [PSYoungGen: 173664K->96K(174080K)] 246084K->72540K(523776K), 0.0012282 secs] [Times: user=0.00 sys=0.00, real=0.00 secs] 
2018-03-19T13:01:09.455+0530: 3004.558: [GC (Allocation Failure) [PSYoungGen: 173664K->32K(174080K)] 246108K->72500K(523776K), 0.0012789 secs] [Times: user=0.00 sys=0.00, real=0.00 secs] 
2018-03-19T13:01:09.731+0530: 3004.834: [GC (Allocation Failure) [PSYoungGen: 173600K->64K(174080K)] 246068K->72564K(523776K), 0.0012811 secs] [Times: user=0.00 sys=0.00, real=0.00 secs] 
2018-03-19T13:01:10.016+0530: 3005.119: [GC (Allocation Failure) [PSYoungGen: 173632K->96K(174080K)] 246132K->72612K(523776K), 0.0012363 secs] [Times: user=0.00 sys=0.00, real=0.00 secs] 
2018-03-19T13:01:10.299+0530: 3005.403: [GC (Allocation Failure) [PSYoungGen: 173664K->64K(174080K)] 246180K->72604K(523776K), 0.0014997 secs] [Times: user=0.00 sys=0.00, real=0.00 secs] 
2018-03-19T13:01:10.593+0530: 3005.696: [GC (Allocation Failure) [PSYoungGen: 173632K->96K(174080K)] 246172K->72652K(523776K), 0.0013015 secs] [Times: user=0.00 sys=0.00, real=0.00 secs] 
2018-03-19T13:01:10.877+0530: 3005.980: [GC (Allocation Failure) [PSYoungGen: 173664K->96K(174080K)] 246220K->72676K(523776K), 0.0012014 secs] [Times: user=0.00 sys=0.00, real=0.00 secs] 
2018-03-19T13:01:11.154+0530: 3006.256: [GC (Allocation Failure) [PSYoungGen: 173664K->96K(174080K)] 246244K->72700K(523776K), 0.0013364 secs] [Times: user=0.00 sys=0.00, real=0.00 secs] 
2018-03-19T13:01:11.437+0530: 3006.539: [GC (Allocation Failure) [PSYoungGen: 173664K->96K(174080K)] 246268K->72732K(523776K), 0.0012670 secs] [Times: user=0.00 sys=0.00, real=0.00 secs] 
2018-03-19T13:01:11.733+0530: 3006.835: [GC (Allocation Failure) [PSYoungGen: 173664K->96K(174080K)] 246300K->72756K(523776K), 0.0013385 secs] [Times: user=0.00 sys=0.00, real=0.00 secs] 
2018-03-19T13:01:12.002+0530: 3007.104: [GC (Allocation Failure) [PSYoungGen: 173664K->96K(174080K)] 246324K->72780K(523776K), 0.0011439 secs] [Times: user=0.00 sys=0.00, real=0.00 secs] 
2018-03-19T13:01:12.278+0530: 3007.381: [GC (Allocation Failure) [PSYoungGen: 173664K->96K(174080K)] 246348K->72812K(523776K), 0.0012804 secs] [Times: user=0.00 sys=0.00, real=0.00 secs] 
2018-03-19T13:01:12.560+0530: 3007.663: [GC (Allocation Failure) [PSYoungGen: 173664K->96K(174080K)] 246380K->72836K(523776K), 0.0013082 secs] [Times: user=0.00 sys=0.00, real=0.00 secs] 
2018-03-19T13:01:12.832+0530: 3007.935: [GC (Allocation Failure) [PSYoungGen: 173664K->64K(174080K)] 246404K->72828K(523776K), 0.0011876 secs] [Times: user=0.00 sys=0.00, real=0.00 secs] 
2018-03-19T13:01:13.106+0530: 3008.210: [GC (Allocation Failure) [PSYoungGen: 173632K->96K(174080K)] 246396K->72892K(523776K), 0.0011509 secs] [Times: user=0.00 sys=0.00, real=0.00 secs] 
2018-03-19T13:01:13.388+0530: 3008.491: [GC (Allocation Failure) [PSYoungGen: 173664K->96K(174080K)] 246460K->72916K(523776K), 0.0013639 secs] [Times: user=0.00 sys=0.00, real=0.00 secs] 
2018-03-19T13:01:13.666+0530: 3008.768: [GC (Allocation Failure) [PSYoungGen: 173664K->96K(174080K)] 246484K->72932K(523776K), 0.0011449 secs] [Times: user=0.00 sys=0.00, real=0.00 secs] 
2018-03-19T13:01:13.942+0530: 3009.045: [GC (Allocation Failure) [PSYoungGen: 173664K->64K(174080K)] 246500K->72924K(523776K), 0.0011594 secs] [Times: user=0.00 sys=0.00, real=0.00 secs] 
2018-03-19T13:01:14.214+0530: 3009.318: [GC (Allocation Failure) [PSYoungGen: 173632K->96K(174080K)] 246492K->72972K(523776K), 0.0011555 secs] [Times: user=0.00 sys=0.00, real=0.00 secs] 
2018-03-19T13:01:14.495+0530: 3009.598: [GC (Allocation Failure) [PSYoungGen: 173664K->96K(174080K)] 246540K->72996K(523776K), 0.0011227 secs] [Times: user=0.00 sys=0.00, real=0.00 secs] 
2018-03-19T13:01:14.770+0530: 3009.873: [GC (Allocation Failure) [PSYoungGen: 173664K->64K(174080K)] 246564K->72988K(523776K), 0.0011234 secs] [Times: user=0.00 sys=0.00, real=0.00 secs] 
2018-03-19T13:01:15.097+0530: 3010.200: [GC (Allocation Failure) [PSYoungGen: 173632K->64K(174080K)] 246556K->73012K(523776K), 0.0012585 secs] [Times: user=0.00 sys=0.00, real=0.00 secs] 
2018-03-19T13:01:15.381+0530: 3010.485: [GC (Allocation Failure) [PSYoungGen: 173632K->96K(174080K)] 246580K->73068K(523776K), 0.0011717 secs] [Times: user=0.00 sys=0.00, real=0.00 secs] 
2018-03-19T13:01:15.709+0530: 3010.812: [GC (Allocation Failure) [PSYoungGen: 173664K->96K(174080K)] 246636K->73092K(523776K), 0.0012176 secs] [Times: user=0.00 sys=0.00, real=0.00 secs] 
2018-03-19T13:01:15.999+0530: 3011.102: [GC (Allocation Failure) [PSYoungGen: 173664K->96K(174080K)] 246660K->73124K(523776K), 0.0014246 secs] [Times: user=0.00 sys=0.00, real=0.00 secs] 
2018-03-19T13:01:16.276+0530: 3011.379: [GC (Allocation Failure) [PSYoungGen: 173664K->96K(174080K)] 246692K->73156K(523776K), 0.0011315 secs] [Times: user=0.00 sys=0.00, real=0.00 secs] 
2018-03-19T13:01:16.564+0530: 3011.667: [GC (Allocation Failure) [PSYoungGen: 173664K->32K(174080K)] 246724K->73116K(523776K), 0.0011791 secs] [Times: user=0.00 sys=0.00, real=0.00 secs] 
2018-03-19T13:01:16.846+0530: 3011.949: [GC (Allocation Failure) [PSYoungGen: 173600K->96K(174080K)] 246684K->73204K(523776K), 0.0013022 secs] [Times: user=0.00 sys=0.00, real=0.00 secs] 
2018-03-19T13:01:17.123+0530: 3012.226: [GC (Allocation Failure) [PSYoungGen: 173664K->96K(174080K)] 246772K->73228K(523776K), 0.0012959 secs] [Times: user=0.00 sys=0.00, real=0.00 secs] 
2018-03-19T13:01:17.406+0530: 3012.508: [GC (Allocation Failure) [PSYoungGen: 173664K->96K(174080K)] 246796K->73252K(523776K), 0.0012599 secs] [Times: user=0.00 sys=0.00, real=0.00 secs] 
2018-03-19T13:01:17.696+0530: 3012.800: [GC (Allocation Failure) [PSYoungGen: 173664K->96K(174080K)] 246820K->73284K(523776K), 0.0012638 secs] [Times: user=0.00 sys=0.00, real=0.00 secs] 
2018-03-19T13:01:17.974+0530: 3013.076: [GC (Allocation Failure) [PSYoungGen: 173664K->96K(174080K)] 246852K->73300K(523776K), 0.0012786 secs] [Times: user=0.00 sys=0.00, real=0.00 secs] 
2018-03-19T13:01:18.247+0530: 3013.350: [GC (Allocation Failure) [PSYoungGen: 173664K->96K(174080K)] 246868K->73324K(523776K), 0.0011238 secs] [Times: user=0.00 sys=0.00, real=0.00 secs] 
2018-03-19T13:01:18.568+0530: 3013.670: [GC (Allocation Failure) [PSYoungGen: 173664K->96K(174080K)] 246892K->73356K(523776K), 0.0014909 secs] [Times: user=0.00 sys=0.00, real=0.00 secs] 
2018-03-19T13:01:18.869+0530: 3013.973: [GC (Allocation Failure) [PSYoungGen: 173664K->96K(174080K)] 246924K->73380K(523776K), 0.0012952 secs] [Times: user=0.00 sys=0.00, real=0.00 secs] 
2018-03-19T13:01:19.145+0530: 3014.248: [GC (Allocation Failure) [PSYoungGen: 173664K->96K(174080K)] 246948K->73404K(523776K), 0.0012268 secs] [Times: user=0.00 sys=0.00, real=0.00 secs] 
2018-03-19T13:01:19.436+0530: 3014.538: [GC (Allocation Failure) [PSYoungGen: 173664K->96K(174080K)] 246972K->73428K(523776K), 0.0012807 secs] [Times: user=0.00 sys=0.00, real=0.00 secs] 
2018-03-19T13:01:19.745+0530: 3014.848: [GC (Allocation Failure) [PSYoungGen: 173664K->96K(174080K)] 246996K->73460K(523776K), 0.0012557 secs] [Times: user=0.00 sys=0.00, real=0.00 secs] 
2018-03-19T13:01:20.035+0530: 3015.138: [GC (Allocation Failure) [PSYoungGen: 173664K->96K(174080K)] 247028K->73492K(523776K), 0.0014302 secs] [Times: user=0.00 sys=0.00, real=0.00 secs] 
2018-03-19T13:01:20.327+0530: 3015.429: [GC (Allocation Failure) [PSYoungGen: 173664K->128K(174080K)] 247060K->73540K(523776K), 0.0013361 secs] [Times: user=0.00 sys=0.00, real=0.00 secs] 
2018-03-19T13:01:20.625+0530: 3015.728: [GC (Allocation Failure) [PSYoungGen: 173696K->96K(174080K)] 247108K->73540K(523776K), 0.0014126 secs] [Times: user=0.00 sys=0.00, real=0.00 secs] 
2018-03-19T13:01:20.900+0530: 3016.003: [GC (Allocation Failure) [PSYoungGen: 173664K->96K(174080K)] 247108K->73572K(523776K), 0.0011030 secs] [Times: user=0.00 sys=0.00, real=0.00 secs] 
2018-03-19T13:01:21.179+0530: 3016.282: [GC (Allocation Failure) [PSYoungGen: 173664K->96K(174080K)] 247140K->73596K(523776K), 0.0011256 secs] [Times: user=0.00 sys=0.00, real=0.00 secs] 
2018-03-19T13:01:21.463+0530: 3016.566: [GC (Allocation Failure) [PSYoungGen: 173664K->96K(174080K)] 247164K->73628K(523776K), 0.0011435 secs] [Times: user=0.00 sys=0.00, real=0.00 secs] 
2018-03-19T13:01:21.740+0530: 3016.843: [GC (Allocation Failure) [PSYoungGen: 173664K->64K(174080K)] 247196K->73620K(523776K), 0.0013153 secs] [Times: user=0.00 sys=0.00, real=0.00 secs] 
2018-03-19T13:01:22.024+0530: 3017.127: [GC (Allocation Failure) [PSYoungGen: 173632K->96K(174080K)] 247188K->73676K(523776K), 0.0014295 secs] [Times: user=0.06 sys=0.00, real=0.00 secs] 
2018-03-19T13:01:22.300+0530: 3017.403: [GC (Allocation Failure) [PSYoungGen: 173664K->96K(174080K)] 247244K->73708K(523776K), 0.0011354 secs] [Times: user=0.00 sys=0.00, real=0.00 secs] 
2018-03-19T13:01:22.580+0530: 3017.683: [GC (Allocation Failure) [PSYoungGen: 173664K->96K(174080K)] 247276K->73740K(523776K), 0.0013385 secs] [Times: user=0.00 sys=0.00, real=0.00 secs] 
2018-03-19T13:01:22.852+0530: 3017.955: [GC (Allocation Failure) [PSYoungGen: 173664K->64K(174080K)] 247308K->73732K(523776K), 0.0012789 secs] [Times: user=0.00 sys=0.00, real=0.00 secs] 
2018-03-19T13:01:23.133+0530: 3018.236: [GC (Allocation Failure) [PSYoungGen: 173632K->64K(174080K)] 247300K->73756K(523776K), 0.0012811 secs] [Times: user=0.00 sys=0.00, real=0.00 secs] 
2018-03-19T13:01:23.415+0530: 3018.518: [GC (Allocation Failure) [PSYoungGen: 173632K->96K(174080K)] 247324K->73820K(523776K), 0.0011270 secs] [Times: user=0.02 sys=0.00, real=0.00 secs] 
2018-03-19T13:01:23.707+0530: 3018.810: [GC (Allocation Failure) [PSYoungGen: 173664K->64K(174080K)] 247388K->73820K(523776K), 0.0012726 secs] [Times: user=0.00 sys=0.00, real=0.00 secs] 
2018-03-19T13:01:23.985+0530: 3019.088: [GC (Allocation Failure) [PSYoungGen: 173632K->96K(174080K)] 247388K->73876K(523776K), 0.0013050 secs] [Times: user=0.00 sys=0.00, real=0.00 secs] 
2018-03-19T13:01:24.263+0530: 3019.366: [GC (Allocation Failure) [PSYoungGen: 173664K->64K(174080K)] 247444K->73868K(523776K), 0.0013012 secs] [Times: user=0.00 sys=0.00, real=0.00 secs] 
2018-03-19T13:01:24.543+0530: 3019.647: [GC (Allocation Failure) [PSYoungGen: 173632K->96K(174080K)] 247436K->73932K(523776K), 0.0013819 secs] [Times: user=0.00 sys=0.00, real=0.00 secs] 
2018-03-19T13:01:24.832+0530: 3019.934: [GC (Allocation Failure) [PSYoungGen: 173664K->96K(174080K)] 247500K->73956K(523776K), 0.0012980 secs] [Times: user=0.00 sys=0.00, real=0.00 secs] 
2018-03-19T13:01:25.121+0530: 3020.224: [GC (Allocation Failure) [PSYoungGen: 173664K->96K(174080K)] 247524K->73988K(523776K), 0.0012112 secs] [Times: user=0.00 sys=0.00, real=0.00 secs] 
2018-03-19T13:01:25.406+0530: 3020.508: [GC (Allocation Failure) [PSYoungGen: 173664K->96K(174080K)] 247556K->74012K(523776K), 0.0013738 secs] [Times: user=0.00 sys=0.00, real=0.00 secs] 
2018-03-19T13:01:25.686+0530: 3020.788: [GC (Allocation Failure) [PSYoungGen: 173664K->64K(174080K)] 247580K->74004K(523776K), 0.0011989 secs] [Times: user=0.00 sys=0.00, real=0.00 secs] 
2018-03-19T13:01:25.962+0530: 3021.065: [GC (Allocation Failure) [PSYoungGen: 173632K->96K(174080K)] 247572K->74068K(523776K), 0.0011351 secs] [Times: user=0.00 sys=0.00, real=0.00 secs] 
2018-03-19T13:01:26.251+0530: 3021.354: [GC (Allocation Failure) [PSYoungGen: 173664K->64K(174080K)] 247636K->74060K(523776K), 0.0013354 secs] [Times: user=0.00 sys=0.00, real=0.00 secs] 
2018-03-19T13:01:26.540+0530: 3021.643: [GC (Allocation Failure) [PSYoungGen: 173632K->64K(174080K)] 247628K->74084K(523776K), 0.0012172 secs] [Times: user=0.00 sys=0.00, real=0.00 secs] 
2018-03-19T13:01:26.817+0530: 3021.920: [GC (Allocation Failure) [PSYoungGen: 173632K->64K(174080K)] 247652K->74108K(523776K), 0.0011393 secs] [Times: user=0.00 sys=0.00, real=0.00 secs] 
2018-03-19T13:01:27.091+0530: 3022.194: [GC (Allocation Failure) [PSYoungGen: 173632K->96K(174080K)] 247676K->74172K(523776K), 0.0011933 secs] [Times: user=0.00 sys=0.00, real=0.00 secs] 
2018-03-19T13:01:27.375+0530: 3022.478: [GC (Allocation Failure) [PSYoungGen: 173664K->96K(174080K)] 247740K->74188K(523776K), 0.0012631 secs] [Times: user=0.00 sys=0.00, real=0.00 secs] 
2018-03-19T13:01:27.673+0530: 3022.776: [GC (Allocation Failure) [PSYoungGen: 173664K->64K(174080K)] 247756K->74180K(523776K), 0.0014471 secs] [Times: user=0.00 sys=0.00, real=0.00 secs] 
2018-03-19T13:01:27.955+0530: 3023.058: [GC (Allocation Failure) [PSYoungGen: 173632K->96K(174080K)] 247748K->74244K(523776K), 0.0012782 secs] [Times: user=0.00 sys=0.00, real=0.00 secs] 
2018-03-19T13:01:28.244+0530: 3023.346: [GC (Allocation Failure) [PSYoungGen: 173664K->64K(174080K)] 247812K->74228K(523776K), 0.0014404 secs] [Times: user=0.00 sys=0.00, real=0.00 secs] 
2018-03-19T13:01:28.531+0530: 3023.635: [GC (Allocation Failure) [PSYoungGen: 173632K->96K(174080K)] 247796K->74292K(523776K), 0.0013262 secs] [Times: user=0.00 sys=0.00, real=0.00 secs] 
2018-03-19T13:01:28.809+0530: 3023.912: [GC (Allocation Failure) [PSYoungGen: 173664K->96K(174080K)] 247860K->74308K(523776K), 0.0011093 secs] [Times: user=0.00 sys=0.00, real=0.00 secs] 
2018-03-19T13:01:29.086+0530: 3024.189: [GC (Allocation Failure) [PSYoungGen: 173664K->64K(174080K)] 247876K->74308K(523776K), 0.0011753 secs] [Times: user=0.00 sys=0.02, real=0.00 secs] 
2018-03-19T13:01:29.378+0530: 3024.482: [GC (Allocation Failure) [PSYoungGen: 173632K->96K(174080K)] 247876K->74356K(523776K), 0.0012363 secs] [Times: user=0.00 sys=0.00, real=0.00 secs] 
2018-03-19T13:01:29.669+0530: 3024.772: [GC (Allocation Failure) [PSYoungGen: 173664K->96K(174080K)] 247924K->74380K(523776K), 0.0017141 secs] [Times: user=0.00 sys=0.00, real=0.00 secs] 
2018-03-19T13:01:29.951+0530: 3025.054: [GC (Allocation Failure) [PSYoungGen: 173664K->64K(174080K)] 247948K->74364K(523776K), 0.0013787 secs] [Times: user=0.00 sys=0.00, real=0.00 secs] 
2018-03-19T13:01:30.243+0530: 3025.347: [GC (Allocation Failure) [PSYoungGen: 173632K->96K(174080K)] 247932K->74420K(523776K), 0.0012056 secs] [Times: user=0.00 sys=0.00, real=0.00 secs] 
2018-03-19T13:01:30.546+0530: 3025.649: [GC (Allocation Failure) [PSYoungGen: 173664K->96K(174080K)] 247988K->74436K(523776K), 0.0017395 secs] [Times: user=0.00 sys=0.00, real=0.00 secs] 
2018-03-19T13:01:30.844+0530: 3025.947: [GC (Allocation Failure) [PSYoungGen: 173664K->128K(174080K)] 248004K->74492K(523776K), 0.0012860 secs] [Times: user=0.00 sys=0.00, real=0.00 secs] 
2018-03-19T13:01:31.163+0530: 3026.265: [GC (Allocation Failure) [PSYoungGen: 173696K->96K(174080K)] 248060K->74492K(523776K), 0.0014722 secs] [Times: user=0.00 sys=0.00, real=0.00 secs] 
2018-03-19T13:01:31.882+0530: 3026.984: [GC (Allocation Failure) [PSYoungGen: 173664K->96K(174080K)] 248060K->74516K(523776K), 0.0020565 secs] [Times: user=0.00 sys=0.00, real=0.00 secs] 
2018-03-19T13:01:32.244+0530: 3027.347: [GC (Allocation Failure) [PSYoungGen: 173664K->64K(174080K)] 248084K->74516K(523776K), 0.0012391 secs] [Times: user=0.00 sys=0.00, real=0.00 secs] 
2018-03-19T13:01:32.553+0530: 3027.656: [GC (Allocation Failure) [PSYoungGen: 173632K->96K(174080K)] 248084K->74564K(523776K), 0.0014274 secs] [Times: user=0.00 sys=0.00, real=0.00 secs] 
2018-03-19T13:01:32.855+0530: 3027.958: [GC (Allocation Failure) [PSYoungGen: 173664K->64K(174080K)] 248132K->74548K(523776K), 0.0014136 secs] [Times: user=0.00 sys=0.00, real=0.00 secs] 
2018-03-19T13:01:33.157+0530: 3028.260: [GC (Allocation Failure) [PSYoungGen: 173632K->96K(174080K)] 248116K->74612K(523776K), 0.0014143 secs] [Times: user=0.00 sys=0.00, real=0.00 secs] 
2018-03-19T13:01:33.466+0530: 3028.569: [GC (Allocation Failure) [PSYoungGen: 173664K->64K(174080K)] 248180K->74604K(523776K), 0.0014069 secs] [Times: user=0.00 sys=0.00, real=0.00 secs] 
2018-03-19T13:01:33.768+0530: 3028.870: [GC (Allocation Failure) [PSYoungGen: 173632K->96K(174080K)] 248172K->74660K(523776K), 0.0014013 secs] [Times: user=0.00 sys=0.00, real=0.00 secs] 
2018-03-19T13:01:34.068+0530: 3029.170: [GC (Allocation Failure) [PSYoungGen: 173664K->96K(174080K)] 248228K->74684K(523776K), 0.0013174 secs] [Times: user=0.00 sys=0.00, real=0.00 secs] 
2018-03-19T13:01:34.370+0530: 3029.472: [GC (Allocation Failure) [PSYoungGen: 173664K->32K(174080K)] 248252K->74644K(523776K), 0.0014295 secs] [Times: user=0.00 sys=0.00, real=0.00 secs] 
2018-03-19T13:01:34.665+0530: 3029.767: [GC (Allocation Failure) [PSYoungGen: 173600K->96K(174080K)] 248212K->74732K(523776K), 0.0012010 secs] [Times: user=0.01 sys=0.00, real=0.00 secs] 
2018-03-19T13:01:34.961+0530: 3030.064: [GC (Allocation Failure) [PSYoungGen: 173664K->96K(174080K)] 248300K->74756K(523776K), 0.0018456 secs] [Times: user=0.02 sys=0.00, real=0.00 secs] 
2018-03-19T13:01:35.446+0530: 3030.548: [GC (Allocation Failure) [PSYoungGen: 173664K->64K(174080K)] 248324K->74756K(523776K), 0.0014820 secs] [Times: user=0.01 sys=0.00, real=0.00 secs] 
2018-03-19T13:01:36.255+0530: 3031.358: [GC (Allocation Failure) [PSYoungGen: 173632K->64K(174080K)] 248324K->74772K(523776K), 0.0035974 secs] [Times: user=0.00 sys=0.00, real=0.00 secs] 
2018-03-19T13:01:36.836+0530: 3031.939: [GC (Allocation Failure) [PSYoungGen: 173632K->96K(174080K)] 248340K->74828K(523776K), 0.0015018 secs] [Times: user=0.06 sys=0.00, real=0.00 secs] 
2018-03-19T13:01:37.164+0530: 3032.267: [GC (Allocation Failure) [PSYoungGen: 173664K->64K(174080K)] 248396K->74828K(523776K), 0.0012948 secs] [Times: user=0.00 sys=0.00, real=0.00 secs] 
2018-03-19T13:01:37.501+0530: 3032.603: [GC (Allocation Failure) [PSYoungGen: 173632K->96K(174080K)] 248396K->74884K(523776K), 0.0013213 secs] [Times: user=0.00 sys=0.00, real=0.00 secs] 
2018-03-19T13:01:37.859+0530: 3032.962: [GC (Allocation Failure) [PSYoungGen: 173664K->96K(174080K)] 248452K->74916K(523776K), 0.0015311 secs] [Times: user=0.00 sys=0.00, real=0.00 secs] 
2018-03-19T13:01:38.180+0530: 3033.283: [GC (Allocation Failure) [PSYoungGen: 173664K->96K(174080K)] 248484K->74932K(523776K), 0.0015395 secs] [Times: user=0.01 sys=0.00, real=0.00 secs] 
2018-03-19T13:01:38.630+0530: 3033.733: [GC (Allocation Failure) [PSYoungGen: 173664K->64K(174080K)] 248500K->74924K(523776K), 0.0017550 secs] [Times: user=0.00 sys=0.00, real=0.00 secs] 
2018-03-19T13:01:39.036+0530: 3034.139: [GC (Allocation Failure) [PSYoungGen: 173632K->32K(174080K)] 248492K->74924K(523776K), 0.0014634 secs] [Times: user=0.00 sys=0.00, real=0.00 secs] 
2018-03-19T13:01:39.410+0530: 3034.513: [GC (Allocation Failure) [PSYoungGen: 173600K->64K(174080K)] 248492K->74972K(523776K), 0.0015374 secs] [Times: user=0.00 sys=0.00, real=0.00 secs] 
2018-03-19T13:01:39.774+0530: 3034.877: [GC (Allocation Failure) [PSYoungGen: 173632K->96K(174080K)] 248540K->75036K(523776K), 0.0013015 secs] [Times: user=0.00 sys=0.00, real=0.00 secs] 
2018-03-19T13:01:40.122+0530: 3035.225: [GC (Allocation Failure) [PSYoungGen: 173664K->96K(174080K)] 248604K->75068K(523776K), 0.0016305 secs] [Times: user=0.00 sys=0.00, real=0.00 secs] 
2018-03-19T13:01:40.464+0530: 3035.567: [GC (Allocation Failure) [PSYoungGen: 173664K->64K(174080K)] 248636K->75060K(523776K), 0.0014450 secs] [Times: user=0.00 sys=0.00, real=0.00 secs] 
2018-03-19T13:01:40.783+0530: 3035.886: [GC (Allocation Failure) [PSYoungGen: 173632K->96K(174080K)] 248628K->75108K(523776K), 0.0012349 secs] [Times: user=0.00 sys=0.00, real=0.00 secs] 
2018-03-19T13:01:41.085+0530: 3036.187: [GC (Allocation Failure) [PSYoungGen: 173664K->96K(174080K)] 248676K->75140K(523776K), 0.0013724 secs] [Times: user=0.00 sys=0.00, real=0.00 secs] 
2018-03-19T13:01:41.391+0530: 3036.494: [GC (Allocation Failure) [PSYoungGen: 173664K->96K(174080K)] 248708K->75172K(523776K), 0.0011834 secs] [Times: user=0.00 sys=0.00, real=0.00 secs] 
2018-03-19T13:01:41.689+0530: 3036.792: [GC (Allocation Failure) [PSYoungGen: 173664K->96K(174080K)] 248740K->75188K(523776K), 0.0012521 secs] [Times: user=0.00 sys=0.00, real=0.00 secs] 
2018-03-19T13:01:41.986+0530: 3037.089: [GC (Allocation Failure) [PSYoungGen: 173664K->96K(174080K)] 248756K->75212K(523776K), 0.0013749 secs] [Times: user=0.00 sys=0.00, real=0.00 secs] 
2018-03-19T13:01:42.287+0530: 3037.389: [GC (Allocation Failure) [PSYoungGen: 173664K->96K(174080K)] 248780K->75244K(523776K), 0.0012659 secs] [Times: user=0.00 sys=0.00, real=0.00 secs] 
2018-03-19T13:01:42.588+0530: 3037.690: [GC (Allocation Failure) [PSYoungGen: 173664K->96K(174080K)] 248812K->75276K(523776K), 0.0012990 secs] [Times: user=0.00 sys=0.00, real=0.00 secs] 
2018-03-19T13:01:42.883+0530: 3037.986: [GC (Allocation Failure) [PSYoungGen: 173664K->96K(174080K)] 248844K->75308K(523776K), 0.0012458 secs] [Times: user=0.02 sys=0.00, real=0.00 secs] 
2018-03-19T13:01:43.170+0530: 3038.273: [GC (Allocation Failure) [PSYoungGen: 173664K->96K(174080K)] 248876K->75332K(523776K), 0.0012112 secs] [Times: user=0.00 sys=0.00, real=0.00 secs] 
2018-03-19T13:01:43.471+0530: 3038.574: [GC (Allocation Failure) [PSYoungGen: 173664K->96K(174080K)] 248900K->75364K(523776K), 0.0012673 secs] [Times: user=0.00 sys=0.00, real=0.00 secs] 
2018-03-19T13:01:43.773+0530: 3038.875: [GC (Allocation Failure) [PSYoungGen: 173664K->32K(174080K)] 248932K->75324K(523776K), 0.0010998 secs] [Times: user=0.00 sys=0.00, real=0.00 secs] 
2018-03-19T13:01:44.053+0530: 3039.155: [GC (Allocation Failure) [PSYoungGen: 173600K->64K(174080K)] 248892K->75380K(523776K), 0.0013135 secs] [Times: user=0.00 sys=0.00, real=0.00 secs] 
2018-03-19T13:01:44.333+0530: 3039.435: [GC (Allocation Failure) [PSYoungGen: 173632K->96K(174080K)] 248948K->75436K(523776K), 0.0012493 secs] [Times: user=0.00 sys=0.00, real=0.00 secs] 
2018-03-19T13:01:44.623+0530: 3039.726: [GC (Allocation Failure) [PSYoungGen: 173664K->64K(174080K)] 249004K->75428K(523776K), 0.0014475 secs] [Times: user=0.00 sys=0.00, real=0.00 secs] 
2018-03-19T13:01:44.899+0530: 3040.003: [GC (Allocation Failure) [PSYoungGen: 173632K->96K(174080K)] 248996K->75484K(523776K), 0.0013533 secs] [Times: user=0.00 sys=0.00, real=0.00 secs] 
2018-03-19T13:01:45.193+0530: 3040.296: [GC (Allocation Failure) [PSYoungGen: 173664K->96K(174080K)] 249052K->75508K(523776K), 0.0014447 secs] [Times: user=0.00 sys=0.00, real=0.00 secs] 
2018-03-19T13:01:45.479+0530: 3040.582: [GC (Allocation Failure) [PSYoungGen: 173664K->96K(174080K)] 249076K->75540K(523776K), 0.0011502 secs] [Times: user=0.00 sys=0.00, real=0.00 secs] 
2018-03-19T13:01:45.756+0530: 3040.859: [GC (Allocation Failure) [PSYoungGen: 173664K->96K(174080K)] 249108K->75556K(523776K), 0.0014355 secs] [Times: user=0.00 sys=0.00, real=0.00 secs] 
2018-03-19T13:01:46.030+0530: 3041.133: [GC (Allocation Failure) [PSYoungGen: 173664K->96K(174080K)] 249124K->75588K(523776K), 0.0013142 secs] [Times: user=0.00 sys=0.00, real=0.00 secs] 
2018-03-19T13:01:46.308+0530: 3041.411: [GC (Allocation Failure) [PSYoungGen: 173664K->64K(174080K)] 249156K->75588K(523776K), 0.0012627 secs] [Times: user=0.00 sys=0.00, real=0.00 secs] 
2018-03-19T13:01:46.600+0530: 3041.703: [GC (Allocation Failure) [PSYoungGen: 173632K->64K(174080K)] 249156K->75612K(523776K), 0.0014838 secs] [Times: user=0.00 sys=0.00, real=0.00 secs] 
2018-03-19T13:01:46.891+0530: 3041.993: [GC (Allocation Failure) [PSYoungGen: 173632K->96K(174080K)] 249180K->75668K(523776K), 0.0011940 secs] [Times: user=0.00 sys=0.00, real=0.00 secs] 
2018-03-19T13:01:47.181+0530: 3042.284: [GC (Allocation Failure) [PSYoungGen: 173664K->96K(174080K)] 249236K->75700K(523776K), 0.0011449 secs] [Times: user=0.00 sys=0.00, real=0.00 secs] 
2018-03-19T13:01:47.468+0530: 3042.571: [GC (Allocation Failure) [PSYoungGen: 173664K->96K(174080K)] 249268K->75732K(523776K), 0.0011368 secs] [Times: user=0.00 sys=0.00, real=0.00 secs] 
2018-03-19T13:01:47.771+0530: 3042.874: [GC (Allocation Failure) [PSYoungGen: 173664K->96K(174080K)] 249300K->75764K(523776K), 0.0015208 secs] [Times: user=0.00 sys=0.00, real=0.00 secs] 
2018-03-19T13:01:48.047+0530: 3043.150: [GC (Allocation Failure) [PSYoungGen: 173664K->96K(174080K)] 249332K->75796K(523776K), 0.0012299 secs] [Times: user=0.00 sys=0.00, real=0.00 secs] 
2018-03-19T13:01:48.326+0530: 3043.429: [GC (Allocation Failure) [PSYoungGen: 173664K->96K(174080K)] 249364K->75820K(523776K), 0.0011287 secs] [Times: user=0.00 sys=0.00, real=0.00 secs] 
2018-03-19T13:01:48.619+0530: 3043.722: [GC (Allocation Failure) [PSYoungGen: 173664K->64K(174080K)] 249388K->75820K(523776K), 0.0011379 secs] [Times: user=0.00 sys=0.00, real=0.00 secs] 
2018-03-19T13:01:48.897+0530: 3044.000: [GC (Allocation Failure) [PSYoungGen: 173632K->96K(174080K)] 249388K->75876K(523776K), 0.0011347 secs] [Times: user=0.00 sys=0.00, real=0.00 secs] 
2018-03-19T13:01:49.171+0530: 3044.274: [GC (Allocation Failure) [PSYoungGen: 173664K->96K(174080K)] 249444K->75900K(523776K), 0.0013047 secs] [Times: user=0.00 sys=0.00, real=0.00 secs] 
2018-03-19T13:01:49.460+0530: 3044.563: [GC (Allocation Failure) [PSYoungGen: 173664K->64K(174080K)] 249468K->75892K(523776K), 0.0012617 secs] [Times: user=0.00 sys=0.00, real=0.00 secs] 
2018-03-19T13:01:49.737+0530: 3044.839: [GC (Allocation Failure) [PSYoungGen: 173632K->64K(174080K)] 249460K->75916K(523776K), 0.0012398 secs] [Times: user=0.00 sys=0.00, real=0.00 secs] 
2018-03-19T13:01:50.013+0530: 3045.116: [GC (Allocation Failure) [PSYoungGen: 173632K->96K(174080K)] 249484K->75972K(523776K), 0.0013325 secs] [Times: user=0.00 sys=0.00, real=0.00 secs] 
2018-03-19T13:01:50.300+0530: 3045.403: [GC (Allocation Failure) [PSYoungGen: 173664K->64K(174080K)] 249540K->75972K(523776K), 0.0011153 secs] [Times: user=0.00 sys=0.00, real=0.00 secs] 
2018-03-19T13:01:50.632+0530: 3045.735: [GC (Allocation Failure) [PSYoungGen: 173632K->64K(174080K)] 249540K->75996K(523776K), 0.0014129 secs] [Times: user=0.00 sys=0.00, real=0.00 secs] 
2018-03-19T13:01:50.912+0530: 3046.014: [GC (Allocation Failure) [PSYoungGen: 173632K->64K(174080K)] 249564K->76020K(523776K), 0.0012416 secs] [Times: user=0.00 sys=0.00, real=0.00 secs] 
2018-03-19T13:01:51.190+0530: 3046.293: [GC (Allocation Failure) [PSYoungGen: 173632K->64K(174080K)] 249588K->76052K(523776K), 0.0012620 secs] [Times: user=0.00 sys=0.00, real=0.00 secs] 
2018-03-19T13:01:51.479+0530: 3046.582: [GC (Allocation Failure) [PSYoungGen: 173632K->96K(174080K)] 249620K->76100K(523776K), 0.0011929 secs] [Times: user=0.00 sys=0.00, real=0.00 secs] 
2018-03-19T13:01:51.801+0530: 3046.904: [GC (Allocation Failure) [PSYoungGen: 173664K->96K(174080K)] 249668K->76124K(523776K), 0.0012320 secs] [Times: user=0.00 sys=0.00, real=0.00 secs] 
2018-03-19T13:01:52.081+0530: 3047.183: [GC (Allocation Failure) [PSYoungGen: 173664K->96K(174080K)] 249692K->76148K(523776K), 0.0011516 secs] [Times: user=0.00 sys=0.00, real=0.00 secs] 
2018-03-19T13:01:52.366+0530: 3047.469: [GC (Allocation Failure) [PSYoungGen: 173664K->96K(174080K)] 249716K->76180K(523776K), 0.0012543 secs] [Times: user=0.00 sys=0.00, real=0.00 secs] 
2018-03-19T13:01:52.643+0530: 3047.746: [GC (Allocation Failure) [PSYoungGen: 173664K->64K(174080K)] 249748K->76172K(523776K), 0.0011280 secs] [Times: user=0.00 sys=0.00, real=0.00 secs] 
2018-03-19T13:01:52.918+0530: 3048.021: [GC (Allocation Failure) [PSYoungGen: 173632K->96K(174080K)] 249740K->76228K(523776K), 0.0011210 secs] [Times: user=0.00 sys=0.00, real=0.00 secs] 
2018-03-19T13:01:53.194+0530: 3048.296: [GC (Allocation Failure) [PSYoungGen: 173664K->128K(174080K)] 249796K->76276K(523776K), 0.0014295 secs] [Times: user=0.00 sys=0.00, real=0.00 secs] 
2018-03-19T13:01:53.479+0530: 3048.582: [GC (Allocation Failure) [PSYoungGen: 173696K->128K(174080K)] 249844K->76300K(523776K), 0.0011686 secs] [Times: user=0.00 sys=0.00, real=0.00 secs] 
2018-03-19T13:01:53.757+0530: 3048.860: [GC (Allocation Failure) [PSYoungGen: 173696K->96K(174080K)] 249868K->76300K(523776K), 0.0012430 secs] [Times: user=0.00 sys=0.00, real=0.00 secs] 
2018-03-19T13:01:54.028+0530: 3049.130: [GC (Allocation Failure) [PSYoungGen: 173664K->64K(174080K)] 249868K->76300K(523776K), 0.0012433 secs] [Times: user=0.00 sys=0.00, real=0.00 secs] 
2018-03-19T13:01:54.304+0530: 3049.407: [GC (Allocation Failure) [PSYoungGen: 173632K->96K(174080K)] 249868K->76356K(523776K), 0.0013004 secs] [Times: user=0.00 sys=0.00, real=0.00 secs] 
2018-03-19T13:01:54.598+0530: 3049.700: [GC (Allocation Failure) [PSYoungGen: 173664K->96K(174080K)] 249924K->76388K(523776K), 0.0012010 secs] [Times: user=0.00 sys=0.00, real=0.00 secs] 
2018-03-19T13:01:54.874+0530: 3049.977: [GC (Allocation Failure) [PSYoungGen: 173664K->96K(174080K)] 249956K->76412K(523776K), 0.0012920 secs] [Times: user=0.00 sys=0.00, real=0.00 secs] 
2018-03-19T13:01:55.159+0530: 3050.262: [GC (Allocation Failure) [PSYoungGen: 173664K->96K(174080K)] 249980K->76436K(523776K), 0.0012553 secs] [Times: user=0.00 sys=0.00, real=0.00 secs] 
2018-03-19T13:01:55.448+0530: 3050.552: [GC (Allocation Failure) [PSYoungGen: 173664K->96K(174080K)] 250004K->76460K(523776K), 0.0015230 secs] [Times: user=0.00 sys=0.00, real=0.00 secs] 
2018-03-19T13:01:55.774+0530: 3050.877: [GC (Allocation Failure) [PSYoungGen: 173664K->96K(174080K)] 250028K->76492K(523776K), 0.0012045 secs] [Times: user=0.00 sys=0.00, real=0.00 secs] 
2018-03-19T13:01:56.051+0530: 3051.154: [GC (Allocation Failure) [PSYoungGen: 173664K->96K(174080K)] 250060K->76516K(523776K), 0.0012796 secs] [Times: user=0.00 sys=0.00, real=0.00 secs] 
2018-03-19T13:01:56.327+0530: 3051.430: [GC (Allocation Failure) [PSYoungGen: 173664K->64K(174080K)] 250084K->76516K(523776K), 0.0011100 secs] [Times: user=0.00 sys=0.00, real=0.00 secs] 
2018-03-19T13:01:56.613+0530: 3051.716: [GC (Allocation Failure) [PSYoungGen: 173632K->96K(174080K)] 250084K->76580K(523776K), 0.0011118 secs] [Times: user=0.00 sys=0.00, real=0.00 secs] 
2018-03-19T13:01:56.884+0530: 3051.987: [GC (Allocation Failure) [PSYoungGen: 173664K->96K(174080K)] 250148K->76612K(523776K), 0.0011167 secs] [Times: user=0.00 sys=0.00, real=0.00 secs] 
2018-03-19T13:01:57.163+0530: 3052.266: [GC (Allocation Failure) [PSYoungGen: 173664K->96K(174080K)] 250180K->76644K(523776K), 0.0012719 secs] [Times: user=0.00 sys=0.00, real=0.00 secs] 
2018-03-19T13:01:57.461+0530: 3052.564: [GC (Allocation Failure) [PSYoungGen: 173664K->96K(174080K)] 250212K->76668K(523776K), 0.0011065 secs] [Times: user=0.02 sys=0.00, real=0.00 secs] 
2018-03-19T13:01:57.741+0530: 3052.843: [GC (Allocation Failure) [PSYoungGen: 173664K->96K(174080K)] 250236K->76692K(523776K), 0.0011883 secs] [Times: user=0.00 sys=0.00, real=0.00 secs] 
2018-03-19T13:01:58.017+0530: 3053.120: [GC (Allocation Failure) [PSYoungGen: 173664K->96K(174080K)] 250260K->76716K(523776K), 0.0012035 secs] [Times: user=0.00 sys=0.00, real=0.00 secs] 
2018-03-19T13:01:58.293+0530: 3053.395: [GC (Allocation Failure) [PSYoungGen: 173664K->96K(174080K)] 250284K->76740K(523776K), 0.0011065 secs] [Times: user=0.00 sys=0.00, real=0.00 secs] 
2018-03-19T13:01:58.583+0530: 3053.686: [GC (Allocation Failure) [PSYoungGen: 173664K->96K(174080K)] 250308K->76764K(523776K), 0.0012934 secs] [Times: user=0.00 sys=0.00, real=0.00 secs] 
2018-03-19T13:01:58.860+0530: 3053.963: [GC (Allocation Failure) [PSYoungGen: 173664K->96K(174080K)] 250332K->76788K(523776K), 0.0011686 secs] [Times: user=0.00 sys=0.00, real=0.00 secs] 
2018-03-19T13:01:59.143+0530: 3054.245: [GC (Allocation Failure) [PSYoungGen: 173664K->96K(174080K)] 250356K->76820K(523776K), 0.0011224 secs] [Times: user=0.00 sys=0.00, real=0.00 secs] 
2018-03-19T13:01:59.433+0530: 3054.535: [GC (Allocation Failure) [PSYoungGen: 173664K->96K(174080K)] 250388K->76844K(523776K), 0.0013071 secs] [Times: user=0.00 sys=0.00, real=0.00 secs] 
2018-03-19T13:01:59.725+0530: 3054.828: [GC (Allocation Failure) [PSYoungGen: 173664K->64K(174080K)] 250412K->76836K(523776K), 0.0012179 secs] [Times: user=0.00 sys=0.00, real=0.00 secs] 
2018-03-19T13:02:00.005+0530: 3055.108: [GC (Allocation Failure) [PSYoungGen: 173632K->96K(174080K)] 250404K->76884K(523776K), 0.0017864 secs] [Times: user=0.00 sys=0.00, real=0.00 secs] 
2018-03-19T13:02:00.318+0530: 3055.421: [GC (Allocation Failure) [PSYoungGen: 173664K->96K(174080K)] 250452K->76916K(523776K), 0.0011732 secs] [Times: user=0.00 sys=0.00, real=0.00 secs] 
2018-03-19T13:02:00.612+0530: 3055.714: [GC (Allocation Failure) [PSYoungGen: 173664K->64K(174080K)] 250484K->76908K(523776K), 0.0012483 secs] [Times: user=0.00 sys=0.00, real=0.00 secs] 
2018-03-19T13:02:00.896+0530: 3055.999: [GC (Allocation Failure) [PSYoungGen: 173632K->96K(174080K)] 250476K->76964K(523776K), 0.0013283 secs] [Times: user=0.00 sys=0.00, real=0.00 secs] 
2018-03-19T13:02:01.170+0530: 3056.273: [GC (Allocation Failure) [PSYoungGen: 173664K->96K(174080K)] 250532K->76988K(523776K), 0.0011171 secs] [Times: user=0.00 sys=0.00, real=0.00 secs] 
2018-03-19T13:02:01.458+0530: 3056.562: [GC (Allocation Failure) [PSYoungGen: 173664K->64K(174080K)] 250556K->76988K(523776K), 0.0011294 secs] [Times: user=0.00 sys=0.00, real=0.00 secs] 
2018-03-19T13:02:01.739+0530: 3056.842: [GC (Allocation Failure) [PSYoungGen: 173632K->96K(174080K)] 250556K->77044K(523776K), 0.0012744 secs] [Times: user=0.00 sys=0.00, real=0.00 secs] 
2018-03-19T13:02:02.016+0530: 3057.119: [GC (Allocation Failure) [PSYoungGen: 173664K->96K(174080K)] 250612K->77060K(523776K), 0.0011809 secs] [Times: user=0.00 sys=0.00, real=0.00 secs] 
2018-03-19T13:02:02.291+0530: 3057.394: [GC (Allocation Failure) [PSYoungGen: 173664K->96K(174080K)] 250628K->77092K(523776K), 0.0011400 secs] [Times: user=0.00 sys=0.00, real=0.00 secs] 
2018-03-19T13:02:02.578+0530: 3057.681: [GC (Allocation Failure) [PSYoungGen: 173664K->96K(174080K)] 250660K->77108K(523776K), 0.0012941 secs] [Times: user=0.00 sys=0.00, real=0.00 secs] 
2018-03-19T13:02:02.881+0530: 3057.984: [GC (Allocation Failure) [PSYoungGen: 173664K->64K(174080K)] 250676K->77100K(523776K), 0.0012084 secs] [Times: user=0.00 sys=0.00, real=0.00 secs] 
2018-03-19T13:02:03.162+0530: 3058.265: [GC (Allocation Failure) [PSYoungGen: 173632K->96K(174080K)] 250668K->77148K(523776K), 0.0012366 secs] [Times: user=0.00 sys=0.00, real=0.00 secs] 
2018-03-19T13:02:03.449+0530: 3058.552: [GC (Allocation Failure) [PSYoungGen: 173664K->96K(174080K)] 250716K->77172K(523776K), 0.0013050 secs] [Times: user=0.00 sys=0.00, real=0.00 secs] 
2018-03-19T13:02:03.761+0530: 3058.864: [GC (Allocation Failure) [PSYoungGen: 173664K->96K(174080K)] 250740K->77196K(523776K), 0.0011806 secs] [Times: user=0.00 sys=0.00, real=0.00 secs] 
2018-03-19T13:02:04.038+0530: 3059.141: [GC (Allocation Failure) [PSYoungGen: 173664K->96K(174080K)] 250764K->77220K(523776K), 0.0011982 secs] [Times: user=0.00 sys=0.00, real=0.00 secs] 
2018-03-19T13:02:04.316+0530: 3059.419: [GC (Allocation Failure) [PSYoungGen: 173664K->96K(174080K)] 250788K->77244K(523776K), 0.0013971 secs] [Times: user=0.00 sys=0.00, real=0.00 secs] 
2018-03-19T13:02:04.602+0530: 3059.705: [GC (Allocation Failure) [PSYoungGen: 173664K->96K(174080K)] 250812K->77268K(523776K), 0.0011957 secs] [Times: user=0.02 sys=0.00, real=0.00 secs] 
2018-03-19T13:02:04.879+0530: 3059.982: [GC (Allocation Failure) [PSYoungGen: 173664K->96K(174080K)] 250836K->77284K(523776K), 0.0012645 secs] [Times: user=0.00 sys=0.00, real=0.00 secs] 
2018-03-19T13:02:05.176+0530: 3060.278: [GC (Allocation Failure) [PSYoungGen: 173664K->96K(174080K)] 250852K->77316K(523776K), 0.0012846 secs] [Times: user=0.00 sys=0.00, real=0.00 secs] 
2018-03-19T13:02:05.479+0530: 3060.582: [GC (Allocation Failure) [PSYoungGen: 173664K->64K(174080K)] 250884K->77308K(523776K), 0.0011784 secs] [Times: user=0.00 sys=0.00, real=0.00 secs] 
2018-03-19T13:02:05.762+0530: 3060.865: [GC (Allocation Failure) [PSYoungGen: 173632K->96K(174080K)] 250876K->77364K(523776K), 0.0014076 secs] [Times: user=0.00 sys=0.00, real=0.00 secs] 
2018-03-19T13:02:06.041+0530: 3061.144: [GC (Allocation Failure) [PSYoungGen: 173664K->96K(174080K)] 250932K->77396K(523776K), 0.0011263 secs] [Times: user=0.00 sys=0.00, real=0.00 secs] 
2018-03-19T13:02:06.322+0530: 3061.425: [GC (Allocation Failure) [PSYoungGen: 173664K->96K(174080K)] 250964K->77420K(523776K), 0.0014055 secs] [Times: user=0.00 sys=0.00, real=0.00 secs] 
2018-03-19T13:02:06.607+0530: 3061.709: [GC (Allocation Failure) [PSYoungGen: 173664K->96K(174080K)] 250988K->77444K(523776K), 0.0013562 secs] [Times: user=0.00 sys=0.00, real=0.00 secs] 
2018-03-19T13:02:06.884+0530: 3061.987: [GC (Allocation Failure) [PSYoungGen: 173664K->96K(174080K)] 251012K->77460K(523776K), 0.0011397 secs] [Times: user=0.03 sys=0.03, real=0.00 secs] 
2018-03-19T13:02:07.158+0530: 3062.261: [GC (Allocation Failure) [PSYoungGen: 173664K->96K(174080K)] 251028K->77492K(523776K), 0.0011118 secs] [Times: user=0.00 sys=0.00, real=0.00 secs] 
2018-03-19T13:02:07.444+0530: 3062.547: [GC (Allocation Failure) [PSYoungGen: 173664K->96K(174080K)] 251060K->77524K(523776K), 0.0012659 secs] [Times: user=0.00 sys=0.00, real=0.00 secs] 
2018-03-19T13:02:07.774+0530: 3062.877: [GC (Allocation Failure) [PSYoungGen: 173664K->64K(174080K)] 251092K->77532K(523776K), 0.0013449 secs] [Times: user=0.00 sys=0.00, real=0.00 secs] 
2018-03-19T13:02:08.051+0530: 3063.153: [GC (Allocation Failure) [PSYoungGen: 173632K->96K(174080K)] 251100K->77580K(523776K), 0.0013265 secs] [Times: user=0.00 sys=0.00, real=0.00 secs] 
2018-03-19T13:02:08.336+0530: 3063.438: [GC (Allocation Failure) [PSYoungGen: 173664K->96K(174080K)] 251148K->77596K(523776K), 0.0012543 secs] [Times: user=0.00 sys=0.00, real=0.00 secs] 
2018-03-19T13:02:08.629+0530: 3063.732: [GC (Allocation Failure) [PSYoungGen: 173664K->64K(174080K)] 251164K->77596K(523776K), 0.0012916 secs] [Times: user=0.00 sys=0.00, real=0.00 secs] 
2018-03-19T13:02:08.909+0530: 3064.012: [GC (Allocation Failure) [PSYoungGen: 173632K->96K(174080K)] 251164K->77644K(523776K), 0.0013791 secs] [Times: user=0.00 sys=0.00, real=0.00 secs] 
2018-03-19T13:02:09.186+0530: 3064.289: [GC (Allocation Failure) [PSYoungGen: 173664K->64K(174080K)] 251212K->77636K(523776K), 0.0012067 secs] [Times: user=0.00 sys=0.00, real=0.00 secs] 
2018-03-19T13:02:09.476+0530: 3064.579: [GC (Allocation Failure) [PSYoungGen: 173632K->96K(174080K)] 251204K->77700K(523776K), 0.0011234 secs] [Times: user=0.00 sys=0.00, real=0.00 secs] 
2018-03-19T13:02:09.757+0530: 3064.860: [GC (Allocation Failure) [PSYoungGen: 173664K->32K(174080K)] 251268K->77660K(523776K), 0.0011206 secs] [Times: user=0.00 sys=0.00, real=0.00 secs] 
2018-03-19T13:02:10.035+0530: 3065.138: [GC (Allocation Failure) [PSYoungGen: 173600K->32K(174080K)] 251228K->77684K(523776K), 0.0011330 secs] [Times: user=0.00 sys=0.00, real=0.00 secs] 
2018-03-19T13:02:10.361+0530: 3065.464: [GC (Allocation Failure) [PSYoungGen: 173600K->64K(174080K)] 251252K->77732K(523776K), 0.0015212 secs] [Times: user=0.00 sys=0.00, real=0.00 secs] 
2018-03-19T13:02:10.696+0530: 3065.799: [GC (Allocation Failure) [PSYoungGen: 173632K->96K(174080K)] 251300K->77788K(523776K), 0.0011629 secs] [Times: user=0.00 sys=0.00, real=0.00 secs] 
2018-03-19T13:02:10.976+0530: 3066.078: [GC (Allocation Failure) [PSYoungGen: 173664K->64K(174080K)] 251356K->77772K(523776K), 0.0012610 secs] [Times: user=0.00 sys=0.00, real=0.00 secs] 
2018-03-19T13:02:11.254+0530: 3066.358: [GC (Allocation Failure) [PSYoungGen: 173632K->96K(174080K)] 251340K->77828K(523776K), 0.0011894 secs] [Times: user=0.00 sys=0.00, real=0.00 secs] 
2018-03-19T13:02:11.540+0530: 3066.643: [GC (Allocation Failure) [PSYoungGen: 173664K->96K(174080K)] 251396K->77860K(523776K), 0.0011305 secs] [Times: user=0.00 sys=0.00, real=0.00 secs] 
2018-03-19T13:02:11.837+0530: 3066.940: [GC (Allocation Failure) [PSYoungGen: 173664K->96K(174080K)] 251428K->77884K(523776K), 0.0010582 secs] [Times: user=0.00 sys=0.00, real=0.00 secs] 
2018-03-19T13:02:12.135+0530: 3067.238: [GC (Allocation Failure) [PSYoungGen: 173664K->96K(174080K)] 251452K->77908K(523776K), 0.0011344 secs] [Times: user=0.00 sys=0.00, real=0.00 secs] 
2018-03-19T13:02:12.422+0530: 3067.525: [GC (Allocation Failure) [PSYoungGen: 173664K->64K(174080K)] 251476K->77908K(523776K), 0.0013079 secs] [Times: user=0.00 sys=0.00, real=0.00 secs] 
2018-03-19T13:02:12.698+0530: 3067.801: [GC (Allocation Failure) [PSYoungGen: 173632K->96K(174080K)] 251476K->77964K(523776K), 0.0012694 secs] [Times: user=0.00 sys=0.00, real=0.00 secs] 
2018-03-19T13:02:12.974+0530: 3068.077: [GC (Allocation Failure) [PSYoungGen: 173664K->96K(174080K)] 251532K->77980K(523776K), 0.0013861 secs] [Times: user=0.00 sys=0.00, real=0.00 secs] 
2018-03-19T13:02:13.271+0530: 3068.374: [GC (Allocation Failure) [PSYoungGen: 173664K->96K(174080K)] 251548K->78012K(523776K), 0.0012754 secs] [Times: user=0.00 sys=0.00, real=0.00 secs] 
2018-03-19T13:02:13.564+0530: 3068.667: [GC (Allocation Failure) [PSYoungGen: 173664K->96K(174080K)] 251580K->78028K(523776K), 0.0011400 secs] [Times: user=0.00 sys=0.00, real=0.00 secs] 
2018-03-19T13:02:13.841+0530: 3068.944: [GC (Allocation Failure) [PSYoungGen: 173664K->64K(174080K)] 251596K->78028K(523776K), 0.0014313 secs] [Times: user=0.00 sys=0.00, real=0.00 secs] 
2018-03-19T13:02:14.133+0530: 3069.236: [GC (Allocation Failure) [PSYoungGen: 173632K->64K(174080K)] 251596K->78060K(523776K), 0.0012821 secs] [Times: user=0.00 sys=0.00, real=0.00 secs] 
2018-03-19T13:02:14.419+0530: 3069.522: [GC (Allocation Failure) [PSYoungGen: 173632K->96K(174080K)] 251628K->78116K(523776K), 0.0011975 secs] [Times: user=0.00 sys=0.00, real=0.00 secs] 
2018-03-19T13:02:14.696+0530: 3069.798: [GC (Allocation Failure) [PSYoungGen: 173664K->96K(174080K)] 251684K->78148K(523776K), 0.0012000 secs] [Times: user=0.00 sys=0.00, real=0.00 secs] 
2018-03-19T13:02:15.013+0530: 3070.116: [GC (Allocation Failure) [PSYoungGen: 173664K->64K(174080K)] 251716K->78148K(523776K), 0.0013488 secs] [Times: user=0.00 sys=0.00, real=0.00 secs] 
2018-03-19T13:02:15.306+0530: 3070.408: [GC (Allocation Failure) [PSYoungGen: 173632K->96K(174080K)] 251716K->78204K(523776K), 0.0012490 secs] [Times: user=0.00 sys=0.00, real=0.00 secs] 
2018-03-19T13:02:15.602+0530: 3070.704: [GC (Allocation Failure) [PSYoungGen: 173664K->96K(174080K)] 251772K->78228K(523776K), 0.0016767 secs] [Times: user=0.05 sys=0.00, real=0.00 secs] 
2018-03-19T13:02:15.913+0530: 3071.016: [GC (Allocation Failure) [PSYoungGen: 173664K->96K(174080K)] 251796K->78252K(523776K), 0.0012236 secs] [Times: user=0.00 sys=0.00, real=0.00 secs] 
2018-03-19T13:02:16.189+0530: 3071.292: [GC (Allocation Failure) [PSYoungGen: 173664K->96K(174080K)] 251820K->78284K(523776K), 0.0013033 secs] [Times: user=0.00 sys=0.00, real=0.00 secs] 
2018-03-19T13:02:16.476+0530: 3071.579: [GC (Allocation Failure) [PSYoungGen: 173664K->96K(174080K)] 251852K->78316K(523776K), 0.0011485 secs] [Times: user=0.00 sys=0.00, real=0.00 secs] 
2018-03-19T13:02:16.780+0530: 3071.882: [GC (Allocation Failure) [PSYoungGen: 173664K->64K(174080K)] 251884K->78308K(523776K), 0.0012119 secs] [Times: user=0.00 sys=0.00, real=0.00 secs] 
2018-03-19T13:02:17.063+0530: 3072.166: [GC (Allocation Failure) [PSYoungGen: 173632K->96K(174080K)] 251876K->78364K(523776K), 0.0012218 secs] [Times: user=0.00 sys=0.00, real=0.00 secs] 
2018-03-19T13:02:17.346+0530: 3072.448: [GC (Allocation Failure) [PSYoungGen: 173664K->64K(174080K)] 251932K->78348K(523776K), 0.0013787 secs] [Times: user=0.00 sys=0.00, real=0.00 secs] 
2018-03-19T13:02:17.637+0530: 3072.739: [GC (Allocation Failure) [PSYoungGen: 173632K->96K(174080K)] 251916K->78404K(523776K), 0.0011605 secs] [Times: user=0.00 sys=0.00, real=0.00 secs] 
2018-03-19T13:02:17.922+0530: 3073.025: [GC (Allocation Failure) [PSYoungGen: 173664K->96K(174080K)] 251972K->78428K(523776K), 0.0013223 secs] [Times: user=0.00 sys=0.00, real=0.00 secs] 
2018-03-19T13:02:18.220+0530: 3073.322: [GC (Allocation Failure) [PSYoungGen: 173664K->96K(174080K)] 251996K->78452K(523776K), 0.0012698 secs] [Times: user=0.00 sys=0.00, real=0.00 secs] 
2018-03-19T13:02:18.519+0530: 3073.622: [GC (Allocation Failure) [PSYoungGen: 173664K->96K(174080K)] 252020K->78476K(523776K), 0.0011777 secs] [Times: user=0.00 sys=0.00, real=0.00 secs] 
2018-03-19T13:02:18.805+0530: 3073.908: [GC (Allocation Failure) [PSYoungGen: 173664K->96K(174080K)] 252044K->78500K(523776K), 0.0012881 secs] [Times: user=0.00 sys=0.00, real=0.00 secs] 
2018-03-19T13:02:19.085+0530: 3074.187: [GC (Allocation Failure) [PSYoungGen: 173664K->64K(174080K)] 252068K->78492K(523776K), 0.0011323 secs] [Times: user=0.00 sys=0.00, real=0.00 secs] 
2018-03-19T13:02:19.367+0530: 3074.469: [GC (Allocation Failure) [PSYoungGen: 173632K->64K(174080K)] 252060K->78516K(523776K), 0.0013488 secs] [Times: user=0.00 sys=0.00, real=0.00 secs] 
2018-03-19T13:02:19.669+0530: 3074.772: [GC (Allocation Failure) [PSYoungGen: 173632K->64K(174080K)] 252084K->78540K(523776K), 0.0015342 secs] [Times: user=0.00 sys=0.00, real=0.00 secs] 
2018-03-19T13:02:19.955+0530: 3075.058: [GC (Allocation Failure) [PSYoungGen: 173632K->96K(174080K)] 252108K->78596K(523776K), 0.0011499 secs] [Times: user=0.00 sys=0.00, real=0.00 secs] 
2018-03-19T13:02:20.231+0530: 3075.334: [GC (Allocation Failure) [PSYoungGen: 173664K->96K(174080K)] 252164K->78620K(523776K), 0.0012832 secs] [Times: user=0.00 sys=0.00, real=0.00 secs] 
2018-03-19T13:02:20.544+0530: 3075.647: [GC (Allocation Failure) [PSYoungGen: 173664K->96K(174080K)] 252188K->78644K(523776K), 0.0012116 secs] [Times: user=0.00 sys=0.00, real=0.00 secs] 
2018-03-19T13:02:20.828+0530: 3075.930: [GC (Allocation Failure) [PSYoungGen: 173664K->96K(174080K)] 252212K->78676K(523776K), 0.0012800 secs] [Times: user=0.00 sys=0.00, real=0.00 secs] 
2018-03-19T13:02:21.102+0530: 3076.205: [GC (Allocation Failure) [PSYoungGen: 173664K->96K(174080K)] 252244K->78708K(523776K), 0.0012701 secs] [Times: user=0.06 sys=0.00, real=0.00 secs] 
2018-03-19T13:02:21.392+0530: 3076.495: [GC (Allocation Failure) [PSYoungGen: 173664K->64K(174080K)] 252276K->78700K(523776K), 0.0011982 secs] [Times: user=0.00 sys=0.00, real=0.00 secs] 
2018-03-19T13:02:21.675+0530: 3076.777: [GC (Allocation Failure) [PSYoungGen: 173632K->128K(174080K)] 252268K->78788K(523776K), 0.0011524 secs] [Times: user=0.00 sys=0.00, real=0.00 secs] 
2018-03-19T13:02:21.954+0530: 3077.057: [GC (Allocation Failure) [PSYoungGen: 173696K->96K(174080K)] 252356K->78780K(523776K), 0.0012567 secs] [Times: user=0.00 sys=0.00, real=0.00 secs] 
2018-03-19T13:02:22.233+0530: 3077.336: [GC (Allocation Failure) [PSYoungGen: 173664K->96K(174080K)] 252348K->78796K(523776K), 0.0012574 secs] [Times: user=0.00 sys=0.00, real=0.00 secs] 
2018-03-19T13:02:22.522+0530: 3077.625: [GC (Allocation Failure) [PSYoungGen: 173664K->64K(174080K)] 252364K->78780K(523776K), 0.0015882 secs] [Times: user=0.00 sys=0.00, real=0.00 secs] 
2018-03-19T13:02:22.802+0530: 3077.905: [GC (Allocation Failure) [PSYoungGen: 173632K->64K(174080K)] 252348K->78804K(523776K), 0.0012222 secs] [Times: user=0.00 sys=0.00, real=0.00 secs] 
2018-03-19T13:02:23.081+0530: 3078.183: [GC (Allocation Failure) [PSYoungGen: 173632K->64K(174080K)] 252372K->78836K(523776K), 0.0011756 secs] [Times: user=0.00 sys=0.00, real=0.00 secs] 
2018-03-19T13:02:23.362+0530: 3078.464: [GC (Allocation Failure) [PSYoungGen: 173632K->96K(174080K)] 252404K->78892K(523776K), 0.0014002 secs] [Times: user=0.00 sys=0.00, real=0.00 secs] 
2018-03-19T13:02:23.654+0530: 3078.757: [GC (Allocation Failure) [PSYoungGen: 173664K->96K(174080K)] 252460K->78908K(523776K), 0.0015007 secs] [Times: user=0.00 sys=0.00, real=0.00 secs] 
2018-03-19T13:02:23.939+0530: 3079.042: [GC (Allocation Failure) [PSYoungGen: 173664K->96K(174080K)] 252476K->78932K(523776K), 0.0011273 secs] [Times: user=0.00 sys=0.00, real=0.00 secs] 
2018-03-19T13:02:24.215+0530: 3079.318: [GC (Allocation Failure) [PSYoungGen: 173664K->64K(174080K)] 252500K->78916K(523776K), 0.0017257 secs] [Times: user=0.00 sys=0.00, real=0.00 secs] 
2018-03-19T13:02:24.507+0530: 3079.610: [GC (Allocation Failure) [PSYoungGen: 173632K->96K(174080K)] 252484K->78972K(523776K), 0.0012130 secs] [Times: user=0.00 sys=0.00, real=0.00 secs] 
2018-03-19T13:02:24.783+0530: 3079.886: [GC (Allocation Failure) [PSYoungGen: 173664K->32K(174080K)] 252540K->78932K(523776K), 0.0012839 secs] [Times: user=0.00 sys=0.00, real=0.00 secs] 
2018-03-19T13:02:25.061+0530: 3080.165: [GC (Allocation Failure) [PSYoungGen: 173600K->96K(174080K)] 252500K->79020K(523776K), 0.0012885 secs] [Times: user=0.00 sys=0.00, real=0.00 secs] 
2018-03-19T13:02:25.350+0530: 3080.453: [GC (Allocation Failure) [PSYoungGen: 173664K->64K(174080K)] 252588K->79012K(523776K), 0.0015374 secs] [Times: user=0.00 sys=0.00, real=0.00 secs] 
2018-03-19T13:02:25.639+0530: 3080.741: [GC (Allocation Failure) [PSYoungGen: 173632K->96K(174080K)] 252580K->79068K(523776K), 0.0012955 secs] [Times: user=0.00 sys=0.00, real=0.00 secs] 
2018-03-19T13:02:25.913+0530: 3081.017: [GC (Allocation Failure) [PSYoungGen: 173664K->96K(174080K)] 252636K->79100K(523776K), 0.0011326 secs] [Times: user=0.00 sys=0.03, real=0.00 secs] 
2018-03-19T13:02:26.192+0530: 3081.295: [GC (Allocation Failure) [PSYoungGen: 173664K->96K(174080K)] 252668K->79124K(523776K), 0.0014115 secs] [Times: user=0.00 sys=0.00, real=0.00 secs] 
2018-03-19T13:02:26.479+0530: 3081.582: [GC (Allocation Failure) [PSYoungGen: 173664K->96K(174080K)] 252692K->79156K(523776K), 0.0011273 secs] [Times: user=0.00 sys=0.00, real=0.00 secs] 
2018-03-19T13:02:26.757+0530: 3081.861: [GC (Allocation Failure) [PSYoungGen: 173664K->96K(174080K)] 252724K->79188K(523776K), 0.0012472 secs] [Times: user=0.00 sys=0.00, real=0.00 secs] 
2018-03-19T13:02:27.033+0530: 3082.136: [GC (Allocation Failure) [PSYoungGen: 173664K->96K(174080K)] 252756K->79212K(523776K), 0.0012409 secs] [Times: user=0.00 sys=0.00, real=0.00 secs] 
2018-03-19T13:02:27.310+0530: 3082.413: [GC (Allocation Failure) [PSYoungGen: 173664K->96K(174080K)] 252780K->79244K(523776K), 0.0011139 secs] [Times: user=0.00 sys=0.00, real=0.00 secs] 
2018-03-19T13:02:27.601+0530: 3082.704: [GC (Allocation Failure) [PSYoungGen: 173664K->128K(174080K)] 252812K->79300K(523776K), 0.0015029 secs] [Times: user=0.02 sys=0.00, real=0.00 secs] 
2018-03-19T13:02:27.896+0530: 3082.999: [GC (Allocation Failure) [PSYoungGen: 173696K->64K(174080K)] 252868K->79260K(523776K), 0.0011464 secs] [Times: user=0.00 sys=0.00, real=0.00 secs] 
2018-03-19T13:02:28.176+0530: 3083.278: [GC (Allocation Failure) [PSYoungGen: 173632K->96K(174080K)] 252828K->79316K(523776K), 0.0011467 secs] [Times: user=0.00 sys=0.00, real=0.00 secs] 
2018-03-19T13:02:28.460+0530: 3083.563: [GC (Allocation Failure) [PSYoungGen: 173664K->96K(174080K)] 252884K->79340K(523776K), 0.0011213 secs] [Times: user=0.00 sys=0.00, real=0.00 secs] 
2018-03-19T13:02:28.736+0530: 3083.839: [GC (Allocation Failure) [PSYoungGen: 173664K->96K(174080K)] 252908K->79356K(523776K), 0.0013325 secs] [Times: user=0.00 sys=0.00, real=0.00 secs] 
2018-03-19T13:02:29.012+0530: 3084.115: [GC (Allocation Failure) [PSYoungGen: 173664K->96K(174080K)] 252924K->79380K(523776K), 0.0011594 secs] [Times: user=0.00 sys=0.00, real=0.00 secs] 
2018-03-19T13:02:29.291+0530: 3084.393: [GC (Allocation Failure) [PSYoungGen: 173664K->96K(174080K)] 252948K->79404K(523776K), 0.0012825 secs] [Times: user=0.00 sys=0.00, real=0.00 secs] 
2018-03-19T13:02:29.579+0530: 3084.682: [GC (Allocation Failure) [PSYoungGen: 173664K->96K(174080K)] 252972K->79420K(523776K), 0.0010737 secs] [Times: user=0.00 sys=0.00, real=0.00 secs] 
2018-03-19T13:02:29.857+0530: 3084.960: [GC (Allocation Failure) [PSYoungGen: 173664K->96K(174080K)] 252988K->79452K(523776K), 0.0011982 secs] [Times: user=0.00 sys=0.00, real=0.00 secs] 
2018-03-19T13:02:30.134+0530: 3085.237: [GC (Allocation Failure) [PSYoungGen: 173664K->128K(174080K)] 253020K->79508K(523776K), 0.0011890 secs] [Times: user=0.00 sys=0.00, real=0.00 secs] 
2018-03-19T13:02:30.426+0530: 3085.528: [GC (Allocation Failure) [PSYoungGen: 173696K->96K(174080K)] 253076K->79500K(523776K), 0.0013667 secs] [Times: user=0.00 sys=0.00, real=0.00 secs] 
2018-03-19T13:02:30.727+0530: 3085.829: [GC (Allocation Failure) [PSYoungGen: 173664K->96K(174080K)] 253068K->79516K(523776K), 0.0013251 secs] [Times: user=0.00 sys=0.00, real=0.00 secs] 
2018-03-19T13:02:31.003+0530: 3086.106: [GC (Allocation Failure) [PSYoungGen: 173664K->64K(174080K)] 253084K->79508K(523776K), 0.0013209 secs] [Times: user=0.00 sys=0.00, real=0.00 secs] 
2018-03-19T13:02:31.279+0530: 3086.382: [GC (Allocation Failure) [PSYoungGen: 173632K->96K(174080K)] 253076K->79556K(523776K), 0.0013329 secs] [Times: user=0.00 sys=0.00, real=0.00 secs] 
2018-03-19T13:02:31.569+0530: 3086.672: [GC (Allocation Failure) [PSYoungGen: 173664K->96K(174080K)] 253124K->79580K(523776K), 0.0012134 secs] [Times: user=0.00 sys=0.00, real=0.00 secs] 
2018-03-19T13:02:31.866+0530: 3086.969: [GC (Allocation Failure) [PSYoungGen: 173664K->32K(174080K)] 253148K->79540K(523776K), 0.0011784 secs] [Times: user=0.00 sys=0.00, real=0.00 secs] 
2018-03-19T13:02:32.143+0530: 3087.246: [GC (Allocation Failure) [PSYoungGen: 173600K->96K(174080K)] 253108K->79628K(523776K), 0.0011432 secs] [Times: user=0.00 sys=0.00, real=0.00 secs] 
2018-03-19T13:02:32.428+0530: 3087.531: [GC (Allocation Failure) [PSYoungGen: 173664K->96K(174080K)] 253196K->79652K(523776K), 0.0012578 secs] [Times: user=0.00 sys=0.00, real=0.00 secs] 
2018-03-19T13:02:32.705+0530: 3087.807: [GC (Allocation Failure) [PSYoungGen: 173664K->96K(174080K)] 253220K->79668K(523776K), 0.0012599 secs] [Times: user=0.00 sys=0.00, real=0.00 secs] 
2018-03-19T13:02:32.982+0530: 3088.084: [GC (Allocation Failure) [PSYoungGen: 173664K->96K(174080K)] 253236K->79700K(523776K), 0.0011368 secs] [Times: user=0.00 sys=0.00, real=0.00 secs] 
2018-03-19T13:02:33.257+0530: 3088.359: [GC (Allocation Failure) [PSYoungGen: 173664K->96K(174080K)] 253268K->79724K(523776K), 0.0012007 secs] [Times: user=0.00 sys=0.00, real=0.00 secs] 
2018-03-19T13:02:33.543+0530: 3088.645: [GC (Allocation Failure) [PSYoungGen: 173664K->96K(174080K)] 253292K->79748K(523776K), 0.0014496 secs] [Times: user=0.00 sys=0.00, real=0.00 secs] 
2018-03-19T13:02:33.819+0530: 3088.921: [GC (Allocation Failure) [PSYoungGen: 173664K->64K(174080K)] 253316K->79740K(523776K), 0.0013153 secs] [Times: user=0.00 sys=0.00, real=0.00 secs] 
2018-03-19T13:02:34.094+0530: 3089.197: [GC (Allocation Failure) [PSYoungGen: 173632K->128K(174080K)] 253308K->79820K(523776K), 0.0012592 secs] [Times: user=0.00 sys=0.00, real=0.00 secs] 
2018-03-19T13:02:34.378+0530: 3089.481: [GC (Allocation Failure) [PSYoungGen: 173696K->96K(174080K)] 253388K->79812K(523776K), 0.0012588 secs] [Times: user=0.00 sys=0.00, real=0.00 secs] 
2018-03-19T13:02:34.658+0530: 3089.761: [GC (Allocation Failure) [PSYoungGen: 173664K->96K(174080K)] 253380K->79836K(523776K), 0.0013167 secs] [Times: user=0.00 sys=0.00, real=0.00 secs] 
2018-03-19T13:02:34.934+0530: 3090.036: [GC (Allocation Failure) [PSYoungGen: 173664K->64K(174080K)] 253404K->79828K(523776K), 0.0013343 secs] [Times: user=0.00 sys=0.00, real=0.00 secs] 
2018-03-19T13:02:35.213+0530: 3090.316: [GC (Allocation Failure) [PSYoungGen: 173632K->96K(174080K)] 253396K->79884K(523776K), 0.0011562 secs] [Times: user=0.00 sys=0.00, real=0.00 secs] 
2018-03-19T13:02:35.507+0530: 3090.611: [GC (Allocation Failure) [PSYoungGen: 173664K->96K(174080K)] 253452K->79900K(523776K), 0.0012705 secs] [Times: user=0.02 sys=0.00, real=0.00 secs] 
2018-03-19T13:02:35.801+0530: 3090.904: [GC (Allocation Failure) [PSYoungGen: 173664K->96K(174080K)] 253468K->79932K(523776K), 0.0013075 secs] [Times: user=0.00 sys=0.00, real=0.00 secs] 
2018-03-19T13:02:36.080+0530: 3091.183: [GC (Allocation Failure) [PSYoungGen: 173664K->96K(174080K)] 253500K->79956K(523776K), 0.0013163 secs] [Times: user=0.00 sys=0.00, real=0.00 secs] 
2018-03-19T13:02:36.365+0530: 3091.468: [GC (Allocation Failure) [PSYoungGen: 173664K->96K(174080K)] 253524K->79980K(523776K), 0.0013466 secs] [Times: user=0.00 sys=0.00, real=0.00 secs] 
2018-03-19T13:02:36.644+0530: 3091.747: [GC (Allocation Failure) [PSYoungGen: 173664K->96K(174080K)] 253548K->80004K(523776K), 0.0013265 secs] [Times: user=0.00 sys=0.00, real=0.00 secs] 
2018-03-19T13:02:36.920+0530: 3092.023: [GC (Allocation Failure) [PSYoungGen: 173664K->96K(174080K)] 253572K->80028K(523776K), 0.0011340 secs] [Times: user=0.00 sys=0.00, real=0.00 secs] 
2018-03-19T13:02:37.200+0530: 3092.302: [GC (Allocation Failure) [PSYoungGen: 173664K->96K(174080K)] 253596K->80052K(523776K), 0.0013484 secs] [Times: user=0.00 sys=0.00, real=0.00 secs] 
2018-03-19T13:02:37.487+0530: 3092.589: [GC (Allocation Failure) [PSYoungGen: 173664K->64K(174080K)] 253620K->80044K(523776K), 0.0013297 secs] [Times: user=0.00 sys=0.00, real=0.00 secs] 
2018-03-19T13:02:37.771+0530: 3092.873: [GC (Allocation Failure) [PSYoungGen: 173632K->64K(174080K)] 253612K->80076K(523776K), 0.0011312 secs] [Times: user=0.00 sys=0.00, real=0.00 secs] 
2018-03-19T13:02:38.047+0530: 3093.149: [GC (Allocation Failure) [PSYoungGen: 173632K->96K(174080K)] 253644K->80140K(523776K), 0.0013318 secs] [Times: user=0.00 sys=0.00, real=0.00 secs] 
2018-03-19T13:02:38.324+0530: 3093.427: [GC (Allocation Failure) [PSYoungGen: 173664K->96K(174080K)] 253708K->80164K(523776K), 0.0012966 secs] [Times: user=0.00 sys=0.00, real=0.00 secs] 
2018-03-19T13:02:38.610+0530: 3093.713: [GC (Allocation Failure) [PSYoungGen: 173664K->96K(174080K)] 253732K->80196K(523776K), 0.0011841 secs] [Times: user=0.00 sys=0.00, real=0.00 secs] 
2018-03-19T13:02:38.892+0530: 3093.994: [GC (Allocation Failure) [PSYoungGen: 173664K->96K(174080K)] 253764K->80220K(523776K), 0.0012782 secs] [Times: user=0.00 sys=0.00, real=0.00 secs] 
2018-03-19T13:02:39.168+0530: 3094.271: [GC (Allocation Failure) [PSYoungGen: 173664K->32K(174080K)] 253788K->80180K(523776K), 0.0012648 secs] [Times: user=0.00 sys=0.00, real=0.00 secs] 
2018-03-19T13:02:39.456+0530: 3094.559: [GC (Allocation Failure) [PSYoungGen: 173600K->96K(174080K)] 253748K->80268K(523776K), 0.0013082 secs] [Times: user=0.00 sys=0.00, real=0.00 secs] 
2018-03-19T13:02:39.764+0530: 3094.867: [GC (Allocation Failure) [PSYoungGen: 173664K->96K(174080K)] 253836K->80292K(523776K), 0.0013198 secs] [Times: user=0.00 sys=0.00, real=0.00 secs] 
2018-03-19T13:02:40.039+0530: 3095.142: [GC (Allocation Failure) [PSYoungGen: 173664K->32K(174080K)] 253860K->80252K(523776K), 0.0012923 secs] [Times: user=0.02 sys=0.00, real=0.00 secs] 
2018-03-19T13:02:40.320+0530: 3095.422: [GC (Allocation Failure) [PSYoungGen: 173600K->96K(174080K)] 253820K->80340K(523776K), 0.0013177 secs] [Times: user=0.00 sys=0.00, real=0.00 secs] 
2018-03-19T13:02:40.634+0530: 3095.736: [GC (Allocation Failure) [PSYoungGen: 173664K->96K(174080K)] 253908K->80364K(523776K), 0.0012059 secs] [Times: user=0.01 sys=0.00, real=0.00 secs] 
2018-03-19T13:02:40.909+0530: 3096.012: [GC (Allocation Failure) [PSYoungGen: 173664K->96K(174080K)] 253932K->80388K(523776K), 0.0011661 secs] [Times: user=0.00 sys=0.00, real=0.00 secs] 
2018-03-19T13:02:41.188+0530: 3096.290: [GC (Allocation Failure) [PSYoungGen: 173664K->96K(174080K)] 253956K->80412K(523776K), 0.0012631 secs] [Times: user=0.00 sys=0.00, real=0.00 secs] 
2018-03-19T13:02:41.477+0530: 3096.580: [GC (Allocation Failure) [PSYoungGen: 173664K->64K(174080K)] 253980K->80396K(523776K), 0.0012680 secs] [Times: user=0.02 sys=0.00, real=0.00 secs] 
2018-03-19T13:02:41.767+0530: 3096.870: [GC (Allocation Failure) [PSYoungGen: 173632K->96K(174080K)] 253964K->80452K(523776K), 0.0012659 secs] [Times: user=0.00 sys=0.00, real=0.00 secs] 
2018-03-19T13:02:42.126+0530: 3097.229: [GC (Allocation Failure) [PSYoungGen: 173664K->96K(174080K)] 254020K->80476K(523776K), 0.0012754 secs] [Times: user=0.00 sys=0.00, real=0.00 secs] 
2018-03-19T13:02:42.422+0530: 3097.525: [GC (Allocation Failure) [PSYoungGen: 173664K->96K(174080K)] 254044K->80508K(523776K), 0.0013699 secs] [Times: user=0.00 sys=0.00, real=0.00 secs] 
2018-03-19T13:02:42.701+0530: 3097.804: [GC (Allocation Failure) [PSYoungGen: 173664K->96K(174080K)] 254076K->80524K(523776K), 0.0012948 secs] [Times: user=0.00 sys=0.00, real=0.00 secs] 
2018-03-19T13:02:42.976+0530: 3098.080: [GC (Allocation Failure) [PSYoungGen: 173664K->96K(174080K)] 254092K->80556K(523776K), 0.0014105 secs] [Times: user=0.01 sys=0.00, real=0.00 secs] 
2018-03-19T13:02:43.252+0530: 3098.355: [GC (Allocation Failure) [PSYoungGen: 173664K->64K(174080K)] 254124K->80556K(523776K), 0.0014270 secs] [Times: user=0.00 sys=0.00, real=0.00 secs] 
2018-03-19T13:02:43.543+0530: 3098.646: [GC (Allocation Failure) [PSYoungGen: 173632K->96K(174080K)] 254124K->80620K(523776K), 0.0011992 secs] [Times: user=0.00 sys=0.00, real=0.00 secs] 
2018-03-19T13:02:43.901+0530: 3099.004: [GC (Allocation Failure) [PSYoungGen: 173664K->96K(174080K)] 254188K->80644K(523776K), 0.0012208 secs] [Times: user=0.00 sys=0.00, real=0.00 secs] 
2018-03-19T13:02:44.174+0530: 3099.276: [GC (Allocation Failure) [PSYoungGen: 173664K->64K(174080K)] 254212K->80644K(523776K), 0.0011552 secs] [Times: user=0.00 sys=0.00, real=0.00 secs] 
2018-03-19T13:02:44.467+0530: 3099.570: [GC (Allocation Failure) [PSYoungGen: 173632K->64K(174080K)] 254212K->80668K(523776K), 0.0013086 secs] [Times: user=0.00 sys=0.00, real=0.00 secs] 
2018-03-19T13:02:44.742+0530: 3099.845: [GC (Allocation Failure) [PSYoungGen: 173632K->96K(174080K)] 254236K->80732K(523776K), 0.0012680 secs] [Times: user=0.00 sys=0.00, real=0.00 secs] 
2018-03-19T13:02:45.018+0530: 3100.121: [GC (Allocation Failure) [PSYoungGen: 173664K->96K(174080K)] 254300K->80756K(523776K), 0.0011679 secs] [Times: user=0.00 sys=0.00, real=0.00 secs] 
2018-03-19T13:02:45.295+0530: 3100.398: [GC (Allocation Failure) [PSYoungGen: 173664K->96K(174080K)] 254324K->80780K(523776K), 0.0012796 secs] [Times: user=0.00 sys=0.00, real=0.00 secs] 
2018-03-19T13:02:45.594+0530: 3100.697: [GC (Allocation Failure) [PSYoungGen: 173664K->64K(174080K)] 254348K->80772K(523776K), 0.0012469 secs] [Times: user=0.00 sys=0.00, real=0.00 secs] 
2018-03-19T13:02:45.873+0530: 3100.976: [GC (Allocation Failure) [PSYoungGen: 173632K->96K(174080K)] 254340K->80828K(523776K), 0.0012627 secs] [Times: user=0.00 sys=0.00, real=0.00 secs] 
2018-03-19T13:02:46.152+0530: 3101.255: [GC (Allocation Failure) [PSYoungGen: 173664K->64K(174080K)] 254396K->80820K(523776K), 0.0012398 secs] [Times: user=0.00 sys=0.00, real=0.00 secs] 
2018-03-19T13:02:46.437+0530: 3101.540: [GC (Allocation Failure) [PSYoungGen: 173632K->96K(174080K)] 254388K->80876K(523776K), 0.0012624 secs] [Times: user=0.00 sys=0.00, real=0.00 secs] 
2018-03-19T13:02:46.716+0530: 3101.819: [GC (Allocation Failure) [PSYoungGen: 173664K->96K(174080K)] 254444K->80908K(523776K), 0.0011457 secs] [Times: user=0.00 sys=0.00, real=0.00 secs] 
2018-03-19T13:02:46.994+0530: 3102.097: [GC (Allocation Failure) [PSYoungGen: 173664K->96K(174080K)] 254476K->80940K(523776K), 0.0013858 secs] [Times: user=0.00 sys=0.00, real=0.00 secs] 
2018-03-19T13:02:47.269+0530: 3102.372: [GC (Allocation Failure) [PSYoungGen: 173664K->96K(174080K)] 254508K->80964K(523776K), 0.0013008 secs] [Times: user=0.00 sys=0.00, real=0.00 secs] 
2018-03-19T13:02:47.581+0530: 3102.684: [GC (Allocation Failure) [PSYoungGen: 173664K->96K(174080K)] 254532K->80988K(523776K), 0.0012186 secs] [Times: user=0.00 sys=0.00, real=0.00 secs] 
2018-03-19T13:02:47.879+0530: 3102.982: [GC (Allocation Failure) [PSYoungGen: 173664K->96K(174080K)] 254556K->81012K(523776K), 0.0013586 secs] [Times: user=0.00 sys=0.00, real=0.00 secs] 
2018-03-19T13:02:48.156+0530: 3103.259: [GC (Allocation Failure) [PSYoungGen: 173664K->96K(174080K)] 254580K->81044K(523776K), 0.0011365 secs] [Times: user=0.00 sys=0.00, real=0.00 secs] 
2018-03-19T13:02:48.446+0530: 3103.549: [GC (Allocation Failure) [PSYoungGen: 173664K->96K(174080K)] 254612K->81076K(523776K), 0.0011915 secs] [Times: user=0.00 sys=0.00, real=0.00 secs] 
2018-03-19T13:02:48.728+0530: 3103.831: [GC (Allocation Failure) [PSYoungGen: 173664K->96K(174080K)] 254644K->81108K(523776K), 0.0011696 secs] [Times: user=0.00 sys=0.00, real=0.00 secs] 
2018-03-19T13:02:48.997+0530: 3104.100: [GC (Allocation Failure) [PSYoungGen: 173664K->64K(174080K)] 254676K->81100K(523776K), 0.0011464 secs] [Times: user=0.00 sys=0.00, real=0.00 secs] 
2018-03-19T13:02:49.272+0530: 3104.375: [GC (Allocation Failure) [PSYoungGen: 173632K->96K(174080K)] 254668K->81156K(523776K), 0.0012909 secs] [Times: user=0.00 sys=0.00, real=0.00 secs] 
2018-03-19T13:02:49.564+0530: 3104.668: [GC (Allocation Failure) [PSYoungGen: 173664K->96K(174080K)] 254724K->81180K(523776K), 0.0014024 secs] [Times: user=0.00 sys=0.00, real=0.00 secs] 
2018-03-19T13:02:49.846+0530: 3104.949: [GC (Allocation Failure) [PSYoungGen: 173664K->96K(174080K)] 254748K->81196K(523776K), 0.0011781 secs] [Times: user=0.00 sys=0.00, real=0.00 secs] 
2018-03-19T13:02:50.121+0530: 3105.225: [GC (Allocation Failure) [PSYoungGen: 173664K->96K(174080K)] 254764K->81228K(523776K), 0.0192585 secs] [Times: user=0.00 sys=0.00, real=0.02 secs] 
2018-03-19T13:02:50.427+0530: 3105.530: [GC (Allocation Failure) [PSYoungGen: 173664K->96K(174080K)] 254796K->81260K(523776K), 0.0014080 secs] [Times: user=0.00 sys=0.00, real=0.00 secs] 
2018-03-19T13:02:50.746+0530: 3105.849: [GC (Allocation Failure) [PSYoungGen: 173664K->96K(174080K)] 254828K->81292K(523776K), 0.0012511 secs] [Times: user=0.00 sys=0.00, real=0.00 secs] 
2018-03-19T13:02:51.104+0530: 3106.207: [GC (Allocation Failure) [PSYoungGen: 173664K->96K(174080K)] 254860K->81316K(523776K), 0.0015984 secs] [Times: user=0.00 sys=0.00, real=0.00 secs] 
2018-03-19T13:02:51.402+0530: 3106.505: [GC (Allocation Failure) [PSYoungGen: 173664K->96K(174080K)] 254884K->81340K(523776K), 0.0013794 secs] [Times: user=0.00 sys=0.00, real=0.00 secs] 
2018-03-19T13:02:51.722+0530: 3106.824: [GC (Allocation Failure) [PSYoungGen: 173664K->96K(174080K)] 254908K->81364K(523776K), 0.0012811 secs] [Times: user=0.00 sys=0.00, real=0.00 secs] 
2018-03-19T13:02:52.000+0530: 3107.102: [GC (Allocation Failure) [PSYoungGen: 173664K->64K(174080K)] 254932K->81356K(523776K), 0.0013202 secs] [Times: user=0.00 sys=0.00, real=0.00 secs] 
2018-03-19T13:02:52.275+0530: 3107.377: [GC (Allocation Failure) [PSYoungGen: 173632K->96K(174080K)] 254924K->81420K(523776K), 0.0012655 secs] [Times: user=0.00 sys=0.00, real=0.00 secs] 
2018-03-19T13:02:52.565+0530: 3107.667: [GC (Allocation Failure) [PSYoungGen: 173664K->96K(174080K)] 254988K->81452K(523776K), 0.0012920 secs] [Times: user=0.00 sys=0.00, real=0.00 secs] 
2018-03-19T13:02:52.841+0530: 3107.943: [GC (Allocation Failure) [PSYoungGen: 173664K->96K(174080K)] 255020K->81476K(523776K), 0.0012077 secs] [Times: user=0.00 sys=0.00, real=0.00 secs] 
2018-03-19T13:02:53.114+0530: 3108.217: [GC (Allocation Failure) [PSYoungGen: 173664K->64K(174080K)] 255044K->81468K(523776K), 0.0014101 secs] [Times: user=0.00 sys=0.00, real=0.00 secs] 
2018-03-19T13:02:53.403+0530: 3108.506: [GC (Allocation Failure) [PSYoungGen: 173632K->128K(174080K)] 255036K->81556K(523776K), 0.0014098 secs] [Times: user=0.00 sys=0.00, real=0.00 secs] 
2018-03-19T13:02:53.681+0530: 3108.783: [GC (Allocation Failure) [PSYoungGen: 173696K->96K(174080K)] 255124K->81548K(523776K), 0.0013526 secs] [Times: user=0.00 sys=0.00, real=0.00 secs] 
2018-03-19T13:02:53.953+0530: 3109.057: [GC (Allocation Failure) [PSYoungGen: 173664K->96K(174080K)] 255116K->81572K(523776K), 0.0013036 secs] [Times: user=0.00 sys=0.00, real=0.00 secs] 
2018-03-19T13:02:54.230+0530: 3109.333: [GC (Allocation Failure) [PSYoungGen: 173664K->96K(174080K)] 255140K->81604K(523776K), 0.0011601 secs] [Times: user=0.00 sys=0.00, real=0.00 secs] 
2018-03-19T13:02:54.520+0530: 3109.622: [GC (Allocation Failure) [PSYoungGen: 173664K->96K(174080K)] 255172K->81628K(523776K), 0.0013897 secs] [Times: user=0.00 sys=0.00, real=0.00 secs] 
2018-03-19T13:02:54.800+0530: 3109.902: [GC (Allocation Failure) [PSYoungGen: 173664K->96K(174080K)] 255196K->81660K(523776K), 0.0012874 secs] [Times: user=0.00 sys=0.00, real=0.00 secs] 
2018-03-19T13:02:55.078+0530: 3110.181: [GC (Allocation Failure) [PSYoungGen: 173664K->64K(174080K)] 255228K->81652K(523776K), 0.0011834 secs] [Times: user=0.00 sys=0.00, real=0.00 secs] 
2018-03-19T13:02:55.372+0530: 3110.475: [GC (Allocation Failure) [PSYoungGen: 173632K->96K(174080K)] 255220K->81708K(523776K), 0.0013816 secs] [Times: user=0.00 sys=0.00, real=0.00 secs] 
2018-03-19T13:02:55.704+0530: 3110.808: [GC (Allocation Failure) [PSYoungGen: 173664K->96K(174080K)] 255276K->81724K(523776K), 0.0014348 secs] [Times: user=0.00 sys=0.00, real=0.00 secs] 
2018-03-19T13:02:55.993+0530: 3111.096: [GC (Allocation Failure) [PSYoungGen: 173664K->64K(174080K)] 255292K->81716K(523776K), 0.0011724 secs] [Times: user=0.02 sys=0.00, real=0.00 secs] 
2018-03-19T13:02:56.267+0530: 3111.370: [GC (Allocation Failure) [PSYoungGen: 173632K->64K(174080K)] 255284K->81740K(523776K), 0.0012232 secs] [Times: user=0.00 sys=0.00, real=0.00 secs] 
2018-03-19T13:02:56.559+0530: 3111.662: [GC (Allocation Failure) [PSYoungGen: 173632K->96K(174080K)] 255308K->81796K(523776K), 0.0014489 secs] [Times: user=0.00 sys=0.00, real=0.00 secs] 
2018-03-19T13:02:56.836+0530: 3111.938: [GC (Allocation Failure) [PSYoungGen: 173664K->96K(174080K)] 255364K->81820K(523776K), 0.0011404 secs] [Times: user=0.00 sys=0.00, real=0.00 secs] 
2018-03-19T13:02:57.115+0530: 3112.218: [GC (Allocation Failure) [PSYoungGen: 173664K->64K(174080K)] 255388K->81812K(523776K), 0.0012655 secs] [Times: user=0.00 sys=0.00, real=0.00 secs] 
2018-03-19T13:02:57.400+0530: 3112.502: [GC (Allocation Failure) [PSYoungGen: 173632K->64K(174080K)] 255380K->81836K(523776K), 0.0012377 secs] [Times: user=0.00 sys=0.00, real=0.00 secs] 
2018-03-19T13:02:57.683+0530: 3112.785: [GC (Allocation Failure) [PSYoungGen: 173632K->64K(174080K)] 255404K->81860K(523776K), 0.0013780 secs] [Times: user=0.00 sys=0.00, real=0.00 secs] 
2018-03-19T13:02:57.956+0530: 3113.060: [GC (Allocation Failure) [PSYoungGen: 173632K->96K(174080K)] 255428K->81924K(523776K), 0.0013054 secs] [Times: user=0.00 sys=0.00, real=0.00 secs] 
2018-03-19T13:02:58.234+0530: 3113.337: [GC (Allocation Failure) [PSYoungGen: 173664K->64K(174080K)] 255492K->81916K(523776K), 0.0013565 secs] [Times: user=0.00 sys=0.00, real=0.00 secs] 
2018-03-19T13:02:58.519+0530: 3113.621: [GC (Allocation Failure) [PSYoungGen: 173632K->96K(174080K)] 255484K->81972K(523776K), 0.0011132 secs] [Times: user=0.00 sys=0.00, real=0.00 secs] 
2018-03-19T13:02:58.800+0530: 3113.903: [GC (Allocation Failure) [PSYoungGen: 173664K->96K(174080K)] 255540K->82004K(523776K), 0.0012331 secs] [Times: user=0.00 sys=0.00, real=0.00 secs] 
2018-03-19T13:02:59.073+0530: 3114.176: [GC (Allocation Failure) [PSYoungGen: 173664K->96K(174080K)] 255572K->82028K(523776K), 0.0012313 secs] [Times: user=0.00 sys=0.00, real=0.00 secs] 
2018-03-19T13:02:59.354+0530: 3114.457: [GC (Allocation Failure) [PSYoungGen: 173664K->96K(174080K)] 255596K->82052K(523776K), 0.0013343 secs] [Times: user=0.00 sys=0.00, real=0.00 secs] 
2018-03-19T13:02:59.649+0530: 3114.752: [GC (Allocation Failure) [PSYoungGen: 173664K->96K(174080K)] 255620K->82068K(523776K), 0.0015191 secs] [Times: user=0.05 sys=0.00, real=0.00 secs] 
2018-03-19T13:02:59.933+0530: 3115.036: [GC (Allocation Failure) [PSYoungGen: 173664K->128K(174080K)] 255636K->82124K(523776K), 0.0011866 secs] [Times: user=0.00 sys=0.00, real=0.00 secs] 
2018-03-19T13:03:00.227+0530: 3115.330: [GC (Allocation Failure) [PSYoungGen: 173696K->64K(174080K)] 255692K->82092K(523776K), 0.0012211 secs] [Times: user=0.06 sys=0.00, real=0.00 secs] 
2018-03-19T13:03:00.516+0530: 3115.619: [GC (Allocation Failure) [PSYoungGen: 173632K->64K(174080K)] 255660K->82116K(523776K), 0.0013572 secs] [Times: user=0.00 sys=0.00, real=0.00 secs] 
2018-03-19T13:03:00.815+0530: 3115.918: [GC (Allocation Failure) [PSYoungGen: 173632K->96K(174080K)] 255684K->82172K(523776K), 0.0011390 secs] [Times: user=0.00 sys=0.00, real=0.00 secs] 
2018-03-19T13:03:01.090+0530: 3116.193: [GC (Allocation Failure) [PSYoungGen: 173664K->96K(174080K)] 255740K->82196K(523776K), 0.0012398 secs] [Times: user=0.00 sys=0.00, real=0.00 secs] 
2018-03-19T13:03:01.373+0530: 3116.475: [GC (Allocation Failure) [PSYoungGen: 173664K->96K(174080K)] 255764K->82228K(523776K), 0.0013495 secs] [Times: user=0.00 sys=0.00, real=0.00 secs] 
2018-03-19T13:03:01.654+0530: 3116.757: [GC (Allocation Failure) [PSYoungGen: 173664K->32K(174080K)] 255796K->82188K(523776K), 0.0013449 secs] [Times: user=0.00 sys=0.00, real=0.00 secs] 
2018-03-19T13:03:01.934+0530: 3117.037: [GC (Allocation Failure) [PSYoungGen: 173600K->96K(174080K)] 255756K->82276K(523776K), 0.0011485 secs] [Times: user=0.00 sys=0.00, real=0.00 secs] 
2018-03-19T13:03:02.210+0530: 3117.313: [GC (Allocation Failure) [PSYoungGen: 173664K->96K(174080K)] 255844K->82300K(523776K), 0.0011372 secs] [Times: user=0.00 sys=0.00, real=0.00 secs] 
2018-03-19T13:03:02.499+0530: 3117.603: [GC (Allocation Failure) [PSYoungGen: 173664K->64K(174080K)] 255868K->82292K(523776K), 0.0012832 secs] [Times: user=0.00 sys=0.00, real=0.00 secs] 
2018-03-19T13:03:02.777+0530: 3117.880: [GC (Allocation Failure) [PSYoungGen: 173632K->96K(174080K)] 255860K->82348K(523776K), 0.0013198 secs] [Times: user=0.00 sys=0.00, real=0.00 secs] 
2018-03-19T13:03:03.052+0530: 3118.154: [GC (Allocation Failure) [PSYoungGen: 173664K->64K(174080K)] 255916K->82340K(523776K), 0.0011330 secs] [Times: user=0.00 sys=0.00, real=0.00 secs] 
2018-03-19T13:03:03.326+0530: 3118.428: [GC (Allocation Failure) [PSYoungGen: 173632K->96K(174080K)] 255908K->82396K(523776K), 0.0013184 secs] [Times: user=0.00 sys=0.00, real=0.00 secs] 
2018-03-19T13:03:03.614+0530: 3118.718: [GC (Allocation Failure) [PSYoungGen: 173664K->96K(174080K)] 255964K->82420K(523776K), 0.0015272 secs] [Times: user=0.00 sys=0.00, real=0.00 secs] 
2018-03-19T13:03:03.909+0530: 3119.012: [GC (Allocation Failure) [PSYoungGen: 173664K->96K(174080K)] 255988K->82444K(523776K), 0.0011527 secs] [Times: user=0.00 sys=0.00, real=0.00 secs] 
2018-03-19T13:03:04.187+0530: 3119.290: [GC (Allocation Failure) [PSYoungGen: 173664K->96K(174080K)] 256012K->82460K(523776K), 0.0011996 secs] [Times: user=0.00 sys=0.00, real=0.00 secs] 
2018-03-19T13:03:04.474+0530: 3119.577: [GC (Allocation Failure) [PSYoungGen: 173664K->96K(174080K)] 256028K->82492K(523776K), 0.0012246 secs] [Times: user=0.00 sys=0.00, real=0.00 secs] 
2018-03-19T13:03:04.752+0530: 3119.855: [GC (Allocation Failure) [PSYoungGen: 173664K->96K(174080K)] 256060K->82516K(523776K), 0.0012828 secs] [Times: user=0.00 sys=0.00, real=0.00 secs] 
2018-03-19T13:03:05.025+0530: 3120.128: [GC (Allocation Failure) [PSYoungGen: 173664K->96K(174080K)] 256084K->82548K(523776K), 0.0011883 secs] [Times: user=0.00 sys=0.00, real=0.00 secs] 
2018-03-19T13:03:05.301+0530: 3120.404: [GC (Allocation Failure) [PSYoungGen: 173664K->64K(174080K)] 256116K->82540K(523776K), 0.0011457 secs] [Times: user=0.00 sys=0.00, real=0.00 secs] 
2018-03-19T13:03:05.587+0530: 3120.690: [GC (Allocation Failure) [PSYoungGen: 173632K->96K(174080K)] 256108K->82596K(523776K), 0.0011700 secs] [Times: user=0.00 sys=0.00, real=0.00 secs] 
2018-03-19T13:03:05.885+0530: 3120.988: [GC (Allocation Failure) [PSYoungGen: 173664K->64K(174080K)] 256164K->82588K(523776K), 0.0012444 secs] [Times: user=0.00 sys=0.00, real=0.00 secs] 
2018-03-19T13:03:06.164+0530: 3121.267: [GC (Allocation Failure) [PSYoungGen: 173632K->96K(174080K)] 256156K->82652K(523776K), 0.0012532 secs] [Times: user=0.00 sys=0.00, real=0.00 secs] 
2018-03-19T13:03:06.451+0530: 3121.554: [GC (Allocation Failure) [PSYoungGen: 173664K->96K(174080K)] 256220K->82668K(523776K), 0.0011474 secs] [Times: user=0.00 sys=0.00, real=0.00 secs] 
2018-03-19T13:03:06.731+0530: 3121.833: [GC (Allocation Failure) [PSYoungGen: 173664K->96K(174080K)] 256236K->82692K(523776K), 0.0011763 secs] [Times: user=0.00 sys=0.00, real=0.00 secs] 
2018-03-19T13:03:07.006+0530: 3122.110: [GC (Allocation Failure) [PSYoungGen: 173664K->96K(174080K)] 256260K->82716K(523776K), 0.0011358 secs] [Times: user=0.00 sys=0.00, real=0.00 secs] 
2018-03-19T13:03:07.282+0530: 3122.385: [GC (Allocation Failure) [PSYoungGen: 173664K->64K(174080K)] 256284K->82716K(523776K), 0.0012349 secs] [Times: user=0.00 sys=0.00, real=0.00 secs] 
2018-03-19T13:03:07.579+0530: 3122.682: [GC (Allocation Failure) [PSYoungGen: 173632K->96K(174080K)] 256284K->82764K(523776K), 0.0013100 secs] [Times: user=0.00 sys=0.00, real=0.00 secs] 
2018-03-19T13:03:07.880+0530: 3122.983: [GC (Allocation Failure) [PSYoungGen: 173664K->64K(174080K)] 256332K->82764K(523776K), 0.0013347 secs] [Times: user=0.00 sys=0.00, real=0.00 secs] 
2018-03-19T13:03:08.157+0530: 3123.260: [GC (Allocation Failure) [PSYoungGen: 173632K->64K(174080K)] 256332K->82796K(523776K), 0.0012962 secs] [Times: user=0.00 sys=0.00, real=0.00 secs] 
2018-03-19T13:03:08.443+0530: 3123.546: [GC (Allocation Failure) [PSYoungGen: 173632K->96K(174080K)] 256364K->82860K(523776K), 0.0012031 secs] [Times: user=0.00 sys=0.00, real=0.00 secs] 
2018-03-19T13:03:08.721+0530: 3123.824: [GC (Allocation Failure) [PSYoungGen: 173664K->96K(174080K)] 256428K->82892K(523776K), 0.0012493 secs] [Times: user=0.00 sys=0.00, real=0.00 secs] 
2018-03-19T13:03:08.996+0530: 3124.099: [GC (Allocation Failure) [PSYoungGen: 173664K->96K(174080K)] 256460K->82916K(523776K), 0.0011580 secs] [Times: user=0.00 sys=0.00, real=0.00 secs] 
2018-03-19T13:03:09.272+0530: 3124.375: [GC (Allocation Failure) [PSYoungGen: 173664K->96K(174080K)] 256484K->82948K(523776K), 0.0012765 secs] [Times: user=0.00 sys=0.00, real=0.00 secs] 
2018-03-19T13:03:09.560+0530: 3124.663: [GC (Allocation Failure) [PSYoungGen: 173664K->64K(174080K)] 256516K->82940K(523776K), 0.0012232 secs] [Times: user=0.00 sys=0.00, real=0.00 secs] 
2018-03-19T13:03:09.835+0530: 3124.938: [GC (Allocation Failure) [PSYoungGen: 173632K->96K(174080K)] 256508K->83004K(523776K), 0.0011439 secs] [Times: user=0.00 sys=0.00, real=0.00 secs] 
2018-03-19T13:03:10.111+0530: 3125.214: [GC (Allocation Failure) [PSYoungGen: 173664K->96K(174080K)] 256572K->83028K(523776K), 0.0012440 secs] [Times: user=0.00 sys=0.00, real=0.00 secs] 
2018-03-19T13:03:10.396+0530: 3125.499: [GC (Allocation Failure) [PSYoungGen: 173664K->96K(174080K)] 256596K->83052K(523776K), 0.0012169 secs] [Times: user=0.00 sys=0.00, real=0.00 secs] 
2018-03-19T13:03:10.702+0530: 3125.806: [GC (Allocation Failure) [PSYoungGen: 173664K->96K(174080K)] 256620K->83084K(523776K), 0.0012712 secs] [Times: user=0.00 sys=0.00, real=0.00 secs] 
2018-03-19T13:03:10.984+0530: 3126.086: [GC (Allocation Failure) [PSYoungGen: 173664K->64K(174080K)] 256652K->83068K(523776K), 0.0013364 secs] [Times: user=0.00 sys=0.00, real=0.00 secs] 
2018-03-19T13:03:11.260+0530: 3126.363: [GC (Allocation Failure) [PSYoungGen: 173632K->96K(174080K)] 256636K->83124K(523776K), 0.0011827 secs] [Times: user=0.00 sys=0.00, real=0.00 secs] 
2018-03-19T13:03:11.550+0530: 3126.653: [GC (Allocation Failure) [PSYoungGen: 173664K->64K(174080K)] 256692K->83124K(523776K), 0.0013639 secs] [Times: user=0.00 sys=0.00, real=0.00 secs] 
2018-03-19T13:03:11.842+0530: 3126.945: [GC (Allocation Failure) [PSYoungGen: 173632K->96K(174080K)] 256692K->83188K(523776K), 0.0011975 secs] [Times: user=0.00 sys=0.00, real=0.00 secs] 
2018-03-19T13:03:12.117+0530: 3127.221: [GC (Allocation Failure) [PSYoungGen: 173664K->96K(174080K)] 256756K->83220K(523776K), 0.0013403 secs] [Times: user=0.00 sys=0.00, real=0.00 secs] 
2018-03-19T13:03:12.404+0530: 3127.506: [GC (Allocation Failure) [PSYoungGen: 173664K->64K(174080K)] 256788K->83212K(523776K), 0.0011880 secs] [Times: user=0.00 sys=0.00, real=0.00 secs] 
2018-03-19T13:03:12.682+0530: 3127.784: [GC (Allocation Failure) [PSYoungGen: 173632K->96K(174080K)] 256780K->83276K(523776K), 0.0013431 secs] [Times: user=0.00 sys=0.00, real=0.00 secs] 
2018-03-19T13:03:12.958+0530: 3128.060: [GC (Allocation Failure) [PSYoungGen: 173664K->96K(174080K)] 256844K->83308K(523776K), 0.0013311 secs] [Times: user=0.00 sys=0.00, real=0.00 secs] 
2018-03-19T13:03:13.238+0530: 3128.340: [GC (Allocation Failure) [PSYoungGen: 173664K->96K(174080K)] 256876K->83340K(523776K), 0.0012546 secs] [Times: user=0.00 sys=0.00, real=0.00 secs] 
2018-03-19T13:03:13.522+0530: 3128.625: [GC (Allocation Failure) [PSYoungGen: 173664K->64K(174080K)] 256908K->83332K(523776K), 0.0013660 secs] [Times: user=0.00 sys=0.00, real=0.00 secs] 
2018-03-19T13:03:13.800+0530: 3128.903: [GC (Allocation Failure) [PSYoungGen: 173632K->96K(174080K)] 256900K->83396K(523776K), 0.0013082 secs] [Times: user=0.00 sys=0.00, real=0.00 secs] 
2018-03-19T13:03:14.077+0530: 3129.180: [GC (Allocation Failure) [PSYoungGen: 173664K->96K(174080K)] 256964K->83412K(523776K), 0.0013237 secs] [Times: user=0.00 sys=0.00, real=0.00 secs] 
2018-03-19T13:03:14.359+0530: 3129.462: [GC (Allocation Failure) [PSYoungGen: 173664K->96K(174080K)] 256980K->83436K(523776K), 0.0013329 secs] [Times: user=0.00 sys=0.00, real=0.00 secs] 
2018-03-19T13:03:14.638+0530: 3129.740: [GC (Allocation Failure) [PSYoungGen: 173664K->32K(174080K)] 257004K->83396K(523776K), 0.0011474 secs] [Times: user=0.00 sys=0.00, real=0.00 secs] 
2018-03-19T13:03:14.961+0530: 3130.064: [GC (Allocation Failure) [PSYoungGen: 173600K->64K(174080K)] 256964K->83444K(523776K), 0.0013329 secs] [Times: user=0.00 sys=0.00, real=0.00 secs] 
2018-03-19T13:03:15.238+0530: 3130.340: [GC (Allocation Failure) [PSYoungGen: 173632K->96K(174080K)] 257012K->83500K(523776K), 0.0013343 secs] [Times: user=0.00 sys=0.00, real=0.00 secs] 
2018-03-19T13:03:15.520+0530: 3130.623: [GC (Allocation Failure) [PSYoungGen: 173664K->96K(174080K)] 257068K->83532K(523776K), 0.0011665 secs] [Times: user=0.00 sys=0.00, real=0.00 secs] 
2018-03-19T13:03:15.842+0530: 3130.945: [GC (Allocation Failure) [PSYoungGen: 173664K->96K(174080K)] 257100K->83556K(523776K), 0.0012275 secs] [Times: user=0.00 sys=0.00, real=0.00 secs] 
2018-03-19T13:03:16.120+0530: 3131.222: [GC (Allocation Failure) [PSYoungGen: 173664K->96K(174080K)] 257124K->83580K(523776K), 0.0013466 secs] [Times: user=0.00 sys=0.00, real=0.00 secs] 
2018-03-19T13:03:16.404+0530: 3131.507: [GC (Allocation Failure) [PSYoungGen: 173664K->64K(174080K)] 257148K->83580K(523776K), 0.0012260 secs] [Times: user=0.00 sys=0.00, real=0.00 secs] 
2018-03-19T13:03:16.709+0530: 3131.812: [GC (Allocation Failure) [PSYoungGen: 173632K->64K(174080K)] 257148K->83604K(523776K), 0.0011791 secs] [Times: user=0.00 sys=0.00, real=0.00 secs] 
2018-03-19T13:03:16.988+0530: 3132.090: [GC (Allocation Failure) [PSYoungGen: 173632K->96K(174080K)] 257172K->83660K(523776K), 0.0011238 secs] [Times: user=0.00 sys=0.00, real=0.00 secs] 
2018-03-19T13:03:17.264+0530: 3132.366: [GC (Allocation Failure) [PSYoungGen: 173664K->96K(174080K)] 257228K->83676K(523776K), 0.0012155 secs] [Times: user=0.00 sys=0.00, real=0.00 secs] 
2018-03-19T13:03:17.553+0530: 3132.656: [GC (Allocation Failure) [PSYoungGen: 173664K->96K(174080K)] 257244K->83708K(523776K), 0.0013724 secs] [Times: user=0.00 sys=0.00, real=0.00 secs] 
2018-03-19T13:03:17.833+0530: 3132.935: [GC (Allocation Failure) [PSYoungGen: 173664K->96K(174080K)] 257276K->83732K(523776K), 0.0014390 secs] [Times: user=0.00 sys=0.00, real=0.00 secs] 
2018-03-19T13:03:18.108+0530: 3133.211: [GC (Allocation Failure) [PSYoungGen: 173664K->96K(174080K)] 257300K->83756K(523776K), 0.0013555 secs] [Times: user=0.00 sys=0.00, real=0.00 secs] 
2018-03-19T13:03:18.391+0530: 3133.493: [GC (Allocation Failure) [PSYoungGen: 173664K->96K(174080K)] 257324K->83780K(523776K), 0.0014084 secs] [Times: user=0.00 sys=0.00, real=0.00 secs] 
2018-03-19T13:03:18.679+0530: 3133.782: [GC (Allocation Failure) [PSYoungGen: 173664K->96K(174080K)] 257348K->83812K(523776K), 0.0011700 secs] [Times: user=0.00 sys=0.00, real=0.00 secs] 
2018-03-19T13:03:18.958+0530: 3134.060: [GC (Allocation Failure) [PSYoungGen: 173664K->64K(174080K)] 257380K->83804K(523776K), 0.0011682 secs] [Times: user=0.00 sys=0.00, real=0.00 secs] 
2018-03-19T13:03:19.233+0530: 3134.336: [GC (Allocation Failure) [PSYoungGen: 173632K->96K(174080K)] 257372K->83852K(523776K), 0.0012359 secs] [Times: user=0.00 sys=0.00, real=0.00 secs] 
2018-03-19T13:03:19.516+0530: 3134.619: [GC (Allocation Failure) [PSYoungGen: 173664K->64K(174080K)] 257420K->83836K(523776K), 0.0011612 secs] [Times: user=0.00 sys=0.00, real=0.00 secs] 
2018-03-19T13:03:19.844+0530: 3134.948: [GC (Allocation Failure) [PSYoungGen: 173632K->32K(174080K)] 257404K->83828K(523776K), 0.0011601 secs] [Times: user=0.00 sys=0.00, real=0.00 secs] 
2018-03-19T13:03:20.123+0530: 3135.226: [GC (Allocation Failure) [PSYoungGen: 173600K->96K(174080K)] 257396K->83916K(523776K), 0.0011647 secs] [Times: user=0.00 sys=0.00, real=0.00 secs] 
2018-03-19T13:03:20.408+0530: 3135.511: [GC (Allocation Failure) [PSYoungGen: 173664K->96K(174080K)] 257484K->83940K(523776K), 0.0011904 secs] [Times: user=0.00 sys=0.00, real=0.00 secs] 
2018-03-19T13:03:20.706+0530: 3135.808: [GC (Allocation Failure) [PSYoungGen: 173664K->96K(174080K)] 257508K->83964K(523776K), 0.0013442 secs] [Times: user=0.00 sys=0.00, real=0.00 secs] 
2018-03-19T13:03:20.991+0530: 3136.095: [GC (Allocation Failure) [PSYoungGen: 173664K->96K(174080K)] 257532K->83996K(523776K), 0.0011404 secs] [Times: user=0.02 sys=0.02, real=0.00 secs] 
2018-03-19T13:03:21.267+0530: 3136.370: [GC (Allocation Failure) [PSYoungGen: 173664K->96K(174080K)] 257564K->84020K(523776K), 0.0011312 secs] [Times: user=0.00 sys=0.00, real=0.00 secs] 
2018-03-19T13:03:21.554+0530: 3136.657: [GC (Allocation Failure) [PSYoungGen: 173664K->64K(174080K)] 257588K->84020K(523776K), 0.0013823 secs] [Times: user=0.00 sys=0.00, real=0.00 secs] 
2018-03-19T13:03:21.837+0530: 3136.940: [GC (Allocation Failure) [PSYoungGen: 173632K->32K(174080K)] 257588K->84012K(523776K), 0.0014017 secs] [Times: user=0.06 sys=0.00, real=0.00 secs] 
2018-03-19T13:03:22.116+0530: 3137.219: [GC (Allocation Failure) [PSYoungGen: 173600K->96K(174080K)] 257580K->84100K(523776K), 0.0011587 secs] [Times: user=0.00 sys=0.00, real=0.00 secs] 
2018-03-19T13:03:22.401+0530: 3137.503: [GC (Allocation Failure) [PSYoungGen: 173664K->96K(174080K)] 257668K->84132K(523776K), 0.0011340 secs] [Times: user=0.00 sys=0.00, real=0.00 secs] 
2018-03-19T13:03:22.677+0530: 3137.781: [GC (Allocation Failure) [PSYoungGen: 173664K->96K(174080K)] 257700K->84156K(523776K), 0.0011735 secs] [Times: user=0.00 sys=0.00, real=0.00 secs] 
2018-03-19T13:03:22.953+0530: 3138.056: [GC (Allocation Failure) [PSYoungGen: 173664K->96K(174080K)] 257724K->84188K(523776K), 0.0011806 secs] [Times: user=0.00 sys=0.00, real=0.00 secs] 
2018-03-19T13:03:23.228+0530: 3138.331: [GC (Allocation Failure) [PSYoungGen: 173664K->96K(174080K)] 257756K->84220K(523776K), 0.0012024 secs] [Times: user=0.00 sys=0.00, real=0.00 secs] 
2018-03-19T13:03:23.514+0530: 3138.616: [GC (Allocation Failure) [PSYoungGen: 173664K->96K(174080K)] 257788K->84244K(523776K), 0.0013135 secs] [Times: user=0.00 sys=0.00, real=0.00 secs] 
2018-03-19T13:03:23.813+0530: 3138.916: [GC (Allocation Failure) [PSYoungGen: 173664K->96K(174080K)] 257812K->84268K(523776K), 0.0011619 secs] [Times: user=0.00 sys=0.00, real=0.00 secs] 
2018-03-19T13:03:24.093+0530: 3139.196: [GC (Allocation Failure) [PSYoungGen: 173664K->64K(174080K)] 257836K->84268K(523776K), 0.0012253 secs] [Times: user=0.00 sys=0.00, real=0.00 secs] 
2018-03-19T13:03:24.375+0530: 3139.478: [GC (Allocation Failure) [PSYoungGen: 173632K->64K(174080K)] 257836K->84292K(523776K), 0.0013396 secs] [Times: user=0.00 sys=0.00, real=0.00 secs] 
2018-03-19T13:03:24.653+0530: 3139.756: [GC (Allocation Failure) [PSYoungGen: 173632K->64K(174080K)] 257860K->84324K(523776K), 0.0011386 secs] [Times: user=0.00 sys=0.00, real=0.00 secs] 
2018-03-19T13:03:24.929+0530: 3140.032: [GC (Allocation Failure) [PSYoungGen: 173632K->96K(174080K)] 257892K->84388K(523776K), 0.0013177 secs] [Times: user=0.00 sys=0.00, real=0.00 secs] 
2018-03-19T13:03:25.206+0530: 3140.309: [GC (Allocation Failure) [PSYoungGen: 173664K->96K(174080K)] 257956K->84412K(523776K), 0.0011844 secs] [Times: user=0.00 sys=0.00, real=0.00 secs] 
2018-03-19T13:03:25.490+0530: 3140.593: [GC (Allocation Failure) [PSYoungGen: 173664K->96K(174080K)] 257980K->84444K(523776K), 0.0014493 secs] [Times: user=0.00 sys=0.00, real=0.00 secs] 
2018-03-19T13:03:25.774+0530: 3140.877: [GC (Allocation Failure) [PSYoungGen: 173664K->96K(174080K)] 258012K->84468K(523776K), 0.0018590 secs] [Times: user=0.06 sys=0.00, real=0.00 secs] 
2018-03-19T13:03:26.067+0530: 3141.170: [GC (Allocation Failure) [PSYoungGen: 173664K->96K(174080K)] 258036K->84492K(523776K), 0.0012007 secs] [Times: user=0.00 sys=0.00, real=0.00 secs] 
2018-03-19T13:03:26.343+0530: 3141.446: [GC (Allocation Failure) [PSYoungGen: 173664K->96K(174080K)] 258060K->84508K(523776K), 0.0018181 secs] [Times: user=0.00 sys=0.00, real=0.00 secs] 
2018-03-19T13:03:26.627+0530: 3141.730: [GC (Allocation Failure) [PSYoungGen: 173664K->96K(174080K)] 258076K->84532K(523776K), 0.0011414 secs] [Times: user=0.00 sys=0.00, real=0.00 secs] 
2018-03-19T13:03:26.903+0530: 3142.006: [GC (Allocation Failure) [PSYoungGen: 173664K->96K(174080K)] 258100K->84556K(523776K), 0.0012426 secs] [Times: user=0.00 sys=0.00, real=0.00 secs] 
2018-03-19T13:03:27.181+0530: 3142.284: [GC (Allocation Failure) [PSYoungGen: 173664K->96K(174080K)] 258124K->84580K(523776K), 0.0012839 secs] [Times: user=0.00 sys=0.00, real=0.00 secs] 
2018-03-19T13:03:27.465+0530: 3142.567: [GC (Allocation Failure) [PSYoungGen: 173664K->96K(174080K)] 258148K->84604K(523776K), 0.0012486 secs] [Times: user=0.00 sys=0.00, real=0.00 secs] 
2018-03-19T13:03:27.770+0530: 3142.872: [GC (Allocation Failure) [PSYoungGen: 173664K->96K(174080K)] 258172K->84620K(523776K), 0.0012793 secs] [Times: user=0.00 sys=0.00, real=0.00 secs] 
2018-03-19T13:03:28.044+0530: 3143.147: [GC (Allocation Failure) [PSYoungGen: 173664K->96K(174080K)] 258188K->84644K(523776K), 0.0012116 secs] [Times: user=0.00 sys=0.00, real=0.00 secs] 
2018-03-19T13:03:28.319+0530: 3143.423: [GC (Allocation Failure) [PSYoungGen: 173664K->96K(174080K)] 258212K->84668K(523776K), 0.0011358 secs] [Times: user=0.02 sys=0.00, real=0.00 secs] 
2018-03-19T13:03:28.606+0530: 3143.709: [GC (Allocation Failure) [PSYoungGen: 173664K->96K(174080K)] 258236K->84700K(523776K), 0.0011964 secs] [Times: user=0.00 sys=0.00, real=0.00 secs] 
2018-03-19T13:03:28.883+0530: 3143.986: [GC (Allocation Failure) [PSYoungGen: 173664K->96K(174080K)] 258268K->84724K(523776K), 0.0012814 secs] [Times: user=0.06 sys=0.00, real=0.00 secs] 
2018-03-19T13:03:29.159+0530: 3144.262: [GC (Allocation Failure) [PSYoungGen: 173664K->96K(174080K)] 258292K->84756K(523776K), 0.0011591 secs] [Times: user=0.00 sys=0.00, real=0.00 secs] 
2018-03-19T13:03:29.446+0530: 3144.549: [GC (Allocation Failure) [PSYoungGen: 173664K->96K(174080K)] 258324K->84772K(523776K), 0.0011770 secs] [Times: user=0.05 sys=0.00, real=0.00 secs] 
2018-03-19T13:03:29.727+0530: 3144.830: [GC (Allocation Failure) [PSYoungGen: 173664K->96K(174080K)] 258340K->84788K(523776K), 0.0012437 secs] [Times: user=0.01 sys=0.00, real=0.00 secs] 
2018-03-19T13:03:30.003+0530: 3145.106: [GC (Allocation Failure) [PSYoungGen: 173664K->96K(174080K)] 258356K->84812K(523776K), 0.0011361 secs] [Times: user=0.00 sys=0.00, real=0.00 secs] 
2018-03-19T13:03:30.278+0530: 3145.381: [GC (Allocation Failure) [PSYoungGen: 173664K->96K(174080K)] 258380K->84836K(523776K), 0.0011908 secs] [Times: user=0.00 sys=0.00, real=0.00 secs] 
2018-03-19T13:03:30.569+0530: 3145.672: [GC (Allocation Failure) [PSYoungGen: 173664K->96K(174080K)] 258404K->84852K(523776K), 0.0013667 secs] [Times: user=0.00 sys=0.00, real=0.00 secs] 
2018-03-19T13:03:30.876+0530: 3145.979: [GC (Allocation Failure) [PSYoungGen: 173664K->96K(174080K)] 258420K->84868K(523776K), 0.0014933 secs] [Times: user=0.00 sys=0.00, real=0.00 secs] 
2018-03-19T13:03:31.155+0530: 3146.258: [GC (Allocation Failure) [PSYoungGen: 173664K->96K(174080K)] 258436K->84900K(523776K), 0.0011541 secs] [Times: user=0.00 sys=0.00, real=0.00 secs] 
2018-03-19T13:03:31.443+0530: 3146.546: [GC (Allocation Failure) [PSYoungGen: 173664K->96K(174080K)] 258468K->84932K(523776K), 0.0012595 secs] [Times: user=0.00 sys=0.00, real=0.00 secs] 
2018-03-19T13:03:31.738+0530: 3146.841: [GC (Allocation Failure) [PSYoungGen: 173664K->96K(174080K)] 258500K->84956K(523776K), 0.0014260 secs] [Times: user=0.00 sys=0.00, real=0.00 secs] 
2018-03-19T13:03:32.029+0530: 3147.133: [GC (Allocation Failure) [PSYoungGen: 173664K->96K(174080K)] 258524K->84988K(523776K), 0.0013720 secs] [Times: user=0.00 sys=0.00, real=0.00 secs] 
2018-03-19T13:03:32.322+0530: 3147.424: [GC (Allocation Failure) [PSYoungGen: 173664K->64K(174080K)] 258556K->84980K(523776K), 0.0011788 secs] [Times: user=0.00 sys=0.00, real=0.00 secs] 
2018-03-19T13:03:32.608+0530: 3147.711: [GC (Allocation Failure) [PSYoungGen: 173632K->96K(174080K)] 258548K->85044K(523776K), 0.0011950 secs] [Times: user=0.00 sys=0.00, real=0.00 secs] 
2018-03-19T13:03:32.883+0530: 3147.987: [GC (Allocation Failure) [PSYoungGen: 173664K->96K(174080K)] 258612K->85060K(523776K), 0.0011294 secs] [Times: user=0.00 sys=0.00, real=0.00 secs] 
2018-03-19T13:03:33.161+0530: 3148.264: [GC (Allocation Failure) [PSYoungGen: 173664K->96K(174080K)] 258628K->85092K(523776K), 0.0012698 secs] [Times: user=0.00 sys=0.00, real=0.00 secs] 
2018-03-19T13:03:33.445+0530: 3148.548: [GC (Allocation Failure) [PSYoungGen: 173664K->32K(174080K)] 258660K->85052K(523776K), 0.0011746 secs] [Times: user=0.02 sys=0.00, real=0.00 secs] 
2018-03-19T13:03:33.722+0530: 3148.825: [GC (Allocation Failure) [PSYoungGen: 173600K->96K(174080K)] 258620K->85148K(523776K), 0.0013558 secs] [Times: user=0.00 sys=0.00, real=0.00 secs] 
2018-03-19T13:03:34.000+0530: 3149.103: [GC (Allocation Failure) [PSYoungGen: 173664K->96K(174080K)] 258716K->85172K(523776K), 0.0013290 secs] [Times: user=0.00 sys=0.00, real=0.00 secs] 
2018-03-19T13:03:34.275+0530: 3149.378: [GC (Allocation Failure) [PSYoungGen: 173664K->96K(174080K)] 258740K->85188K(523776K), 0.0011488 secs] [Times: user=0.00 sys=0.00, real=0.00 secs] 
2018-03-19T13:03:34.559+0530: 3149.662: [GC (Allocation Failure) [PSYoungGen: 173664K->96K(174080K)] 258756K->85212K(523776K), 0.0013491 secs] [Times: user=0.00 sys=0.00, real=0.00 secs] 
2018-03-19T13:03:34.837+0530: 3149.940: [GC (Allocation Failure) [PSYoungGen: 173664K->96K(174080K)] 258780K->85228K(523776K), 0.0012839 secs] [Times: user=0.00 sys=0.00, real=0.00 secs] 
2018-03-19T13:03:35.113+0530: 3150.216: [GC (Allocation Failure) [PSYoungGen: 173664K->128K(174080K)] 258796K->85284K(523776K), 0.0012677 secs] [Times: user=0.00 sys=0.00, real=0.00 secs] 
2018-03-19T13:03:35.397+0530: 3150.500: [GC (Allocation Failure) [PSYoungGen: 173696K->96K(174080K)] 258852K->85276K(523776K), 0.0012504 secs] [Times: user=0.00 sys=0.00, real=0.00 secs] 
2018-03-19T13:03:35.689+0530: 3150.792: [GC (Allocation Failure) [PSYoungGen: 173664K->96K(174080K)] 258844K->85308K(523776K), 0.0014485 secs] [Times: user=0.00 sys=0.00, real=0.00 secs] 
2018-03-19T13:03:35.981+0530: 3151.083: [GC (Allocation Failure) [PSYoungGen: 173664K->96K(174080K)] 258876K->85324K(523776K), 0.0013262 secs] [Times: user=0.00 sys=0.00, real=0.00 secs] 
2018-03-19T13:03:36.257+0530: 3151.360: [GC (Allocation Failure) [PSYoungGen: 173664K->96K(174080K)] 258892K->85356K(523776K), 0.0011513 secs] [Times: user=0.00 sys=0.00, real=0.00 secs] 
2018-03-19T13:03:36.541+0530: 3151.644: [GC (Allocation Failure) [PSYoungGen: 173664K->96K(174080K)] 258924K->85380K(523776K), 0.0012169 secs] [Times: user=0.00 sys=0.00, real=0.00 secs] 
2018-03-19T13:03:36.822+0530: 3151.925: [GC (Allocation Failure) [PSYoungGen: 173664K->96K(174080K)] 258948K->85412K(523776K), 0.0012035 secs] [Times: user=0.00 sys=0.00, real=0.00 secs] 
2018-03-19T13:03:37.126+0530: 3152.228: [GC (Allocation Failure) [PSYoungGen: 173664K->96K(174080K)] 258980K->85444K(523776K), 0.0012010 secs] [Times: user=0.00 sys=0.00, real=0.00 secs] 
2018-03-19T13:03:37.409+0530: 3152.512: [GC (Allocation Failure) [PSYoungGen: 173664K->96K(174080K)] 259012K->85476K(523776K), 0.0012373 secs] [Times: user=0.00 sys=0.00, real=0.00 secs] 
2018-03-19T13:03:37.691+0530: 3152.794: [GC (Allocation Failure) [PSYoungGen: 173664K->96K(174080K)] 259044K->85508K(523776K), 0.0013248 secs] [Times: user=0.00 sys=0.00, real=0.00 secs] 
2018-03-19T13:03:37.966+0530: 3153.069: [GC (Allocation Failure) [PSYoungGen: 173664K->96K(174080K)] 259076K->85532K(523776K), 0.0011478 secs] [Times: user=0.00 sys=0.00, real=0.00 secs] 
2018-03-19T13:03:38.243+0530: 3153.345: [GC (Allocation Failure) [PSYoungGen: 173664K->96K(174080K)] 259100K->85556K(523776K), 0.0012437 secs] [Times: user=0.02 sys=0.00, real=0.00 secs] 
2018-03-19T13:03:38.532+0530: 3153.635: [GC (Allocation Failure) [PSYoungGen: 173664K->64K(174080K)] 259124K->85556K(523776K), 0.0011954 secs] [Times: user=0.00 sys=0.00, real=0.00 secs] 
2018-03-19T13:03:38.821+0530: 3153.924: [GC (Allocation Failure) [PSYoungGen: 173632K->96K(174080K)] 259124K->85612K(523776K), 0.0013265 secs] [Times: user=0.00 sys=0.00, real=0.00 secs] 
2018-03-19T13:03:39.098+0530: 3154.201: [GC (Allocation Failure) [PSYoungGen: 173664K->96K(174080K)] 259180K->85644K(523776K), 0.0014545 secs] [Times: user=0.00 sys=0.00, real=0.00 secs] 
2018-03-19T13:03:39.380+0530: 3154.483: [GC (Allocation Failure) [PSYoungGen: 173664K->96K(174080K)] 259212K->85676K(523776K), 0.0014161 secs] [Times: user=0.00 sys=0.00, real=0.00 secs] 
2018-03-19T13:03:39.675+0530: 3154.778: [GC (Allocation Failure) [PSYoungGen: 173664K->64K(174080K)] 259244K->85676K(523776K), 0.0015053 secs] [Times: user=0.00 sys=0.00, real=0.00 secs] 
2018-03-19T13:03:39.969+0530: 3155.072: [GC (Allocation Failure) [PSYoungGen: 173632K->96K(174080K)] 259244K->85732K(523776K), 0.0011605 secs] [Times: user=0.00 sys=0.00, real=0.00 secs] 
2018-03-19T13:03:40.247+0530: 3155.350: [GC (Allocation Failure) [PSYoungGen: 173664K->96K(174080K)] 259300K->85748K(523776K), 0.0011668 secs] [Times: user=0.00 sys=0.00, real=0.00 secs] 
2018-03-19T13:03:40.533+0530: 3155.636: [GC (Allocation Failure) [PSYoungGen: 173664K->96K(174080K)] 259316K->85772K(523776K), 0.0012070 secs] [Times: user=0.00 sys=0.00, real=0.00 secs] 
2018-03-19T13:03:40.820+0530: 3155.923: [GC (Allocation Failure) [PSYoungGen: 173664K->32K(174080K)] 259340K->85732K(523776K), 0.0011569 secs] [Times: user=0.00 sys=0.00, real=0.00 secs] 
2018-03-19T13:03:41.108+0530: 3156.211: [GC (Allocation Failure) [PSYoungGen: 173600K->96K(174080K)] 259300K->85820K(523776K), 0.0012892 secs] [Times: user=0.00 sys=0.00, real=0.00 secs] 
2018-03-19T13:03:41.393+0530: 3156.495: [GC (Allocation Failure) [PSYoungGen: 173664K->96K(174080K)] 259388K->85852K(523776K), 0.0012377 secs] [Times: user=0.00 sys=0.00, real=0.00 secs] 
2018-03-19T13:03:41.673+0530: 3156.775: [GC (Allocation Failure) [PSYoungGen: 173664K->64K(174080K)] 259420K->85844K(523776K), 0.0015120 secs] [Times: user=0.00 sys=0.00, real=0.00 secs] 
2018-03-19T13:03:41.952+0530: 3157.054: [GC (Allocation Failure) [PSYoungGen: 173632K->96K(174080K)] 259412K->85900K(523776K), 0.0012356 secs] [Times: user=0.00 sys=0.00, real=0.00 secs] 
2018-03-19T13:03:42.231+0530: 3157.334: [GC (Allocation Failure) [PSYoungGen: 173664K->96K(174080K)] 259468K->85924K(523776K), 0.0011756 secs] [Times: user=0.00 sys=0.00, real=0.00 secs] 
2018-03-19T13:03:42.517+0530: 3157.620: [GC (Allocation Failure) [PSYoungGen: 173664K->64K(174080K)] 259492K->85908K(523776K), 0.0015029 secs] [Times: user=0.00 sys=0.00, real=0.00 secs] 
2018-03-19T13:03:42.795+0530: 3157.898: [GC (Allocation Failure) [PSYoungGen: 173632K->96K(174080K)] 259476K->85956K(523776K), 0.0013205 secs] [Times: user=0.00 sys=0.00, real=0.00 secs] 
2018-03-19T13:03:43.070+0530: 3158.173: [GC (Allocation Failure) [PSYoungGen: 173664K->96K(174080K)] 259524K->85972K(523776K), 0.0013315 secs] [Times: user=0.00 sys=0.00, real=0.00 secs] 
2018-03-19T13:03:43.350+0530: 3158.453: [GC (Allocation Failure) [PSYoungGen: 173664K->64K(174080K)] 259540K->85964K(523776K), 0.0012373 secs] [Times: user=0.00 sys=0.00, real=0.00 secs] 
2018-03-19T13:03:43.642+0530: 3158.745: [GC (Allocation Failure) [PSYoungGen: 173632K->96K(174080K)] 259532K->86012K(523776K), 0.0015300 secs] [Times: user=0.00 sys=0.00, real=0.00 secs] 
2018-03-19T13:03:43.941+0530: 3159.044: [GC (Allocation Failure) [PSYoungGen: 173664K->96K(174080K)] 259580K->86036K(523776K), 0.0011569 secs] [Times: user=0.00 sys=0.00, real=0.00 secs] 
2018-03-19T13:03:44.216+0530: 3159.319: [GC (Allocation Failure) [PSYoungGen: 173664K->96K(174080K)] 259604K->86060K(523776K), 0.0013258 secs] [Times: user=0.00 sys=0.00, real=0.00 secs] 
2018-03-19T13:03:44.501+0530: 3159.605: [GC (Allocation Failure) [PSYoungGen: 173664K->96K(174080K)] 259628K->86092K(523776K), 0.0011485 secs] [Times: user=0.00 sys=0.00, real=0.00 secs] 
2018-03-19T13:03:44.781+0530: 3159.884: [GC (Allocation Failure) [PSYoungGen: 173664K->64K(174080K)] 259660K->86084K(523776K), 0.0012997 secs] [Times: user=0.00 sys=0.00, real=0.00 secs] 
2018-03-19T13:03:45.057+0530: 3160.160: [GC (Allocation Failure) [PSYoungGen: 173632K->96K(174080K)] 259652K->86140K(523776K), 0.0012412 secs] [Times: user=0.00 sys=0.00, real=0.00 secs] 
2018-03-19T13:03:45.334+0530: 3160.436: [GC (Allocation Failure) [PSYoungGen: 173664K->128K(174080K)] 259708K->86196K(523776K), 0.0011880 secs] [Times: user=0.00 sys=0.00, real=0.00 secs] 
2018-03-19T13:03:45.615+0530: 3160.719: [GC (Allocation Failure) [PSYoungGen: 173696K->96K(174080K)] 259764K->86196K(523776K), 0.0012878 secs] [Times: user=0.00 sys=0.00, real=0.00 secs] 
2018-03-19T13:03:45.897+0530: 3161.000: [GC (Allocation Failure) [PSYoungGen: 173664K->96K(174080K)] 259764K->86228K(523776K), 0.0010998 secs] [Times: user=0.00 sys=0.00, real=0.00 secs] 
2018-03-19T13:03:46.184+0530: 3161.287: [GC (Allocation Failure) [PSYoungGen: 173664K->96K(174080K)] 259796K->86252K(523776K), 0.0013107 secs] [Times: user=0.00 sys=0.00, real=0.00 secs] 
2018-03-19T13:03:46.470+0530: 3161.574: [GC (Allocation Failure) [PSYoungGen: 173664K->96K(174080K)] 259820K->86268K(523776K), 0.0011830 secs] [Times: user=0.00 sys=0.00, real=0.00 secs] 
2018-03-19T13:03:46.748+0530: 3161.851: [GC (Allocation Failure) [PSYoungGen: 173664K->96K(174080K)] 259836K->86292K(523776K), 0.0013191 secs] [Times: user=0.00 sys=0.00, real=0.00 secs] 
2018-03-19T13:03:47.025+0530: 3162.127: [GC (Allocation Failure) [PSYoungGen: 173664K->96K(174080K)] 259860K->86316K(523776K), 0.0011650 secs] [Times: user=0.00 sys=0.00, real=0.00 secs] 
2018-03-19T13:03:47.300+0530: 3162.402: [GC (Allocation Failure) [PSYoungGen: 173664K->96K(174080K)] 259884K->86340K(523776K), 0.0011513 secs] [Times: user=0.00 sys=0.00, real=0.00 secs] 
2018-03-19T13:03:47.593+0530: 3162.696: [GC (Allocation Failure) [PSYoungGen: 173664K->96K(174080K)] 259908K->86364K(523776K), 0.0012024 secs] [Times: user=0.00 sys=0.00, real=0.00 secs] 
2018-03-19T13:03:47.888+0530: 3162.991: [GC (Allocation Failure) [PSYoungGen: 173664K->96K(174080K)] 259932K->86388K(523776K), 0.0013167 secs] [Times: user=0.00 sys=0.00, real=0.00 secs] 
2018-03-19T13:03:48.164+0530: 3163.266: [GC (Allocation Failure) [PSYoungGen: 173664K->96K(174080K)] 259956K->86412K(523776K), 0.0013269 secs] [Times: user=0.00 sys=0.00, real=0.00 secs] 
2018-03-19T13:03:48.452+0530: 3163.555: [GC (Allocation Failure) [PSYoungGen: 173664K->128K(174080K)] 259980K->86460K(523776K), 0.0011858 secs] [Times: user=0.00 sys=0.00, real=0.00 secs] 
2018-03-19T13:03:48.725+0530: 3163.829: [GC (Allocation Failure) [PSYoungGen: 173696K->96K(174080K)] 260028K->86452K(523776K), 0.0012892 secs] [Times: user=0.00 sys=0.00, real=0.00 secs] 
2018-03-19T13:03:49.003+0530: 3164.105: [GC (Allocation Failure) [PSYoungGen: 173664K->96K(174080K)] 260020K->86476K(523776K), 0.0011562 secs] [Times: user=0.00 sys=0.00, real=0.00 secs] 
2018-03-19T13:03:49.282+0530: 3164.385: [GC (Allocation Failure) [PSYoungGen: 173664K->96K(174080K)] 260044K->86500K(523776K), 0.0013706 secs] [Times: user=0.00 sys=0.00, real=0.00 secs] 
2018-03-19T13:03:49.566+0530: 3164.669: [GC (Allocation Failure) [PSYoungGen: 173664K->96K(174080K)] 260068K->86532K(523776K), 0.0011996 secs] [Times: user=0.00 sys=0.00, real=0.00 secs] 
2018-03-19T13:03:49.844+0530: 3164.947: [GC (Allocation Failure) [PSYoungGen: 173664K->96K(174080K)] 260100K->86564K(523776K), 0.0013269 secs] [Times: user=0.00 sys=0.00, real=0.00 secs] 
2018-03-19T13:03:50.120+0530: 3165.223: [GC (Allocation Failure) [PSYoungGen: 173664K->64K(174080K)] 260132K->86564K(523776K), 0.0013220 secs] [Times: user=0.00 sys=0.00, real=0.00 secs] 
2018-03-19T13:03:50.402+0530: 3165.505: [GC (Allocation Failure) [PSYoungGen: 173632K->96K(174080K)] 260132K->86620K(523776K), 0.0012990 secs] [Times: user=0.00 sys=0.00, real=0.00 secs] 
2018-03-19T13:03:50.704+0530: 3165.807: [GC (Allocation Failure) [PSYoungGen: 173664K->96K(174080K)] 260188K->86636K(523776K), 0.0015057 secs] [Times: user=0.00 sys=0.00, real=0.00 secs] 
2018-03-19T13:03:50.998+0530: 3166.101: [GC (Allocation Failure) [PSYoungGen: 173664K->96K(174080K)] 260204K->86668K(523776K), 0.0013519 secs] [Times: user=0.00 sys=0.00, real=0.00 secs] 
2018-03-19T13:03:51.281+0530: 3166.384: [GC (Allocation Failure) [PSYoungGen: 173664K->96K(174080K)] 260236K->86684K(523776K), 0.0013452 secs] [Times: user=0.00 sys=0.00, real=0.00 secs] 
2018-03-19T13:03:51.567+0530: 3166.670: [GC (Allocation Failure) [PSYoungGen: 173664K->96K(174080K)] 260252K->86708K(523776K), 0.0013255 secs] [Times: user=0.00 sys=0.00, real=0.00 secs] 
2018-03-19T13:03:51.864+0530: 3166.967: [GC (Allocation Failure) [PSYoungGen: 173664K->96K(174080K)] 260276K->86732K(523776K), 0.0013265 secs] [Times: user=0.00 sys=0.00, real=0.00 secs] 
2018-03-19T13:03:52.143+0530: 3167.245: [GC (Allocation Failure) [PSYoungGen: 173664K->64K(174080K)] 260300K->86732K(523776K), 0.0013075 secs] [Times: user=0.00 sys=0.00, real=0.00 secs] 
2018-03-19T13:03:52.429+0530: 3167.532: [GC (Allocation Failure) [PSYoungGen: 173632K->64K(174080K)] 260300K->86756K(523776K), 0.0012197 secs] [Times: user=0.02 sys=0.00, real=0.00 secs] 
2018-03-19T13:03:52.709+0530: 3167.812: [GC (Allocation Failure) [PSYoungGen: 173632K->96K(174080K)] 260324K->86812K(523776K), 0.0012874 secs] [Times: user=0.00 sys=0.00, real=0.00 secs] 
2018-03-19T13:03:52.991+0530: 3168.094: [GC (Allocation Failure) [PSYoungGen: 173664K->32K(174080K)] 260380K->86772K(523776K), 0.0011784 secs] [Times: user=0.00 sys=0.00, real=0.00 secs] 
2018-03-19T13:03:53.266+0530: 3168.369: [GC (Allocation Failure) [PSYoungGen: 173600K->96K(174080K)] 260340K->86860K(523776K), 0.0012024 secs] [Times: user=0.00 sys=0.00, real=0.00 secs] 
2018-03-19T13:03:53.555+0530: 3168.658: [GC (Allocation Failure) [PSYoungGen: 173664K->96K(174080K)] 260428K->86884K(523776K), 0.0011555 secs] [Times: user=0.02 sys=0.00, real=0.00 secs] 
2018-03-19T13:03:53.853+0530: 3168.956: [GC (Allocation Failure) [PSYoungGen: 173664K->96K(174080K)] 260452K->86900K(523776K), 0.0012853 secs] [Times: user=0.00 sys=0.00, real=0.00 secs] 
2018-03-19T13:03:54.132+0530: 3169.235: [GC (Allocation Failure) [PSYoungGen: 173664K->96K(174080K)] 260468K->86924K(523776K), 0.0011665 secs] [Times: user=0.00 sys=0.00, real=0.00 secs] 
2018-03-19T13:03:54.416+0530: 3169.519: [GC (Allocation Failure) [PSYoungGen: 173664K->64K(174080K)] 260492K->86916K(523776K), 0.0014584 secs] [Times: user=0.00 sys=0.00, real=0.00 secs] 
2018-03-19T13:03:54.698+0530: 3169.801: [GC (Allocation Failure) [PSYoungGen: 173632K->96K(174080K)] 260484K->86972K(523776K), 0.0011548 secs] [Times: user=0.00 sys=0.00, real=0.00 secs] 
2018-03-19T13:03:54.973+0530: 3170.076: [GC (Allocation Failure) [PSYoungGen: 173664K->96K(174080K)] 260540K->86996K(523776K), 0.0013163 secs] [Times: user=0.00 sys=0.00, real=0.00 secs] 
2018-03-19T13:03:55.251+0530: 3170.354: [GC (Allocation Failure) [PSYoungGen: 173664K->96K(174080K)] 260564K->87012K(523776K), 0.0011545 secs] [Times: user=0.00 sys=0.00, real=0.00 secs] 
2018-03-19T13:03:55.533+0530: 3170.636: [GC (Allocation Failure) [PSYoungGen: 173664K->96K(174080K)] 260580K->87036K(523776K), 0.0012744 secs] [Times: user=0.00 sys=0.00, real=0.00 secs] 
2018-03-19T13:03:55.832+0530: 3170.935: [GC (Allocation Failure) [PSYoungGen: 173664K->64K(174080K)] 260604K->87036K(523776K), 0.0013375 secs] [Times: user=0.00 sys=0.00, real=0.00 secs] 
2018-03-19T13:03:56.120+0530: 3171.223: [GC (Allocation Failure) [PSYoungGen: 173632K->64K(174080K)] 260604K->87068K(523776K), 0.0012856 secs] [Times: user=0.00 sys=0.00, real=0.00 secs] 
2018-03-19T13:03:56.403+0530: 3171.506: [GC (Allocation Failure) [PSYoungGen: 173632K->64K(174080K)] 260636K->87092K(523776K), 0.0014027 secs] [Times: user=0.00 sys=0.00, real=0.00 secs] 
2018-03-19T13:03:56.689+0530: 3171.792: [GC (Allocation Failure) [PSYoungGen: 173632K->96K(174080K)] 260660K->87140K(523776K), 0.0011566 secs] [Times: user=0.00 sys=0.00, real=0.00 secs] 
2018-03-19T13:03:56.965+0530: 3172.068: [GC (Allocation Failure) [PSYoungGen: 173664K->96K(174080K)] 260708K->87164K(523776K), 0.0012677 secs] [Times: user=0.00 sys=0.00, real=0.00 secs] 
2018-03-19T13:03:57.242+0530: 3172.345: [GC (Allocation Failure) [PSYoungGen: 173664K->96K(174080K)] 260732K->87188K(523776K), 0.0011925 secs] [Times: user=0.02 sys=0.00, real=0.00 secs] 
2018-03-19T13:03:57.539+0530: 3172.642: [GC (Allocation Failure) [PSYoungGen: 173664K->96K(174080K)] 260756K->87212K(523776K), 0.0016041 secs] [Times: user=0.01 sys=0.00, real=0.00 secs] 
2018-03-19T13:03:57.834+0530: 3172.937: [GC (Allocation Failure) [PSYoungGen: 173664K->96K(174080K)] 260780K->87236K(523776K), 0.0013198 secs] [Times: user=0.00 sys=0.00, real=0.00 secs] 
2018-03-19T13:03:58.110+0530: 3173.212: [GC (Allocation Failure) [PSYoungGen: 173664K->64K(174080K)] 260804K->87236K(523776K), 0.0011777 secs] [Times: user=0.00 sys=0.00, real=0.00 secs] 
2018-03-19T13:03:58.395+0530: 3173.498: [GC (Allocation Failure) [PSYoungGen: 173632K->96K(174080K)] 260804K->87284K(523776K), 0.0018731 secs] [Times: user=0.00 sys=0.00, real=0.00 secs] 
2018-03-19T13:03:58.675+0530: 3173.777: [GC (Allocation Failure) [PSYoungGen: 173664K->96K(174080K)] 260852K->87308K(523776K), 0.0012525 secs] [Times: user=0.00 sys=0.00, real=0.00 secs] 
2018-03-19T13:03:58.949+0530: 3174.052: [GC (Allocation Failure) [PSYoungGen: 173664K->64K(174080K)] 260876K->87300K(523776K), 0.0012990 secs] [Times: user=0.00 sys=0.00, real=0.00 secs] 
2018-03-19T13:03:59.225+0530: 3174.328: [GC (Allocation Failure) [PSYoungGen: 173632K->64K(174080K)] 260868K->87324K(523776K), 0.0013012 secs] [Times: user=0.00 sys=0.00, real=0.00 secs] 
2018-03-19T13:03:59.515+0530: 3174.617: [GC (Allocation Failure) [PSYoungGen: 173632K->96K(174080K)] 260892K->87380K(523776K), 0.0012945 secs] [Times: user=0.00 sys=0.00, real=0.00 secs] 
2018-03-19T13:03:59.810+0530: 3174.914: [GC (Allocation Failure) [PSYoungGen: 173664K->64K(174080K)] 260948K->87372K(523776K), 0.0012402 secs] [Times: user=0.00 sys=0.00, real=0.00 secs] 
2018-03-19T13:04:00.111+0530: 3175.214: [GC (Allocation Failure) [PSYoungGen: 173632K->64K(174080K)] 260940K->87404K(523776K), 0.0014362 secs] [Times: user=0.00 sys=0.00, real=0.00 secs] 
2018-03-19T13:04:00.401+0530: 3175.504: [GC (Allocation Failure) [PSYoungGen: 173632K->64K(174080K)] 260972K->87428K(523776K), 0.0013883 secs] [Times: user=0.00 sys=0.00, real=0.00 secs] 
2018-03-19T13:04:00.683+0530: 3175.786: [GC (Allocation Failure) [PSYoungGen: 173632K->64K(174080K)] 260996K->87460K(523776K), 0.0012419 secs] [Times: user=0.00 sys=0.00, real=0.00 secs] 
2018-03-19T13:04:00.968+0530: 3176.071: [GC (Allocation Failure) [PSYoungGen: 173632K->64K(174080K)] 261028K->87484K(523776K), 0.0011672 secs] [Times: user=0.00 sys=0.00, real=0.00 secs] 
2018-03-19T13:04:01.261+0530: 3176.363: [GC (Allocation Failure) [PSYoungGen: 173632K->96K(174080K)] 261052K->87540K(523776K), 0.0011904 secs] [Times: user=0.00 sys=0.00, real=0.00 secs] 
2018-03-19T13:04:01.546+0530: 3176.648: [GC (Allocation Failure) [PSYoungGen: 173664K->64K(174080K)] 261108K->87532K(523776K), 0.0013019 secs] [Times: user=0.00 sys=0.00, real=0.00 secs] 
2018-03-19T13:04:01.822+0530: 3176.924: [GC (Allocation Failure) [PSYoungGen: 173632K->64K(174080K)] 261100K->87556K(523776K), 0.0012906 secs] [Times: user=0.00 sys=0.00, real=0.00 secs] 
2018-03-19T13:04:02.100+0530: 3177.204: [GC (Allocation Failure) [PSYoungGen: 173632K->64K(174080K)] 261124K->87580K(523776K), 0.0011587 secs] [Times: user=0.00 sys=0.00, real=0.00 secs] 
2018-03-19T13:04:02.382+0530: 3177.485: [GC (Allocation Failure) [PSYoungGen: 173632K->64K(174080K)] 261148K->87604K(523776K), 0.0011449 secs] [Times: user=0.00 sys=0.00, real=0.00 secs] 
2018-03-19T13:04:02.663+0530: 3177.765: [GC (Allocation Failure) [PSYoungGen: 173632K->96K(174080K)] 261172K->87668K(523776K), 0.0011686 secs] [Times: user=0.00 sys=0.00, real=0.00 secs] 
2018-03-19T13:04:02.938+0530: 3178.041: [GC (Allocation Failure) [PSYoungGen: 173664K->96K(174080K)] 261236K->87692K(523776K), 0.0011527 secs] [Times: user=0.00 sys=0.00, real=0.00 secs] 
2018-03-19T13:04:03.214+0530: 3178.317: [GC (Allocation Failure) [PSYoungGen: 173664K->64K(174080K)] 261260K->87692K(523776K), 0.0012010 secs] [Times: user=0.00 sys=0.00, real=0.00 secs] 
2018-03-19T13:04:03.503+0530: 3178.606: [GC (Allocation Failure) [PSYoungGen: 173632K->96K(174080K)] 261260K->87748K(523776K), 0.0012387 secs] [Times: user=0.00 sys=0.00, real=0.00 secs] 
2018-03-19T13:04:03.818+0530: 3178.921: [GC (Allocation Failure) [PSYoungGen: 173664K->96K(174080K)] 261316K->87772K(523776K), 0.0014997 secs] [Times: user=0.00 sys=0.00, real=0.00 secs] 
2018-03-19T13:04:04.098+0530: 3179.201: [GC (Allocation Failure) [PSYoungGen: 173664K->96K(174080K)] 261340K->87796K(523776K), 0.0011326 secs] [Times: user=0.00 sys=0.00, real=0.00 secs] 
2018-03-19T13:04:04.386+0530: 3179.489: [GC (Allocation Failure) [PSYoungGen: 173664K->96K(174080K)] 261364K->87820K(523776K), 0.0014408 secs] [Times: user=0.00 sys=0.00, real=0.00 secs] 
2018-03-19T13:04:04.670+0530: 3179.773: [GC (Allocation Failure) [PSYoungGen: 173664K->96K(174080K)] 261388K->87852K(523776K), 0.0011566 secs] [Times: user=0.00 sys=0.00, real=0.00 secs] 
2018-03-19T13:04:04.945+0530: 3180.047: [GC (Allocation Failure) [PSYoungGen: 173664K->96K(174080K)] 261420K->87876K(523776K), 0.0012528 secs] [Times: user=0.00 sys=0.00, real=0.00 secs] 
2018-03-19T13:04:05.220+0530: 3180.324: [GC (Allocation Failure) [PSYoungGen: 173664K->64K(174080K)] 261444K->87868K(523776K), 0.0013290 secs] [Times: user=0.00 sys=0.00, real=0.00 secs] 
2018-03-19T13:04:05.510+0530: 3180.613: [GC (Allocation Failure) [PSYoungGen: 173632K->96K(174080K)] 261436K->87924K(523776K), 0.0012349 secs] [Times: user=0.00 sys=0.00, real=0.00 secs] 
2018-03-19T13:04:05.792+0530: 3180.895: [GC (Allocation Failure) [PSYoungGen: 173664K->96K(174080K)] 261492K->87948K(523776K), 0.0012927 secs] [Times: user=0.00 sys=0.00, real=0.00 secs] 
2018-03-19T13:04:06.073+0530: 3181.176: [GC (Allocation Failure) [PSYoungGen: 173664K->96K(174080K)] 261516K->87972K(523776K), 0.0015483 secs] [Times: user=0.00 sys=0.00, real=0.00 secs] 
2018-03-19T13:04:06.362+0530: 3181.465: [GC (Allocation Failure) [PSYoungGen: 173664K->96K(174080K)] 261540K->87996K(523776K), 0.0012560 secs] [Times: user=0.00 sys=0.00, real=0.00 secs] 
2018-03-19T13:04:06.644+0530: 3181.747: [GC (Allocation Failure) [PSYoungGen: 173664K->96K(174080K)] 261564K->88028K(523776K), 0.0011908 secs] [Times: user=0.00 sys=0.00, real=0.00 secs] 
2018-03-19T13:04:06.921+0530: 3182.024: [GC (Allocation Failure) [PSYoungGen: 173664K->64K(174080K)] 261596K->88020K(523776K), 0.0012842 secs] [Times: user=0.00 sys=0.00, real=0.00 secs] 
2018-03-19T13:04:07.197+0530: 3182.300: [GC (Allocation Failure) [PSYoungGen: 173632K->96K(174080K)] 261588K->88076K(523776K), 0.0012673 secs] [Times: user=0.00 sys=0.00, real=0.00 secs] 
2018-03-19T13:04:07.488+0530: 3182.591: [GC (Allocation Failure) [PSYoungGen: 173664K->32K(174080K)] 261644K->88036K(523776K), 0.0011527 secs] [Times: user=0.00 sys=0.00, real=0.00 secs] 
2018-03-19T13:04:07.808+0530: 3182.911: [GC (Allocation Failure) [PSYoungGen: 173600K->64K(174080K)] 261604K->88092K(523776K), 0.0013406 secs] [Times: user=0.00 sys=0.00, real=0.00 secs] 
2018-03-19T13:04:08.089+0530: 3183.192: [GC (Allocation Failure) [PSYoungGen: 173632K->64K(174080K)] 261660K->88116K(523776K), 0.0012729 secs] [Times: user=0.00 sys=0.00, real=0.00 secs] 
2018-03-19T13:04:08.370+0530: 3183.473: [GC (Allocation Failure) [PSYoungGen: 173632K->96K(174080K)] 261684K->88164K(523776K), 0.0012525 secs] [Times: user=0.00 sys=0.00, real=0.00 secs] 
2018-03-19T13:04:08.652+0530: 3183.755: [GC (Allocation Failure) [PSYoungGen: 173664K->96K(174080K)] 261732K->88188K(523776K), 0.0013371 secs] [Times: user=0.00 sys=0.00, real=0.00 secs] 
2018-03-19T13:04:08.932+0530: 3184.035: [GC (Allocation Failure) [PSYoungGen: 173664K->96K(174080K)] 261756K->88212K(523776K), 0.0013452 secs] [Times: user=0.00 sys=0.00, real=0.00 secs] 
2018-03-19T13:04:09.212+0530: 3184.315: [GC (Allocation Failure) [PSYoungGen: 173664K->96K(174080K)] 261780K->88236K(523776K), 0.0013153 secs] [Times: user=0.00 sys=0.00, real=0.00 secs] 
2018-03-19T13:04:09.500+0530: 3184.603: [GC (Allocation Failure) [PSYoungGen: 173664K->96K(174080K)] 261804K->88252K(523776K), 0.0011583 secs] [Times: user=0.00 sys=0.00, real=0.00 secs] 
2018-03-19T13:04:09.844+0530: 3184.947: [GC (Allocation Failure) [PSYoungGen: 173664K->96K(174080K)] 261820K->88276K(523776K), 0.0014475 secs] [Times: user=0.00 sys=0.00, real=0.00 secs] 
2018-03-19T13:04:10.123+0530: 3185.226: [GC (Allocation Failure) [PSYoungGen: 173664K->96K(174080K)] 261844K->88300K(523776K), 0.0013548 secs] [Times: user=0.00 sys=0.00, real=0.00 secs] 
2018-03-19T13:04:10.408+0530: 3185.511: [GC (Allocation Failure) [PSYoungGen: 173664K->96K(174080K)] 261868K->88324K(523776K), 0.0012842 secs] [Times: user=0.00 sys=0.00, real=0.00 secs] 
2018-03-19T13:04:10.698+0530: 3185.801: [GC (Allocation Failure) [PSYoungGen: 173664K->96K(174080K)] 261892K->88356K(523776K), 0.0013452 secs] [Times: user=0.00 sys=0.00, real=0.00 secs] 
2018-03-19T13:04:10.988+0530: 3186.091: [GC (Allocation Failure) [PSYoungGen: 173664K->96K(174080K)] 261924K->88380K(523776K), 0.0013770 secs] [Times: user=0.00 sys=0.00, real=0.00 secs] 
2018-03-19T13:04:11.274+0530: 3186.376: [GC (Allocation Failure) [PSYoungGen: 173664K->96K(174080K)] 261948K->88404K(523776K), 0.0013294 secs] [Times: user=0.00 sys=0.00, real=0.00 secs] 
2018-03-19T13:04:11.559+0530: 3186.662: [GC (Allocation Failure) [PSYoungGen: 173664K->96K(174080K)] 261972K->88436K(523776K), 0.0011393 secs] [Times: user=0.00 sys=0.00, real=0.00 secs] 
2018-03-19T13:04:11.862+0530: 3186.965: [GC (Allocation Failure) [PSYoungGen: 173664K->96K(174080K)] 262004K->88460K(523776K), 0.0012426 secs] [Times: user=0.00 sys=0.00, real=0.00 secs] 
2018-03-19T13:04:12.141+0530: 3187.244: [GC (Allocation Failure) [PSYoungGen: 173664K->64K(174080K)] 262028K->88452K(523776K), 0.0014105 secs] [Times: user=0.00 sys=0.00, real=0.00 secs] 
2018-03-19T13:04:12.426+0530: 3187.528: [GC (Allocation Failure) [PSYoungGen: 173632K->96K(174080K)] 262020K->88516K(523776K), 0.0013773 secs] [Times: user=0.00 sys=0.00, real=0.00 secs] 
2018-03-19T13:04:12.705+0530: 3187.807: [GC (Allocation Failure) [PSYoungGen: 173664K->96K(174080K)] 262084K->88540K(523776K), 0.0011675 secs] [Times: user=0.00 sys=0.00, real=0.00 secs] 
2018-03-19T13:04:12.984+0530: 3188.087: [GC (Allocation Failure) [PSYoungGen: 173664K->96K(174080K)] 262108K->88564K(523776K), 0.0011866 secs] [Times: user=0.00 sys=0.00, real=0.00 secs] 
2018-03-19T13:04:13.261+0530: 3188.364: [GC (Allocation Failure) [PSYoungGen: 173664K->96K(174080K)] 262132K->88588K(523776K), 0.0011894 secs] [Times: user=0.00 sys=0.00, real=0.00 secs] 
2018-03-19T13:04:13.552+0530: 3188.655: [GC (Allocation Failure) [PSYoungGen: 173664K->64K(174080K)] 262156K->88588K(523776K), 0.0012793 secs] [Times: user=0.00 sys=0.00, real=0.00 secs] 
2018-03-19T13:04:13.840+0530: 3188.943: [GC (Allocation Failure) [PSYoungGen: 173632K->32K(174080K)] 262156K->88572K(523776K), 0.0014845 secs] [Times: user=0.00 sys=0.00, real=0.00 secs] 
2018-03-19T13:04:14.162+0530: 3189.265: [GC (Allocation Failure) [PSYoungGen: 173600K->64K(174080K)] 262140K->88628K(523776K), 0.0014323 secs] [Times: user=0.00 sys=0.00, real=0.00 secs] 
2018-03-19T13:04:14.481+0530: 3189.585: [GC (Allocation Failure) [PSYoungGen: 173632K->64K(174080K)] 262196K->88644K(523776K), 0.0020558 secs] [Times: user=0.00 sys=0.00, real=0.00 secs] 
2018-03-19T13:04:14.822+0530: 3189.925: [GC (Allocation Failure) [PSYoungGen: 173632K->64K(174080K)] 262212K->88668K(523776K), 0.0012236 secs] [Times: user=0.00 sys=0.00, real=0.00 secs] 
2018-03-19T13:04:15.195+0530: 3190.299: [GC (Allocation Failure) [PSYoungGen: 173632K->96K(174080K)] 262236K->88724K(523776K), 0.0013142 secs] [Times: user=0.06 sys=0.00, real=0.00 secs] 
2018-03-19T13:04:15.504+0530: 3190.607: [GC (Allocation Failure) [PSYoungGen: 173664K->64K(174080K)] 262292K->88724K(523776K), 0.0011605 secs] [Times: user=0.00 sys=0.00, real=0.00 secs] 
2018-03-19T13:04:15.830+0530: 3190.933: [GC (Allocation Failure) [PSYoungGen: 173632K->128K(174080K)] 262292K->88804K(523776K), 0.0014679 secs] [Times: user=0.00 sys=0.00, real=0.00 secs] 
2018-03-19T13:04:16.133+0530: 3191.236: [GC (Allocation Failure) [PSYoungGen: 173696K->32K(174080K)] 262372K->88732K(523776K), 0.0016890 secs] [Times: user=0.02 sys=0.00, real=0.00 secs] 
2018-03-19T13:04:16.448+0530: 3191.551: [GC (Allocation Failure) [PSYoungGen: 173600K->64K(174080K)] 262300K->88788K(523776K), 0.0013431 secs] [Times: user=0.00 sys=0.00, real=0.00 secs] 
2018-03-19T13:04:16.749+0530: 3191.852: [GC (Allocation Failure) [PSYoungGen: 173632K->96K(174080K)] 262356K->88852K(523776K), 0.0012412 secs] [Times: user=0.00 sys=0.00, real=0.00 secs] 
2018-03-19T13:04:17.052+0530: 3192.155: [GC (Allocation Failure) [PSYoungGen: 173664K->96K(174080K)] 262420K->88868K(523776K), 0.0013047 secs] [Times: user=0.00 sys=0.00, real=0.00 secs] 
2018-03-19T13:04:17.367+0530: 3192.470: [GC (Allocation Failure) [PSYoungGen: 173664K->96K(174080K)] 262436K->88900K(523776K), 0.0016383 secs] [Times: user=0.00 sys=0.00, real=0.00 secs] 
2018-03-19T13:04:17.694+0530: 3192.797: [GC (Allocation Failure) [PSYoungGen: 173664K->64K(174080K)] 262468K->88900K(523776K), 0.0012215 secs] [Times: user=0.00 sys=0.00, real=0.00 secs] 
2018-03-19T13:04:18.365+0530: 3193.469: [GC (Allocation Failure) [PSYoungGen: 173632K->32K(174080K)] 262468K->88884K(523776K), 0.0022285 secs] [Times: user=0.02 sys=0.00, real=0.00 secs] 
2018-03-19T13:04:18.740+0530: 3193.844: [GC (Allocation Failure) [PSYoungGen: 173600K->96K(174080K)] 262452K->88972K(523776K), 0.0013107 secs] [Times: user=0.00 sys=0.00, real=0.00 secs] 
2018-03-19T13:04:19.234+0530: 3194.337: [GC (Allocation Failure) [PSYoungGen: 173664K->64K(174080K)] 262540K->88956K(523776K), 0.0042882 secs] [Times: user=0.00 sys=0.00, real=0.00 secs] 
2018-03-19T13:04:19.643+0530: 3194.746: [GC (Allocation Failure) [PSYoungGen: 173632K->96K(174080K)] 262524K->89004K(523776K), 0.0015660 secs] [Times: user=0.00 sys=0.00, real=0.00 secs] 
2018-03-19T13:04:19.975+0530: 3195.078: [GC (Allocation Failure) [PSYoungGen: 173664K->96K(174080K)] 262572K->89020K(523776K), 0.0014863 secs] [Times: user=0.00 sys=0.00, real=0.00 secs] 
2018-03-19T13:04:20.568+0530: 3195.671: [GC (Allocation Failure) [PSYoungGen: 173664K->96K(174080K)] 262588K->89044K(523776K), 0.0029398 secs] [Times: user=0.00 sys=0.00, real=0.00 secs] 
2018-03-19T13:04:21.130+0530: 3196.233: [GC (Allocation Failure) [PSYoungGen: 173664K->96K(174080K)] 262612K->89068K(523776K), 0.0036517 secs] [Times: user=0.00 sys=0.01, real=0.00 secs] 
2018-03-19T13:04:21.616+0530: 3196.719: [GC (Allocation Failure) [PSYoungGen: 173664K->96K(174080K)] 262636K->89084K(523776K), 0.0040145 secs] [Times: user=0.05 sys=0.00, real=0.00 secs] 
2018-03-19T13:04:22.051+0530: 3197.154: [GC (Allocation Failure) [PSYoungGen: 173664K->128K(174080K)] 262652K->89132K(523776K), 0.0012585 secs] [Times: user=0.00 sys=0.00, real=0.00 secs] 
2018-03-19T13:04:22.487+0530: 3197.589: [GC (Allocation Failure) [PSYoungGen: 173696K->96K(174080K)] 262700K->89116K(523776K), 0.0014690 secs] [Times: user=0.00 sys=0.00, real=0.00 secs] 
2018-03-19T13:04:22.839+0530: 3197.942: [GC (Allocation Failure) [PSYoungGen: 173664K->128K(174080K)] 262684K->89164K(523776K), 0.0012550 secs] [Times: user=0.00 sys=0.00, real=0.00 secs] 
2018-03-19T13:04:23.154+0530: 3198.257: [GC (Allocation Failure) [PSYoungGen: 173696K->96K(174080K)] 262732K->89156K(523776K), 0.0013551 secs] [Times: user=0.00 sys=0.00, real=0.00 secs] 
2018-03-19T13:04:23.486+0530: 3198.589: [GC (Allocation Failure) [PSYoungGen: 173664K->32K(174080K)] 262724K->89116K(523776K), 0.0013593 secs] [Times: user=0.00 sys=0.00, real=0.00 secs] 
2018-03-19T13:04:23.853+0530: 3198.955: [GC (Allocation Failure) [PSYoungGen: 173600K->64K(174080K)] 262684K->89180K(523776K), 0.0015723 secs] [Times: user=0.00 sys=0.00, real=0.00 secs] 
2018-03-19T13:04:24.179+0530: 3199.281: [GC (Allocation Failure) [PSYoungGen: 173632K->64K(174080K)] 262748K->89204K(523776K), 0.0014108 secs] [Times: user=0.00 sys=0.00, real=0.00 secs] 
2018-03-19T13:04:24.495+0530: 3199.598: [GC (Allocation Failure) [PSYoungGen: 173632K->96K(174080K)] 262772K->89260K(523776K), 0.0013301 secs] [Times: user=0.00 sys=0.00, real=0.00 secs] 
2018-03-19T13:04:24.977+0530: 3200.080: [GC (Allocation Failure) [PSYoungGen: 173664K->96K(174080K)] 262828K->89276K(523776K), 0.0015304 secs] [Times: user=0.06 sys=0.00, real=0.00 secs] 
2018-03-19T13:04:25.688+0530: 3200.791: [GC (Allocation Failure) [PSYoungGen: 173664K->96K(174080K)] 262844K->89300K(523776K), 0.0015103 secs] [Times: user=0.00 sys=0.00, real=0.00 secs] 
2018-03-19T13:04:26.026+0530: 3201.129: [GC (Allocation Failure) [PSYoungGen: 173664K->96K(174080K)] 262868K->89332K(523776K), 0.0014034 secs] [Times: user=0.00 sys=0.00, real=0.00 secs] 
2018-03-19T13:04:26.369+0530: 3201.472: [GC (Allocation Failure) [PSYoungGen: 173664K->96K(174080K)] 262900K->89364K(523776K), 0.0015124 secs] [Times: user=0.00 sys=0.00, real=0.00 secs] 
2018-03-19T13:04:26.682+0530: 3201.785: [GC (Allocation Failure) [PSYoungGen: 173664K->96K(174080K)] 262932K->89388K(523776K), 0.0014006 secs] [Times: user=0.00 sys=0.00, real=0.00 secs] 
2018-03-19T13:04:26.987+0530: 3202.090: [GC (Allocation Failure) [PSYoungGen: 173664K->96K(174080K)] 262956K->89420K(523776K), 0.0014503 secs] [Times: user=0.00 sys=0.00, real=0.00 secs] 
2018-03-19T13:04:27.295+0530: 3202.399: [GC (Allocation Failure) [PSYoungGen: 173664K->96K(174080K)] 262988K->89452K(523776K), 0.0014214 secs] [Times: user=0.00 sys=0.00, real=0.00 secs] 
2018-03-19T13:04:27.608+0530: 3202.711: [GC (Allocation Failure) [PSYoungGen: 173664K->64K(174080K)] 263020K->89436K(523776K), 0.0014838 secs] [Times: user=0.00 sys=0.00, real=0.00 secs] 
2018-03-19T13:04:27.939+0530: 3203.042: [GC (Allocation Failure) [PSYoungGen: 173632K->64K(174080K)] 263004K->89460K(523776K), 0.0015230 secs] [Times: user=0.00 sys=0.00, real=0.00 secs] 
2018-03-19T13:04:28.248+0530: 3203.352: [GC (Allocation Failure) [PSYoungGen: 173632K->96K(174080K)] 263028K->89524K(523776K), 0.0012352 secs] [Times: user=0.00 sys=0.00, real=0.00 secs] 
2018-03-19T13:04:28.571+0530: 3203.674: [GC (Allocation Failure) [PSYoungGen: 173664K->96K(174080K)] 263092K->89556K(523776K), 0.0015282 secs] [Times: user=0.05 sys=0.00, real=0.00 secs] 
2018-03-19T13:04:28.878+0530: 3203.981: [GC (Allocation Failure) [PSYoungGen: 173664K->128K(174080K)] 263124K->89612K(523776K), 0.0013939 secs] [Times: user=0.00 sys=0.00, real=0.00 secs] 
2018-03-19T13:04:29.871+0530: 3204.974: [GC (Allocation Failure) [PSYoungGen: 173696K->64K(174080K)] 263180K->89572K(523776K), 0.0020956 secs] [Times: user=0.00 sys=0.00, real=0.00 secs] 
2018-03-19T13:04:30.353+0530: 3205.456: [GC (Allocation Failure) [PSYoungGen: 173632K->96K(174080K)] 263140K->89620K(523776K), 0.0018400 secs] [Times: user=0.00 sys=0.00, real=0.00 secs] 
2018-03-19T13:04:30.724+0530: 3205.827: [GC (Allocation Failure) [PSYoungGen: 173664K->64K(174080K)] 263188K->89604K(523776K), 0.0040350 secs] [Times: user=0.02 sys=0.00, real=0.01 secs] 
2018-03-19T13:04:31.270+0530: 3206.373: [GC (Allocation Failure) [PSYoungGen: 173632K->96K(174080K)] 263172K->89668K(523776K), 0.0018142 secs] [Times: user=0.00 sys=0.00, real=0.00 secs] 
2018-03-19T13:04:31.657+0530: 3206.761: [GC (Allocation Failure) [PSYoungGen: 173664K->64K(174080K)] 263236K->89652K(523776K), 0.0015311 secs] [Times: user=0.00 sys=0.00, real=0.00 secs] 
2018-03-19T13:04:31.949+0530: 3207.052: [GC (Allocation Failure) [PSYoungGen: 173632K->96K(174080K)] 263220K->89716K(523776K), 0.0012606 secs] [Times: user=0.00 sys=0.00, real=0.00 secs] 
2018-03-19T13:04:32.248+0530: 3207.351: [GC (Allocation Failure) [PSYoungGen: 173664K->64K(174080K)] 263284K->89708K(523776K), 0.0012313 secs] [Times: user=0.00 sys=0.00, real=0.00 secs] 
2018-03-19T13:04:32.576+0530: 3207.678: [GC (Allocation Failure) [PSYoungGen: 173632K->96K(174080K)] 263276K->89764K(523776K), 0.0014094 secs] [Times: user=0.00 sys=0.00, real=0.00 secs] 
2018-03-19T13:04:32.863+0530: 3207.966: [GC (Allocation Failure) [PSYoungGen: 173664K->96K(174080K)] 263332K->89788K(523776K), 0.0011799 secs] [Times: user=0.00 sys=0.00, real=0.00 secs] 
2018-03-19T13:04:33.142+0530: 3208.244: [GC (Allocation Failure) [PSYoungGen: 173664K->96K(174080K)] 263356K->89812K(523776K), 0.0013801 secs] [Times: user=0.00 sys=0.00, real=0.00 secs] 
2018-03-19T13:04:33.430+0530: 3208.533: [GC (Allocation Failure) [PSYoungGen: 173664K->64K(174080K)] 263380K->89804K(523776K), 0.0011682 secs] [Times: user=0.02 sys=0.00, real=0.00 secs] 
2018-03-19T13:04:33.732+0530: 3208.835: [GC (Allocation Failure) [PSYoungGen: 173632K->96K(174080K)] 263372K->89860K(523776K), 0.0011876 secs] [Times: user=0.00 sys=0.00, real=0.00 secs] 
2018-03-19T13:04:34.014+0530: 3209.117: [GC (Allocation Failure) [PSYoungGen: 173664K->96K(174080K)] 263428K->89884K(523776K), 0.0013272 secs] [Times: user=0.00 sys=0.00, real=0.00 secs] 
2018-03-19T13:04:34.292+0530: 3209.395: [GC (Allocation Failure) [PSYoungGen: 173664K->96K(174080K)] 263452K->89900K(523776K), 0.0012938 secs] [Times: user=0.00 sys=0.00, real=0.00 secs] 
2018-03-19T13:04:34.591+0530: 3209.694: [GC (Allocation Failure) [PSYoungGen: 173664K->96K(174080K)] 263468K->89916K(523776K), 0.0012775 secs] [Times: user=0.00 sys=0.00, real=0.00 secs] 
2018-03-19T13:04:34.879+0530: 3209.982: [GC (Allocation Failure) [PSYoungGen: 173664K->64K(174080K)] 263484K->89908K(523776K), 0.0013625 secs] [Times: user=0.00 sys=0.00, real=0.00 secs] 
2018-03-19T13:04:35.195+0530: 3210.298: [GC (Allocation Failure) [PSYoungGen: 173632K->64K(174080K)] 263476K->89940K(523776K), 0.0014701 secs] [Times: user=0.02 sys=0.00, real=0.00 secs] 
2018-03-19T13:04:35.910+0530: 3211.014: [GC (Allocation Failure) [PSYoungGen: 173632K->96K(174080K)] 263508K->89996K(523776K), 0.0016443 secs] [Times: user=0.00 sys=0.00, real=0.00 secs] 
2018-03-19T13:04:36.475+0530: 3211.577: [GC (Allocation Failure) [PSYoungGen: 173664K->96K(174080K)] 263564K->90020K(523776K), 0.0015078 secs] [Times: user=0.00 sys=0.00, real=0.00 secs] 
2018-03-19T13:04:36.828+0530: 3211.931: [GC (Allocation Failure) [PSYoungGen: 173664K->96K(174080K)] 263588K->90052K(523776K), 0.0015251 secs] [Times: user=0.00 sys=0.00, real=0.00 secs] 
2018-03-19T13:04:37.145+0530: 3212.249: [GC (Allocation Failure) [PSYoungGen: 173664K->96K(174080K)] 263620K->90076K(523776K), 0.0012525 secs] [Times: user=0.00 sys=0.00, real=0.00 secs] 
2018-03-19T13:04:37.469+0530: 3212.573: [GC (Allocation Failure) [PSYoungGen: 173664K->96K(174080K)] 263644K->90108K(523776K), 0.0015564 secs] [Times: user=0.00 sys=0.00, real=0.00 secs] 
2018-03-19T13:04:37.781+0530: 3212.883: [GC (Allocation Failure) [PSYoungGen: 173664K->96K(174080K)] 263676K->90140K(523776K), 0.0013149 secs] [Times: user=0.00 sys=0.00, real=0.00 secs] 
2018-03-19T13:04:38.080+0530: 3213.183: [GC (Allocation Failure) [PSYoungGen: 173664K->96K(174080K)] 263708K->90172K(523776K), 0.0013946 secs] [Times: user=0.00 sys=0.00, real=0.00 secs] 
2018-03-19T13:04:38.387+0530: 3213.490: [GC (Allocation Failure) [PSYoungGen: 173664K->96K(174080K)] 263740K->90204K(523776K), 0.0013629 secs] [Times: user=0.00 sys=0.00, real=0.00 secs] 
2018-03-19T13:04:38.679+0530: 3213.782: [GC (Allocation Failure) [PSYoungGen: 173664K->96K(174080K)] 263772K->90228K(523776K), 0.0013463 secs] [Times: user=0.00 sys=0.00, real=0.00 secs] 
2018-03-19T13:04:38.975+0530: 3214.078: [GC (Allocation Failure) [PSYoungGen: 173664K->64K(174080K)] 263796K->90220K(523776K), 0.0013671 secs] [Times: user=0.00 sys=0.00, real=0.00 secs] 
2018-03-19T13:04:39.262+0530: 3214.365: [GC (Allocation Failure) [PSYoungGen: 173632K->96K(174080K)] 263788K->90284K(523776K), 0.0012899 secs] [Times: user=0.00 sys=0.00, real=0.00 secs] 
2018-03-19T13:04:39.564+0530: 3214.667: [GC (Allocation Failure) [PSYoungGen: 173664K->96K(174080K)] 263852K->90316K(523776K), 0.0013223 secs] [Times: user=0.00 sys=0.00, real=0.00 secs] 
2018-03-19T13:04:39.878+0530: 3214.981: [GC (Allocation Failure) [PSYoungGen: 173664K->96K(174080K)] 263884K->90332K(523776K), 0.0014256 secs] [Times: user=0.00 sys=0.00, real=0.00 secs] 
2018-03-19T13:04:40.174+0530: 3215.277: [GC (Allocation Failure) [PSYoungGen: 173664K->64K(174080K)] 263900K->90332K(523776K), 0.0014239 secs] [Times: user=0.00 sys=0.00, real=0.00 secs] 
2018-03-19T13:04:40.464+0530: 3215.567: [GC (Allocation Failure) [PSYoungGen: 173632K->96K(174080K)] 263900K->90388K(523776K), 0.0012483 secs] [Times: user=0.00 sys=0.00, real=0.00 secs] 
2018-03-19T13:04:40.748+0530: 3215.850: [GC (Allocation Failure) [PSYoungGen: 173664K->64K(174080K)] 263956K->90380K(523776K), 0.0013043 secs] [Times: user=0.00 sys=0.00, real=0.00 secs] 
2018-03-19T13:04:41.041+0530: 3216.144: [GC (Allocation Failure) [PSYoungGen: 173632K->64K(174080K)] 263948K->90404K(523776K), 0.0014024 secs] [Times: user=0.00 sys=0.00, real=0.00 secs] 
2018-03-19T13:04:41.319+0530: 3216.422: [GC (Allocation Failure) [PSYoungGen: 173632K->96K(174080K)] 263972K->90468K(523776K), 0.0011298 secs] [Times: user=0.00 sys=0.00, real=0.00 secs] 
2018-03-19T13:04:41.621+0530: 3216.724: [GC (Allocation Failure) [PSYoungGen: 173664K->96K(174080K)] 264036K->90500K(523776K), 0.0011887 secs] [Times: user=0.00 sys=0.00, real=0.00 secs] 
2018-03-19T13:04:41.921+0530: 3217.024: [GC (Allocation Failure) [PSYoungGen: 173664K->96K(174080K)] 264068K->90532K(523776K), 0.0013022 secs] [Times: user=0.00 sys=0.00, real=0.00 secs] 
2018-03-19T13:04:42.205+0530: 3217.307: [GC (Allocation Failure) [PSYoungGen: 173664K->32K(174080K)] 264100K->90492K(523776K), 0.0012793 secs] [Times: user=0.00 sys=0.00, real=0.00 secs] 
2018-03-19T13:04:42.495+0530: 3217.598: [GC (Allocation Failure) [PSYoungGen: 173600K->96K(174080K)] 264060K->90580K(523776K), 0.0013287 secs] [Times: user=0.00 sys=0.00, real=0.00 secs] 
2018-03-19T13:04:42.787+0530: 3217.890: [GC (Allocation Failure) [PSYoungGen: 173664K->96K(174080K)] 264148K->90604K(523776K), 0.0012472 secs] [Times: user=0.00 sys=0.00, real=0.00 secs] 
2018-03-19T13:04:43.069+0530: 3218.171: [GC (Allocation Failure) [PSYoungGen: 173664K->96K(174080K)] 264172K->90628K(523776K), 0.0014091 secs] [Times: user=0.00 sys=0.00, real=0.00 secs] 
2018-03-19T13:04:43.354+0530: 3218.457: [GC (Allocation Failure) [PSYoungGen: 173664K->96K(174080K)] 264196K->90652K(523776K), 0.0012045 secs] [Times: user=0.00 sys=0.00, real=0.00 secs] 
2018-03-19T13:04:43.666+0530: 3218.769: [GC (Allocation Failure) [PSYoungGen: 173664K->96K(174080K)] 264220K->90676K(523776K), 0.0014433 secs] [Times: user=0.00 sys=0.00, real=0.00 secs] 
2018-03-19T13:04:43.953+0530: 3219.055: [GC (Allocation Failure) [PSYoungGen: 173664K->96K(174080K)] 264244K->90708K(523776K), 0.0014221 secs] [Times: user=0.00 sys=0.00, real=0.00 secs] 
2018-03-19T13:04:44.235+0530: 3219.338: [GC (Allocation Failure) [PSYoungGen: 173664K->64K(174080K)] 264276K->90700K(523776K), 0.0012825 secs] [Times: user=0.00 sys=0.00, real=0.00 secs] 
2018-03-19T13:04:44.524+0530: 3219.627: [GC (Allocation Failure) [PSYoungGen: 173632K->96K(174080K)] 264268K->90756K(523776K), 0.0012578 secs] [Times: user=0.00 sys=0.00, real=0.00 secs] 
2018-03-19T13:04:44.804+0530: 3219.907: [GC (Allocation Failure) [PSYoungGen: 173664K->64K(174080K)] 264324K->90748K(523776K), 0.0012158 secs] [Times: user=0.00 sys=0.00, real=0.00 secs] 
2018-03-19T13:04:45.083+0530: 3220.186: [GC (Allocation Failure) [PSYoungGen: 173632K->96K(174080K)] 264316K->90812K(523776K), 0.0011968 secs] [Times: user=0.00 sys=0.00, real=0.00 secs] 
2018-03-19T13:04:45.392+0530: 3220.495: [GC (Allocation Failure) [PSYoungGen: 173664K->32K(174080K)] 264380K->90764K(523776K), 0.0015628 secs] [Times: user=0.00 sys=0.00, real=0.00 secs] 
2018-03-19T13:04:45.792+0530: 3220.894: [GC (Allocation Failure) [PSYoungGen: 173600K->64K(174080K)] 264332K->90812K(523776K), 0.0016037 secs] [Times: user=0.00 sys=0.00, real=0.00 secs] 
2018-03-19T13:04:46.116+0530: 3221.218: [GC (Allocation Failure) [PSYoungGen: 173632K->32K(174080K)] 264380K->90812K(523776K), 0.0015159 secs] [Times: user=0.00 sys=0.00, real=0.00 secs] 
2018-03-19T13:04:46.494+0530: 3221.597: [GC (Allocation Failure) [PSYoungGen: 173600K->64K(174080K)] 264380K->90868K(523776K), 0.0023294 secs] [Times: user=0.00 sys=0.00, real=0.00 secs] 
2018-03-19T13:04:47.062+0530: 3222.166: [GC (Allocation Failure) [PSYoungGen: 173632K->96K(174080K)] 264436K->90916K(523776K), 0.0015392 secs] [Times: user=0.00 sys=0.00, real=0.00 secs] 
2018-03-19T13:04:47.372+0530: 3222.475: [GC (Allocation Failure) [PSYoungGen: 173664K->96K(174080K)] 264484K->90948K(523776K), 0.0014792 secs] [Times: user=0.00 sys=0.00, real=0.00 secs] 
2018-03-19T13:04:47.696+0530: 3222.800: [GC (Allocation Failure) [PSYoungGen: 173664K->64K(174080K)] 264516K->90948K(523776K), 0.0015783 secs] [Times: user=0.00 sys=0.00, real=0.00 secs] 
2018-03-19T13:04:47.999+0530: 3223.101: [GC (Allocation Failure) [PSYoungGen: 173632K->96K(174080K)] 264516K->91004K(523776K), 0.0013731 secs] [Times: user=0.00 sys=0.00, real=0.00 secs] 
2018-03-19T13:04:48.301+0530: 3223.403: [GC (Allocation Failure) [PSYoungGen: 173664K->96K(174080K)] 264572K->91036K(523776K), 0.0013953 secs] [Times: user=0.00 sys=0.00, real=0.00 secs] 
2018-03-19T13:04:48.729+0530: 3223.832: [GC (Allocation Failure) [PSYoungGen: 173664K->32K(174080K)] 264604K->90988K(523776K), 0.0024327 secs] [Times: user=0.00 sys=0.00, real=0.00 secs] 
2018-03-19T13:04:49.162+0530: 3224.264: [GC (Allocation Failure) [PSYoungGen: 173600K->64K(174080K)] 264556K->91036K(523776K), 0.0015046 secs] [Times: user=0.00 sys=0.00, real=0.00 secs] 
2018-03-19T13:04:49.465+0530: 3224.568: [GC (Allocation Failure) [PSYoungGen: 173632K->96K(174080K)] 264604K->91092K(523776K), 0.0012581 secs] [Times: user=0.00 sys=0.00, real=0.00 secs] 
2018-03-19T13:04:49.786+0530: 3224.889: [GC (Allocation Failure) [PSYoungGen: 173664K->96K(174080K)] 264660K->91108K(523776K), 0.0013745 secs] [Times: user=0.00 sys=0.00, real=0.00 secs] 
2018-03-19T13:04:50.108+0530: 3225.211: [GC (Allocation Failure) [PSYoungGen: 173664K->96K(174080K)] 264676K->91132K(523776K), 0.0015691 secs] [Times: user=0.00 sys=0.00, real=0.00 secs] 
2018-03-19T13:04:50.423+0530: 3225.525: [GC (Allocation Failure) [PSYoungGen: 173664K->96K(174080K)] 264700K->91156K(523776K), 0.0015621 secs] [Times: user=0.00 sys=0.00, real=0.00 secs] 
2018-03-19T13:04:50.782+0530: 3225.885: [GC (Allocation Failure) [PSYoungGen: 173664K->96K(174080K)] 264724K->91172K(523776K), 0.0018601 secs] [Times: user=0.00 sys=0.00, real=0.00 secs] 
2018-03-19T13:04:51.155+0530: 3226.258: [GC (Allocation Failure) [PSYoungGen: 173664K->64K(174080K)] 264740K->91164K(523776K), 0.0013502 secs] [Times: user=0.00 sys=0.00, real=0.00 secs] 
2018-03-19T13:04:51.508+0530: 3226.611: [GC (Allocation Failure) [PSYoungGen: 173632K->64K(174080K)] 264732K->91196K(523776K), 0.0020625 secs] [Times: user=0.00 sys=0.00, real=0.00 secs] 
2018-03-19T13:04:51.886+0530: 3226.989: [GC (Allocation Failure) [PSYoungGen: 173632K->96K(174080K)] 264764K->91252K(523776K), 0.0015286 secs] [Times: user=0.00 sys=0.00, real=0.00 secs] 
2018-03-19T13:04:52.203+0530: 3227.306: [GC (Allocation Failure) [PSYoungGen: 173664K->64K(174080K)] 264820K->91252K(523776K), 0.0013202 secs] [Times: user=0.00 sys=0.00, real=0.00 secs] 
2018-03-19T13:04:52.537+0530: 3227.640: [GC (Allocation Failure) [PSYoungGen: 173632K->64K(174080K)] 264820K->91268K(523776K), 0.0014828 secs] [Times: user=0.00 sys=0.00, real=0.00 secs] 
2018-03-19T13:04:52.864+0530: 3227.966: [GC (Allocation Failure) [PSYoungGen: 173632K->96K(174080K)] 264836K->91324K(523776K), 0.0012476 secs] [Times: user=0.00 sys=0.00, real=0.00 secs] 
2018-03-19T13:04:53.155+0530: 3228.258: [GC (Allocation Failure) [PSYoungGen: 173664K->96K(174080K)] 264892K->91348K(523776K), 0.0012863 secs] [Times: user=0.00 sys=0.00, real=0.00 secs] 
2018-03-19T13:04:53.453+0530: 3228.556: [GC (Allocation Failure) [PSYoungGen: 173664K->96K(174080K)] 264916K->91380K(523776K), 0.0013339 secs] [Times: user=0.00 sys=0.00, real=0.00 secs] 
2018-03-19T13:04:53.740+0530: 3228.844: [GC (Allocation Failure) [PSYoungGen: 173664K->64K(174080K)] 264948K->91372K(523776K), 0.0012754 secs] [Times: user=0.00 sys=0.00, real=0.00 secs] 
2018-03-19T13:04:54.047+0530: 3229.149: [GC (Allocation Failure) [PSYoungGen: 173632K->96K(174080K)] 264940K->91420K(523776K), 0.0016093 secs] [Times: user=0.00 sys=0.00, real=0.00 secs] 
2018-03-19T13:04:54.346+0530: 3229.449: [GC (Allocation Failure) [PSYoungGen: 173664K->64K(174080K)] 264988K->91404K(523776K), 0.0019983 secs] [Times: user=0.00 sys=0.00, real=0.00 secs] 
2018-03-19T13:04:54.640+0530: 3229.743: [GC (Allocation Failure) [PSYoungGen: 173632K->96K(174080K)] 264972K->91460K(523776K), 0.0012744 secs] [Times: user=0.00 sys=0.00, real=0.00 secs] 
2018-03-19T13:04:55.001+0530: 3230.104: [GC (Allocation Failure) [PSYoungGen: 173664K->96K(174080K)] 265028K->91484K(523776K), 0.0013392 secs] [Times: user=0.00 sys=0.00, real=0.00 secs] 
2018-03-19T13:04:55.391+0530: 3230.494: [GC (Allocation Failure) [PSYoungGen: 173664K->64K(174080K)] 265052K->91468K(523776K), 0.0020706 secs] [Times: user=0.00 sys=0.00, real=0.00 secs] 
2018-03-19T13:04:56.111+0530: 3231.214: [GC (Allocation Failure) [PSYoungGen: 173632K->64K(174080K)] 265036K->91484K(523776K), 0.0024919 secs] [Times: user=0.00 sys=0.00, real=0.00 secs] 
2018-03-19T13:04:56.728+0530: 3231.831: [GC (Allocation Failure) [PSYoungGen: 173632K->64K(174080K)] 265052K->91500K(523776K), 0.0018548 secs] [Times: user=0.00 sys=0.00, real=0.00 secs] 
2018-03-19T13:04:57.306+0530: 3232.409: [GC (Allocation Failure) [PSYoungGen: 173632K->64K(174080K)] 265068K->91516K(523776K), 0.0020233 secs] [Times: user=0.00 sys=0.00, real=0.00 secs] 
2018-03-19T13:04:57.946+0530: 3233.049: [GC (Allocation Failure) [PSYoungGen: 173632K->32K(174080K)] 265084K->91508K(523776K), 0.0029955 secs] [Times: user=0.03 sys=0.00, real=0.00 secs] 
2018-03-19T13:04:58.563+0530: 3233.666: [GC (Allocation Failure) [PSYoungGen: 173600K->64K(174080K)] 265076K->91556K(523776K), 0.0027296 secs] [Times: user=0.00 sys=0.00, real=0.00 secs] 
2018-03-19T13:04:59.476+0530: 3234.578: [GC (Allocation Failure) [PSYoungGen: 173632K->32K(174080K)] 265124K->91540K(523776K), 0.0024239 secs] [Times: user=0.02 sys=0.00, real=0.00 secs] 
2018-03-19T13:04:59.992+0530: 3235.095: [GC (Allocation Failure) [PSYoungGen: 173600K->96K(174080K)] 265108K->91628K(523776K), 0.0014489 secs] [Times: user=0.00 sys=0.00, real=0.00 secs] 
2018-03-19T13:05:00.338+0530: 3235.441: [GC (Allocation Failure) [PSYoungGen: 173664K->64K(174080K)] 265196K->91620K(523776K), 0.0020896 secs] [Times: user=0.00 sys=0.00, real=0.00 secs] 
2018-03-19T13:05:00.821+0530: 3235.924: [GC (Allocation Failure) [PSYoungGen: 173632K->64K(174080K)] 265188K->91636K(523776K), 0.0024345 secs] [Times: user=0.00 sys=0.00, real=0.00 secs] 
2018-03-19T13:05:01.244+0530: 3236.346: [GC (Allocation Failure) [PSYoungGen: 173632K->96K(174080K)] 265204K->91692K(523776K), 0.0012765 secs] [Times: user=0.00 sys=0.00, real=0.00 secs] 
2018-03-19T13:05:01.582+0530: 3236.685: [GC (Allocation Failure) [PSYoungGen: 173664K->64K(174080K)] 265260K->91676K(523776K), 0.0025797 secs] [Times: user=0.00 sys=0.00, real=0.00 secs] 
2018-03-19T13:05:01.983+0530: 3237.086: [GC (Allocation Failure) [PSYoungGen: 173632K->96K(174080K)] 265244K->91740K(523776K), 0.0016037 secs] [Times: user=0.00 sys=0.00, real=0.00 secs] 
2018-03-19T13:05:03.030+0530: 3238.133: [GC (Allocation Failure) [PSYoungGen: 173664K->96K(174080K)] 265308K->91756K(523776K), 0.0024733 secs] [Times: user=0.00 sys=0.00, real=0.00 secs] 
2018-03-19T13:05:03.920+0530: 3239.023: [GC (Allocation Failure) [PSYoungGen: 173664K->96K(174080K)] 265324K->91780K(523776K), 0.0017938 secs] [Times: user=0.00 sys=0.00, real=0.00 secs] 
2018-03-19T13:05:04.527+0530: 3239.629: [GC (Allocation Failure) [PSYoungGen: 173664K->64K(174080K)] 265348K->91772K(523776K), 0.0022504 secs] [Times: user=0.00 sys=0.00, real=0.00 secs] 
2018-03-19T13:05:05.088+0530: 3240.191: [GC (Allocation Failure) [PSYoungGen: 173632K->96K(174080K)] 265340K->91820K(523776K), 0.0019912 secs] [Times: user=0.00 sys=0.00, real=0.00 secs] 
2018-03-19T13:05:05.737+0530: 3240.840: [GC (Allocation Failure) [PSYoungGen: 173664K->64K(174080K)] 265388K->91820K(523776K), 0.0017648 secs] [Times: user=0.00 sys=0.00, real=0.00 secs] 
2018-03-19T13:05:06.276+0530: 3241.379: [GC (Allocation Failure) [PSYoungGen: 173632K->96K(174080K)] 265388K->91868K(523776K), 0.0021771 secs] [Times: user=0.00 sys=0.00, real=0.00 secs] 
2018-03-19T13:05:06.994+0530: 3242.097: [GC (Allocation Failure) [PSYoungGen: 173664K->96K(174080K)] 265436K->91884K(523776K), 0.0019077 secs] [Times: user=0.00 sys=0.00, real=0.00 secs] 
2018-03-19T13:05:07.480+0530: 3242.582: [GC (Allocation Failure) [PSYoungGen: 173664K->64K(174080K)] 265452K->91884K(523776K), 0.0020113 secs] [Times: user=0.00 sys=0.00, real=0.00 secs] 
2018-03-19T13:05:08.038+0530: 3243.140: [GC (Allocation Failure) [PSYoungGen: 173632K->96K(174080K)] 265452K->91948K(523776K), 0.0014828 secs] [Times: user=0.00 sys=0.00, real=0.00 secs] 
2018-03-19T13:05:08.493+0530: 3243.596: [GC (Allocation Failure) [PSYoungGen: 173664K->96K(174080K)] 265516K->91972K(523776K), 0.0019175 secs] [Times: user=0.00 sys=0.00, real=0.00 secs] 
2018-03-19T13:05:08.922+0530: 3244.025: [GC (Allocation Failure) [PSYoungGen: 173664K->64K(174080K)] 265540K->91956K(523776K), 0.0020399 secs] [Times: user=0.00 sys=0.00, real=0.00 secs] 
2018-03-19T13:05:09.405+0530: 3244.508: [GC (Allocation Failure) [PSYoungGen: 173632K->96K(174080K)] 265524K->92020K(523776K), 0.0018583 secs] [Times: user=0.00 sys=0.00, real=0.00 secs] 
2018-03-19T13:05:09.820+0530: 3244.924: [GC (Allocation Failure) [PSYoungGen: 173664K->96K(174080K)] 265588K->92044K(523776K), 0.0014651 secs] [Times: user=0.00 sys=0.02, real=0.00 secs] 
2018-03-19T13:05:10.245+0530: 3245.347: [GC (Allocation Failure) [PSYoungGen: 173664K->96K(174080K)] 265612K->92060K(523776K), 0.0017472 secs] [Times: user=0.00 sys=0.00, real=0.00 secs] 
2018-03-19T13:05:10.612+0530: 3245.715: [GC (Allocation Failure) [PSYoungGen: 173664K->64K(174080K)] 265628K->92052K(523776K), 0.0016859 secs] [Times: user=0.00 sys=0.00, real=0.00 secs] 
2018-03-19T13:05:10.981+0530: 3246.085: [GC (Allocation Failure) [PSYoungGen: 173632K->64K(174080K)] 265620K->92068K(523776K), 0.0021749 secs] [Times: user=0.00 sys=0.00, real=0.00 secs] 
2018-03-19T13:05:11.309+0530: 3246.413: [GC (Allocation Failure) [PSYoungGen: 173632K->96K(174080K)] 265636K->92124K(523776K), 0.0014193 secs] [Times: user=0.00 sys=0.00, real=0.00 secs] 
2018-03-19T13:05:11.693+0530: 3246.796: [GC (Allocation Failure) [PSYoungGen: 173664K->96K(174080K)] 265692K->92140K(523776K), 0.0016986 secs] [Times: user=0.00 sys=0.00, real=0.00 secs] 
2018-03-19T13:05:12.026+0530: 3247.129: [GC (Allocation Failure) [PSYoungGen: 173664K->96K(174080K)] 265708K->92156K(523776K), 0.0016192 secs] [Times: user=0.00 sys=0.00, real=0.00 secs] 
2018-03-19T13:05:12.357+0530: 3247.460: [GC (Allocation Failure) [PSYoungGen: 173664K->96K(174080K)] 265724K->92188K(523776K), 0.0012599 secs] [Times: user=0.00 sys=0.00, real=0.00 secs] 
2018-03-19T13:05:12.666+0530: 3247.769: [GC (Allocation Failure) [PSYoungGen: 173664K->96K(174080K)] 265756K->92212K(523776K), 0.0012451 secs] [Times: user=0.00 sys=0.00, real=0.00 secs] 
2018-03-19T13:05:12.966+0530: 3248.069: [GC (Allocation Failure) [PSYoungGen: 173664K->96K(174080K)] 265780K->92228K(523776K), 0.0013354 secs] [Times: user=0.00 sys=0.00, real=0.00 secs] 
2018-03-19T13:05:13.290+0530: 3248.393: [GC (Allocation Failure) [PSYoungGen: 173664K->96K(174080K)] 265796K->92260K(523776K), 0.0014359 secs] [Times: user=0.00 sys=0.00, real=0.00 secs] 
2018-03-19T13:05:13.882+0530: 3248.985: [GC (Allocation Failure) [PSYoungGen: 173664K->96K(174080K)] 265828K->92276K(523776K), 0.0019754 secs] [Times: user=0.02 sys=0.00, real=0.00 secs] 
2018-03-19T13:05:14.446+0530: 3249.549: [GC (Allocation Failure) [PSYoungGen: 173664K->96K(174080K)] 265844K->92292K(523776K), 0.0022719 secs] [Times: user=0.00 sys=0.02, real=0.00 secs] 
2018-03-19T13:05:15.338+0530: 3250.441: [GC (Allocation Failure) [PSYoungGen: 173664K->96K(174080K)] 265860K->92316K(523776K), 0.0016171 secs] [Times: user=0.00 sys=0.00, real=0.00 secs] 
2018-03-19T13:05:15.748+0530: 3250.851: [GC (Allocation Failure) [PSYoungGen: 173664K->96K(174080K)] 265884K->92340K(523776K), 0.0017447 secs] [Times: user=0.00 sys=0.00, real=0.00 secs] 
2018-03-19T13:05:16.134+0530: 3251.237: [GC (Allocation Failure) [PSYoungGen: 173664K->96K(174080K)] 265908K->92364K(523776K), 0.0016626 secs] [Times: user=0.00 sys=0.00, real=0.00 secs] 
2018-03-19T13:05:16.499+0530: 3251.602: [GC (Allocation Failure) [PSYoungGen: 173664K->96K(174080K)] 265932K->92380K(523776K), 0.0015000 secs] [Times: user=0.00 sys=0.00, real=0.00 secs] 
2018-03-19T13:05:16.891+0530: 3251.995: [GC (Allocation Failure) [PSYoungGen: 173664K->96K(174080K)] 265948K->92396K(523776K), 0.0014694 secs] [Times: user=0.00 sys=0.00, real=0.00 secs] 
2018-03-19T13:05:17.329+0530: 3252.432: [GC (Allocation Failure) [PSYoungGen: 173664K->64K(174080K)] 265964K->92380K(523776K), 0.0018964 secs] [Times: user=0.00 sys=0.00, real=0.00 secs] 
2018-03-19T13:05:17.700+0530: 3252.803: [GC (Allocation Failure) [PSYoungGen: 173632K->96K(174080K)] 265948K->92436K(523776K), 0.0015540 secs] [Times: user=0.00 sys=0.00, real=0.00 secs] 
2018-03-19T13:05:18.032+0530: 3253.135: [GC (Allocation Failure) [PSYoungGen: 173664K->96K(174080K)] 266004K->92460K(523776K), 0.0015487 secs] [Times: user=0.00 sys=0.00, real=0.00 secs] 
2018-03-19T13:05:18.370+0530: 3253.472: [GC (Allocation Failure) [PSYoungGen: 173664K->96K(174080K)] 266028K->92484K(523776K), 0.0015469 secs] [Times: user=0.00 sys=0.00, real=0.00 secs] 
2018-03-19T13:05:18.709+0530: 3253.812: [GC (Allocation Failure) [PSYoungGen: 173664K->96K(174080K)] 266052K->92516K(523776K), 0.0016643 secs] [Times: user=0.00 sys=0.00, real=0.00 secs] 
2018-03-19T13:05:19.042+0530: 3254.145: [GC (Allocation Failure) [PSYoungGen: 173664K->96K(174080K)] 266084K->92548K(523776K), 0.0015374 secs] [Times: user=0.00 sys=0.00, real=0.00 secs] 
2018-03-19T13:05:19.361+0530: 3254.464: [GC (Allocation Failure) [PSYoungGen: 173664K->96K(174080K)] 266116K->92564K(523776K), 0.0015698 secs] [Times: user=0.00 sys=0.00, real=0.00 secs] 
2018-03-19T13:05:19.694+0530: 3254.797: [GC (Allocation Failure) [PSYoungGen: 173664K->96K(174080K)] 266132K->92596K(523776K), 0.0016118 secs] [Times: user=0.00 sys=0.00, real=0.00 secs] 
2018-03-19T13:05:20.005+0530: 3255.107: [GC (Allocation Failure) [PSYoungGen: 173664K->64K(174080K)] 266164K->92580K(523776K), 0.0014799 secs] [Times: user=0.00 sys=0.00, real=0.00 secs] 
2018-03-19T13:05:20.299+0530: 3255.401: [GC (Allocation Failure) [PSYoungGen: 173632K->64K(174080K)] 266148K->92596K(523776K), 0.0015974 secs] [Times: user=0.00 sys=0.00, real=0.00 secs] 
2018-03-19T13:05:20.606+0530: 3255.709: [GC (Allocation Failure) [PSYoungGen: 173632K->96K(174080K)] 266164K->92660K(523776K), 0.0012832 secs] [Times: user=0.00 sys=0.00, real=0.00 secs] 
2018-03-19T13:05:20.895+0530: 3255.998: [GC (Allocation Failure) [PSYoungGen: 173664K->96K(174080K)] 266228K->92684K(523776K), 0.0012655 secs] [Times: user=0.00 sys=0.00, real=0.00 secs] 
2018-03-19T13:05:21.191+0530: 3256.294: [GC (Allocation Failure) [PSYoungGen: 173664K->96K(174080K)] 266252K->92708K(523776K), 0.0013417 secs] [Times: user=0.00 sys=0.00, real=0.00 secs] 
2018-03-19T13:05:21.480+0530: 3256.583: [GC (Allocation Failure) [PSYoungGen: 173664K->96K(174080K)] 266276K->92724K(523776K), 0.0014450 secs] [Times: user=0.00 sys=0.00, real=0.00 secs] 
2018-03-19T13:05:21.808+0530: 3256.912: [GC (Allocation Failure) [PSYoungGen: 173664K->64K(174080K)] 266292K->92724K(523776K), 0.0015769 secs] [Times: user=0.00 sys=0.00, real=0.00 secs] 
2018-03-19T13:05:22.121+0530: 3257.224: [GC (Allocation Failure) [PSYoungGen: 173632K->64K(174080K)] 266292K->92740K(523776K), 0.0022599 secs] [Times: user=0.00 sys=0.00, real=0.00 secs] 
2018-03-19T13:05:22.592+0530: 3257.695: [GC (Allocation Failure) [PSYoungGen: 173632K->64K(174080K)] 266308K->92764K(523776K), 0.0017581 secs] [Times: user=0.00 sys=0.00, real=0.00 secs] 
2018-03-19T13:05:22.947+0530: 3258.050: [GC (Allocation Failure) [PSYoungGen: 173632K->64K(174080K)] 266332K->92788K(523776K), 0.0016252 secs] [Times: user=0.00 sys=0.00, real=0.00 secs] 
2018-03-19T13:05:24.026+0530: 3259.129: [GC (Allocation Failure) [PSYoungGen: 173632K->64K(174080K)] 266356K->92804K(523776K), 0.0032758 secs] [Times: user=0.00 sys=0.00, real=0.00 secs] 
2018-03-19T13:05:24.800+0530: 3259.902: [GC (Allocation Failure) [PSYoungGen: 173632K->64K(174080K)] 266372K->92820K(523776K), 0.0024211 secs] [Times: user=0.00 sys=0.00, real=0.00 secs] 
2018-03-19T13:05:25.764+0530: 3260.867: [GC (Allocation Failure) [PSYoungGen: 173632K->96K(174080K)] 266388K->92876K(523776K), 0.0012557 secs] [Times: user=0.00 sys=0.00, real=0.00 secs] 
2018-03-19T13:05:26.179+0530: 3261.283: [GC (Allocation Failure) [PSYoungGen: 173664K->96K(174080K)] 266444K->92900K(523776K), 0.0029179 secs] [Times: user=0.06 sys=0.00, real=0.00 secs] 
2018-03-19T13:05:26.616+0530: 3261.720: [GC (Allocation Failure) [PSYoungGen: 173664K->96K(174080K)] 266468K->92924K(523776K), 0.0018206 secs] [Times: user=0.03 sys=0.00, real=0.00 secs] 
2018-03-19T13:05:26.998+0530: 3262.101: [GC (Allocation Failure) [PSYoungGen: 173664K->96K(174080K)] 266492K->92948K(523776K), 0.0016220 secs] [Times: user=0.00 sys=0.00, real=0.00 secs] 
2018-03-19T13:05:27.339+0530: 3262.442: [GC (Allocation Failure) [PSYoungGen: 173664K->96K(174080K)] 266516K->92972K(523776K), 0.0021425 secs] [Times: user=0.00 sys=0.00, real=0.00 secs] 
2018-03-19T13:05:27.750+0530: 3262.854: [GC (Allocation Failure) [PSYoungGen: 173664K->96K(174080K)] 266540K->92988K(523776K), 0.0023883 secs] [Times: user=0.00 sys=0.00, real=0.00 secs] 
2018-03-19T13:05:28.099+0530: 3263.201: [GC (Allocation Failure) [PSYoungGen: 173664K->64K(174080K)] 266556K->92972K(523776K), 0.0013696 secs] [Times: user=0.00 sys=0.00, real=0.00 secs] 
2018-03-19T13:05:28.419+0530: 3263.521: [GC (Allocation Failure) [PSYoungGen: 173632K->96K(174080K)] 266540K->93036K(523776K), 0.0015684 secs] [Times: user=0.00 sys=0.00, real=0.00 secs] 
2018-03-19T13:05:28.891+0530: 3263.995: [GC (Allocation Failure) [PSYoungGen: 173664K->64K(174080K)] 266604K->93020K(523776K), 0.0021143 secs] [Times: user=0.00 sys=0.00, real=0.00 secs] 
2018-03-19T13:05:29.314+0530: 3264.417: [GC (Allocation Failure) [PSYoungGen: 173632K->96K(174080K)] 266588K->93084K(523776K), 0.0015885 secs] [Times: user=0.00 sys=0.00, real=0.00 secs] 
2018-03-19T13:05:29.628+0530: 3264.730: [GC (Allocation Failure) [PSYoungGen: 173664K->96K(174080K)] 266652K->93100K(523776K), 0.0014232 secs] [Times: user=0.00 sys=0.00, real=0.00 secs] 
2018-03-19T13:05:29.939+0530: 3265.042: [GC (Allocation Failure) [PSYoungGen: 173664K->64K(174080K)] 266668K->93092K(523776K), 0.0013950 secs] [Times: user=0.00 sys=0.00, real=0.00 secs] 
2018-03-19T13:05:30.234+0530: 3265.337: [GC (Allocation Failure) [PSYoungGen: 173632K->128K(174080K)] 266660K->93180K(523776K), 0.0014715 secs] [Times: user=0.00 sys=0.00, real=0.00 secs] 
2018-03-19T13:05:30.529+0530: 3265.632: [GC (Allocation Failure) [PSYoungGen: 173696K->96K(174080K)] 266748K->93172K(523776K), 0.0012525 secs] [Times: user=0.00 sys=0.00, real=0.00 secs] 
2018-03-19T13:05:30.836+0530: 3265.939: [GC (Allocation Failure) [PSYoungGen: 173664K->96K(174080K)] 266740K->93204K(523776K), 0.0013537 secs] [Times: user=0.00 sys=0.00, real=0.00 secs] 
2018-03-19T13:05:31.132+0530: 3266.234: [GC (Allocation Failure) [PSYoungGen: 173664K->64K(174080K)] 266772K->93204K(523776K), 0.0012190 secs] [Times: user=0.00 sys=0.00, real=0.00 secs] 
2018-03-19T13:05:31.524+0530: 3266.628: [GC (Allocation Failure) [PSYoungGen: 173632K->96K(174080K)] 266772K->93268K(523776K), 0.0030276 secs] [Times: user=0.00 sys=0.00, real=0.00 secs] 
2018-03-19T13:05:31.875+0530: 3266.978: [GC (Allocation Failure) [PSYoungGen: 173664K->96K(174080K)] 266836K->93300K(523776K), 0.0013244 secs] [Times: user=0.00 sys=0.00, real=0.00 secs] 
2018-03-19T13:05:32.192+0530: 3267.295: [GC (Allocation Failure) [PSYoungGen: 173664K->96K(174080K)] 266868K->93332K(523776K), 0.0013579 secs] [Times: user=0.00 sys=0.00, real=0.00 secs] 
2018-03-19T13:05:32.517+0530: 3267.619: [GC (Allocation Failure) [PSYoungGen: 173664K->96K(174080K)] 266900K->93356K(523776K), 0.0013689 secs] [Times: user=0.00 sys=0.00, real=0.00 secs] 
2018-03-19T13:05:32.826+0530: 3267.929: [GC (Allocation Failure) [PSYoungGen: 173664K->96K(174080K)] 266924K->93380K(523776K), 0.0013403 secs] [Times: user=0.00 sys=0.00, real=0.00 secs] 
2018-03-19T13:05:33.132+0530: 3268.234: [GC (Allocation Failure) [PSYoungGen: 173664K->96K(174080K)] 266948K->93404K(523776K), 0.0012335 secs] [Times: user=0.00 sys=0.00, real=0.00 secs] 
2018-03-19T13:05:33.432+0530: 3268.535: [GC (Allocation Failure) [PSYoungGen: 173664K->96K(174080K)] 266972K->93428K(523776K), 0.0012987 secs] [Times: user=0.00 sys=0.00, real=0.00 secs] 
2018-03-19T13:05:33.728+0530: 3268.831: [GC (Allocation Failure) [PSYoungGen: 173664K->96K(174080K)] 266996K->93460K(523776K), 0.0013932 secs] [Times: user=0.00 sys=0.00, real=0.00 secs] 
2018-03-19T13:05:34.024+0530: 3269.127: [GC (Allocation Failure) [PSYoungGen: 173664K->96K(174080K)] 267028K->93484K(523776K), 0.0014281 secs] [Times: user=0.00 sys=0.00, real=0.00 secs] 
2018-03-19T13:05:34.336+0530: 3269.439: [GC (Allocation Failure) [PSYoungGen: 173664K->96K(174080K)] 267052K->93516K(523776K), 0.0012680 secs] [Times: user=0.02 sys=0.00, real=0.00 secs] 
2018-03-19T13:05:34.645+0530: 3269.748: [GC (Allocation Failure) [PSYoungGen: 173664K->32K(174080K)] 267084K->93476K(523776K), 0.0012874 secs] [Times: user=0.00 sys=0.00, real=0.00 secs] 
2018-03-19T13:05:34.936+0530: 3270.039: [GC (Allocation Failure) [PSYoungGen: 173600K->96K(174080K)] 267044K->93572K(523776K), 0.0014570 secs] [Times: user=0.00 sys=0.00, real=0.00 secs] 
2018-03-19T13:05:35.228+0530: 3270.331: [GC (Allocation Failure) [PSYoungGen: 173664K->96K(174080K)] 267140K->93588K(523776K), 0.0012920 secs] [Times: user=0.00 sys=0.00, real=0.00 secs] 
2018-03-19T13:05:35.520+0530: 3270.623: [GC (Allocation Failure) [PSYoungGen: 173664K->64K(174080K)] 267156K->93572K(523776K), 0.0012768 secs] [Times: user=0.00 sys=0.00, real=0.00 secs] 
2018-03-19T13:05:35.817+0530: 3270.921: [GC (Allocation Failure) [PSYoungGen: 173632K->32K(174080K)] 267140K->93572K(523776K), 0.0013854 secs] [Times: user=0.00 sys=0.00, real=0.00 secs] 
2018-03-19T13:05:36.102+0530: 3271.205: [GC (Allocation Failure) [PSYoungGen: 173600K->96K(174080K)] 267140K->93652K(523776K), 0.0013325 secs] [Times: user=0.00 sys=0.00, real=0.00 secs] 
2018-03-19T13:05:36.390+0530: 3271.493: [GC (Allocation Failure) [PSYoungGen: 173664K->96K(174080K)] 267220K->93684K(523776K), 0.0012250 secs] [Times: user=0.00 sys=0.00, real=0.00 secs] 
2018-03-19T13:05:36.668+0530: 3271.771: [GC (Allocation Failure) [PSYoungGen: 173664K->96K(174080K)] 267252K->93716K(523776K), 0.0012387 secs] [Times: user=0.00 sys=0.00, real=0.00 secs] 
2018-03-19T13:05:36.946+0530: 3272.049: [GC (Allocation Failure) [PSYoungGen: 173664K->64K(174080K)] 267284K->93700K(523776K), 0.0016379 secs] [Times: user=0.02 sys=0.00, real=0.00 secs] 
2018-03-19T13:05:37.241+0530: 3272.344: [GC (Allocation Failure) [PSYoungGen: 173632K->96K(174080K)] 267268K->93756K(523776K), 0.0012842 secs] [Times: user=0.00 sys=0.00, real=0.00 secs] 
2018-03-19T13:05:37.530+0530: 3272.632: [GC (Allocation Failure) [PSYoungGen: 173664K->96K(174080K)] 267324K->93788K(523776K), 0.0015381 secs] [Times: user=0.00 sys=0.00, real=0.00 secs] 
2018-03-19T13:05:37.810+0530: 3272.913: [GC (Allocation Failure) [PSYoungGen: 173664K->96K(174080K)] 267356K->93820K(523776K), 0.0012458 secs] [Times: user=0.00 sys=0.00, real=0.00 secs] 
2018-03-19T13:05:38.106+0530: 3273.209: [GC (Allocation Failure) [PSYoungGen: 173664K->96K(174080K)] 267388K->93844K(523776K), 0.0013054 secs] [Times: user=0.00 sys=0.00, real=0.00 secs] 
2018-03-19T13:05:38.396+0530: 3273.499: [GC (Allocation Failure) [PSYoungGen: 173664K->64K(174080K)] 267412K->93836K(523776K), 0.0011971 secs] [Times: user=0.00 sys=0.00, real=0.00 secs] 
2018-03-19T13:05:38.689+0530: 3273.792: [GC (Allocation Failure) [PSYoungGen: 173632K->96K(174080K)] 267404K->93900K(523776K), 0.0013322 secs] [Times: user=0.00 sys=0.00, real=0.00 secs] 
2018-03-19T13:05:38.974+0530: 3274.077: [GC (Allocation Failure) [PSYoungGen: 173664K->96K(174080K)] 267468K->93932K(523776K), 0.0012592 secs] [Times: user=0.00 sys=0.00, real=0.00 secs] 
2018-03-19T13:05:39.263+0530: 3274.366: [GC (Allocation Failure) [PSYoungGen: 173664K->96K(174080K)] 267500K->93956K(523776K), 0.0018512 secs] [Times: user=0.00 sys=0.00, real=0.00 secs] 
2018-03-19T13:05:39.553+0530: 3274.656: [GC (Allocation Failure) [PSYoungGen: 173664K->96K(174080K)] 267524K->93972K(523776K), 0.0013473 secs] [Times: user=0.00 sys=0.00, real=0.00 secs] 
2018-03-19T13:05:39.874+0530: 3274.976: [GC (Allocation Failure) [PSYoungGen: 173664K->96K(174080K)] 267540K->93996K(523776K), 0.0013089 secs] [Times: user=0.00 sys=0.00, real=0.00 secs] 
2018-03-19T13:05:40.167+0530: 3275.269: [GC (Allocation Failure) [PSYoungGen: 173664K->64K(174080K)] 267564K->93988K(523776K), 0.0013777 secs] [Times: user=0.00 sys=0.00, real=0.00 secs] 
2018-03-19T13:05:40.471+0530: 3275.575: [GC (Allocation Failure) [PSYoungGen: 173632K->64K(174080K)] 267556K->94004K(523776K), 0.0012927 secs] [Times: user=0.00 sys=0.00, real=0.00 secs] 
2018-03-19T13:05:40.760+0530: 3275.863: [GC (Allocation Failure) [PSYoungGen: 173632K->96K(174080K)] 267572K->94052K(523776K), 0.0014207 secs] [Times: user=0.00 sys=0.00, real=0.00 secs] 
2018-03-19T13:05:41.062+0530: 3276.165: [GC (Allocation Failure) [PSYoungGen: 173664K->64K(174080K)] 267620K->94036K(523776K), 0.0018643 secs] [Times: user=0.00 sys=0.00, real=0.00 secs] 
2018-03-19T13:05:41.351+0530: 3276.454: [GC (Allocation Failure) [PSYoungGen: 173632K->96K(174080K)] 267604K->94100K(523776K), 0.0012497 secs] [Times: user=0.02 sys=0.00, real=0.00 secs] 
2018-03-19T13:05:41.637+0530: 3276.739: [GC (Allocation Failure) [PSYoungGen: 173664K->96K(174080K)] 267668K->94116K(523776K), 0.0012722 secs] [Times: user=0.00 sys=0.00, real=0.00 secs] 
2018-03-19T13:05:41.914+0530: 3277.016: [GC (Allocation Failure) [PSYoungGen: 173664K->32K(174080K)] 267684K->94076K(523776K), 0.0012250 secs] [Times: user=0.00 sys=0.00, real=0.00 secs] 
2018-03-19T13:05:42.201+0530: 3277.303: [GC (Allocation Failure) [PSYoungGen: 173600K->96K(174080K)] 267644K->94172K(523776K), 0.0012469 secs] [Times: user=0.00 sys=0.00, real=0.00 secs] 
2018-03-19T13:05:42.484+0530: 3277.587: [GC (Allocation Failure) [PSYoungGen: 173664K->64K(174080K)] 267740K->94164K(523776K), 0.0012010 secs] [Times: user=0.00 sys=0.00, real=0.00 secs] 
2018-03-19T13:05:42.761+0530: 3277.864: [GC (Allocation Failure) [PSYoungGen: 173632K->96K(174080K)] 267732K->94220K(523776K), 0.0011904 secs] [Times: user=0.00 sys=0.00, real=0.00 secs] 
2018-03-19T13:05:43.037+0530: 3278.140: [GC (Allocation Failure) [PSYoungGen: 173664K->96K(174080K)] 267788K->94244K(523776K), 0.0013237 secs] [Times: user=0.00 sys=0.00, real=0.00 secs] 
2018-03-19T13:05:43.316+0530: 3278.418: [GC (Allocation Failure) [PSYoungGen: 173664K->96K(174080K)] 267812K->94268K(523776K), 0.0013731 secs] [Times: user=0.00 sys=0.00, real=0.00 secs] 
2018-03-19T13:05:43.743+0530: 3278.846: [GC (Allocation Failure) [PSYoungGen: 173664K->64K(174080K)] 267836K->94252K(523776K), 0.0020660 secs] [Times: user=0.00 sys=0.02, real=0.00 secs] 
2018-03-19T13:05:44.109+0530: 3279.212: [GC (Allocation Failure) [PSYoungGen: 173632K->96K(174080K)] 267820K->94308K(523776K), 0.0014105 secs] [Times: user=0.00 sys=0.00, real=0.00 secs] 
2018-03-19T13:05:44.421+0530: 3279.524: [GC (Allocation Failure) [PSYoungGen: 173664K->96K(174080K)] 267876K->94332K(523776K), 0.0015882 secs] [Times: user=0.00 sys=0.00, real=0.00 secs] 
2018-03-19T13:05:44.887+0530: 3279.990: [GC (Allocation Failure) [PSYoungGen: 173664K->96K(174080K)] 267900K->94348K(523776K), 0.0014817 secs] [Times: user=0.00 sys=0.00, real=0.00 secs] 
2018-03-19T13:05:45.220+0530: 3280.323: [GC (Allocation Failure) [PSYoungGen: 173664K->96K(174080K)] 267916K->94372K(523776K), 0.0015808 secs] [Times: user=0.00 sys=0.00, real=0.00 secs] 
2018-03-19T13:05:45.680+0530: 3280.782: [GC (Allocation Failure) [PSYoungGen: 173664K->96K(174080K)] 267940K->94388K(523776K), 0.0012532 secs] [Times: user=0.00 sys=0.00, real=0.00 secs] 
2018-03-19T13:05:45.992+0530: 3281.095: [GC (Allocation Failure) [PSYoungGen: 173664K->64K(174080K)] 267956K->94380K(523776K), 0.0013674 secs] [Times: user=0.02 sys=0.00, real=0.00 secs] 
2018-03-19T13:05:46.369+0530: 3281.473: [GC (Allocation Failure) [PSYoungGen: 173632K->128K(174080K)] 267948K->94460K(523776K), 0.0015416 secs] [Times: user=0.00 sys=0.00, real=0.00 secs] 
2018-03-19T13:05:46.688+0530: 3281.791: [GC (Allocation Failure) [PSYoungGen: 173696K->96K(174080K)] 268028K->94452K(523776K), 0.0013667 secs] [Times: user=0.00 sys=0.00, real=0.00 secs] 
2018-03-19T13:05:47.020+0530: 3282.122: [GC (Allocation Failure) [PSYoungGen: 173664K->96K(174080K)] 268020K->94484K(523776K), 0.0015942 secs] [Times: user=0.00 sys=0.00, real=0.00 secs] 
2018-03-19T13:05:47.359+0530: 3282.462: [GC (Allocation Failure) [PSYoungGen: 173664K->96K(174080K)] 268052K->94508K(523776K), 0.0015462 secs] [Times: user=0.00 sys=0.00, real=0.00 secs] 
2018-03-19T13:05:47.729+0530: 3282.831: [GC (Allocation Failure) [PSYoungGen: 173664K->64K(174080K)] 268076K->94492K(523776K), 0.0032497 secs] [Times: user=0.00 sys=0.00, real=0.00 secs] 
2018-03-19T13:05:48.112+0530: 3283.215: [GC (Allocation Failure) [PSYoungGen: 173632K->96K(174080K)] 268060K->94548K(523776K), 0.0014330 secs] [Times: user=0.00 sys=0.00, real=0.00 secs] 
2018-03-19T13:05:48.417+0530: 3283.521: [GC (Allocation Failure) [PSYoungGen: 173664K->96K(174080K)] 268116K->94564K(523776K), 0.0012567 secs] [Times: user=0.00 sys=0.00, real=0.00 secs] 
2018-03-19T13:05:48.825+0530: 3283.928: [GC (Allocation Failure) [PSYoungGen: 173664K->64K(174080K)] 268132K->94564K(523776K), 0.0013942 secs] [Times: user=0.00 sys=0.00, real=0.00 secs] 
2018-03-19T13:05:49.161+0530: 3284.263: [GC (Allocation Failure) [PSYoungGen: 173632K->64K(174080K)] 268132K->94588K(523776K), 0.0014930 secs] [Times: user=0.00 sys=0.00, real=0.00 secs] 
2018-03-19T13:05:49.464+0530: 3284.567: [GC (Allocation Failure) [PSYoungGen: 173632K->96K(174080K)] 268156K->94644K(523776K), 0.0012793 secs] [Times: user=0.00 sys=0.00, real=0.00 secs] 
2018-03-19T13:05:49.753+0530: 3284.856: [GC (Allocation Failure) [PSYoungGen: 173664K->96K(174080K)] 268212K->94660K(523776K), 0.0013643 secs] [Times: user=0.00 sys=0.00, real=0.00 secs] 
2018-03-19T13:05:50.036+0530: 3285.139: [GC (Allocation Failure) [PSYoungGen: 173664K->96K(174080K)] 268228K->94692K(523776K), 0.0012278 secs] [Times: user=0.00 sys=0.00, real=0.00 secs] 
2018-03-19T13:05:50.448+0530: 3285.551: [GC (Allocation Failure) [PSYoungGen: 173664K->96K(174080K)] 268260K->94708K(523776K), 0.0031330 secs] [Times: user=0.00 sys=0.00, real=0.00 secs] 
2018-03-19T13:05:50.767+0530: 3285.870: [GC (Allocation Failure) [PSYoungGen: 173664K->96K(174080K)] 268276K->94732K(523776K), 0.0013569 secs] [Times: user=0.00 sys=0.00, real=0.00 secs] 
2018-03-19T13:05:51.046+0530: 3286.148: [GC (Allocation Failure) [PSYoungGen: 173664K->96K(174080K)] 268300K->94756K(523776K), 0.0012694 secs] [Times: user=0.00 sys=0.00, real=0.00 secs] 
2018-03-19T13:05:51.338+0530: 3286.441: [GC (Allocation Failure) [PSYoungGen: 173664K->96K(174080K)] 268324K->94788K(523776K), 0.0013156 secs] [Times: user=0.00 sys=0.00, real=0.00 secs] 
2018-03-19T13:05:51.720+0530: 3286.823: [GC (Allocation Failure) [PSYoungGen: 173664K->96K(174080K)] 268356K->94804K(523776K), 0.0020981 secs] [Times: user=0.00 sys=0.00, real=0.00 secs] 
2018-03-19T13:05:52.043+0530: 3287.146: [GC (Allocation Failure) [PSYoungGen: 173664K->96K(174080K)] 268372K->94820K(523776K), 0.0013435 secs] [Times: user=0.00 sys=0.00, real=0.00 secs] 
2018-03-19T13:05:52.389+0530: 3287.492: [GC (Allocation Failure) [PSYoungGen: 173664K->96K(174080K)] 268388K->94836K(523776K), 0.0014870 secs] [Times: user=0.00 sys=0.00, real=0.00 secs] 
2018-03-19T13:05:52.701+0530: 3287.804: [GC (Allocation Failure) [PSYoungGen: 173664K->64K(174080K)] 268404K->94820K(523776K), 0.0014143 secs] [Times: user=0.00 sys=0.00, real=0.00 secs] 
2018-03-19T13:05:53.001+0530: 3288.105: [GC (Allocation Failure) [PSYoungGen: 173632K->96K(174080K)] 268388K->94876K(523776K), 0.0014898 secs] [Times: user=0.00 sys=0.00, real=0.00 secs] 
2018-03-19T13:05:53.304+0530: 3288.407: [GC (Allocation Failure) [PSYoungGen: 173664K->32K(174080K)] 268444K->94828K(523776K), 0.0014965 secs] [Times: user=0.00 sys=0.00, real=0.00 secs] 
2018-03-19T13:05:53.624+0530: 3288.727: [GC (Allocation Failure) [PSYoungGen: 173600K->96K(174080K)] 268396K->94916K(523776K), 0.0012772 secs] [Times: user=0.00 sys=0.00, real=0.00 secs] 
2018-03-19T13:05:53.935+0530: 3289.037: [GC (Allocation Failure) [PSYoungGen: 173664K->64K(174080K)] 268484K->94908K(523776K), 0.0013311 secs] [Times: user=0.00 sys=0.00, real=0.00 secs] 
2018-03-19T13:05:54.236+0530: 3289.339: [GC (Allocation Failure) [PSYoungGen: 173632K->96K(174080K)] 268476K->94964K(523776K), 0.0014366 secs] [Times: user=0.00 sys=0.00, real=0.00 secs] 
2018-03-19T13:05:54.535+0530: 3289.638: [GC (Allocation Failure) [PSYoungGen: 173664K->96K(174080K)] 268532K->94996K(523776K), 0.0014672 secs] [Times: user=0.00 sys=0.00, real=0.00 secs] 
2018-03-19T13:05:54.821+0530: 3289.924: [GC (Allocation Failure) [PSYoungGen: 173664K->96K(174080K)] 268564K->95028K(523776K), 0.0014348 secs] [Times: user=0.00 sys=0.00, real=0.00 secs] 
2018-03-19T13:05:55.115+0530: 3290.217: [GC (Allocation Failure) [PSYoungGen: 173664K->64K(174080K)] 268596K->95020K(523776K), 0.0011897 secs] [Times: user=0.00 sys=0.00, real=0.00 secs] 
2018-03-19T13:05:55.422+0530: 3290.525: [GC (Allocation Failure) [PSYoungGen: 173632K->64K(174080K)] 268588K->95036K(523776K), 0.0013837 secs] [Times: user=0.00 sys=0.00, real=0.00 secs] 
2018-03-19T13:05:55.744+0530: 3290.847: [GC (Allocation Failure) [PSYoungGen: 173632K->96K(174080K)] 268604K->95092K(523776K), 0.0014912 secs] [Times: user=0.00 sys=0.00, real=0.00 secs] 
2018-03-19T13:05:56.060+0530: 3291.163: [GC (Allocation Failure) [PSYoungGen: 173664K->96K(174080K)] 268660K->95116K(523776K), 0.0014690 secs] [Times: user=0.00 sys=0.00, real=0.00 secs] 
2018-03-19T13:05:56.370+0530: 3291.473: [GC (Allocation Failure) [PSYoungGen: 173664K->32K(174080K)] 268684K->95068K(523776K), 0.0014983 secs] [Times: user=0.00 sys=0.00, real=0.00 secs] 
2018-03-19T13:05:56.687+0530: 3291.790: [GC (Allocation Failure) [PSYoungGen: 173600K->96K(174080K)] 268636K->95156K(523776K), 0.0012232 secs] [Times: user=0.00 sys=0.00, real=0.00 secs] 
2018-03-19T13:05:56.964+0530: 3292.067: [GC (Allocation Failure) [PSYoungGen: 173664K->96K(174080K)] 268724K->95180K(523776K), 0.0011788 secs] [Times: user=0.00 sys=0.00, real=0.00 secs] 
2018-03-19T13:05:57.251+0530: 3292.354: [GC (Allocation Failure) [PSYoungGen: 173664K->96K(174080K)] 268748K->95204K(523776K), 0.0012059 secs] [Times: user=0.00 sys=0.00, real=0.00 secs] 
2018-03-19T13:05:57.533+0530: 3292.635: [GC (Allocation Failure) [PSYoungGen: 173664K->64K(174080K)] 268772K->95204K(523776K), 0.0011763 secs] [Times: user=0.00 sys=0.00, real=0.00 secs] 
2018-03-19T13:05:57.816+0530: 3292.919: [GC (Allocation Failure) [PSYoungGen: 173632K->96K(174080K)] 268772K->95260K(523776K), 0.0013607 secs] [Times: user=0.00 sys=0.00, real=0.00 secs] 
2018-03-19T13:05:58.102+0530: 3293.205: [GC (Allocation Failure) [PSYoungGen: 173664K->64K(174080K)] 268828K->95260K(523776K), 0.0013745 secs] [Times: user=0.00 sys=0.00, real=0.00 secs] 
2018-03-19T13:05:58.414+0530: 3293.517: [GC (Allocation Failure) [PSYoungGen: 173632K->96K(174080K)] 268828K->95308K(523776K), 0.0012980 secs] [Times: user=0.00 sys=0.00, real=0.00 secs] 
2018-03-19T13:05:58.700+0530: 3293.803: [GC (Allocation Failure) [PSYoungGen: 173664K->96K(174080K)] 268876K->95340K(523776K), 0.0013248 secs] [Times: user=0.00 sys=0.00, real=0.00 secs] 
2018-03-19T13:05:58.977+0530: 3294.080: [GC (Allocation Failure) [PSYoungGen: 173664K->64K(174080K)] 268908K->95324K(523776K), 0.0013731 secs] [Times: user=0.06 sys=0.00, real=0.00 secs] 
2018-03-19T13:05:59.270+0530: 3294.373: [GC (Allocation Failure) [PSYoungGen: 173632K->96K(174080K)] 268892K->95388K(523776K), 0.0012648 secs] [Times: user=0.00 sys=0.00, real=0.00 secs] 
2018-03-19T13:05:59.576+0530: 3294.679: [GC (Allocation Failure) [PSYoungGen: 173664K->128K(174080K)] 268956K->95444K(523776K), 0.0014916 secs] [Times: user=0.00 sys=0.00, real=0.00 secs] 
2018-03-19T13:05:59.895+0530: 3294.999: [GC (Allocation Failure) [PSYoungGen: 173696K->96K(174080K)] 269012K->95444K(523776K), 0.0012391 secs] [Times: user=0.00 sys=0.00, real=0.00 secs] 
2018-03-19T13:06:00.205+0530: 3295.308: [GC (Allocation Failure) [PSYoungGen: 173664K->64K(174080K)] 269012K->95444K(523776K), 0.0012306 secs] [Times: user=0.00 sys=0.00, real=0.00 secs] 
2018-03-19T13:06:00.522+0530: 3295.625: [GC (Allocation Failure) [PSYoungGen: 173632K->96K(174080K)] 269012K->95492K(523776K), 0.0013223 secs] [Times: user=0.00 sys=0.00, real=0.00 secs] 
2018-03-19T13:06:00.823+0530: 3295.926: [GC (Allocation Failure) [PSYoungGen: 173664K->96K(174080K)] 269060K->95516K(523776K), 0.0012892 secs] [Times: user=0.00 sys=0.00, real=0.00 secs] 
2018-03-19T13:06:01.127+0530: 3296.230: [GC (Allocation Failure) [PSYoungGen: 173664K->96K(174080K)] 269084K->95532K(523776K), 0.0018763 secs] [Times: user=0.00 sys=0.00, real=0.00 secs] 
2018-03-19T13:06:01.440+0530: 3296.543: [GC (Allocation Failure) [PSYoungGen: 173664K->64K(174080K)] 269100K->95524K(523776K), 0.0013262 secs] [Times: user=0.00 sys=0.00, real=0.00 secs] 
2018-03-19T13:06:01.722+0530: 3296.825: [GC (Allocation Failure) [PSYoungGen: 173632K->96K(174080K)] 269092K->95580K(523776K), 0.0014831 secs] [Times: user=0.00 sys=0.00, real=0.00 secs] 
2018-03-19T13:06:02.017+0530: 3297.120: [GC (Allocation Failure) [PSYoungGen: 173664K->128K(174080K)] 269148K->95628K(523776K), 0.0012987 secs] [Times: user=0.00 sys=0.00, real=0.00 secs] 
2018-03-19T13:06:02.335+0530: 3297.438: [GC (Allocation Failure) [PSYoungGen: 173696K->96K(174080K)] 269196K->95620K(523776K), 0.0012849 secs] [Times: user=0.00 sys=0.00, real=0.00 secs] 
2018-03-19T13:06:02.639+0530: 3297.743: [GC (Allocation Failure) [PSYoungGen: 173664K->32K(174080K)] 269188K->95580K(523776K), 0.0014887 secs] [Times: user=0.00 sys=0.00, real=0.00 secs] 
2018-03-19T13:06:02.940+0530: 3298.043: [GC (Allocation Failure) [PSYoungGen: 173600K->96K(174080K)] 269148K->95668K(523776K), 0.0014355 secs] [Times: user=0.00 sys=0.00, real=0.00 secs] 
2018-03-19T13:06:03.229+0530: 3298.333: [GC (Allocation Failure) [PSYoungGen: 173664K->96K(174080K)] 269236K->95700K(523776K), 0.0012934 secs] [Times: user=0.00 sys=0.00, real=0.00 secs] 
2018-03-19T13:06:03.531+0530: 3298.633: [GC (Allocation Failure) [PSYoungGen: 173664K->96K(174080K)] 269268K->95724K(523776K), 0.0012451 secs] [Times: user=0.00 sys=0.00, real=0.00 secs] 
2018-03-19T13:06:03.848+0530: 3298.951: [GC (Allocation Failure) [PSYoungGen: 173664K->96K(174080K)] 269292K->95748K(523776K), 0.0016432 secs] [Times: user=0.00 sys=0.00, real=0.00 secs] 
2018-03-19T13:06:04.159+0530: 3299.263: [GC (Allocation Failure) [PSYoungGen: 173664K->96K(174080K)] 269316K->95772K(523776K), 0.0014972 secs] [Times: user=0.00 sys=0.00, real=0.00 secs] 
2018-03-19T13:06:04.472+0530: 3299.574: [GC (Allocation Failure) [PSYoungGen: 173664K->64K(174080K)] 269340K->95764K(523776K), 0.0014813 secs] [Times: user=0.00 sys=0.00, real=0.00 secs] 
2018-03-19T13:06:04.755+0530: 3299.857: [GC (Allocation Failure) [PSYoungGen: 173632K->64K(174080K)] 269332K->95788K(523776K), 0.0013918 secs] [Times: user=0.00 sys=0.00, real=0.00 secs] 
2018-03-19T13:06:05.034+0530: 3300.137: [GC (Allocation Failure) [PSYoungGen: 173632K->96K(174080K)] 269356K->95852K(523776K), 0.0011820 secs] [Times: user=0.00 sys=0.00, real=0.00 secs] 
2018-03-19T13:06:05.310+0530: 3300.414: [GC (Allocation Failure) [PSYoungGen: 173664K->96K(174080K)] 269420K->95876K(523776K), 0.0012268 secs] [Times: user=0.00 sys=0.00, real=0.00 secs] 
2018-03-19T13:06:05.597+0530: 3300.700: [GC (Allocation Failure) [PSYoungGen: 173664K->96K(174080K)] 269444K->95892K(523776K), 0.0014390 secs] [Times: user=0.00 sys=0.00, real=0.00 secs] 
2018-03-19T13:06:05.875+0530: 3300.977: [GC (Allocation Failure) [PSYoungGen: 173664K->96K(174080K)] 269460K->95916K(523776K), 0.0013847 secs] [Times: user=0.00 sys=0.00, real=0.00 secs] 
2018-03-19T13:06:06.152+0530: 3301.254: [GC (Allocation Failure) [PSYoungGen: 173664K->64K(174080K)] 269484K->95916K(523776K), 0.0013632 secs] [Times: user=0.00 sys=0.00, real=0.00 secs] 
2018-03-19T13:06:06.437+0530: 3301.539: [GC (Allocation Failure) [PSYoungGen: 173632K->96K(174080K)] 269484K->95980K(523776K), 0.0012751 secs] [Times: user=0.00 sys=0.00, real=0.00 secs] 
2018-03-19T13:06:06.717+0530: 3301.820: [GC (Allocation Failure) [PSYoungGen: 173664K->96K(174080K)] 269548K->96004K(523776K), 0.0012444 secs] [Times: user=0.00 sys=0.00, real=0.00 secs] 
2018-03-19T13:06:06.998+0530: 3302.101: [GC (Allocation Failure) [PSYoungGen: 173664K->96K(174080K)] 269572K->96028K(523776K), 0.0012507 secs] [Times: user=0.00 sys=0.00, real=0.00 secs] 
2018-03-19T13:06:07.284+0530: 3302.386: [GC (Allocation Failure) [PSYoungGen: 173664K->96K(174080K)] 269596K->96044K(523776K), 0.0014076 secs] [Times: user=0.00 sys=0.00, real=0.00 secs] 
2018-03-19T13:06:07.578+0530: 3302.680: [GC (Allocation Failure) [PSYoungGen: 173664K->64K(174080K)] 269612K->96036K(523776K), 0.0013026 secs] [Times: user=0.00 sys=0.00, real=0.00 secs] 
2018-03-19T13:06:07.877+0530: 3302.980: [GC (Allocation Failure) [PSYoungGen: 173632K->96K(174080K)] 269604K->96092K(523776K), 0.0013332 secs] [Times: user=0.00 sys=0.00, real=0.00 secs] 
2018-03-19T13:06:08.154+0530: 3303.257: [GC (Allocation Failure) [PSYoungGen: 173664K->96K(174080K)] 269660K->96124K(523776K), 0.0012130 secs] [Times: user=0.00 sys=0.00, real=0.00 secs] 
2018-03-19T13:06:08.438+0530: 3303.541: [GC (Allocation Failure) [PSYoungGen: 173664K->96K(174080K)] 269692K->96156K(523776K), 0.0014577 secs] [Times: user=0.00 sys=0.00, real=0.00 secs] 
2018-03-19T13:06:08.719+0530: 3303.822: [GC (Allocation Failure) [PSYoungGen: 173664K->64K(174080K)] 269724K->96148K(523776K), 0.0013604 secs] [Times: user=0.00 sys=0.00, real=0.00 secs] 
2018-03-19T13:06:08.997+0530: 3304.100: [GC (Allocation Failure) [PSYoungGen: 173632K->96K(174080K)] 269716K->96196K(523776K), 0.0012250 secs] [Times: user=0.00 sys=0.00, real=0.00 secs] 
2018-03-19T13:06:09.273+0530: 3304.376: [GC (Allocation Failure) [PSYoungGen: 173664K->128K(174080K)] 269764K->96244K(523776K), 0.0012398 secs] [Times: user=0.00 sys=0.00, real=0.00 secs] 
2018-03-19T13:06:09.577+0530: 3304.680: [GC (Allocation Failure) [PSYoungGen: 173696K->96K(174080K)] 269812K->96244K(523776K), 0.0014351 secs] [Times: user=0.00 sys=0.00, real=0.00 secs] 
2018-03-19T13:06:09.884+0530: 3304.986: [GC (Allocation Failure) [PSYoungGen: 173664K->96K(174080K)] 269812K->96276K(523776K), 0.0013978 secs] [Times: user=0.00 sys=0.02, real=0.00 secs] 
2018-03-19T13:06:10.181+0530: 3305.283: [GC (Allocation Failure) [PSYoungGen: 173664K->64K(174080K)] 269844K->96268K(523776K), 0.0012634 secs] [Times: user=0.00 sys=0.00, real=0.00 secs] 
2018-03-19T13:06:10.485+0530: 3305.588: [GC (Allocation Failure) [PSYoungGen: 173632K->96K(174080K)] 269836K->96324K(523776K), 0.0012338 secs] [Times: user=0.00 sys=0.00, real=0.00 secs] 
2018-03-19T13:06:10.794+0530: 3305.897: [GC (Allocation Failure) [PSYoungGen: 173664K->96K(174080K)] 269892K->96356K(523776K), 0.0014422 secs] [Times: user=0.00 sys=0.00, real=0.00 secs] 
2018-03-19T13:06:11.100+0530: 3306.203: [GC (Allocation Failure) [PSYoungGen: 173664K->96K(174080K)] 269924K->96380K(523776K), 0.0014951 secs] [Times: user=0.00 sys=0.00, real=0.00 secs] 
2018-03-19T13:06:11.394+0530: 3306.496: [GC (Allocation Failure) [PSYoungGen: 173664K->96K(174080K)] 269948K->96404K(523776K), 0.0015847 secs] [Times: user=0.00 sys=0.00, real=0.00 secs] 
2018-03-19T13:06:11.689+0530: 3306.792: [GC (Allocation Failure) [PSYoungGen: 173664K->96K(174080K)] 269972K->96436K(523776K), 0.0012888 secs] [Times: user=0.00 sys=0.00, real=0.00 secs] 
2018-03-19T13:06:11.972+0530: 3307.075: [GC (Allocation Failure) [PSYoungGen: 173664K->96K(174080K)] 270004K->96460K(523776K), 0.0014627 secs] [Times: user=0.00 sys=0.00, real=0.00 secs] 
2018-03-19T13:06:12.260+0530: 3307.363: [GC (Allocation Failure) [PSYoungGen: 173664K->32K(174080K)] 270028K->96412K(523776K), 0.0016234 secs] [Times: user=0.00 sys=0.00, real=0.00 secs] 
2018-03-19T13:06:12.552+0530: 3307.655: [GC (Allocation Failure) [PSYoungGen: 173600K->96K(174080K)] 269980K->96492K(523776K), 0.0012028 secs] [Times: user=0.00 sys=0.00, real=0.00 secs] 
2018-03-19T13:06:12.835+0530: 3307.938: [GC (Allocation Failure) [PSYoungGen: 173664K->96K(174080K)] 270060K->96516K(523776K), 0.0012818 secs] [Times: user=0.00 sys=0.00, real=0.00 secs] 
2018-03-19T13:06:13.112+0530: 3308.215: [GC (Allocation Failure) [PSYoungGen: 173664K->96K(174080K)] 270084K->96540K(523776K), 0.0013114 secs] [Times: user=0.00 sys=0.00, real=0.00 secs] 
2018-03-19T13:06:13.395+0530: 3308.498: [GC (Allocation Failure) [PSYoungGen: 173664K->96K(174080K)] 270108K->96564K(523776K), 0.0015088 secs] [Times: user=0.00 sys=0.00, real=0.00 secs] 
2018-03-19T13:06:13.692+0530: 3308.794: [GC (Allocation Failure) [PSYoungGen: 173664K->96K(174080K)] 270132K->96580K(523776K), 0.0012684 secs] [Times: user=0.00 sys=0.00, real=0.00 secs] 
2018-03-19T13:06:13.978+0530: 3309.081: [GC (Allocation Failure) [PSYoungGen: 173664K->96K(174080K)] 270148K->96612K(523776K), 0.0012102 secs] [Times: user=0.00 sys=0.00, real=0.00 secs] 
2018-03-19T13:06:14.258+0530: 3309.360: [GC (Allocation Failure) [PSYoungGen: 173664K->96K(174080K)] 270180K->96644K(523776K), 0.0011943 secs] [Times: user=0.01 sys=0.00, real=0.00 secs] 
2018-03-19T13:06:14.546+0530: 3309.648: [GC (Allocation Failure) [PSYoungGen: 173664K->96K(174080K)] 270212K->96668K(523776K), 0.0011714 secs] [Times: user=0.00 sys=0.00, real=0.00 secs] 
2018-03-19T13:06:14.887+0530: 3309.989: [GC (Allocation Failure) [PSYoungGen: 173664K->64K(174080K)] 270236K->96660K(523776K), 0.0014373 secs] [Times: user=0.00 sys=0.00, real=0.00 secs] 
2018-03-19T13:06:15.174+0530: 3310.277: [GC (Allocation Failure) [PSYoungGen: 173632K->64K(174080K)] 270228K->96692K(523776K), 0.0014076 secs] [Times: user=0.00 sys=0.00, real=0.00 secs] 
2018-03-19T13:06:15.474+0530: 3310.577: [GC (Allocation Failure) [PSYoungGen: 173632K->96K(174080K)] 270260K->96756K(523776K), 0.0014055 secs] [Times: user=0.00 sys=0.00, real=0.00 secs] 
2018-03-19T13:06:15.919+0530: 3311.022: [GC (Allocation Failure) [PSYoungGen: 173664K->96K(174080K)] 270324K->96772K(523776K), 0.0013816 secs] [Times: user=0.00 sys=0.00, real=0.00 secs] 
2018-03-19T13:06:16.279+0530: 3311.382: [GC (Allocation Failure) [PSYoungGen: 173664K->64K(174080K)] 270340K->96764K(523776K), 0.0014119 secs] [Times: user=0.00 sys=0.00, real=0.00 secs] 
2018-03-19T13:06:16.664+0530: 3311.767: [GC (Allocation Failure) [PSYoungGen: 173632K->96K(174080K)] 270332K->96812K(523776K), 0.0015628 secs] [Times: user=0.05 sys=0.00, real=0.00 secs] 
2018-03-19T13:06:17.039+0530: 3312.142: [GC (Allocation Failure) [PSYoungGen: 173664K->64K(174080K)] 270380K->96796K(523776K), 0.0014366 secs] [Times: user=0.05 sys=0.00, real=0.00 secs] 
2018-03-19T13:06:17.485+0530: 3312.588: [GC (Allocation Failure) [PSYoungGen: 173632K->96K(174080K)] 270364K->96844K(523776K), 0.0014217 secs] [Times: user=0.00 sys=0.00, real=0.00 secs] 
2018-03-19T13:06:17.836+0530: 3312.939: [GC (Allocation Failure) [PSYoungGen: 173664K->64K(174080K)] 270412K->96836K(523776K), 0.0015381 secs] [Times: user=0.05 sys=0.00, real=0.00 secs] 
2018-03-19T13:06:18.186+0530: 3313.289: [GC (Allocation Failure) [PSYoungGen: 173632K->32K(174080K)] 270404K->96828K(523776K), 0.0015314 secs] [Times: user=0.00 sys=0.00, real=0.00 secs] 
2018-03-19T13:06:18.566+0530: 3313.669: [GC (Allocation Failure) [PSYoungGen: 173600K->96K(174080K)] 270396K->96908K(523776K), 0.0014161 secs] [Times: user=0.00 sys=0.00, real=0.00 secs] 
2018-03-19T13:06:18.904+0530: 3314.007: [GC (Allocation Failure) [PSYoungGen: 173664K->96K(174080K)] 270476K->96924K(523776K), 0.0016802 secs] [Times: user=0.00 sys=0.00, real=0.00 secs] 
2018-03-19T13:06:19.258+0530: 3314.361: [GC (Allocation Failure) [PSYoungGen: 173664K->64K(174080K)] 270492K->96908K(523776K), 0.0016471 secs] [Times: user=0.05 sys=0.00, real=0.00 secs] 
2018-03-19T13:06:19.686+0530: 3314.790: [GC (Allocation Failure) [PSYoungGen: 173632K->96K(174080K)] 270476K->96964K(523776K), 0.0018921 secs] [Times: user=0.00 sys=0.00, real=0.00 secs] 
2018-03-19T13:06:20.042+0530: 3315.144: [GC (Allocation Failure) [PSYoungGen: 173664K->96K(174080K)] 270532K->96996K(523776K), 0.0011883 secs] [Times: user=0.00 sys=0.00, real=0.00 secs] 
2018-03-19T13:06:20.318+0530: 3315.421: [GC (Allocation Failure) [PSYoungGen: 173664K->96K(174080K)] 270564K->97028K(523776K), 0.0013329 secs] [Times: user=0.00 sys=0.00, real=0.00 secs] 
2018-03-19T13:06:20.609+0530: 3315.712: [GC (Allocation Failure) [PSYoungGen: 173664K->96K(174080K)] 270596K->97052K(523776K), 0.0013149 secs] [Times: user=0.00 sys=0.00, real=0.00 secs] 
2018-03-19T13:06:20.894+0530: 3315.997: [GC (Allocation Failure) [PSYoungGen: 173664K->96K(174080K)] 270620K->97076K(523776K), 0.0013685 secs] [Times: user=0.00 sys=0.00, real=0.00 secs] 
2018-03-19T13:06:21.177+0530: 3316.280: [GC (Allocation Failure) [PSYoungGen: 173664K->96K(174080K)] 270644K->97100K(523776K), 0.0014630 secs] [Times: user=0.00 sys=0.00, real=0.00 secs] 
2018-03-19T13:06:21.475+0530: 3316.578: [GC (Allocation Failure) [PSYoungGen: 173664K->96K(174080K)] 270668K->97132K(523776K), 0.0012786 secs] [Times: user=0.00 sys=0.00, real=0.00 secs] 
2018-03-19T13:06:21.752+0530: 3316.855: [GC (Allocation Failure) [PSYoungGen: 173664K->64K(174080K)] 270700K->97132K(523776K), 0.0011781 secs] [Times: user=0.00 sys=0.00, real=0.00 secs] 
2018-03-19T13:06:22.029+0530: 3317.131: [GC (Allocation Failure) [PSYoungGen: 173632K->96K(174080K)] 270700K->97188K(523776K), 0.0013678 secs] [Times: user=0.00 sys=0.00, real=0.00 secs] 
2018-03-19T13:06:22.304+0530: 3317.407: [GC (Allocation Failure) [PSYoungGen: 173664K->96K(174080K)] 270756K->97220K(523776K), 0.0011954 secs] [Times: user=0.00 sys=0.00, real=0.00 secs] 
2018-03-19T13:06:22.614+0530: 3317.717: [GC (Allocation Failure) [PSYoungGen: 173664K->96K(174080K)] 270788K->97236K(523776K), 0.0013290 secs] [Times: user=0.00 sys=0.00, real=0.00 secs] 
2018-03-19T13:06:22.895+0530: 3317.998: [GC (Allocation Failure) [PSYoungGen: 173664K->96K(174080K)] 270804K->97260K(523776K), 0.0012871 secs] [Times: user=0.00 sys=0.00, real=0.00 secs] 
2018-03-19T13:06:23.178+0530: 3318.280: [GC (Allocation Failure) [PSYoungGen: 173664K->96K(174080K)] 270828K->97284K(523776K), 0.0012863 secs] [Times: user=0.00 sys=0.00, real=0.00 secs] 
2018-03-19T13:06:23.461+0530: 3318.564: [GC (Allocation Failure) [PSYoungGen: 173664K->96K(174080K)] 270852K->97308K(523776K), 0.0012543 secs] [Times: user=0.02 sys=0.00, real=0.00 secs] 
2018-03-19T13:06:23.773+0530: 3318.876: [GC (Allocation Failure) [PSYoungGen: 173664K->96K(174080K)] 270876K->97340K(523776K), 0.0012680 secs] [Times: user=0.02 sys=0.00, real=0.00 secs] 
2018-03-19T13:06:24.049+0530: 3319.152: [GC (Allocation Failure) [PSYoungGen: 173664K->96K(174080K)] 270908K->97372K(523776K), 0.0012835 secs] [Times: user=0.00 sys=0.00, real=0.00 secs] 
2018-03-19T13:06:24.405+0530: 3319.509: [GC (Allocation Failure) [PSYoungGen: 173664K->32K(174080K)] 270940K->97332K(523776K), 0.0012303 secs] [Times: user=0.00 sys=0.00, real=0.00 secs] 
2018-03-19T13:06:24.704+0530: 3319.807: [GC (Allocation Failure) [PSYoungGen: 173600K->64K(174080K)] 270900K->97388K(523776K), 0.0015487 secs] [Times: user=0.00 sys=0.00, real=0.00 secs] 
2018-03-19T13:06:25.039+0530: 3320.142: [GC (Allocation Failure) [PSYoungGen: 173632K->96K(174080K)] 270956K->97436K(523776K), 0.0014736 secs] [Times: user=0.00 sys=0.00, real=0.00 secs] 
2018-03-19T13:06:25.352+0530: 3320.454: [GC (Allocation Failure) [PSYoungGen: 173664K->96K(174080K)] 271004K->97468K(523776K), 0.0014750 secs] [Times: user=0.00 sys=0.00, real=0.00 secs] 
2018-03-19T13:06:25.668+0530: 3320.770: [GC (Allocation Failure) [PSYoungGen: 173664K->96K(174080K)] 271036K->97484K(523776K), 0.0017715 secs] [Times: user=0.00 sys=0.00, real=0.00 secs] 
2018-03-19T13:06:25.979+0530: 3321.082: [GC (Allocation Failure) [PSYoungGen: 173664K->96K(174080K)] 271052K->97516K(523776K), 0.0013685 secs] [Times: user=0.00 sys=0.00, real=0.00 secs] 
2018-03-19T13:06:26.289+0530: 3321.392: [GC (Allocation Failure) [PSYoungGen: 173664K->128K(174080K)] 271084K->97564K(523776K), 0.0013029 secs] [Times: user=0.00 sys=0.00, real=0.00 secs] 
2018-03-19T13:06:26.594+0530: 3321.697: [GC (Allocation Failure) [PSYoungGen: 173696K->96K(174080K)] 271132K->97548K(523776K), 0.0014045 secs] [Times: user=0.00 sys=0.00, real=0.00 secs] 
2018-03-19T13:06:26.894+0530: 3321.997: [GC (Allocation Failure) [PSYoungGen: 173664K->64K(174080K)] 271116K->97540K(523776K), 0.0012930 secs] [Times: user=0.00 sys=0.00, real=0.00 secs] 
2018-03-19T13:06:27.184+0530: 3322.287: [GC (Allocation Failure) [PSYoungGen: 173632K->96K(174080K)] 271108K->97604K(523776K), 0.0014126 secs] [Times: user=0.00 sys=0.00, real=0.00 secs] 
2018-03-19T13:06:27.501+0530: 3322.604: [GC (Allocation Failure) [PSYoungGen: 173664K->96K(174080K)] 271172K->97636K(523776K), 0.0012134 secs] [Times: user=0.00 sys=0.00, real=0.00 secs] 
2018-03-19T13:06:27.834+0530: 3322.937: [GC (Allocation Failure) [PSYoungGen: 173664K->96K(174080K)] 271204K->97660K(523776K), 0.0013336 secs] [Times: user=0.00 sys=0.00, real=0.00 secs] 
2018-03-19T13:06:28.113+0530: 3323.216: [GC (Allocation Failure) [PSYoungGen: 173664K->96K(174080K)] 271228K->97692K(523776K), 0.0011943 secs] [Times: user=0.00 sys=0.00, real=0.00 secs] 
2018-03-19T13:06:28.395+0530: 3323.498: [GC (Allocation Failure) [PSYoungGen: 173664K->96K(174080K)] 271260K->97708K(523776K), 0.0014189 secs] [Times: user=0.00 sys=0.00, real=0.00 secs] 
2018-03-19T13:06:28.745+0530: 3323.847: [GC (Allocation Failure) [PSYoungGen: 173664K->64K(174080K)] 271276K->97708K(523776K), 0.0011862 secs] [Times: user=0.00 sys=0.00, real=0.00 secs] 
2018-03-19T13:06:29.038+0530: 3324.140: [GC (Allocation Failure) [PSYoungGen: 173632K->96K(174080K)] 271276K->97764K(523776K), 0.0015268 secs] [Times: user=0.00 sys=0.00, real=0.00 secs] 
2018-03-19T13:06:29.332+0530: 3324.435: [GC (Allocation Failure) [PSYoungGen: 173664K->96K(174080K)] 271332K->97788K(523776K), 0.0013794 secs] [Times: user=0.00 sys=0.00, real=0.00 secs] 
2018-03-19T13:06:29.628+0530: 3324.731: [GC (Allocation Failure) [PSYoungGen: 173664K->96K(174080K)] 271356K->97820K(523776K), 0.0012754 secs] [Times: user=0.00 sys=0.00, real=0.00 secs] 
2018-03-19T13:06:29.907+0530: 3325.010: [GC (Allocation Failure) [PSYoungGen: 173664K->96K(174080K)] 271388K->97836K(523776K), 0.0012077 secs] [Times: user=0.00 sys=0.00, real=0.00 secs] 
2018-03-19T13:06:30.191+0530: 3325.294: [GC (Allocation Failure) [PSYoungGen: 173664K->96K(174080K)] 271404K->97868K(523776K), 0.0012465 secs] [Times: user=0.00 sys=0.00, real=0.00 secs] 
2018-03-19T13:06:30.485+0530: 3325.588: [GC (Allocation Failure) [PSYoungGen: 173664K->128K(174080K)] 271436K->97916K(523776K), 0.0013833 secs] [Times: user=0.00 sys=0.00, real=0.00 secs] 
2018-03-19T13:06:30.812+0530: 3325.914: [GC (Allocation Failure) [PSYoungGen: 173696K->96K(174080K)] 271484K->97908K(523776K), 0.0013625 secs] [Times: user=0.00 sys=0.00, real=0.00 secs] 
2018-03-19T13:06:31.088+0530: 3326.191: [GC (Allocation Failure) [PSYoungGen: 173664K->96K(174080K)] 271476K->97932K(523776K), 0.0013121 secs] [Times: user=0.00 sys=0.00, real=0.00 secs] 
2018-03-19T13:06:31.388+0530: 3326.491: [GC (Allocation Failure) [PSYoungGen: 173664K->96K(174080K)] 271500K->97964K(523776K), 0.0013731 secs] [Times: user=0.00 sys=0.00, real=0.00 secs] 
2018-03-19T13:06:31.695+0530: 3326.798: [GC (Allocation Failure) [PSYoungGen: 173664K->96K(174080K)] 271532K->97996K(523776K), 0.0015215 secs] [Times: user=0.02 sys=0.00, real=0.00 secs] 
2018-03-19T13:06:31.978+0530: 3327.081: [GC (Allocation Failure) [PSYoungGen: 173664K->96K(174080K)] 271564K->98020K(523776K), 0.0013424 secs] [Times: user=0.00 sys=0.00, real=0.00 secs] 
2018-03-19T13:06:32.259+0530: 3327.361: [GC (Allocation Failure) [PSYoungGen: 173664K->96K(174080K)] 271588K->98052K(523776K), 0.0013837 secs] [Times: user=0.00 sys=0.00, real=0.00 secs] 
2018-03-19T13:06:32.556+0530: 3327.659: [GC (Allocation Failure) [PSYoungGen: 173664K->96K(174080K)] 271620K->98068K(523776K), 0.0012712 secs] [Times: user=0.00 sys=0.00, real=0.00 secs] 
2018-03-19T13:06:32.878+0530: 3327.981: [GC (Allocation Failure) [PSYoungGen: 173664K->64K(174080K)] 271636K->98060K(523776K), 0.0012983 secs] [Times: user=0.00 sys=0.00, real=0.00 secs] 
2018-03-19T13:06:33.177+0530: 3328.280: [GC (Allocation Failure) [PSYoungGen: 173632K->96K(174080K)] 271628K->98116K(523776K), 0.0013248 secs] [Times: user=0.00 sys=0.00, real=0.00 secs] 
2018-03-19T13:06:33.481+0530: 3328.585: [GC (Allocation Failure) [PSYoungGen: 173664K->96K(174080K)] 271684K->98132K(523776K), 0.0011830 secs] [Times: user=0.00 sys=0.00, real=0.00 secs] 
2018-03-19T13:06:33.764+0530: 3328.867: [GC (Allocation Failure) [PSYoungGen: 173664K->64K(174080K)] 271700K->98132K(523776K), 0.0012493 secs] [Times: user=0.00 sys=0.00, real=0.00 secs] 
2018-03-19T13:06:34.061+0530: 3329.163: [GC (Allocation Failure) [PSYoungGen: 173632K->96K(174080K)] 271700K->98188K(523776K), 0.0014217 secs] [Times: user=0.00 sys=0.00, real=0.00 secs] 
2018-03-19T13:06:34.339+0530: 3329.441: [GC (Allocation Failure) [PSYoungGen: 173664K->64K(174080K)] 271756K->98180K(523776K), 0.0012031 secs] [Times: user=0.00 sys=0.00, real=0.00 secs] 
2018-03-19T13:06:34.624+0530: 3329.727: [GC (Allocation Failure) [PSYoungGen: 173632K->96K(174080K)] 271748K->98244K(523776K), 0.0012342 secs] [Times: user=0.00 sys=0.00, real=0.00 secs] 
2018-03-19T13:06:34.923+0530: 3330.026: [GC (Allocation Failure) [PSYoungGen: 173664K->96K(174080K)] 271812K->98268K(523776K), 0.0014108 secs] [Times: user=0.00 sys=0.00, real=0.00 secs] 
2018-03-19T13:06:35.199+0530: 3330.302: [GC (Allocation Failure) [PSYoungGen: 173664K->96K(174080K)] 271836K->98284K(523776K), 0.0013057 secs] [Times: user=0.00 sys=0.00, real=0.00 secs] 
2018-03-19T13:06:35.484+0530: 3330.587: [GC (Allocation Failure) [PSYoungGen: 173664K->64K(174080K)] 271852K->98276K(523776K), 0.0013248 secs] [Times: user=0.00 sys=0.00, real=0.00 secs] 
2018-03-19T13:06:35.782+0530: 3330.885: [GC (Allocation Failure) [PSYoungGen: 173632K->96K(174080K)] 271844K->98340K(523776K), 0.0012962 secs] [Times: user=0.00 sys=0.00, real=0.00 secs] 
2018-03-19T13:06:36.060+0530: 3331.162: [GC (Allocation Failure) [PSYoungGen: 173664K->96K(174080K)] 271908K->98372K(523776K), 0.0013925 secs] [Times: user=0.00 sys=0.00, real=0.00 secs] 
2018-03-19T13:06:36.336+0530: 3331.438: [GC (Allocation Failure) [PSYoungGen: 173664K->96K(174080K)] 271940K->98388K(523776K), 0.0013579 secs] [Times: user=0.00 sys=0.00, real=0.00 secs] 
2018-03-19T13:06:36.621+0530: 3331.724: [GC (Allocation Failure) [PSYoungGen: 173664K->96K(174080K)] 271956K->98404K(523776K), 0.0012729 secs] [Times: user=0.00 sys=0.00, real=0.00 secs] 
2018-03-19T13:06:36.906+0530: 3332.009: [GC (Allocation Failure) [PSYoungGen: 173664K->64K(174080K)] 271972K->98396K(523776K), 0.0012514 secs] [Times: user=0.00 sys=0.00, real=0.00 secs] 
2018-03-19T13:06:37.182+0530: 3332.285: [GC (Allocation Failure) [PSYoungGen: 173632K->96K(174080K)] 271964K->98460K(523776K), 0.0012539 secs] [Times: user=0.00 sys=0.00, real=0.00 secs] 
2018-03-19T13:06:37.502+0530: 3332.605: [GC (Allocation Failure) [PSYoungGen: 173664K->64K(174080K)] 272028K->98452K(523776K), 0.0013124 secs] [Times: user=0.00 sys=0.00, real=0.00 secs] 
2018-03-19T13:06:37.795+0530: 3332.898: [GC (Allocation Failure) [PSYoungGen: 173632K->96K(174080K)] 272020K->98508K(523776K), 0.0013548 secs] [Times: user=0.00 sys=0.00, real=0.00 secs] 
2018-03-19T13:06:38.077+0530: 3333.179: [GC (Allocation Failure) [PSYoungGen: 173664K->64K(174080K)] 272076K->98508K(523776K), 0.0015032 secs] [Times: user=0.00 sys=0.00, real=0.00 secs] 
2018-03-19T13:06:38.357+0530: 3333.460: [GC (Allocation Failure) [PSYoungGen: 173632K->64K(174080K)] 272076K->98532K(523776K), 0.0013375 secs] [Times: user=0.00 sys=0.00, real=0.00 secs] 
2018-03-19T13:06:38.659+0530: 3333.762: [GC (Allocation Failure) [PSYoungGen: 173632K->96K(174080K)] 272100K->98580K(523776K), 0.0012740 secs] [Times: user=0.00 sys=0.00, real=0.00 secs] 
2018-03-19T13:06:38.940+0530: 3334.043: [GC (Allocation Failure) [PSYoungGen: 173664K->64K(174080K)] 272148K->98580K(523776K), 0.0012271 secs] [Times: user=0.00 sys=0.00, real=0.00 secs] 
2018-03-19T13:06:39.217+0530: 3334.320: [GC (Allocation Failure) [PSYoungGen: 173632K->96K(174080K)] 272148K->98644K(523776K), 0.0012712 secs] [Times: user=0.00 sys=0.00, real=0.00 secs] 
2018-03-19T13:06:39.564+0530: 3334.666: [GC (Allocation Failure) [PSYoungGen: 173664K->96K(174080K)] 272212K->98668K(523776K), 0.0014084 secs] [Times: user=0.00 sys=0.00, real=0.00 secs] 
2018-03-19T13:06:39.994+0530: 3335.097: [GC (Allocation Failure) [PSYoungGen: 173664K->96K(174080K)] 272236K->98692K(523776K), 0.0013865 secs] [Times: user=0.00 sys=0.00, real=0.00 secs] 
2018-03-19T13:06:40.327+0530: 3335.430: [GC (Allocation Failure) [PSYoungGen: 173664K->128K(174080K)] 272260K->98756K(523776K), 0.0017190 secs] [Times: user=0.00 sys=0.00, real=0.00 secs] 
2018-03-19T13:06:40.685+0530: 3335.788: [GC (Allocation Failure) [PSYoungGen: 173696K->64K(174080K)] 272324K->98716K(523776K), 0.0013858 secs] [Times: user=0.00 sys=0.00, real=0.00 secs] 
2018-03-19T13:06:41.010+0530: 3336.113: [GC (Allocation Failure) [PSYoungGen: 173632K->96K(174080K)] 272284K->98772K(523776K), 0.0013840 secs] [Times: user=0.00 sys=0.00, real=0.00 secs] 
2018-03-19T13:06:41.342+0530: 3336.445: [GC (Allocation Failure) [PSYoungGen: 173664K->96K(174080K)] 272340K->98796K(523776K), 0.0013773 secs] [Times: user=0.00 sys=0.00, real=0.00 secs] 
2018-03-19T13:06:41.669+0530: 3336.771: [GC (Allocation Failure) [PSYoungGen: 173664K->96K(174080K)] 272364K->98828K(523776K), 0.0014461 secs] [Times: user=0.00 sys=0.00, real=0.00 secs] 
2018-03-19T13:06:41.971+0530: 3337.074: [GC (Allocation Failure) [PSYoungGen: 173664K->96K(174080K)] 272396K->98852K(523776K), 0.0013682 secs] [Times: user=0.00 sys=0.00, real=0.00 secs] 
2018-03-19T13:06:42.282+0530: 3337.384: [GC (Allocation Failure) [PSYoungGen: 173664K->64K(174080K)] 272420K->98852K(523776K), 0.0013696 secs] [Times: user=0.00 sys=0.00, real=0.00 secs] 
2018-03-19T13:06:42.610+0530: 3337.714: [GC (Allocation Failure) [PSYoungGen: 173632K->64K(174080K)] 272420K->98876K(523776K), 0.0013505 secs] [Times: user=0.00 sys=0.00, real=0.00 secs] 
2018-03-19T13:06:42.915+0530: 3338.017: [GC (Allocation Failure) [PSYoungGen: 173632K->96K(174080K)] 272444K->98932K(523776K), 0.0014098 secs] [Times: user=0.01 sys=0.02, real=0.00 secs] 
2018-03-19T13:06:43.226+0530: 3338.329: [GC (Allocation Failure) [PSYoungGen: 173664K->96K(174080K)] 272500K->98948K(523776K), 0.0014084 secs] [Times: user=0.00 sys=0.00, real=0.00 secs] 
2018-03-19T13:06:43.549+0530: 3338.652: [GC (Allocation Failure) [PSYoungGen: 173664K->64K(174080K)] 272516K->98940K(523776K), 0.0013414 secs] [Times: user=0.00 sys=0.00, real=0.00 secs] 
2018-03-19T13:06:43.872+0530: 3338.975: [GC (Allocation Failure) [PSYoungGen: 173632K->96K(174080K)] 272508K->99004K(523776K), 0.0012578 secs] [Times: user=0.00 sys=0.00, real=0.00 secs] 
2018-03-19T13:06:44.162+0530: 3339.265: [GC (Allocation Failure) [PSYoungGen: 173664K->96K(174080K)] 272572K->99036K(523776K), 0.0013421 secs] [Times: user=0.00 sys=0.00, real=0.00 secs] 
2018-03-19T13:06:44.456+0530: 3339.559: [GC (Allocation Failure) [PSYoungGen: 173664K->96K(174080K)] 272604K->99052K(523776K), 0.0015314 secs] [Times: user=0.00 sys=0.00, real=0.00 secs] 
2018-03-19T13:06:44.769+0530: 3339.872: [GC (Allocation Failure) [PSYoungGen: 173664K->64K(174080K)] 272620K->99052K(523776K), 0.0012670 secs] [Times: user=0.00 sys=0.00, real=0.00 secs] 
2018-03-19T13:06:45.049+0530: 3340.153: [GC (Allocation Failure) [PSYoungGen: 173632K->96K(174080K)] 272620K->99116K(523776K), 0.0012116 secs] [Times: user=0.00 sys=0.00, real=0.00 secs] 
2018-03-19T13:06:45.331+0530: 3340.434: [GC (Allocation Failure) [PSYoungGen: 173664K->96K(174080K)] 272684K->99140K(523776K), 0.0013985 secs] [Times: user=0.00 sys=0.00, real=0.00 secs] 
2018-03-19T13:06:45.620+0530: 3340.723: [GC (Allocation Failure) [PSYoungGen: 173664K->64K(174080K)] 272708K->99140K(523776K), 0.0013248 secs] [Times: user=0.00 sys=0.00, real=0.00 secs] 
2018-03-19T13:06:45.905+0530: 3341.007: [GC (Allocation Failure) [PSYoungGen: 173632K->96K(174080K)] 272708K->99188K(523776K), 0.0014817 secs] [Times: user=0.00 sys=0.00, real=0.00 secs] 
2018-03-19T13:06:46.209+0530: 3341.312: [GC (Allocation Failure) [PSYoungGen: 173664K->96K(174080K)] 272756K->99220K(523776K), 0.0012902 secs] [Times: user=0.00 sys=0.00, real=0.00 secs] 
2018-03-19T13:06:46.516+0530: 3341.619: [GC (Allocation Failure) [PSYoungGen: 173664K->64K(174080K)] 272788K->99204K(523776K), 0.0012966 secs] [Times: user=0.00 sys=0.00, real=0.00 secs] 
2018-03-19T13:06:46.799+0530: 3341.902: [GC (Allocation Failure) [PSYoungGen: 173632K->96K(174080K)] 272772K->99260K(523776K), 0.0012772 secs] [Times: user=0.00 sys=0.00, real=0.00 secs] 
2018-03-19T13:06:47.077+0530: 3342.179: [GC (Allocation Failure) [PSYoungGen: 173664K->96K(174080K)] 272828K->99284K(523776K), 0.0013329 secs] [Times: user=0.00 sys=0.00, real=0.00 secs] 
2018-03-19T13:06:47.352+0530: 3342.456: [GC (Allocation Failure) [PSYoungGen: 173664K->96K(174080K)] 272852K->99308K(523776K), 0.0362821 secs] [Times: user=0.00 sys=0.00, real=0.04 secs] 
2018-03-19T13:06:47.690+0530: 3342.793: [GC (Allocation Failure) [PSYoungGen: 173664K->96K(174080K)] 272876K->99324K(523776K), 0.0015861 secs] [Times: user=0.00 sys=0.00, real=0.00 secs] 
2018-03-19T13:06:47.988+0530: 3343.091: [GC (Allocation Failure) [PSYoungGen: 173664K->96K(174080K)] 272892K->99348K(523776K), 0.0013879 secs] [Times: user=0.00 sys=0.00, real=0.00 secs] 
2018-03-19T13:06:48.265+0530: 3343.369: [GC (Allocation Failure) [PSYoungGen: 173664K->96K(174080K)] 272916K->99380K(523776K), 0.0011485 secs] [Times: user=0.00 sys=0.00, real=0.00 secs] 
2018-03-19T13:06:48.568+0530: 3343.671: [GC (Allocation Failure) [PSYoungGen: 173664K->96K(174080K)] 272948K->99412K(523776K), 0.0013354 secs] [Times: user=0.00 sys=0.00, real=0.00 secs] 
2018-03-19T13:06:48.848+0530: 3343.951: [GC (Allocation Failure) [PSYoungGen: 173664K->96K(174080K)] 272980K->99428K(523776K), 0.0012056 secs] [Times: user=0.00 sys=0.00, real=0.00 secs] 
2018-03-19T13:06:49.129+0530: 3344.232: [GC (Allocation Failure) [PSYoungGen: 173664K->32K(174080K)] 272996K->99388K(523776K), 0.0012959 secs] [Times: user=0.00 sys=0.00, real=0.00 secs] 
2018-03-19T13:06:49.416+0530: 3344.520: [GC (Allocation Failure) [PSYoungGen: 173600K->96K(174080K)] 272956K->99476K(523776K), 0.0014059 secs] [Times: user=0.00 sys=0.00, real=0.00 secs] 
2018-03-19T13:06:49.697+0530: 3344.800: [GC (Allocation Failure) [PSYoungGen: 173664K->96K(174080K)] 273044K->99500K(523776K), 0.0013248 secs] [Times: user=0.00 sys=0.00, real=0.00 secs] 
2018-03-19T13:06:49.975+0530: 3345.078: [GC (Allocation Failure) [PSYoungGen: 173664K->64K(174080K)] 273068K->99484K(523776K), 0.0013177 secs] [Times: user=0.00 sys=0.00, real=0.00 secs] 
2018-03-19T13:06:50.277+0530: 3345.380: [GC (Allocation Failure) [PSYoungGen: 173632K->96K(174080K)] 273052K->99548K(523776K), 0.0012444 secs] [Times: user=0.00 sys=0.00, real=0.00 secs] 
2018-03-19T13:06:50.560+0530: 3345.663: [GC (Allocation Failure) [PSYoungGen: 173664K->96K(174080K)] 273116K->99572K(523776K), 0.0011929 secs] [Times: user=0.00 sys=0.00, real=0.00 secs] 
2018-03-19T13:06:50.858+0530: 3345.961: [GC (Allocation Failure) [PSYoungGen: 173664K->96K(174080K)] 273140K->99596K(523776K), 0.0014778 secs] [Times: user=0.00 sys=0.00, real=0.00 secs] 
2018-03-19T13:06:51.143+0530: 3346.246: [GC (Allocation Failure) [PSYoungGen: 173664K->64K(174080K)] 273164K->99580K(523776K), 0.0016252 secs] [Times: user=0.00 sys=0.00, real=0.00 secs] 
2018-03-19T13:06:51.447+0530: 3346.549: [GC (Allocation Failure) [PSYoungGen: 173632K->96K(174080K)] 273148K->99644K(523776K), 0.0013361 secs] [Times: user=0.00 sys=0.00, real=0.00 secs] 
2018-03-19T13:06:51.740+0530: 3346.842: [GC (Allocation Failure) [PSYoungGen: 173664K->96K(174080K)] 273212K->99668K(523776K), 0.0012049 secs] [Times: user=0.00 sys=0.00, real=0.00 secs] 
2018-03-19T13:06:52.023+0530: 3347.125: [GC (Allocation Failure) [PSYoungGen: 173664K->96K(174080K)] 273236K->99692K(523776K), 0.0014031 secs] [Times: user=0.00 sys=0.00, real=0.00 secs] 
2018-03-19T13:06:52.300+0530: 3347.403: [GC (Allocation Failure) [PSYoungGen: 173664K->64K(174080K)] 273260K->99684K(523776K), 0.0013738 secs] [Times: user=0.00 sys=0.00, real=0.00 secs] 
2018-03-19T13:06:52.589+0530: 3347.692: [GC (Allocation Failure) [PSYoungGen: 173632K->96K(174080K)] 273252K->99732K(523776K), 0.0013805 secs] [Times: user=0.00 sys=0.00, real=0.00 secs] 
2018-03-19T13:06:52.872+0530: 3347.975: [GC (Allocation Failure) [PSYoungGen: 173664K->64K(174080K)] 273300K->99724K(523776K), 0.0012158 secs] [Times: user=0.00 sys=0.00, real=0.00 secs] 
2018-03-19T13:06:53.154+0530: 3348.256: [GC (Allocation Failure) [PSYoungGen: 173632K->96K(174080K)] 273292K->99780K(523776K), 0.0013692 secs] [Times: user=0.00 sys=0.00, real=0.00 secs] 
2018-03-19T13:06:53.438+0530: 3348.542: [GC (Allocation Failure) [PSYoungGen: 173664K->96K(174080K)] 273348K->99812K(523776K), 0.0013738 secs] [Times: user=0.00 sys=0.00, real=0.00 secs] 
2018-03-19T13:06:53.738+0530: 3348.841: [GC (Allocation Failure) [PSYoungGen: 173664K->96K(174080K)] 273380K->99836K(523776K), 0.0015268 secs] [Times: user=0.00 sys=0.00, real=0.00 secs] 
2018-03-19T13:06:54.184+0530: 3349.288: [GC (Allocation Failure) [PSYoungGen: 173664K->96K(174080K)] 273404K->99852K(523776K), 0.0018036 secs] [Times: user=0.00 sys=0.00, real=0.00 secs] 
2018-03-19T13:06:54.602+0530: 3349.705: [GC (Allocation Failure) [PSYoungGen: 173664K->96K(174080K)] 273420K->99884K(523776K), 0.0013146 secs] [Times: user=0.00 sys=0.00, real=0.00 secs] 
2018-03-19T13:06:55.003+0530: 3350.105: [GC (Allocation Failure) [PSYoungGen: 173664K->64K(174080K)] 273452K->99884K(523776K), 0.0013890 secs] [Times: user=0.00 sys=0.00, real=0.00 secs] 
2018-03-19T13:06:55.467+0530: 3350.571: [GC (Allocation Failure) [PSYoungGen: 173632K->64K(174080K)] 273452K->99900K(523776K), 0.0017751 secs] [Times: user=0.00 sys=0.00, real=0.00 secs] 
2018-03-19T13:06:55.877+0530: 3350.980: [GC (Allocation Failure) [PSYoungGen: 173632K->96K(174080K)] 273468K->99956K(523776K), 0.0012433 secs] [Times: user=0.00 sys=0.00, real=0.00 secs] 
2018-03-19T13:06:56.158+0530: 3351.261: [GC (Allocation Failure) [PSYoungGen: 173664K->96K(174080K)] 273524K->99988K(523776K), 0.0015473 secs] [Times: user=0.00 sys=0.00, real=0.00 secs] 
2018-03-19T13:06:56.483+0530: 3351.586: [GC (Allocation Failure) [PSYoungGen: 173664K->96K(174080K)] 273556K->100012K(523776K), 0.0013875 secs] [Times: user=0.00 sys=0.00, real=0.00 secs] 
2018-03-19T13:06:56.796+0530: 3351.899: [GC (Allocation Failure) [PSYoungGen: 173664K->96K(174080K)] 273580K->100036K(523776K), 0.0012973 secs] [Times: user=0.00 sys=0.00, real=0.00 secs] 
2018-03-19T13:06:57.095+0530: 3352.198: [GC (Allocation Failure) [PSYoungGen: 173664K->64K(174080K)] 273604K->100020K(523776K), 0.0016848 secs] [Times: user=0.00 sys=0.00, real=0.00 secs] 
2018-03-19T13:06:57.406+0530: 3352.508: [GC (Allocation Failure) [PSYoungGen: 173632K->96K(174080K)] 273588K->100076K(523776K), 0.0014242 secs] [Times: user=0.00 sys=0.00, real=0.00 secs] 
2018-03-19T13:06:57.713+0530: 3352.815: [GC (Allocation Failure) [PSYoungGen: 173664K->96K(174080K)] 273644K->100108K(523776K), 0.0014348 secs] [Times: user=0.00 sys=0.00, real=0.00 secs] 
2018-03-19T13:06:58.124+0530: 3353.226: [GC (Allocation Failure) [PSYoungGen: 173664K->96K(174080K)] 273676K->100132K(523776K), 0.0014009 secs] [Times: user=0.00 sys=0.00, real=0.00 secs] 
2018-03-19T13:06:58.424+0530: 3353.526: [GC (Allocation Failure) [PSYoungGen: 173664K->96K(174080K)] 273700K->100156K(523776K), 0.0012856 secs] [Times: user=0.00 sys=0.00, real=0.00 secs] 
2018-03-19T13:06:58.718+0530: 3353.821: [GC (Allocation Failure) [PSYoungGen: 173664K->96K(174080K)] 273724K->100180K(523776K), 0.0012691 secs] [Times: user=0.00 sys=0.00, real=0.00 secs] 
2018-03-19T13:06:59.011+0530: 3354.114: [GC (Allocation Failure) [PSYoungGen: 173664K->64K(174080K)] 273748K->100180K(523776K), 0.0014066 secs] [Times: user=0.00 sys=0.00, real=0.00 secs] 
2018-03-19T13:06:59.783+0530: 3354.886: [GC (Allocation Failure) [PSYoungGen: 173632K->64K(174080K)] 273748K->100204K(523776K), 0.0015808 secs] [Times: user=0.00 sys=0.00, real=0.00 secs] 
2018-03-19T13:07:00.152+0530: 3355.255: [GC (Allocation Failure) [PSYoungGen: 173632K->32K(174080K)] 273772K->100196K(523776K), 0.0015790 secs] [Times: user=0.00 sys=0.00, real=0.00 secs] 
2018-03-19T13:07:00.470+0530: 3355.573: [GC (Allocation Failure) [PSYoungGen: 173600K->96K(174080K)] 273764K->100284K(523776K), 0.0015557 secs] [Times: user=0.00 sys=0.00, real=0.00 secs] 
2018-03-19T13:07:00.787+0530: 3355.890: [GC (Allocation Failure) [PSYoungGen: 173664K->32K(174080K)] 273852K->100236K(523776K), 0.0017060 secs] [Times: user=0.00 sys=0.00, real=0.00 secs] 
2018-03-19T13:07:01.104+0530: 3356.207: [GC (Allocation Failure) [PSYoungGen: 173600K->64K(174080K)] 273804K->100284K(523776K), 0.0018343 secs] [Times: user=0.00 sys=0.00, real=0.00 secs] 
2018-03-19T13:07:01.417+0530: 3356.520: [GC (Allocation Failure) [PSYoungGen: 173632K->64K(174080K)] 273852K->100308K(523776K), 0.0014570 secs] [Times: user=0.00 sys=0.00, real=0.00 secs] 
2018-03-19T13:07:01.703+0530: 3356.805: [GC (Allocation Failure) [PSYoungGen: 173632K->96K(174080K)] 273876K->100372K(523776K), 0.0013167 secs] [Times: user=0.00 sys=0.00, real=0.00 secs] 
2018-03-19T13:07:02.154+0530: 3357.257: [GC (Allocation Failure) [PSYoungGen: 173664K->96K(174080K)] 273940K->100396K(523776K), 0.0015783 secs] [Times: user=0.00 sys=0.00, real=0.00 secs] 
2018-03-19T13:07:02.477+0530: 3357.579: [GC (Allocation Failure) [PSYoungGen: 173664K->128K(174080K)] 273964K->100444K(523776K), 0.0012952 secs] [Times: user=0.02 sys=0.00, real=0.00 secs] 
2018-03-19T13:07:02.790+0530: 3357.892: [GC (Allocation Failure) [PSYoungGen: 173696K->96K(174080K)] 274012K->100436K(523776K), 0.0014880 secs] [Times: user=0.00 sys=0.00, real=0.00 secs] 
2018-03-19T13:07:03.075+0530: 3358.178: [GC (Allocation Failure) [PSYoungGen: 173664K->96K(174080K)] 274004K->100460K(523776K), 0.0013160 secs] [Times: user=0.00 sys=0.00, real=0.00 secs] 
2018-03-19T13:07:03.354+0530: 3358.457: [GC (Allocation Failure) [PSYoungGen: 173664K->96K(174080K)] 274028K->100484K(523776K), 0.0011876 secs] [Times: user=0.00 sys=0.00, real=0.00 secs] 
2018-03-19T13:07:03.648+0530: 3358.751: [GC (Allocation Failure) [PSYoungGen: 173664K->64K(174080K)] 274052K->100476K(523776K), 0.0012860 secs] [Times: user=0.02 sys=0.00, real=0.00 secs] 
2018-03-19T13:07:03.936+0530: 3359.039: [GC (Allocation Failure) [PSYoungGen: 173632K->64K(174080K)] 274044K->100492K(523776K), 0.0013272 secs] [Times: user=0.00 sys=0.00, real=0.00 secs] 
2018-03-19T13:07:04.246+0530: 3359.349: [GC (Allocation Failure) [PSYoungGen: 173632K->96K(174080K)] 274060K->100556K(523776K), 0.0014637 secs] [Times: user=0.00 sys=0.00, real=0.00 secs] 
2018-03-19T13:07:04.550+0530: 3359.653: [GC (Allocation Failure) [PSYoungGen: 173664K->64K(174080K)] 274124K->100548K(523776K), 0.0013188 secs] [Times: user=0.00 sys=0.00, real=0.00 secs] 
2018-03-19T13:07:04.835+0530: 3359.938: [GC (Allocation Failure) [PSYoungGen: 173632K->32K(174080K)] 274116K->100540K(523776K), 0.0012945 secs] [Times: user=0.00 sys=0.00, real=0.00 secs] 
2018-03-19T13:07:05.120+0530: 3360.223: [GC (Allocation Failure) [PSYoungGen: 173600K->96K(174080K)] 274108K->100628K(523776K), 0.0013064 secs] [Times: user=0.00 sys=0.00, real=0.00 secs] 
2018-03-19T13:07:05.407+0530: 3360.510: [GC (Allocation Failure) [PSYoungGen: 173664K->96K(174080K)] 274196K->100652K(523776K), 0.0014937 secs] [Times: user=0.00 sys=0.00, real=0.00 secs] 
2018-03-19T13:07:05.688+0530: 3360.790: [GC (Allocation Failure) [PSYoungGen: 173664K->64K(174080K)] 274220K->100636K(523776K), 0.0013445 secs] [Times: user=0.00 sys=0.00, real=0.00 secs] 
2018-03-19T13:07:05.972+0530: 3361.075: [GC (Allocation Failure) [PSYoungGen: 173632K->64K(174080K)] 274204K->100660K(523776K), 0.0012458 secs] [Times: user=0.00 sys=0.00, real=0.00 secs] 
2018-03-19T13:07:06.255+0530: 3361.358: [GC (Allocation Failure) [PSYoungGen: 173632K->96K(174080K)] 274228K->100716K(523776K), 0.0015071 secs] [Times: user=0.00 sys=0.00, real=0.00 secs] 
2018-03-19T13:07:06.554+0530: 3361.657: [GC (Allocation Failure) [PSYoungGen: 173664K->64K(174080K)] 274284K->100716K(523776K), 0.0016658 secs] [Times: user=0.00 sys=0.00, real=0.00 secs] 
2018-03-19T13:07:06.846+0530: 3361.950: [GC (Allocation Failure) [PSYoungGen: 173632K->96K(174080K)] 274284K->100772K(523776K), 0.0013780 secs] [Times: user=0.00 sys=0.00, real=0.00 secs] 
2018-03-19T13:07:07.141+0530: 3362.244: [GC (Allocation Failure) [PSYoungGen: 173664K->96K(174080K)] 274340K->100796K(523776K), 0.0012680 secs] [Times: user=0.00 sys=0.00, real=0.00 secs] 
2018-03-19T13:07:07.454+0530: 3362.556: [GC (Allocation Failure) [PSYoungGen: 173664K->128K(174080K)] 274364K->100852K(523776K), 0.0014923 secs] [Times: user=0.00 sys=0.00, real=0.00 secs] 
2018-03-19T13:07:07.844+0530: 3362.947: [GC (Allocation Failure) [PSYoungGen: 173696K->96K(174080K)] 274420K->100852K(523776K), 0.0015025 secs] [Times: user=0.00 sys=0.00, real=0.00 secs] 
2018-03-19T13:07:08.126+0530: 3363.229: [GC (Allocation Failure) [PSYoungGen: 173664K->96K(174080K)] 274420K->100876K(523776K), 0.0014426 secs] [Times: user=0.00 sys=0.00, real=0.00 secs] 
2018-03-19T13:07:08.452+0530: 3363.555: [GC (Allocation Failure) [PSYoungGen: 173664K->96K(174080K)] 274444K->100900K(523776K), 0.0014302 secs] [Times: user=0.00 sys=0.00, real=0.00 secs] 
2018-03-19T13:07:08.762+0530: 3363.865: [GC (Allocation Failure) [PSYoungGen: 173664K->96K(174080K)] 274468K->100916K(523776K), 0.0014672 secs] [Times: user=0.00 sys=0.00, real=0.00 secs] 
2018-03-19T13:07:09.062+0530: 3364.165: [GC (Allocation Failure) [PSYoungGen: 173664K->96K(174080K)] 274484K->100940K(523776K), 0.0012807 secs] [Times: user=0.00 sys=0.00, real=0.00 secs] 
2018-03-19T13:07:09.362+0530: 3364.466: [GC (Allocation Failure) [PSYoungGen: 173664K->64K(174080K)] 274508K->100924K(523776K), 0.0018199 secs] [Times: user=0.00 sys=0.00, real=0.00 secs] 
2018-03-19T13:07:09.666+0530: 3364.768: [GC (Allocation Failure) [PSYoungGen: 173632K->96K(174080K)] 274492K->100980K(523776K), 0.0013586 secs] [Times: user=0.00 sys=0.00, real=0.00 secs] 
2018-03-19T13:07:09.970+0530: 3365.073: [GC (Allocation Failure) [PSYoungGen: 173664K->64K(174080K)] 274548K->100964K(523776K), 0.0015177 secs] [Times: user=0.00 sys=0.00, real=0.00 secs] 
2018-03-19T13:07:10.291+0530: 3365.393: [GC (Allocation Failure) [PSYoungGen: 173632K->96K(174080K)] 274532K->101028K(523776K), 0.0013248 secs] [Times: user=0.00 sys=0.00, real=0.00 secs] 
2018-03-19T13:07:10.617+0530: 3365.719: [GC (Allocation Failure) [PSYoungGen: 173664K->64K(174080K)] 274596K->101012K(523776K), 0.0014753 secs] [Times: user=0.00 sys=0.00, real=0.00 secs] 
2018-03-19T13:07:10.927+0530: 3366.030: [GC (Allocation Failure) [PSYoungGen: 173632K->96K(174080K)] 274580K->101060K(523776K), 0.0014764 secs] [Times: user=0.00 sys=0.00, real=0.00 secs] 
2018-03-19T13:07:11.233+0530: 3366.337: [GC (Allocation Failure) [PSYoungGen: 173664K->96K(174080K)] 274628K->101092K(523776K), 0.0014320 secs] [Times: user=0.00 sys=0.00, real=0.00 secs] 
2018-03-19T13:07:11.626+0530: 3366.729: [GC (Allocation Failure) [PSYoungGen: 173664K->64K(174080K)] 274660K->101084K(523776K), 0.0013674 secs] [Times: user=0.00 sys=0.00, real=0.00 secs] 
2018-03-19T13:07:11.940+0530: 3367.043: [GC (Allocation Failure) [PSYoungGen: 173632K->96K(174080K)] 274652K->101140K(523776K), 0.0015053 secs] [Times: user=0.00 sys=0.00, real=0.00 secs] 
2018-03-19T13:07:12.242+0530: 3367.345: [GC (Allocation Failure) [PSYoungGen: 173664K->64K(174080K)] 274708K->101132K(523776K), 0.0014478 secs] [Times: user=0.00 sys=0.00, real=0.00 secs] 
2018-03-19T13:07:12.534+0530: 3367.637: [GC (Allocation Failure) [PSYoungGen: 173632K->96K(174080K)] 274700K->101188K(523776K), 0.0012747 secs] [Times: user=0.00 sys=0.00, real=0.00 secs] 
2018-03-19T13:07:12.832+0530: 3367.935: [GC (Allocation Failure) [PSYoungGen: 173664K->96K(174080K)] 274756K->101204K(523776K), 0.0013858 secs] [Times: user=0.00 sys=0.00, real=0.00 secs] 
2018-03-19T13:07:13.125+0530: 3368.228: [GC (Allocation Failure) [PSYoungGen: 173664K->96K(174080K)] 274772K->101236K(523776K), 0.0013428 secs] [Times: user=0.00 sys=0.00, real=0.00 secs] 
2018-03-19T13:07:13.426+0530: 3368.528: [GC (Allocation Failure) [PSYoungGen: 173664K->64K(174080K)] 274804K->101228K(523776K), 0.0014006 secs] [Times: user=0.00 sys=0.00, real=0.00 secs] 
2018-03-19T13:07:13.737+0530: 3368.840: [GC (Allocation Failure) [PSYoungGen: 173632K->64K(174080K)] 274796K->101252K(523776K), 0.0013939 secs] [Times: user=0.00 sys=0.00, real=0.00 secs] 
2018-03-19T13:07:14.040+0530: 3369.143: [GC (Allocation Failure) [PSYoungGen: 173632K->64K(174080K)] 274820K->101284K(523776K), 0.0014203 secs] [Times: user=0.00 sys=0.00, real=0.00 secs] 
2018-03-19T13:07:14.328+0530: 3369.430: [GC (Allocation Failure) [PSYoungGen: 173632K->64K(174080K)] 274852K->101300K(523776K), 0.0015088 secs] [Times: user=0.00 sys=0.00, real=0.00 secs] 
2018-03-19T13:07:14.619+0530: 3369.722: [GC (Allocation Failure) [PSYoungGen: 173632K->96K(174080K)] 274868K->101356K(523776K), 0.0012948 secs] [Times: user=0.00 sys=0.00, real=0.00 secs] 
2018-03-19T13:07:14.900+0530: 3370.002: [GC (Allocation Failure) [PSYoungGen: 173664K->96K(174080K)] 274924K->101380K(523776K), 0.0011929 secs] [Times: user=0.00 sys=0.00, real=0.00 secs] 
2018-03-19T13:07:15.240+0530: 3370.343: [GC (Allocation Failure) [PSYoungGen: 173664K->96K(174080K)] 274948K->101396K(523776K), 0.0017056 secs] [Times: user=0.00 sys=0.00, real=0.00 secs] 
2018-03-19T13:07:15.551+0530: 3370.654: [GC (Allocation Failure) [PSYoungGen: 173664K->64K(174080K)] 274964K->101380K(523776K), 0.0014242 secs] [Times: user=0.00 sys=0.00, real=0.00 secs] 
2018-03-19T13:07:15.862+0530: 3370.965: [GC (Allocation Failure) [PSYoungGen: 173632K->96K(174080K)] 274948K->101444K(523776K), 0.0012930 secs] [Times: user=0.00 sys=0.00, real=0.00 secs] 
2018-03-19T13:07:16.172+0530: 3371.275: [GC (Allocation Failure) [PSYoungGen: 173664K->64K(174080K)] 275012K->101436K(523776K), 0.0013378 secs] [Times: user=0.00 sys=0.00, real=0.00 secs] 
2018-03-19T13:07:16.463+0530: 3371.566: [GC (Allocation Failure) [PSYoungGen: 173632K->64K(174080K)] 275004K->101460K(523776K), 0.0015928 secs] [Times: user=0.00 sys=0.00, real=0.00 secs] 
2018-03-19T13:07:16.750+0530: 3371.853: [GC (Allocation Failure) [PSYoungGen: 173632K->96K(174080K)] 275028K->101516K(523776K), 0.0014235 secs] [Times: user=0.00 sys=0.00, real=0.00 secs] 
2018-03-19T13:07:17.038+0530: 3372.141: [GC (Allocation Failure) [PSYoungGen: 173664K->96K(174080K)] 275084K->101540K(523776K), 0.0012744 secs] [Times: user=0.00 sys=0.00, real=0.00 secs] 
2018-03-19T13:07:17.318+0530: 3372.421: [GC (Allocation Failure) [PSYoungGen: 173664K->64K(174080K)] 275108K->101540K(523776K), 0.0019613 secs] [Times: user=0.00 sys=0.00, real=0.00 secs] 
2018-03-19T13:07:17.622+0530: 3372.725: [GC (Allocation Failure) [PSYoungGen: 173632K->96K(174080K)] 275108K->101596K(523776K), 0.0014891 secs] [Times: user=0.00 sys=0.00, real=0.00 secs] 
2018-03-19T13:07:17.921+0530: 3373.024: [GC (Allocation Failure) [PSYoungGen: 173664K->96K(174080K)] 275164K->101620K(523776K), 0.0012719 secs] [Times: user=0.00 sys=0.00, real=0.00 secs] 
2018-03-19T13:07:18.198+0530: 3373.301: [GC (Allocation Failure) [PSYoungGen: 173664K->96K(174080K)] 275188K->101652K(523776K), 0.0014052 secs] [Times: user=0.00 sys=0.00, real=0.00 secs] 
2018-03-19T13:07:18.482+0530: 3373.584: [GC (Allocation Failure) [PSYoungGen: 173664K->96K(174080K)] 275220K->101676K(523776K), 0.0012038 secs] [Times: user=0.00 sys=0.00, real=0.00 secs] 
2018-03-19T13:07:18.760+0530: 3373.863: [GC (Allocation Failure) [PSYoungGen: 173664K->64K(174080K)] 275244K->101668K(523776K), 0.0012349 secs] [Times: user=0.00 sys=0.00, real=0.00 secs] 
2018-03-19T13:07:19.039+0530: 3374.142: [GC (Allocation Failure) [PSYoungGen: 173632K->96K(174080K)] 275236K->101716K(523776K), 0.0013858 secs] [Times: user=0.00 sys=0.00, real=0.00 secs] 
2018-03-19T13:07:19.320+0530: 3374.423: [GC (Allocation Failure) [PSYoungGen: 173664K->96K(174080K)] 275284K->101732K(523776K), 0.0012215 secs] [Times: user=0.02 sys=0.00, real=0.00 secs] 
2018-03-19T13:07:19.628+0530: 3374.730: [GC (Allocation Failure) [PSYoungGen: 173664K->128K(174080K)] 275300K->101788K(523776K), 0.0013808 secs] [Times: user=0.00 sys=0.00, real=0.00 secs] 
2018-03-19T13:07:19.933+0530: 3375.036: [GC (Allocation Failure) [PSYoungGen: 173696K->64K(174080K)] 275356K->101748K(523776K), 0.0012751 secs] [Times: user=0.00 sys=0.00, real=0.00 secs] 
2018-03-19T13:07:20.227+0530: 3375.329: [GC (Allocation Failure) [PSYoungGen: 173632K->96K(174080K)] 275316K->101804K(523776K), 0.0012923 secs] [Times: user=0.02 sys=0.00, real=0.00 secs] 
2018-03-19T13:07:20.511+0530: 3375.614: [GC (Allocation Failure) [PSYoungGen: 173664K->96K(174080K)] 275372K->101828K(523776K), 0.0012095 secs] [Times: user=0.00 sys=0.00, real=0.00 secs] 
2018-03-19T13:07:20.790+0530: 3375.893: [GC (Allocation Failure) [PSYoungGen: 173664K->96K(174080K)] 275396K->101844K(523776K), 0.0013354 secs] [Times: user=0.00 sys=0.00, real=0.00 secs] 
2018-03-19T13:07:21.076+0530: 3376.179: [GC (Allocation Failure) [PSYoungGen: 173664K->96K(174080K)] 275412K->101868K(523776K), 0.0013569 secs] [Times: user=0.00 sys=0.00, real=0.00 secs] 
2018-03-19T13:07:21.359+0530: 3376.461: [GC (Allocation Failure) [PSYoungGen: 173664K->96K(174080K)] 275436K->101892K(523776K), 0.0013823 secs] [Times: user=0.00 sys=0.00, real=0.00 secs] 
2018-03-19T13:07:21.650+0530: 3376.753: [GC (Allocation Failure) [PSYoungGen: 173664K->96K(174080K)] 275460K->101916K(523776K), 0.0014136 secs] [Times: user=0.00 sys=0.00, real=0.00 secs] 
2018-03-19T13:07:21.927+0530: 3377.029: [GC (Allocation Failure) [PSYoungGen: 173664K->96K(174080K)] 275484K->101948K(523776K), 0.0012828 secs] [Times: user=0.00 sys=0.00, real=0.00 secs] 
2018-03-19T13:07:22.202+0530: 3377.305: [GC (Allocation Failure) [PSYoungGen: 173664K->96K(174080K)] 275516K->101964K(523776K), 0.0013674 secs] [Times: user=0.00 sys=0.00, real=0.00 secs] 
2018-03-19T13:07:22.500+0530: 3377.602: [GC (Allocation Failure) [PSYoungGen: 173664K->96K(174080K)] 275532K->101996K(523776K), 0.0013431 secs] [Times: user=0.00 sys=0.00, real=0.00 secs] 
2018-03-19T13:07:22.780+0530: 3377.883: [GC (Allocation Failure) [PSYoungGen: 173664K->96K(174080K)] 275564K->102020K(523776K), 0.0011933 secs] [Times: user=0.00 sys=0.00, real=0.00 secs] 
2018-03-19T13:07:23.067+0530: 3378.170: [GC (Allocation Failure) [PSYoungGen: 173664K->96K(174080K)] 275588K->102036K(523776K), 0.0012726 secs] [Times: user=0.00 sys=0.00, real=0.00 secs] 
2018-03-19T13:07:23.344+0530: 3378.446: [GC (Allocation Failure) [PSYoungGen: 173664K->96K(174080K)] 275604K->102060K(523776K), 0.0012994 secs] [Times: user=0.00 sys=0.00, real=0.00 secs] 
2018-03-19T13:07:23.626+0530: 3378.730: [GC (Allocation Failure) [PSYoungGen: 173664K->96K(174080K)] 275628K->102092K(523776K), 0.0012211 secs] [Times: user=0.00 sys=0.00, real=0.00 secs] 
2018-03-19T13:07:23.922+0530: 3379.025: [GC (Allocation Failure) [PSYoungGen: 173664K->96K(174080K)] 275660K->102108K(523776K), 0.0013495 secs] [Times: user=0.00 sys=0.00, real=0.00 secs] 
2018-03-19T13:07:24.199+0530: 3379.301: [GC (Allocation Failure) [PSYoungGen: 173664K->96K(174080K)] 275676K->102140K(523776K), 0.0012105 secs] [Times: user=0.00 sys=0.00, real=0.00 secs] 
2018-03-19T13:07:24.483+0530: 3379.585: [GC (Allocation Failure) [PSYoungGen: 173664K->96K(174080K)] 275708K->102156K(523776K), 0.0014151 secs] [Times: user=0.00 sys=0.00, real=0.00 secs] 
2018-03-19T13:07:24.763+0530: 3379.867: [GC (Allocation Failure) [PSYoungGen: 173664K->96K(174080K)] 275724K->102188K(523776K), 0.0013875 secs] [Times: user=0.00 sys=0.00, real=0.00 secs] 
2018-03-19T13:07:25.064+0530: 3380.167: [GC (Allocation Failure) [PSYoungGen: 173664K->64K(174080K)] 275756K->102172K(523776K), 0.0016383 secs] [Times: user=0.00 sys=0.00, real=0.00 secs] 
2018-03-19T13:07:25.386+0530: 3380.488: [GC (Allocation Failure) [PSYoungGen: 173632K->128K(174080K)] 275740K->102252K(523776K), 0.0015074 secs] [Times: user=0.00 sys=0.00, real=0.00 secs] 
2018-03-19T13:07:25.676+0530: 3380.779: [GC (Allocation Failure) [PSYoungGen: 173696K->96K(174080K)] 275820K->102252K(523776K), 0.0012059 secs] [Times: user=0.00 sys=0.00, real=0.00 secs] 
2018-03-19T13:07:25.959+0530: 3381.061: [GC (Allocation Failure) [PSYoungGen: 173664K->96K(174080K)] 275820K->102284K(523776K), 0.0015780 secs] [Times: user=0.00 sys=0.00, real=0.00 secs] 
2018-03-19T13:07:26.245+0530: 3381.348: [GC (Allocation Failure) [PSYoungGen: 173664K->96K(174080K)] 275852K->102300K(523776K), 0.0015039 secs] [Times: user=0.00 sys=0.00, real=0.00 secs] 
2018-03-19T13:07:26.561+0530: 3381.664: [GC (Allocation Failure) [PSYoungGen: 173664K->96K(174080K)] 275868K->102332K(523776K), 0.0012190 secs] [Times: user=0.00 sys=0.00, real=0.00 secs] 
2018-03-19T13:07:26.858+0530: 3381.961: [GC (Allocation Failure) [PSYoungGen: 173664K->96K(174080K)] 275900K->102364K(523776K), 0.0013650 secs] [Times: user=0.00 sys=0.00, real=0.00 secs] 
2018-03-19T13:07:27.147+0530: 3382.250: [GC (Allocation Failure) [PSYoungGen: 173664K->96K(174080K)] 275932K->102396K(523776K), 0.0013798 secs] [Times: user=0.00 sys=0.00, real=0.00 secs] 
2018-03-19T13:07:27.448+0530: 3382.550: [GC (Allocation Failure) [PSYoungGen: 173664K->64K(174080K)] 275964K->102388K(523776K), 0.0017405 secs] [Times: user=0.00 sys=0.00, real=0.00 secs] 
2018-03-19T13:07:27.781+0530: 3382.883: [GC (Allocation Failure) [PSYoungGen: 173632K->64K(174080K)] 275956K->102412K(523776K), 0.0016041 secs] [Times: user=0.00 sys=0.00, real=0.00 secs] 
2018-03-19T13:07:28.099+0530: 3383.202: [GC (Allocation Failure) [PSYoungGen: 173632K->64K(174080K)] 275980K->102444K(523776K), 0.0014757 secs] [Times: user=0.00 sys=0.00, real=0.00 secs] 
2018-03-19T13:07:28.399+0530: 3383.502: [GC (Allocation Failure) [PSYoungGen: 173632K->96K(174080K)] 276012K->102500K(523776K), 0.0012715 secs] [Times: user=0.00 sys=0.00, real=0.00 secs] 
2018-03-19T13:07:28.714+0530: 3383.817: [GC (Allocation Failure) [PSYoungGen: 173664K->96K(174080K)] 276068K->102524K(523776K), 0.0014306 secs] [Times: user=0.00 sys=0.00, real=0.00 secs] 
2018-03-19T13:07:29.015+0530: 3384.117: [GC (Allocation Failure) [PSYoungGen: 173664K->96K(174080K)] 276092K->102556K(523776K), 0.0013942 secs] [Times: user=0.00 sys=0.00, real=0.00 secs] 
2018-03-19T13:07:29.298+0530: 3384.401: [GC (Allocation Failure) [PSYoungGen: 173664K->96K(174080K)] 276124K->102588K(523776K), 0.0012303 secs] [Times: user=0.00 sys=0.00, real=0.00 secs] 
2018-03-19T13:07:29.600+0530: 3384.703: [GC (Allocation Failure) [PSYoungGen: 173664K->64K(174080K)] 276156K->102572K(523776K), 0.0012729 secs] [Times: user=0.00 sys=0.00, real=0.00 secs] 
2018-03-19T13:07:29.895+0530: 3384.997: [GC (Allocation Failure) [PSYoungGen: 173632K->64K(174080K)] 276140K->102604K(523776K), 0.0013692 secs] [Times: user=0.00 sys=0.00, real=0.00 secs] 
2018-03-19T13:07:30.295+0530: 3385.398: [GC (Allocation Failure) [PSYoungGen: 173632K->64K(174080K)] 276172K->102628K(523776K), 0.0012162 secs] [Times: user=0.00 sys=0.00, real=0.00 secs] 
2018-03-19T13:07:30.747+0530: 3385.849: [GC (Allocation Failure) [PSYoungGen: 173632K->96K(174080K)] 276196K->102676K(523776K), 0.0014154 secs] [Times: user=0.00 sys=0.00, real=0.00 secs] 
2018-03-19T13:07:31.031+0530: 3386.133: [GC (Allocation Failure) [PSYoungGen: 173664K->96K(174080K)] 276244K->102700K(523776K), 0.0015268 secs] [Times: user=0.00 sys=0.00, real=0.00 secs] 
2018-03-19T13:07:31.311+0530: 3386.414: [GC (Allocation Failure) [PSYoungGen: 173664K->96K(174080K)] 276268K->102732K(523776K), 0.0013512 secs] [Times: user=0.00 sys=0.00, real=0.00 secs] 
2018-03-19T13:07:31.614+0530: 3386.717: [GC (Allocation Failure) [PSYoungGen: 173664K->96K(174080K)] 276300K->102764K(523776K), 0.0013488 secs] [Times: user=0.00 sys=0.00, real=0.00 secs] 
2018-03-19T13:07:31.928+0530: 3387.031: [GC (Allocation Failure) [PSYoungGen: 173664K->96K(174080K)] 276332K->102796K(523776K), 0.0012627 secs] [Times: user=0.00 sys=0.00, real=0.00 secs] 
2018-03-19T13:07:32.212+0530: 3387.315: [GC (Allocation Failure) [PSYoungGen: 173664K->96K(174080K)] 276364K->102820K(523776K), 0.0013301 secs] [Times: user=0.06 sys=0.00, real=0.00 secs] 
2018-03-19T13:07:32.498+0530: 3387.601: [GC (Allocation Failure) [PSYoungGen: 173664K->96K(174080K)] 276388K->102844K(523776K), 0.0012980 secs] [Times: user=0.00 sys=0.00, real=0.00 secs] 
2018-03-19T13:07:32.776+0530: 3387.879: [GC (Allocation Failure) [PSYoungGen: 173664K->96K(174080K)] 276412K->102868K(523776K), 0.0013911 secs] [Times: user=0.00 sys=0.00, real=0.00 secs] 
2018-03-19T13:07:33.064+0530: 3388.166: [GC (Allocation Failure) [PSYoungGen: 173664K->96K(174080K)] 276436K->102892K(523776K), 0.0013054 secs] [Times: user=0.00 sys=0.00, real=0.00 secs] 
2018-03-19T13:07:33.340+0530: 3388.443: [GC (Allocation Failure) [PSYoungGen: 173664K->96K(174080K)] 276460K->102916K(523776K), 0.0012098 secs] [Times: user=0.00 sys=0.00, real=0.00 secs] 
2018-03-19T13:07:33.697+0530: 3388.800: [GC (Allocation Failure) [PSYoungGen: 173664K->96K(174080K)] 276484K->102932K(523776K), 0.0015670 secs] [Times: user=0.00 sys=0.00, real=0.00 secs] 
2018-03-19T13:07:34.051+0530: 3389.154: [GC (Allocation Failure) [PSYoungGen: 173664K->96K(174080K)] 276500K->102956K(523776K), 0.0015945 secs] [Times: user=0.00 sys=0.00, real=0.00 secs] 
2018-03-19T13:07:34.389+0530: 3389.492: [GC (Allocation Failure) [PSYoungGen: 173664K->96K(174080K)] 276524K->102980K(523776K), 0.0018163 secs] [Times: user=0.00 sys=0.00, real=0.00 secs] 
2018-03-19T13:07:34.742+0530: 3389.845: [GC (Allocation Failure) [PSYoungGen: 173664K->96K(174080K)] 276548K->102996K(523776K), 0.0014055 secs] [Times: user=0.00 sys=0.00, real=0.00 secs] 
2018-03-19T13:07:35.159+0530: 3390.262: [GC (Allocation Failure) [PSYoungGen: 173664K->96K(174080K)] 276564K->103020K(523776K), 0.0016252 secs] [Times: user=0.00 sys=0.00, real=0.00 secs] 
2018-03-19T13:07:35.493+0530: 3390.596: [GC (Allocation Failure) [PSYoungGen: 173664K->96K(174080K)] 276588K->103036K(523776K), 0.0015596 secs] [Times: user=0.00 sys=0.00, real=0.00 secs] 
2018-03-19T13:07:35.832+0530: 3390.935: [GC (Allocation Failure) [PSYoungGen: 173664K->64K(174080K)] 276604K->103028K(523776K), 0.0014330 secs] [Times: user=0.00 sys=0.00, real=0.00 secs] 
2018-03-19T13:07:36.134+0530: 3391.237: [GC (Allocation Failure) [PSYoungGen: 173632K->96K(174080K)] 276596K->103084K(523776K), 0.0014087 secs] [Times: user=0.00 sys=0.00, real=0.00 secs] 
2018-03-19T13:07:36.437+0530: 3391.540: [GC (Allocation Failure) [PSYoungGen: 173664K->96K(174080K)] 276652K->103108K(523776K), 0.0013826 secs] [Times: user=0.00 sys=0.00, real=0.00 secs] 
2018-03-19T13:07:36.737+0530: 3391.840: [GC (Allocation Failure) [PSYoungGen: 173664K->96K(174080K)] 276676K->103140K(523776K), 0.0012906 secs] [Times: user=0.00 sys=0.00, real=0.00 secs] 
2018-03-19T13:07:37.037+0530: 3392.139: [GC (Allocation Failure) [PSYoungGen: 173664K->96K(174080K)] 276708K->103164K(523776K), 0.0014969 secs] [Times: user=0.00 sys=0.00, real=0.00 secs] 
2018-03-19T13:07:37.336+0530: 3392.439: [GC (Allocation Failure) [PSYoungGen: 173664K->64K(174080K)] 276732K->103156K(523776K), 0.0013205 secs] [Times: user=0.02 sys=0.00, real=0.00 secs] 
2018-03-19T13:07:37.633+0530: 3392.736: [GC (Allocation Failure) [PSYoungGen: 173632K->64K(174080K)] 276724K->103188K(523776K), 0.0015282 secs] [Times: user=0.06 sys=0.00, real=0.00 secs] 
2018-03-19T13:07:37.920+0530: 3393.023: [GC (Allocation Failure) [PSYoungGen: 173632K->64K(174080K)] 276756K->103220K(523776K), 0.0013329 secs] [Times: user=0.00 sys=0.00, real=0.00 secs] 
2018-03-19T13:07:38.215+0530: 3393.318: [GC (Allocation Failure) [PSYoungGen: 173632K->96K(174080K)] 276788K->103268K(523776K), 0.0014919 secs] [Times: user=0.00 sys=0.00, real=0.00 secs] 
2018-03-19T13:07:38.504+0530: 3393.606: [GC (Allocation Failure) [PSYoungGen: 173664K->64K(174080K)] 276836K->103268K(523776K), 0.0013766 secs] [Times: user=0.00 sys=0.00, real=0.00 secs] 
2018-03-19T13:07:38.786+0530: 3393.888: [GC (Allocation Failure) [PSYoungGen: 173632K->64K(174080K)] 276836K->103300K(523776K), 0.0014602 secs] [Times: user=0.00 sys=0.00, real=0.00 secs] 
2018-03-19T13:07:39.072+0530: 3394.174: [GC (Allocation Failure) [PSYoungGen: 173632K->96K(174080K)] 276868K->103364K(523776K), 0.0012987 secs] [Times: user=0.00 sys=0.00, real=0.00 secs] 
2018-03-19T13:07:39.351+0530: 3394.454: [GC (Allocation Failure) [PSYoungGen: 173664K->96K(174080K)] 276932K->103388K(523776K), 0.0013445 secs] [Times: user=0.00 sys=0.00, real=0.00 secs] 
2018-03-19T13:07:39.636+0530: 3394.738: [GC (Allocation Failure) [PSYoungGen: 173664K->128K(174080K)] 276956K->103444K(523776K), 0.0014485 secs] [Times: user=0.00 sys=0.00, real=0.00 secs] 
2018-03-19T13:07:39.928+0530: 3395.030: [GC (Allocation Failure) [PSYoungGen: 173696K->64K(174080K)] 277012K->103412K(523776K), 0.0013734 secs] [Times: user=0.00 sys=0.00, real=0.00 secs] 
2018-03-19T13:07:40.206+0530: 3395.309: [GC (Allocation Failure) [PSYoungGen: 173632K->96K(174080K)] 276980K->103476K(523776K), 0.0013526 secs] [Times: user=0.00 sys=0.00, real=0.00 secs] 
2018-03-19T13:07:40.496+0530: 3395.599: [GC (Allocation Failure) [PSYoungGen: 173664K->96K(174080K)] 277044K->103500K(523776K), 0.0014478 secs] [Times: user=0.00 sys=0.00, real=0.00 secs] 
2018-03-19T13:07:40.775+0530: 3395.878: [GC (Allocation Failure) [PSYoungGen: 173664K->96K(174080K)] 277068K->103524K(523776K), 0.0013932 secs] [Times: user=0.00 sys=0.00, real=0.00 secs] 
2018-03-19T13:07:41.058+0530: 3396.162: [GC (Allocation Failure) [PSYoungGen: 173664K->96K(174080K)] 277092K->103540K(523776K), 0.0013823 secs] [Times: user=0.00 sys=0.00, real=0.00 secs] 
2018-03-19T13:07:41.335+0530: 3396.438: [GC (Allocation Failure) [PSYoungGen: 173664K->64K(174080K)] 277108K->103540K(523776K), 0.0013533 secs] [Times: user=0.00 sys=0.00, real=0.00 secs] 
2018-03-19T13:07:41.630+0530: 3396.733: [GC (Allocation Failure) [PSYoungGen: 173632K->64K(174080K)] 277108K->103572K(523776K), 0.0012282 secs] [Times: user=0.00 sys=0.00, real=0.00 secs] 
2018-03-19T13:07:41.978+0530: 3397.081: [GC (Allocation Failure) [PSYoungGen: 173632K->96K(174080K)] 277140K->103636K(523776K), 0.0014951 secs] [Times: user=0.00 sys=0.00, real=0.00 secs] 
2018-03-19T13:07:42.296+0530: 3397.399: [GC (Allocation Failure) [PSYoungGen: 173664K->96K(174080K)] 277204K->103660K(523776K), 0.0014531 secs] [Times: user=0.00 sys=0.00, real=0.00 secs] 
2018-03-19T13:07:42.613+0530: 3397.716: [GC (Allocation Failure) [PSYoungGen: 173664K->96K(174080K)] 277228K->103676K(523776K), 0.0022098 secs] [Times: user=0.00 sys=0.00, real=0.00 secs] 
2018-03-19T13:07:42.967+0530: 3398.070: [GC (Allocation Failure) [PSYoungGen: 173664K->64K(174080K)] 277244K->103660K(523776K), 0.0017349 secs] [Times: user=0.00 sys=0.00, real=0.00 secs] 
2018-03-19T13:07:43.254+0530: 3398.357: [GC (Allocation Failure) [PSYoungGen: 173632K->96K(174080K)] 277228K->103716K(523776K), 0.0012338 secs] [Times: user=0.00 sys=0.00, real=0.00 secs] 
2018-03-19T13:07:43.539+0530: 3398.642: [GC (Allocation Failure) [PSYoungGen: 173664K->96K(174080K)] 277284K->103732K(523776K), 0.0014210 secs] [Times: user=0.00 sys=0.00, real=0.00 secs] 
2018-03-19T13:07:43.995+0530: 3399.099: [GC (Allocation Failure) [PSYoungGen: 173664K->96K(174080K)] 277300K->103748K(523776K), 0.0023290 secs] [Times: user=0.00 sys=0.00, real=0.00 secs] 
2018-03-19T13:07:44.343+0530: 3399.447: [GC (Allocation Failure) [PSYoungGen: 173664K->64K(174080K)] 277316K->103748K(523776K), 0.0014351 secs] [Times: user=0.00 sys=0.00, real=0.00 secs] 
2018-03-19T13:07:44.668+0530: 3399.770: [GC (Allocation Failure) [PSYoungGen: 173632K->96K(174080K)] 277316K->103812K(523776K), 0.0015804 secs] [Times: user=0.00 sys=0.00, real=0.00 secs] 
2018-03-19T13:07:44.976+0530: 3400.078: [GC (Allocation Failure) [PSYoungGen: 173664K->96K(174080K)] 277380K->103828K(523776K), 0.0014954 secs] [Times: user=0.00 sys=0.00, real=0.00 secs] 
2018-03-19T13:07:45.302+0530: 3400.405: [GC (Allocation Failure) [PSYoungGen: 173664K->96K(174080K)] 277396K->103852K(523776K), 0.0014228 secs] [Times: user=0.00 sys=0.00, real=0.00 secs] 
2018-03-19T13:07:45.621+0530: 3400.724: [GC (Allocation Failure) [PSYoungGen: 173664K->96K(174080K)] 277420K->103884K(523776K), 0.0013357 secs] [Times: user=0.00 sys=0.00, real=0.00 secs] 
2018-03-19T13:07:46.135+0530: 3401.237: [GC (Allocation Failure) [PSYoungGen: 173664K->64K(174080K)] 277452K->103876K(523776K), 0.0034218 secs] [Times: user=0.00 sys=0.00, real=0.00 secs] 
2018-03-19T13:07:46.759+0530: 3401.862: [GC (Allocation Failure) [PSYoungGen: 173632K->96K(174080K)] 277444K->103932K(523776K), 0.0017017 secs] [Times: user=0.00 sys=0.00, real=0.00 secs] 
2018-03-19T13:07:47.501+0530: 3402.604: [GC (Allocation Failure) [PSYoungGen: 173664K->96K(174080K)] 277500K->103964K(523776K), 0.0021788 secs] [Times: user=0.00 sys=0.00, real=0.00 secs] 
2018-03-19T13:07:48.294+0530: 3403.396: [GC (Allocation Failure) [PSYoungGen: 173664K->96K(174080K)] 277532K->103988K(523776K), 0.0014612 secs] [Times: user=0.00 sys=0.00, real=0.00 secs] 
2018-03-19T13:07:48.633+0530: 3403.737: [GC (Allocation Failure) [PSYoungGen: 173664K->64K(174080K)] 277556K->103980K(523776K), 0.0015222 secs] [Times: user=0.00 sys=0.01, real=0.00 secs] 
2018-03-19T13:07:48.959+0530: 3404.062: [GC (Allocation Failure) [PSYoungGen: 173632K->64K(174080K)] 277548K->104012K(523776K), 0.0014292 secs] [Times: user=0.00 sys=0.00, real=0.00 secs] 
2018-03-19T13:07:49.274+0530: 3404.377: [GC (Allocation Failure) [PSYoungGen: 173632K->96K(174080K)] 277580K->104076K(523776K), 0.0013995 secs] [Times: user=0.00 sys=0.00, real=0.00 secs] 
2018-03-19T13:07:49.582+0530: 3404.684: [GC (Allocation Failure) [PSYoungGen: 173664K->96K(174080K)] 277644K->104100K(523776K), 0.0012804 secs] [Times: user=0.00 sys=0.00, real=0.00 secs] 
2018-03-19T13:07:49.889+0530: 3404.991: [GC (Allocation Failure) [PSYoungGen: 173664K->96K(174080K)] 277668K->104116K(523776K), 0.0016076 secs] [Times: user=0.00 sys=0.00, real=0.00 secs] 
2018-03-19T13:07:50.313+0530: 3405.416: [GC (Allocation Failure) [PSYoungGen: 173664K->64K(174080K)] 277684K->104108K(523776K), 0.0013692 secs] [Times: user=0.00 sys=0.00, real=0.00 secs] 
2018-03-19T13:07:50.618+0530: 3405.720: [GC (Allocation Failure) [PSYoungGen: 173632K->32K(174080K)] 277676K->104100K(523776K), 0.0014598 secs] [Times: user=0.02 sys=0.00, real=0.00 secs] 
2018-03-19T13:07:50.922+0530: 3406.025: [GC (Allocation Failure) [PSYoungGen: 173600K->64K(174080K)] 277668K->104156K(523776K), 0.0014697 secs] [Times: user=0.00 sys=0.00, real=0.00 secs] 
2018-03-19T13:07:51.217+0530: 3406.319: [GC (Allocation Failure) [PSYoungGen: 173632K->96K(174080K)] 277724K->104212K(523776K), 0.0012236 secs] [Times: user=0.00 sys=0.00, real=0.00 secs] 
2018-03-19T13:07:51.522+0530: 3406.624: [GC (Allocation Failure) [PSYoungGen: 173664K->64K(174080K)] 277780K->104204K(523776K), 0.0015004 secs] [Times: user=0.00 sys=0.00, real=0.00 secs] 
2018-03-19T13:07:51.849+0530: 3406.951: [GC (Allocation Failure) [PSYoungGen: 173632K->64K(174080K)] 277772K->104220K(523776K), 0.0021450 secs] [Times: user=0.00 sys=0.00, real=0.00 secs] 
2018-03-19T13:07:52.244+0530: 3407.346: [GC (Allocation Failure) [PSYoungGen: 173632K->96K(174080K)] 277788K->104276K(523776K), 0.0014905 secs] [Times: user=0.00 sys=0.00, real=0.00 secs] 
2018-03-19T13:07:52.538+0530: 3407.641: [GC (Allocation Failure) [PSYoungGen: 173664K->96K(174080K)] 277844K->104300K(523776K), 0.0013160 secs] [Times: user=0.00 sys=0.00, real=0.00 secs] 
2018-03-19T13:07:52.817+0530: 3407.921: [GC (Allocation Failure) [PSYoungGen: 173664K->64K(174080K)] 277868K->104300K(523776K), 0.0011615 secs] [Times: user=0.00 sys=0.00, real=0.00 secs] 
2018-03-19T13:07:53.115+0530: 3408.217: [GC (Allocation Failure) [PSYoungGen: 173632K->96K(174080K)] 277868K->104356K(523776K), 0.0012634 secs] [Times: user=0.00 sys=0.00, real=0.00 secs] 
2018-03-19T13:07:53.404+0530: 3408.507: [GC (Allocation Failure) [PSYoungGen: 173664K->96K(174080K)] 277924K->104372K(523776K), 0.0014249 secs] [Times: user=0.00 sys=0.00, real=0.00 secs] 
2018-03-19T13:07:53.695+0530: 3408.797: [GC (Allocation Failure) [PSYoungGen: 173664K->64K(174080K)] 277940K->104372K(523776K), 0.0015071 secs] [Times: user=0.00 sys=0.00, real=0.00 secs] 
2018-03-19T13:07:54.003+0530: 3409.105: [GC (Allocation Failure) [PSYoungGen: 173632K->96K(174080K)] 277940K->104436K(523776K), 0.0012342 secs] [Times: user=0.00 sys=0.00, real=0.00 secs] 
2018-03-19T13:07:54.297+0530: 3409.400: [GC (Allocation Failure) [PSYoungGen: 173664K->96K(174080K)] 278004K->104468K(523776K), 0.0013061 secs] [Times: user=0.00 sys=0.00, real=0.00 secs] 
2018-03-19T13:07:54.607+0530: 3409.710: [GC (Allocation Failure) [PSYoungGen: 173664K->128K(174080K)] 278036K->104516K(523776K), 0.0014863 secs] [Times: user=0.00 sys=0.00, real=0.00 secs] 
2018-03-19T13:07:54.905+0530: 3410.008: [GC (Allocation Failure) [PSYoungGen: 173696K->96K(174080K)] 278084K->104508K(523776K), 0.0014962 secs] [Times: user=0.00 sys=0.00, real=0.00 secs] 
2018-03-19T13:07:55.195+0530: 3410.298: [GC (Allocation Failure) [PSYoungGen: 173664K->64K(174080K)] 278076K->104500K(523776K), 0.0014701 secs] [Times: user=0.00 sys=0.00, real=0.00 secs] 
2018-03-19T13:07:55.493+0530: 3410.595: [GC (Allocation Failure) [PSYoungGen: 173632K->96K(174080K)] 278068K->104556K(523776K), 0.0013205 secs] [Times: user=0.00 sys=0.00, real=0.00 secs] 
2018-03-19T13:07:55.806+0530: 3410.910: [GC (Allocation Failure) [PSYoungGen: 173664K->64K(174080K)] 278124K->104540K(523776K), 0.0013459 secs] [Times: user=0.00 sys=0.00, real=0.00 secs] 
2018-03-19T13:07:56.111+0530: 3411.214: [GC (Allocation Failure) [PSYoungGen: 173632K->64K(174080K)] 278108K->104564K(523776K), 0.0015586 secs] [Times: user=0.00 sys=0.00, real=0.00 secs] 
2018-03-19T13:07:56.426+0530: 3411.529: [GC (Allocation Failure) [PSYoungGen: 173632K->96K(174080K)] 278132K->104628K(523776K), 0.0014165 secs] [Times: user=0.00 sys=0.00, real=0.00 secs] 
2018-03-19T13:07:56.740+0530: 3411.843: [GC (Allocation Failure) [PSYoungGen: 173664K->64K(174080K)] 278196K->104612K(523776K), 0.0015487 secs] [Times: user=0.00 sys=0.00, real=0.00 secs] 
2018-03-19T13:07:57.039+0530: 3412.143: [GC (Allocation Failure) [PSYoungGen: 173632K->96K(174080K)] 278180K->104676K(523776K), 0.0014013 secs] [Times: user=0.05 sys=0.00, real=0.00 secs] 
2018-03-19T13:07:57.404+0530: 3412.508: [GC (Allocation Failure) [PSYoungGen: 173664K->96K(174080K)] 278244K->104692K(523776K), 0.0014464 secs] [Times: user=0.00 sys=0.00, real=0.00 secs] 
2018-03-19T13:07:57.843+0530: 3412.946: [GC (Allocation Failure) [PSYoungGen: 173664K->96K(174080K)] 278260K->104716K(523776K), 0.0015427 secs] [Times: user=0.00 sys=0.00, real=0.00 secs] 
2018-03-19T13:07:58.231+0530: 3413.333: [GC (Allocation Failure) [PSYoungGen: 173664K->64K(174080K)] 278284K->104716K(523776K), 0.0019263 secs] [Times: user=0.00 sys=0.00, real=0.00 secs] 
2018-03-19T13:07:58.666+0530: 3413.769: [GC (Allocation Failure) [PSYoungGen: 173632K->64K(174080K)] 278284K->104748K(523776K), 0.0016615 secs] [Times: user=0.00 sys=0.00, real=0.00 secs] 
2018-03-19T13:07:59.224+0530: 3414.327: [GC (Allocation Failure) [PSYoungGen: 173632K->64K(174080K)] 278316K->104764K(523776K), 0.0022268 secs] [Times: user=0.00 sys=0.00, real=0.00 secs] 
2018-03-19T13:07:59.741+0530: 3414.844: [GC (Allocation Failure) [PSYoungGen: 173632K->96K(174080K)] 278332K->104812K(523776K), 0.0020194 secs] [Times: user=0.00 sys=0.00, real=0.00 secs] 
2018-03-19T13:08:00.218+0530: 3415.321: [GC (Allocation Failure) [PSYoungGen: 173664K->96K(174080K)] 278380K->104844K(523776K), 0.0020868 secs] [Times: user=0.00 sys=0.00, real=0.00 secs] 
2018-03-19T13:08:00.718+0530: 3415.821: [GC (Allocation Failure) [PSYoungGen: 173664K->96K(174080K)] 278412K->104860K(523776K), 0.0025977 secs] [Times: user=0.00 sys=0.00, real=0.00 secs] 
2018-03-19T13:08:01.249+0530: 3416.352: [GC (Allocation Failure) [PSYoungGen: 173664K->96K(174080K)] 278428K->104884K(523776K), 0.0025903 secs] [Times: user=0.00 sys=0.00, real=0.00 secs] 
2018-03-19T13:08:01.769+0530: 3416.872: [GC (Allocation Failure) [PSYoungGen: 173664K->96K(174080K)] 278452K->104908K(523776K), 0.0018093 secs] [Times: user=0.00 sys=0.00, real=0.00 secs] 
2018-03-19T13:08:02.187+0530: 3417.290: [GC (Allocation Failure) [PSYoungGen: 173664K->64K(174080K)] 278476K->104892K(523776K), 0.0018156 secs] [Times: user=0.00 sys=0.00, real=0.00 secs] 
2018-03-19T13:08:02.647+0530: 3417.750: [GC (Allocation Failure) [PSYoungGen: 173632K->32K(174080K)] 278460K->104876K(523776K), 0.0031623 secs] [Times: user=0.02 sys=0.00, real=0.00 secs] 
2018-03-19T13:08:03.107+0530: 3418.210: [GC (Allocation Failure) [PSYoungGen: 173600K->64K(174080K)] 278444K->104932K(523776K), 0.0018491 secs] [Times: user=0.00 sys=0.00, real=0.00 secs] 
2018-03-19T13:08:03.553+0530: 3418.656: [GC (Allocation Failure) [PSYoungGen: 173632K->64K(174080K)] 278500K->104956K(523776K), 0.0022726 secs] [Times: user=0.00 sys=0.00, real=0.00 secs] 
2018-03-19T13:08:04.042+0530: 3419.144: [GC (Allocation Failure) [PSYoungGen: 173632K->64K(174080K)] 278524K->104980K(523776K), 0.0021869 secs] [Times: user=0.00 sys=0.00, real=0.00 secs] 
2018-03-19T13:08:04.571+0530: 3419.673: [GC (Allocation Failure) [PSYoungGen: 173632K->64K(174080K)] 278548K->104996K(523776K), 0.0024923 secs] [Times: user=0.05 sys=0.00, real=0.00 secs] 
2018-03-19T13:08:05.085+0530: 3420.188: [GC (Allocation Failure) [PSYoungGen: 173632K->64K(174080K)] 278564K->105028K(523776K), 0.0019796 secs] [Times: user=0.00 sys=0.00, real=0.00 secs] 
2018-03-19T13:08:05.598+0530: 3420.701: [GC (Allocation Failure) [PSYoungGen: 173632K->96K(174080K)] 278596K->105092K(523776K), 0.0016929 secs] [Times: user=0.00 sys=0.00, real=0.00 secs] 
2018-03-19T13:08:05.993+0530: 3421.096: [GC (Allocation Failure) [PSYoungGen: 173664K->64K(174080K)] 278660K->105084K(523776K), 0.0016548 secs] [Times: user=0.00 sys=0.00, real=0.00 secs] 
2018-03-19T13:08:06.349+0530: 3421.452: [GC (Allocation Failure) [PSYoungGen: 173632K->32K(174080K)] 278652K->105076K(523776K), 0.0016206 secs] [Times: user=0.00 sys=0.00, real=0.00 secs] 
2018-03-19T13:08:06.733+0530: 3421.836: [GC (Allocation Failure) [PSYoungGen: 173600K->96K(174080K)] 278644K->105172K(523776K), 0.0015586 secs] [Times: user=0.00 sys=0.00, real=0.00 secs] 
2018-03-19T13:08:07.115+0530: 3422.218: [GC (Allocation Failure) [PSYoungGen: 173664K->96K(174080K)] 278740K->105196K(523776K), 0.0014225 secs] [Times: user=0.00 sys=0.00, real=0.00 secs] 
2018-03-19T13:08:07.468+0530: 3422.571: [GC (Allocation Failure) [PSYoungGen: 173664K->96K(174080K)] 278764K->105220K(523776K), 0.0017377 secs] [Times: user=0.00 sys=0.00, real=0.00 secs] 
2018-03-19T13:08:07.811+0530: 3422.914: [GC (Allocation Failure) [PSYoungGen: 173664K->96K(174080K)] 278788K->105244K(523776K), 0.0014235 secs] [Times: user=0.00 sys=0.00, real=0.00 secs] 
2018-03-19T13:08:08.123+0530: 3423.226: [GC (Allocation Failure) [PSYoungGen: 173664K->64K(174080K)] 278812K->105236K(523776K), 0.0014669 secs] [Times: user=0.00 sys=0.00, real=0.00 secs] 
2018-03-19T13:08:08.433+0530: 3423.536: [GC (Allocation Failure) [PSYoungGen: 173632K->32K(174080K)] 278804K->105220K(523776K), 0.0013660 secs] [Times: user=0.00 sys=0.00, real=0.00 secs] 
2018-03-19T13:08:08.727+0530: 3423.830: [GC (Allocation Failure) [PSYoungGen: 173600K->32K(174080K)] 278788K->105236K(523776K), 0.0012938 secs] [Times: user=0.02 sys=0.00, real=0.00 secs] 
2018-03-19T13:08:09.045+0530: 3424.148: [GC (Allocation Failure) [PSYoungGen: 173600K->96K(174080K)] 278804K->105324K(523776K), 0.0013548 secs] [Times: user=0.00 sys=0.00, real=0.00 secs] 
2018-03-19T13:08:09.395+0530: 3424.498: [GC (Allocation Failure) [PSYoungGen: 173664K->96K(174080K)] 278892K->105348K(523776K), 0.0014076 secs] [Times: user=0.00 sys=0.00, real=0.00 secs] 
2018-03-19T13:08:09.709+0530: 3424.812: [GC (Allocation Failure) [PSYoungGen: 173664K->96K(174080K)] 278916K->105372K(523776K), 0.0015857 secs] [Times: user=0.00 sys=0.00, real=0.00 secs] 
2018-03-19T13:08:10.108+0530: 3425.211: [GC (Allocation Failure) [PSYoungGen: 173664K->96K(174080K)] 278940K->105388K(523776K), 0.0019242 secs] [Times: user=0.00 sys=0.00, real=0.00 secs] 
2018-03-19T13:08:10.718+0530: 3425.821: [GC (Allocation Failure) [PSYoungGen: 173664K->96K(174080K)] 278956K->105404K(523776K), 0.0017370 secs] [Times: user=0.00 sys=0.00, real=0.00 secs] 
2018-03-19T13:08:11.416+0530: 3426.520: [GC (Allocation Failure) [PSYoungGen: 173664K->64K(174080K)] 278972K->105388K(523776K), 0.0027010 secs] [Times: user=0.00 sys=0.00, real=0.00 secs] 
2018-03-19T13:08:12.133+0530: 3427.236: [GC (Allocation Failure) [PSYoungGen: 173632K->128K(174080K)] 278956K->105484K(523776K), 0.0016591 secs] [Times: user=0.06 sys=0.00, real=0.00 secs] 
2018-03-19T13:08:12.555+0530: 3427.658: [GC (Allocation Failure) [PSYoungGen: 173696K->64K(174080K)] 279052K->105444K(523776K), 0.0021453 secs] [Times: user=0.02 sys=0.00, real=0.00 secs] 
2018-03-19T13:08:12.925+0530: 3428.028: [GC (Allocation Failure) [PSYoungGen: 173632K->96K(174080K)] 279012K->105500K(523776K), 0.0017123 secs] [Times: user=0.00 sys=0.00, real=0.00 secs] 
2018-03-19T13:08:13.292+0530: 3428.395: [GC (Allocation Failure) [PSYoungGen: 173664K->96K(174080K)] 279068K->105524K(523776K), 0.0016361 secs] [Times: user=0.00 sys=0.00, real=0.00 secs] 
2018-03-19T13:08:13.810+0530: 3428.914: [GC (Allocation Failure) [PSYoungGen: 173664K->96K(174080K)] 279092K->105556K(523776K), 0.0014669 secs] [Times: user=0.00 sys=0.00, real=0.00 secs] 
2018-03-19T13:08:14.212+0530: 3429.315: [GC (Allocation Failure) [PSYoungGen: 173664K->64K(174080K)] 279124K->105548K(523776K), 0.0021704 secs] [Times: user=0.00 sys=0.00, real=0.00 secs] 
2018-03-19T13:08:14.598+0530: 3429.700: [GC (Allocation Failure) [PSYoungGen: 173632K->96K(174080K)] 279116K->105612K(523776K), 0.0014020 secs] [Times: user=0.00 sys=0.00, real=0.00 secs] 
2018-03-19T13:08:14.976+0530: 3430.079: [GC (Allocation Failure) [PSYoungGen: 173664K->96K(174080K)] 279180K->105628K(523776K), 0.0017151 secs] [Times: user=0.02 sys=0.00, real=0.00 secs] 
2018-03-19T13:08:15.367+0530: 3430.470: [GC (Allocation Failure) [PSYoungGen: 173664K->32K(174080K)] 279196K->105580K(523776K), 0.0032201 secs] [Times: user=0.00 sys=0.00, real=0.00 secs] 
2018-03-19T13:08:15.749+0530: 3430.852: [GC (Allocation Failure) [PSYoungGen: 173600K->96K(174080K)] 279148K->105660K(523776K), 0.0018713 secs] [Times: user=0.00 sys=0.00, real=0.00 secs] 
2018-03-19T13:08:16.099+0530: 3431.202: [GC (Allocation Failure) [PSYoungGen: 173664K->64K(174080K)] 279228K->105644K(523776K), 0.0019651 secs] [Times: user=0.00 sys=0.00, real=0.00 secs] 
2018-03-19T13:08:16.478+0530: 3431.580: [GC (Allocation Failure) [PSYoungGen: 173632K->96K(174080K)] 279212K->105700K(523776K), 0.0015885 secs] [Times: user=0.00 sys=0.00, real=0.00 secs] 
2018-03-19T13:08:16.818+0530: 3431.920: [GC (Allocation Failure) [PSYoungGen: 173664K->96K(174080K)] 279268K->105732K(523776K), 0.0013819 secs] [Times: user=0.00 sys=0.00, real=0.00 secs] 
2018-03-19T13:08:17.143+0530: 3432.246: [GC (Allocation Failure) [PSYoungGen: 173664K->64K(174080K)] 279300K->105716K(523776K), 0.0014630 secs] [Times: user=0.00 sys=0.00, real=0.00 secs] 
2018-03-19T13:08:17.476+0530: 3432.579: [GC (Allocation Failure) [PSYoungGen: 173632K->32K(174080K)] 279284K->105708K(523776K), 0.0015459 secs] [Times: user=0.00 sys=0.01, real=0.00 secs] 
2018-03-19T13:08:17.792+0530: 3432.895: [GC (Allocation Failure) [PSYoungGen: 173600K->96K(174080K)] 279276K->105796K(523776K), 0.0014366 secs] [Times: user=0.00 sys=0.00, real=0.00 secs] 
2018-03-19T13:08:18.097+0530: 3433.200: [GC (Allocation Failure) [PSYoungGen: 173664K->96K(174080K)] 279364K->105820K(523776K), 0.0013653 secs] [Times: user=0.00 sys=0.00, real=0.00 secs] 
2018-03-19T13:08:18.411+0530: 3433.513: [GC (Allocation Failure) [PSYoungGen: 173664K->96K(174080K)] 279388K->105844K(523776K), 0.0014500 secs] [Times: user=0.00 sys=0.00, real=0.00 secs] 
2018-03-19T13:08:18.693+0530: 3433.796: [GC (Allocation Failure) [PSYoungGen: 173664K->64K(174080K)] 279412K->105836K(523776K), 0.0012077 secs] [Times: user=0.00 sys=0.00, real=0.00 secs] 
2018-03-19T13:08:18.982+0530: 3434.085: [GC (Allocation Failure) [PSYoungGen: 173632K->96K(174080K)] 279404K->105900K(523776K), 0.0014891 secs] [Times: user=0.00 sys=0.00, real=0.00 secs] 
2018-03-19T13:08:19.295+0530: 3434.398: [GC (Allocation Failure) [PSYoungGen: 173664K->64K(174080K)] 279468K->105884K(523776K), 0.0015776 secs] [Times: user=0.00 sys=0.00, real=0.00 secs] 
2018-03-19T13:08:19.623+0530: 3434.727: [GC (Allocation Failure) [PSYoungGen: 173632K->96K(174080K)] 279452K->105948K(523776K), 0.0012610 secs] [Times: user=0.00 sys=0.00, real=0.00 secs] 
2018-03-19T13:08:19.933+0530: 3435.036: [GC (Allocation Failure) [PSYoungGen: 173664K->96K(174080K)] 279516K->105964K(523776K), 0.0014880 secs] [Times: user=0.00 sys=0.00, real=0.00 secs] 
2018-03-19T13:08:20.245+0530: 3435.348: [GC (Allocation Failure) [PSYoungGen: 173664K->96K(174080K)] 279532K->105988K(523776K), 0.0012874 secs] [Times: user=0.00 sys=0.00, real=0.00 secs] 
2018-03-19T13:08:20.546+0530: 3435.648: [GC (Allocation Failure) [PSYoungGen: 173664K->96K(174080K)] 279556K->106020K(523776K), 0.0013491 secs] [Times: user=0.00 sys=0.00, real=0.00 secs] 
2018-03-19T13:08:20.830+0530: 3435.933: [GC (Allocation Failure) [PSYoungGen: 173664K->96K(174080K)] 279588K->106052K(523776K), 0.0012546 secs] [Times: user=0.00 sys=0.00, real=0.00 secs] 
2018-03-19T13:08:21.142+0530: 3436.245: [GC (Allocation Failure) [PSYoungGen: 173664K->96K(174080K)] 279620K->106084K(523776K), 0.0013040 secs] [Times: user=0.00 sys=0.00, real=0.00 secs] 
2018-03-19T13:08:21.464+0530: 3436.567: [GC (Allocation Failure) [PSYoungGen: 173664K->64K(174080K)] 279652K->106076K(523776K), 0.0013287 secs] [Times: user=0.00 sys=0.00, real=0.00 secs] 
2018-03-19T13:08:21.753+0530: 3436.855: [GC (Allocation Failure) [PSYoungGen: 173632K->64K(174080K)] 279644K->106108K(523776K), 0.0013181 secs] [Times: user=0.00 sys=0.00, real=0.00 secs] 
2018-03-19T13:08:22.044+0530: 3437.146: [GC (Allocation Failure) [PSYoungGen: 173632K->96K(174080K)] 279676K->106164K(523776K), 0.0014570 secs] [Times: user=0.00 sys=0.00, real=0.00 secs] 
2018-03-19T13:08:22.332+0530: 3437.435: [GC (Allocation Failure) [PSYoungGen: 173664K->96K(174080K)] 279732K->106180K(523776K), 0.0012461 secs] [Times: user=0.00 sys=0.00, real=0.00 secs] 
2018-03-19T13:08:22.626+0530: 3437.729: [GC (Allocation Failure) [PSYoungGen: 173664K->96K(174080K)] 279748K->106212K(523776K), 0.0011844 secs] [Times: user=0.00 sys=0.00, real=0.00 secs] 
2018-03-19T13:08:22.977+0530: 3438.080: [GC (Allocation Failure) [PSYoungGen: 173664K->64K(174080K)] 279780K->106196K(523776K), 0.0014485 secs] [Times: user=0.05 sys=0.00, real=0.00 secs] 
2018-03-19T13:08:23.324+0530: 3438.426: [GC (Allocation Failure) [PSYoungGen: 173632K->96K(174080K)] 279764K->106252K(523776K), 0.0018470 secs] [Times: user=0.00 sys=0.00, real=0.00 secs] 
2018-03-19T13:08:23.644+0530: 3438.748: [GC (Allocation Failure) [PSYoungGen: 173664K->96K(174080K)] 279820K->106276K(523776K), 0.0015148 secs] [Times: user=0.00 sys=0.00, real=0.00 secs] 
2018-03-19T13:08:23.961+0530: 3439.064: [GC (Allocation Failure) [PSYoungGen: 173664K->96K(174080K)] 279844K->106300K(523776K), 0.0012828 secs] [Times: user=0.02 sys=0.00, real=0.00 secs] 
2018-03-19T13:08:24.249+0530: 3439.351: [GC (Allocation Failure) [PSYoungGen: 173664K->96K(174080K)] 279868K->106324K(523776K), 0.0016883 secs] [Times: user=0.00 sys=0.00, real=0.00 secs] 
2018-03-19T13:08:24.541+0530: 3439.644: [GC (Allocation Failure) [PSYoungGen: 173664K->96K(174080K)] 279892K->106348K(523776K), 0.0014108 secs] [Times: user=0.00 sys=0.00, real=0.00 secs] 
2018-03-19T13:08:24.818+0530: 3439.920: [GC (Allocation Failure) [PSYoungGen: 173664K->96K(174080K)] 279916K->106372K(523776K), 0.0013875 secs] [Times: user=0.00 sys=0.00, real=0.00 secs] 
2018-03-19T13:08:25.097+0530: 3440.200: [GC (Allocation Failure) [PSYoungGen: 173664K->96K(174080K)] 279940K->106404K(523776K), 0.0015321 secs] [Times: user=0.00 sys=0.00, real=0.00 secs] 
2018-03-19T13:08:25.394+0530: 3440.497: [GC (Allocation Failure) [PSYoungGen: 173664K->96K(174080K)] 279972K->106428K(523776K), 0.0013562 secs] [Times: user=0.00 sys=0.00, real=0.00 secs] 
2018-03-19T13:08:25.702+0530: 3440.805: [GC (Allocation Failure) [PSYoungGen: 173664K->96K(174080K)] 279996K->106452K(523776K), 0.0014193 secs] [Times: user=0.00 sys=0.00, real=0.00 secs] 
2018-03-19T13:08:25.987+0530: 3441.089: [GC (Allocation Failure) [PSYoungGen: 173664K->64K(174080K)] 280020K->106444K(523776K), 0.0013107 secs] [Times: user=0.00 sys=0.00, real=0.00 secs] 
2018-03-19T13:08:26.282+0530: 3441.385: [GC (Allocation Failure) [PSYoungGen: 173632K->96K(174080K)] 280012K->106508K(523776K), 0.0013047 secs] [Times: user=0.00 sys=0.00, real=0.00 secs] 
2018-03-19T13:08:26.593+0530: 3441.696: [GC (Allocation Failure) [PSYoungGen: 173664K->96K(174080K)] 280076K->106524K(523776K), 0.0015177 secs] [Times: user=0.00 sys=0.00, real=0.00 secs] 
2018-03-19T13:08:26.878+0530: 3441.981: [GC (Allocation Failure) [PSYoungGen: 173664K->96K(174080K)] 280092K->106548K(523776K), 0.0012461 secs] [Times: user=0.00 sys=0.00, real=0.00 secs] 
2018-03-19T13:08:27.167+0530: 3442.270: [GC (Allocation Failure) [PSYoungGen: 173664K->96K(174080K)] 280116K->106572K(523776K), 0.0012994 secs] [Times: user=0.00 sys=0.00, real=0.00 secs] 
2018-03-19T13:08:27.458+0530: 3442.560: [GC (Allocation Failure) [PSYoungGen: 173664K->96K(174080K)] 280140K->106596K(523776K), 0.0013752 secs] [Times: user=0.00 sys=0.00, real=0.00 secs] 
2018-03-19T13:08:27.828+0530: 3442.931: [GC (Allocation Failure) [PSYoungGen: 173664K->96K(174080K)] 280164K->106620K(523776K), 0.0014292 secs] [Times: user=0.00 sys=0.00, real=0.00 secs] 
2018-03-19T13:08:28.119+0530: 3443.222: [GC (Allocation Failure) [PSYoungGen: 173664K->32K(174080K)] 280188K->106580K(523776K), 0.0013417 secs] [Times: user=0.00 sys=0.00, real=0.00 secs] 
2018-03-19T13:08:28.517+0530: 3443.620: [GC (Allocation Failure) [PSYoungGen: 173600K->64K(174080K)] 280148K->106636K(523776K), 0.0014281 secs] [Times: user=0.00 sys=0.00, real=0.00 secs] 
2018-03-19T13:08:28.861+0530: 3443.963: [GC (Allocation Failure) [PSYoungGen: 173632K->96K(174080K)] 280204K->106692K(523776K), 0.0013019 secs] [Times: user=0.00 sys=0.00, real=0.00 secs] 
2018-03-19T13:08:29.145+0530: 3444.248: [GC (Allocation Failure) [PSYoungGen: 173664K->64K(174080K)] 280260K->106684K(523776K), 0.0012860 secs] [Times: user=0.00 sys=0.00, real=0.00 secs] 
2018-03-19T13:08:29.432+0530: 3444.535: [GC (Allocation Failure) [PSYoungGen: 173632K->96K(174080K)] 280252K->106740K(523776K), 0.0013156 secs] [Times: user=0.00 sys=0.00, real=0.00 secs] 
2018-03-19T13:08:29.751+0530: 3444.854: [GC (Allocation Failure) [PSYoungGen: 173664K->64K(174080K)] 280308K->106724K(523776K), 0.0013893 secs] [Times: user=0.00 sys=0.00, real=0.00 secs] 
2018-03-19T13:08:30.106+0530: 3445.209: [GC (Allocation Failure) [PSYoungGen: 173632K->96K(174080K)] 280292K->106772K(523776K), 0.0023276 secs] [Times: user=0.00 sys=0.00, real=0.00 secs] 
2018-03-19T13:08:30.442+0530: 3445.545: [GC (Allocation Failure) [PSYoungGen: 173664K->96K(174080K)] 280340K->106796K(523776K), 0.0013272 secs] [Times: user=0.00 sys=0.00, real=0.00 secs] 
2018-03-19T13:08:30.805+0530: 3445.908: [GC (Allocation Failure) [PSYoungGen: 173664K->64K(174080K)] 280364K->106796K(523776K), 0.0016834 secs] [Times: user=0.00 sys=0.00, real=0.00 secs] 
2018-03-19T13:08:31.117+0530: 3446.220: [GC (Allocation Failure) [PSYoungGen: 173632K->64K(174080K)] 280364K->106828K(523776K), 0.0014263 secs] [Times: user=0.06 sys=0.00, real=0.00 secs] 
2018-03-19T13:08:31.601+0530: 3446.704: [GC (Allocation Failure) [PSYoungGen: 173632K->96K(174080K)] 280396K->106892K(523776K), 0.0015847 secs] [Times: user=0.02 sys=0.00, real=0.00 secs] 
2018-03-19T13:08:32.284+0530: 3447.386: [GC (Allocation Failure) [PSYoungGen: 173664K->64K(174080K)] 280460K->106884K(523776K), 0.0017303 secs] [Times: user=0.00 sys=0.00, real=0.00 secs] 
2018-03-19T13:08:33.079+0530: 3448.182: [GC (Allocation Failure) [PSYoungGen: 173632K->96K(174080K)] 280452K->106940K(523776K), 0.0017356 secs] [Times: user=0.00 sys=0.00, real=0.00 secs] 
2018-03-19T13:08:33.721+0530: 3448.824: [GC (Allocation Failure) [PSYoungGen: 173664K->32K(174080K)] 280508K->106900K(523776K), 0.0028453 secs] [Times: user=0.00 sys=0.00, real=0.00 secs] 
2018-03-19T13:08:34.125+0530: 3449.228: [GC (Allocation Failure) [PSYoungGen: 173600K->96K(174080K)] 280468K->106980K(523776K), 0.0016481 secs] [Times: user=0.00 sys=0.00, real=0.00 secs] 
2018-03-19T13:08:34.475+0530: 3449.578: [GC (Allocation Failure) [PSYoungGen: 173664K->96K(174080K)] 280548K->107004K(523776K), 0.0014147 secs] [Times: user=0.00 sys=0.00, real=0.00 secs] 
2018-03-19T13:08:34.811+0530: 3449.913: [GC (Allocation Failure) [PSYoungGen: 173664K->96K(174080K)] 280572K->107028K(523776K), 0.0014478 secs] [Times: user=0.00 sys=0.00, real=0.00 secs] 
2018-03-19T13:08:35.132+0530: 3450.234: [GC (Allocation Failure) [PSYoungGen: 173664K->64K(174080K)] 280596K->107020K(523776K), 0.0185822 secs] [Times: user=0.01 sys=0.00, real=0.02 secs] 
2018-03-19T13:08:35.475+0530: 3450.577: [GC (Allocation Failure) [PSYoungGen: 173632K->96K(174080K)] 280588K->107084K(523776K), 0.0015335 secs] [Times: user=0.00 sys=0.00, real=0.00 secs] 
2018-03-19T13:08:35.815+0530: 3450.917: [GC (Allocation Failure) [PSYoungGen: 173664K->96K(174080K)] 280652K->107108K(523776K), 0.0014711 secs] [Times: user=0.00 sys=0.00, real=0.00 secs] 
2018-03-19T13:08:36.117+0530: 3451.219: [GC (Allocation Failure) [PSYoungGen: 173664K->96K(174080K)] 280676K->107132K(523776K), 0.0014669 secs] [Times: user=0.00 sys=0.00, real=0.00 secs] 
2018-03-19T13:08:36.559+0530: 3451.662: [GC (Allocation Failure) [PSYoungGen: 173664K->64K(174080K)] 280700K->107124K(523776K), 0.0016012 secs] [Times: user=0.00 sys=0.00, real=0.00 secs] 
2018-03-19T13:08:36.903+0530: 3452.006: [GC (Allocation Failure) [PSYoungGen: 173632K->96K(174080K)] 280692K->107180K(523776K), 0.0016460 secs] [Times: user=0.00 sys=0.00, real=0.00 secs] 
2018-03-19T13:08:37.269+0530: 3452.372: [GC (Allocation Failure) [PSYoungGen: 173664K->64K(174080K)] 280748K->107180K(523776K), 0.0016386 secs] [Times: user=0.00 sys=0.00, real=0.00 secs] 
2018-03-19T13:08:37.617+0530: 3452.720: [GC (Allocation Failure) [PSYoungGen: 173632K->96K(174080K)] 280748K->107244K(523776K), 0.0013840 secs] [Times: user=0.01 sys=0.00, real=0.00 secs] 
2018-03-19T13:08:37.945+0530: 3453.047: [GC (Allocation Failure) [PSYoungGen: 173664K->96K(174080K)] 280812K->107276K(523776K), 0.0014895 secs] [Times: user=0.00 sys=0.00, real=0.00 secs] 
2018-03-19T13:08:38.268+0530: 3453.370: [GC (Allocation Failure) [PSYoungGen: 173664K->64K(174080K)] 280844K->107260K(523776K), 0.0018900 secs] [Times: user=0.00 sys=0.00, real=0.00 secs] 
2018-03-19T13:08:38.601+0530: 3453.703: [GC (Allocation Failure) [PSYoungGen: 173632K->96K(174080K)] 280828K->107316K(523776K), 0.0014351 secs] [Times: user=0.00 sys=0.00, real=0.00 secs] 
2018-03-19T13:08:38.904+0530: 3454.006: [GC (Allocation Failure) [PSYoungGen: 173664K->64K(174080K)] 280884K->107300K(523776K), 0.0022497 secs] [Times: user=0.00 sys=0.00, real=0.00 secs] 
2018-03-19T13:08:39.204+0530: 3454.307: [GC (Allocation Failure) [PSYoungGen: 173632K->64K(174080K)] 280868K->107332K(523776K), 0.0015067 secs] [Times: user=0.00 sys=0.00, real=0.00 secs] 
2018-03-19T13:08:39.507+0530: 3454.610: [GC (Allocation Failure) [PSYoungGen: 173632K->64K(174080K)] 280900K->107356K(523776K), 0.0014503 secs] [Times: user=0.00 sys=0.02, real=0.00 secs] 
2018-03-19T13:08:39.819+0530: 3454.922: [GC (Allocation Failure) [PSYoungGen: 173632K->96K(174080K)] 280924K->107404K(523776K), 0.0013188 secs] [Times: user=0.00 sys=0.00, real=0.00 secs] 
2018-03-19T13:08:40.113+0530: 3455.216: [GC (Allocation Failure) [PSYoungGen: 173664K->96K(174080K)] 280972K->107428K(523776K), 0.0013163 secs] [Times: user=0.00 sys=0.00, real=0.00 secs] 
2018-03-19T13:08:40.428+0530: 3455.531: [GC (Allocation Failure) [PSYoungGen: 173664K->96K(174080K)] 280996K->107452K(523776K), 0.0015480 secs] [Times: user=0.00 sys=0.00, real=0.00 secs] 
2018-03-19T13:08:40.723+0530: 3455.826: [GC (Allocation Failure) [PSYoungGen: 173664K->32K(174080K)] 281020K->107412K(523776K), 0.0014877 secs] [Times: user=0.00 sys=0.00, real=0.00 secs] 
2018-03-19T13:08:41.145+0530: 3456.248: [GC (Allocation Failure) [PSYoungGen: 173600K->96K(174080K)] 280980K->107492K(523776K), 0.0014034 secs] [Times: user=0.00 sys=0.00, real=0.00 secs] 
2018-03-19T13:08:41.458+0530: 3456.561: [GC (Allocation Failure) [PSYoungGen: 173664K->96K(174080K)] 281060K->107524K(523776K), 0.0012885 secs] [Times: user=0.00 sys=0.00, real=0.00 secs] 
2018-03-19T13:08:41.870+0530: 3456.973: [GC (Allocation Failure) [PSYoungGen: 173664K->96K(174080K)] 281092K->107556K(523776K), 0.0019362 secs] [Times: user=0.00 sys=0.00, real=0.00 secs] 
2018-03-19T13:08:42.247+0530: 3457.350: [GC (Allocation Failure) [PSYoungGen: 173664K->64K(174080K)] 281124K->107548K(523776K), 0.0018646 secs] [Times: user=0.00 sys=0.00, real=0.00 secs] 
2018-03-19T13:08:42.635+0530: 3457.738: [GC (Allocation Failure) [PSYoungGen: 173632K->96K(174080K)] 281116K->107596K(523776K), 0.0016146 secs] [Times: user=0.00 sys=0.00, real=0.00 secs] 
2018-03-19T13:08:43.184+0530: 3458.287: [GC (Allocation Failure) [PSYoungGen: 173664K->64K(174080K)] 281164K->107580K(523776K), 0.0017867 secs] [Times: user=0.00 sys=0.00, real=0.00 secs] 
2018-03-19T13:08:43.972+0530: 3459.075: [GC (Allocation Failure) [PSYoungGen: 173632K->64K(174080K)] 281148K->107596K(523776K), 0.0019415 secs] [Times: user=0.00 sys=0.00, real=0.00 secs] 
2018-03-19T13:08:44.713+0530: 3459.817: [GC (Allocation Failure) [PSYoungGen: 173632K->64K(174080K)] 281164K->107612K(523776K), 0.0032621 secs] [Times: user=0.00 sys=0.00, real=0.00 secs] 
2018-03-19T13:08:45.542+0530: 3460.645: [GC (Allocation Failure) [PSYoungGen: 173632K->64K(174080K)] 281180K->107628K(523776K), 0.0025536 secs] [Times: user=0.00 sys=0.00, real=0.00 secs] 
2018-03-19T13:08:46.122+0530: 3461.225: [GC (Allocation Failure) [PSYoungGen: 173632K->64K(174080K)] 281196K->107652K(523776K), 0.0021012 secs] [Times: user=0.00 sys=0.00, real=0.00 secs] 
2018-03-19T13:08:46.769+0530: 3461.872: [GC (Allocation Failure) [PSYoungGen: 173632K->64K(174080K)] 281220K->107676K(523776K), 0.0017250 secs] [Times: user=0.00 sys=0.00, real=0.00 secs] 
2018-03-19T13:08:47.257+0530: 3462.360: [GC (Allocation Failure) [PSYoungGen: 173632K->64K(174080K)] 281244K->107700K(523776K), 0.0016756 secs] [Times: user=0.00 sys=0.00, real=0.00 secs] 
2018-03-19T13:08:47.654+0530: 3462.757: [GC (Allocation Failure) [PSYoungGen: 173632K->64K(174080K)] 281268K->107716K(523776K), 0.0018075 secs] [Times: user=0.00 sys=0.00, real=0.00 secs] 
2018-03-19T13:08:48.185+0530: 3463.287: [GC (Allocation Failure) [PSYoungGen: 173632K->64K(174080K)] 281284K->107732K(523776K), 0.0030371 secs] [Times: user=0.00 sys=0.00, real=0.00 secs] 
2018-03-19T13:08:48.765+0530: 3463.868: [GC (Allocation Failure) [PSYoungGen: 173632K->96K(174080K)] 281300K->107788K(523776K), 0.0015653 secs] [Times: user=0.00 sys=0.00, real=0.00 secs] 
2018-03-19T13:08:49.109+0530: 3464.212: [GC (Allocation Failure) [PSYoungGen: 173664K->96K(174080K)] 281356K->107812K(523776K), 0.0014609 secs] [Times: user=0.00 sys=0.00, real=0.00 secs] 
2018-03-19T13:08:49.440+0530: 3464.542: [GC (Allocation Failure) [PSYoungGen: 173664K->96K(174080K)] 281380K->107836K(523776K), 0.0014172 secs] [Times: user=0.00 sys=0.00, real=0.00 secs] 
2018-03-19T13:08:49.759+0530: 3464.862: [GC (Allocation Failure) [PSYoungGen: 173664K->64K(174080K)] 281404K->107828K(523776K), 0.0012909 secs] [Times: user=0.00 sys=0.00, real=0.00 secs] 
2018-03-19T13:08:50.069+0530: 3465.172: [GC (Allocation Failure) [PSYoungGen: 173632K->64K(174080K)] 281396K->107844K(523776K), 0.0014768 secs] [Times: user=0.00 sys=0.00, real=0.00 secs] 
2018-03-19T13:08:50.428+0530: 3465.530: [GC (Allocation Failure) [PSYoungGen: 173632K->64K(174080K)] 281412K->107860K(523776K), 0.0019524 secs] [Times: user=0.00 sys=0.00, real=0.00 secs] 
2018-03-19T13:08:50.915+0530: 3466.018: [GC (Allocation Failure) [PSYoungGen: 173632K->96K(174080K)] 281428K->107908K(523776K), 0.0013530 secs] [Times: user=0.00 sys=0.00, real=0.00 secs] 
2018-03-19T13:08:51.220+0530: 3466.323: [GC (Allocation Failure) [PSYoungGen: 173664K->96K(174080K)] 281476K->107924K(523776K), 0.0020275 secs] [Times: user=0.00 sys=0.00, real=0.00 secs] 
2018-03-19T13:08:51.533+0530: 3466.636: [GC (Allocation Failure) [PSYoungGen: 173664K->96K(174080K)] 281492K->107940K(523776K), 0.0013974 secs] [Times: user=0.00 sys=0.00, real=0.00 secs] 
2018-03-19T13:08:51.898+0530: 3467.001: [GC (Allocation Failure) [PSYoungGen: 173664K->96K(174080K)] 281508K->107964K(523776K), 0.0014877 secs] [Times: user=0.00 sys=0.00, real=0.00 secs] 
2018-03-19T13:08:52.223+0530: 3467.326: [GC (Allocation Failure) [PSYoungGen: 173664K->64K(174080K)] 281532K->107956K(523776K), 0.0017754 secs] [Times: user=0.00 sys=0.00, real=0.00 secs] 
2018-03-19T13:08:52.710+0530: 3467.812: [GC (Allocation Failure) [PSYoungGen: 173632K->64K(174080K)] 281524K->107972K(523776K), 0.0017042 secs] [Times: user=0.00 sys=0.00, real=0.00 secs] 
2018-03-19T13:08:53.065+0530: 3468.168: [GC (Allocation Failure) [PSYoungGen: 173632K->96K(174080K)] 281540K->108020K(523776K), 0.0018149 secs] [Times: user=0.00 sys=0.00, real=0.00 secs] 
2018-03-19T13:08:53.424+0530: 3468.526: [GC (Allocation Failure) [PSYoungGen: 173664K->96K(174080K)] 281588K->108044K(523776K), 0.0013727 secs] [Times: user=0.00 sys=0.00, real=0.00 secs] 
2018-03-19T13:08:53.755+0530: 3468.858: [GC (Allocation Failure) [PSYoungGen: 173664K->96K(174080K)] 281612K->108060K(523776K), 0.0021510 secs] [Times: user=0.00 sys=0.00, real=0.00 secs] 
2018-03-19T13:08:54.088+0530: 3469.192: [GC (Allocation Failure) [PSYoungGen: 173664K->64K(174080K)] 281628K->108052K(523776K), 0.0014027 secs] [Times: user=0.00 sys=0.00, real=0.00 secs] 
2018-03-19T13:08:54.409+0530: 3469.512: [GC (Allocation Failure) [PSYoungGen: 173632K->96K(174080K)] 281620K->108116K(523776K), 0.0015681 secs] [Times: user=0.00 sys=0.00, real=0.00 secs] 
2018-03-19T13:08:54.722+0530: 3469.824: [GC (Allocation Failure) [PSYoungGen: 173664K->96K(174080K)] 281684K->108140K(523776K), 0.0015117 secs] [Times: user=0.00 sys=0.00, real=0.00 secs] 
2018-03-19T13:08:55.042+0530: 3470.145: [GC (Allocation Failure) [PSYoungGen: 173664K->64K(174080K)] 281708K->108124K(523776K), 0.0024683 secs] [Times: user=0.00 sys=0.00, real=0.00 secs] 
2018-03-19T13:08:55.348+0530: 3470.451: [GC (Allocation Failure) [PSYoungGen: 173632K->64K(174080K)] 281692K->108148K(523776K), 0.0013251 secs] [Times: user=0.00 sys=0.00, real=0.00 secs] 
2018-03-19T13:08:55.666+0530: 3470.769: [GC (Allocation Failure) [PSYoungGen: 173632K->96K(174080K)] 281716K->108196K(523776K), 0.0015628 secs] [Times: user=0.00 sys=0.00, real=0.00 secs] 
2018-03-19T13:08:56.003+0530: 3471.106: [GC (Allocation Failure) [PSYoungGen: 173664K->64K(174080K)] 281764K->108188K(523776K), 0.0012835 secs] [Times: user=0.00 sys=0.00, real=0.00 secs] 
2018-03-19T13:08:56.309+0530: 3471.413: [GC (Allocation Failure) [PSYoungGen: 173632K->64K(174080K)] 281756K->108204K(523776K), 0.0014228 secs] [Times: user=0.00 sys=0.00, real=0.00 secs] 
2018-03-19T13:08:56.606+0530: 3471.709: [GC (Allocation Failure) [PSYoungGen: 173632K->96K(174080K)] 281772K->108252K(523776K), 0.0013445 secs] [Times: user=0.00 sys=0.00, real=0.00 secs] 
2018-03-19T13:08:57.082+0530: 3472.185: [GC (Allocation Failure) [PSYoungGen: 173664K->96K(174080K)] 281820K->108284K(523776K), 0.0015261 secs] [Times: user=0.00 sys=0.00, real=0.00 secs] 
2018-03-19T13:08:57.451+0530: 3472.553: [GC (Allocation Failure) [PSYoungGen: 173664K->96K(174080K)] 281852K->108308K(523776K), 0.0015832 secs] [Times: user=0.00 sys=0.00, real=0.00 secs] 
2018-03-19T13:08:57.788+0530: 3472.891: [GC (Allocation Failure) [PSYoungGen: 173664K->96K(174080K)] 281876K->108332K(523776K), 0.0015286 secs] [Times: user=0.00 sys=0.00, real=0.00 secs] 
2018-03-19T13:08:58.098+0530: 3473.201: [GC (Allocation Failure) [PSYoungGen: 173664K->96K(174080K)] 281900K->108348K(523776K), 0.0016115 secs] [Times: user=0.00 sys=0.00, real=0.00 secs] 
2018-03-19T13:08:58.422+0530: 3473.525: [GC (Allocation Failure) [PSYoungGen: 173664K->96K(174080K)] 281916K->108372K(523776K), 0.0014344 secs] [Times: user=0.00 sys=0.00, real=0.00 secs] 
2018-03-19T13:08:58.732+0530: 3473.835: [GC (Allocation Failure) [PSYoungGen: 173664K->96K(174080K)] 281940K->108396K(523776K), 0.0012938 secs] [Times: user=0.00 sys=0.00, real=0.00 secs] 
2018-03-19T13:08:59.045+0530: 3474.148: [GC (Allocation Failure) [PSYoungGen: 173664K->64K(174080K)] 281964K->108380K(523776K), 0.0015117 secs] [Times: user=0.00 sys=0.00, real=0.00 secs] 
2018-03-19T13:08:59.346+0530: 3474.450: [GC (Allocation Failure) [PSYoungGen: 173632K->96K(174080K)] 281948K->108444K(523776K), 0.0013897 secs] [Times: user=0.00 sys=0.00, real=0.00 secs] 
2018-03-19T13:08:59.650+0530: 3474.753: [GC (Allocation Failure) [PSYoungGen: 173664K->128K(174080K)] 282012K->108492K(523776K), 0.0014704 secs] [Times: user=0.00 sys=0.00, real=0.00 secs] 
2018-03-19T13:08:59.969+0530: 3475.072: [GC (Allocation Failure) [PSYoungGen: 173696K->32K(174080K)] 282060K->108412K(523776K), 0.0019842 secs] [Times: user=0.00 sys=0.00, real=0.00 secs] 
2018-03-19T13:09:00.322+0530: 3475.425: [GC (Allocation Failure) [PSYoungGen: 173600K->96K(174080K)] 281980K->108500K(523776K), 0.0022797 secs] [Times: user=0.00 sys=0.00, real=0.00 secs] 
2018-03-19T13:09:00.661+0530: 3475.764: [GC (Allocation Failure) [PSYoungGen: 173664K->96K(174080K)] 282068K->108524K(523776K), 0.0014175 secs] [Times: user=0.00 sys=0.00, real=0.00 secs] 
2018-03-19T13:09:00.984+0530: 3476.087: [GC (Allocation Failure) [PSYoungGen: 173664K->96K(174080K)] 282092K->108540K(523776K), 0.0020399 secs] [Times: user=0.00 sys=0.00, real=0.00 secs] 
2018-03-19T13:09:01.312+0530: 3476.415: [GC (Allocation Failure) [PSYoungGen: 173664K->96K(174080K)] 282108K->108564K(523776K), 0.0014246 secs] [Times: user=0.00 sys=0.00, real=0.00 secs] 
2018-03-19T13:09:01.630+0530: 3476.732: [GC (Allocation Failure) [PSYoungGen: 173664K->96K(174080K)] 282132K->108588K(523776K), 0.0013819 secs] [Times: user=0.00 sys=0.00, real=0.00 secs] 
2018-03-19T13:09:01.943+0530: 3477.046: [GC (Allocation Failure) [PSYoungGen: 173664K->96K(174080K)] 282156K->108604K(523776K), 0.0018995 secs] [Times: user=0.00 sys=0.00, real=0.00 secs] 
2018-03-19T13:09:02.260+0530: 3477.363: [GC (Allocation Failure) [PSYoungGen: 173664K->96K(174080K)] 282172K->108628K(523776K), 0.0013473 secs] [Times: user=0.00 sys=0.00, real=0.00 secs] 
2018-03-19T13:09:02.601+0530: 3477.704: [GC (Allocation Failure) [PSYoungGen: 173664K->96K(174080K)] 282196K->108652K(523776K), 0.0012437 secs] [Times: user=0.02 sys=0.00, real=0.00 secs] 
2018-03-19T13:09:02.900+0530: 3478.003: [GC (Allocation Failure) [PSYoungGen: 173664K->64K(174080K)] 282220K->108636K(523776K), 0.0015875 secs] [Times: user=0.00 sys=0.00, real=0.00 secs] 
2018-03-19T13:09:03.200+0530: 3478.302: [GC (Allocation Failure) [PSYoungGen: 173632K->96K(174080K)] 282204K->108700K(523776K), 0.0015614 secs] [Times: user=0.00 sys=0.00, real=0.00 secs] 
2018-03-19T13:09:03.501+0530: 3478.604: [GC (Allocation Failure) [PSYoungGen: 173664K->64K(174080K)] 282268K->108700K(523776K), 0.0012278 secs] [Times: user=0.00 sys=0.00, real=0.00 secs] 
2018-03-19T13:09:03.837+0530: 3478.939: [GC (Allocation Failure) [PSYoungGen: 173632K->64K(174080K)] 282268K->108716K(523776K), 0.0014722 secs] [Times: user=0.03 sys=0.00, real=0.00 secs] 
2018-03-19T13:09:04.137+0530: 3479.240: [GC (Allocation Failure) [PSYoungGen: 173632K->96K(174080K)] 282284K->108764K(523776K), 0.0014478 secs] [Times: user=0.00 sys=0.00, real=0.00 secs] 
2018-03-19T13:09:04.427+0530: 3479.530: [GC (Allocation Failure) [PSYoungGen: 173664K->96K(174080K)] 282332K->108788K(523776K), 0.0013029 secs] [Times: user=0.00 sys=0.00, real=0.00 secs] 
2018-03-19T13:09:04.720+0530: 3479.823: [GC (Allocation Failure) [PSYoungGen: 173664K->96K(174080K)] 282356K->108812K(523776K), 0.0012257 secs] [Times: user=0.00 sys=0.00, real=0.00 secs] 
2018-03-19T13:09:05.009+0530: 3480.112: [GC (Allocation Failure) [PSYoungGen: 173664K->96K(174080K)] 282380K->108844K(523776K), 0.0015155 secs] [Times: user=0.00 sys=0.00, real=0.00 secs] 
2018-03-19T13:09:05.298+0530: 3480.401: [GC (Allocation Failure) [PSYoungGen: 173664K->64K(174080K)] 282412K->108844K(523776K), 0.0012320 secs] [Times: user=0.00 sys=0.00, real=0.00 secs] 
2018-03-19T13:09:05.593+0530: 3480.696: [GC (Allocation Failure) [PSYoungGen: 173632K->64K(174080K)] 282412K->108868K(523776K), 0.0013079 secs] [Times: user=0.00 sys=0.00, real=0.00 secs] 
2018-03-19T13:09:05.879+0530: 3480.981: [GC (Allocation Failure) [PSYoungGen: 173632K->96K(174080K)] 282436K->108932K(523776K), 0.0012391 secs] [Times: user=0.00 sys=0.00, real=0.00 secs] 
2018-03-19T13:09:06.172+0530: 3481.274: [GC (Allocation Failure) [PSYoungGen: 173664K->96K(174080K)] 282500K->108964K(523776K), 0.0013837 secs] [Times: user=0.00 sys=0.00, real=0.00 secs] 
2018-03-19T13:09:06.485+0530: 3481.587: [GC (Allocation Failure) [PSYoungGen: 173664K->96K(174080K)] 282532K->108980K(523776K), 0.0013540 secs] [Times: user=0.00 sys=0.00, real=0.00 secs] 
2018-03-19T13:09:06.772+0530: 3481.874: [GC (Allocation Failure) [PSYoungGen: 173664K->96K(174080K)] 282548K->109004K(523776K), 0.0013336 secs] [Times: user=0.00 sys=0.00, real=0.00 secs] 
2018-03-19T13:09:07.058+0530: 3482.160: [GC (Allocation Failure) [PSYoungGen: 173664K->96K(174080K)] 282572K->109028K(523776K), 0.0017973 secs] [Times: user=0.00 sys=0.00, real=0.00 secs] 
2018-03-19T13:09:07.340+0530: 3482.444: [GC (Allocation Failure) [PSYoungGen: 173664K->64K(174080K)] 282596K->109012K(523776K), 0.0014369 secs] [Times: user=0.00 sys=0.00, real=0.00 secs] 
2018-03-19T13:09:07.645+0530: 3482.748: [GC (Allocation Failure) [PSYoungGen: 173632K->96K(174080K)] 282580K->109060K(523776K), 0.0016273 secs] [Times: user=0.00 sys=0.00, real=0.00 secs] 
2018-03-19T13:09:07.966+0530: 3483.069: [GC (Allocation Failure) [PSYoungGen: 173664K->96K(174080K)] 282628K->109084K(523776K), 0.0015124 secs] [Times: user=0.00 sys=0.00, real=0.00 secs] 
2018-03-19T13:09:08.256+0530: 3483.358: [GC (Allocation Failure) [PSYoungGen: 173664K->96K(174080K)] 282652K->109108K(523776K), 0.0014556 secs] [Times: user=0.00 sys=0.00, real=0.00 secs] 
2018-03-19T13:09:08.544+0530: 3483.647: [GC (Allocation Failure) [PSYoungGen: 173664K->96K(174080K)] 282676K->109132K(523776K), 0.0013230 secs] [Times: user=0.00 sys=0.00, real=0.00 secs] 
2018-03-19T13:09:08.829+0530: 3483.933: [GC (Allocation Failure) [PSYoungGen: 173664K->64K(174080K)] 282700K->109132K(523776K), 0.0012585 secs] [Times: user=0.00 sys=0.00, real=0.00 secs] 
2018-03-19T13:09:09.136+0530: 3484.239: [GC (Allocation Failure) [PSYoungGen: 173632K->64K(174080K)] 282700K->109156K(523776K), 0.0016231 secs] [Times: user=0.00 sys=0.00, real=0.00 secs] 
2018-03-19T13:09:09.447+0530: 3484.549: [GC (Allocation Failure) [PSYoungGen: 173632K->96K(174080K)] 282724K->109204K(523776K), 0.0015177 secs] [Times: user=0.00 sys=0.00, real=0.00 secs] 
2018-03-19T13:09:09.733+0530: 3484.835: [GC (Allocation Failure) [PSYoungGen: 173664K->96K(174080K)] 282772K->109220K(523776K), 0.0013445 secs] [Times: user=0.00 sys=0.00, real=0.00 secs] 
2018-03-19T13:09:10.018+0530: 3485.121: [GC (Allocation Failure) [PSYoungGen: 173664K->64K(174080K)] 282788K->109204K(523776K), 0.0018597 secs] [Times: user=0.00 sys=0.00, real=0.00 secs] 
2018-03-19T13:09:10.305+0530: 3485.408: [GC (Allocation Failure) [PSYoungGen: 173632K->96K(174080K)] 282772K->109268K(523776K), 0.0012997 secs] [Times: user=0.00 sys=0.00, real=0.00 secs] 
2018-03-19T13:09:10.619+0530: 3485.722: [GC (Allocation Failure) [PSYoungGen: 173664K->96K(174080K)] 282836K->109300K(523776K), 0.0016030 secs] [Times: user=0.00 sys=0.00, real=0.00 secs] 
2018-03-19T13:09:10.911+0530: 3486.014: [GC (Allocation Failure) [PSYoungGen: 173664K->64K(174080K)] 282868K->109292K(523776K), 0.0014743 secs] [Times: user=0.00 sys=0.00, real=0.00 secs] 
2018-03-19T13:09:11.201+0530: 3486.304: [GC (Allocation Failure) [PSYoungGen: 173632K->96K(174080K)] 282860K->109356K(523776K), 0.0013579 secs] [Times: user=0.00 sys=0.00, real=0.00 secs] 
2018-03-19T13:09:11.686+0530: 3486.788: [GC (Allocation Failure) [PSYoungGen: 173664K->64K(174080K)] 282924K->109340K(523776K), 0.0019122 secs] [Times: user=0.00 sys=0.00, real=0.00 secs] 
2018-03-19T13:09:12.035+0530: 3487.137: [GC (Allocation Failure) [PSYoungGen: 173632K->64K(174080K)] 282908K->109372K(523776K), 0.0016072 secs] [Times: user=0.00 sys=0.00, real=0.00 secs] 
2018-03-19T13:09:12.475+0530: 3487.578: [GC (Allocation Failure) [PSYoungGen: 173632K->96K(174080K)] 282940K->109428K(523776K), 0.0015706 secs] [Times: user=0.00 sys=0.00, real=0.00 secs] 
2018-03-19T13:09:12.831+0530: 3487.934: [GC (Allocation Failure) [PSYoungGen: 173664K->96K(174080K)] 282996K->109452K(523776K), 0.0016852 secs] [Times: user=0.00 sys=0.00, real=0.00 secs] 
2018-03-19T13:09:13.209+0530: 3488.311: [GC (Allocation Failure) [PSYoungGen: 173664K->64K(174080K)] 283020K->109444K(523776K), 0.0015977 secs] [Times: user=0.00 sys=0.00, real=0.00 secs] 
2018-03-19T13:09:13.578+0530: 3488.681: [GC (Allocation Failure) [PSYoungGen: 173632K->64K(174080K)] 283012K->109476K(523776K), 0.0016541 secs] [Times: user=0.00 sys=0.00, real=0.00 secs] 
2018-03-19T13:09:14.076+0530: 3489.179: [GC (Allocation Failure) [PSYoungGen: 173632K->96K(174080K)] 283044K->109540K(523776K), 0.0018220 secs] [Times: user=0.00 sys=0.00, real=0.00 secs] 
2018-03-19T13:09:14.467+0530: 3489.570: [GC (Allocation Failure) [PSYoungGen: 173664K->64K(174080K)] 283108K->109524K(523776K), 0.0017828 secs] [Times: user=0.00 sys=0.00, real=0.00 secs] 
2018-03-19T13:09:14.891+0530: 3489.994: [GC (Allocation Failure) [PSYoungGen: 173632K->64K(174080K)] 283092K->109556K(523776K), 0.0015497 secs] [Times: user=0.00 sys=0.00, real=0.00 secs] 
2018-03-19T13:09:15.265+0530: 3490.367: [GC (Allocation Failure) [PSYoungGen: 173632K->64K(174080K)] 283124K->109572K(523776K), 0.0022952 secs] [Times: user=0.00 sys=0.00, real=0.00 secs] 
2018-03-19T13:09:15.785+0530: 3490.888: [GC (Allocation Failure) [PSYoungGen: 173632K->96K(174080K)] 283140K->109628K(523776K), 0.0015991 secs] [Times: user=0.00 sys=0.00, real=0.00 secs] 
2018-03-19T13:09:16.171+0530: 3491.274: [GC (Allocation Failure) [PSYoungGen: 173664K->64K(174080K)] 283196K->109620K(523776K), 0.0017916 secs] [Times: user=0.00 sys=0.00, real=0.00 secs] 
2018-03-19T13:09:16.513+0530: 3491.616: [GC (Allocation Failure) [PSYoungGen: 173632K->96K(174080K)] 283188K->109676K(523776K), 0.0014274 secs] [Times: user=0.00 sys=0.00, real=0.00 secs] 
2018-03-19T13:09:16.834+0530: 3491.937: [GC (Allocation Failure) [PSYoungGen: 173664K->96K(174080K)] 283244K->109700K(523776K), 0.0015804 secs] [Times: user=0.00 sys=0.00, real=0.00 secs] 
2018-03-19T13:09:17.160+0530: 3492.264: [GC (Allocation Failure) [PSYoungGen: 173664K->64K(174080K)] 283268K->109684K(523776K), 0.0015924 secs] [Times: user=0.00 sys=0.00, real=0.00 secs] 
2018-03-19T13:09:17.537+0530: 3492.640: [GC (Allocation Failure) [PSYoungGen: 173632K->96K(174080K)] 283252K->109732K(523776K), 0.0015092 secs] [Times: user=0.00 sys=0.00, real=0.00 secs] 
2018-03-19T13:09:17.988+0530: 3493.091: [GC (Allocation Failure) [PSYoungGen: 173664K->96K(174080K)] 283300K->109756K(523776K), 0.0014521 secs] [Times: user=0.00 sys=0.00, real=0.00 secs] 
2018-03-19T13:09:18.280+0530: 3493.384: [GC (Allocation Failure) [PSYoungGen: 173664K->96K(174080K)] 283324K->109780K(523776K), 0.0013188 secs] [Times: user=0.00 sys=0.00, real=0.00 secs] 
2018-03-19T13:09:18.625+0530: 3493.729: [GC (Allocation Failure) [PSYoungGen: 173664K->64K(174080K)] 283348K->109780K(523776K), 0.0017130 secs] [Times: user=0.00 sys=0.00, real=0.00 secs] 
2018-03-19T13:09:18.993+0530: 3494.097: [GC (Allocation Failure) [PSYoungGen: 173632K->96K(174080K)] 283348K->109844K(523776K), 0.0016316 secs] [Times: user=0.00 sys=0.00, real=0.00 secs] 
2018-03-19T13:09:19.323+0530: 3494.426: [GC (Allocation Failure) [PSYoungGen: 173664K->96K(174080K)] 283412K->109868K(523776K), 0.0016573 secs] [Times: user=0.00 sys=0.00, real=0.00 secs] 
2018-03-19T13:09:19.651+0530: 3494.754: [GC (Allocation Failure) [PSYoungGen: 173664K->96K(174080K)] 283436K->109884K(523776K), 0.0017179 secs] [Times: user=0.00 sys=0.00, real=0.00 secs] 
2018-03-19T13:09:19.997+0530: 3495.100: [GC (Allocation Failure) [PSYoungGen: 173664K->32K(174080K)] 283452K->109844K(523776K), 0.0015995 secs] [Times: user=0.00 sys=0.00, real=0.00 secs] 
2018-03-19T13:09:20.325+0530: 3495.427: [GC (Allocation Failure) [PSYoungGen: 173600K->96K(174080K)] 283412K->109940K(523776K), 0.0014923 secs] [Times: user=0.00 sys=0.00, real=0.00 secs] 
2018-03-19T13:09:20.737+0530: 3495.840: [GC (Allocation Failure) [PSYoungGen: 173664K->96K(174080K)] 283508K->109972K(523776K), 0.0014344 secs] [Times: user=0.00 sys=0.00, real=0.00 secs] 
2018-03-19T13:09:21.071+0530: 3496.174: [GC (Allocation Failure) [PSYoungGen: 173664K->64K(174080K)] 283540K->109964K(523776K), 0.0016464 secs] [Times: user=0.03 sys=0.00, real=0.00 secs] 
2018-03-19T13:09:21.473+0530: 3496.576: [GC (Allocation Failure) [PSYoungGen: 173632K->96K(174080K)] 283532K->110028K(523776K), 0.0014404 secs] [Times: user=0.00 sys=0.00, real=0.00 secs] 
2018-03-19T13:09:21.789+0530: 3496.892: [GC (Allocation Failure) [PSYoungGen: 173664K->96K(174080K)] 283596K->110060K(523776K), 0.0014443 secs] [Times: user=0.00 sys=0.00, real=0.00 secs] 
2018-03-19T13:09:22.087+0530: 3497.190: [GC (Allocation Failure) [PSYoungGen: 173664K->96K(174080K)] 283628K->110076K(523776K), 0.0014355 secs] [Times: user=0.00 sys=0.00, real=0.00 secs] 
2018-03-19T13:09:22.461+0530: 3497.564: [GC (Allocation Failure) [PSYoungGen: 173664K->64K(174080K)] 283644K->110060K(523776K), 0.0037758 secs] [Times: user=0.05 sys=0.00, real=0.00 secs] 
2018-03-19T13:09:22.941+0530: 3498.043: [GC (Allocation Failure) [PSYoungGen: 173632K->64K(174080K)] 283628K->110076K(523776K), 0.0021220 secs] [Times: user=0.00 sys=0.00, real=0.00 secs] 
2018-03-19T13:09:23.345+0530: 3498.448: [GC (Allocation Failure) [PSYoungGen: 173632K->96K(174080K)] 283644K->110140K(523776K), 0.0014863 secs] [Times: user=0.00 sys=0.00, real=0.00 secs] 
2018-03-19T13:09:23.644+0530: 3498.747: [GC (Allocation Failure) [PSYoungGen: 173664K->64K(174080K)] 283708K->110132K(523776K), 0.0013565 secs] [Times: user=0.00 sys=0.00, real=0.00 secs] 
2018-03-19T13:09:23.956+0530: 3499.060: [GC (Allocation Failure) [PSYoungGen: 173632K->128K(174080K)] 283700K->110220K(523776K), 0.0013498 secs] [Times: user=0.00 sys=0.00, real=0.00 secs] 
2018-03-19T13:09:24.260+0530: 3499.362: [GC (Allocation Failure) [PSYoungGen: 173696K->64K(174080K)] 283788K->110188K(523776K), 0.0014323 secs] [Times: user=0.00 sys=0.00, real=0.00 secs] 
2018-03-19T13:09:24.552+0530: 3499.654: [GC (Allocation Failure) [PSYoungGen: 173632K->96K(174080K)] 283756K->110252K(523776K), 0.0012997 secs] [Times: user=0.00 sys=0.00, real=0.00 secs] 
2018-03-19T13:09:24.850+0530: 3499.953: [GC (Allocation Failure) [PSYoungGen: 173664K->96K(174080K)] 283820K->110276K(523776K), 0.0013706 secs] [Times: user=0.00 sys=0.00, real=0.00 secs] 
2018-03-19T13:09:25.139+0530: 3500.242: [GC (Allocation Failure) [PSYoungGen: 173664K->96K(174080K)] 283844K->110300K(523776K), 0.0015085 secs] [Times: user=0.00 sys=0.00, real=0.00 secs] 
2018-03-19T13:09:25.436+0530: 3500.539: [GC (Allocation Failure) [PSYoungGen: 173664K->64K(174080K)] 283868K->110292K(523776K), 0.0013015 secs] [Times: user=0.00 sys=0.00, real=0.00 secs] 
2018-03-19T13:09:25.723+0530: 3500.825: [GC (Allocation Failure) [PSYoungGen: 173632K->96K(174080K)] 283860K->110348K(523776K), 0.0012895 secs] [Times: user=0.00 sys=0.00, real=0.00 secs] 
2018-03-19T13:09:26.037+0530: 3501.141: [GC (Allocation Failure) [PSYoungGen: 173664K->96K(174080K)] 283916K->110364K(523776K), 0.0019270 secs] [Times: user=0.00 sys=0.00, real=0.00 secs] 
2018-03-19T13:09:26.355+0530: 3501.458: [GC (Allocation Failure) [PSYoungGen: 173664K->32K(174080K)] 283932K->110324K(523776K), 0.0014817 secs] [Times: user=0.00 sys=0.00, real=0.00 secs] 
2018-03-19T13:09:26.672+0530: 3501.775: [GC (Allocation Failure) [PSYoungGen: 173600K->64K(174080K)] 283892K->110372K(523776K), 0.0013639 secs] [Times: user=0.00 sys=0.00, real=0.00 secs] 
2018-03-19T13:09:26.978+0530: 3502.081: [GC (Allocation Failure) [PSYoungGen: 173632K->128K(174080K)] 283940K->110460K(523776K), 0.0013449 secs] [Times: user=0.00 sys=0.00, real=0.00 secs] 
2018-03-19T13:09:27.294+0530: 3502.396: [GC (Allocation Failure) [PSYoungGen: 173696K->96K(174080K)] 284028K->110452K(523776K), 0.0013262 secs] [Times: user=0.00 sys=0.00, real=0.00 secs] 
2018-03-19T13:09:27.615+0530: 3502.717: [GC (Allocation Failure) [PSYoungGen: 173664K->64K(174080K)] 284020K->110444K(523776K), 0.0013816 secs] [Times: user=0.00 sys=0.00, real=0.00 secs] 
2018-03-19T13:09:27.946+0530: 3503.049: [GC (Allocation Failure) [PSYoungGen: 173632K->96K(174080K)] 284012K->110500K(523776K), 0.0015617 secs] [Times: user=0.06 sys=0.00, real=0.00 secs] 
2018-03-19T13:09:28.256+0530: 3503.360: [GC (Allocation Failure) [PSYoungGen: 173664K->96K(174080K)] 284068K->110532K(523776K), 0.0014965 secs] [Times: user=0.00 sys=0.00, real=0.00 secs] 
2018-03-19T13:09:28.602+0530: 3503.705: [GC (Allocation Failure) [PSYoungGen: 173664K->64K(174080K)] 284100K->110524K(523776K), 0.0015452 secs] [Times: user=0.00 sys=0.00, real=0.00 secs] 
2018-03-19T13:09:28.925+0530: 3504.027: [GC (Allocation Failure) [PSYoungGen: 173632K->96K(174080K)] 284092K->110572K(523776K), 0.0016591 secs] [Times: user=0.00 sys=0.00, real=0.00 secs] 
2018-03-19T13:09:29.230+0530: 3504.332: [GC (Allocation Failure) [PSYoungGen: 173664K->96K(174080K)] 284140K->110596K(523776K), 0.0012955 secs] [Times: user=0.00 sys=0.00, real=0.00 secs] 
2018-03-19T13:09:29.531+0530: 3504.634: [GC (Allocation Failure) [PSYoungGen: 173664K->32K(174080K)] 284164K->110548K(523776K), 0.0014806 secs] [Times: user=0.00 sys=0.00, real=0.00 secs] 
2018-03-19T13:09:29.818+0530: 3504.922: [GC (Allocation Failure) [PSYoungGen: 173600K->96K(174080K)] 284116K->110636K(523776K), 0.0014870 secs] [Times: user=0.00 sys=0.00, real=0.00 secs] 
2018-03-19T13:09:30.116+0530: 3505.218: [GC (Allocation Failure) [PSYoungGen: 173664K->96K(174080K)] 284204K->110668K(523776K), 0.0014845 secs] [Times: user=0.00 sys=0.00, real=0.00 secs] 
2018-03-19T13:09:30.405+0530: 3505.507: [GC (Allocation Failure) [PSYoungGen: 173664K->96K(174080K)] 284236K->110700K(523776K), 0.0013544 secs] [Times: user=0.00 sys=0.00, real=0.00 secs] 
2018-03-19T13:09:30.717+0530: 3505.819: [GC (Allocation Failure) [PSYoungGen: 173664K->96K(174080K)] 284268K->110724K(523776K), 0.0013114 secs] [Times: user=0.00 sys=0.00, real=0.00 secs] 
2018-03-19T13:09:31.003+0530: 3506.107: [GC (Allocation Failure) [PSYoungGen: 173664K->96K(174080K)] 284292K->110740K(523776K), 0.0014426 secs] [Times: user=0.00 sys=0.00, real=0.00 secs] 
2018-03-19T13:09:31.297+0530: 3506.400: [GC (Allocation Failure) [PSYoungGen: 173664K->96K(174080K)] 284308K->110756K(523776K), 0.0013026 secs] [Times: user=0.00 sys=0.00, real=0.00 secs] 
2018-03-19T13:09:31.593+0530: 3506.696: [GC (Allocation Failure) [PSYoungGen: 173664K->96K(174080K)] 284324K->110780K(523776K), 0.0014327 secs] [Times: user=0.00 sys=0.00, real=0.00 secs] 
2018-03-19T13:09:31.922+0530: 3507.025: [GC (Allocation Failure) [PSYoungGen: 173664K->96K(174080K)] 284348K->110812K(523776K), 0.0014228 secs] [Times: user=0.00 sys=0.00, real=0.00 secs] 
2018-03-19T13:09:32.221+0530: 3507.324: [GC (Allocation Failure) [PSYoungGen: 173664K->96K(174080K)] 284380K->110836K(523776K), 0.0014538 secs] [Times: user=0.00 sys=0.00, real=0.00 secs] 
2018-03-19T13:09:32.516+0530: 3507.619: [GC (Allocation Failure) [PSYoungGen: 173664K->64K(174080K)] 284404K->110836K(523776K), 0.0013942 secs] [Times: user=0.00 sys=0.00, real=0.00 secs] 
2018-03-19T13:09:32.811+0530: 3507.914: [GC (Allocation Failure) [PSYoungGen: 173632K->96K(174080K)] 284404K->110884K(523776K), 0.0015029 secs] [Times: user=0.00 sys=0.00, real=0.00 secs] 
2018-03-19T13:09:33.130+0530: 3508.232: [GC (Allocation Failure) [PSYoungGen: 173664K->96K(174080K)] 284452K->110916K(523776K), 0.0014835 secs] [Times: user=0.00 sys=0.00, real=0.00 secs] 
2018-03-19T13:09:33.433+0530: 3508.536: [GC (Allocation Failure) [PSYoungGen: 173664K->96K(174080K)] 284484K->110940K(523776K), 0.0012380 secs] [Times: user=0.00 sys=0.00, real=0.00 secs] 
2018-03-19T13:09:33.732+0530: 3508.835: [GC (Allocation Failure) [PSYoungGen: 173664K->96K(174080K)] 284508K->110964K(523776K), 0.0012356 secs] [Times: user=0.00 sys=0.00, real=0.00 secs] 
2018-03-19T13:09:34.044+0530: 3509.147: [GC (Allocation Failure) [PSYoungGen: 173664K->96K(174080K)] 284532K->110980K(523776K), 0.0015110 secs] [Times: user=0.00 sys=0.00, real=0.00 secs] 
2018-03-19T13:09:34.373+0530: 3509.476: [GC (Allocation Failure) [PSYoungGen: 173664K->96K(174080K)] 284548K->110996K(523776K), 0.0017017 secs] [Times: user=0.00 sys=0.00, real=0.00 secs] 
2018-03-19T13:09:34.680+0530: 3509.784: [GC (Allocation Failure) [PSYoungGen: 173664K->96K(174080K)] 284564K->111020K(523776K), 0.0013537 secs] [Times: user=0.00 sys=0.02, real=0.00 secs] 
2018-03-19T13:09:34.987+0530: 3510.091: [GC (Allocation Failure) [PSYoungGen: 173664K->96K(174080K)] 284588K->111052K(523776K), 0.0013643 secs] [Times: user=0.00 sys=0.00, real=0.00 secs] 
2018-03-19T13:09:35.292+0530: 3510.395: [GC (Allocation Failure) [PSYoungGen: 173664K->64K(174080K)] 284620K->111044K(523776K), 0.0014993 secs] [Times: user=0.00 sys=0.00, real=0.00 secs] 
2018-03-19T13:09:35.617+0530: 3510.720: [GC (Allocation Failure) [PSYoungGen: 173632K->96K(174080K)] 284612K->111092K(523776K), 0.0015773 secs] [Times: user=0.00 sys=0.00, real=0.00 secs] 
2018-03-19T13:09:35.921+0530: 3511.023: [GC (Allocation Failure) [PSYoungGen: 173664K->96K(174080K)] 284660K->111124K(523776K), 0.0013470 secs] [Times: user=0.00 sys=0.00, real=0.00 secs] 
2018-03-19T13:09:36.213+0530: 3511.316: [GC (Allocation Failure) [PSYoungGen: 173664K->96K(174080K)] 284692K->111148K(523776K), 0.0014697 secs] [Times: user=0.00 sys=0.00, real=0.00 secs] 
2018-03-19T13:09:36.513+0530: 3511.616: [GC (Allocation Failure) [PSYoungGen: 173664K->96K(174080K)] 284716K->111172K(523776K), 0.0014679 secs] [Times: user=0.00 sys=0.00, real=0.00 secs] 
2018-03-19T13:09:36.806+0530: 3511.909: [GC (Allocation Failure) [PSYoungGen: 173664K->96K(174080K)] 284740K->111204K(523776K), 0.0013674 secs] [Times: user=0.00 sys=0.00, real=0.00 secs] 
2018-03-19T13:09:37.209+0530: 3512.311: [GC (Allocation Failure) [PSYoungGen: 173664K->96K(174080K)] 284772K->111220K(523776K), 0.0014602 secs] [Times: user=0.00 sys=0.00, real=0.00 secs] 
2018-03-19T13:09:37.522+0530: 3512.625: [GC (Allocation Failure) [PSYoungGen: 173664K->96K(174080K)] 284788K->111244K(523776K), 0.0014172 secs] [Times: user=0.00 sys=0.00, real=0.00 secs] 
2018-03-19T13:09:37.826+0530: 3512.928: [GC (Allocation Failure) [PSYoungGen: 173664K->96K(174080K)] 284812K->111276K(523776K), 0.0013117 secs] [Times: user=0.00 sys=0.00, real=0.00 secs] 
2018-03-19T13:09:38.166+0530: 3513.269: [GC (Allocation Failure) [PSYoungGen: 173664K->64K(174080K)] 284844K->111260K(523776K), 0.0019024 secs] [Times: user=0.00 sys=0.00, real=0.00 secs] 
2018-03-19T13:09:38.503+0530: 3513.606: [GC (Allocation Failure) [PSYoungGen: 173632K->96K(174080K)] 284828K->111308K(523776K), 0.0015501 secs] [Times: user=0.00 sys=0.00, real=0.00 secs] 
2018-03-19T13:09:38.793+0530: 3513.896: [GC (Allocation Failure) [PSYoungGen: 173664K->96K(174080K)] 284876K->111340K(523776K), 0.0015170 secs] [Times: user=0.00 sys=0.00, real=0.00 secs] 
2018-03-19T13:09:39.076+0530: 3514.179: [GC (Allocation Failure) [PSYoungGen: 173664K->64K(174080K)] 284908K->111324K(523776K), 0.0014775 secs] [Times: user=0.00 sys=0.00, real=0.00 secs] 
2018-03-19T13:09:39.383+0530: 3514.486: [GC (Allocation Failure) [PSYoungGen: 173632K->96K(174080K)] 284892K->111372K(523776K), 0.0014351 secs] [Times: user=0.00 sys=0.00, real=0.00 secs] 
2018-03-19T13:09:39.681+0530: 3514.784: [GC (Allocation Failure) [PSYoungGen: 173664K->96K(174080K)] 284940K->111396K(523776K), 0.0013667 secs] [Times: user=0.06 sys=0.00, real=0.00 secs] 
2018-03-19T13:09:39.974+0530: 3515.077: [GC (Allocation Failure) [PSYoungGen: 173664K->64K(174080K)] 284964K->111380K(523776K), 0.0015388 secs] [Times: user=0.00 sys=0.00, real=0.00 secs] 
2018-03-19T13:09:40.260+0530: 3515.363: [GC (Allocation Failure) [PSYoungGen: 173632K->64K(174080K)] 284948K->111404K(523776K), 0.0013720 secs] [Times: user=0.00 sys=0.00, real=0.00 secs] 
2018-03-19T13:09:40.556+0530: 3515.659: [GC (Allocation Failure) [PSYoungGen: 173632K->64K(174080K)] 284972K->111428K(523776K), 0.0014351 secs] [Times: user=0.00 sys=0.00, real=0.00 secs] 
2018-03-19T13:09:40.846+0530: 3515.948: [GC (Allocation Failure) [PSYoungGen: 173632K->96K(174080K)] 284996K->111484K(523776K), 0.0013209 secs] [Times: user=0.00 sys=0.00, real=0.00 secs] 
2018-03-19T13:09:41.158+0530: 3516.261: [GC (Allocation Failure) [PSYoungGen: 173664K->64K(174080K)] 285052K->111468K(523776K), 0.0015734 secs] [Times: user=0.00 sys=0.00, real=0.00 secs] 
2018-03-19T13:09:41.526+0530: 3516.630: [GC (Allocation Failure) [PSYoungGen: 173632K->96K(174080K)] 285036K->111532K(523776K), 0.0014147 secs] [Times: user=0.00 sys=0.00, real=0.00 secs] 
2018-03-19T13:09:41.852+0530: 3516.955: [GC (Allocation Failure) [PSYoungGen: 173664K->96K(174080K)] 285100K->111556K(523776K), 0.0014344 secs] [Times: user=0.00 sys=0.00, real=0.00 secs] 
2018-03-19T13:09:42.201+0530: 3517.304: [GC (Allocation Failure) [PSYoungGen: 173664K->96K(174080K)] 285124K->111588K(523776K), 0.0014669 secs] [Times: user=0.00 sys=0.00, real=0.00 secs] 
2018-03-19T13:09:42.516+0530: 3517.619: [GC (Allocation Failure) [PSYoungGen: 173664K->96K(174080K)] 285156K->111620K(523776K), 0.0014574 secs] [Times: user=0.00 sys=0.00, real=0.00 secs] 
2018-03-19T13:09:42.817+0530: 3517.921: [GC (Allocation Failure) [PSYoungGen: 173664K->96K(174080K)] 285188K->111652K(523776K), 0.0013019 secs] [Times: user=0.00 sys=0.00, real=0.00 secs] 
2018-03-19T13:09:43.119+0530: 3518.222: [GC (Allocation Failure) [PSYoungGen: 173664K->96K(174080K)] 285220K->111676K(523776K), 0.0015103 secs] [Times: user=0.00 sys=0.00, real=0.00 secs] 
2018-03-19T13:09:43.425+0530: 3518.528: [GC (Allocation Failure) [PSYoungGen: 173664K->64K(174080K)] 285244K->111668K(523776K), 0.0015134 secs] [Times: user=0.00 sys=0.00, real=0.00 secs] 
2018-03-19T13:09:43.761+0530: 3518.864: [GC (Allocation Failure) [PSYoungGen: 173632K->64K(174080K)] 285236K->111692K(523776K), 0.0014679 secs] [Times: user=0.00 sys=0.00, real=0.00 secs] 
2018-03-19T13:09:44.291+0530: 3519.393: [GC (Allocation Failure) [PSYoungGen: 173632K->96K(174080K)] 285260K->111740K(523776K), 0.0016030 secs] [Times: user=0.00 sys=0.00, real=0.00 secs] 
2018-03-19T13:09:44.615+0530: 3519.718: [GC (Allocation Failure) [PSYoungGen: 173664K->96K(174080K)] 285308K->111772K(523776K), 0.0014302 secs] [Times: user=0.00 sys=0.00, real=0.00 secs] 
2018-03-19T13:09:44.921+0530: 3520.024: [GC (Allocation Failure) [PSYoungGen: 173664K->96K(174080K)] 285340K->111788K(523776K), 0.0015847 secs] [Times: user=0.00 sys=0.00, real=0.00 secs] 
2018-03-19T13:09:45.213+0530: 3520.316: [GC (Allocation Failure) [PSYoungGen: 173664K->96K(174080K)] 285356K->111820K(523776K), 0.0013188 secs] [Times: user=0.00 sys=0.00, real=0.00 secs] 
2018-03-19T13:09:45.513+0530: 3520.616: [GC (Allocation Failure) [PSYoungGen: 173664K->96K(174080K)] 285388K->111852K(523776K), 0.0014418 secs] [Times: user=0.00 sys=0.00, real=0.00 secs] 
2018-03-19T13:09:45.807+0530: 3520.910: [GC (Allocation Failure) [PSYoungGen: 173664K->96K(174080K)] 285420K->111884K(523776K), 0.0012574 secs] [Times: user=0.00 sys=0.00, real=0.00 secs] 
2018-03-19T13:09:46.100+0530: 3521.202: [GC (Allocation Failure) [PSYoungGen: 173664K->128K(174080K)] 285452K->111948K(523776K), 0.0014503 secs] [Times: user=0.00 sys=0.00, real=0.00 secs] 
2018-03-19T13:09:46.411+0530: 3521.514: [GC (Allocation Failure) [PSYoungGen: 173696K->128K(174080K)] 285516K->111980K(523776K), 0.0014743 secs] [Times: user=0.00 sys=0.00, real=0.00 secs] 
2018-03-19T13:09:46.709+0530: 3521.812: [GC (Allocation Failure) [PSYoungGen: 173696K->64K(174080K)] 285548K->111932K(523776K), 0.0014725 secs] [Times: user=0.00 sys=0.00, real=0.00 secs] 
2018-03-19T13:09:46.996+0530: 3522.098: [GC (Allocation Failure) [PSYoungGen: 173632K->96K(174080K)] 285500K->111988K(523776K), 0.0013622 secs] [Times: user=0.00 sys=0.00, real=0.00 secs] 
2018-03-19T13:09:47.299+0530: 3522.402: [GC (Allocation Failure) [PSYoungGen: 173664K->96K(174080K)] 285556K->112004K(523776K), 0.0014612 secs] [Times: user=0.00 sys=0.00, real=0.00 secs] 
2018-03-19T13:09:47.606+0530: 3522.710: [GC (Allocation Failure) [PSYoungGen: 173664K->128K(174080K)] 285572K->112052K(523776K), 0.0013918 secs] [Times: user=0.00 sys=0.00, real=0.00 secs] 
2018-03-19T13:09:47.929+0530: 3523.032: [GC (Allocation Failure) [PSYoungGen: 173696K->96K(174080K)] 285620K->112044K(523776K), 0.0045191 secs] [Times: user=0.00 sys=0.00, real=0.01 secs] 
2018-03-19T13:09:48.384+0530: 3523.487: [GC (Allocation Failure) [PSYoungGen: 173664K->96K(174080K)] 285612K->112068K(523776K), 0.0014761 secs] [Times: user=0.00 sys=0.00, real=0.00 secs] 
2018-03-19T13:09:48.673+0530: 3523.776: [GC (Allocation Failure) [PSYoungGen: 173664K->96K(174080K)] 285636K->112100K(523776K), 0.0014091 secs] [Times: user=0.00 sys=0.00, real=0.00 secs] 
2018-03-19T13:09:48.983+0530: 3524.085: [GC (Allocation Failure) [PSYoungGen: 173664K->96K(174080K)] 285668K->112116K(523776K), 0.0014775 secs] [Times: user=0.00 sys=0.00, real=0.00 secs] 
2018-03-19T13:09:49.290+0530: 3524.393: [GC (Allocation Failure) [PSYoungGen: 173664K->32K(174080K)] 285684K->112076K(523776K), 0.0014052 secs] [Times: user=0.00 sys=0.00, real=0.00 secs] 
2018-03-19T13:09:49.653+0530: 3524.756: [GC (Allocation Failure) [PSYoungGen: 173600K->96K(174080K)] 285644K->112164K(523776K), 0.0014785 secs] [Times: user=0.00 sys=0.00, real=0.00 secs] 
2018-03-19T13:09:50.094+0530: 3525.197: [GC (Allocation Failure) [PSYoungGen: 173664K->96K(174080K)] 285732K->112180K(523776K), 0.0022645 secs] [Times: user=0.00 sys=0.00, real=0.00 secs] 
2018-03-19T13:09:50.425+0530: 3525.528: [GC (Allocation Failure) [PSYoungGen: 173664K->64K(174080K)] 285748K->112172K(523776K), 0.0014232 secs] [Times: user=0.00 sys=0.00, real=0.00 secs] 
2018-03-19T13:09:50.890+0530: 3525.993: [GC (Allocation Failure) [PSYoungGen: 173632K->96K(174080K)] 285740K->112220K(523776K), 0.0016478 secs] [Times: user=0.00 sys=0.00, real=0.00 secs] 
2018-03-19T13:09:51.221+0530: 3526.324: [GC (Allocation Failure) [PSYoungGen: 173664K->64K(174080K)] 285788K->112220K(523776K), 0.0013819 secs] [Times: user=0.00 sys=0.00, real=0.00 secs] 
2018-03-19T13:09:51.798+0530: 3526.901: [GC (Allocation Failure) [PSYoungGen: 173632K->96K(174080K)] 285788K->112284K(523776K), 0.0020032 secs] [Times: user=0.00 sys=0.00, real=0.00 secs] 
2018-03-19T13:09:52.434+0530: 3527.538: [GC (Allocation Failure) [PSYoungGen: 173664K->96K(174080K)] 285852K->112316K(523776K), 0.0021280 secs] [Times: user=0.00 sys=0.00, real=0.00 secs] 
2018-03-19T13:09:53.241+0530: 3528.343: [GC (Allocation Failure) [PSYoungGen: 173664K->64K(174080K)] 285884K->112300K(523776K), 0.0029592 secs] [Times: user=0.02 sys=0.00, real=0.00 secs] 
2018-03-19T13:09:53.927+0530: 3529.030: [GC (Allocation Failure) [PSYoungGen: 173632K->64K(174080K)] 285868K->112316K(523776K), 0.0038287 secs] [Times: user=0.02 sys=0.00, real=0.00 secs] 
2018-03-19T13:09:54.283+0530: 3529.386: [GC (Allocation Failure) [PSYoungGen: 173632K->64K(174080K)] 285884K->112340K(523776K), 0.0015892 secs] [Times: user=0.00 sys=0.00, real=0.00 secs] 
2018-03-19T13:09:54.799+0530: 3529.903: [GC (Allocation Failure) [PSYoungGen: 173632K->32K(174080K)] 285908K->112332K(523776K), 0.0016182 secs] [Times: user=0.00 sys=0.00, real=0.00 secs] 
2018-03-19T13:09:55.142+0530: 3530.245: [GC (Allocation Failure) [PSYoungGen: 173600K->96K(174080K)] 285900K->112428K(523776K), 0.0015540 secs] [Times: user=0.00 sys=0.00, real=0.00 secs] 
2018-03-19T13:09:55.491+0530: 3530.595: [GC (Allocation Failure) [PSYoungGen: 173664K->96K(174080K)] 285996K->112452K(523776K), 0.0015145 secs] [Times: user=0.03 sys=0.00, real=0.00 secs] 
2018-03-19T13:09:55.953+0530: 3531.056: [GC (Allocation Failure) [PSYoungGen: 173664K->96K(174080K)] 286020K->112484K(523776K), 0.0017377 secs] [Times: user=0.00 sys=0.00, real=0.00 secs] 
2018-03-19T13:09:56.332+0530: 3531.435: [GC (Allocation Failure) [PSYoungGen: 173664K->96K(174080K)] 286052K->112500K(523776K), 0.0021534 secs] [Times: user=0.00 sys=0.00, real=0.00 secs] 
2018-03-19T13:09:56.751+0530: 3531.854: [GC (Allocation Failure) [PSYoungGen: 173664K->64K(174080K)] 286068K->112500K(523776K), 0.0016203 secs] [Times: user=0.00 sys=0.00, real=0.00 secs] 
2018-03-19T13:09:57.131+0530: 3532.233: [GC (Allocation Failure) [PSYoungGen: 173632K->64K(174080K)] 286068K->112524K(523776K), 0.0016562 secs] [Times: user=0.00 sys=0.00, real=0.00 secs] 
2018-03-19T13:09:57.497+0530: 3532.600: [GC (Allocation Failure) [PSYoungGen: 173632K->96K(174080K)] 286092K->112580K(523776K), 0.0015226 secs] [Times: user=0.00 sys=0.00, real=0.00 secs] 
2018-03-19T13:09:57.827+0530: 3532.930: [GC (Allocation Failure) [PSYoungGen: 173664K->64K(174080K)] 286148K->112572K(523776K), 0.0016294 secs] [Times: user=0.00 sys=0.00, real=0.00 secs] 
2018-03-19T13:09:58.157+0530: 3533.259: [GC (Allocation Failure) [PSYoungGen: 173632K->64K(174080K)] 286140K->112596K(523776K), 0.0014411 secs] [Times: user=0.00 sys=0.00, real=0.00 secs] 
2018-03-19T13:09:58.483+0530: 3533.586: [GC (Allocation Failure) [PSYoungGen: 173632K->64K(174080K)] 286164K->112628K(523776K), 0.0015529 secs] [Times: user=0.00 sys=0.00, real=0.00 secs] 
2018-03-19T13:09:58.784+0530: 3533.886: [GC (Allocation Failure) [PSYoungGen: 173632K->96K(174080K)] 286196K->112676K(523776K), 0.0015021 secs] [Times: user=0.00 sys=0.00, real=0.00 secs] 
2018-03-19T13:09:59.084+0530: 3534.187: [GC (Allocation Failure) [PSYoungGen: 173664K->96K(174080K)] 286244K->112708K(523776K), 0.0013615 secs] [Times: user=0.00 sys=0.00, real=0.00 secs] 
2018-03-19T13:09:59.574+0530: 3534.676: [GC (Allocation Failure) [PSYoungGen: 173664K->64K(174080K)] 286276K->112692K(523776K), 0.0046729 secs] [Times: user=0.00 sys=0.00, real=0.01 secs] 
2018-03-19T13:09:59.989+0530: 3535.092: [GC (Allocation Failure) [PSYoungGen: 173632K->96K(174080K)] 286260K->112756K(523776K), 0.0014679 secs] [Times: user=0.00 sys=0.00, real=0.00 secs] 
2018-03-19T13:10:00.424+0530: 3535.527: [GC (Allocation Failure) [PSYoungGen: 173664K->64K(174080K)] 286324K->112740K(523776K), 0.0018791 secs] [Times: user=0.00 sys=0.00, real=0.00 secs] 
2018-03-19T13:10:00.893+0530: 3535.996: [GC (Allocation Failure) [PSYoungGen: 173632K->64K(174080K)] 286308K->112772K(523776K), 0.0017698 secs] [Times: user=0.00 sys=0.00, real=0.00 secs] 
2018-03-19T13:10:01.293+0530: 3536.396: [GC (Allocation Failure) [PSYoungGen: 173632K->96K(174080K)] 286340K->112836K(523776K), 0.0016799 secs] [Times: user=0.00 sys=0.00, real=0.00 secs] 
2018-03-19T13:10:01.633+0530: 3536.736: [GC (Allocation Failure) [PSYoungGen: 173664K->64K(174080K)] 286404K->112828K(523776K), 0.0016249 secs] [Times: user=0.02 sys=0.00, real=0.00 secs] 
2018-03-19T13:10:01.966+0530: 3537.069: [GC (Allocation Failure) [PSYoungGen: 173632K->96K(174080K)] 286396K->112876K(523776K), 0.0014267 secs] [Times: user=0.00 sys=0.00, real=0.00 secs] 
2018-03-19T13:10:02.346+0530: 3537.449: [GC (Allocation Failure) [PSYoungGen: 173664K->64K(174080K)] 286444K->112860K(523776K), 0.0166569 secs] [Times: user=0.00 sys=0.00, real=0.02 secs] 
2018-03-19T13:10:02.761+0530: 3537.864: [GC (Allocation Failure) [PSYoungGen: 173632K->32K(174080K)] 286428K->112844K(523776K), 0.0024521 secs] [Times: user=0.00 sys=0.00, real=0.00 secs] 
2018-03-19T13:10:03.132+0530: 3538.234: [GC (Allocation Failure) [PSYoungGen: 173600K->96K(174080K)] 286412K->112940K(523776K), 0.0015709 secs] [Times: user=0.00 sys=0.00, real=0.00 secs] 
2018-03-19T13:10:03.490+0530: 3538.593: [GC (Allocation Failure) [PSYoungGen: 173664K->96K(174080K)] 286508K->112972K(523776K), 0.0015794 secs] [Times: user=0.00 sys=0.00, real=0.00 secs] 
2018-03-19T13:10:03.878+0530: 3538.980: [GC (Allocation Failure) [PSYoungGen: 173664K->96K(174080K)] 286540K->113004K(523776K), 0.0014722 secs] [Times: user=0.00 sys=0.00, real=0.00 secs] 
2018-03-19T13:10:04.202+0530: 3539.305: [GC (Allocation Failure) [PSYoungGen: 173664K->32K(174080K)] 286572K->112964K(523776K), 0.0016749 secs] [Times: user=0.00 sys=0.00, real=0.00 secs] 
2018-03-19T13:10:04.539+0530: 3539.642: [GC (Allocation Failure) [PSYoungGen: 173600K->64K(174080K)] 286532K->113020K(523776K), 0.0014161 secs] [Times: user=0.01 sys=0.00, real=0.00 secs] 
2018-03-19T13:10:04.846+0530: 3539.950: [GC (Allocation Failure) [PSYoungGen: 173632K->96K(174080K)] 286588K->113076K(523776K), 0.0014373 secs] [Times: user=0.00 sys=0.00, real=0.00 secs] 
2018-03-19T13:10:05.196+0530: 3540.300: [GC (Allocation Failure) [PSYoungGen: 173664K->64K(174080K)] 286644K->113060K(523776K), 0.0022941 secs] [Times: user=0.00 sys=0.00, real=0.00 secs] 
2018-03-19T13:10:05.682+0530: 3540.785: [GC (Allocation Failure) [PSYoungGen: 173632K->96K(174080K)] 286628K->113116K(523776K), 0.0015952 secs] [Times: user=0.00 sys=0.00, real=0.00 secs] 
2018-03-19T13:10:06.003+0530: 3541.107: [GC (Allocation Failure) [PSYoungGen: 173664K->96K(174080K)] 286684K->113132K(523776K), 0.0014584 secs] [Times: user=0.00 sys=0.00, real=0.00 secs] 
2018-03-19T13:10:06.337+0530: 3541.441: [GC (Allocation Failure) [PSYoungGen: 173664K->96K(174080K)] 286700K->113148K(523776K), 0.0015032 secs] [Times: user=0.00 sys=0.00, real=0.00 secs] 
2018-03-19T13:10:06.686+0530: 3541.789: [GC (Allocation Failure) [PSYoungGen: 173664K->96K(174080K)] 286716K->113172K(523776K), 0.0015321 secs] [Times: user=0.00 sys=0.00, real=0.00 secs] 
2018-03-19T13:10:07.021+0530: 3542.124: [GC (Allocation Failure) [PSYoungGen: 173664K->96K(174080K)] 286740K->113196K(523776K), 0.0014330 secs] [Times: user=0.00 sys=0.00, real=0.00 secs] 
2018-03-19T13:10:07.339+0530: 3542.442: [GC (Allocation Failure) [PSYoungGen: 173664K->96K(174080K)] 286764K->113220K(523776K), 0.0015438 secs] [Times: user=0.00 sys=0.00, real=0.00 secs] 
2018-03-19T13:10:07.897+0530: 3542.999: [GC (Allocation Failure) [PSYoungGen: 173664K->96K(174080K)] 286788K->113252K(523776K), 0.0016175 secs] [Times: user=0.00 sys=0.00, real=0.00 secs] 
2018-03-19T13:10:08.276+0530: 3543.379: [GC (Allocation Failure) [PSYoungGen: 173664K->32K(174080K)] 286820K->113204K(523776K), 0.0019059 secs] [Times: user=0.00 sys=0.00, real=0.00 secs] 
2018-03-19T13:10:08.641+0530: 3543.743: [GC (Allocation Failure) [PSYoungGen: 173600K->96K(174080K)] 286772K->113284K(523776K), 0.0019528 secs] [Times: user=0.00 sys=0.00, real=0.00 secs] 
2018-03-19T13:10:08.999+0530: 3544.102: [GC (Allocation Failure) [PSYoungGen: 173664K->96K(174080K)] 286852K->113300K(523776K), 0.0016834 secs] [Times: user=0.00 sys=0.00, real=0.00 secs] 
2018-03-19T13:10:09.337+0530: 3544.440: [GC (Allocation Failure) [PSYoungGen: 173664K->64K(174080K)] 286868K->113292K(523776K), 0.0014789 secs] [Times: user=0.00 sys=0.00, real=0.00 secs] 
2018-03-19T13:10:09.674+0530: 3544.777: [GC (Allocation Failure) [PSYoungGen: 173632K->96K(174080K)] 286860K->113348K(523776K), 0.0014514 secs] [Times: user=0.00 sys=0.00, real=0.00 secs] 
2018-03-19T13:10:10.027+0530: 3545.130: [GC (Allocation Failure) [PSYoungGen: 173664K->64K(174080K)] 286916K->113340K(523776K), 0.0016309 secs] [Times: user=0.00 sys=0.00, real=0.00 secs] 
2018-03-19T13:10:10.439+0530: 3545.542: [GC (Allocation Failure) [PSYoungGen: 173632K->64K(174080K)] 286908K->113364K(523776K), 0.0016513 secs] [Times: user=0.00 sys=0.00, real=0.00 secs] 
2018-03-19T13:10:10.839+0530: 3545.941: [GC (Allocation Failure) [PSYoungGen: 173632K->96K(174080K)] 286932K->113428K(523776K), 0.0014299 secs] [Times: user=0.00 sys=0.00, real=0.00 secs] 
2018-03-19T13:10:11.155+0530: 3546.257: [GC (Allocation Failure) [PSYoungGen: 173664K->96K(174080K)] 286996K->113452K(523776K), 0.0013354 secs] [Times: user=0.00 sys=0.00, real=0.00 secs] 
2018-03-19T13:10:11.460+0530: 3546.562: [GC (Allocation Failure) [PSYoungGen: 173664K->64K(174080K)] 287020K->113444K(523776K), 0.0013188 secs] [Times: user=0.00 sys=0.00, real=0.00 secs] 
2018-03-19T13:10:11.796+0530: 3546.899: [GC (Allocation Failure) [PSYoungGen: 173632K->96K(174080K)] 287012K->113500K(523776K), 0.0016823 secs] [Times: user=0.00 sys=0.00, real=0.00 secs] 
2018-03-19T13:10:12.171+0530: 3547.274: [GC (Allocation Failure) [PSYoungGen: 173664K->96K(174080K)] 287068K->113524K(523776K), 0.0013449 secs] [Times: user=0.00 sys=0.00, real=0.00 secs] 
2018-03-19T13:10:12.475+0530: 3547.578: [GC (Allocation Failure) [PSYoungGen: 173664K->64K(174080K)] 287092K->113508K(523776K), 0.0014447 secs] [Times: user=0.00 sys=0.00, real=0.00 secs] 
2018-03-19T13:10:12.786+0530: 3547.888: [GC (Allocation Failure) [PSYoungGen: 173632K->96K(174080K)] 287076K->113572K(523776K), 0.0015378 secs] [Times: user=0.00 sys=0.00, real=0.00 secs] 
2018-03-19T13:10:13.127+0530: 3548.230: [GC (Allocation Failure) [PSYoungGen: 173664K->96K(174080K)] 287140K->113596K(523776K), 0.0015709 secs] [Times: user=0.00 sys=0.00, real=0.00 secs] 
2018-03-19T13:10:13.492+0530: 3548.595: [GC (Allocation Failure) [PSYoungGen: 173664K->96K(174080K)] 287164K->113620K(523776K), 0.0013904 secs] [Times: user=0.00 sys=0.00, real=0.00 secs] 
2018-03-19T13:10:13.802+0530: 3548.905: [GC (Allocation Failure) [PSYoungGen: 173664K->64K(174080K)] 287188K->113604K(523776K), 0.0014976 secs] [Times: user=0.00 sys=0.00, real=0.00 secs] 
2018-03-19T13:10:14.119+0530: 3549.222: [GC (Allocation Failure) [PSYoungGen: 173632K->96K(174080K)] 287172K->113652K(523776K), 0.0019309 secs] [Times: user=0.00 sys=0.00, real=0.00 secs] 
2018-03-19T13:10:14.433+0530: 3549.536: [GC (Allocation Failure) [PSYoungGen: 173664K->64K(174080K)] 287220K->113636K(523776K), 0.0018079 secs] [Times: user=0.00 sys=0.00, real=0.00 secs] 
2018-03-19T13:10:14.807+0530: 3549.910: [GC (Allocation Failure) [PSYoungGen: 173632K->96K(174080K)] 287204K->113692K(523776K), 0.0015448 secs] [Times: user=0.00 sys=0.00, real=0.00 secs] 
2018-03-19T13:10:15.121+0530: 3550.223: [GC (Allocation Failure) [PSYoungGen: 173664K->96K(174080K)] 287260K->113724K(523776K), 0.0015836 secs] [Times: user=0.00 sys=0.00, real=0.00 secs] 
2018-03-19T13:10:15.480+0530: 3550.583: [GC (Allocation Failure) [PSYoungGen: 173664K->64K(174080K)] 287292K->113724K(523776K), 0.0012888 secs] [Times: user=0.00 sys=0.00, real=0.00 secs] 
2018-03-19T13:10:15.850+0530: 3550.953: [GC (Allocation Failure) [PSYoungGen: 173632K->64K(174080K)] 287292K->113740K(523776K), 0.0020956 secs] [Times: user=0.00 sys=0.00, real=0.00 secs] 
2018-03-19T13:10:16.176+0530: 3551.280: [GC (Allocation Failure) [PSYoungGen: 173632K->96K(174080K)] 287308K->113788K(523776K), 0.0020230 secs] [Times: user=0.00 sys=0.00, real=0.00 secs] 
2018-03-19T13:10:16.530+0530: 3551.633: [GC (Allocation Failure) [PSYoungGen: 173664K->96K(174080K)] 287356K->113812K(523776K), 0.0014739 secs] [Times: user=0.00 sys=0.00, real=0.00 secs] 
2018-03-19T13:10:16.870+0530: 3551.973: [GC (Allocation Failure) [PSYoungGen: 173664K->64K(174080K)] 287380K->113796K(523776K), 0.0014091 secs] [Times: user=0.00 sys=0.00, real=0.00 secs] 
2018-03-19T13:10:17.192+0530: 3552.295: [GC (Allocation Failure) [PSYoungGen: 173632K->96K(174080K)] 287364K->113852K(523776K), 0.0015198 secs] [Times: user=0.00 sys=0.00, real=0.00 secs] 
2018-03-19T13:10:17.549+0530: 3552.652: [GC (Allocation Failure) [PSYoungGen: 173664K->96K(174080K)] 287420K->113876K(523776K), 0.0015515 secs] [Times: user=0.00 sys=0.00, real=0.00 secs] 
2018-03-19T13:10:17.876+0530: 3552.979: [GC (Allocation Failure) [PSYoungGen: 173664K->96K(174080K)] 287444K->113892K(523776K), 0.0016809 secs] [Times: user=0.00 sys=0.00, real=0.00 secs] 
2018-03-19T13:10:18.220+0530: 3553.323: [GC (Allocation Failure) [PSYoungGen: 173664K->96K(174080K)] 287460K->113916K(523776K), 0.0016242 secs] [Times: user=0.00 sys=0.00, real=0.00 secs] 
2018-03-19T13:10:18.570+0530: 3553.673: [GC (Allocation Failure) [PSYoungGen: 173664K->64K(174080K)] 287484K->113916K(523776K), 0.0015342 secs] [Times: user=0.00 sys=0.00, real=0.00 secs] 
2018-03-19T13:10:18.950+0530: 3554.054: [GC (Allocation Failure) [PSYoungGen: 173632K->64K(174080K)] 287484K->113948K(523776K), 0.0017715 secs] [Times: user=0.00 sys=0.00, real=0.00 secs] 
2018-03-19T13:10:19.699+0530: 3554.803: [GC (Allocation Failure) [PSYoungGen: 173632K->64K(174080K)] 287516K->113964K(523776K), 0.0028597 secs] [Times: user=0.00 sys=0.00, real=0.00 secs] 
2018-03-19T13:10:20.336+0530: 3555.439: [GC (Allocation Failure) [PSYoungGen: 173632K->64K(174080K)] 287532K->113980K(523776K), 0.0023692 secs] [Times: user=0.03 sys=0.00, real=0.00 secs] 
2018-03-19T13:10:20.864+0530: 3555.966: [GC (Allocation Failure) [PSYoungGen: 173632K->96K(174080K)] 287548K->114044K(523776K), 0.0015561 secs] [Times: user=0.00 sys=0.00, real=0.00 secs] 
2018-03-19T13:10:21.175+0530: 3556.278: [GC (Allocation Failure) [PSYoungGen: 173664K->64K(174080K)] 287612K->114028K(523776K), 0.0016291 secs] [Times: user=0.00 sys=0.00, real=0.00 secs] 
2018-03-19T13:10:21.504+0530: 3556.607: [GC (Allocation Failure) [PSYoungGen: 173632K->96K(174080K)] 287596K->114076K(523776K), 0.0018364 secs] [Times: user=0.00 sys=0.00, real=0.00 secs] 
2018-03-19T13:10:21.904+0530: 3557.007: [GC (Allocation Failure) [PSYoungGen: 173664K->96K(174080K)] 287644K->114100K(523776K), 0.0018470 secs] [Times: user=0.00 sys=0.00, real=0.00 secs] 
2018-03-19T13:10:22.230+0530: 3557.332: [GC (Allocation Failure) [PSYoungGen: 173664K->96K(174080K)] 287668K->114124K(523776K), 0.0012705 secs] [Times: user=0.00 sys=0.00, real=0.00 secs] 
2018-03-19T13:10:22.535+0530: 3557.638: [GC (Allocation Failure) [PSYoungGen: 173664K->64K(174080K)] 287692K->114108K(523776K), 0.0016633 secs] [Times: user=0.00 sys=0.00, real=0.00 secs] 
2018-03-19T13:10:22.845+0530: 3557.947: [GC (Allocation Failure) [PSYoungGen: 173632K->96K(174080K)] 287676K->114164K(523776K), 0.0015011 secs] [Times: user=0.00 sys=0.00, real=0.00 secs] 
2018-03-19T13:10:23.190+0530: 3558.293: [GC (Allocation Failure) [PSYoungGen: 173664K->64K(174080K)] 287732K->114148K(523776K), 0.0020293 secs] [Times: user=0.00 sys=0.00, real=0.00 secs] 
2018-03-19T13:10:23.549+0530: 3558.652: [GC (Allocation Failure) [PSYoungGen: 173632K->96K(174080K)] 287716K->114204K(523776K), 0.0015289 secs] [Times: user=0.00 sys=0.00, real=0.00 secs] 
2018-03-19T13:10:23.862+0530: 3558.966: [GC (Allocation Failure) [PSYoungGen: 173664K->96K(174080K)] 287772K->114228K(523776K), 0.0013332 secs] [Times: user=0.00 sys=0.00, real=0.00 secs] 
2018-03-19T13:10:24.156+0530: 3559.259: [GC (Allocation Failure) [PSYoungGen: 173664K->96K(174080K)] 287796K->114252K(523776K), 0.0013202 secs] [Times: user=0.00 sys=0.00, real=0.00 secs] 
2018-03-19T13:10:24.458+0530: 3559.560: [GC (Allocation Failure) [PSYoungGen: 173664K->96K(174080K)] 287820K->114284K(523776K), 0.0013773 secs] [Times: user=0.00 sys=0.00, real=0.00 secs] 
2018-03-19T13:10:24.757+0530: 3559.859: [GC (Allocation Failure) [PSYoungGen: 173664K->96K(174080K)] 287852K->114308K(523776K), 0.0012257 secs] [Times: user=0.00 sys=0.00, real=0.00 secs] 
2018-03-19T13:10:25.041+0530: 3560.144: [GC (Allocation Failure) [PSYoungGen: 173664K->96K(174080K)] 287876K->114332K(523776K), 0.0014059 secs] [Times: user=0.00 sys=0.00, real=0.00 secs] 
2018-03-19T13:10:25.443+0530: 3560.545: [GC (Allocation Failure) [PSYoungGen: 173664K->96K(174080K)] 287900K->114356K(523776K), 0.0013777 secs] [Times: user=0.00 sys=0.00, real=0.00 secs] 
2018-03-19T13:10:25.737+0530: 3560.840: [GC (Allocation Failure) [PSYoungGen: 173664K->64K(174080K)] 287924K->114340K(523776K), 0.0013699 secs] [Times: user=0.00 sys=0.00, real=0.00 secs] 
2018-03-19T13:10:26.020+0530: 3561.122: [GC (Allocation Failure) [PSYoungGen: 173632K->96K(174080K)] 287908K->114388K(523776K), 0.0014694 secs] [Times: user=0.00 sys=0.00, real=0.00 secs] 
2018-03-19T13:10:26.304+0530: 3561.407: [GC (Allocation Failure) [PSYoungGen: 173664K->96K(174080K)] 287956K->114412K(523776K), 0.0014457 secs] [Times: user=0.00 sys=0.00, real=0.00 secs] 
2018-03-19T13:10:26.597+0530: 3561.700: [GC (Allocation Failure) [PSYoungGen: 173664K->96K(174080K)] 287980K->114436K(523776K), 0.0013230 secs] [Times: user=0.00 sys=0.00, real=0.00 secs] 
2018-03-19T13:10:26.879+0530: 3561.982: [GC (Allocation Failure) [PSYoungGen: 173664K->96K(174080K)] 288004K->114468K(523776K), 0.0013851 secs] [Times: user=0.00 sys=0.00, real=0.00 secs] 
2018-03-19T13:10:27.156+0530: 3562.258: [GC (Allocation Failure) [PSYoungGen: 173664K->64K(174080K)] 288036K->114460K(523776K), 0.0014217 secs] [Times: user=0.00 sys=0.00, real=0.00 secs] 
2018-03-19T13:10:27.451+0530: 3562.554: [GC (Allocation Failure) [PSYoungGen: 173632K->64K(174080K)] 288028K->114492K(523776K), 0.0014627 secs] [Times: user=0.00 sys=0.00, real=0.00 secs] 
2018-03-19T13:10:27.766+0530: 3562.869: [GC (Allocation Failure) [PSYoungGen: 173632K->96K(174080K)] 288060K->114548K(523776K), 0.0015349 secs] [Times: user=0.00 sys=0.00, real=0.00 secs] 
2018-03-19T13:10:28.046+0530: 3563.149: [GC (Allocation Failure) [PSYoungGen: 173664K->64K(174080K)] 288116K->114548K(523776K), 0.0014725 secs] [Times: user=0.00 sys=0.00, real=0.00 secs] 
2018-03-19T13:10:28.326+0530: 3563.429: [GC (Allocation Failure) [PSYoungGen: 173632K->64K(174080K)] 288116K->114572K(523776K), 0.0013622 secs] [Times: user=0.00 sys=0.00, real=0.00 secs] 
2018-03-19T13:10:28.614+0530: 3563.717: [GC (Allocation Failure) [PSYoungGen: 173632K->64K(174080K)] 288140K->114588K(523776K), 0.0013361 secs] [Times: user=0.00 sys=0.00, real=0.00 secs] 
2018-03-19T13:10:28.896+0530: 3563.999: [GC (Allocation Failure) [PSYoungGen: 173632K->96K(174080K)] 288156K->114652K(523776K), 0.0013861 secs] [Times: user=0.00 sys=0.00, real=0.00 secs] 
2018-03-19T13:10:29.175+0530: 3564.278: [GC (Allocation Failure) [PSYoungGen: 173664K->96K(174080K)] 288220K->114676K(523776K), 0.0013431 secs] [Times: user=0.00 sys=0.00, real=0.00 secs] 
2018-03-19T13:10:29.468+0530: 3564.571: [GC (Allocation Failure) [PSYoungGen: 173664K->96K(174080K)] 288244K->114700K(523776K), 0.0013470 secs] [Times: user=0.00 sys=0.00, real=0.00 secs] 
2018-03-19T13:10:29.760+0530: 3564.863: [GC (Allocation Failure) [PSYoungGen: 173664K->96K(174080K)] 288268K->114732K(523776K), 0.0014454 secs] [Times: user=0.00 sys=0.00, real=0.00 secs] 
2018-03-19T13:10:30.037+0530: 3565.140: [GC (Allocation Failure) [PSYoungGen: 173664K->96K(174080K)] 288300K->114748K(523776K), 0.0013339 secs] [Times: user=0.00 sys=0.00, real=0.00 secs] 
2018-03-19T13:10:30.419+0530: 3565.522: [GC (Allocation Failure) [PSYoungGen: 173664K->96K(174080K)] 288316K->114772K(523776K), 0.0019704 secs] [Times: user=0.00 sys=0.00, real=0.00 secs] 
2018-03-19T13:10:30.728+0530: 3565.831: [GC (Allocation Failure) [PSYoungGen: 173664K->96K(174080K)] 288340K->114804K(523776K), 0.0014697 secs] [Times: user=0.00 sys=0.00, real=0.00 secs] 
2018-03-19T13:10:31.010+0530: 3566.113: [GC (Allocation Failure) [PSYoungGen: 173664K->96K(174080K)] 288372K->114836K(523776K), 0.0013576 secs] [Times: user=0.00 sys=0.00, real=0.00 secs] 
2018-03-19T13:10:31.286+0530: 3566.389: [GC (Allocation Failure) [PSYoungGen: 173664K->64K(174080K)] 288404K->114828K(523776K), 0.0013184 secs] [Times: user=0.00 sys=0.00, real=0.00 secs] 
2018-03-19T13:10:31.575+0530: 3566.678: [GC (Allocation Failure) [PSYoungGen: 173632K->96K(174080K)] 288396K->114892K(523776K), 0.0013646 secs] [Times: user=0.00 sys=0.00, real=0.00 secs] 
2018-03-19T13:10:31.873+0530: 3566.976: [GC (Allocation Failure) [PSYoungGen: 173664K->96K(174080K)] 288460K->114908K(523776K), 0.0014842 secs] [Times: user=0.00 sys=0.00, real=0.00 secs] 
2018-03-19T13:10:32.166+0530: 3567.268: [GC (Allocation Failure) [PSYoungGen: 173664K->64K(174080K)] 288476K->114908K(523776K), 0.0012634 secs] [Times: user=0.00 sys=0.00, real=0.00 secs] 
2018-03-19T13:10:32.453+0530: 3567.556: [GC (Allocation Failure) [PSYoungGen: 173632K->96K(174080K)] 288476K->114972K(523776K), 0.0013847 secs] [Times: user=0.00 sys=0.00, real=0.00 secs] 
2018-03-19T13:10:32.734+0530: 3567.837: [GC (Allocation Failure) [PSYoungGen: 173664K->96K(174080K)] 288540K->114996K(523776K), 0.0013491 secs] [Times: user=0.00 sys=0.00, real=0.00 secs] 
2018-03-19T13:10:33.019+0530: 3568.123: [GC (Allocation Failure) [PSYoungGen: 173664K->96K(174080K)] 288564K->115020K(523776K), 0.0013893 secs] [Times: user=0.00 sys=0.00, real=0.00 secs] 
2018-03-19T13:10:33.300+0530: 3568.402: [GC (Allocation Failure) [PSYoungGen: 173664K->96K(174080K)] 288588K->115044K(523776K), 0.0012384 secs] [Times: user=0.00 sys=0.00, real=0.00 secs] 
2018-03-19T13:10:33.586+0530: 3568.689: [GC (Allocation Failure) [PSYoungGen: 173664K->64K(174080K)] 288612K->115044K(523776K), 0.0014133 secs] [Times: user=0.00 sys=0.00, real=0.00 secs] 
2018-03-19T13:10:33.865+0530: 3568.968: [GC (Allocation Failure) [PSYoungGen: 173632K->96K(174080K)] 288612K->115100K(523776K), 0.0014327 secs] [Times: user=0.00 sys=0.00, real=0.00 secs] 
2018-03-19T13:10:34.147+0530: 3569.250: [GC (Allocation Failure) [PSYoungGen: 173664K->96K(174080K)] 288668K->115124K(523776K), 0.0012313 secs] [Times: user=0.00 sys=0.00, real=0.00 secs] 
2018-03-19T13:10:34.441+0530: 3569.544: [GC (Allocation Failure) [PSYoungGen: 173664K->96K(174080K)] 288692K->115148K(523776K), 0.0013879 secs] [Times: user=0.00 sys=0.00, real=0.00 secs] 
2018-03-19T13:10:34.731+0530: 3569.835: [GC (Allocation Failure) [PSYoungGen: 173664K->64K(174080K)] 288716K->115132K(523776K), 0.0015342 secs] [Times: user=0.00 sys=0.00, real=0.00 secs] 
2018-03-19T13:10:35.010+0530: 3570.113: [GC (Allocation Failure) [PSYoungGen: 173632K->64K(174080K)] 288700K->115156K(523776K), 0.0013156 secs] [Times: user=0.00 sys=0.00, real=0.00 secs] 
2018-03-19T13:10:35.289+0530: 3570.392: [GC (Allocation Failure) [PSYoungGen: 173632K->64K(174080K)] 288724K->115180K(523776K), 0.0014221 secs] [Times: user=0.00 sys=0.00, real=0.00 secs] 
2018-03-19T13:10:35.586+0530: 3570.689: [GC (Allocation Failure) [PSYoungGen: 173632K->96K(174080K)] 288748K->115244K(523776K), 0.0012557 secs] [Times: user=0.02 sys=0.00, real=0.00 secs] 
2018-03-19T13:10:35.985+0530: 3571.088: [GC (Allocation Failure) [PSYoungGen: 173664K->96K(174080K)] 288812K->115268K(523776K), 0.0013660 secs] [Times: user=0.00 sys=0.00, real=0.00 secs] 
2018-03-19T13:10:36.263+0530: 3571.367: [GC (Allocation Failure) [PSYoungGen: 173664K->96K(174080K)] 288836K->115284K(523776K), 0.0013523 secs] [Times: user=0.00 sys=0.00, real=0.00 secs] 
2018-03-19T13:10:36.593+0530: 3571.695: [GC (Allocation Failure) [PSYoungGen: 173664K->64K(174080K)] 288852K->115276K(523776K), 0.0013823 secs] [Times: user=0.00 sys=0.00, real=0.00 secs] 
2018-03-19T13:10:36.897+0530: 3572.000: [GC (Allocation Failure) [PSYoungGen: 173632K->64K(174080K)] 288844K->115292K(523776K), 0.0014584 secs] [Times: user=0.00 sys=0.00, real=0.00 secs] 
2018-03-19T13:10:37.194+0530: 3572.296: [GC (Allocation Failure) [PSYoungGen: 173632K->96K(174080K)] 288860K->115348K(523776K), 0.0013438 secs] [Times: user=0.00 sys=0.00, real=0.00 secs] 
2018-03-19T13:10:37.498+0530: 3572.601: [GC (Allocation Failure) [PSYoungGen: 173664K->96K(174080K)] 288916K->115380K(523776K), 0.0013971 secs] [Times: user=0.00 sys=0.00, real=0.00 secs] 
2018-03-19T13:10:37.789+0530: 3572.891: [GC (Allocation Failure) [PSYoungGen: 173664K->64K(174080K)] 288948K->115372K(523776K), 0.0013315 secs] [Times: user=0.00 sys=0.00, real=0.00 secs] 
2018-03-19T13:10:38.087+0530: 3573.190: [GC (Allocation Failure) [PSYoungGen: 173632K->96K(174080K)] 288940K->115420K(523776K), 0.0014813 secs] [Times: user=0.06 sys=0.00, real=0.00 secs] 
2018-03-19T13:10:38.396+0530: 3573.499: [GC (Allocation Failure) [PSYoungGen: 173664K->64K(174080K)] 288988K->115420K(523776K), 0.0014627 secs] [Times: user=0.00 sys=0.00, real=0.00 secs] 
2018-03-19T13:10:38.696+0530: 3573.799: [GC (Allocation Failure) [PSYoungGen: 173632K->96K(174080K)] 288988K->115476K(523776K), 0.0013347 secs] [Times: user=0.00 sys=0.00, real=0.00 secs] 
2018-03-19T13:10:38.988+0530: 3574.091: [GC (Allocation Failure) [PSYoungGen: 173664K->96K(174080K)] 289044K->115500K(523776K), 0.0013160 secs] [Times: user=0.00 sys=0.00, real=0.00 secs] 
2018-03-19T13:10:39.275+0530: 3574.378: [GC (Allocation Failure) [PSYoungGen: 173664K->64K(174080K)] 289068K->115492K(523776K), 0.0012807 secs] [Times: user=0.00 sys=0.00, real=0.00 secs] 
2018-03-19T13:10:39.587+0530: 3574.690: [GC (Allocation Failure) [PSYoungGen: 173632K->96K(174080K)] 289060K->115540K(523776K), 0.0020709 secs] [Times: user=0.00 sys=0.02, real=0.00 secs] 
2018-03-19T13:10:39.942+0530: 3575.045: [GC (Allocation Failure) [PSYoungGen: 173664K->96K(174080K)] 289108K->115556K(523776K), 0.0015646 secs] [Times: user=0.00 sys=0.00, real=0.00 secs] 
2018-03-19T13:10:40.233+0530: 3575.336: [GC (Allocation Failure) [PSYoungGen: 173664K->96K(174080K)] 289124K->115580K(523776K), 0.0014895 secs] [Times: user=0.00 sys=0.00, real=0.00 secs] 
2018-03-19T13:10:40.537+0530: 3575.640: [GC (Allocation Failure) [PSYoungGen: 173664K->96K(174080K)] 289148K->115604K(523776K), 0.0012391 secs] [Times: user=0.00 sys=0.00, real=0.00 secs] 
2018-03-19T13:10:40.816+0530: 3575.919: [GC (Allocation Failure) [PSYoungGen: 173664K->64K(174080K)] 289172K->115604K(523776K), 0.0013607 secs] [Times: user=0.00 sys=0.00, real=0.00 secs] 
2018-03-19T13:10:41.135+0530: 3576.237: [GC (Allocation Failure) [PSYoungGen: 173632K->32K(174080K)] 289172K->115596K(523776K), 0.0014524 secs] [Times: user=0.00 sys=0.00, real=0.00 secs] 
2018-03-19T13:10:41.461+0530: 3576.564: [GC (Allocation Failure) [PSYoungGen: 173600K->96K(174080K)] 289164K->115692K(523776K), 0.0014859 secs] [Times: user=0.00 sys=0.00, real=0.00 secs] 
2018-03-19T13:10:41.787+0530: 3576.890: [GC (Allocation Failure) [PSYoungGen: 173664K->64K(174080K)] 289260K->115684K(523776K), 0.0016100 secs] [Times: user=0.00 sys=0.00, real=0.00 secs] 
2018-03-19T13:10:42.215+0530: 3577.317: [GC (Allocation Failure) [PSYoungGen: 173632K->64K(174080K)] 289252K->115700K(523776K), 0.0023914 secs] [Times: user=0.00 sys=0.00, real=0.00 secs] 
2018-03-19T13:10:42.584+0530: 3577.687: [GC (Allocation Failure) [PSYoungGen: 173632K->96K(174080K)] 289268K->115764K(523776K), 0.0014658 secs] [Times: user=0.00 sys=0.00, real=0.00 secs] 
2018-03-19T13:10:42.942+0530: 3578.045: [GC (Allocation Failure) [PSYoungGen: 173664K->64K(174080K)] 289332K->115756K(523776K), 0.0017811 secs] [Times: user=0.00 sys=0.00, real=0.00 secs] 
2018-03-19T13:10:43.846+0530: 3578.949: [GC (Allocation Failure) [PSYoungGen: 173632K->64K(174080K)] 289324K->115772K(523776K), 0.0038975 secs] [Times: user=0.00 sys=0.00, real=0.00 secs] 
2018-03-19T13:10:44.492+0530: 3579.595: [GC (Allocation Failure) [PSYoungGen: 173632K->64K(174080K)] 289340K->115796K(523776K), 0.0025124 secs] [Times: user=0.01 sys=0.00, real=0.00 secs] 
2018-03-19T13:10:45.213+0530: 3580.316: [GC (Allocation Failure) [PSYoungGen: 173632K->64K(174080K)] 289364K->115812K(523776K), 0.0025110 secs] [Times: user=0.00 sys=0.00, real=0.00 secs] 
2018-03-19T13:10:46.033+0530: 3581.136: [GC (Allocation Failure) [PSYoungGen: 173632K->64K(174080K)] 289380K->115828K(523776K), 0.0017352 secs] [Times: user=0.00 sys=0.00, real=0.00 secs] 
2018-03-19T13:10:46.576+0530: 3581.679: [GC (Allocation Failure) [PSYoungGen: 173632K->64K(174080K)] 289396K->115844K(523776K), 0.0017070 secs] [Times: user=0.00 sys=0.00, real=0.00 secs] 
2018-03-19T13:10:47.137+0530: 3582.239: [GC (Allocation Failure) [PSYoungGen: 173632K->32K(174080K)] 289412K->115828K(523776K), 0.0015695 secs] [Times: user=0.00 sys=0.00, real=0.00 secs] 
2018-03-19T13:10:47.528+0530: 3582.630: [GC (Allocation Failure) [PSYoungGen: 173600K->64K(174080K)] 289396K->115876K(523776K), 0.0015261 secs] [Times: user=0.00 sys=0.00, real=0.00 secs] 
2018-03-19T13:10:48.064+0530: 3583.168: [GC (Allocation Failure) [PSYoungGen: 173632K->96K(174080K)] 289444K->115932K(523776K), 0.0010483 secs] [Times: user=0.00 sys=0.00, real=0.00 secs] 
2018-03-19T13:10:48.474+0530: 3583.578: [GC (Allocation Failure) [PSYoungGen: 173664K->32K(174080K)] 289500K->115884K(523776K), 0.0011661 secs] [Times: user=0.00 sys=0.00, real=0.00 secs] 
2018-03-19T13:10:48.803+0530: 3583.906: [GC (Allocation Failure) [PSYoungGen: 173600K->96K(174080K)] 289452K->115964K(523776K), 0.0013801 secs] [Times: user=0.00 sys=0.00, real=0.00 secs] 
2018-03-19T13:10:49.103+0530: 3584.206: [GC (Allocation Failure) [PSYoungGen: 173664K->64K(174080K)] 289532K->115948K(523776K), 0.0022448 secs] [Times: user=0.00 sys=0.00, real=0.00 secs] 
2018-03-19T13:10:49.584+0530: 3584.687: [GC (Allocation Failure) [PSYoungGen: 173632K->96K(174080K)] 289516K->116004K(523776K), 0.0017271 secs] [Times: user=0.00 sys=0.00, real=0.00 secs] 
2018-03-19T13:10:49.995+0530: 3585.099: [GC (Allocation Failure) [PSYoungGen: 173664K->64K(174080K)] 289572K->115988K(523776K), 0.0015215 secs] [Times: user=0.00 sys=0.00, real=0.00 secs] 
2018-03-19T13:10:50.329+0530: 3585.432: [GC (Allocation Failure) [PSYoungGen: 173632K->64K(174080K)] 289556K->116012K(523776K), 0.0016213 secs] [Times: user=0.00 sys=0.00, real=0.00 secs] 
2018-03-19T13:10:50.847+0530: 3585.950: [GC (Allocation Failure) [PSYoungGen: 173632K->64K(174080K)] 289580K->116036K(523776K), 0.0022028 secs] [Times: user=0.00 sys=0.00, real=0.00 secs] 
2018-03-19T13:10:51.539+0530: 3586.642: [GC (Allocation Failure) [PSYoungGen: 173632K->64K(174080K)] 289604K->116052K(523776K), 0.0015639 secs] [Times: user=0.00 sys=0.00, real=0.00 secs] 
2018-03-19T13:10:51.968+0530: 3587.072: [GC (Allocation Failure) [PSYoungGen: 173632K->128K(174080K)] 289620K->116140K(523776K), 0.0015321 secs] [Times: user=0.00 sys=0.00, real=0.00 secs] 
2018-03-19T13:10:52.387+0530: 3587.490: [GC (Allocation Failure) [PSYoungGen: 173696K->64K(174080K)] 289708K->116108K(523776K), 0.0016185 secs] [Times: user=0.00 sys=0.00, real=0.00 secs] 
2018-03-19T13:10:52.734+0530: 3587.837: [GC (Allocation Failure) [PSYoungGen: 173632K->96K(174080K)] 289676K->116156K(523776K), 0.0014115 secs] [Times: user=0.00 sys=0.00, real=0.00 secs] 
2018-03-19T13:10:53.131+0530: 3588.234: [GC (Allocation Failure) [PSYoungGen: 173664K->96K(174080K)] 289724K->116188K(523776K), 0.0016330 secs] [Times: user=0.00 sys=0.00, real=0.00 secs] 
2018-03-19T13:10:53.580+0530: 3588.684: [GC (Allocation Failure) [PSYoungGen: 173664K->96K(174080K)] 289756K->116212K(523776K), 0.0014232 secs] [Times: user=0.00 sys=0.00, real=0.00 secs] 
2018-03-19T13:10:53.928+0530: 3589.031: [GC (Allocation Failure) [PSYoungGen: 173664K->96K(174080K)] 289780K->116236K(523776K), 0.0017571 secs] [Times: user=0.00 sys=0.00, real=0.00 secs] 
2018-03-19T13:10:54.243+0530: 3589.346: [GC (Allocation Failure) [PSYoungGen: 173664K->96K(174080K)] 289804K->116268K(523776K), 0.0014937 secs] [Times: user=0.06 sys=0.00, real=0.00 secs] 
2018-03-19T13:10:54.574+0530: 3589.676: [GC (Allocation Failure) [PSYoungGen: 173664K->128K(174080K)] 289836K->116324K(523776K), 0.0015163 secs] [Times: user=0.00 sys=0.00, real=0.00 secs] 
2018-03-19T13:10:54.916+0530: 3590.019: [GC (Allocation Failure) [PSYoungGen: 173696K->64K(174080K)] 289892K->116292K(523776K), 0.0016502 secs] [Times: user=0.00 sys=0.00, real=0.00 secs] 
2018-03-19T13:10:55.229+0530: 3590.332: [GC (Allocation Failure) [PSYoungGen: 173632K->96K(174080K)] 289860K->116348K(523776K), 0.0013354 secs] [Times: user=0.00 sys=0.00, real=0.00 secs] 
2018-03-19T13:10:55.534+0530: 3590.637: [GC (Allocation Failure) [PSYoungGen: 173664K->96K(174080K)] 289916K->116372K(523776K), 0.0015356 secs] [Times: user=0.00 sys=0.00, real=0.00 secs] 
2018-03-19T13:10:55.854+0530: 3590.956: [GC (Allocation Failure) [PSYoungGen: 173664K->96K(174080K)] 289940K->116396K(523776K), 0.0015039 secs] [Times: user=0.00 sys=0.00, real=0.00 secs] 
2018-03-19T13:10:56.154+0530: 3591.257: [GC (Allocation Failure) [PSYoungGen: 173664K->64K(174080K)] 289964K->116380K(523776K), 0.0018061 secs] [Times: user=0.00 sys=0.00, real=0.00 secs] 
2018-03-19T13:10:56.472+0530: 3591.574: [GC (Allocation Failure) [PSYoungGen: 173632K->64K(174080K)] 289948K->116396K(523776K), 0.0021418 secs] [Times: user=0.00 sys=0.00, real=0.00 secs] 
2018-03-19T13:10:56.971+0530: 3592.073: [GC (Allocation Failure) [PSYoungGen: 173632K->96K(174080K)] 289964K->116460K(523776K), 0.0012525 secs] [Times: user=0.00 sys=0.00, real=0.00 secs] 
2018-03-19T13:10:57.445+0530: 3592.548: [GC (Allocation Failure) [PSYoungGen: 173664K->96K(174080K)] 290028K->116484K(523776K), 0.0012655 secs] [Times: user=0.00 sys=0.00, real=0.00 secs] 
2018-03-19T13:10:57.989+0530: 3593.093: [GC (Allocation Failure) [PSYoungGen: 173664K->96K(174080K)] 290052K->116500K(523776K), 0.0014976 secs] [Times: user=0.00 sys=0.00, real=0.00 secs] 
2018-03-19T13:10:58.385+0530: 3593.488: [GC (Allocation Failure) [PSYoungGen: 173664K->64K(174080K)] 290068K->116484K(523776K), 0.0022307 secs] [Times: user=0.00 sys=0.00, real=0.00 secs] 
2018-03-19T13:10:58.792+0530: 3593.894: [GC (Allocation Failure) [PSYoungGen: 173632K->64K(174080K)] 290052K->116508K(523776K), 0.0014277 secs] [Times: user=0.00 sys=0.00, real=0.00 secs] 
2018-03-19T13:10:59.153+0530: 3594.256: [GC (Allocation Failure) [PSYoungGen: 173632K->96K(174080K)] 290076K->116564K(523776K), 0.0015508 secs] [Times: user=0.00 sys=0.00, real=0.00 secs] 
2018-03-19T13:10:59.499+0530: 3594.602: [GC (Allocation Failure) [PSYoungGen: 173664K->64K(174080K)] 290132K->116564K(523776K), 0.0013276 secs] [Times: user=0.00 sys=0.00, real=0.00 secs] 
2018-03-19T13:10:59.881+0530: 3594.984: [GC (Allocation Failure) [PSYoungGen: 173632K->96K(174080K)] 290132K->116612K(523776K), 0.0016492 secs] [Times: user=0.00 sys=0.00, real=0.00 secs] 
2018-03-19T13:11:00.272+0530: 3595.375: [GC (Allocation Failure) [PSYoungGen: 173664K->64K(174080K)] 290180K->116596K(523776K), 0.0019718 secs] [Times: user=0.00 sys=0.00, real=0.00 secs] 
2018-03-19T13:11:00.616+0530: 3595.718: [GC (Allocation Failure) [PSYoungGen: 173632K->128K(174080K)] 290164K->116684K(523776K), 0.0016806 secs] [Times: user=0.00 sys=0.00, real=0.00 secs] 
2018-03-19T13:11:00.919+0530: 3596.023: [GC (Allocation Failure) [PSYoungGen: 173696K->96K(174080K)] 290252K->116676K(523776K), 0.0014401 secs] [Times: user=0.00 sys=0.00, real=0.00 secs] 
2018-03-19T13:11:01.220+0530: 3596.323: [GC (Allocation Failure) [PSYoungGen: 173664K->64K(174080K)] 290244K->116660K(523776K), 0.0019976 secs] [Times: user=0.00 sys=0.00, real=0.00 secs] 
2018-03-19T13:11:01.637+0530: 3596.740: [GC (Allocation Failure) [PSYoungGen: 173632K->96K(174080K)] 290228K->116708K(523776K), 0.0017627 secs] [Times: user=0.00 sys=0.00, real=0.00 secs] 
2018-03-19T13:11:01.970+0530: 3597.073: [GC (Allocation Failure) [PSYoungGen: 173664K->96K(174080K)] 290276K->116732K(523776K), 0.0014965 secs] [Times: user=0.00 sys=0.00, real=0.00 secs] 
2018-03-19T13:11:02.295+0530: 3597.398: [GC (Allocation Failure) [PSYoungGen: 173664K->64K(174080K)] 290300K->116716K(523776K), 0.0013463 secs] [Times: user=0.00 sys=0.00, real=0.00 secs] 
2018-03-19T13:11:02.624+0530: 3597.728: [GC (Allocation Failure) [PSYoungGen: 173632K->96K(174080K)] 290284K->116764K(523776K), 0.0013406 secs] [Times: user=0.00 sys=0.00, real=0.00 secs] 
2018-03-19T13:11:02.933+0530: 3598.036: [GC (Allocation Failure) [PSYoungGen: 173664K->64K(174080K)] 290332K->116748K(523776K), 0.0017645 secs] [Times: user=0.00 sys=0.00, real=0.00 secs] 
2018-03-19T13:11:03.323+0530: 3598.427: [GC (Allocation Failure) [PSYoungGen: 173632K->96K(174080K)] 290316K->116796K(523776K), 0.0014891 secs] [Times: user=0.00 sys=0.00, real=0.00 secs] 
2018-03-19T13:11:03.686+0530: 3598.789: [GC (Allocation Failure) [PSYoungGen: 173664K->96K(174080K)] 290364K->116812K(523776K), 0.0015441 secs] [Times: user=0.00 sys=0.00, real=0.00 secs] 
2018-03-19T13:11:04.009+0530: 3599.112: [GC (Allocation Failure) [PSYoungGen: 173664K->96K(174080K)] 290380K->116836K(523776K), 0.0015226 secs] [Times: user=0.00 sys=0.00, real=0.00 secs] 
2018-03-19T13:11:04.315+0530: 3599.417: [GC (Allocation Failure) [PSYoungGen: 173664K->96K(174080K)] 290404K->116852K(523776K), 0.0016859 secs] [Times: user=0.00 sys=0.00, real=0.00 secs] 
2018-03-19T13:11:04.649+0530: 3599.752: [GC (Allocation Failure) [PSYoungGen: 173664K->32K(174080K)] 290420K->116812K(523776K), 0.0021735 secs] [Times: user=0.00 sys=0.00, real=0.00 secs] 
2018-03-19T13:11:04.972+0530: 3600.076: [GC (Allocation Failure) [PSYoungGen: 173600K->64K(174080K)] 290380K->116868K(523776K), 0.0015194 secs] [Times: user=0.00 sys=0.00, real=0.00 secs] 
2018-03-19T13:11:05.330+0530: 3600.432: [GC (Allocation Failure) [PSYoungGen: 173632K->96K(174080K)] 290436K->116932K(523776K), 0.0015462 secs] [Times: user=0.00 sys=0.00, real=0.00 secs] 
2018-03-19T13:11:05.653+0530: 3600.756: [GC (Allocation Failure) [PSYoungGen: 173664K->96K(174080K)] 290500K->116948K(523776K), 0.0020173 secs] [Times: user=0.00 sys=0.00, real=0.00 secs] 
2018-03-19T13:11:05.981+0530: 3601.084: [GC (Allocation Failure) [PSYoungGen: 173664K->96K(174080K)] 290516K->116980K(523776K), 0.0015864 secs] [Times: user=0.00 sys=0.00, real=0.00 secs] 
2018-03-19T13:11:06.302+0530: 3601.405: [GC (Allocation Failure) [PSYoungGen: 173664K->32K(174080K)] 290548K->116932K(523776K), 0.0016238 secs] [Times: user=0.00 sys=0.00, real=0.00 secs] 
2018-03-19T13:11:06.619+0530: 3601.722: [GC (Allocation Failure) [PSYoungGen: 173600K->96K(174080K)] 290500K->117028K(523776K), 0.0015501 secs] [Times: user=0.00 sys=0.00, real=0.00 secs] 
2018-03-19T13:11:06.919+0530: 3602.022: [GC (Allocation Failure) [PSYoungGen: 173664K->96K(174080K)] 290596K->117044K(523776K), 0.0016721 secs] [Times: user=0.00 sys=0.00, real=0.00 secs] 
2018-03-19T13:11:07.240+0530: 3602.343: [GC (Allocation Failure) [PSYoungGen: 173664K->96K(174080K)] 290612K->117060K(523776K), 0.0014658 secs] [Times: user=0.00 sys=0.00, real=0.00 secs] 
2018-03-19T13:11:07.582+0530: 3602.684: [GC (Allocation Failure) [PSYoungGen: 173664K->32K(174080K)] 290628K->117020K(523776K), 0.0015152 secs] [Times: user=0.00 sys=0.00, real=0.00 secs] 
2018-03-19T13:11:07.915+0530: 3603.017: [GC (Allocation Failure) [PSYoungGen: 173600K->96K(174080K)] 290588K->117100K(523776K), 0.0014295 secs] [Times: user=0.02 sys=0.00, real=0.00 secs] 
2018-03-19T13:11:08.238+0530: 3603.341: [GC (Allocation Failure) [PSYoungGen: 173664K->96K(174080K)] 290668K->117124K(523776K), 0.0013523 secs] [Times: user=0.00 sys=0.00, real=0.00 secs] 
2018-03-19T13:11:08.569+0530: 3603.672: [GC (Allocation Failure) [PSYoungGen: 173664K->64K(174080K)] 290692K->117108K(523776K), 0.0015297 secs] [Times: user=0.00 sys=0.00, real=0.00 secs] 
2018-03-19T13:11:08.968+0530: 3604.071: [GC (Allocation Failure) [PSYoungGen: 173632K->96K(174080K)] 290676K->117156K(523776K), 0.0014528 secs] [Times: user=0.00 sys=0.00, real=0.00 secs] 
2018-03-19T13:11:09.267+0530: 3604.371: [GC (Allocation Failure) [PSYoungGen: 173664K->96K(174080K)] 290724K->117180K(523776K), 0.0014066 secs] [Times: user=0.00 sys=0.00, real=0.00 secs] 
2018-03-19T13:11:09.566+0530: 3604.669: [GC (Allocation Failure) [PSYoungGen: 173664K->96K(174080K)] 290748K->117204K(523776K), 0.0013981 secs] [Times: user=0.00 sys=0.00, real=0.00 secs] 
2018-03-19T13:11:09.869+0530: 3604.971: [GC (Allocation Failure) [PSYoungGen: 173664K->96K(174080K)] 290772K->117236K(523776K), 0.0013992 secs] [Times: user=0.00 sys=0.00, real=0.00 secs] 
2018-03-19T13:11:10.192+0530: 3605.295: [GC (Allocation Failure) [PSYoungGen: 173664K->96K(174080K)] 290804K->117260K(523776K), 0.0012511 secs] [Times: user=0.00 sys=0.00, real=0.00 secs] 
2018-03-19T13:11:10.638+0530: 3605.741: [GC (Allocation Failure) [PSYoungGen: 173664K->96K(174080K)] 290828K->117284K(523776K), 0.0014715 secs] [Times: user=0.00 sys=0.00, real=0.00 secs] 
2018-03-19T13:11:10.941+0530: 3606.044: [GC (Allocation Failure) [PSYoungGen: 173664K->96K(174080K)] 290852K->117316K(523776K), 0.0013844 secs] [Times: user=0.00 sys=0.00, real=0.00 secs] 
2018-03-19T13:11:11.238+0530: 3606.341: [GC (Allocation Failure) [PSYoungGen: 173664K->64K(174080K)] 290884K->117316K(523776K), 0.0013414 secs] [Times: user=0.00 sys=0.00, real=0.00 secs] 
2018-03-19T13:11:11.758+0530: 3606.860: [GC (Allocation Failure) [PSYoungGen: 173632K->96K(174080K)] 290884K->117380K(523776K), 0.0014940 secs] [Times: user=0.02 sys=0.00, real=0.00 secs] 
2018-03-19T13:11:12.063+0530: 3607.166: [GC (Allocation Failure) [PSYoungGen: 173664K->64K(174080K)] 290948K->117364K(523776K), 0.0014362 secs] [Times: user=0.00 sys=0.00, real=0.00 secs] 
2018-03-19T13:11:12.569+0530: 3607.672: [GC (Allocation Failure) [PSYoungGen: 173632K->96K(174080K)] 290932K->117428K(523776K), 0.0015399 secs] [Times: user=0.00 sys=0.00, real=0.00 secs] 
2018-03-19T13:11:12.859+0530: 3607.962: [GC (Allocation Failure) [PSYoungGen: 173664K->96K(174080K)] 290996K->117444K(523776K), 0.0014348 secs] [Times: user=0.00 sys=0.00, real=0.00 secs] 
2018-03-19T13:11:13.169+0530: 3608.272: [GC (Allocation Failure) [PSYoungGen: 173664K->96K(174080K)] 291012K->117476K(523776K), 0.0013488 secs] [Times: user=0.00 sys=0.00, real=0.00 secs] 
2018-03-19T13:11:13.773+0530: 3608.876: [GC (Allocation Failure) [PSYoungGen: 173664K->64K(174080K)] 291044K->117460K(523776K), 0.0025402 secs] [Times: user=0.02 sys=0.00, real=0.00 secs] 
2018-03-19T13:11:14.174+0530: 3609.277: [GC (Allocation Failure) [PSYoungGen: 173632K->96K(174080K)] 291028K->117516K(523776K), 0.0014665 secs] [Times: user=0.00 sys=0.00, real=0.00 secs] 
2018-03-19T13:11:14.498+0530: 3609.601: [GC (Allocation Failure) [PSYoungGen: 173664K->64K(174080K)] 291084K->117508K(523776K), 0.0014143 secs] [Times: user=0.00 sys=0.00, real=0.00 secs] 
2018-03-19T13:11:14.857+0530: 3609.960: [GC (Allocation Failure) [PSYoungGen: 173632K->64K(174080K)] 291076K->117540K(523776K), 0.0016037 secs] [Times: user=0.00 sys=0.00, real=0.00 secs] 
2018-03-19T13:11:15.210+0530: 3610.312: [GC (Allocation Failure) [PSYoungGen: 173632K->64K(174080K)] 291108K->117564K(523776K), 0.0015293 secs] [Times: user=0.00 sys=0.00, real=0.00 secs] 
2018-03-19T13:11:15.524+0530: 3610.626: [GC (Allocation Failure) [PSYoungGen: 173632K->64K(174080K)] 291132K->117580K(523776K), 0.0015420 secs] [Times: user=0.00 sys=0.00, real=0.00 secs] 
2018-03-19T13:11:15.875+0530: 3610.978: [GC (Allocation Failure) [PSYoungGen: 173632K->96K(174080K)] 291148K->117644K(523776K), 0.0015074 secs] [Times: user=0.00 sys=0.00, real=0.00 secs] 
2018-03-19T13:11:16.203+0530: 3611.306: [GC (Allocation Failure) [PSYoungGen: 173664K->32K(174080K)] 291212K->117604K(523776K), 0.0016492 secs] [Times: user=0.00 sys=0.00, real=0.00 secs] 
2018-03-19T13:11:16.510+0530: 3611.613: [GC (Allocation Failure) [PSYoungGen: 173600K->64K(174080K)] 291172K->117668K(523776K), 0.0015342 secs] [Times: user=0.00 sys=0.00, real=0.00 secs] 
2018-03-19T13:11:16.968+0530: 3612.071: [GC (Allocation Failure) [PSYoungGen: 173632K->96K(174080K)] 291236K->117724K(523776K), 0.0014986 secs] [Times: user=0.00 sys=0.00, real=0.00 secs] 
2018-03-19T13:11:17.268+0530: 3612.371: [GC (Allocation Failure) [PSYoungGen: 173664K->64K(174080K)] 291292K->117716K(523776K), 0.0013438 secs] [Times: user=0.00 sys=0.00, real=0.00 secs] 
2018-03-19T13:11:17.576+0530: 3612.679: [GC (Allocation Failure) [PSYoungGen: 173632K->64K(174080K)] 291284K->117748K(523776K), 0.0020279 secs] [Times: user=0.00 sys=0.00, real=0.00 secs] 
2018-03-19T13:11:17.888+0530: 3612.991: [GC (Allocation Failure) [PSYoungGen: 173632K->96K(174080K)] 291316K->117796K(523776K), 0.0015526 secs] [Times: user=0.00 sys=0.00, real=0.00 secs] 
2018-03-19T13:11:18.190+0530: 3613.293: [GC (Allocation Failure) [PSYoungGen: 173664K->96K(174080K)] 291364K->117820K(523776K), 0.0015543 secs] [Times: user=0.00 sys=0.00, real=0.00 secs] 
2018-03-19T13:11:18.492+0530: 3613.595: [GC (Allocation Failure) [PSYoungGen: 173664K->96K(174080K)] 291388K->117836K(523776K), 0.0013325 secs] [Times: user=0.00 sys=0.00, real=0.00 secs] 
2018-03-19T13:11:18.786+0530: 3613.889: [GC (Allocation Failure) [PSYoungGen: 173664K->96K(174080K)] 291404K->117868K(523776K), 0.0015233 secs] [Times: user=0.00 sys=0.00, real=0.00 secs] 
2018-03-19T13:11:19.103+0530: 3614.206: [GC (Allocation Failure) [PSYoungGen: 173664K->96K(174080K)] 291436K->117900K(523776K), 0.0015170 secs] [Times: user=0.00 sys=0.00, real=0.00 secs] 
2018-03-19T13:11:19.412+0530: 3614.515: [GC (Allocation Failure) [PSYoungGen: 173664K->96K(174080K)] 291468K->117916K(523776K), 0.0014468 secs] [Times: user=0.00 sys=0.00, real=0.00 secs] 
2018-03-19T13:11:19.728+0530: 3614.831: [GC (Allocation Failure) [PSYoungGen: 173664K->32K(174080K)] 291484K->117876K(523776K), 0.0018093 secs] [Times: user=0.00 sys=0.00, real=0.00 secs] 
2018-03-19T13:11:20.276+0530: 3615.379: [GC (Allocation Failure) [PSYoungGen: 173600K->64K(174080K)] 291444K->117932K(523776K), 0.0016309 secs] [Times: user=0.00 sys=0.00, real=0.00 secs] 
2018-03-19T13:11:20.652+0530: 3615.755: [GC (Allocation Failure) [PSYoungGen: 173632K->96K(174080K)] 291500K->117996K(523776K), 0.0019031 secs] [Times: user=0.00 sys=0.00, real=0.00 secs] 
2018-03-19T13:11:21.175+0530: 3616.278: [GC (Allocation Failure) [PSYoungGen: 173664K->96K(174080K)] 291564K->118028K(523776K), 0.0014683 secs] [Times: user=0.00 sys=0.00, real=0.00 secs] 
2018-03-19T13:11:21.520+0530: 3616.622: [GC (Allocation Failure) [PSYoungGen: 173664K->96K(174080K)] 291596K->118060K(523776K), 0.0016213 secs] [Times: user=0.00 sys=0.00, real=0.00 secs] 
2018-03-19T13:11:21.874+0530: 3616.977: [GC (Allocation Failure) [PSYoungGen: 173664K->64K(174080K)] 291628K->118044K(523776K), 0.0016753 secs] [Times: user=0.00 sys=0.00, real=0.00 secs] 
2018-03-19T13:11:22.265+0530: 3617.368: [GC (Allocation Failure) [PSYoungGen: 173632K->96K(174080K)] 291612K->118092K(523776K), 0.0015579 secs] [Times: user=0.00 sys=0.00, real=0.00 secs] 
2018-03-19T13:11:22.607+0530: 3617.709: [GC (Allocation Failure) [PSYoungGen: 173664K->96K(174080K)] 291660K->118108K(523776K), 0.0015335 secs] [Times: user=0.00 sys=0.00, real=0.00 secs] 
2018-03-19T13:11:22.919+0530: 3618.022: [GC (Allocation Failure) [PSYoungGen: 173664K->64K(174080K)] 291676K->118100K(523776K), 0.0013629 secs] [Times: user=0.00 sys=0.00, real=0.00 secs] 
2018-03-19T13:11:23.230+0530: 3618.333: [GC (Allocation Failure) [PSYoungGen: 173632K->64K(174080K)] 291668K->118124K(523776K), 0.0015677 secs] [Times: user=0.00 sys=0.00, real=0.00 secs] 
2018-03-19T13:11:23.594+0530: 3618.697: [GC (Allocation Failure) [PSYoungGen: 173632K->96K(174080K)] 291692K->118180K(523776K), 0.0014662 secs] [Times: user=0.00 sys=0.00, real=0.00 secs] 
2018-03-19T13:11:23.937+0530: 3619.039: [GC (Allocation Failure) [PSYoungGen: 173664K->96K(174080K)] 291748K->118196K(523776K), 0.0015096 secs] [Times: user=0.00 sys=0.00, real=0.00 secs] 
2018-03-19T13:11:24.242+0530: 3619.345: [GC (Allocation Failure) [PSYoungGen: 173664K->64K(174080K)] 291764K->118196K(523776K), 0.0013385 secs] [Times: user=0.02 sys=0.00, real=0.00 secs] 
2018-03-19T13:11:24.555+0530: 3619.657: [GC (Allocation Failure) [PSYoungGen: 173632K->96K(174080K)] 291764K->118252K(523776K), 0.0013036 secs] [Times: user=0.01 sys=0.00, real=0.00 secs] 
2018-03-19T13:11:24.856+0530: 3619.959: [GC (Allocation Failure) [PSYoungGen: 173664K->64K(174080K)] 291820K->118236K(523776K), 0.0015977 secs] [Times: user=0.00 sys=0.00, real=0.00 secs] 
2018-03-19T13:11:25.176+0530: 3620.278: [GC (Allocation Failure) [PSYoungGen: 173632K->96K(174080K)] 291804K->118292K(523776K), 0.0017641 secs] [Times: user=0.00 sys=0.00, real=0.00 secs] 
2018-03-19T13:11:25.487+0530: 3620.590: [GC (Allocation Failure) [PSYoungGen: 173664K->96K(174080K)] 291860K->118308K(523776K), 0.0013223 secs] [Times: user=0.00 sys=0.00, real=0.00 secs] 
2018-03-19T13:11:25.786+0530: 3620.889: [GC (Allocation Failure) [PSYoungGen: 173664K->96K(174080K)] 291876K->118332K(523776K), 0.0016548 secs] [Times: user=0.00 sys=0.00, real=0.00 secs] 
2018-03-19T13:11:26.079+0530: 3621.182: [GC (Allocation Failure) [PSYoungGen: 173664K->96K(174080K)] 291900K->118356K(523776K), 0.0013551 secs] [Times: user=0.00 sys=0.00, real=0.00 secs] 
2018-03-19T13:11:26.417+0530: 3621.520: [GC (Allocation Failure) [PSYoungGen: 173664K->96K(174080K)] 291924K->118388K(523776K), 0.0014574 secs] [Times: user=0.00 sys=0.00, real=0.00 secs] 
2018-03-19T13:11:26.715+0530: 3621.818: [GC (Allocation Failure) [PSYoungGen: 173664K->96K(174080K)] 291956K->118412K(523776K), 0.0015526 secs] [Times: user=0.00 sys=0.00, real=0.00 secs] 
2018-03-19T13:11:27.025+0530: 3622.128: [GC (Allocation Failure) [PSYoungGen: 173664K->96K(174080K)] 291980K->118444K(523776K), 0.0014986 secs] [Times: user=0.00 sys=0.00, real=0.00 secs] 
2018-03-19T13:11:27.343+0530: 3622.446: [GC (Allocation Failure) [PSYoungGen: 173664K->96K(174080K)] 292012K->118468K(523776K), 0.0012289 secs] [Times: user=0.00 sys=0.00, real=0.00 secs] 
2018-03-19T13:11:27.653+0530: 3622.756: [GC (Allocation Failure) [PSYoungGen: 173664K->64K(174080K)] 292036K->118460K(523776K), 0.0014464 secs] [Times: user=0.00 sys=0.00, real=0.00 secs] 
2018-03-19T13:11:28.039+0530: 3623.142: [GC (Allocation Failure) [PSYoungGen: 173632K->96K(174080K)] 292028K->118524K(523776K), 0.0015268 secs] [Times: user=0.00 sys=0.00, real=0.00 secs] 
2018-03-19T13:11:28.335+0530: 3623.438: [GC (Allocation Failure) [PSYoungGen: 173664K->96K(174080K)] 292092K->118548K(523776K), 0.0013579 secs] [Times: user=0.00 sys=0.00, real=0.00 secs] 
2018-03-19T13:11:28.631+0530: 3623.734: [GC (Allocation Failure) [PSYoungGen: 173664K->96K(174080K)] 292116K->118572K(523776K), 0.0015124 secs] [Times: user=0.00 sys=0.00, real=0.00 secs] 
2018-03-19T13:11:28.927+0530: 3624.030: [GC (Allocation Failure) [PSYoungGen: 173664K->96K(174080K)] 292140K->118596K(523776K), 0.0013523 secs] [Times: user=0.00 sys=0.00, real=0.00 secs] 
2018-03-19T13:11:29.231+0530: 3624.334: [GC (Allocation Failure) [PSYoungGen: 173664K->96K(174080K)] 292164K->118612K(523776K), 0.0012715 secs] [Times: user=0.00 sys=0.00, real=0.00 secs] 
2018-03-19T13:11:29.528+0530: 3624.631: [GC (Allocation Failure) [PSYoungGen: 173664K->96K(174080K)] 292180K->118636K(523776K), 0.0015818 secs] [Times: user=0.00 sys=0.00, real=0.00 secs] 
2018-03-19T13:11:29.822+0530: 3624.925: [GC (Allocation Failure) [PSYoungGen: 173664K->96K(174080K)] 292204K->118652K(523776K), 0.0013354 secs] [Times: user=0.00 sys=0.00, real=0.00 secs] 
2018-03-19T13:11:30.114+0530: 3625.217: [GC (Allocation Failure) [PSYoungGen: 173664K->64K(174080K)] 292220K->118652K(523776K), 0.0014877 secs] [Times: user=0.00 sys=0.00, real=0.00 secs] 
2018-03-19T13:11:30.418+0530: 3625.521: [GC (Allocation Failure) [PSYoungGen: 173632K->96K(174080K)] 292220K->118708K(523776K), 0.0014362 secs] [Times: user=0.00 sys=0.00, real=0.00 secs] 
2018-03-19T13:11:30.757+0530: 3625.860: [GC (Allocation Failure) [PSYoungGen: 173664K->96K(174080K)] 292276K->118732K(523776K), 0.0013664 secs] [Times: user=0.00 sys=0.00, real=0.00 secs] 
2018-03-19T13:11:31.046+0530: 3626.149: [GC (Allocation Failure) [PSYoungGen: 173664K->32K(174080K)] 292300K->118692K(523776K), 0.0014627 secs] [Times: user=0.00 sys=0.00, real=0.00 secs] 
2018-03-19T13:11:31.352+0530: 3626.454: [GC (Allocation Failure) [PSYoungGen: 173600K->64K(174080K)] 292260K->118748K(523776K), 0.0013921 secs] [Times: user=0.02 sys=0.02, real=0.00 secs] 
2018-03-19T13:11:31.662+0530: 3626.765: [GC (Allocation Failure) [PSYoungGen: 173632K->96K(174080K)] 292316K->118812K(523776K), 0.0014457 secs] [Times: user=0.00 sys=0.00, real=0.00 secs] 
2018-03-19T13:11:31.972+0530: 3627.075: [GC (Allocation Failure) [PSYoungGen: 173664K->96K(174080K)] 292380K->118844K(523776K), 0.0014440 secs] [Times: user=0.00 sys=0.00, real=0.00 secs] 
2018-03-19T13:11:32.296+0530: 3627.399: [GC (Allocation Failure) [PSYoungGen: 173664K->64K(174080K)] 292412K->118836K(523776K), 0.0014151 secs] [Times: user=0.00 sys=0.00, real=0.00 secs] 
2018-03-19T13:11:32.598+0530: 3627.701: [GC (Allocation Failure) [PSYoungGen: 173632K->64K(174080K)] 292404K->118868K(523776K), 0.0012387 secs] [Times: user=0.00 sys=0.00, real=0.00 secs] 
2018-03-19T13:11:33.099+0530: 3628.202: [GC (Allocation Failure) [PSYoungGen: 173632K->96K(174080K)] 292436K->118916K(523776K), 0.0016287 secs] [Times: user=0.00 sys=0.00, real=0.00 secs] 
2018-03-19T13:11:33.869+0530: 3628.972: [GC (Allocation Failure) [PSYoungGen: 173664K->96K(174080K)] 292484K->118940K(523776K), 0.0025745 secs] [Times: user=0.00 sys=0.00, real=0.00 secs] 
2018-03-19T13:11:34.928+0530: 3630.031: [GC (Allocation Failure) [PSYoungGen: 173664K->64K(174080K)] 292508K->118924K(523776K), 0.0020244 secs] [Times: user=0.00 sys=0.00, real=0.00 secs] 
2018-03-19T13:11:35.890+0530: 3630.993: [GC (Allocation Failure) [PSYoungGen: 173632K->32K(174080K)] 292492K->118908K(523776K), 0.0027307 secs] [Times: user=0.00 sys=0.00, real=0.00 secs] 
2018-03-19T13:11:36.553+0530: 3631.656: [GC (Allocation Failure) [PSYoungGen: 173600K->96K(174080K)] 292476K->118988K(523776K), 0.0013442 secs] [Times: user=0.00 sys=0.00, real=0.00 secs] 
2018-03-19T13:11:37.236+0530: 3632.339: [GC (Allocation Failure) [PSYoungGen: 173664K->96K(174080K)] 292556K->119004K(523776K), 0.0015963 secs] [Times: user=0.00 sys=0.00, real=0.00 secs] 
2018-03-19T13:11:37.563+0530: 3632.666: [GC (Allocation Failure) [PSYoungGen: 173664K->96K(174080K)] 292572K->119036K(523776K), 0.0017691 secs] [Times: user=0.00 sys=0.00, real=0.00 secs] 
2018-03-19T13:11:38.057+0530: 3633.160: [GC (Allocation Failure) [PSYoungGen: 173664K->96K(174080K)] 292604K->119068K(523776K), 0.0018512 secs] [Times: user=0.00 sys=0.00, real=0.00 secs] 
2018-03-19T13:11:38.802+0530: 3633.905: [GC (Allocation Failure) [PSYoungGen: 173664K->96K(174080K)] 292636K->119092K(523776K), 0.0016957 secs] [Times: user=0.00 sys=0.00, real=0.00 secs] 
2018-03-19T13:11:39.198+0530: 3634.301: [GC (Allocation Failure) [PSYoungGen: 173664K->64K(174080K)] 292660K->119092K(523776K), 0.0027377 secs] [Times: user=0.00 sys=0.00, real=0.00 secs] 
2018-03-19T13:11:40.184+0530: 3635.287: [GC (Allocation Failure) [PSYoungGen: 173632K->64K(174080K)] 292660K->119108K(523776K), 0.0024923 secs] [Times: user=0.00 sys=0.00, real=0.00 secs] 
2018-03-19T13:11:41.023+0530: 3636.126: [GC (Allocation Failure) [PSYoungGen: 173632K->64K(174080K)] 292676K->119140K(523776K), 0.0020110 secs] [Times: user=0.02 sys=0.00, real=0.00 secs] 
2018-03-19T13:11:41.694+0530: 3636.796: [GC (Allocation Failure) [PSYoungGen: 173632K->96K(174080K)] 292708K->119188K(523776K), 0.0024320 secs] [Times: user=0.00 sys=0.00, real=0.00 secs] 
2018-03-19T13:11:42.410+0530: 3637.512: [GC (Allocation Failure) [PSYoungGen: 173664K->96K(174080K)] 292756K->119220K(523776K), 0.0028953 secs] [Times: user=0.00 sys=0.00, real=0.00 secs] 
2018-03-19T13:11:42.983+0530: 3638.086: [GC (Allocation Failure) [PSYoungGen: 173664K->64K(174080K)] 292788K->119204K(523776K), 0.0019637 secs] [Times: user=0.00 sys=0.00, real=0.00 secs] 
2018-03-19T13:11:43.527+0530: 3638.630: [GC (Allocation Failure) [PSYoungGen: 173632K->96K(174080K)] 292772K->119268K(523776K), 0.0018322 secs] [Times: user=0.00 sys=0.00, real=0.00 secs] 
2018-03-19T13:11:44.018+0530: 3639.122: [GC (Allocation Failure) [PSYoungGen: 173664K->96K(174080K)] 292836K->119292K(523776K), 0.0022081 secs] [Times: user=0.00 sys=0.00, real=0.00 secs] 
2018-03-19T13:11:44.461+0530: 3639.565: [GC (Allocation Failure) [PSYoungGen: 173664K->96K(174080K)] 292860K->119316K(523776K), 0.0019616 secs] [Times: user=0.06 sys=0.00, real=0.00 secs] 
2018-03-19T13:11:44.954+0530: 3640.057: [GC (Allocation Failure) [PSYoungGen: 173664K->96K(174080K)] 292884K->119348K(523776K), 0.0018315 secs] [Times: user=0.00 sys=0.00, real=0.00 secs] 
2018-03-19T13:11:45.397+0530: 3640.500: [GC (Allocation Failure) [PSYoungGen: 173664K->32K(174080K)] 292916K->119300K(523776K), 0.0023185 secs] [Times: user=0.00 sys=0.02, real=0.00 secs] 
2018-03-19T13:11:45.906+0530: 3641.008: [GC (Allocation Failure) [PSYoungGen: 173600K->64K(174080K)] 292868K->119364K(523776K), 0.0018918 secs] [Times: user=0.00 sys=0.00, real=0.00 secs] 
2018-03-19T13:11:46.362+0530: 3641.465: [GC (Allocation Failure) [PSYoungGen: 173632K->64K(174080K)] 292932K->119380K(523776K), 0.0043460 secs] [Times: user=0.00 sys=0.00, real=0.01 secs] 
2018-03-19T13:11:46.845+0530: 3641.948: [GC (Allocation Failure) [PSYoungGen: 173632K->128K(174080K)] 292948K->119460K(523776K), 0.0021524 secs] [Times: user=0.00 sys=0.00, real=0.00 secs] 
2018-03-19T13:11:47.321+0530: 3642.424: [GC (Allocation Failure) [PSYoungGen: 173696K->64K(174080K)] 293028K->119420K(523776K), 0.0019669 secs] [Times: user=0.00 sys=0.00, real=0.00 secs] 
2018-03-19T13:11:47.874+0530: 3642.976: [GC (Allocation Failure) [PSYoungGen: 173632K->96K(174080K)] 292988K->119468K(523776K), 0.0024383 secs] [Times: user=0.00 sys=0.00, real=0.00 secs] 
2018-03-19T13:11:48.344+0530: 3643.447: [GC (Allocation Failure) [PSYoungGen: 173664K->64K(174080K)] 293036K->119452K(523776K), 0.0038971 secs] [Times: user=0.00 sys=0.00, real=0.00 secs] 
2018-03-19T13:11:48.824+0530: 3643.926: [GC (Allocation Failure) [PSYoungGen: 173632K->64K(174080K)] 293020K->119468K(523776K), 0.0025491 secs] [Times: user=0.00 sys=0.00, real=0.00 secs] 
2018-03-19T13:11:49.277+0530: 3644.380: [GC (Allocation Failure) [PSYoungGen: 173632K->64K(174080K)] 293036K->119484K(523776K), 0.0031397 secs] [Times: user=0.00 sys=0.00, real=0.00 secs] 
2018-03-19T13:11:49.828+0530: 3644.931: [GC (Allocation Failure) [PSYoungGen: 173632K->96K(174080K)] 293052K->119540K(523776K), 0.0017042 secs] [Times: user=0.00 sys=0.00, real=0.00 secs] 
2018-03-19T13:11:50.204+0530: 3645.307: [GC (Allocation Failure) [PSYoungGen: 173664K->64K(174080K)] 293108K->119532K(523776K), 0.0017687 secs] [Times: user=0.00 sys=0.00, real=0.00 secs] 
2018-03-19T13:11:50.586+0530: 3645.689: [GC (Allocation Failure) [PSYoungGen: 173632K->64K(174080K)] 293100K->119548K(523776K), 0.0023692 secs] [Times: user=0.05 sys=0.00, real=0.00 secs] 
2018-03-19T13:11:51.004+0530: 3646.107: [GC (Allocation Failure) [PSYoungGen: 173632K->96K(174080K)] 293116K->119596K(523776K), 0.0019690 secs] [Times: user=0.00 sys=0.00, real=0.00 secs] 
2018-03-19T13:11:51.344+0530: 3646.446: [GC (Allocation Failure) [PSYoungGen: 173664K->64K(174080K)] 293164K->119588K(523776K), 0.0016728 secs] [Times: user=0.00 sys=0.00, real=0.00 secs] 
2018-03-19T13:11:51.666+0530: 3646.769: [GC (Allocation Failure) [PSYoungGen: 173632K->64K(174080K)] 293156K->119612K(523776K), 0.0016330 secs] [Times: user=0.00 sys=0.00, real=0.00 secs] 
2018-03-19T13:11:52.009+0530: 3647.112: [GC (Allocation Failure) [PSYoungGen: 173632K->96K(174080K)] 293180K->119668K(523776K), 0.0015050 secs] [Times: user=0.00 sys=0.00, real=0.00 secs] 
2018-03-19T13:11:52.318+0530: 3647.420: [GC (Allocation Failure) [PSYoungGen: 173664K->64K(174080K)] 293236K->119668K(523776K), 0.0015438 secs] [Times: user=0.00 sys=0.00, real=0.00 secs] 
2018-03-19T13:11:52.626+0530: 3647.728: [GC (Allocation Failure) [PSYoungGen: 173632K->64K(174080K)] 293236K->119692K(523776K), 0.0014884 secs] [Times: user=0.00 sys=0.00, real=0.00 secs] 
2018-03-19T13:11:52.917+0530: 3648.020: [GC (Allocation Failure) [PSYoungGen: 173632K->96K(174080K)] 293260K->119748K(523776K), 0.0013220 secs] [Times: user=0.00 sys=0.00, real=0.00 secs] 
2018-03-19T13:11:53.216+0530: 3648.320: [GC (Allocation Failure) [PSYoungGen: 173664K->96K(174080K)] 293316K->119772K(523776K), 0.0012959 secs] [Times: user=0.00 sys=0.00, real=0.00 secs] 
2018-03-19T13:11:53.518+0530: 3648.621: [GC (Allocation Failure) [PSYoungGen: 173664K->96K(174080K)] 293340K->119788K(523776K), 0.0015088 secs] [Times: user=0.00 sys=0.00, real=0.00 secs] 
2018-03-19T13:11:53.807+0530: 3648.910: [GC (Allocation Failure) [PSYoungGen: 173664K->96K(174080K)] 293356K->119812K(523776K), 0.0015184 secs] [Times: user=0.00 sys=0.00, real=0.00 secs] 
2018-03-19T13:11:54.107+0530: 3649.209: [GC (Allocation Failure) [PSYoungGen: 173664K->96K(174080K)] 293380K->119836K(523776K), 0.0015039 secs] [Times: user=0.00 sys=0.00, real=0.00 secs] 
2018-03-19T13:11:54.405+0530: 3649.508: [GC (Allocation Failure) [PSYoungGen: 173664K->64K(174080K)] 293404K->119828K(523776K), 0.0014761 secs] [Times: user=0.00 sys=0.00, real=0.00 secs] 
2018-03-19T13:11:54.698+0530: 3649.801: [GC (Allocation Failure) [PSYoungGen: 173632K->96K(174080K)] 293396K->119876K(523776K), 0.0013463 secs] [Times: user=0.00 sys=0.00, real=0.00 secs] 
2018-03-19T13:11:54.981+0530: 3650.084: [GC (Allocation Failure) [PSYoungGen: 173664K->96K(174080K)] 293444K->119892K(523776K), 0.0013618 secs] [Times: user=0.00 sys=0.00, real=0.00 secs] 
2018-03-19T13:11:55.258+0530: 3650.361: [GC (Allocation Failure) [PSYoungGen: 173664K->96K(174080K)] 293460K->119916K(523776K), 0.0014912 secs] [Times: user=0.00 sys=0.00, real=0.00 secs] 
2018-03-19T13:11:55.560+0530: 3650.664: [GC (Allocation Failure) [PSYoungGen: 173664K->96K(174080K)] 293484K->119948K(523776K), 0.0012310 secs] [Times: user=0.00 sys=0.00, real=0.00 secs] 
2018-03-19T13:11:55.904+0530: 3651.007: [GC (Allocation Failure) [PSYoungGen: 173664K->32K(174080K)] 293516K->119900K(523776K), 0.0016340 secs] [Times: user=0.00 sys=0.00, real=0.00 secs] 
2018-03-19T13:11:56.243+0530: 3651.346: [GC (Allocation Failure) [PSYoungGen: 173600K->64K(174080K)] 293468K->119956K(523776K), 0.0015508 secs] [Times: user=0.00 sys=0.00, real=0.00 secs] 
2018-03-19T13:11:56.534+0530: 3651.636: [GC (Allocation Failure) [PSYoungGen: 173632K->96K(174080K)] 293524K->120012K(523776K), 0.0013851 secs] [Times: user=0.00 sys=0.00, real=0.00 secs] 
2018-03-19T13:11:56.818+0530: 3651.921: [GC (Allocation Failure) [PSYoungGen: 173664K->64K(174080K)] 293580K->120004K(523776K), 0.0012807 secs] [Times: user=0.00 sys=0.00, real=0.01 secs] 
2018-03-19T13:11:57.156+0530: 3652.259: [GC (Allocation Failure) [PSYoungGen: 173632K->96K(174080K)] 293572K->120068K(523776K), 0.0015582 secs] [Times: user=0.00 sys=0.00, real=0.00 secs] 
2018-03-19T13:11:57.446+0530: 3652.549: [GC (Allocation Failure) [PSYoungGen: 173664K->64K(174080K)] 293636K->120060K(523776K), 0.0014602 secs] [Times: user=0.06 sys=0.00, real=0.00 secs] 
2018-03-19T13:11:57.725+0530: 3652.828: [GC (Allocation Failure) [PSYoungGen: 173632K->96K(174080K)] 293628K->120124K(523776K), 0.0012849 secs] [Times: user=0.00 sys=0.00, real=0.00 secs] 
2018-03-19T13:11:58.011+0530: 3653.114: [GC (Allocation Failure) [PSYoungGen: 173664K->96K(174080K)] 293692K->120148K(523776K), 0.0014447 secs] [Times: user=0.00 sys=0.00, real=0.00 secs] 
2018-03-19T13:11:58.319+0530: 3653.423: [GC (Allocation Failure) [PSYoungGen: 173664K->64K(174080K)] 293716K->120132K(523776K), 0.0017857 secs] [Times: user=0.02 sys=0.00, real=0.00 secs] 
2018-03-19T13:11:58.636+0530: 3653.739: [GC (Allocation Failure) [PSYoungGen: 173632K->64K(174080K)] 293700K->120156K(523776K), 0.0013170 secs] [Times: user=0.00 sys=0.00, real=0.00 secs] 
2018-03-19T13:11:58.926+0530: 3654.029: [GC (Allocation Failure) [PSYoungGen: 173632K->96K(174080K)] 293724K->120212K(523776K), 0.0013600 secs] [Times: user=0.00 sys=0.00, real=0.00 secs] 
2018-03-19T13:11:59.210+0530: 3654.313: [GC (Allocation Failure) [PSYoungGen: 173664K->96K(174080K)] 293780K->120236K(523776K), 0.0014433 secs] [Times: user=0.00 sys=0.00, real=0.00 secs] 
2018-03-19T13:11:59.514+0530: 3654.617: [GC (Allocation Failure) [PSYoungGen: 173664K->64K(174080K)] 293804K->120220K(523776K), 0.0014531 secs] [Times: user=0.00 sys=0.00, real=0.00 secs] 
2018-03-19T13:11:59.878+0530: 3654.981: [GC (Allocation Failure) [PSYoungGen: 173632K->96K(174080K)] 293788K->120268K(523776K), 0.0014277 secs] [Times: user=0.00 sys=0.00, real=0.00 secs] 
2018-03-19T13:12:00.185+0530: 3655.288: [GC (Allocation Failure) [PSYoungGen: 173664K->64K(174080K)] 293836K->120268K(523776K), 0.0016361 secs] [Times: user=0.00 sys=0.00, real=0.00 secs] 
2018-03-19T13:12:00.473+0530: 3655.576: [GC (Allocation Failure) [PSYoungGen: 173632K->96K(174080K)] 293836K->120316K(523776K), 0.0014683 secs] [Times: user=0.00 sys=0.00, real=0.00 secs] 
2018-03-19T13:12:00.880+0530: 3655.983: [GC (Allocation Failure) [PSYoungGen: 173664K->96K(174080K)] 293884K->120340K(523776K), 0.0015593 secs] [Times: user=0.00 sys=0.00, real=0.00 secs] 
2018-03-19T13:12:01.455+0530: 3656.558: [GC (Allocation Failure) [PSYoungGen: 173664K->64K(174080K)] 293908K->120324K(523776K), 0.0051711 secs] [Times: user=0.00 sys=0.00, real=0.01 secs] 
2018-03-19T13:12:01.862+0530: 3656.965: [GC (Allocation Failure) [PSYoungGen: 173632K->64K(174080K)] 293892K->120348K(523776K), 0.0015127 secs] [Times: user=0.00 sys=0.00, real=0.00 secs] 
2018-03-19T13:12:02.150+0530: 3657.252: [GC (Allocation Failure) [PSYoungGen: 173632K->96K(174080K)] 293916K->120404K(523776K), 0.0013950 secs] [Times: user=0.00 sys=0.00, real=0.00 secs] 
2018-03-19T13:12:02.445+0530: 3657.547: [GC (Allocation Failure) [PSYoungGen: 173664K->96K(174080K)] 293972K->120420K(523776K), 0.0014644 secs] [Times: user=0.00 sys=0.00, real=0.00 secs] 
2018-03-19T13:12:02.737+0530: 3657.840: [GC (Allocation Failure) [PSYoungGen: 173664K->96K(174080K)] 293988K->120436K(523776K), 0.0014316 secs] [Times: user=0.00 sys=0.00, real=0.00 secs] 
2018-03-19T13:12:03.097+0530: 3658.200: [GC (Allocation Failure) [PSYoungGen: 173664K->64K(174080K)] 294004K->120428K(523776K), 0.0015642 secs] [Times: user=0.00 sys=0.00, real=0.00 secs] 
2018-03-19T13:12:03.416+0530: 3658.519: [GC (Allocation Failure) [PSYoungGen: 173632K->64K(174080K)] 293996K->120452K(523776K), 0.0016647 secs] [Times: user=0.00 sys=0.00, real=0.00 secs] 
2018-03-19T13:12:03.707+0530: 3658.811: [GC (Allocation Failure) [PSYoungGen: 173632K->32K(174080K)] 294020K->120436K(523776K), 0.0017864 secs] [Times: user=0.00 sys=0.00, real=0.00 secs] 
2018-03-19T13:12:04.001+0530: 3659.104: [GC (Allocation Failure) [PSYoungGen: 173600K->96K(174080K)] 294004K->120524K(523776K), 0.0015110 secs] [Times: user=0.00 sys=0.00, real=0.00 secs] 
2018-03-19T13:12:04.315+0530: 3659.418: [GC (Allocation Failure) [PSYoungGen: 173664K->96K(174080K)] 294092K->120548K(523776K), 0.0014567 secs] [Times: user=0.00 sys=0.00, real=0.00 secs] 
2018-03-19T13:12:04.632+0530: 3659.735: [GC (Allocation Failure) [PSYoungGen: 173664K->96K(174080K)] 294116K->120564K(523776K), 0.0014348 secs] [Times: user=0.02 sys=0.00, real=0.00 secs] 
2018-03-19T13:12:04.956+0530: 3660.059: [GC (Allocation Failure) [PSYoungGen: 173664K->96K(174080K)] 294132K->120588K(523776K), 0.0016266 secs] [Times: user=0.00 sys=0.00, real=0.00 secs] 
2018-03-19T13:12:05.263+0530: 3660.365: [GC (Allocation Failure) [PSYoungGen: 173664K->96K(174080K)] 294156K->120612K(523776K), 0.0013667 secs] [Times: user=0.00 sys=0.00, real=0.00 secs] 
2018-03-19T13:12:05.565+0530: 3660.668: [GC (Allocation Failure) [PSYoungGen: 173664K->96K(174080K)] 294180K->120636K(523776K), 0.0012662 secs] [Times: user=0.00 sys=0.00, real=0.00 secs] 
2018-03-19T13:12:05.875+0530: 3660.978: [GC (Allocation Failure) [PSYoungGen: 173664K->96K(174080K)] 294204K->120660K(523776K), 0.0016894 secs] [Times: user=0.00 sys=0.00, real=0.00 secs] 
2018-03-19T13:12:06.173+0530: 3661.275: [GC (Allocation Failure) [PSYoungGen: 173664K->96K(174080K)] 294228K->120676K(523776K), 0.0014464 secs] [Times: user=0.00 sys=0.00, real=0.00 secs] 
2018-03-19T13:12:06.478+0530: 3661.581: [GC (Allocation Failure) [PSYoungGen: 173664K->96K(174080K)] 294244K->120692K(523776K), 0.0013625 secs] [Times: user=0.00 sys=0.00, real=0.00 secs] 
2018-03-19T13:12:06.774+0530: 3661.877: [GC (Allocation Failure) [PSYoungGen: 173664K->96K(174080K)] 294260K->120716K(523776K), 0.0014232 secs] [Times: user=0.00 sys=0.00, real=0.00 secs] 
2018-03-19T13:12:07.073+0530: 3662.176: [GC (Allocation Failure) [PSYoungGen: 173664K->96K(174080K)] 294284K->120748K(523776K), 0.0013410 secs] [Times: user=0.00 sys=0.00, real=0.00 secs] 
2018-03-19T13:12:07.361+0530: 3662.464: [GC (Allocation Failure) [PSYoungGen: 173664K->128K(174080K)] 294316K->120804K(523776K), 0.0015184 secs] [Times: user=0.00 sys=0.00, real=0.00 secs] 
2018-03-19T13:12:07.660+0530: 3662.764: [GC (Allocation Failure) [PSYoungGen: 173696K->96K(174080K)] 294372K->120796K(523776K), 0.0013604 secs] [Times: user=0.00 sys=0.00, real=0.00 secs] 
2018-03-19T13:12:07.969+0530: 3663.072: [GC (Allocation Failure) [PSYoungGen: 173664K->96K(174080K)] 294364K->120820K(523776K), 0.0014570 secs] [Times: user=0.00 sys=0.00, real=0.00 secs] 
2018-03-19T13:12:08.248+0530: 3663.350: [GC (Allocation Failure) [PSYoungGen: 173664K->96K(174080K)] 294388K->120852K(523776K), 0.0013019 secs] [Times: user=0.00 sys=0.00, real=0.00 secs] 
2018-03-19T13:12:08.548+0530: 3663.652: [GC (Allocation Failure) [PSYoungGen: 173664K->64K(174080K)] 294420K->120844K(523776K), 0.0016492 secs] [Times: user=0.00 sys=0.00, real=0.00 secs] 
2018-03-19T13:12:08.847+0530: 3663.950: [GC (Allocation Failure) [PSYoungGen: 173632K->96K(174080K)] 294412K->120892K(523776K), 0.0014136 secs] [Times: user=0.00 sys=0.00, real=0.00 secs] 
2018-03-19T13:12:09.131+0530: 3664.233: [GC (Allocation Failure) [PSYoungGen: 173664K->96K(174080K)] 294460K->120916K(523776K), 0.0012948 secs] [Times: user=0.00 sys=0.00, real=0.00 secs] 
2018-03-19T13:12:09.416+0530: 3664.519: [GC (Allocation Failure) [PSYoungGen: 173664K->96K(174080K)] 294484K->120940K(523776K), 0.0013417 secs] [Times: user=0.00 sys=0.00, real=0.00 secs] 
2018-03-19T13:12:09.699+0530: 3664.802: [GC (Allocation Failure) [PSYoungGen: 173664K->96K(174080K)] 294508K->120956K(523776K), 0.0014598 secs] [Times: user=0.00 sys=0.00, real=0.00 secs] 
2018-03-19T13:12:09.982+0530: 3665.085: [GC (Allocation Failure) [PSYoungGen: 173664K->64K(174080K)] 294524K->120948K(523776K), 0.0013819 secs] [Times: user=0.00 sys=0.00, real=0.00 secs] 
2018-03-19T13:12:10.257+0530: 3665.360: [GC (Allocation Failure) [PSYoungGen: 173632K->64K(174080K)] 294516K->120972K(523776K), 0.0012345 secs] [Times: user=0.00 sys=0.00, real=0.00 secs] 
2018-03-19T13:12:10.542+0530: 3665.645: [GC (Allocation Failure) [PSYoungGen: 173632K->96K(174080K)] 294540K->121020K(523776K), 0.0015205 secs] [Times: user=0.00 sys=0.00, real=0.00 secs] 
2018-03-19T13:12:10.853+0530: 3665.956: [GC (Allocation Failure) [PSYoungGen: 173664K->96K(174080K)] 294588K->121044K(523776K), 0.0014270 secs] [Times: user=0.00 sys=0.00, real=0.00 secs] 
2018-03-19T13:12:11.131+0530: 3666.233: [GC (Allocation Failure) [PSYoungGen: 173664K->96K(174080K)] 294612K->121068K(523776K), 0.0013632 secs] [Times: user=0.00 sys=0.00, real=0.00 secs] 
2018-03-19T13:12:11.417+0530: 3666.520: [GC (Allocation Failure) [PSYoungGen: 173664K->64K(174080K)] 294636K->121060K(523776K), 0.0014683 secs] [Times: user=0.00 sys=0.00, real=0.00 secs] 
2018-03-19T13:12:11.726+0530: 3666.829: [GC (Allocation Failure) [PSYoungGen: 173632K->96K(174080K)] 294628K->121108K(523776K), 0.0015892 secs] [Times: user=0.00 sys=0.00, real=0.00 secs] 
2018-03-19T13:12:12.021+0530: 3667.124: [GC (Allocation Failure) [PSYoungGen: 173664K->96K(174080K)] 294676K->121132K(523776K), 0.0014757 secs] [Times: user=0.00 sys=0.00, real=0.00 secs] 
2018-03-19T13:12:12.311+0530: 3667.414: [GC (Allocation Failure) [PSYoungGen: 173664K->96K(174080K)] 294700K->121156K(523776K), 0.0014937 secs] [Times: user=0.00 sys=0.00, real=0.00 secs] 
2018-03-19T13:12:12.602+0530: 3667.704: [GC (Allocation Failure) [PSYoungGen: 173664K->96K(174080K)] 294724K->121180K(523776K), 0.0014408 secs] [Times: user=0.00 sys=0.00, real=0.00 secs] 
2018-03-19T13:12:12.877+0530: 3667.981: [GC (Allocation Failure) [PSYoungGen: 173664K->64K(174080K)] 294748K->121164K(523776K), 0.0014214 secs] [Times: user=0.00 sys=0.00, real=0.00 secs] 
2018-03-19T13:12:13.144+0530: 3668.247: [GC (Allocation Failure) [PSYoungGen: 173632K->96K(174080K)] 294732K->121220K(523776K), 0.0013967 secs] [Times: user=0.00 sys=0.00, real=0.00 secs] 
2018-03-19T13:12:13.427+0530: 3668.529: [GC (Allocation Failure) [PSYoungGen: 173664K->96K(174080K)] 294788K->121244K(523776K), 0.0014193 secs] [Times: user=0.00 sys=0.00, real=0.00 secs] 
2018-03-19T13:12:13.707+0530: 3668.809: [GC (Allocation Failure) [PSYoungGen: 173664K->96K(174080K)] 294812K->121260K(523776K), 0.0015007 secs] [Times: user=0.00 sys=0.00, real=0.00 secs] 
2018-03-19T13:12:13.984+0530: 3669.087: [GC (Allocation Failure) [PSYoungGen: 173664K->96K(174080K)] 294828K->121276K(523776K), 0.0012712 secs] [Times: user=0.00 sys=0.00, real=0.00 secs] 
2018-03-19T13:12:14.265+0530: 3669.368: [GC (Allocation Failure) [PSYoungGen: 173664K->96K(174080K)] 294844K->121300K(523776K), 0.0013195 secs] [Times: user=0.00 sys=0.00, real=0.00 secs] 
2018-03-19T13:12:14.547+0530: 3669.650: [GC (Allocation Failure) [PSYoungGen: 173664K->64K(174080K)] 294868K->121292K(523776K), 0.0013911 secs] [Times: user=0.00 sys=0.00, real=0.00 secs] 
2018-03-19T13:12:14.854+0530: 3669.957: [GC (Allocation Failure) [PSYoungGen: 173632K->96K(174080K)] 294860K->121348K(523776K), 0.0016368 secs] [Times: user=0.00 sys=0.00, real=0.00 secs] 
2018-03-19T13:12:15.138+0530: 3670.241: [GC (Allocation Failure) [PSYoungGen: 173664K->96K(174080K)] 294916K->121372K(523776K), 0.0013978 secs] [Times: user=0.00 sys=0.00, real=0.00 secs] 
2018-03-19T13:12:15.419+0530: 3670.522: [GC (Allocation Failure) [PSYoungGen: 173664K->96K(174080K)] 294940K->121396K(523776K), 0.0014722 secs] [Times: user=0.00 sys=0.00, real=0.00 secs] 
2018-03-19T13:12:15.712+0530: 3670.815: [GC (Allocation Failure) [PSYoungGen: 173664K->32K(174080K)] 294964K->121348K(523776K), 0.0042677 secs] [Times: user=0.02 sys=0.00, real=0.00 secs] 
2018-03-19T13:12:16.032+0530: 3671.135: [GC (Allocation Failure) [PSYoungGen: 173600K->96K(174080K)] 294916K->121444K(523776K), 0.0014944 secs] [Times: user=0.00 sys=0.00, real=0.00 secs] 
2018-03-19T13:12:16.309+0530: 3671.412: [GC (Allocation Failure) [PSYoungGen: 173664K->96K(174080K)] 295012K->121468K(523776K), 0.0012768 secs] [Times: user=0.00 sys=0.00, real=0.00 secs] 
2018-03-19T13:12:16.596+0530: 3671.699: [GC (Allocation Failure) [PSYoungGen: 173664K->64K(174080K)] 295036K->121460K(523776K), 0.0013255 secs] [Times: user=0.00 sys=0.00, real=0.00 secs] 
2018-03-19T13:12:16.873+0530: 3671.976: [GC (Allocation Failure) [PSYoungGen: 173632K->96K(174080K)] 295028K->121516K(523776K), 0.0014323 secs] [Times: user=0.00 sys=0.00, real=0.00 secs] 
2018-03-19T13:12:17.150+0530: 3672.253: [GC (Allocation Failure) [PSYoungGen: 173664K->96K(174080K)] 295084K->121540K(523776K), 0.0012595 secs] [Times: user=0.00 sys=0.00, real=0.00 secs] 
2018-03-19T13:12:17.430+0530: 3672.533: [GC (Allocation Failure) [PSYoungGen: 173664K->64K(174080K)] 295108K->121532K(523776K), 0.0018738 secs] [Times: user=0.06 sys=0.00, real=0.00 secs] 
2018-03-19T13:12:17.706+0530: 3672.808: [GC (Allocation Failure) [PSYoungGen: 173632K->96K(174080K)] 295100K->121580K(523776K), 0.0014168 secs] [Times: user=0.00 sys=0.00, real=0.00 secs] 
2018-03-19T13:12:17.991+0530: 3673.094: [GC (Allocation Failure) [PSYoungGen: 173664K->96K(174080K)] 295148K->121596K(523776K), 0.0013516 secs] [Times: user=0.00 sys=0.00, real=0.00 secs] 
2018-03-19T13:12:18.271+0530: 3673.375: [GC (Allocation Failure) [PSYoungGen: 173664K->96K(174080K)] 295164K->121620K(523776K), 0.0013551 secs] [Times: user=0.00 sys=0.00, real=0.00 secs] 
2018-03-19T13:12:18.558+0530: 3673.661: [GC (Allocation Failure) [PSYoungGen: 173664K->96K(174080K)] 295188K->121652K(523776K), 0.0012758 secs] [Times: user=0.00 sys=0.00, real=0.00 secs] 
2018-03-19T13:12:18.836+0530: 3673.939: [GC (Allocation Failure) [PSYoungGen: 173664K->32K(174080K)] 295220K->121612K(523776K), 0.0012521 secs] [Times: user=0.02 sys=0.00, real=0.00 secs] 
2018-03-19T13:12:19.114+0530: 3674.217: [GC (Allocation Failure) [PSYoungGen: 173600K->96K(174080K)] 295180K->121700K(523776K), 0.0014958 secs] [Times: user=0.00 sys=0.00, real=0.00 secs] 
2018-03-19T13:12:19.393+0530: 3674.496: [GC (Allocation Failure) [PSYoungGen: 173664K->64K(174080K)] 295268K->121684K(523776K), 0.0021802 secs] [Times: user=0.00 sys=0.00, real=0.00 secs] 
2018-03-19T13:12:19.688+0530: 3674.791: [GC (Allocation Failure) [PSYoungGen: 173632K->32K(174080K)] 295252K->121668K(523776K), 0.0016118 secs] [Times: user=0.00 sys=0.00, real=0.00 secs] 
2018-03-19T13:12:19.985+0530: 3675.088: [GC (Allocation Failure) [PSYoungGen: 173600K->96K(174080K)] 295236K->121748K(523776K), 0.0013907 secs] [Times: user=0.00 sys=0.00, real=0.00 secs] 
2018-03-19T13:12:20.264+0530: 3675.367: [GC (Allocation Failure) [PSYoungGen: 173664K->96K(174080K)] 295316K->121772K(523776K), 0.0012765 secs] [Times: user=0.00 sys=0.00, real=0.00 secs] 
2018-03-19T13:12:20.547+0530: 3675.650: [GC (Allocation Failure) [PSYoungGen: 173664K->96K(174080K)] 295340K->121788K(523776K), 0.0014619 secs] [Times: user=0.00 sys=0.00, real=0.00 secs] 
2018-03-19T13:12:20.837+0530: 3675.941: [GC (Allocation Failure) [PSYoungGen: 173664K->96K(174080K)] 295356K->121820K(523776K), 0.0015607 secs] [Times: user=0.00 sys=0.00, real=0.00 secs] 
2018-03-19T13:12:21.117+0530: 3676.220: [GC (Allocation Failure) [PSYoungGen: 173664K->96K(174080K)] 295388K->121844K(523776K), 0.0014344 secs] [Times: user=0.00 sys=0.00, real=0.00 secs] 
2018-03-19T13:12:21.401+0530: 3676.504: [GC (Allocation Failure) [PSYoungGen: 173664K->96K(174080K)] 295412K->121868K(523776K), 0.0013805 secs] [Times: user=0.00 sys=0.00, real=0.00 secs] 
2018-03-19T13:12:21.681+0530: 3676.784: [GC (Allocation Failure) [PSYoungGen: 173664K->96K(174080K)] 295436K->121884K(523776K), 0.0013565 secs] [Times: user=0.00 sys=0.00, real=0.00 secs] 
2018-03-19T13:12:21.963+0530: 3677.066: [GC (Allocation Failure) [PSYoungGen: 173664K->96K(174080K)] 295452K->121916K(523776K), 0.0012888 secs] [Times: user=0.00 sys=0.00, real=0.00 secs] 
2018-03-19T13:12:22.244+0530: 3677.347: [GC (Allocation Failure) [PSYoungGen: 173664K->96K(174080K)] 295484K->121940K(523776K), 0.0013893 secs] [Times: user=0.00 sys=0.00, real=0.00 secs] 
2018-03-19T13:12:22.544+0530: 3677.647: [GC (Allocation Failure) [PSYoungGen: 173664K->64K(174080K)] 295508K->121932K(523776K), 0.0014380 secs] [Times: user=0.00 sys=0.00, real=0.00 secs] 
2018-03-19T13:12:22.822+0530: 3677.925: [GC (Allocation Failure) [PSYoungGen: 173632K->96K(174080K)] 295500K->121988K(523776K), 0.0015208 secs] [Times: user=0.00 sys=0.00, real=0.00 secs] 
2018-03-19T13:12:23.100+0530: 3678.203: [GC (Allocation Failure) [PSYoungGen: 173664K->64K(174080K)] 295556K->121980K(523776K), 0.0014038 secs] [Times: user=0.00 sys=0.00, real=0.00 secs] 
2018-03-19T13:12:23.381+0530: 3678.484: [GC (Allocation Failure) [PSYoungGen: 173632K->96K(174080K)] 295548K->122036K(523776K), 0.0012673 secs] [Times: user=0.00 sys=0.00, real=0.00 secs] 
2018-03-19T13:12:23.664+0530: 3678.767: [GC (Allocation Failure) [PSYoungGen: 173664K->96K(174080K)] 295604K->122060K(523776K), 0.0016654 secs] [Times: user=0.00 sys=0.00, real=0.00 secs] 
2018-03-19T13:12:23.973+0530: 3679.075: [GC (Allocation Failure) [PSYoungGen: 173664K->96K(174080K)] 295628K->122084K(523776K), 0.0014577 secs] [Times: user=0.00 sys=0.00, real=0.00 secs] 
2018-03-19T13:12:24.250+0530: 3679.353: [GC (Allocation Failure) [PSYoungGen: 173664K->96K(174080K)] 295652K->122116K(523776K), 0.0014031 secs] [Times: user=0.00 sys=0.00, real=0.00 secs] 
2018-03-19T13:12:24.535+0530: 3679.638: [GC (Allocation Failure) [PSYoungGen: 173664K->96K(174080K)] 295684K->122132K(523776K), 0.0015205 secs] [Times: user=0.00 sys=0.00, real=0.00 secs] 
2018-03-19T13:12:24.813+0530: 3679.916: [GC (Allocation Failure) [PSYoungGen: 173664K->96K(174080K)] 295700K->122148K(523776K), 0.0012853 secs] [Times: user=0.00 sys=0.00, real=0.00 secs] 
2018-03-19T13:12:25.093+0530: 3680.196: [GC (Allocation Failure) [PSYoungGen: 173664K->64K(174080K)] 295716K->122140K(523776K), 0.0014380 secs] [Times: user=0.00 sys=0.00, real=0.00 secs] 
2018-03-19T13:12:25.367+0530: 3680.470: [GC (Allocation Failure) [PSYoungGen: 173632K->96K(174080K)] 295708K->122188K(523776K), 0.0014069 secs] [Times: user=0.00 sys=0.00, real=0.00 secs] 
2018-03-19T13:12:25.649+0530: 3680.752: [GC (Allocation Failure) [PSYoungGen: 173664K->96K(174080K)] 295756K->122212K(523776K), 0.0013844 secs] [Times: user=0.00 sys=0.00, real=0.00 secs] 
2018-03-19T13:12:25.935+0530: 3681.038: [GC (Allocation Failure) [PSYoungGen: 173664K->96K(174080K)] 295780K->122228K(523776K), 0.0014813 secs] [Times: user=0.00 sys=0.00, real=0.00 secs] 
2018-03-19T13:12:26.212+0530: 3681.314: [GC (Allocation Failure) [PSYoungGen: 173664K->96K(174080K)] 295796K->122244K(523776K), 0.0014954 secs] [Times: user=0.01 sys=0.00, real=0.00 secs] 
2018-03-19T13:12:26.494+0530: 3681.596: [GC (Allocation Failure) [PSYoungGen: 173664K->96K(174080K)] 295812K->122260K(523776K), 0.0014080 secs] [Times: user=0.00 sys=0.00, real=0.00 secs] 
2018-03-19T13:12:26.771+0530: 3681.875: [GC (Allocation Failure) [PSYoungGen: 173664K->64K(174080K)] 295828K->122252K(523776K), 0.0013897 secs] [Times: user=0.00 sys=0.00, real=0.00 secs] 
2018-03-19T13:12:27.056+0530: 3682.159: [GC (Allocation Failure) [PSYoungGen: 173632K->96K(174080K)] 295820K->122316K(523776K), 0.0012553 secs] [Times: user=0.00 sys=0.00, real=0.00 secs] 
2018-03-19T13:12:27.333+0530: 3682.436: [GC (Allocation Failure) [PSYoungGen: 173664K->96K(174080K)] 295884K->122332K(523776K), 0.0014217 secs] [Times: user=0.00 sys=0.00, real=0.00 secs] 
2018-03-19T13:12:27.614+0530: 3682.717: [GC (Allocation Failure) [PSYoungGen: 173664K->96K(174080K)] 295900K->122348K(523776K), 0.0013149 secs] [Times: user=0.00 sys=0.00, real=0.00 secs] 
2018-03-19T13:12:27.913+0530: 3683.016: [GC (Allocation Failure) [PSYoungGen: 173664K->96K(174080K)] 295916K->122372K(523776K), 0.0015212 secs] [Times: user=0.00 sys=0.00, real=0.00 secs] 
2018-03-19T13:12:28.190+0530: 3683.293: [GC (Allocation Failure) [PSYoungGen: 173664K->96K(174080K)] 295940K->122404K(523776K), 0.1600674 secs] [Times: user=0.00 sys=0.00, real=0.16 secs] 
2018-03-19T13:12:28.663+0530: 3683.765: [GC (Allocation Failure) [PSYoungGen: 173664K->96K(174080K)] 295972K->122428K(523776K), 0.0015490 secs] [Times: user=0.00 sys=0.00, real=0.00 secs] 
2018-03-19T13:12:28.988+0530: 3684.091: [GC (Allocation Failure) [PSYoungGen: 173664K->96K(174080K)] 295996K->122452K(523776K), 0.0016012 secs] [Times: user=0.00 sys=0.00, real=0.00 secs] 
2018-03-19T13:12:29.292+0530: 3684.395: [GC (Allocation Failure) [PSYoungGen: 173664K->96K(174080K)] 296020K->122468K(523776K), 0.0015304 secs] [Times: user=0.00 sys=0.00, real=0.00 secs] 
2018-03-19T13:12:29.643+0530: 3684.746: [GC (Allocation Failure) [PSYoungGen: 173664K->96K(174080K)] 296036K->122492K(523776K), 0.0014658 secs] [Times: user=0.00 sys=0.00, real=0.00 secs] 
2018-03-19T13:12:29.943+0530: 3685.046: [GC (Allocation Failure) [PSYoungGen: 173664K->96K(174080K)] 296060K->122516K(523776K), 0.0013445 secs] [Times: user=0.00 sys=0.00, real=0.00 secs] 
2018-03-19T13:12:30.234+0530: 3685.338: [GC (Allocation Failure) [PSYoungGen: 173664K->96K(174080K)] 296084K->122532K(523776K), 0.0013770 secs] [Times: user=0.00 sys=0.00, real=0.00 secs] 
2018-03-19T13:12:30.543+0530: 3685.646: [GC (Allocation Failure) [PSYoungGen: 173664K->96K(174080K)] 296100K->122556K(523776K), 0.0015716 secs] [Times: user=0.00 sys=0.00, real=0.00 secs] 
2018-03-19T13:12:30.862+0530: 3685.965: [GC (Allocation Failure) [PSYoungGen: 173664K->96K(174080K)] 296124K->122588K(523776K), 0.0014493 secs] [Times: user=0.00 sys=0.00, real=0.00 secs] 
2018-03-19T13:12:31.162+0530: 3686.265: [GC (Allocation Failure) [PSYoungGen: 173664K->96K(174080K)] 296156K->122604K(523776K), 0.0013576 secs] [Times: user=0.00 sys=0.00, real=0.00 secs] 
2018-03-19T13:12:31.452+0530: 3686.555: [GC (Allocation Failure) [PSYoungGen: 173664K->96K(174080K)] 296172K->122628K(523776K), 0.0015233 secs] [Times: user=0.00 sys=0.00, real=0.00 secs] 
2018-03-19T13:12:31.756+0530: 3686.858: [GC (Allocation Failure) [PSYoungGen: 173664K->96K(174080K)] 296196K->122644K(523776K), 0.0014930 secs] [Times: user=0.00 sys=0.00, real=0.00 secs] 
2018-03-19T13:12:32.050+0530: 3687.153: [GC (Allocation Failure) [PSYoungGen: 173664K->96K(174080K)] 296212K->122668K(523776K), 0.0014225 secs] [Times: user=0.00 sys=0.00, real=0.00 secs] 
2018-03-19T13:12:32.346+0530: 3687.449: [GC (Allocation Failure) [PSYoungGen: 173664K->96K(174080K)] 296236K->122692K(523776K), 0.0016474 secs] [Times: user=0.00 sys=0.00, real=0.00 secs] 
2018-03-19T13:12:32.654+0530: 3687.756: [GC (Allocation Failure) [PSYoungGen: 173664K->96K(174080K)] 296260K->122708K(523776K), 0.0016273 secs] [Times: user=0.00 sys=0.00, real=0.00 secs] 
2018-03-19T13:12:32.938+0530: 3688.041: [GC (Allocation Failure) [PSYoungGen: 173664K->96K(174080K)] 296276K->122724K(523776K), 0.0013953 secs] [Times: user=0.00 sys=0.00, real=0.00 secs] 
2018-03-19T13:12:33.216+0530: 3688.319: [GC (Allocation Failure) [PSYoungGen: 173664K->96K(174080K)] 296292K->122748K(523776K), 0.0014450 secs] [Times: user=0.00 sys=0.00, real=0.00 secs] 
2018-03-19T13:12:33.500+0530: 3688.603: [GC (Allocation Failure) [PSYoungGen: 173664K->64K(174080K)] 296316K->122740K(523776K), 0.0013040 secs] [Times: user=0.00 sys=0.00, real=0.00 secs] 
2018-03-19T13:12:33.783+0530: 3688.886: [GC (Allocation Failure) [PSYoungGen: 173632K->64K(174080K)] 296308K->122764K(523776K), 0.0013036 secs] [Times: user=0.00 sys=0.00, real=0.00 secs] 
2018-03-19T13:12:34.070+0530: 3689.172: [GC (Allocation Failure) [PSYoungGen: 173632K->96K(174080K)] 296332K->122820K(523776K), 0.0012772 secs] [Times: user=0.00 sys=0.00, real=0.00 secs] 
2018-03-19T13:12:34.365+0530: 3689.467: [GC (Allocation Failure) [PSYoungGen: 173664K->96K(174080K)] 296388K->122844K(523776K), 0.0015727 secs] [Times: user=0.00 sys=0.00, real=0.00 secs] 
2018-03-19T13:12:34.654+0530: 3689.757: [GC (Allocation Failure) [PSYoungGen: 173664K->96K(174080K)] 296412K->122868K(523776K), 0.0015864 secs] [Times: user=0.00 sys=0.00, real=0.00 secs] 
2018-03-19T13:12:34.939+0530: 3690.043: [GC (Allocation Failure) [PSYoungGen: 173664K->96K(174080K)] 296436K->122884K(523776K), 0.0014313 secs] [Times: user=0.00 sys=0.00, real=0.00 secs] 
2018-03-19T13:12:35.216+0530: 3690.319: [GC (Allocation Failure) [PSYoungGen: 173664K->96K(174080K)] 296452K->122908K(523776K), 0.0013057 secs] [Times: user=0.00 sys=0.00, real=0.00 secs] 
2018-03-19T13:12:35.502+0530: 3690.605: [GC (Allocation Failure) [PSYoungGen: 173664K->64K(174080K)] 296476K->122900K(523776K), 0.0015032 secs] [Times: user=0.00 sys=0.00, real=0.00 secs] 
2018-03-19T13:12:35.807+0530: 3690.910: [GC (Allocation Failure) [PSYoungGen: 173632K->96K(174080K)] 296468K->122956K(523776K), 0.0014817 secs] [Times: user=0.00 sys=0.00, real=0.00 secs] 
2018-03-19T13:12:36.102+0530: 3691.205: [GC (Allocation Failure) [PSYoungGen: 173664K->96K(174080K)] 296524K->122980K(523776K), 0.0014792 secs] [Times: user=0.00 sys=0.00, real=0.00 secs] 
2018-03-19T13:12:36.382+0530: 3691.485: [GC (Allocation Failure) [PSYoungGen: 173664K->96K(174080K)] 296548K->123004K(523776K), 0.0014306 secs] [Times: user=0.00 sys=0.00, real=0.00 secs] 
2018-03-19T13:12:36.670+0530: 3691.773: [GC (Allocation Failure) [PSYoungGen: 173664K->96K(174080K)] 296572K->123020K(523776K), 0.0013230 secs] [Times: user=0.00 sys=0.00, real=0.00 secs] 
2018-03-19T13:12:36.947+0530: 3692.049: [GC (Allocation Failure) [PSYoungGen: 173664K->96K(174080K)] 296588K->123052K(523776K), 0.0014503 secs] [Times: user=0.00 sys=0.00, real=0.00 secs] 
2018-03-19T13:12:37.224+0530: 3692.326: [GC (Allocation Failure) [PSYoungGen: 173664K->96K(174080K)] 296620K->123076K(523776K), 0.0014873 secs] [Times: user=0.00 sys=0.00, real=0.00 secs] 
2018-03-19T13:12:37.506+0530: 3692.608: [GC (Allocation Failure) [PSYoungGen: 173664K->96K(174080K)] 296644K->123100K(523776K), 0.0013946 secs] [Times: user=0.00 sys=0.00, real=0.00 secs] 
2018-03-19T13:12:37.791+0530: 3692.894: [GC (Allocation Failure) [PSYoungGen: 173664K->96K(174080K)] 296668K->123124K(523776K), 0.0015099 secs] [Times: user=0.00 sys=0.00, real=0.00 secs] 
2018-03-19T13:12:38.070+0530: 3693.172: [GC (Allocation Failure) [PSYoungGen: 173664K->96K(174080K)] 296692K->123148K(523776K), 0.0012740 secs] [Times: user=0.00 sys=0.00, real=0.00 secs] 
2018-03-19T13:12:38.339+0530: 3693.442: [GC (Allocation Failure) [PSYoungGen: 173664K->96K(174080K)] 296716K->123164K(523776K), 0.0014253 secs] [Times: user=0.00 sys=0.00, real=0.00 secs] 
2018-03-19T13:12:38.625+0530: 3693.727: [GC (Allocation Failure) [PSYoungGen: 173664K->96K(174080K)] 296732K->123180K(523776K), 0.0014225 secs] [Times: user=0.00 sys=0.00, real=0.00 secs] 
2018-03-19T13:12:38.900+0530: 3694.003: [GC (Allocation Failure) [PSYoungGen: 173664K->96K(174080K)] 296748K->123196K(523776K), 0.0013632 secs] [Times: user=0.00 sys=0.00, real=0.00 secs] 
2018-03-19T13:12:39.178+0530: 3694.281: [GC (Allocation Failure) [PSYoungGen: 173664K->96K(174080K)] 296764K->123228K(523776K), 0.0013216 secs] [Times: user=0.00 sys=0.00, real=0.00 secs] 
2018-03-19T13:12:39.465+0530: 3694.568: [GC (Allocation Failure) [PSYoungGen: 173664K->96K(174080K)] 296796K->123244K(523776K), 0.0015000 secs] [Times: user=0.00 sys=0.00, real=0.00 secs] 
2018-03-19T13:12:39.761+0530: 3694.863: [GC (Allocation Failure) [PSYoungGen: 173664K->96K(174080K)] 296812K->123276K(523776K), 0.0016517 secs] [Times: user=0.00 sys=0.00, real=0.00 secs] 
2018-03-19T13:12:40.043+0530: 3695.146: [GC (Allocation Failure) [PSYoungGen: 173664K->64K(174080K)] 296844K->123268K(523776K), 0.0014912 secs] [Times: user=0.00 sys=0.00, real=0.00 secs] 
2018-03-19T13:12:40.316+0530: 3695.419: [GC (Allocation Failure) [PSYoungGen: 173632K->96K(174080K)] 296836K->123324K(523776K), 0.0014517 secs] [Times: user=0.00 sys=0.00, real=0.00 secs] 
2018-03-19T13:12:40.607+0530: 3695.710: [GC (Allocation Failure) [PSYoungGen: 173664K->96K(174080K)] 296892K->123348K(523776K), 0.0014471 secs] [Times: user=0.00 sys=0.00, real=0.00 secs] 
2018-03-19T13:12:40.884+0530: 3695.987: [GC (Allocation Failure) [PSYoungGen: 173664K->96K(174080K)] 296916K->123372K(523776K), 0.0012737 secs] [Times: user=0.00 sys=0.00, real=0.00 secs] 
2018-03-19T13:12:41.170+0530: 3696.273: [GC (Allocation Failure) [PSYoungGen: 173664K->96K(174080K)] 296940K->123396K(523776K), 0.0012719 secs] [Times: user=0.00 sys=0.00, real=0.00 secs] 
2018-03-19T13:12:41.457+0530: 3696.560: [GC (Allocation Failure) [PSYoungGen: 173664K->96K(174080K)] 296964K->123428K(523776K), 0.0014179 secs] [Times: user=0.00 sys=0.00, real=0.00 secs] 
2018-03-19T13:12:41.737+0530: 3696.840: [GC (Allocation Failure) [PSYoungGen: 173664K->96K(174080K)] 296996K->123444K(523776K), 0.0014366 secs] [Times: user=0.00 sys=0.00, real=0.00 secs] 
2018-03-19T13:12:42.015+0530: 3697.118: [GC (Allocation Failure) [PSYoungGen: 173664K->96K(174080K)] 297012K->123468K(523776K), 0.0012962 secs] [Times: user=0.00 sys=0.00, real=0.00 secs] 
2018-03-19T13:12:42.296+0530: 3697.399: [GC (Allocation Failure) [PSYoungGen: 173664K->96K(174080K)] 297036K->123492K(523776K), 0.0014792 secs] [Times: user=0.00 sys=0.00, real=0.00 secs] 
2018-03-19T13:12:42.590+0530: 3697.692: [GC (Allocation Failure) [PSYoungGen: 173664K->96K(174080K)] 297060K->123508K(523776K), 0.0014306 secs] [Times: user=0.00 sys=0.00, real=0.00 secs] 
2018-03-19T13:12:42.866+0530: 3697.968: [GC (Allocation Failure) [PSYoungGen: 173664K->96K(174080K)] 297076K->123524K(523776K), 0.0013671 secs] [Times: user=0.00 sys=0.00, real=0.00 secs] 
2018-03-19T13:12:43.150+0530: 3698.253: [GC (Allocation Failure) [PSYoungGen: 173664K->96K(174080K)] 297092K->123556K(523776K), 0.0015349 secs] [Times: user=0.00 sys=0.00, real=0.00 secs] 
2018-03-19T13:12:43.508+0530: 3698.612: [GC (Allocation Failure) [PSYoungGen: 173664K->64K(174080K)] 297124K->123548K(523776K), 0.0017814 secs] [Times: user=0.06 sys=0.00, real=0.00 secs] 
2018-03-19T13:12:43.844+0530: 3698.947: [GC (Allocation Failure) [PSYoungGen: 173632K->96K(174080K)] 297116K->123604K(523776K), 0.0014034 secs] [Times: user=0.00 sys=0.00, real=0.00 secs] 
2018-03-19T13:12:44.121+0530: 3699.224: [GC (Allocation Failure) [PSYoungGen: 173664K->96K(174080K)] 297172K->123620K(523776K), 0.0014461 secs] [Times: user=0.00 sys=0.00, real=0.00 secs] 
2018-03-19T13:12:44.408+0530: 3699.511: [GC (Allocation Failure) [PSYoungGen: 173664K->96K(174080K)] 297188K->123644K(523776K), 0.0015272 secs] [Times: user=0.00 sys=0.00, real=0.00 secs] 
2018-03-19T13:12:44.688+0530: 3699.791: [GC (Allocation Failure) [PSYoungGen: 173664K->96K(174080K)] 297212K->123660K(523776K), 0.0013103 secs] [Times: user=0.00 sys=0.00, real=0.00 secs] 
2018-03-19T13:12:44.976+0530: 3700.079: [GC (Allocation Failure) [PSYoungGen: 173664K->96K(174080K)] 297228K->123684K(523776K), 0.0013590 secs] [Times: user=0.02 sys=0.00, real=0.00 secs] 
2018-03-19T13:12:45.255+0530: 3700.358: [GC (Allocation Failure) [PSYoungGen: 173664K->96K(174080K)] 297252K->123708K(523776K), 0.0013985 secs] [Times: user=0.00 sys=0.00, real=0.00 secs] 
2018-03-19T13:12:45.541+0530: 3700.644: [GC (Allocation Failure) [PSYoungGen: 173664K->96K(174080K)] 297276K->123732K(523776K), 0.0014359 secs] [Times: user=0.00 sys=0.00, real=0.00 secs] 
2018-03-19T13:12:45.817+0530: 3700.920: [GC (Allocation Failure) [PSYoungGen: 173664K->96K(174080K)] 297300K->123748K(523776K), 0.0013498 secs] [Times: user=0.00 sys=0.00, real=0.00 secs] 
2018-03-19T13:12:46.109+0530: 3701.213: [GC (Allocation Failure) [PSYoungGen: 173664K->64K(174080K)] 297316K->123740K(523776K), 0.0014217 secs] [Times: user=0.00 sys=0.00, real=0.00 secs] 
2018-03-19T13:12:46.393+0530: 3701.496: [GC (Allocation Failure) [PSYoungGen: 173632K->64K(174080K)] 297308K->123756K(523776K), 0.0023639 secs] [Times: user=0.00 sys=0.00, real=0.00 secs] 
2018-03-19T13:12:46.684+0530: 3701.786: [GC (Allocation Failure) [PSYoungGen: 173632K->96K(174080K)] 297324K->123812K(523776K), 0.0014210 secs] [Times: user=0.00 sys=0.00, real=0.00 secs] 
2018-03-19T13:12:46.964+0530: 3702.066: [GC (Allocation Failure) [PSYoungGen: 173664K->96K(174080K)] 297380K->123836K(523776K), 0.0015868 secs] [Times: user=0.00 sys=0.00, real=0.00 secs] 
2018-03-19T13:12:47.239+0530: 3702.342: [GC (Allocation Failure) [PSYoungGen: 173664K->96K(174080K)] 297404K->123852K(523776K), 0.0014679 secs] [Times: user=0.00 sys=0.00, real=0.00 secs] 
2018-03-19T13:12:47.541+0530: 3702.644: [GC (Allocation Failure) [PSYoungGen: 173664K->96K(174080K)] 297420K->123884K(523776K), 0.0014799 secs] [Times: user=0.00 sys=0.00, real=0.00 secs] 
2018-03-19T13:12:47.840+0530: 3702.943: [GC (Allocation Failure) [PSYoungGen: 173664K->64K(174080K)] 297452K->123876K(523776K), 0.0014478 secs] [Times: user=0.00 sys=0.00, real=0.00 secs] 
2018-03-19T13:12:48.119+0530: 3703.221: [GC (Allocation Failure) [PSYoungGen: 173632K->96K(174080K)] 297444K->123932K(523776K), 0.0014337 secs] [Times: user=0.00 sys=0.00, real=0.00 secs] 
2018-03-19T13:12:48.397+0530: 3703.500: [GC (Allocation Failure) [PSYoungGen: 173664K->64K(174080K)] 297500K->123924K(523776K), 0.0018544 secs] [Times: user=0.00 sys=0.00, real=0.00 secs] 
2018-03-19T13:12:48.684+0530: 3703.786: [GC (Allocation Failure) [PSYoungGen: 173632K->96K(174080K)] 297492K->123980K(523776K), 0.0013784 secs] [Times: user=0.00 sys=0.00, real=0.00 secs] 
2018-03-19T13:12:48.962+0530: 3704.065: [GC (Allocation Failure) [PSYoungGen: 173664K->96K(174080K)] 297548K->124004K(523776K), 0.0013283 secs] [Times: user=0.00 sys=0.00, real=0.00 secs] 
2018-03-19T13:12:49.239+0530: 3704.341: [GC (Allocation Failure) [PSYoungGen: 173664K->96K(174080K)] 297572K->124028K(523776K), 0.0013791 secs] [Times: user=0.00 sys=0.00, real=0.00 secs] 
2018-03-19T13:12:49.530+0530: 3704.632: [GC (Allocation Failure) [PSYoungGen: 173664K->64K(174080K)] 297596K->124020K(523776K), 0.0014722 secs] [Times: user=0.00 sys=0.00, real=0.00 secs] 
2018-03-19T13:12:49.806+0530: 3704.909: [GC (Allocation Failure) [PSYoungGen: 173632K->96K(174080K)] 297588K->124068K(523776K), 0.0014426 secs] [Times: user=0.00 sys=0.00, real=0.00 secs] 
2018-03-19T13:12:50.083+0530: 3705.186: [GC (Allocation Failure) [PSYoungGen: 173664K->96K(174080K)] 297636K->124100K(523776K), 0.0013576 secs] [Times: user=0.00 sys=0.00, real=0.00 secs] 
2018-03-19T13:12:50.366+0530: 3705.469: [GC (Allocation Failure) [PSYoungGen: 173664K->96K(174080K)] 297668K->124132K(523776K), 0.0014031 secs] [Times: user=0.00 sys=0.00, real=0.00 secs] 
2018-03-19T13:12:50.681+0530: 3705.784: [GC (Allocation Failure) [PSYoungGen: 173664K->64K(174080K)] 297700K->124116K(523776K), 0.0020617 secs] [Times: user=0.00 sys=0.00, real=0.00 secs] 
2018-03-19T13:12:50.970+0530: 3706.073: [GC (Allocation Failure) [PSYoungGen: 173632K->96K(174080K)] 297684K->124180K(523776K), 0.0014581 secs] [Times: user=0.00 sys=0.00, real=0.00 secs] 
2018-03-19T13:12:51.259+0530: 3706.362: [GC (Allocation Failure) [PSYoungGen: 173664K->96K(174080K)] 297748K->124196K(523776K), 0.0013777 secs] [Times: user=0.00 sys=0.00, real=0.00 secs] 
2018-03-19T13:12:51.544+0530: 3706.647: [GC (Allocation Failure) [PSYoungGen: 173664K->96K(174080K)] 297764K->124228K(523776K), 0.0012885 secs] [Times: user=0.00 sys=0.00, real=0.00 secs] 
2018-03-19T13:12:51.842+0530: 3706.944: [GC (Allocation Failure) [PSYoungGen: 173664K->96K(174080K)] 297796K->124260K(523776K), 0.0014503 secs] [Times: user=0.00 sys=0.00, real=0.00 secs] 
2018-03-19T13:12:52.125+0530: 3707.227: [GC (Allocation Failure) [PSYoungGen: 173664K->32K(174080K)] 297828K->124228K(523776K), 0.0014397 secs] [Times: user=0.00 sys=0.00, real=0.00 secs] 
2018-03-19T13:12:52.418+0530: 3707.521: [GC (Allocation Failure) [PSYoungGen: 173600K->96K(174080K)] 297796K->124308K(523776K), 0.0014507 secs] [Times: user=0.00 sys=0.00, real=0.00 secs] 
2018-03-19T13:12:52.700+0530: 3707.803: [GC (Allocation Failure) [PSYoungGen: 173664K->64K(174080K)] 297876K->124300K(523776K), 0.0013907 secs] [Times: user=0.00 sys=0.00, real=0.00 secs] 
2018-03-19T13:12:52.984+0530: 3708.088: [GC (Allocation Failure) [PSYoungGen: 173632K->64K(174080K)] 297868K->124324K(523776K), 0.0013720 secs] [Times: user=0.00 sys=0.00, real=0.00 secs] 
2018-03-19T13:12:53.261+0530: 3708.364: [GC (Allocation Failure) [PSYoungGen: 173632K->64K(174080K)] 297892K->124348K(523776K), 0.0013142 secs] [Times: user=0.00 sys=0.00, real=0.00 secs] 
2018-03-19T13:12:53.548+0530: 3708.650: [GC (Allocation Failure) [PSYoungGen: 173632K->64K(174080K)] 297916K->124372K(523776K), 0.0015074 secs] [Times: user=0.00 sys=0.00, real=0.00 secs] 
2018-03-19T13:12:53.827+0530: 3708.930: [GC (Allocation Failure) [PSYoungGen: 173632K->96K(174080K)] 297940K->124428K(523776K), 0.0013657 secs] [Times: user=0.00 sys=0.00, real=0.00 secs] 
2018-03-19T13:12:54.114+0530: 3709.217: [GC (Allocation Failure) [PSYoungGen: 173664K->96K(174080K)] 297996K->124444K(523776K), 0.0014496 secs] [Times: user=0.00 sys=0.00, real=0.00 secs] 
2018-03-19T13:12:54.395+0530: 3709.498: [GC (Allocation Failure) [PSYoungGen: 173664K->96K(174080K)] 298012K->124460K(523776K), 0.0015293 secs] [Times: user=0.00 sys=0.00, real=0.00 secs] 
2018-03-19T13:12:54.678+0530: 3709.780: [GC (Allocation Failure) [PSYoungGen: 173664K->64K(174080K)] 298028K->124452K(523776K), 0.0015395 secs] [Times: user=0.00 sys=0.00, real=0.00 secs] 
2018-03-19T13:12:54.959+0530: 3710.062: [GC (Allocation Failure) [PSYoungGen: 173632K->96K(174080K)] 298020K->124508K(523776K), 0.0015159 secs] [Times: user=0.00 sys=0.00, real=0.00 secs] 
2018-03-19T13:12:55.239+0530: 3710.342: [GC (Allocation Failure) [PSYoungGen: 173664K->64K(174080K)] 298076K->124500K(523776K), 0.0014521 secs] [Times: user=0.00 sys=0.00, real=0.00 secs] 
2018-03-19T13:12:55.526+0530: 3710.629: [GC (Allocation Failure) [PSYoungGen: 173632K->96K(174080K)] 298068K->124548K(523776K), 0.0013530 secs] [Times: user=0.00 sys=0.00, real=0.00 secs] 
2018-03-19T13:12:55.819+0530: 3710.922: [GC (Allocation Failure) [PSYoungGen: 173664K->96K(174080K)] 298116K->124572K(523776K), 0.0015335 secs] [Times: user=0.00 sys=0.00, real=0.00 secs] 
2018-03-19T13:12:56.108+0530: 3711.211: [GC (Allocation Failure) [PSYoungGen: 173664K->96K(174080K)] 298140K->124588K(523776K), 0.0014394 secs] [Times: user=0.00 sys=0.00, real=0.00 secs] 
2018-03-19T13:12:56.390+0530: 3711.493: [GC (Allocation Failure) [PSYoungGen: 173664K->64K(174080K)] 298156K->124572K(523776K), 0.0015307 secs] [Times: user=0.00 sys=0.00, real=0.00 secs] 
2018-03-19T13:12:56.672+0530: 3711.775: [GC (Allocation Failure) [PSYoungGen: 173632K->96K(174080K)] 298140K->124636K(523776K), 0.0013385 secs] [Times: user=0.00 sys=0.00, real=0.00 secs] 
2018-03-19T13:12:56.944+0530: 3712.046: [GC (Allocation Failure) [PSYoungGen: 173664K->96K(174080K)] 298204K->124668K(523776K), 0.0014076 secs] [Times: user=0.00 sys=0.00, real=0.00 secs] 
2018-03-19T13:12:57.218+0530: 3712.320: [GC (Allocation Failure) [PSYoungGen: 173664K->96K(174080K)] 298236K->124692K(523776K), 0.0012088 secs] [Times: user=0.00 sys=0.00, real=0.00 secs] 
2018-03-19T13:12:57.505+0530: 3712.607: [GC (Allocation Failure) [PSYoungGen: 173664K->96K(174080K)] 298260K->124708K(523776K), 0.0015586 secs] [Times: user=0.00 sys=0.00, real=0.00 secs] 
2018-03-19T13:12:57.785+0530: 3712.888: [GC (Allocation Failure) [PSYoungGen: 173664K->96K(174080K)] 298276K->124732K(523776K), 0.0014986 secs] [Times: user=0.00 sys=0.00, real=0.00 secs] 
2018-03-19T13:12:58.063+0530: 3713.165: [GC (Allocation Failure) [PSYoungGen: 173664K->96K(174080K)] 298300K->124748K(523776K), 0.0016996 secs] [Times: user=0.00 sys=0.00, real=0.00 secs] 
2018-03-19T13:12:58.343+0530: 3713.446: [GC (Allocation Failure) [PSYoungGen: 173664K->64K(174080K)] 298316K->124732K(523776K), 0.0013565 secs] [Times: user=0.00 sys=0.00, real=0.00 secs] 
2018-03-19T13:12:58.633+0530: 3713.736: [GC (Allocation Failure) [PSYoungGen: 173632K->96K(174080K)] 298300K->124788K(523776K), 0.0014341 secs] [Times: user=0.00 sys=0.00, real=0.00 secs] 
2018-03-19T13:12:58.912+0530: 3714.014: [GC (Allocation Failure) [PSYoungGen: 173664K->96K(174080K)] 298356K->124804K(523776K), 0.0014556 secs] [Times: user=0.00 sys=0.00, real=0.00 secs] 
2018-03-19T13:12:59.188+0530: 3714.291: [GC (Allocation Failure) [PSYoungGen: 173664K->96K(174080K)] 298372K->124828K(523776K), 0.0014147 secs] [Times: user=0.00 sys=0.00, real=0.00 secs] 
2018-03-19T13:12:59.480+0530: 3714.583: [GC (Allocation Failure) [PSYoungGen: 173664K->96K(174080K)] 298396K->124844K(523776K), 0.0012927 secs] [Times: user=0.00 sys=0.00, real=0.00 secs] 
2018-03-19T13:12:59.775+0530: 3714.878: [GC (Allocation Failure) [PSYoungGen: 173664K->96K(174080K)] 298412K->124868K(523776K), 0.0015152 secs] [Times: user=0.00 sys=0.00, real=0.00 secs] 
2018-03-19T13:13:00.078+0530: 3715.181: [GC (Allocation Failure) [PSYoungGen: 173664K->64K(174080K)] 298436K->124860K(523776K), 0.0015124 secs] [Times: user=0.00 sys=0.00, real=0.00 secs] 
2018-03-19T13:13:00.361+0530: 3715.464: [GC (Allocation Failure) [PSYoungGen: 173632K->96K(174080K)] 298428K->124916K(523776K), 0.0014708 secs] [Times: user=0.00 sys=0.00, real=0.00 secs] 
2018-03-19T13:13:00.643+0530: 3715.746: [GC (Allocation Failure) [PSYoungGen: 173664K->96K(174080K)] 298484K->124948K(523776K), 0.0013364 secs] [Times: user=0.00 sys=0.00, real=0.00 secs] 
2018-03-19T13:13:00.919+0530: 3716.022: [GC (Allocation Failure) [PSYoungGen: 173664K->96K(174080K)] 298516K->124972K(523776K), 0.0014570 secs] [Times: user=0.00 sys=0.00, real=0.00 secs] 
2018-03-19T13:13:01.217+0530: 3716.319: [GC (Allocation Failure) [PSYoungGen: 173664K->96K(174080K)] 298540K->124996K(523776K), 0.0013174 secs] [Times: user=0.00 sys=0.00, real=0.00 secs] 
2018-03-19T13:13:01.507+0530: 3716.609: [GC (Allocation Failure) [PSYoungGen: 173664K->96K(174080K)] 298564K->125020K(523776K), 0.0014845 secs] [Times: user=0.00 sys=0.00, real=0.00 secs] 
2018-03-19T13:13:01.787+0530: 3716.890: [GC (Allocation Failure) [PSYoungGen: 173664K->96K(174080K)] 298588K->125044K(523776K), 0.0012987 secs] [Times: user=0.00 sys=0.00, real=0.00 secs] 
2018-03-19T13:13:02.066+0530: 3717.169: [GC (Allocation Failure) [PSYoungGen: 173664K->32K(174080K)] 298612K->125004K(523776K), 0.0013382 secs] [Times: user=0.00 sys=0.00, real=0.00 secs] 
2018-03-19T13:13:02.340+0530: 3717.442: [GC (Allocation Failure) [PSYoungGen: 173600K->96K(174080K)] 298572K->125084K(523776K), 0.0015021 secs] [Times: user=0.00 sys=0.00, real=0.00 secs] 
2018-03-19T13:13:02.633+0530: 3717.736: [GC (Allocation Failure) [PSYoungGen: 173664K->96K(174080K)] 298652K->125108K(523776K), 0.0013780 secs] [Times: user=0.06 sys=0.00, real=0.00 secs] 
2018-03-19T13:13:02.913+0530: 3718.016: [GC (Allocation Failure) [PSYoungGen: 173664K->96K(174080K)] 298676K->125124K(523776K), 0.0013904 secs] [Times: user=0.00 sys=0.00, real=0.00 secs] 
2018-03-19T13:13:03.197+0530: 3718.300: [GC (Allocation Failure) [PSYoungGen: 173664K->96K(174080K)] 298692K->125148K(523776K), 0.0013724 secs] [Times: user=0.00 sys=0.00, real=0.00 secs] 
2018-03-19T13:13:03.480+0530: 3718.582: [GC (Allocation Failure) [PSYoungGen: 173664K->96K(174080K)] 298716K->125164K(523776K), 0.0013784 secs] [Times: user=0.00 sys=0.00, real=0.00 secs] 
2018-03-19T13:13:03.776+0530: 3718.878: [GC (Allocation Failure) [PSYoungGen: 173664K->96K(174080K)] 298732K->125180K(523776K), 0.0015646 secs] [Times: user=0.00 sys=0.00, real=0.00 secs] 
2018-03-19T13:13:04.055+0530: 3719.158: [GC (Allocation Failure) [PSYoungGen: 173664K->96K(174080K)] 298748K->125212K(523776K), 0.0014944 secs] [Times: user=0.00 sys=0.00, real=0.00 secs] 
2018-03-19T13:13:04.334+0530: 3719.437: [GC (Allocation Failure) [PSYoungGen: 173664K->96K(174080K)] 298780K->125236K(523776K), 0.0013819 secs] [Times: user=0.00 sys=0.00, real=0.00 secs] 
2018-03-19T13:13:04.619+0530: 3719.721: [GC (Allocation Failure) [PSYoungGen: 173664K->96K(174080K)] 298804K->125252K(523776K), 0.0014151 secs] [Times: user=0.00 sys=0.00, real=0.00 secs] 
2018-03-19T13:13:04.895+0530: 3719.998: [GC (Allocation Failure) [PSYoungGen: 173664K->96K(174080K)] 298820K->125284K(523776K), 0.0012976 secs] [Times: user=0.00 sys=0.00, real=0.00 secs] 
2018-03-19T13:13:05.173+0530: 3720.276: [GC (Allocation Failure) [PSYoungGen: 173664K->96K(174080K)] 298852K->125300K(523776K), 0.0014485 secs] [Times: user=0.00 sys=0.00, real=0.00 secs] 
2018-03-19T13:13:05.467+0530: 3720.570: [GC (Allocation Failure) [PSYoungGen: 173664K->96K(174080K)] 298868K->125324K(523776K), 0.0014493 secs] [Times: user=0.00 sys=0.00, real=0.00 secs] 
2018-03-19T13:13:05.745+0530: 3720.848: [GC (Allocation Failure) [PSYoungGen: 173664K->64K(174080K)] 298892K->125316K(523776K), 0.0015402 secs] [Times: user=0.00 sys=0.00, real=0.00 secs] 
2018-03-19T13:13:06.030+0530: 3721.133: [GC (Allocation Failure) [PSYoungGen: 173632K->96K(174080K)] 298884K->125380K(523776K), 0.0014316 secs] [Times: user=0.00 sys=0.00, real=0.00 secs] 
2018-03-19T13:13:06.319+0530: 3721.422: [GC (Allocation Failure) [PSYoungGen: 173664K->96K(174080K)] 298948K->125412K(523776K), 0.0015801 secs] [Times: user=0.00 sys=0.00, real=0.00 secs] 
2018-03-19T13:13:06.612+0530: 3721.714: [GC (Allocation Failure) [PSYoungGen: 173664K->96K(174080K)] 298980K->125444K(523776K), 0.0014482 secs] [Times: user=0.00 sys=0.00, real=0.00 secs] 
2018-03-19T13:13:06.888+0530: 3721.991: [GC (Allocation Failure) [PSYoungGen: 173664K->96K(174080K)] 299012K->125460K(523776K), 0.0014369 secs] [Times: user=0.00 sys=0.00, real=0.00 secs] 
2018-03-19T13:13:07.169+0530: 3722.272: [GC (Allocation Failure) [PSYoungGen: 173664K->64K(174080K)] 299028K->125452K(523776K), 0.0013004 secs] [Times: user=0.00 sys=0.00, real=0.00 secs] 
2018-03-19T13:13:07.450+0530: 3722.553: [GC (Allocation Failure) [PSYoungGen: 173632K->96K(174080K)] 299020K->125516K(523776K), 0.0013223 secs] [Times: user=0.00 sys=0.00, real=0.00 secs] 
2018-03-19T13:13:07.759+0530: 3722.862: [GC (Allocation Failure) [PSYoungGen: 173664K->96K(174080K)] 299084K->125540K(523776K), 0.0013523 secs] [Times: user=0.00 sys=0.00, real=0.00 secs] 
2018-03-19T13:13:08.038+0530: 3723.141: [GC (Allocation Failure) [PSYoungGen: 173664K->96K(174080K)] 299108K->125564K(523776K), 0.0013033 secs] [Times: user=0.00 sys=0.00, real=0.00 secs] 
2018-03-19T13:13:08.316+0530: 3723.419: [GC (Allocation Failure) [PSYoungGen: 173664K->96K(174080K)] 299132K->125580K(523776K), 0.0013907 secs] [Times: user=0.00 sys=0.00, real=0.00 secs] 
2018-03-19T13:13:08.602+0530: 3723.704: [GC (Allocation Failure) [PSYoungGen: 173664K->96K(174080K)] 299148K->125604K(523776K), 0.0012906 secs] [Times: user=0.02 sys=0.00, real=0.00 secs] 
2018-03-19T13:13:08.880+0530: 3723.983: [GC (Allocation Failure) [PSYoungGen: 173664K->96K(174080K)] 299172K->125628K(523776K), 0.0014168 secs] [Times: user=0.00 sys=0.00, real=0.00 secs] 
2018-03-19T13:13:09.158+0530: 3724.261: [GC (Allocation Failure) [PSYoungGen: 173664K->96K(174080K)] 299196K->125652K(523776K), 0.0012825 secs] [Times: user=0.00 sys=0.00, real=0.00 secs] 
2018-03-19T13:13:09.438+0530: 3724.541: [GC (Allocation Failure) [PSYoungGen: 173664K->128K(174080K)] 299220K->125700K(523776K), 0.0014630 secs] [Times: user=0.00 sys=0.00, real=0.00 secs] 
2018-03-19T13:13:09.710+0530: 3724.813: [GC (Allocation Failure) [PSYoungGen: 173696K->96K(174080K)] 299268K->125692K(523776K), 0.0013205 secs] [Times: user=0.00 sys=0.00, real=0.00 secs] 
2018-03-19T13:13:09.988+0530: 3725.091: [GC (Allocation Failure) [PSYoungGen: 173664K->128K(174080K)] 299260K->125740K(523776K), 0.0014239 secs] [Times: user=0.00 sys=0.00, real=0.00 secs] 
2018-03-19T13:13:10.268+0530: 3725.370: [GC (Allocation Failure) [PSYoungGen: 173696K->96K(174080K)] 299308K->125732K(523776K), 0.0014203 secs] [Times: user=0.00 sys=0.00, real=0.00 secs] 
2018-03-19T13:13:10.552+0530: 3725.655: [GC (Allocation Failure) [PSYoungGen: 173664K->96K(174080K)] 299300K->125748K(523776K), 0.0014411 secs] [Times: user=0.00 sys=0.00, real=0.00 secs] 
2018-03-19T13:13:10.851+0530: 3725.954: [GC (Allocation Failure) [PSYoungGen: 173664K->96K(174080K)] 299316K->125772K(523776K), 0.0014359 secs] [Times: user=0.00 sys=0.00, real=0.00 secs] 
2018-03-19T13:13:11.131+0530: 3726.234: [GC (Allocation Failure) [PSYoungGen: 173664K->96K(174080K)] 299340K->125796K(523776K), 0.0014493 secs] [Times: user=0.00 sys=0.00, real=0.00 secs] 
2018-03-19T13:13:11.425+0530: 3726.527: [GC (Allocation Failure) [PSYoungGen: 173664K->96K(174080K)] 299364K->125828K(523776K), 0.0016086 secs] [Times: user=0.00 sys=0.00, real=0.00 secs] 
2018-03-19T13:13:11.703+0530: 3726.806: [GC (Allocation Failure) [PSYoungGen: 173664K->96K(174080K)] 299396K->125852K(523776K), 0.0014965 secs] [Times: user=0.00 sys=0.00, real=0.00 secs] 
2018-03-19T13:13:11.992+0530: 3727.094: [GC (Allocation Failure) [PSYoungGen: 173664K->96K(174080K)] 299420K->125876K(523776K), 0.0014528 secs] [Times: user=0.00 sys=0.00, real=0.00 secs] 
2018-03-19T13:13:12.267+0530: 3727.370: [GC (Allocation Failure) [PSYoungGen: 173664K->64K(174080K)] 299444K->125868K(523776K), 0.0013234 secs] [Times: user=0.00 sys=0.00, real=0.00 secs] 
2018-03-19T13:13:12.565+0530: 3727.668: [GC (Allocation Failure) [PSYoungGen: 173632K->96K(174080K)] 299436K->125924K(523776K), 0.0015490 secs] [Times: user=0.00 sys=0.00, real=0.00 secs] 
2018-03-19T13:13:12.842+0530: 3727.945: [GC (Allocation Failure) [PSYoungGen: 173664K->96K(174080K)] 299492K->125940K(523776K), 0.0013107 secs] [Times: user=0.00 sys=0.00, real=0.00 secs] 
2018-03-19T13:13:13.121+0530: 3728.224: [GC (Allocation Failure) [PSYoungGen: 173664K->96K(174080K)] 299508K->125956K(523776K), 0.0014151 secs] [Times: user=0.00 sys=0.00, real=0.00 secs] 
2018-03-19T13:13:13.400+0530: 3728.503: [GC (Allocation Failure) [PSYoungGen: 173664K->64K(174080K)] 299524K->125948K(523776K), 0.0014919 secs] [Times: user=0.00 sys=0.00, real=0.00 secs] 
2018-03-19T13:13:13.673+0530: 3728.776: [GC (Allocation Failure) [PSYoungGen: 173632K->96K(174080K)] 299516K->125996K(523776K), 0.0014277 secs] [Times: user=0.00 sys=0.00, real=0.00 secs] 
2018-03-19T13:13:13.955+0530: 3729.058: [GC (Allocation Failure) [PSYoungGen: 173664K->64K(174080K)] 299564K->125988K(523776K), 0.0012807 secs] [Times: user=0.00 sys=0.00, real=0.00 secs] 
2018-03-19T13:13:14.236+0530: 3729.339: [GC (Allocation Failure) [PSYoungGen: 173632K->96K(174080K)] 299556K->126044K(523776K), 0.0014828 secs] [Times: user=0.00 sys=0.00, real=0.00 secs] 
2018-03-19T13:13:14.517+0530: 3729.620: [GC (Allocation Failure) [PSYoungGen: 173664K->96K(174080K)] 299612K->126068K(523776K), 0.0015014 secs] [Times: user=0.00 sys=0.00, real=0.00 secs] 
2018-03-19T13:13:14.834+0530: 3729.937: [GC (Allocation Failure) [PSYoungGen: 173664K->96K(174080K)] 299636K->126092K(523776K), 0.0014662 secs] [Times: user=0.00 sys=0.00, real=0.00 secs] 
2018-03-19T13:13:15.118+0530: 3730.221: [GC (Allocation Failure) [PSYoungGen: 173664K->96K(174080K)] 299660K->126108K(523776K), 0.0013622 secs] [Times: user=0.00 sys=0.00, real=0.00 secs] 
2018-03-19T13:13:15.398+0530: 3730.501: [GC (Allocation Failure) [PSYoungGen: 173664K->96K(174080K)] 299676K->126124K(523776K), 0.0014087 secs] [Times: user=0.00 sys=0.00, real=0.00 secs] 
2018-03-19T13:13:15.679+0530: 3730.782: [GC (Allocation Failure) [PSYoungGen: 173664K->64K(174080K)] 299692K->126108K(523776K), 0.0018005 secs] [Times: user=0.00 sys=0.00, real=0.00 secs] 
2018-03-19T13:13:15.985+0530: 3731.088: [GC (Allocation Failure) [PSYoungGen: 173632K->96K(174080K)] 299676K->126164K(523776K), 0.0015325 secs] [Times: user=0.00 sys=0.00, real=0.00 secs] 
2018-03-19T13:13:16.277+0530: 3731.380: [GC (Allocation Failure) [PSYoungGen: 173664K->96K(174080K)] 299732K->126180K(523776K), 0.0013569 secs] [Times: user=0.00 sys=0.00, real=0.00 secs] 
2018-03-19T13:13:16.561+0530: 3731.664: [GC (Allocation Failure) [PSYoungGen: 173664K->96K(174080K)] 299748K->126204K(523776K), 0.0013632 secs] [Times: user=0.00 sys=0.00, real=0.00 secs] 
2018-03-19T13:13:16.837+0530: 3731.940: [GC (Allocation Failure) [PSYoungGen: 173664K->96K(174080K)] 299772K->126228K(523776K), 0.0015021 secs] [Times: user=0.00 sys=0.00, real=0.00 secs] 
2018-03-19T13:13:17.112+0530: 3732.214: [GC (Allocation Failure) [PSYoungGen: 173664K->96K(174080K)] 299796K->126252K(523776K), 0.0014094 secs] [Times: user=0.00 sys=0.00, real=0.00 secs] 
2018-03-19T13:13:17.394+0530: 3732.497: [GC (Allocation Failure) [PSYoungGen: 173664K->64K(174080K)] 299820K->126244K(523776K), 0.0017860 secs] [Times: user=0.00 sys=0.00, real=0.00 secs] 
2018-03-19T13:13:17.675+0530: 3732.778: [GC (Allocation Failure) [PSYoungGen: 173632K->96K(174080K)] 299812K->126300K(523776K), 0.0013516 secs] [Times: user=0.00 sys=0.00, real=0.00 secs] 
2018-03-19T13:13:17.950+0530: 3733.054: [GC (Allocation Failure) [PSYoungGen: 173664K->96K(174080K)] 299868K->126332K(523776K), 0.0014771 secs] [Times: user=0.00 sys=0.00, real=0.00 secs] 
2018-03-19T13:13:18.233+0530: 3733.335: [GC (Allocation Failure) [PSYoungGen: 173664K->64K(174080K)] 299900K->126316K(523776K), 0.0013805 secs] [Times: user=0.00 sys=0.00, real=0.00 secs] 
2018-03-19T13:13:18.514+0530: 3733.617: [GC (Allocation Failure) [PSYoungGen: 173632K->96K(174080K)] 299884K->126372K(523776K), 0.0014175 secs] [Times: user=0.00 sys=0.00, real=0.00 secs] 
2018-03-19T13:13:18.792+0530: 3733.894: [GC (Allocation Failure) [PSYoungGen: 173664K->96K(174080K)] 299940K->126388K(523776K), 0.0014514 secs] [Times: user=0.00 sys=0.00, real=0.00 secs] 
2018-03-19T13:13:19.066+0530: 3734.170: [GC (Allocation Failure) [PSYoungGen: 173664K->96K(174080K)] 299956K->126404K(523776K), 0.0012257 secs] [Times: user=0.00 sys=0.00, real=0.00 secs] 
2018-03-19T13:13:19.347+0530: 3734.449: [GC (Allocation Failure) [PSYoungGen: 173664K->96K(174080K)] 299972K->126428K(523776K), 0.0014408 secs] [Times: user=0.00 sys=0.00, real=0.00 secs] 
2018-03-19T13:13:19.628+0530: 3734.731: [GC (Allocation Failure) [PSYoungGen: 173664K->96K(174080K)] 299996K->126452K(523776K), 0.0014993 secs] [Times: user=0.00 sys=0.00, real=0.00 secs] 
2018-03-19T13:13:19.921+0530: 3735.024: [GC (Allocation Failure) [PSYoungGen: 173664K->64K(174080K)] 300020K->126444K(523776K), 0.0013019 secs] [Times: user=0.00 sys=0.00, real=0.00 secs] 
2018-03-19T13:13:20.198+0530: 3735.301: [GC (Allocation Failure) [PSYoungGen: 173632K->96K(174080K)] 300012K->126492K(523776K), 0.0014330 secs] [Times: user=0.00 sys=0.00, real=0.00 secs] 
2018-03-19T13:13:20.481+0530: 3735.584: [GC (Allocation Failure) [PSYoungGen: 173664K->96K(174080K)] 300060K->126508K(523776K), 0.0014799 secs] [Times: user=0.00 sys=0.00, real=0.00 secs] 
2018-03-19T13:13:20.760+0530: 3735.863: [GC (Allocation Failure) [PSYoungGen: 173664K->96K(174080K)] 300076K->126524K(523776K), 0.0013883 secs] [Times: user=0.00 sys=0.00, real=0.00 secs] 
2018-03-19T13:13:21.045+0530: 3736.148: [GC (Allocation Failure) [PSYoungGen: 173664K->96K(174080K)] 300092K->126556K(523776K), 0.0013950 secs] [Times: user=0.00 sys=0.00, real=0.00 secs] 
2018-03-19T13:13:21.333+0530: 3736.436: [GC (Allocation Failure) [PSYoungGen: 173664K->64K(174080K)] 300124K->126548K(523776K), 0.0014951 secs] [Times: user=0.00 sys=0.00, real=0.00 secs] 
2018-03-19T13:13:21.612+0530: 3736.714: [GC (Allocation Failure) [PSYoungGen: 173632K->64K(174080K)] 300116K->126572K(523776K), 0.0014295 secs] [Times: user=0.00 sys=0.00, real=0.00 secs] 
2018-03-19T13:13:21.891+0530: 3736.994: [GC (Allocation Failure) [PSYoungGen: 173632K->96K(174080K)] 300140K->126620K(523776K), 0.0013015 secs] [Times: user=0.00 sys=0.00, real=0.00 secs] 
2018-03-19T13:13:22.168+0530: 3737.271: [GC (Allocation Failure) [PSYoungGen: 173664K->96K(174080K)] 300188K->126652K(523776K), 0.0014605 secs] [Times: user=0.00 sys=0.00, real=0.00 secs] 
2018-03-19T13:13:22.461+0530: 3737.564: [GC (Allocation Failure) [PSYoungGen: 173664K->96K(174080K)] 300220K->126668K(523776K), 0.0016192 secs] [Times: user=0.02 sys=0.00, real=0.00 secs] 
2018-03-19T13:13:22.742+0530: 3737.844: [GC (Allocation Failure) [PSYoungGen: 173664K->96K(174080K)] 300236K->126692K(523776K), 0.0013054 secs] [Times: user=0.00 sys=0.00, real=0.00 secs] 
2018-03-19T13:13:23.036+0530: 3738.139: [GC (Allocation Failure) [PSYoungGen: 173664K->96K(174080K)] 300260K->126716K(523776K), 0.0012525 secs] [Times: user=0.00 sys=0.00, real=0.00 secs] 
2018-03-19T13:13:23.312+0530: 3738.416: [GC (Allocation Failure) [PSYoungGen: 173664K->96K(174080K)] 300284K->126732K(523776K), 0.0015427 secs] [Times: user=0.00 sys=0.00, real=0.00 secs] 
2018-03-19T13:13:23.596+0530: 3738.699: [GC (Allocation Failure) [PSYoungGen: 173664K->96K(174080K)] 300300K->126764K(523776K), 0.0013904 secs] [Times: user=0.00 sys=0.00, real=0.00 secs] 
2018-03-19T13:13:23.895+0530: 3738.998: [GC (Allocation Failure) [PSYoungGen: 173664K->96K(174080K)] 300332K->126788K(523776K), 0.0014017 secs] [Times: user=0.00 sys=0.00, real=0.00 secs] 
2018-03-19T13:13:24.175+0530: 3739.278: [GC (Allocation Failure) [PSYoungGen: 173664K->96K(174080K)] 300356K->126804K(523776K), 0.0014337 secs] [Times: user=0.00 sys=0.00, real=0.00 secs] 
2018-03-19T13:13:24.463+0530: 3739.566: [GC (Allocation Failure) [PSYoungGen: 173664K->96K(174080K)] 300372K->126820K(523776K), 0.0013512 secs] [Times: user=0.00 sys=0.00, real=0.00 secs] 
2018-03-19T13:13:24.746+0530: 3739.849: [GC (Allocation Failure) [PSYoungGen: 173664K->96K(174080K)] 300388K->126836K(523776K), 0.0013357 secs] [Times: user=0.00 sys=0.00, real=0.00 secs] 
2018-03-19T13:13:25.025+0530: 3740.128: [GC (Allocation Failure) [PSYoungGen: 173664K->96K(174080K)] 300404K->126868K(523776K), 0.0015660 secs] [Times: user=0.00 sys=0.00, real=0.00 secs] 
2018-03-19T13:13:25.302+0530: 3740.405: [GC (Allocation Failure) [PSYoungGen: 173664K->96K(174080K)] 300436K->126892K(523776K), 0.0014563 secs] [Times: user=0.00 sys=0.00, real=0.00 secs] 
2018-03-19T13:13:25.589+0530: 3740.692: [GC (Allocation Failure) [PSYoungGen: 173664K->96K(174080K)] 300460K->126916K(523776K), 0.0014105 secs] [Times: user=0.00 sys=0.00, real=0.00 secs] 
2018-03-19T13:13:25.867+0530: 3740.970: [GC (Allocation Failure) [PSYoungGen: 173664K->96K(174080K)] 300484K->126940K(523776K), 0.0014531 secs] [Times: user=0.00 sys=0.00, real=0.00 secs] 
2018-03-19T13:13:26.146+0530: 3741.249: [GC (Allocation Failure) [PSYoungGen: 173664K->64K(174080K)] 300508K->126932K(523776K), 0.0012863 secs] [Times: user=0.00 sys=0.00, real=0.00 secs] 
2018-03-19T13:13:26.435+0530: 3741.539: [GC (Allocation Failure) [PSYoungGen: 173632K->64K(174080K)] 300500K->126956K(523776K), 0.0015406 secs] [Times: user=0.00 sys=0.00, real=0.00 secs] 
2018-03-19T13:13:26.716+0530: 3741.819: [GC (Allocation Failure) [PSYoungGen: 173632K->96K(174080K)] 300524K->127012K(523776K), 0.0012662 secs] [Times: user=0.00 sys=0.00, real=0.00 secs] 
2018-03-19T13:13:27.005+0530: 3742.108: [GC (Allocation Failure) [PSYoungGen: 173664K->96K(174080K)] 300580K->127028K(523776K), 0.0014549 secs] [Times: user=0.00 sys=0.00, real=0.00 secs] 
2018-03-19T13:13:27.283+0530: 3742.385: [GC (Allocation Failure) [PSYoungGen: 173664K->96K(174080K)] 300596K->127052K(523776K), 0.0013904 secs] [Times: user=0.00 sys=0.00, real=0.00 secs] 
2018-03-19T13:13:27.568+0530: 3742.671: [GC (Allocation Failure) [PSYoungGen: 173664K->64K(174080K)] 300620K->127044K(523776K), 0.0014373 secs] [Times: user=0.00 sys=0.00, real=0.00 secs] 
2018-03-19T13:13:27.864+0530: 3742.967: [GC (Allocation Failure) [PSYoungGen: 173632K->96K(174080K)] 300612K->127092K(523776K), 0.0015000 secs] [Times: user=0.00 sys=0.00, real=0.00 secs] 
2018-03-19T13:13:28.143+0530: 3743.245: [GC (Allocation Failure) [PSYoungGen: 173664K->96K(174080K)] 300660K->127116K(523776K), 0.0013960 secs] [Times: user=0.00 sys=0.00, real=0.00 secs] 
2018-03-19T13:13:28.428+0530: 3743.532: [GC (Allocation Failure) [PSYoungGen: 173664K->96K(174080K)] 300684K->127140K(523776K), 0.0012712 secs] [Times: user=0.00 sys=0.00, real=0.00 secs] 
2018-03-19T13:13:28.710+0530: 3743.813: [GC (Allocation Failure) [PSYoungGen: 173664K->96K(174080K)] 300708K->127164K(523776K), 0.0013318 secs] [Times: user=0.00 sys=0.00, real=0.00 secs] 
2018-03-19T13:13:28.995+0530: 3744.098: [GC (Allocation Failure) [PSYoungGen: 173664K->96K(174080K)] 300732K->127180K(523776K), 0.0015113 secs] [Times: user=0.00 sys=0.00, real=0.00 secs] 
2018-03-19T13:13:29.328+0530: 3744.431: [GC (Allocation Failure) [PSYoungGen: 173664K->64K(174080K)] 300748K->127164K(523776K), 0.0019669 secs] [Times: user=0.00 sys=0.00, real=0.00 secs] 
2018-03-19T13:13:29.682+0530: 3744.785: [GC (Allocation Failure) [PSYoungGen: 173632K->96K(174080K)] 300732K->127228K(523776K), 0.0016686 secs] [Times: user=0.00 sys=0.00, real=0.00 secs] 
2018-03-19T13:13:30.007+0530: 3745.110: [GC (Allocation Failure) [PSYoungGen: 173664K->64K(174080K)] 300796K->127212K(523776K), 0.0025600 secs] [Times: user=0.02 sys=0.00, real=0.00 secs] 
2018-03-19T13:13:30.384+0530: 3745.487: [GC (Allocation Failure) [PSYoungGen: 173632K->96K(174080K)] 300780K->127260K(523776K), 0.0016862 secs] [Times: user=0.00 sys=0.00, real=0.00 secs] 
2018-03-19T13:13:30.782+0530: 3745.885: [GC (Allocation Failure) [PSYoungGen: 173664K->64K(174080K)] 300828K->127244K(523776K), 0.0017388 secs] [Times: user=0.00 sys=0.00, real=0.00 secs] 
2018-03-19T13:13:31.156+0530: 3746.259: [GC (Allocation Failure) [PSYoungGen: 173632K->96K(174080K)] 300812K->127308K(523776K), 0.0015780 secs] [Times: user=0.00 sys=0.00, real=0.00 secs] 
2018-03-19T13:13:31.567+0530: 3746.670: [GC (Allocation Failure) [PSYoungGen: 173664K->32K(174080K)] 300876K->127260K(523776K), 0.0024556 secs] [Times: user=0.00 sys=0.00, real=0.00 secs] 
2018-03-19T13:13:34.605+0530: 3749.708: [GC (Allocation Failure) [PSYoungGen: 173600K->32K(174080K)] 300828K->127276K(523776K), 0.0013198 secs] [Times: user=0.00 sys=0.00, real=0.00 secs] 
2018-03-19T13:13:34.862+0530: 3749.965: [GC (Allocation Failure) [PSYoungGen: 173600K->32K(174080K)] 300844K->127300K(523776K), 0.0011587 secs] [Times: user=0.00 sys=0.00, real=0.00 secs] 
2018-03-19T13:13:35.087+0530: 3750.190: [GC (Allocation Failure) [PSYoungGen: 173600K->64K(174080K)] 300868K->127348K(523776K), 0.0011696 secs] [Times: user=0.00 sys=0.00, real=0.00 secs] 
2018-03-19T13:13:35.333+0530: 3750.435: [GC (Allocation Failure) [PSYoungGen: 173632K->96K(174080K)] 300916K->127412K(523776K), 0.0013921 secs] [Times: user=0.00 sys=0.00, real=0.00 secs] 
2018-03-19T13:13:35.650+0530: 3750.753: [GC (Allocation Failure) [PSYoungGen: 173664K->96K(174080K)] 300980K->127428K(523776K), 0.0014997 secs] [Times: user=0.00 sys=0.00, real=0.00 secs] 
2018-03-19T13:13:35.969+0530: 3751.072: [GC (Allocation Failure) [PSYoungGen: 173664K->96K(174080K)] 300996K->127444K(523776K), 0.0017049 secs] [Times: user=0.00 sys=0.00, real=0.00 secs] 
2018-03-19T13:13:36.371+0530: 3751.473: [GC (Allocation Failure) [PSYoungGen: 173664K->96K(174080K)] 301012K->127460K(523776K), 0.0014203 secs] [Times: user=0.00 sys=0.00, real=0.00 secs] 
2018-03-19T13:13:36.670+0530: 3751.773: [GC (Allocation Failure) [PSYoungGen: 173664K->64K(174080K)] 301028K->127452K(523776K), 0.0015416 secs] [Times: user=0.00 sys=0.00, real=0.00 secs] 
2018-03-19T13:13:37.248+0530: 3752.351: [GC (Allocation Failure) [PSYoungGen: 173632K->32K(174080K)] 301020K->127436K(523776K), 0.0021443 secs] [Times: user=0.00 sys=0.00, real=0.00 secs] 
2018-03-19T13:13:37.733+0530: 3752.836: [GC (Allocation Failure) [PSYoungGen: 173600K->96K(174080K)] 301004K->127516K(523776K), 0.0013544 secs] [Times: user=0.00 sys=0.00, real=0.00 secs] 
2018-03-19T13:13:38.021+0530: 3753.124: [GC (Allocation Failure) [PSYoungGen: 173664K->96K(174080K)] 301084K->127548K(523776K), 0.0013660 secs] [Times: user=0.00 sys=0.00, real=0.00 secs] 
2018-03-19T13:13:38.331+0530: 3753.434: [GC (Allocation Failure) [PSYoungGen: 173664K->96K(174080K)] 301116K->127564K(523776K), 0.0014969 secs] [Times: user=0.00 sys=0.00, real=0.00 secs] 
2018-03-19T13:13:38.658+0530: 3753.760: [GC (Allocation Failure) [PSYoungGen: 173664K->96K(174080K)] 301132K->127580K(523776K), 0.0016002 secs] [Times: user=0.00 sys=0.00, real=0.00 secs] 
2018-03-19T13:13:39.108+0530: 3754.212: [GC (Allocation Failure) [PSYoungGen: 173664K->96K(174080K)] 301148K->127604K(523776K), 0.0016323 secs] [Times: user=0.00 sys=0.00, real=0.00 secs] 
2018-03-19T13:13:39.463+0530: 3754.566: [GC (Allocation Failure) [PSYoungGen: 173664K->64K(174080K)] 301172K->127588K(523776K), 0.0026831 secs] [Times: user=0.00 sys=0.00, real=0.00 secs] 
2018-03-19T13:13:39.860+0530: 3754.963: [GC (Allocation Failure) [PSYoungGen: 173632K->96K(174080K)] 301156K->127636K(523776K), 0.0015353 secs] [Times: user=0.00 sys=0.00, real=0.00 secs] 
2018-03-19T13:13:40.242+0530: 3755.344: [GC (Allocation Failure) [PSYoungGen: 173664K->96K(174080K)] 301204K->127668K(523776K), 0.0015222 secs] [Times: user=0.00 sys=0.00, real=0.00 secs] 
2018-03-19T13:13:40.571+0530: 3755.673: [GC (Allocation Failure) [PSYoungGen: 173664K->96K(174080K)] 301236K->127684K(523776K), 0.0016580 secs] [Times: user=0.00 sys=0.00, real=0.00 secs] 
2018-03-19T13:13:40.894+0530: 3755.996: [GC (Allocation Failure) [PSYoungGen: 173664K->64K(174080K)] 301252K->127668K(523776K), 0.0018357 secs] [Times: user=0.00 sys=0.00, real=0.00 secs] 
2018-03-19T13:13:41.217+0530: 3756.320: [GC (Allocation Failure) [PSYoungGen: 173632K->96K(174080K)] 301236K->127732K(523776K), 0.0015155 secs] [Times: user=0.00 sys=0.00, real=0.00 secs] 
2018-03-19T13:13:41.538+0530: 3756.641: [GC (Allocation Failure) [PSYoungGen: 173664K->96K(174080K)] 301300K->127756K(523776K), 0.0014507 secs] [Times: user=0.00 sys=0.00, real=0.00 secs] 
2018-03-19T13:13:41.845+0530: 3756.948: [GC (Allocation Failure) [PSYoungGen: 173664K->96K(174080K)] 301324K->127772K(523776K), 0.0016368 secs] [Times: user=0.00 sys=0.00, real=0.00 secs] 
2018-03-19T13:13:42.147+0530: 3757.250: [GC (Allocation Failure) [PSYoungGen: 173664K->64K(174080K)] 301340K->127764K(523776K), 0.0013629 secs] [Times: user=0.00 sys=0.00, real=0.00 secs] 
2018-03-19T13:13:42.449+0530: 3757.552: [GC (Allocation Failure) [PSYoungGen: 173632K->96K(174080K)] 301332K->127828K(523776K), 0.0015265 secs] [Times: user=0.00 sys=0.00, real=0.00 secs] 
2018-03-19T13:13:42.771+0530: 3757.874: [GC (Allocation Failure) [PSYoungGen: 173664K->96K(174080K)] 301396K->127844K(523776K), 0.0015533 secs] [Times: user=0.00 sys=0.00, real=0.00 secs] 
2018-03-19T13:13:43.071+0530: 3758.173: [GC (Allocation Failure) [PSYoungGen: 173664K->96K(174080K)] 301412K->127868K(523776K), 0.0015177 secs] [Times: user=0.00 sys=0.00, real=0.00 secs] 
2018-03-19T13:13:43.372+0530: 3758.475: [GC (Allocation Failure) [PSYoungGen: 173664K->96K(174080K)] 301436K->127884K(523776K), 0.0015741 secs] [Times: user=0.00 sys=0.00, real=0.00 secs] 
2018-03-19T13:13:43.679+0530: 3758.782: [GC (Allocation Failure) [PSYoungGen: 173664K->96K(174080K)] 301452K->127908K(523776K), 0.0014355 secs] [Times: user=0.02 sys=0.00, real=0.00 secs] 
2018-03-19T13:13:43.994+0530: 3759.097: [GC (Allocation Failure) [PSYoungGen: 173664K->96K(174080K)] 301476K->127932K(523776K), 0.0015924 secs] [Times: user=0.00 sys=0.00, real=0.00 secs] 
2018-03-19T13:13:44.286+0530: 3759.390: [GC (Allocation Failure) [PSYoungGen: 173664K->64K(174080K)] 301500K->127916K(523776K), 0.0015660 secs] [Times: user=0.00 sys=0.00, real=0.00 secs] 
2018-03-19T13:13:44.595+0530: 3759.698: [GC (Allocation Failure) [PSYoungGen: 173632K->64K(174080K)] 301484K->127940K(523776K), 0.0015462 secs] [Times: user=0.00 sys=0.00, real=0.00 secs] 
2018-03-19T13:13:44.896+0530: 3759.999: [GC (Allocation Failure) [PSYoungGen: 173632K->96K(174080K)] 301508K->127996K(523776K), 0.0016947 secs] [Times: user=0.00 sys=0.00, real=0.00 secs] 
2018-03-19T13:13:45.198+0530: 3760.301: [GC (Allocation Failure) [PSYoungGen: 173664K->96K(174080K)] 301564K->128028K(523776K), 0.0015727 secs] [Times: user=0.00 sys=0.00, real=0.00 secs] 
2018-03-19T13:13:45.507+0530: 3760.610: [GC (Allocation Failure) [PSYoungGen: 173664K->96K(174080K)] 301596K->128052K(523776K), 0.0015762 secs] [Times: user=0.00 sys=0.00, real=0.00 secs] 
2018-03-19T13:13:45.802+0530: 3760.905: [GC (Allocation Failure) [PSYoungGen: 173664K->96K(174080K)] 301620K->128076K(523776K), 0.0014020 secs] [Times: user=0.00 sys=0.00, real=0.00 secs] 
2018-03-19T13:13:46.080+0530: 3761.183: [GC (Allocation Failure) [PSYoungGen: 173664K->64K(174080K)] 301644K->128068K(523776K), 0.0012969 secs] [Times: user=0.00 sys=0.00, real=0.00 secs] 
2018-03-19T13:13:46.367+0530: 3761.471: [GC (Allocation Failure) [PSYoungGen: 173632K->64K(174080K)] 301636K->128100K(523776K), 0.0014679 secs] [Times: user=0.00 sys=0.02, real=0.00 secs] 
2018-03-19T13:13:46.664+0530: 3761.767: [GC (Allocation Failure) [PSYoungGen: 173632K->64K(174080K)] 301668K->128124K(523776K), 0.0015261 secs] [Times: user=0.01 sys=0.00, real=0.00 secs] 
2018-03-19T13:13:46.946+0530: 3762.050: [GC (Allocation Failure) [PSYoungGen: 173632K->32K(174080K)] 301692K->128116K(523776K), 0.0014091 secs] [Times: user=0.01 sys=0.00, real=0.00 secs] 
2018-03-19T13:13:47.226+0530: 3762.329: [GC (Allocation Failure) [PSYoungGen: 173600K->64K(174080K)] 301684K->128164K(523776K), 0.0013227 secs] [Times: user=0.02 sys=0.00, real=0.00 secs] 
2018-03-19T13:13:47.522+0530: 3762.625: [GC (Allocation Failure) [PSYoungGen: 173632K->64K(174080K)] 301732K->128188K(523776K), 0.0015131 secs] [Times: user=0.00 sys=0.00, real=0.00 secs] 
2018-03-19T13:13:47.816+0530: 3762.919: [GC (Allocation Failure) [PSYoungGen: 173632K->64K(174080K)] 301756K->128204K(523776K), 0.0012638 secs] [Times: user=0.00 sys=0.00, real=0.00 secs] 
2018-03-19T13:13:48.094+0530: 3763.197: [GC (Allocation Failure) [PSYoungGen: 173632K->96K(174080K)] 301772K->128252K(523776K), 0.0019965 secs] [Times: user=0.00 sys=0.00, real=0.00 secs] 
2018-03-19T13:13:48.402+0530: 3763.504: [GC (Allocation Failure) [PSYoungGen: 173664K->96K(174080K)] 301820K->128276K(523776K), 0.0016986 secs] [Times: user=0.00 sys=0.00, real=0.00 secs] 
2018-03-19T13:13:48.702+0530: 3763.805: [GC (Allocation Failure) [PSYoungGen: 173664K->96K(174080K)] 301844K->128292K(523776K), 0.0015459 secs] [Times: user=0.00 sys=0.00, real=0.00 secs] 
2018-03-19T13:13:48.988+0530: 3764.091: [GC (Allocation Failure) [PSYoungGen: 173664K->96K(174080K)] 301860K->128316K(523776K), 0.0015550 secs] [Times: user=0.00 sys=0.00, real=0.00 secs] 
2018-03-19T13:13:49.278+0530: 3764.381: [GC (Allocation Failure) [PSYoungGen: 173664K->96K(174080K)] 301884K->128340K(523776K), 0.0015194 secs] [Times: user=0.00 sys=0.00, real=0.00 secs] 
2018-03-19T13:13:49.577+0530: 3764.679: [GC (Allocation Failure) [PSYoungGen: 173664K->96K(174080K)] 301908K->128364K(523776K), 0.0013784 secs] [Times: user=0.00 sys=0.00, real=0.00 secs] 
2018-03-19T13:13:49.865+0530: 3764.967: [GC (Allocation Failure) [PSYoungGen: 173664K->64K(174080K)] 301932K->128356K(523776K), 0.0013928 secs] [Times: user=0.00 sys=0.00, real=0.00 secs] 
2018-03-19T13:13:50.160+0530: 3765.262: [GC (Allocation Failure) [PSYoungGen: 173632K->96K(174080K)] 301924K->128412K(523776K), 0.0013403 secs] [Times: user=0.00 sys=0.00, real=0.00 secs] 
2018-03-19T13:13:50.457+0530: 3765.559: [GC (Allocation Failure) [PSYoungGen: 173664K->96K(174080K)] 301980K->128428K(523776K), 0.0014087 secs] [Times: user=0.00 sys=0.00, real=0.00 secs] 
2018-03-19T13:13:50.758+0530: 3765.862: [GC (Allocation Failure) [PSYoungGen: 173664K->96K(174080K)] 301996K->128452K(523776K), 0.0013971 secs] [Times: user=0.00 sys=0.00, real=0.00 secs] 
2018-03-19T13:13:51.052+0530: 3766.156: [GC (Allocation Failure) [PSYoungGen: 173664K->64K(174080K)] 302020K->128444K(523776K), 0.0014884 secs] [Times: user=0.00 sys=0.00, real=0.00 secs] 
2018-03-19T13:13:51.353+0530: 3766.456: [GC (Allocation Failure) [PSYoungGen: 173632K->96K(174080K)] 302012K->128492K(523776K), 0.0014895 secs] [Times: user=0.00 sys=0.00, real=0.00 secs] 
2018-03-19T13:13:51.660+0530: 3766.763: [GC (Allocation Failure) [PSYoungGen: 173664K->96K(174080K)] 302060K->128516K(523776K), 0.0014517 secs] [Times: user=0.00 sys=0.00, real=0.00 secs] 
2018-03-19T13:13:51.963+0530: 3767.065: [GC (Allocation Failure) [PSYoungGen: 173664K->96K(174080K)] 302084K->128548K(523776K), 0.0013505 secs] [Times: user=0.00 sys=0.00, real=0.00 secs] 
2018-03-19T13:13:52.247+0530: 3767.349: [GC (Allocation Failure) [PSYoungGen: 173664K->64K(174080K)] 302116K->128540K(523776K), 0.0015088 secs] [Times: user=0.00 sys=0.00, real=0.00 secs] 
2018-03-19T13:13:52.541+0530: 3767.644: [GC (Allocation Failure) [PSYoungGen: 173632K->64K(174080K)] 302108K->128564K(523776K), 0.0015914 secs] [Times: user=0.00 sys=0.00, real=0.00 secs] 
2018-03-19T13:13:52.845+0530: 3767.947: [GC (Allocation Failure) [PSYoungGen: 173632K->96K(174080K)] 302132K->128620K(523776K), 0.0013696 secs] [Times: user=0.00 sys=0.00, real=0.00 secs] 
2018-03-19T13:13:53.137+0530: 3768.240: [GC (Allocation Failure) [PSYoungGen: 173664K->96K(174080K)] 302188K->128644K(523776K), 0.0015148 secs] [Times: user=0.00 sys=0.00, real=0.00 secs] 
2018-03-19T13:13:53.441+0530: 3768.545: [GC (Allocation Failure) [PSYoungGen: 173664K->96K(174080K)] 302212K->128660K(523776K), 0.0014810 secs] [Times: user=0.00 sys=0.00, real=0.00 secs] 
2018-03-19T13:13:53.734+0530: 3768.837: [GC (Allocation Failure) [PSYoungGen: 173664K->96K(174080K)] 302228K->128676K(523776K), 0.0014634 secs] [Times: user=0.00 sys=0.00, real=0.00 secs] 
2018-03-19T13:13:54.046+0530: 3769.149: [GC (Allocation Failure) [PSYoungGen: 173664K->96K(174080K)] 302244K->128700K(523776K), 0.0015910 secs] [Times: user=0.00 sys=0.00, real=0.00 secs] 
2018-03-19T13:13:54.345+0530: 3769.448: [GC (Allocation Failure) [PSYoungGen: 173664K->96K(174080K)] 302268K->128724K(523776K), 0.0014880 secs] [Times: user=0.00 sys=0.00, real=0.00 secs] 
2018-03-19T13:13:54.648+0530: 3769.752: [GC (Allocation Failure) [PSYoungGen: 173664K->96K(174080K)] 302292K->128740K(523776K), 0.0015564 secs] [Times: user=0.00 sys=0.00, real=0.00 secs] 
2018-03-19T13:13:54.936+0530: 3770.039: [GC (Allocation Failure) [PSYoungGen: 173664K->64K(174080K)] 302308K->128732K(523776K), 0.0013322 secs] [Times: user=0.00 sys=0.00, real=0.00 secs] 
2018-03-19T13:13:55.291+0530: 3770.393: [GC (Allocation Failure) [PSYoungGen: 173632K->64K(174080K)] 302300K->128748K(523776K), 0.0015896 secs] [Times: user=0.00 sys=0.00, real=0.00 secs] 
2018-03-19T13:13:55.662+0530: 3770.764: [GC (Allocation Failure) [PSYoungGen: 173632K->96K(174080K)] 302316K->128796K(523776K), 0.0015110 secs] [Times: user=0.00 sys=0.00, real=0.00 secs] 
2018-03-19T13:13:56.018+0530: 3771.121: [GC (Allocation Failure) [PSYoungGen: 173664K->96K(174080K)] 302364K->128820K(523776K), 0.0015765 secs] [Times: user=0.00 sys=0.00, real=0.00 secs] 
2018-03-19T13:13:56.339+0530: 3771.442: [GC (Allocation Failure) [PSYoungGen: 173664K->96K(174080K)] 302388K->128844K(523776K), 0.0014404 secs] [Times: user=0.00 sys=0.00, real=0.00 secs] 
2018-03-19T13:13:56.784+0530: 3771.887: [GC (Allocation Failure) [PSYoungGen: 173664K->96K(174080K)] 302412K->128868K(523776K), 0.0020233 secs] [Times: user=0.00 sys=0.00, real=0.00 secs] 
2018-03-19T13:13:57.168+0530: 3772.271: [GC (Allocation Failure) [PSYoungGen: 173664K->96K(174080K)] 302436K->128892K(523776K), 0.0017797 secs] [Times: user=0.00 sys=0.00, real=0.00 secs] 
2018-03-19T13:13:57.512+0530: 3772.615: [GC (Allocation Failure) [PSYoungGen: 173664K->96K(174080K)] 302460K->128908K(523776K), 0.0015110 secs] [Times: user=0.00 sys=0.00, real=0.00 secs] 
2018-03-19T13:13:57.839+0530: 3772.942: [GC (Allocation Failure) [PSYoungGen: 173664K->96K(174080K)] 302476K->128924K(523776K), 0.0014186 secs] [Times: user=0.00 sys=0.00, real=0.00 secs] 
2018-03-19T13:13:58.161+0530: 3773.264: [GC (Allocation Failure) [PSYoungGen: 173664K->96K(174080K)] 302492K->128948K(523776K), 0.0014239 secs] [Times: user=0.00 sys=0.00, real=0.00 secs] 
2018-03-19T13:13:58.473+0530: 3773.576: [GC (Allocation Failure) [PSYoungGen: 173664K->96K(174080K)] 302516K->128972K(523776K), 0.0015501 secs] [Times: user=0.00 sys=0.00, real=0.00 secs] 
2018-03-19T13:13:58.773+0530: 3773.876: [GC (Allocation Failure) [PSYoungGen: 173664K->96K(174080K)] 302540K->128988K(523776K), 0.0014115 secs] [Times: user=0.02 sys=0.00, real=0.00 secs] 
2018-03-19T13:13:59.072+0530: 3774.175: [GC (Allocation Failure) [PSYoungGen: 173664K->96K(174080K)] 302556K->129004K(523776K), 0.0015670 secs] [Times: user=0.00 sys=0.00, real=0.00 secs] 
2018-03-19T13:13:59.370+0530: 3774.473: [GC (Allocation Failure) [PSYoungGen: 173664K->96K(174080K)] 302572K->129020K(523776K), 0.0015445 secs] [Times: user=0.00 sys=0.00, real=0.00 secs] 
2018-03-19T13:13:59.668+0530: 3774.770: [GC (Allocation Failure) [PSYoungGen: 173664K->96K(174080K)] 302588K->129044K(523776K), 0.0013918 secs] [Times: user=0.00 sys=0.00, real=0.00 secs] 
2018-03-19T13:13:59.971+0530: 3775.074: [GC (Allocation Failure) [PSYoungGen: 173664K->96K(174080K)] 302612K->129060K(523776K), 0.0015078 secs] [Times: user=0.00 sys=0.00, real=0.00 secs] 
2018-03-19T13:14:00.288+0530: 3775.391: [GC (Allocation Failure) [PSYoungGen: 173664K->64K(174080K)] 302628K->129052K(523776K), 0.0013509 secs] [Times: user=0.00 sys=0.00, real=0.00 secs] 
2018-03-19T13:14:00.588+0530: 3775.691: [GC (Allocation Failure) [PSYoungGen: 173632K->96K(174080K)] 302620K->129116K(523776K), 0.0014348 secs] [Times: user=0.00 sys=0.00, real=0.00 secs] 
2018-03-19T13:14:00.879+0530: 3775.981: [GC (Allocation Failure) [PSYoungGen: 173664K->96K(174080K)] 302684K->129140K(523776K), 0.0014235 secs] [Times: user=0.00 sys=0.00, real=0.00 secs] 
2018-03-19T13:14:01.170+0530: 3776.273: [GC (Allocation Failure) [PSYoungGen: 173664K->96K(174080K)] 302708K->129164K(523776K), 0.0014806 secs] [Times: user=0.00 sys=0.00, real=0.00 secs] 
2018-03-19T13:14:01.462+0530: 3776.565: [GC (Allocation Failure) [PSYoungGen: 173664K->96K(174080K)] 302732K->129180K(523776K), 0.0015406 secs] [Times: user=0.00 sys=0.00, real=0.00 secs] 
2018-03-19T13:14:01.760+0530: 3776.863: [GC (Allocation Failure) [PSYoungGen: 173664K->96K(174080K)] 302748K->129204K(523776K), 0.0013428 secs] [Times: user=0.00 sys=0.00, real=0.00 secs] 
2018-03-19T13:14:02.044+0530: 3777.147: [GC (Allocation Failure) [PSYoungGen: 173664K->96K(174080K)] 302772K->129220K(523776K), 0.0015843 secs] [Times: user=0.00 sys=0.00, real=0.00 secs] 
2018-03-19T13:14:02.330+0530: 3777.432: [GC (Allocation Failure) [PSYoungGen: 173664K->96K(174080K)] 302788K->129244K(523776K), 0.0014683 secs] [Times: user=0.00 sys=0.00, real=0.00 secs] 
2018-03-19T13:14:02.641+0530: 3777.744: [GC (Allocation Failure) [PSYoungGen: 173664K->96K(174080K)] 302812K->129260K(523776K), 0.0015177 secs] [Times: user=0.00 sys=0.00, real=0.00 secs] 
2018-03-19T13:14:02.926+0530: 3778.029: [GC (Allocation Failure) [PSYoungGen: 173664K->96K(174080K)] 302828K->129276K(523776K), 0.0014884 secs] [Times: user=0.00 sys=0.00, real=0.00 secs] 
2018-03-19T13:14:03.211+0530: 3778.314: [GC (Allocation Failure) [PSYoungGen: 173664K->96K(174080K)] 302844K->129300K(523776K), 0.0013928 secs] [Times: user=0.02 sys=0.00, real=0.00 secs] 
2018-03-19T13:14:03.502+0530: 3778.604: [GC (Allocation Failure) [PSYoungGen: 173664K->96K(174080K)] 302868K->129324K(523776K), 0.0014531 secs] [Times: user=0.00 sys=0.00, real=0.00 secs] 
2018-03-19T13:14:03.804+0530: 3778.907: [GC (Allocation Failure) [PSYoungGen: 173664K->128K(174080K)] 302892K->129380K(523776K), 0.0015406 secs] [Times: user=0.00 sys=0.00, real=0.00 secs] 
2018-03-19T13:14:04.086+0530: 3779.189: [GC (Allocation Failure) [PSYoungGen: 173696K->96K(174080K)] 302948K->129372K(523776K), 0.0014426 secs] [Times: user=0.03 sys=0.03, real=0.00 secs] 
2018-03-19T13:14:04.377+0530: 3779.479: [GC (Allocation Failure) [PSYoungGen: 173664K->96K(174080K)] 302940K->129388K(523776K), 0.0013639 secs] [Times: user=0.00 sys=0.00, real=0.00 secs] 
2018-03-19T13:14:04.677+0530: 3779.780: [GC (Allocation Failure) [PSYoungGen: 173664K->64K(174080K)] 302956K->129380K(523776K), 0.0013096 secs] [Times: user=0.00 sys=0.00, real=0.00 secs] 
2018-03-19T13:14:04.963+0530: 3780.066: [GC (Allocation Failure) [PSYoungGen: 173632K->96K(174080K)] 302948K->129436K(523776K), 0.0012782 secs] [Times: user=0.00 sys=0.00, real=0.00 secs] 
2018-03-19T13:14:05.290+0530: 3780.393: [GC (Allocation Failure) [PSYoungGen: 173664K->64K(174080K)] 303004K->129420K(523776K), 0.0028040 secs] [Times: user=0.00 sys=0.00, real=0.00 secs] 
2018-03-19T13:14:08.162+0530: 3783.265: [GC (Allocation Failure) [PSYoungGen: 173632K->32K(174080K)] 302988K->129404K(523776K), 0.0015889 secs] [Times: user=0.00 sys=0.00, real=0.00 secs] 
2018-03-19T13:14:08.779+0530: 3783.882: [GC (Allocation Failure) [PSYoungGen: 173600K->96K(174080K)] 302972K->129484K(523776K), 0.0012419 secs] [Times: user=0.00 sys=0.00, real=0.00 secs] 
2018-03-19T13:14:09.028+0530: 3784.131: [GC (Allocation Failure) [PSYoungGen: 173664K->96K(174080K)] 303052K->129500K(523776K), 0.0011026 secs] [Times: user=0.00 sys=0.00, real=0.00 secs] 
2018-03-19T13:14:09.275+0530: 3784.378: [GC (Allocation Failure) [PSYoungGen: 173664K->96K(174080K)] 303068K->129532K(523776K), 0.0020692 secs] [Times: user=0.00 sys=0.00, real=0.00 secs] 
2018-03-19T13:14:09.726+0530: 3784.829: [GC (Allocation Failure) [PSYoungGen: 173664K->96K(174080K)] 303100K->129556K(523776K), 0.0019500 secs] [Times: user=0.00 sys=0.00, real=0.00 secs] 
2018-03-19T13:14:10.112+0530: 3785.215: [GC (Allocation Failure) [PSYoungGen: 173664K->96K(174080K)] 303124K->129580K(523776K), 0.0020194 secs] [Times: user=0.00 sys=0.00, real=0.00 secs] 
2018-03-19T13:14:10.665+0530: 3785.768: [GC (Allocation Failure) [PSYoungGen: 173664K->32K(174080K)] 303148K->129532K(523776K), 0.0021869 secs] [Times: user=0.00 sys=0.00, real=0.00 secs] 
2018-03-19T13:14:11.768+0530: 3786.871: [GC (Allocation Failure) [PSYoungGen: 173600K->96K(174080K)] 303100K->129620K(523776K), 0.0018671 secs] [Times: user=0.00 sys=0.00, real=0.00 secs] 
2018-03-19T13:14:12.806+0530: 3787.909: [GC (Allocation Failure) [PSYoungGen: 173664K->96K(174080K)] 303188K->129644K(523776K), 0.0014683 secs] [Times: user=0.00 sys=0.00, real=0.00 secs] 
2018-03-19T13:14:13.373+0530: 3788.477: [GC (Allocation Failure) [PSYoungGen: 173664K->96K(174080K)] 303212K->129668K(523776K), 0.0013992 secs] [Times: user=0.00 sys=0.00, real=0.00 secs] 
2018-03-19T13:14:13.701+0530: 3788.804: [GC (Allocation Failure) [PSYoungGen: 173664K->96K(174080K)] 303236K->129684K(523776K), 0.0012751 secs] [Times: user=0.00 sys=0.00, real=0.00 secs] 
2018-03-19T13:14:14.005+0530: 3789.107: [GC (Allocation Failure) [PSYoungGen: 173664K->96K(174080K)] 303252K->129708K(523776K), 0.0013868 secs] [Times: user=0.00 sys=0.00, real=0.00 secs] 
2018-03-19T13:14:14.297+0530: 3789.400: [GC (Allocation Failure) [PSYoungGen: 173664K->96K(174080K)] 303276K->129740K(523776K), 0.0013234 secs] [Times: user=0.00 sys=0.00, real=0.00 secs] 
2018-03-19T13:14:14.714+0530: 3789.817: [GC (Allocation Failure) [PSYoungGen: 173664K->64K(174080K)] 303308K->129732K(523776K), 0.0018142 secs] [Times: user=0.00 sys=0.00, real=0.00 secs] 
2018-03-19T13:14:15.104+0530: 3790.207: [GC (Allocation Failure) [PSYoungGen: 173632K->96K(174080K)] 303300K->129788K(523776K), 0.0014711 secs] [Times: user=0.00 sys=0.00, real=0.00 secs] 
2018-03-19T13:14:15.402+0530: 3790.504: [GC (Allocation Failure) [PSYoungGen: 173664K->96K(174080K)] 303356K->129812K(523776K), 0.0015346 secs] [Times: user=0.00 sys=0.00, real=0.00 secs] 
2018-03-19T13:14:15.705+0530: 3790.808: [GC (Allocation Failure) [PSYoungGen: 173664K->64K(174080K)] 303380K->129796K(523776K), 0.0015850 secs] [Times: user=0.00 sys=0.00, real=0.00 secs] 
2018-03-19T13:14:16.021+0530: 3791.124: [GC (Allocation Failure) [PSYoungGen: 173632K->96K(174080K)] 303364K->129852K(523776K), 0.0012768 secs] [Times: user=0.00 sys=0.00, real=0.00 secs] 
2018-03-19T13:14:16.318+0530: 3791.422: [GC (Allocation Failure) [PSYoungGen: 173664K->96K(174080K)] 303420K->129876K(523776K), 0.0012973 secs] [Times: user=0.00 sys=0.00, real=0.00 secs] 
2018-03-19T13:14:16.609+0530: 3791.713: [GC (Allocation Failure) [PSYoungGen: 173664K->96K(174080K)] 303444K->129892K(523776K), 0.0013935 secs] [Times: user=0.00 sys=0.00, real=0.00 secs] 
2018-03-19T13:14:16.900+0530: 3792.002: [GC (Allocation Failure) [PSYoungGen: 173664K->64K(174080K)] 303460K->129884K(523776K), 0.0014348 secs] [Times: user=0.00 sys=0.00, real=0.00 secs] 
2018-03-19T13:14:17.181+0530: 3792.284: [GC (Allocation Failure) [PSYoungGen: 173632K->96K(174080K)] 303452K->129940K(523776K), 0.0014447 secs] [Times: user=0.00 sys=0.00, real=0.00 secs] 
2018-03-19T13:14:17.481+0530: 3792.584: [GC (Allocation Failure) [PSYoungGen: 173664K->96K(174080K)] 303508K->129964K(523776K), 0.0013533 secs] [Times: user=0.00 sys=0.00, real=0.00 secs] 
2018-03-19T13:14:17.758+0530: 3792.860: [GC (Allocation Failure) [PSYoungGen: 173664K->96K(174080K)] 303532K->129988K(523776K), 0.0014933 secs] [Times: user=0.01 sys=0.00, real=0.00 secs] 
2018-03-19T13:14:18.032+0530: 3793.134: [GC (Allocation Failure) [PSYoungGen: 173664K->96K(174080K)] 303556K->130020K(523776K), 0.0015074 secs] [Times: user=0.00 sys=0.00, real=0.00 secs] 
2018-03-19T13:14:18.309+0530: 3793.412: [GC (Allocation Failure) [PSYoungGen: 173664K->64K(174080K)] 303588K->130012K(523776K), 0.0013110 secs] [Times: user=0.00 sys=0.00, real=0.00 secs] 
2018-03-19T13:14:18.598+0530: 3793.700: [GC (Allocation Failure) [PSYoungGen: 173632K->96K(174080K)] 303580K->130060K(523776K), 0.0013875 secs] [Times: user=0.00 sys=0.00, real=0.00 secs] 
2018-03-19T13:14:18.874+0530: 3793.977: [GC (Allocation Failure) [PSYoungGen: 173664K->96K(174080K)] 303628K->130084K(523776K), 0.0014545 secs] [Times: user=0.00 sys=0.00, real=0.00 secs] 
2018-03-19T13:14:19.161+0530: 3794.264: [GC (Allocation Failure) [PSYoungGen: 173664K->96K(174080K)] 303652K->130108K(523776K), 0.0014612 secs] [Times: user=0.00 sys=0.00, real=0.00 secs] 
2018-03-19T13:14:19.459+0530: 3794.562: [GC (Allocation Failure) [PSYoungGen: 173664K->96K(174080K)] 303676K->130132K(523776K), 0.0013911 secs] [Times: user=0.00 sys=0.00, real=0.00 secs] 
2018-03-19T13:14:19.751+0530: 3794.855: [GC (Allocation Failure) [PSYoungGen: 173664K->96K(174080K)] 303700K->130148K(523776K), 0.0015988 secs] [Times: user=0.00 sys=0.00, real=0.00 secs] 
2018-03-19T13:14:20.037+0530: 3795.139: [GC (Allocation Failure) [PSYoungGen: 173664K->96K(174080K)] 303716K->130180K(523776K), 0.0012916 secs] [Times: user=0.00 sys=0.00, real=0.00 secs] 
2018-03-19T13:14:20.308+0530: 3795.411: [GC (Allocation Failure) [PSYoungGen: 173664K->96K(174080K)] 303748K->130204K(523776K), 0.0015039 secs] [Times: user=0.00 sys=0.00, real=0.00 secs] 
2018-03-19T13:14:20.601+0530: 3795.704: [GC (Allocation Failure) [PSYoungGen: 173664K->96K(174080K)] 303772K->130220K(523776K), 0.0014045 secs] [Times: user=0.00 sys=0.00, real=0.00 secs] 
2018-03-19T13:14:20.882+0530: 3795.984: [GC (Allocation Failure) [PSYoungGen: 173664K->96K(174080K)] 303788K->130244K(523776K), 0.0013883 secs] [Times: user=0.00 sys=0.00, real=0.00 secs] 
2018-03-19T13:14:21.160+0530: 3796.263: [GC (Allocation Failure) [PSYoungGen: 173664K->96K(174080K)] 303812K->130268K(523776K), 0.0013830 secs] [Times: user=0.00 sys=0.00, real=0.00 secs] 
2018-03-19T13:14:21.439+0530: 3796.542: [GC (Allocation Failure) [PSYoungGen: 173664K->64K(174080K)] 303836K->130260K(523776K), 0.0014598 secs] [Times: user=0.00 sys=0.00, real=0.00 secs] 
2018-03-19T13:14:21.718+0530: 3796.822: [GC (Allocation Failure) [PSYoungGen: 173632K->96K(174080K)] 303828K->130316K(523776K), 0.0015141 secs] [Times: user=0.00 sys=0.00, real=0.00 secs] 
2018-03-19T13:14:22.007+0530: 3797.109: [GC (Allocation Failure) [PSYoungGen: 173664K->64K(174080K)] 303884K->130308K(523776K), 0.0013343 secs] [Times: user=0.00 sys=0.00, real=0.00 secs] 
2018-03-19T13:14:22.286+0530: 3797.389: [GC (Allocation Failure) [PSYoungGen: 173632K->96K(174080K)] 303876K->130364K(523776K), 0.0014232 secs] [Times: user=0.00 sys=0.00, real=0.00 secs] 
2018-03-19T13:14:22.652+0530: 3797.756: [GC (Allocation Failure) [PSYoungGen: 173664K->64K(174080K)] 303932K->130356K(523776K), 0.0018988 secs] [Times: user=0.00 sys=0.00, real=0.00 secs] 
2018-03-19T13:14:22.946+0530: 3798.049: [GC (Allocation Failure) [PSYoungGen: 173632K->96K(174080K)] 303924K->130404K(523776K), 0.0014799 secs] [Times: user=0.00 sys=0.00, real=0.00 secs] 
2018-03-19T13:14:23.229+0530: 3798.331: [GC (Allocation Failure) [PSYoungGen: 173664K->96K(174080K)] 303972K->130436K(523776K), 0.0014679 secs] [Times: user=0.00 sys=0.00, real=0.00 secs] 
2018-03-19T13:14:23.508+0530: 3798.610: [GC (Allocation Failure) [PSYoungGen: 173664K->64K(174080K)] 304004K->130428K(523776K), 0.0013241 secs] [Times: user=0.02 sys=0.00, real=0.00 secs] 
2018-03-19T13:14:23.808+0530: 3798.910: [GC (Allocation Failure) [PSYoungGen: 173632K->64K(174080K)] 303996K->130444K(523776K), 0.0015949 secs] [Times: user=0.00 sys=0.00, real=0.00 secs] 
2018-03-19T13:14:24.086+0530: 3799.189: [GC (Allocation Failure) [PSYoungGen: 173632K->64K(174080K)] 304012K->130468K(523776K), 0.0012786 secs] [Times: user=0.01 sys=0.00, real=0.00 secs] 
2018-03-19T13:14:24.379+0530: 3799.482: [GC (Allocation Failure) [PSYoungGen: 173632K->96K(174080K)] 304036K->130524K(523776K), 0.0015522 secs] [Times: user=0.00 sys=0.00, real=0.00 secs] 
2018-03-19T13:14:24.655+0530: 3799.758: [GC (Allocation Failure) [PSYoungGen: 173664K->96K(174080K)] 304092K->130548K(523776K), 0.0014151 secs] [Times: user=0.00 sys=0.00, real=0.00 secs] 
2018-03-19T13:14:24.934+0530: 3800.036: [GC (Allocation Failure) [PSYoungGen: 173664K->96K(174080K)] 304116K->130572K(523776K), 0.0014288 secs] [Times: user=0.00 sys=0.00, real=0.00 secs] 
2018-03-19T13:14:25.211+0530: 3800.314: [GC (Allocation Failure) [PSYoungGen: 173664K->96K(174080K)] 304140K->130596K(523776K), 0.0014052 secs] [Times: user=0.00 sys=0.00, real=0.00 secs] 
2018-03-19T13:14:25.493+0530: 3800.596: [GC (Allocation Failure) [PSYoungGen: 173664K->96K(174080K)] 304164K->130620K(523776K), 0.0012990 secs] [Times: user=0.00 sys=0.00, real=0.00 secs] 
2018-03-19T13:14:25.772+0530: 3800.874: [GC (Allocation Failure) [PSYoungGen: 173664K->96K(174080K)] 304188K->130636K(523776K), 0.0013406 secs] [Times: user=0.00 sys=0.00, real=0.00 secs] 
2018-03-19T13:14:26.051+0530: 3801.153: [GC (Allocation Failure) [PSYoungGen: 173664K->64K(174080K)] 304204K->130628K(523776K), 0.0013495 secs] [Times: user=0.00 sys=0.00, real=0.00 secs] 
2018-03-19T13:14:26.333+0530: 3801.435: [GC (Allocation Failure) [PSYoungGen: 173632K->96K(174080K)] 304196K->130684K(523776K), 0.0012426 secs] [Times: user=0.00 sys=0.00, real=0.00 secs] 
2018-03-19T13:14:26.611+0530: 3801.714: [GC (Allocation Failure) [PSYoungGen: 173664K->96K(174080K)] 304252K->130708K(523776K), 0.0014792 secs] [Times: user=0.00 sys=0.00, real=0.00 secs] 
2018-03-19T13:14:26.894+0530: 3801.997: [GC (Allocation Failure) [PSYoungGen: 173664K->96K(174080K)] 304276K->130732K(523776K), 0.0016830 secs] [Times: user=0.00 sys=0.00, real=0.00 secs] 
2018-03-19T13:14:27.172+0530: 3802.274: [GC (Allocation Failure) [PSYoungGen: 173664K->64K(174080K)] 304300K->130724K(523776K), 0.0014242 secs] [Times: user=0.00 sys=0.00, real=0.00 secs] 
2018-03-19T13:14:27.458+0530: 3802.561: [GC (Allocation Failure) [PSYoungGen: 173632K->96K(174080K)] 304292K->130772K(523776K), 0.0014468 secs] [Times: user=0.00 sys=0.00, real=0.00 secs] 
2018-03-19T13:14:27.748+0530: 3802.851: [GC (Allocation Failure) [PSYoungGen: 173664K->96K(174080K)] 304340K->130796K(523776K), 0.0015974 secs] [Times: user=0.00 sys=0.00, real=0.00 secs] 
2018-03-19T13:14:28.033+0530: 3803.136: [GC (Allocation Failure) [PSYoungGen: 173664K->96K(174080K)] 304364K->130820K(523776K), 0.0015057 secs] [Times: user=0.00 sys=0.00, real=0.00 secs] 
2018-03-19T13:14:28.315+0530: 3803.418: [GC (Allocation Failure) [PSYoungGen: 173664K->96K(174080K)] 304388K->130844K(523776K), 0.0014736 secs] [Times: user=0.00 sys=0.00, real=0.00 secs] 
2018-03-19T13:14:28.604+0530: 3803.707: [GC (Allocation Failure) [PSYoungGen: 173664K->64K(174080K)] 304412K->130836K(523776K), 0.0013618 secs] [Times: user=0.00 sys=0.00, real=0.00 secs] 
2018-03-19T13:14:28.889+0530: 3803.992: [GC (Allocation Failure) [PSYoungGen: 173632K->96K(174080K)] 304404K->130900K(523776K), 0.0013026 secs] [Times: user=0.00 sys=0.00, real=0.00 secs] 
2018-03-19T13:14:29.174+0530: 3804.277: [GC (Allocation Failure) [PSYoungGen: 173664K->96K(174080K)] 304468K->130916K(523776K), 0.0015815 secs] [Times: user=0.00 sys=0.00, real=0.00 secs] 
2018-03-19T13:14:29.456+0530: 3804.559: [GC (Allocation Failure) [PSYoungGen: 173664K->96K(174080K)] 304484K->130948K(523776K), 0.0015360 secs] [Times: user=0.00 sys=0.00, real=0.00 secs] 
2018-03-19T13:14:29.768+0530: 3804.871: [GC (Allocation Failure) [PSYoungGen: 173664K->96K(174080K)] 304516K->130964K(523776K), 0.0015995 secs] [Times: user=0.00 sys=0.00, real=0.00 secs] 
2018-03-19T13:14:30.053+0530: 3805.156: [GC (Allocation Failure) [PSYoungGen: 173664K->64K(174080K)] 304532K->130956K(523776K), 0.0013978 secs] [Times: user=0.00 sys=0.00, real=0.00 secs] 
2018-03-19T13:14:30.334+0530: 3805.437: [GC (Allocation Failure) [PSYoungGen: 173632K->96K(174080K)] 304524K->131012K(523776K), 0.0015286 secs] [Times: user=0.00 sys=0.00, real=0.00 secs] 
2018-03-19T13:14:30.634+0530: 3805.738: [GC (Allocation Failure) [PSYoungGen: 173664K->96K(174080K)] 304580K->131028K(523776K), 0.0015258 secs] [Times: user=0.00 sys=0.00, real=0.00 secs] 
2018-03-19T13:14:30.919+0530: 3806.021: [GC (Allocation Failure) [PSYoungGen: 173664K->96K(174080K)] 304596K->131052K(523776K), 0.0013220 secs] [Times: user=0.00 sys=0.00, real=0.00 secs] 
2018-03-19T13:14:31.197+0530: 3806.300: [GC (Allocation Failure) [PSYoungGen: 173664K->96K(174080K)] 304620K->131068K(523776K), 0.0013727 secs] [Times: user=0.00 sys=0.00, real=0.00 secs] 
2018-03-19T13:14:31.481+0530: 3806.584: [GC (Allocation Failure) [PSYoungGen: 173664K->96K(174080K)] 304636K->131092K(523776K), 0.0013280 secs] [Times: user=0.00 sys=0.00, real=0.00 secs] 
2018-03-19T13:14:31.784+0530: 3806.886: [GC (Allocation Failure) [PSYoungGen: 173664K->96K(174080K)] 304660K->131116K(523776K), 0.0015663 secs] [Times: user=0.00 sys=0.00, real=0.00 secs] 
2018-03-19T13:14:32.076+0530: 3807.179: [GC (Allocation Failure) [PSYoungGen: 173664K->96K(174080K)] 304684K->131132K(523776K), 0.0014464 secs] [Times: user=0.00 sys=0.00, real=0.00 secs] 
2018-03-19T13:14:32.349+0530: 3807.452: [GC (Allocation Failure) [PSYoungGen: 173664K->96K(174080K)] 304700K->131156K(523776K), 0.0014799 secs] [Times: user=0.00 sys=0.00, real=0.00 secs] 
2018-03-19T13:14:32.638+0530: 3807.740: [GC (Allocation Failure) [PSYoungGen: 173664K->64K(174080K)] 304724K->131156K(523776K), 0.0013459 secs] [Times: user=0.00 sys=0.00, real=0.00 secs] 
2018-03-19T13:14:32.926+0530: 3808.029: [GC (Allocation Failure) [PSYoungGen: 173632K->64K(174080K)] 304724K->131180K(523776K), 0.0015490 secs] [Times: user=0.00 sys=0.00, real=0.00 secs] 
2018-03-19T13:14:33.206+0530: 3808.309: [GC (Allocation Failure) [PSYoungGen: 173632K->64K(174080K)] 304748K->131204K(523776K), 0.0014133 secs] [Times: user=0.00 sys=0.00, real=0.00 secs] 
2018-03-19T13:14:33.496+0530: 3808.599: [GC (Allocation Failure) [PSYoungGen: 173632K->96K(174080K)] 304772K->131260K(523776K), 0.0013103 secs] [Times: user=0.00 sys=0.00, real=0.00 secs] 
2018-03-19T13:14:33.773+0530: 3808.876: [GC (Allocation Failure) [PSYoungGen: 173664K->64K(174080K)] 304828K->131252K(523776K), 0.0015011 secs] [Times: user=0.00 sys=0.00, real=0.00 secs] 
2018-03-19T13:14:34.054+0530: 3809.157: [GC (Allocation Failure) [PSYoungGen: 173632K->64K(174080K)] 304820K->131276K(523776K), 0.0013315 secs] [Times: user=0.00 sys=0.00, real=0.00 secs] 
2018-03-19T13:14:34.336+0530: 3809.439: [GC (Allocation Failure) [PSYoungGen: 173632K->96K(174080K)] 304844K->131332K(523776K), 0.0013741 secs] [Times: user=0.02 sys=0.00, real=0.00 secs] 
2018-03-19T13:14:34.631+0530: 3809.734: [GC (Allocation Failure) [PSYoungGen: 173664K->96K(174080K)] 304900K->131348K(523776K), 0.0014186 secs] [Times: user=0.00 sys=0.00, real=0.00 secs] 
2018-03-19T13:14:34.911+0530: 3810.014: [GC (Allocation Failure) [PSYoungGen: 173664K->64K(174080K)] 304916K->131340K(523776K), 0.0013650 secs] [Times: user=0.00 sys=0.00, real=0.00 secs] 
2018-03-19T13:14:35.186+0530: 3810.289: [GC (Allocation Failure) [PSYoungGen: 173632K->96K(174080K)] 304908K->131396K(523776K), 0.0015402 secs] [Times: user=0.00 sys=0.00, real=0.00 secs] 
2018-03-19T13:14:35.472+0530: 3810.575: [GC (Allocation Failure) [PSYoungGen: 173664K->96K(174080K)] 304964K->131420K(523776K), 0.0015314 secs] [Times: user=0.00 sys=0.00, real=0.00 secs] 
2018-03-19T13:14:35.765+0530: 3810.868: [GC (Allocation Failure) [PSYoungGen: 173664K->96K(174080K)] 304988K->131436K(523776K), 0.0014464 secs] [Times: user=0.00 sys=0.00, real=0.00 secs] 
2018-03-19T13:14:36.057+0530: 3811.161: [GC (Allocation Failure) [PSYoungGen: 173664K->64K(174080K)] 305004K->131428K(523776K), 0.0014330 secs] [Times: user=0.00 sys=0.00, real=0.00 secs] 
2018-03-19T13:14:36.357+0530: 3811.461: [GC (Allocation Failure) [PSYoungGen: 173632K->96K(174080K)] 304996K->131484K(523776K), 0.0015914 secs] [Times: user=0.00 sys=0.00, real=0.00 secs] 
2018-03-19T13:14:36.641+0530: 3811.744: [GC (Allocation Failure) [PSYoungGen: 173664K->64K(174080K)] 305052K->131476K(523776K), 0.0014634 secs] [Times: user=0.00 sys=0.00, real=0.00 secs] 
2018-03-19T13:14:36.927+0530: 3812.029: [GC (Allocation Failure) [PSYoungGen: 173632K->64K(174080K)] 305044K->131500K(523776K), 0.0013399 secs] [Times: user=0.00 sys=0.00, real=0.00 secs] 
2018-03-19T13:14:37.209+0530: 3812.311: [GC (Allocation Failure) [PSYoungGen: 173632K->96K(174080K)] 305068K->131564K(523776K), 0.0015748 secs] [Times: user=0.00 sys=0.00, real=0.00 secs] 
2018-03-19T13:14:37.501+0530: 3812.604: [GC (Allocation Failure) [PSYoungGen: 173664K->96K(174080K)] 305132K->131580K(523776K), 0.0013749 secs] [Times: user=0.00 sys=0.00, real=0.00 secs] 
2018-03-19T13:14:37.784+0530: 3812.887: [GC (Allocation Failure) [PSYoungGen: 173664K->96K(174080K)] 305148K->131604K(523776K), 0.0015300 secs] [Times: user=0.00 sys=0.00, real=0.00 secs] 
2018-03-19T13:14:38.062+0530: 3813.166: [GC (Allocation Failure) [PSYoungGen: 173664K->96K(174080K)] 305172K->131620K(523776K), 0.0013706 secs] [Times: user=0.00 sys=0.00, real=0.00 secs] 
2018-03-19T13:14:38.344+0530: 3813.447: [GC (Allocation Failure) [PSYoungGen: 173664K->96K(174080K)] 305188K->131644K(523776K), 0.0013816 secs] [Times: user=0.00 sys=0.00, real=0.00 secs] 
2018-03-19T13:14:38.627+0530: 3813.730: [GC (Allocation Failure) [PSYoungGen: 173664K->96K(174080K)] 305212K->131668K(523776K), 0.0013036 secs] [Times: user=0.00 sys=0.00, real=0.00 secs] 
2018-03-19T13:14:38.918+0530: 3814.021: [GC (Allocation Failure) [PSYoungGen: 173664K->96K(174080K)] 305236K->131692K(523776K), 0.0015797 secs] [Times: user=0.00 sys=0.00, real=0.00 secs] 
2018-03-19T13:14:39.195+0530: 3814.298: [GC (Allocation Failure) [PSYoungGen: 173664K->96K(174080K)] 305260K->131708K(523776K), 0.0015353 secs] [Times: user=0.00 sys=0.00, real=0.00 secs] 
2018-03-19T13:14:39.486+0530: 3814.588: [GC (Allocation Failure) [PSYoungGen: 173664K->96K(174080K)] 305276K->131732K(523776K), 0.0013347 secs] [Times: user=0.00 sys=0.00, real=0.00 secs] 
2018-03-19T13:14:39.801+0530: 3814.903: [GC (Allocation Failure) [PSYoungGen: 173664K->96K(174080K)] 305300K->131756K(523776K), 0.0016139 secs] [Times: user=0.00 sys=0.00, real=0.00 secs] 
2018-03-19T13:14:40.091+0530: 3815.193: [GC (Allocation Failure) [PSYoungGen: 173664K->96K(174080K)] 305324K->131780K(523776K), 0.0013727 secs] [Times: user=0.00 sys=0.00, real=0.00 secs] 
2018-03-19T13:14:40.374+0530: 3815.477: [GC (Allocation Failure) [PSYoungGen: 173664K->96K(174080K)] 305348K->131812K(523776K), 0.0015060 secs] [Times: user=0.00 sys=0.00, real=0.00 secs] 
2018-03-19T13:14:40.664+0530: 3815.767: [GC (Allocation Failure) [PSYoungGen: 173664K->96K(174080K)] 305380K->131836K(523776K), 0.0013445 secs] [Times: user=0.00 sys=0.00, real=0.00 secs] 
2018-03-19T13:14:40.945+0530: 3816.048: [GC (Allocation Failure) [PSYoungGen: 173664K->64K(174080K)] 305404K->131828K(523776K), 0.0015007 secs] [Times: user=0.02 sys=0.00, real=0.00 secs] 
2018-03-19T13:14:41.224+0530: 3816.327: [GC (Allocation Failure) [PSYoungGen: 173632K->96K(174080K)] 305396K->131876K(523776K), 0.0014958 secs] [Times: user=0.00 sys=0.00, real=0.00 secs] 
2018-03-19T13:14:41.509+0530: 3816.612: [GC (Allocation Failure) [PSYoungGen: 173664K->96K(174080K)] 305444K->131900K(523776K), 0.0014746 secs] [Times: user=0.00 sys=0.00, real=0.00 secs] 
2018-03-19T13:14:41.786+0530: 3816.889: [GC (Allocation Failure) [PSYoungGen: 173664K->64K(174080K)] 305468K->131892K(523776K), 0.0024782 secs] [Times: user=0.00 sys=0.00, real=0.00 secs] 
2018-03-19T13:14:42.081+0530: 3817.184: [GC (Allocation Failure) [PSYoungGen: 173632K->96K(174080K)] 305460K->131940K(523776K), 0.0012955 secs] [Times: user=0.00 sys=0.00, real=0.00 secs] 
2018-03-19T13:14:42.366+0530: 3817.469: [GC (Allocation Failure) [PSYoungGen: 173664K->96K(174080K)] 305508K->131964K(523776K), 0.0014433 secs] [Times: user=0.00 sys=0.00, real=0.00 secs] 
2018-03-19T13:14:42.661+0530: 3817.763: [GC (Allocation Failure) [PSYoungGen: 173664K->96K(174080K)] 305532K->131988K(523776K), 0.0012994 secs] [Times: user=0.00 sys=0.00, real=0.00 secs] 
2018-03-19T13:14:42.955+0530: 3818.057: [GC (Allocation Failure) [PSYoungGen: 173664K->64K(174080K)] 305556K->131980K(523776K), 0.0015702 secs] [Times: user=0.00 sys=0.00, real=0.00 secs] 
2018-03-19T13:14:43.227+0530: 3818.330: [GC (Allocation Failure) [PSYoungGen: 173632K->96K(174080K)] 305548K->132036K(523776K), 0.0015564 secs] [Times: user=0.00 sys=0.00, real=0.00 secs] 
2018-03-19T13:14:43.513+0530: 3818.615: [GC (Allocation Failure) [PSYoungGen: 173664K->96K(174080K)] 305604K->132052K(523776K), 0.0015004 secs] [Times: user=0.00 sys=0.00, real=0.00 secs] 
2018-03-19T13:14:43.807+0530: 3818.910: [GC (Allocation Failure) [PSYoungGen: 173664K->96K(174080K)] 305620K->132076K(523776K), 0.0013794 secs] [Times: user=0.00 sys=0.00, real=0.00 secs] 
2018-03-19T13:14:44.106+0530: 3819.209: [GC (Allocation Failure) [PSYoungGen: 173664K->64K(174080K)] 305644K->132068K(523776K), 0.0013244 secs] [Times: user=0.00 sys=0.00, real=0.00 secs] 
2018-03-19T13:14:44.388+0530: 3819.491: [GC (Allocation Failure) [PSYoungGen: 173632K->64K(174080K)] 305636K->132092K(523776K), 0.0029020 secs] [Times: user=0.00 sys=0.00, real=0.00 secs] 
2018-03-19T13:14:44.675+0530: 3819.778: [GC (Allocation Failure) [PSYoungGen: 173632K->64K(174080K)] 305660K->132116K(523776K), 0.0014299 secs] [Times: user=0.00 sys=0.00, real=0.00 secs] 
2018-03-19T13:14:44.952+0530: 3820.055: [GC (Allocation Failure) [PSYoungGen: 173632K->96K(174080K)] 305684K->132172K(523776K), 0.0014662 secs] [Times: user=0.00 sys=0.00, real=0.00 secs] 
2018-03-19T13:14:45.235+0530: 3820.337: [GC (Allocation Failure) [PSYoungGen: 173664K->96K(174080K)] 305740K->132188K(523776K), 0.0013530 secs] [Times: user=0.00 sys=0.00, real=0.00 secs] 
2018-03-19T13:14:45.521+0530: 3820.624: [GC (Allocation Failure) [PSYoungGen: 173664K->96K(174080K)] 305756K->132212K(523776K), 0.0014729 secs] [Times: user=0.00 sys=0.00, real=0.00 secs] 
2018-03-19T13:14:45.798+0530: 3820.900: [GC (Allocation Failure) [PSYoungGen: 173664K->96K(174080K)] 305780K->132236K(523776K), 0.0015300 secs] [Times: user=0.00 sys=0.00, real=0.00 secs] 
2018-03-19T13:14:46.077+0530: 3821.180: [GC (Allocation Failure) [PSYoungGen: 173664K->96K(174080K)] 305804K->132252K(523776K), 0.0013572 secs] [Times: user=0.00 sys=0.00, real=0.00 secs] 
2018-03-19T13:14:46.355+0530: 3821.458: [GC (Allocation Failure) [PSYoungGen: 173664K->96K(174080K)] 305820K->132276K(523776K), 0.0015487 secs] [Times: user=0.00 sys=0.00, real=0.00 secs] 
2018-03-19T13:14:46.643+0530: 3821.746: [GC (Allocation Failure) [PSYoungGen: 173664K->96K(174080K)] 305844K->132300K(523776K), 0.0014274 secs] [Times: user=0.00 sys=0.00, real=0.00 secs] 
2018-03-19T13:14:46.922+0530: 3822.025: [GC (Allocation Failure) [PSYoungGen: 173664K->64K(174080K)] 305868K->132292K(523776K), 0.0013724 secs] [Times: user=0.00 sys=0.00, real=0.00 secs] 
2018-03-19T13:14:47.203+0530: 3822.306: [GC (Allocation Failure) [PSYoungGen: 173632K->96K(174080K)] 305860K->132348K(523776K), 0.0014087 secs] [Times: user=0.00 sys=0.00, real=0.00 secs] 
2018-03-19T13:14:47.486+0530: 3822.588: [GC (Allocation Failure) [PSYoungGen: 173664K->96K(174080K)] 305916K->132372K(523776K), 0.0015416 secs] [Times: user=0.00 sys=0.00, real=0.00 secs] 
2018-03-19T13:14:47.793+0530: 3822.896: [GC (Allocation Failure) [PSYoungGen: 173664K->64K(174080K)] 305940K->132364K(523776K), 0.0014598 secs] [Times: user=0.00 sys=0.00, real=0.00 secs] 
2018-03-19T13:14:48.075+0530: 3823.179: [GC (Allocation Failure) [PSYoungGen: 173632K->96K(174080K)] 305932K->132420K(523776K), 0.0012980 secs] [Times: user=0.00 sys=0.00, real=0.00 secs] 
2018-03-19T13:14:48.357+0530: 3823.459: [GC (Allocation Failure) [PSYoungGen: 173664K->96K(174080K)] 305988K->132444K(523776K), 0.0015124 secs] [Times: user=0.00 sys=0.00, real=0.00 secs] 
2018-03-19T13:14:48.646+0530: 3823.749: [GC (Allocation Failure) [PSYoungGen: 173664K->96K(174080K)] 306012K->132468K(523776K), 0.0014341 secs] [Times: user=0.00 sys=0.00, real=0.00 secs] 
2018-03-19T13:14:48.922+0530: 3824.025: [GC (Allocation Failure) [PSYoungGen: 173664K->96K(174080K)] 306036K->132492K(523776K), 0.0014627 secs] [Times: user=0.00 sys=0.00, real=0.00 secs] 
2018-03-19T13:14:49.196+0530: 3824.299: [GC (Allocation Failure) [PSYoungGen: 173664K->96K(174080K)] 306060K->132516K(523776K), 0.0014136 secs] [Times: user=0.00 sys=0.00, real=0.00 secs] 
2018-03-19T13:14:49.481+0530: 3824.585: [GC (Allocation Failure) [PSYoungGen: 173664K->96K(174080K)] 306084K->132540K(523776K), 0.0012722 secs] [Times: user=0.00 sys=0.00, real=0.00 secs] 
2018-03-19T13:14:49.765+0530: 3824.868: [GC (Allocation Failure) [PSYoungGen: 173664K->96K(174080K)] 306108K->132564K(523776K), 0.0014175 secs] [Times: user=0.00 sys=0.00, real=0.00 secs] 
2018-03-19T13:14:50.057+0530: 3825.160: [GC (Allocation Failure) [PSYoungGen: 173664K->64K(174080K)] 306132K->132556K(523776K), 0.0013727 secs] [Times: user=0.00 sys=0.00, real=0.00 secs] 
2018-03-19T13:14:50.336+0530: 3825.438: [GC (Allocation Failure) [PSYoungGen: 173632K->96K(174080K)] 306124K->132612K(523776K), 0.0013064 secs] [Times: user=0.01 sys=0.00, real=0.00 secs] 
2018-03-19T13:14:50.641+0530: 3825.744: [GC (Allocation Failure) [PSYoungGen: 173664K->96K(174080K)] 306180K->132644K(523776K), 0.0013893 secs] [Times: user=0.00 sys=0.00, real=0.00 secs] 
2018-03-19T13:14:50.921+0530: 3826.024: [GC (Allocation Failure) [PSYoungGen: 173664K->96K(174080K)] 306212K->132668K(523776K), 0.0013022 secs] [Times: user=0.00 sys=0.00, real=0.00 secs] 
2018-03-19T13:14:51.200+0530: 3826.303: [GC (Allocation Failure) [PSYoungGen: 173664K->96K(174080K)] 306236K->132684K(523776K), 0.0014066 secs] [Times: user=0.00 sys=0.00, real=0.00 secs] 
2018-03-19T13:14:51.490+0530: 3826.593: [GC (Allocation Failure) [PSYoungGen: 173664K->96K(174080K)] 306252K->132700K(523776K), 0.0016143 secs] [Times: user=0.00 sys=0.00, real=0.00 secs] 
2018-03-19T13:14:51.782+0530: 3826.885: [GC (Allocation Failure) [PSYoungGen: 173664K->96K(174080K)] 306268K->132716K(523776K), 0.0013893 secs] [Times: user=0.00 sys=0.00, real=0.00 secs] 
2018-03-19T13:14:52.074+0530: 3827.178: [GC (Allocation Failure) [PSYoungGen: 173664K->96K(174080K)] 306284K->132740K(523776K), 0.0015660 secs] [Times: user=0.00 sys=0.00, real=0.00 secs] 
2018-03-19T13:14:52.355+0530: 3827.458: [GC (Allocation Failure) [PSYoungGen: 173664K->96K(174080K)] 306308K->132756K(523776K), 0.0014500 secs] [Times: user=0.00 sys=0.00, real=0.00 secs] 
2018-03-19T13:14:52.642+0530: 3827.744: [GC (Allocation Failure) [PSYoungGen: 173664K->96K(174080K)] 306324K->132788K(523776K), 0.0014627 secs] [Times: user=0.00 sys=0.00, real=0.00 secs] 
2018-03-19T13:14:52.931+0530: 3828.033: [GC (Allocation Failure) [PSYoungGen: 173664K->96K(174080K)] 306356K->132812K(523776K), 0.0013128 secs] [Times: user=0.00 sys=0.00, real=0.00 secs] 
2018-03-19T13:14:53.211+0530: 3828.314: [GC (Allocation Failure) [PSYoungGen: 173664K->96K(174080K)] 306380K->132844K(523776K), 0.0014436 secs] [Times: user=0.00 sys=0.00, real=0.00 secs] 
2018-03-19T13:14:53.502+0530: 3828.605: [GC (Allocation Failure) [PSYoungGen: 173664K->96K(174080K)] 306412K->132868K(523776K), 0.0016390 secs] [Times: user=0.00 sys=0.00, real=0.00 secs] 
2018-03-19T13:14:53.782+0530: 3828.885: [GC (Allocation Failure) [PSYoungGen: 173664K->64K(174080K)] 306436K->132860K(523776K), 0.0014020 secs] [Times: user=0.00 sys=0.00, real=0.00 secs] 
2018-03-19T13:14:54.063+0530: 3829.166: [GC (Allocation Failure) [PSYoungGen: 173632K->96K(174080K)] 306428K->132908K(523776K), 0.0014870 secs] [Times: user=0.00 sys=0.00, real=0.00 secs] 
2018-03-19T13:14:54.338+0530: 3829.441: [GC (Allocation Failure) [PSYoungGen: 173664K->64K(174080K)] 306476K->132900K(523776K), 0.0014443 secs] [Times: user=0.00 sys=0.00, real=0.00 secs] 
2018-03-19T13:14:54.624+0530: 3829.726: [GC (Allocation Failure) [PSYoungGen: 173632K->96K(174080K)] 306468K->132948K(523776K), 0.0012521 secs] [Times: user=0.00 sys=0.00, real=0.00 secs] 
2018-03-19T13:14:54.908+0530: 3830.010: [GC (Allocation Failure) [PSYoungGen: 173664K->96K(174080K)] 306516K->132980K(523776K), 0.0013657 secs] [Times: user=0.00 sys=0.00, real=0.00 secs] 
2018-03-19T13:14:55.197+0530: 3830.300: [GC (Allocation Failure) [PSYoungGen: 173664K->96K(174080K)] 306548K->132996K(523776K), 0.0014824 secs] [Times: user=0.00 sys=0.00, real=0.00 secs] 
2018-03-19T13:14:55.492+0530: 3830.595: [GC (Allocation Failure) [PSYoungGen: 173664K->96K(174080K)] 306564K->133020K(523776K), 0.0015864 secs] [Times: user=0.00 sys=0.00, real=0.00 secs] 
2018-03-19T13:14:55.785+0530: 3830.887: [GC (Allocation Failure) [PSYoungGen: 173664K->96K(174080K)] 306588K->133044K(523776K), 0.0015533 secs] [Times: user=0.00 sys=0.00, real=0.00 secs] 
2018-03-19T13:14:56.065+0530: 3831.168: [GC (Allocation Failure) [PSYoungGen: 173664K->96K(174080K)] 306612K->133068K(523776K), 0.0013886 secs] [Times: user=0.00 sys=0.00, real=0.00 secs] 
2018-03-19T13:14:56.345+0530: 3831.448: [GC (Allocation Failure) [PSYoungGen: 173664K->96K(174080K)] 306636K->133092K(523776K), 0.0015991 secs] [Times: user=0.00 sys=0.00, real=0.00 secs] 
2018-03-19T13:14:56.635+0530: 3831.737: [GC (Allocation Failure) [PSYoungGen: 173664K->96K(174080K)] 306660K->133108K(523776K), 0.0013957 secs] [Times: user=0.00 sys=0.00, real=0.00 secs] 
2018-03-19T13:14:56.914+0530: 3832.017: [GC (Allocation Failure) [PSYoungGen: 173664K->64K(174080K)] 306676K->133100K(523776K), 0.0014041 secs] [Times: user=0.02 sys=0.00, real=0.00 secs] 
2018-03-19T13:14:57.200+0530: 3832.303: [GC (Allocation Failure) [PSYoungGen: 173632K->96K(174080K)] 306668K->133156K(523776K), 0.0014517 secs] [Times: user=0.00 sys=0.00, real=0.00 secs] 
2018-03-19T13:14:57.489+0530: 3832.592: [GC (Allocation Failure) [PSYoungGen: 173664K->96K(174080K)] 306724K->133180K(523776K), 0.0014411 secs] [Times: user=0.00 sys=0.00, real=0.00 secs] 
2018-03-19T13:14:57.768+0530: 3832.871: [GC (Allocation Failure) [PSYoungGen: 173664K->96K(174080K)] 306748K->133204K(523776K), 0.0016538 secs] [Times: user=0.00 sys=0.00, real=0.00 secs] 
2018-03-19T13:14:58.060+0530: 3833.163: [GC (Allocation Failure) [PSYoungGen: 173664K->96K(174080K)] 306772K->133220K(523776K), 0.0015593 secs] [Times: user=0.00 sys=0.00, real=0.00 secs] 
2018-03-19T13:14:58.344+0530: 3833.447: [GC (Allocation Failure) [PSYoungGen: 173664K->96K(174080K)] 306788K->133236K(523776K), 0.0014267 secs] [Times: user=0.00 sys=0.00, real=0.00 secs] 
2018-03-19T13:14:58.632+0530: 3833.735: [GC (Allocation Failure) [PSYoungGen: 173664K->96K(174080K)] 306804K->133260K(523776K), 0.0015476 secs] [Times: user=0.00 sys=0.00, real=0.00 secs] 
2018-03-19T13:14:58.916+0530: 3834.018: [GC (Allocation Failure) [PSYoungGen: 173664K->96K(174080K)] 306828K->133284K(523776K), 0.0013463 secs] [Times: user=0.00 sys=0.00, real=0.00 secs] 
2018-03-19T13:14:59.195+0530: 3834.298: [GC (Allocation Failure) [PSYoungGen: 173664K->96K(174080K)] 306852K->133316K(523776K), 0.0013230 secs] [Times: user=0.00 sys=0.00, real=0.00 secs] 
2018-03-19T13:14:59.486+0530: 3834.589: [GC (Allocation Failure) [PSYoungGen: 173664K->96K(174080K)] 306884K->133340K(523776K), 0.0015053 secs] [Times: user=0.00 sys=0.00, real=0.00 secs] 
2018-03-19T13:14:59.807+0530: 3834.910: [GC (Allocation Failure) [PSYoungGen: 173664K->128K(174080K)] 306908K->133396K(523776K), 0.0015935 secs] [Times: user=0.00 sys=0.00, real=0.00 secs] 
2018-03-19T13:15:00.111+0530: 3835.214: [GC (Allocation Failure) [PSYoungGen: 173696K->96K(174080K)] 306964K->133388K(523776K), 0.0014101 secs] [Times: user=0.00 sys=0.00, real=0.00 secs] 
2018-03-19T13:15:00.400+0530: 3835.504: [GC (Allocation Failure) [PSYoungGen: 173664K->96K(174080K)] 306956K->133404K(523776K), 0.0014725 secs] [Times: user=0.00 sys=0.00, real=0.00 secs] 
2018-03-19T13:15:00.680+0530: 3835.783: [GC (Allocation Failure) [PSYoungGen: 173664K->96K(174080K)] 306972K->133428K(523776K), 0.0014461 secs] [Times: user=0.02 sys=0.00, real=0.00 secs] 
2018-03-19T13:15:00.959+0530: 3836.062: [GC (Allocation Failure) [PSYoungGen: 173664K->96K(174080K)] 306996K->133452K(523776K), 0.0013995 secs] [Times: user=0.00 sys=0.00, real=0.00 secs] 
2018-03-19T13:15:01.240+0530: 3836.343: [GC (Allocation Failure) [PSYoungGen: 173664K->96K(174080K)] 307020K->133476K(523776K), 0.0015244 secs] [Times: user=0.00 sys=0.00, real=0.00 secs] 
2018-03-19T13:15:01.524+0530: 3836.627: [GC (Allocation Failure) [PSYoungGen: 173664K->64K(174080K)] 307044K->133468K(523776K), 0.0015385 secs] [Times: user=0.00 sys=0.00, real=0.00 secs] 
2018-03-19T13:15:01.804+0530: 3836.907: [GC (Allocation Failure) [PSYoungGen: 173632K->96K(174080K)] 307036K->133524K(523776K), 0.0013036 secs] [Times: user=0.00 sys=0.00, real=0.00 secs] 
2018-03-19T13:15:02.098+0530: 3837.201: [GC (Allocation Failure) [PSYoungGen: 173664K->32K(174080K)] 307092K->133476K(523776K), 0.0016499 secs] [Times: user=0.00 sys=0.00, real=0.00 secs] 
2018-03-19T13:15:02.401+0530: 3837.503: [GC (Allocation Failure) [PSYoungGen: 173600K->96K(174080K)] 307044K->133564K(523776K), 0.0014129 secs] [Times: user=0.00 sys=0.00, real=0.00 secs] 
2018-03-19T13:15:02.697+0530: 3837.800: [GC (Allocation Failure) [PSYoungGen: 173664K->96K(174080K)] 307132K->133580K(523776K), 0.0014411 secs] [Times: user=0.00 sys=0.00, real=0.00 secs] 
2018-03-19T13:15:02.986+0530: 3838.089: [GC (Allocation Failure) [PSYoungGen: 173664K->96K(174080K)] 307148K->133604K(523776K), 0.0014267 secs] [Times: user=0.00 sys=0.00, real=0.00 secs] 
2018-03-19T13:15:03.272+0530: 3838.375: [GC (Allocation Failure) [PSYoungGen: 173664K->96K(174080K)] 307172K->133628K(523776K), 0.0014207 secs] [Times: user=0.00 sys=0.00, real=0.00 secs] 
2018-03-19T13:15:03.552+0530: 3838.655: [GC (Allocation Failure) [PSYoungGen: 173664K->64K(174080K)] 307196K->133628K(523776K), 0.0013636 secs] [Times: user=0.00 sys=0.00, real=0.00 secs] 
2018-03-19T13:15:03.848+0530: 3838.951: [GC (Allocation Failure) [PSYoungGen: 173632K->96K(174080K)] 307196K->133692K(523776K), 0.0014136 secs] [Times: user=0.00 sys=0.00, real=0.00 secs] 
2018-03-19T13:15:04.131+0530: 3839.234: [GC (Allocation Failure) [PSYoungGen: 173664K->64K(174080K)] 307260K->133684K(523776K), 0.0013093 secs] [Times: user=0.00 sys=0.00, real=0.00 secs] 
2018-03-19T13:15:04.410+0530: 3839.512: [GC (Allocation Failure) [PSYoungGen: 173632K->96K(174080K)] 307252K->133732K(523776K), 0.0014355 secs] [Times: user=0.00 sys=0.00, real=0.00 secs] 
2018-03-19T13:15:04.700+0530: 3839.803: [GC (Allocation Failure) [PSYoungGen: 173664K->64K(174080K)] 307300K->133724K(523776K), 0.0015021 secs] [Times: user=0.00 sys=0.00, real=0.00 secs] 
2018-03-19T13:15:04.989+0530: 3840.093: [GC (Allocation Failure) [PSYoungGen: 173632K->96K(174080K)] 307292K->133780K(523776K), 0.0015328 secs] [Times: user=0.00 sys=0.00, real=0.00 secs] 
2018-03-19T13:15:05.294+0530: 3840.397: [GC (Allocation Failure) [PSYoungGen: 173664K->96K(174080K)] 307348K->133796K(523776K), 0.0015818 secs] [Times: user=0.00 sys=0.00, real=0.00 secs] 
2018-03-19T13:15:05.588+0530: 3840.690: [GC (Allocation Failure) [PSYoungGen: 173664K->96K(174080K)] 307364K->133820K(523776K), 0.0013555 secs] [Times: user=0.00 sys=0.00, real=0.00 secs] 
2018-03-19T13:15:05.863+0530: 3840.965: [GC (Allocation Failure) [PSYoungGen: 173664K->96K(174080K)] 307388K->133844K(523776K), 0.0014782 secs] [Times: user=0.00 sys=0.00, real=0.00 secs] 
2018-03-19T13:15:06.159+0530: 3841.262: [GC (Allocation Failure) [PSYoungGen: 173664K->96K(174080K)] 307412K->133868K(523776K), 0.0015198 secs] [Times: user=0.00 sys=0.00, real=0.00 secs] 
2018-03-19T13:15:06.441+0530: 3841.543: [GC (Allocation Failure) [PSYoungGen: 173664K->96K(174080K)] 307436K->133900K(523776K), 0.0014665 secs] [Times: user=0.00 sys=0.00, real=0.00 secs] 
2018-03-19T13:15:06.881+0530: 3841.984: [GC (Allocation Failure) [PSYoungGen: 173664K->64K(174080K)] 307468K->133892K(523776K), 0.0015758 secs] [Times: user=0.00 sys=0.00, real=0.00 secs] 
2018-03-19T13:15:07.201+0530: 3842.304: [GC (Allocation Failure) [PSYoungGen: 173632K->96K(174080K)] 307460K->133940K(523776K), 0.0016065 secs] [Times: user=0.00 sys=0.00, real=0.00 secs] 
2018-03-19T13:15:07.490+0530: 3842.593: [GC (Allocation Failure) [PSYoungGen: 173664K->96K(174080K)] 307508K->133964K(523776K), 0.0015441 secs] [Times: user=0.00 sys=0.00, real=0.00 secs] 
2018-03-19T13:15:07.794+0530: 3842.897: [GC (Allocation Failure) [PSYoungGen: 173664K->96K(174080K)] 307532K->133980K(523776K), 0.0014817 secs] [Times: user=0.00 sys=0.00, real=0.00 secs] 
2018-03-19T13:15:08.074+0530: 3843.177: [GC (Allocation Failure) [PSYoungGen: 173664K->96K(174080K)] 307548K->134004K(523776K), 0.0016122 secs] [Times: user=0.00 sys=0.00, real=0.00 secs] 
2018-03-19T13:15:08.354+0530: 3843.457: [GC (Allocation Failure) [PSYoungGen: 173664K->128K(174080K)] 307572K->134060K(523776K), 0.0014485 secs] [Times: user=0.00 sys=0.00, real=0.00 secs] 
2018-03-19T13:15:08.713+0530: 3843.816: [GC (Allocation Failure) [PSYoungGen: 173696K->64K(174080K)] 307628K->134028K(523776K), 0.0018629 secs] [Times: user=0.00 sys=0.00, real=0.00 secs] 
2018-03-19T13:15:09.093+0530: 3844.196: [GC (Allocation Failure) [PSYoungGen: 173632K->96K(174080K)] 307596K->134092K(523776K), 0.0014112 secs] [Times: user=0.00 sys=0.00, real=0.00 secs] 
2018-03-19T13:15:09.539+0530: 3844.641: [GC (Allocation Failure) [PSYoungGen: 173664K->64K(174080K)] 307660K->134076K(523776K), 0.0023230 secs] [Times: user=0.02 sys=0.00, real=0.00 secs] 
2018-03-19T13:15:10.258+0530: 3845.362: [GC (Allocation Failure) [PSYoungGen: 173632K->32K(174080K)] 307644K->134060K(523776K), 0.0022553 secs] [Times: user=0.02 sys=0.00, real=0.00 secs] 
2018-03-19T13:15:10.997+0530: 3846.100: [GC (Allocation Failure) [PSYoungGen: 173600K->96K(174080K)] 307628K->134156K(523776K), 0.0020801 secs] [Times: user=0.00 sys=0.00, real=0.00 secs] 
2018-03-19T13:15:11.427+0530: 3846.531: [GC (Allocation Failure) [PSYoungGen: 173664K->96K(174080K)] 307724K->134180K(523776K), 0.0019454 secs] [Times: user=0.00 sys=0.00, real=0.00 secs] 
2018-03-19T13:15:11.926+0530: 3847.028: [GC (Allocation Failure) [PSYoungGen: 173664K->96K(174080K)] 307748K->134196K(523776K), 0.0013791 secs] [Times: user=0.00 sys=0.00, real=0.00 secs] 
2018-03-19T13:15:12.319+0530: 3847.422: [GC (Allocation Failure) [PSYoungGen: 173664K->96K(174080K)] 307764K->134212K(523776K), 0.0018029 secs] [Times: user=0.00 sys=0.00, real=0.00 secs] 
2018-03-19T13:15:12.690+0530: 3847.793: [GC (Allocation Failure) [PSYoungGen: 173664K->96K(174080K)] 307780K->134228K(523776K), 0.0015226 secs] [Times: user=0.00 sys=0.00, real=0.00 secs] 
2018-03-19T13:15:13.119+0530: 3848.222: [GC (Allocation Failure) [PSYoungGen: 173664K->96K(174080K)] 307796K->134252K(523776K), 0.0016989 secs] [Times: user=0.00 sys=0.00, real=0.00 secs] 
2018-03-19T13:15:13.505+0530: 3848.609: [GC (Allocation Failure) [PSYoungGen: 173664K->64K(174080K)] 307820K->134244K(523776K), 0.0015462 secs] [Times: user=0.00 sys=0.00, real=0.00 secs] 
2018-03-19T13:15:13.866+0530: 3848.969: [GC (Allocation Failure) [PSYoungGen: 173632K->64K(174080K)] 307812K->134268K(523776K), 0.0014810 secs] [Times: user=0.00 sys=0.00, real=0.00 secs] 
2018-03-19T13:15:14.224+0530: 3849.327: [GC (Allocation Failure) [PSYoungGen: 173632K->64K(174080K)] 307836K->134292K(523776K), 0.0015212 secs] [Times: user=0.00 sys=0.00, real=0.00 secs] 
2018-03-19T13:15:14.606+0530: 3849.708: [GC (Allocation Failure) [PSYoungGen: 173632K->96K(174080K)] 307860K->134340K(523776K), 0.0014782 secs] [Times: user=0.00 sys=0.00, real=0.00 secs] 
2018-03-19T13:15:14.931+0530: 3850.033: [GC (Allocation Failure) [PSYoungGen: 173664K->64K(174080K)] 307908K->134332K(523776K), 0.0015681 secs] [Times: user=0.00 sys=0.00, real=0.00 secs] 
2018-03-19T13:15:15.226+0530: 3850.330: [GC (Allocation Failure) [PSYoungGen: 173632K->96K(174080K)] 307900K->134388K(523776K), 0.0014933 secs] [Times: user=0.00 sys=0.00, real=0.00 secs] 
2018-03-19T13:15:15.525+0530: 3850.627: [GC (Allocation Failure) [PSYoungGen: 173664K->64K(174080K)] 307956K->134380K(523776K), 0.0012962 secs] [Times: user=0.00 sys=0.00, real=0.00 secs] 
2018-03-19T13:15:15.840+0530: 3850.943: [GC (Allocation Failure) [PSYoungGen: 173632K->64K(174080K)] 307948K->134404K(523776K), 0.0016675 secs] [Times: user=0.00 sys=0.00, real=0.00 secs] 
2018-03-19T13:15:16.120+0530: 3851.222: [GC (Allocation Failure) [PSYoungGen: 173632K->96K(174080K)] 307972K->134460K(523776K), 0.0014627 secs] [Times: user=0.00 sys=0.00, real=0.00 secs] 
2018-03-19T13:15:16.382+0530: 3851.486: [GC (Allocation Failure) [PSYoungGen: 173664K->96K(174080K)] 308028K->134484K(523776K), 0.0013861 secs] [Times: user=0.02 sys=0.00, real=0.00 secs] 
2018-03-19T13:15:16.667+0530: 3851.770: [GC (Allocation Failure) [PSYoungGen: 173664K->96K(174080K)] 308052K->134508K(523776K), 0.0014842 secs] [Times: user=0.00 sys=0.00, real=0.00 secs] 
2018-03-19T13:15:16.960+0530: 3852.062: [GC (Allocation Failure) [PSYoungGen: 173664K->96K(174080K)] 308076K->134532K(523776K), 0.0015420 secs] [Times: user=0.00 sys=0.00, real=0.00 secs] 
2018-03-19T13:15:17.248+0530: 3852.350: [GC (Allocation Failure) [PSYoungGen: 173664K->64K(174080K)] 308100K->134524K(523776K), 0.0013696 secs] [Times: user=0.00 sys=0.00, real=0.00 secs] 
2018-03-19T13:15:17.534+0530: 3852.636: [GC (Allocation Failure) [PSYoungGen: 173632K->96K(174080K)] 308092K->134580K(523776K), 0.0014715 secs] [Times: user=0.00 sys=0.00, real=0.00 secs] 
2018-03-19T13:15:17.813+0530: 3852.915: [GC (Allocation Failure) [PSYoungGen: 173664K->96K(174080K)] 308148K->134596K(523776K), 0.0012814 secs] [Times: user=0.00 sys=0.00, real=0.00 secs] 
2018-03-19T13:15:18.089+0530: 3853.192: [GC (Allocation Failure) [PSYoungGen: 173664K->96K(174080K)] 308164K->134620K(523776K), 0.0015624 secs] [Times: user=0.00 sys=0.00, real=0.00 secs] 
2018-03-19T13:15:18.359+0530: 3853.462: [GC (Allocation Failure) [PSYoungGen: 173664K->64K(174080K)] 308188K->134612K(523776K), 0.0014355 secs] [Times: user=0.00 sys=0.00, real=0.00 secs] 
2018-03-19T13:15:18.646+0530: 3853.749: [GC (Allocation Failure) [PSYoungGen: 173632K->96K(174080K)] 308180K->134676K(523776K), 0.0015314 secs] [Times: user=0.00 sys=0.00, real=0.00 secs] 
2018-03-19T13:15:18.924+0530: 3854.027: [GC (Allocation Failure) [PSYoungGen: 173664K->96K(174080K)] 308244K->134692K(523776K), 0.0014344 secs] [Times: user=0.00 sys=0.00, real=0.00 secs] 
2018-03-19T13:15:19.198+0530: 3854.301: [GC (Allocation Failure) [PSYoungGen: 173664K->96K(174080K)] 308260K->134724K(523776K), 0.0014669 secs] [Times: user=0.00 sys=0.00, real=0.00 secs] 
2018-03-19T13:15:19.476+0530: 3854.580: [GC (Allocation Failure) [PSYoungGen: 173664K->64K(174080K)] 308292K->134716K(523776K), 0.0015000 secs] [Times: user=0.00 sys=0.00, real=0.00 secs] 
2018-03-19T13:15:19.770+0530: 3854.872: [GC (Allocation Failure) [PSYoungGen: 173632K->96K(174080K)] 308284K->134772K(523776K), 0.0014944 secs] [Times: user=0.00 sys=0.00, real=0.00 secs] 
2018-03-19T13:15:20.057+0530: 3855.160: [GC (Allocation Failure) [PSYoungGen: 173664K->64K(174080K)] 308340K->134756K(523776K), 0.0014457 secs] [Times: user=0.00 sys=0.00, real=0.00 secs] 
2018-03-19T13:15:20.335+0530: 3855.438: [GC (Allocation Failure) [PSYoungGen: 173632K->64K(174080K)] 308324K->134780K(523776K), 0.0014958 secs] [Times: user=0.00 sys=0.00, real=0.00 secs] 
2018-03-19T13:15:20.619+0530: 3855.722: [GC (Allocation Failure) [PSYoungGen: 173632K->96K(174080K)] 308348K->134836K(523776K), 0.0015043 secs] [Times: user=0.00 sys=0.00, real=0.00 secs] 
2018-03-19T13:15:20.897+0530: 3856.000: [GC (Allocation Failure) [PSYoungGen: 173664K->96K(174080K)] 308404K->134860K(523776K), 0.0014627 secs] [Times: user=0.00 sys=0.00, real=0.00 secs] 
2018-03-19T13:15:21.174+0530: 3856.277: [GC (Allocation Failure) [PSYoungGen: 173664K->96K(174080K)] 308428K->134884K(523776K), 0.0013019 secs] [Times: user=0.00 sys=0.00, real=0.00 secs] 
2018-03-19T13:15:21.457+0530: 3856.560: [GC (Allocation Failure) [PSYoungGen: 173664K->96K(174080K)] 308452K->134908K(523776K), 0.0014538 secs] [Times: user=0.00 sys=0.00, real=0.00 secs] 
2018-03-19T13:15:21.737+0530: 3856.840: [GC (Allocation Failure) [PSYoungGen: 173664K->96K(174080K)] 308476K->134924K(523776K), 0.0013473 secs] [Times: user=0.00 sys=0.00, real=0.00 secs] 
2018-03-19T13:15:22.012+0530: 3857.115: [GC (Allocation Failure) [PSYoungGen: 173664K->96K(174080K)] 308492K->134940K(523776K), 0.0014658 secs] [Times: user=0.00 sys=0.00, real=0.00 secs] 
2018-03-19T13:15:22.305+0530: 3857.408: [GC (Allocation Failure) [PSYoungGen: 173664K->96K(174080K)] 308508K->134956K(523776K), 0.0014665 secs] [Times: user=0.00 sys=0.00, real=0.00 secs] 
2018-03-19T13:15:22.583+0530: 3857.686: [GC (Allocation Failure) [PSYoungGen: 173664K->96K(174080K)] 308524K->134980K(523776K), 0.0013971 secs] [Times: user=0.00 sys=0.00, real=0.00 secs] 
2018-03-19T13:15:22.866+0530: 3857.969: [GC (Allocation Failure) [PSYoungGen: 173664K->96K(174080K)] 308548K->135004K(523776K), 0.0013064 secs] [Times: user=0.00 sys=0.00, real=0.00 secs] 
2018-03-19T13:15:23.145+0530: 3858.247: [GC (Allocation Failure) [PSYoungGen: 173664K->64K(174080K)] 308572K->134996K(523776K), 0.0014112 secs] [Times: user=0.00 sys=0.00, real=0.00 secs] 
2018-03-19T13:15:23.428+0530: 3858.530: [GC (Allocation Failure) [PSYoungGen: 173632K->96K(174080K)] 308564K->135052K(523776K), 0.0014062 secs] [Times: user=0.00 sys=0.00, real=0.00 secs] 
2018-03-19T13:15:23.722+0530: 3858.824: [GC (Allocation Failure) [PSYoungGen: 173664K->96K(174080K)] 308620K->135076K(523776K), 0.0014510 secs] [Times: user=0.00 sys=0.00, real=0.00 secs] 
2018-03-19T13:15:24.011+0530: 3859.114: [GC (Allocation Failure) [PSYoungGen: 173664K->96K(174080K)] 308644K->135100K(523776K), 0.0015046 secs] [Times: user=0.00 sys=0.00, real=0.00 secs] 
2018-03-19T13:15:24.291+0530: 3859.394: [GC (Allocation Failure) [PSYoungGen: 173664K->96K(174080K)] 308668K->135124K(523776K), 0.0012856 secs] [Times: user=0.00 sys=0.00, real=0.00 secs] 
2018-03-19T13:15:24.572+0530: 3859.675: [GC (Allocation Failure) [PSYoungGen: 173664K->96K(174080K)] 308692K->135156K(523776K), 0.0013033 secs] [Times: user=0.00 sys=0.00, real=0.00 secs] 
2018-03-19T13:15:24.840+0530: 3859.943: [GC (Allocation Failure) [PSYoungGen: 173664K->96K(174080K)] 308724K->135180K(523776K), 0.0015007 secs] [Times: user=0.00 sys=0.00, real=0.00 secs] 
2018-03-19T13:15:25.116+0530: 3860.218: [GC (Allocation Failure) [PSYoungGen: 173664K->96K(174080K)] 308748K->135204K(523776K), 0.0013942 secs] [Times: user=0.00 sys=0.00, real=0.00 secs] 
2018-03-19T13:15:25.400+0530: 3860.502: [GC (Allocation Failure) [PSYoungGen: 173664K->64K(174080K)] 308772K->135196K(523776K), 0.0015378 secs] [Times: user=0.00 sys=0.00, real=0.00 secs] 
2018-03-19T13:15:25.730+0530: 3860.833: [GC (Allocation Failure) [PSYoungGen: 173632K->96K(174080K)] 308764K->135252K(523776K), 0.0015564 secs] [Times: user=0.00 sys=0.00, real=0.00 secs] 
2018-03-19T13:15:26.012+0530: 3861.114: [GC (Allocation Failure) [PSYoungGen: 173664K->96K(174080K)] 308820K->135276K(523776K), 0.0015497 secs] [Times: user=0.00 sys=0.00, real=0.00 secs] 
2018-03-19T13:15:26.292+0530: 3861.394: [GC (Allocation Failure) [PSYoungGen: 173664K->96K(174080K)] 308844K->135292K(523776K), 0.0014627 secs] [Times: user=0.00 sys=0.00, real=0.00 secs] 
2018-03-19T13:15:26.569+0530: 3861.672: [GC (Allocation Failure) [PSYoungGen: 173664K->64K(174080K)] 308860K->135284K(523776K), 0.0014722 secs] [Times: user=0.00 sys=0.00, real=0.00 secs] 
2018-03-19T13:15:26.844+0530: 3861.947: [GC (Allocation Failure) [PSYoungGen: 173632K->64K(174080K)] 308852K->135308K(523776K), 0.0014641 secs] [Times: user=0.00 sys=0.00, real=0.00 secs] 
2018-03-19T13:15:27.124+0530: 3862.227: [GC (Allocation Failure) [PSYoungGen: 173632K->128K(174080K)] 308876K->135388K(523776K), 0.0015519 secs] [Times: user=0.00 sys=0.00, real=0.00 secs] 
2018-03-19T13:15:27.403+0530: 3862.506: [GC (Allocation Failure) [PSYoungGen: 173696K->96K(174080K)] 308956K->135380K(523776K), 0.0013741 secs] [Times: user=0.00 sys=0.00, real=0.00 secs] 
2018-03-19T13:15:27.688+0530: 3862.790: [GC (Allocation Failure) [PSYoungGen: 173664K->64K(174080K)] 308948K->135372K(523776K), 0.0014690 secs] [Times: user=0.00 sys=0.00, real=0.00 secs] 
2018-03-19T13:15:27.980+0530: 3863.082: [GC (Allocation Failure) [PSYoungGen: 173632K->96K(174080K)] 308940K->135428K(523776K), 0.0014880 secs] [Times: user=0.00 sys=0.00, real=0.00 secs] 
2018-03-19T13:15:28.251+0530: 3863.353: [GC (Allocation Failure) [PSYoungGen: 173664K->96K(174080K)] 308996K->135460K(523776K), 0.0012670 secs] [Times: user=0.00 sys=0.00, real=0.00 secs] 
2018-03-19T13:15:28.533+0530: 3863.636: [GC (Allocation Failure) [PSYoungGen: 173664K->64K(174080K)] 309028K->135452K(523776K), 0.0015667 secs] [Times: user=0.00 sys=0.00, real=0.00 secs] 
2018-03-19T13:15:28.813+0530: 3863.915: [GC (Allocation Failure) [PSYoungGen: 173632K->96K(174080K)] 309020K->135500K(523776K), 0.0014404 secs] [Times: user=0.00 sys=0.00, real=0.00 secs] 
2018-03-19T13:15:29.088+0530: 3864.191: [GC (Allocation Failure) [PSYoungGen: 173664K->96K(174080K)] 309068K->135524K(523776K), 0.0013921 secs] [Times: user=0.00 sys=0.00, real=0.00 secs] 
2018-03-19T13:15:29.362+0530: 3864.464: [GC (Allocation Failure) [PSYoungGen: 173664K->96K(174080K)] 309092K->135548K(523776K), 0.0013036 secs] [Times: user=0.00 sys=0.00, real=0.00 secs] 
2018-03-19T13:15:29.649+0530: 3864.752: [GC (Allocation Failure) [PSYoungGen: 173664K->64K(174080K)] 309116K->135540K(523776K), 0.0014461 secs] [Times: user=0.00 sys=0.00, real=0.00 secs] 
2018-03-19T13:15:29.926+0530: 3865.028: [GC (Allocation Failure) [PSYoungGen: 173632K->64K(174080K)] 309108K->135556K(523776K), 0.0014175 secs] [Times: user=0.00 sys=0.00, real=0.00 secs] 
2018-03-19T13:15:30.203+0530: 3865.306: [GC (Allocation Failure) [PSYoungGen: 173632K->96K(174080K)] 309124K->135612K(523776K), 0.0015215 secs] [Times: user=0.00 sys=0.00, real=0.00 secs] 
2018-03-19T13:15:30.481+0530: 3865.584: [GC (Allocation Failure) [PSYoungGen: 173664K->64K(174080K)] 309180K->135604K(523776K), 0.0013082 secs] [Times: user=0.00 sys=0.00, real=0.00 secs] 
2018-03-19T13:15:30.765+0530: 3865.868: [GC (Allocation Failure) [PSYoungGen: 173632K->64K(174080K)] 309172K->135628K(523776K), 0.0013449 secs] [Times: user=0.00 sys=0.00, real=0.00 secs] 
2018-03-19T13:15:31.031+0530: 3866.133: [GC (Allocation Failure) [PSYoungGen: 173632K->64K(174080K)] 309196K->135652K(523776K), 0.0014990 secs] [Times: user=0.00 sys=0.00, real=0.00 secs] 
2018-03-19T13:15:31.344+0530: 3866.447: [GC (Allocation Failure) [PSYoungGen: 173632K->96K(174080K)] 309220K->135708K(523776K), 0.0015212 secs] [Times: user=0.00 sys=0.00, real=0.00 secs] 
2018-03-19T13:15:31.622+0530: 3866.725: [GC (Allocation Failure) [PSYoungGen: 173664K->96K(174080K)] 309276K->135724K(523776K), 0.0013332 secs] [Times: user=0.00 sys=0.00, real=0.00 secs] 
2018-03-19T13:15:31.935+0530: 3867.038: [GC (Allocation Failure) [PSYoungGen: 173664K->96K(174080K)] 309292K->135748K(523776K), 0.0013770 secs] [Times: user=0.00 sys=0.00, real=0.00 secs] 
2018-03-19T13:15:32.215+0530: 3867.318: [GC (Allocation Failure) [PSYoungGen: 173664K->96K(174080K)] 309316K->135764K(523776K), 0.0013801 secs] [Times: user=0.00 sys=0.00, real=0.00 secs] 
2018-03-19T13:15:32.510+0530: 3867.613: [GC (Allocation Failure) [PSYoungGen: 173664K->96K(174080K)] 309332K->135788K(523776K), 0.0014969 secs] [Times: user=0.00 sys=0.00, real=0.00 secs] 
2018-03-19T13:15:32.790+0530: 3867.892: [GC (Allocation Failure) [PSYoungGen: 173664K->96K(174080K)] 309356K->135812K(523776K), 0.0014193 secs] [Times: user=0.00 sys=0.00, real=0.00 secs] 
2018-03-19T13:15:33.084+0530: 3868.187: [GC (Allocation Failure) [PSYoungGen: 173664K->64K(174080K)] 309380K->135804K(523776K), 0.0014415 secs] [Times: user=0.00 sys=0.00, real=0.00 secs] 
2018-03-19T13:15:33.366+0530: 3868.469: [GC (Allocation Failure) [PSYoungGen: 173632K->96K(174080K)] 309372K->135852K(523776K), 0.0013960 secs] [Times: user=0.00 sys=0.00, real=0.00 secs] 
2018-03-19T13:15:33.656+0530: 3868.758: [GC (Allocation Failure) [PSYoungGen: 173664K->64K(174080K)] 309420K->135844K(523776K), 0.0012902 secs] [Times: user=0.00 sys=0.00, real=0.00 secs] 
2018-03-19T13:15:33.933+0530: 3869.037: [GC (Allocation Failure) [PSYoungGen: 173632K->96K(174080K)] 309412K->135900K(523776K), 0.0013403 secs] [Times: user=0.00 sys=0.00, real=0.00 secs] 
2018-03-19T13:15:34.212+0530: 3869.314: [GC (Allocation Failure) [PSYoungGen: 173664K->96K(174080K)] 309468K->135924K(523776K), 0.0012574 secs] [Times: user=0.00 sys=0.00, real=0.00 secs] 
2018-03-19T13:15:34.489+0530: 3869.591: [GC (Allocation Failure) [PSYoungGen: 173664K->96K(174080K)] 309492K->135940K(523776K), 0.0013435 secs] [Times: user=0.00 sys=0.00, real=0.00 secs] 
2018-03-19T13:15:34.770+0530: 3869.872: [GC (Allocation Failure) [PSYoungGen: 173664K->96K(174080K)] 309508K->135972K(523776K), 0.0014207 secs] [Times: user=0.00 sys=0.00, real=0.00 secs] 
2018-03-19T13:15:35.062+0530: 3870.165: [GC (Allocation Failure) [PSYoungGen: 173664K->96K(174080K)] 309540K->136004K(523776K), 0.0013830 secs] [Times: user=0.00 sys=0.00, real=0.00 secs] 
2018-03-19T13:15:35.347+0530: 3870.450: [GC (Allocation Failure) [PSYoungGen: 173664K->96K(174080K)] 309572K->136028K(523776K), 0.0015152 secs] [Times: user=0.00 sys=0.00, real=0.00 secs] 
2018-03-19T13:15:35.632+0530: 3870.734: [GC (Allocation Failure) [PSYoungGen: 173664K->96K(174080K)] 309596K->136044K(523776K), 0.0014246 secs] [Times: user=0.00 sys=0.00, real=0.00 secs] 
2018-03-19T13:15:35.927+0530: 3871.030: [GC (Allocation Failure) [PSYoungGen: 173664K->96K(174080K)] 309612K->136060K(523776K), 0.0013777 secs] [Times: user=0.00 sys=0.00, real=0.00 secs] 
2018-03-19T13:15:36.205+0530: 3871.308: [GC (Allocation Failure) [PSYoungGen: 173664K->64K(174080K)] 309628K->136052K(523776K), 0.0014990 secs] [Times: user=0.00 sys=0.00, real=0.00 secs] 
2018-03-19T13:15:36.485+0530: 3871.588: [GC (Allocation Failure) [PSYoungGen: 173632K->96K(174080K)] 309620K->136100K(523776K), 0.0014891 secs] [Times: user=0.00 sys=0.00, real=0.00 secs] 
2018-03-19T13:15:36.769+0530: 3871.872: [GC (Allocation Failure) [PSYoungGen: 173664K->96K(174080K)] 309668K->136124K(523776K), 0.0014337 secs] [Times: user=0.00 sys=0.00, real=0.00 secs] 
2018-03-19T13:15:37.049+0530: 3872.151: [GC (Allocation Failure) [PSYoungGen: 173664K->96K(174080K)] 309692K->136140K(523776K), 0.0013392 secs] [Times: user=0.00 sys=0.00, real=0.00 secs] 
2018-03-19T13:15:37.334+0530: 3872.437: [GC (Allocation Failure) [PSYoungGen: 173664K->96K(174080K)] 309708K->136164K(523776K), 0.0014690 secs] [Times: user=0.00 sys=0.00, real=0.00 secs] 
2018-03-19T13:15:37.617+0530: 3872.719: [GC (Allocation Failure) [PSYoungGen: 173664K->96K(174080K)] 309732K->136180K(523776K), 0.0013488 secs] [Times: user=0.00 sys=0.00, real=0.00 secs] 
2018-03-19T13:15:37.887+0530: 3872.990: [GC (Allocation Failure) [PSYoungGen: 173664K->96K(174080K)] 309748K->136204K(523776K), 0.0014887 secs] [Times: user=0.00 sys=0.00, real=0.00 secs] 
2018-03-19T13:15:38.164+0530: 3873.266: [GC (Allocation Failure) [PSYoungGen: 173664K->64K(174080K)] 309772K->136196K(523776K), 0.0013844 secs] [Times: user=0.00 sys=0.00, real=0.00 secs] 
2018-03-19T13:15:38.447+0530: 3873.550: [GC (Allocation Failure) [PSYoungGen: 173632K->96K(174080K)] 309764K->136252K(523776K), 0.0013593 secs] [Times: user=0.00 sys=0.00, real=0.00 secs] 
2018-03-19T13:15:38.728+0530: 3873.831: [GC (Allocation Failure) [PSYoungGen: 173664K->64K(174080K)] 309820K->136244K(523776K), 0.0013981 secs] [Times: user=0.00 sys=0.00, real=0.00 secs] 
2018-03-19T13:15:39.008+0530: 3874.111: [GC (Allocation Failure) [PSYoungGen: 173632K->96K(174080K)] 309812K->136292K(523776K), 0.0014750 secs] [Times: user=0.02 sys=0.00, real=0.00 secs] 
2018-03-19T13:15:39.289+0530: 3874.392: [GC (Allocation Failure) [PSYoungGen: 173664K->96K(174080K)] 309860K->136316K(523776K), 0.0014623 secs] [Times: user=0.00 sys=0.00, real=0.00 secs] 
2018-03-19T13:15:39.612+0530: 3874.715: [GC (Allocation Failure) [PSYoungGen: 173664K->64K(174080K)] 309884K->136308K(523776K), 0.0018237 secs] [Times: user=0.00 sys=0.00, real=0.00 secs] 
2018-03-19T13:15:39.987+0530: 3875.091: [GC (Allocation Failure) [PSYoungGen: 173632K->96K(174080K)] 309876K->136364K(523776K), 0.0015765 secs] [Times: user=0.00 sys=0.00, real=0.00 secs] 
2018-03-19T13:15:40.357+0530: 3875.461: [GC (Allocation Failure) [PSYoungGen: 173664K->64K(174080K)] 309932K->136348K(523776K), 0.0023043 secs] [Times: user=0.00 sys=0.00, real=0.00 secs] 
2018-03-19T13:15:40.655+0530: 3875.758: [GC (Allocation Failure) [PSYoungGen: 173632K->128K(174080K)] 309916K->136428K(523776K), 0.0013315 secs] [Times: user=0.00 sys=0.00, real=0.00 secs] 
2018-03-19T13:15:40.930+0530: 3876.033: [GC (Allocation Failure) [PSYoungGen: 173696K->64K(174080K)] 309996K->136388K(523776K), 0.0014584 secs] [Times: user=0.00 sys=0.00, real=0.00 secs] 
2018-03-19T13:15:41.209+0530: 3876.312: [GC (Allocation Failure) [PSYoungGen: 173632K->96K(174080K)] 309956K->136444K(523776K), 0.0014108 secs] [Times: user=0.00 sys=0.00, real=0.00 secs] 
2018-03-19T13:15:41.489+0530: 3876.592: [GC (Allocation Failure) [PSYoungGen: 173664K->96K(174080K)] 310012K->136468K(523776K), 0.0013805 secs] [Times: user=0.00 sys=0.00, real=0.00 secs] 
2018-03-19T13:15:41.771+0530: 3876.873: [GC (Allocation Failure) [PSYoungGen: 173664K->96K(174080K)] 310036K->136492K(523776K), 0.0014835 secs] [Times: user=0.00 sys=0.00, real=0.00 secs] 
2018-03-19T13:15:42.057+0530: 3877.159: [GC (Allocation Failure) [PSYoungGen: 173664K->96K(174080K)] 310060K->136516K(523776K), 0.0013904 secs] [Times: user=0.00 sys=0.00, real=0.00 secs] 
2018-03-19T13:15:42.341+0530: 3877.444: [GC (Allocation Failure) [PSYoungGen: 173664K->96K(174080K)] 310084K->136532K(523776K), 0.0017000 secs] [Times: user=0.00 sys=0.00, real=0.00 secs] 
2018-03-19T13:15:42.629+0530: 3877.732: [GC (Allocation Failure) [PSYoungGen: 173664K->96K(174080K)] 310100K->136564K(523776K), 0.0014672 secs] [Times: user=0.00 sys=0.00, real=0.00 secs] 
2018-03-19T13:15:42.920+0530: 3878.023: [GC (Allocation Failure) [PSYoungGen: 173664K->96K(174080K)] 310132K->136588K(523776K), 0.0015607 secs] [Times: user=0.00 sys=0.00, real=0.00 secs] 
2018-03-19T13:15:43.198+0530: 3878.301: [GC (Allocation Failure) [PSYoungGen: 173664K->64K(174080K)] 310156K->136580K(523776K), 0.0015286 secs] [Times: user=0.00 sys=0.00, real=0.00 secs] 
2018-03-19T13:15:43.518+0530: 3878.620: [GC (Allocation Failure) [PSYoungGen: 173632K->96K(174080K)] 310148K->136636K(523776K), 0.0014091 secs] [Times: user=0.00 sys=0.00, real=0.00 secs] 
2018-03-19T13:15:43.829+0530: 3878.932: [GC (Allocation Failure) [PSYoungGen: 173664K->96K(174080K)] 310204K->136660K(523776K), 0.0016167 secs] [Times: user=0.00 sys=0.00, real=0.00 secs] 
2018-03-19T13:15:44.116+0530: 3879.218: [GC (Allocation Failure) [PSYoungGen: 173664K->96K(174080K)] 310228K->136684K(523776K), 0.0014672 secs] [Times: user=0.00 sys=0.00, real=0.00 secs] 
2018-03-19T13:15:44.394+0530: 3879.496: [GC (Allocation Failure) [PSYoungGen: 173664K->64K(174080K)] 310252K->136668K(523776K), 0.0023498 secs] [Times: user=0.00 sys=0.00, real=0.00 secs] 
2018-03-19T13:15:44.672+0530: 3879.775: [GC (Allocation Failure) [PSYoungGen: 173632K->96K(174080K)] 310236K->136716K(523776K), 0.0012909 secs] [Times: user=0.00 sys=0.00, real=0.00 secs] 
2018-03-19T13:15:44.955+0530: 3880.058: [GC (Allocation Failure) [PSYoungGen: 173664K->96K(174080K)] 310284K->136740K(523776K), 0.0014344 secs] [Times: user=0.00 sys=0.00, real=0.00 secs] 
2018-03-19T13:15:45.234+0530: 3880.337: [GC (Allocation Failure) [PSYoungGen: 173664K->64K(174080K)] 310308K->136732K(523776K), 0.0015279 secs] [Times: user=0.00 sys=0.00, real=0.00 secs] 
2018-03-19T13:15:45.513+0530: 3880.616: [GC (Allocation Failure) [PSYoungGen: 173632K->96K(174080K)] 310300K->136788K(523776K), 0.0014644 secs] [Times: user=0.00 sys=0.00, real=0.00 secs] 
2018-03-19T13:15:45.804+0530: 3880.908: [GC (Allocation Failure) [PSYoungGen: 173664K->96K(174080K)] 310356K->136812K(523776K), 0.0014549 secs] [Times: user=0.00 sys=0.00, real=0.00 secs] 
2018-03-19T13:15:46.082+0530: 3881.185: [GC (Allocation Failure) [PSYoungGen: 173664K->96K(174080K)] 310380K->136828K(523776K), 0.0013854 secs] [Times: user=0.00 sys=0.00, real=0.00 secs] 
2018-03-19T13:15:46.354+0530: 3881.457: [GC (Allocation Failure) [PSYoungGen: 173664K->96K(174080K)] 310396K->136844K(523776K), 0.0013911 secs] [Times: user=0.00 sys=0.00, real=0.00 secs] 
2018-03-19T13:15:46.633+0530: 3881.736: [GC (Allocation Failure) [PSYoungGen: 173664K->96K(174080K)] 310412K->136868K(523776K), 0.0014563 secs] [Times: user=0.00 sys=0.00, real=0.00 secs] 
2018-03-19T13:15:46.902+0530: 3882.005: [GC (Allocation Failure) [PSYoungGen: 173664K->96K(174080K)] 310436K->136900K(523776K), 0.0014782 secs] [Times: user=0.00 sys=0.00, real=0.00 secs] 
2018-03-19T13:15:47.180+0530: 3882.283: [GC (Allocation Failure) [PSYoungGen: 173664K->96K(174080K)] 310468K->136932K(523776K), 0.0014126 secs] [Times: user=0.02 sys=0.00, real=0.00 secs] 
2018-03-19T13:15:47.470+0530: 3882.573: [GC (Allocation Failure) [PSYoungGen: 173664K->96K(174080K)] 310500K->136956K(523776K), 0.0014383 secs] [Times: user=0.00 sys=0.00, real=0.00 secs] 
2018-03-19T13:15:47.751+0530: 3882.854: [GC (Allocation Failure) [PSYoungGen: 173664K->96K(174080K)] 310524K->136980K(523776K), 0.0016710 secs] [Times: user=0.00 sys=0.00, real=0.00 secs] 
2018-03-19T13:15:48.032+0530: 3883.135: [GC (Allocation Failure) [PSYoungGen: 173664K->64K(174080K)] 310548K->136972K(523776K), 0.0016115 secs] [Times: user=0.00 sys=0.00, real=0.00 secs] 
2018-03-19T13:15:48.312+0530: 3883.415: [GC (Allocation Failure) [PSYoungGen: 173632K->96K(174080K)] 310540K->137020K(523776K), 0.0015342 secs] [Times: user=0.00 sys=0.00, real=0.00 secs] 
2018-03-19T13:15:48.602+0530: 3883.705: [GC (Allocation Failure) [PSYoungGen: 173664K->96K(174080K)] 310588K->137036K(523776K), 0.0012416 secs] [Times: user=0.02 sys=0.00, real=0.00 secs] 
2018-03-19T13:15:48.883+0530: 3883.986: [GC (Allocation Failure) [PSYoungGen: 173664K->96K(174080K)] 310604K->137060K(523776K), 0.0015117 secs] [Times: user=0.00 sys=0.00, real=0.00 secs] 
2018-03-19T13:15:49.161+0530: 3884.264: [GC (Allocation Failure) [PSYoungGen: 173664K->96K(174080K)] 310628K->137076K(523776K), 0.0014115 secs] [Times: user=0.00 sys=0.00, real=0.00 secs] 
2018-03-19T13:15:49.456+0530: 3884.559: [GC (Allocation Failure) [PSYoungGen: 173664K->96K(174080K)] 310644K->137100K(523776K), 0.0015046 secs] [Times: user=0.00 sys=0.00, real=0.00 secs] 
2018-03-19T13:15:49.732+0530: 3884.835: [GC (Allocation Failure) [PSYoungGen: 173664K->96K(174080K)] 310668K->137124K(523776K), 0.0014630 secs] [Times: user=0.00 sys=0.00, real=0.00 secs] 
2018-03-19T13:15:50.009+0530: 3885.111: [GC (Allocation Failure) [PSYoungGen: 173664K->96K(174080K)] 310692K->137156K(523776K), 0.0371697 secs] [Times: user=0.00 sys=0.00, real=0.04 secs] 
2018-03-19T13:15:50.348+0530: 3885.451: [GC (Allocation Failure) [PSYoungGen: 173664K->96K(174080K)] 310724K->137180K(523776K), 0.0016940 secs] [Times: user=0.00 sys=0.00, real=0.00 secs] 
2018-03-19T13:15:50.688+0530: 3885.791: [GC (Allocation Failure) [PSYoungGen: 173664K->96K(174080K)] 310748K->137204K(523776K), 0.0015720 secs] [Times: user=0.00 sys=0.00, real=0.00 secs] 
2018-03-19T13:15:50.993+0530: 3886.096: [GC (Allocation Failure) [PSYoungGen: 173664K->64K(174080K)] 310772K->137196K(523776K), 0.0015529 secs] [Times: user=0.00 sys=0.00, real=0.00 secs] 
2018-03-19T13:15:51.299+0530: 3886.401: [GC (Allocation Failure) [PSYoungGen: 173632K->96K(174080K)] 310764K->137244K(523776K), 0.0013992 secs] [Times: user=0.00 sys=0.00, real=0.00 secs] 
2018-03-19T13:15:51.599+0530: 3886.702: [GC (Allocation Failure) [PSYoungGen: 173664K->96K(174080K)] 310812K->137260K(523776K), 0.0015053 secs] [Times: user=0.00 sys=0.00, real=0.00 secs] 
2018-03-19T13:15:51.905+0530: 3887.008: [GC (Allocation Failure) [PSYoungGen: 173664K->96K(174080K)] 310828K->137276K(523776K), 0.0014782 secs] [Times: user=0.00 sys=0.00, real=0.00 secs] 
2018-03-19T13:15:52.200+0530: 3887.303: [GC (Allocation Failure) [PSYoungGen: 173664K->32K(174080K)] 310844K->137236K(523776K), 0.0016132 secs] [Times: user=0.00 sys=0.00, real=0.00 secs] 
2018-03-19T13:15:52.510+0530: 3887.613: [GC (Allocation Failure) [PSYoungGen: 173600K->96K(174080K)] 310804K->137324K(523776K), 0.0014517 secs] [Times: user=0.00 sys=0.00, real=0.00 secs] 
2018-03-19T13:15:52.809+0530: 3887.912: [GC (Allocation Failure) [PSYoungGen: 173664K->96K(174080K)] 310892K->137356K(523776K), 0.0014983 secs] [Times: user=0.00 sys=0.00, real=0.00 secs] 
2018-03-19T13:15:53.117+0530: 3888.220: [GC (Allocation Failure) [PSYoungGen: 173664K->96K(174080K)] 310924K->137380K(523776K), 0.0015924 secs] [Times: user=0.00 sys=0.00, real=0.00 secs] 
2018-03-19T13:15:53.418+0530: 3888.521: [GC (Allocation Failure) [PSYoungGen: 173664K->96K(174080K)] 310948K->137396K(523776K), 0.0014281 secs] [Times: user=0.00 sys=0.00, real=0.00 secs] 
2018-03-19T13:15:53.741+0530: 3888.844: [GC (Allocation Failure) [PSYoungGen: 173664K->96K(174080K)] 310964K->137420K(523776K), 0.0014965 secs] [Times: user=0.00 sys=0.00, real=0.00 secs] 
2018-03-19T13:15:54.027+0530: 3889.130: [GC (Allocation Failure) [PSYoungGen: 173664K->96K(174080K)] 310988K->137436K(523776K), 0.0014701 secs] [Times: user=0.00 sys=0.00, real=0.00 secs] 
2018-03-19T13:15:54.308+0530: 3889.412: [GC (Allocation Failure) [PSYoungGen: 173664K->96K(174080K)] 311004K->137460K(523776K), 0.0014408 secs] [Times: user=0.00 sys=0.00, real=0.00 secs] 
2018-03-19T13:15:54.595+0530: 3889.698: [GC (Allocation Failure) [PSYoungGen: 173664K->96K(174080K)] 311028K->137492K(523776K), 0.0014027 secs] [Times: user=0.00 sys=0.00, real=0.00 secs] 
2018-03-19T13:15:54.886+0530: 3889.990: [GC (Allocation Failure) [PSYoungGen: 173664K->96K(174080K)] 311060K->137516K(523776K), 0.0014598 secs] [Times: user=0.00 sys=0.00, real=0.00 secs] 
2018-03-19T13:15:55.165+0530: 3890.268: [GC (Allocation Failure) [PSYoungGen: 173664K->96K(174080K)] 311084K->137540K(523776K), 0.0012553 secs] [Times: user=0.00 sys=0.00, real=0.00 secs] 
2018-03-19T13:15:55.455+0530: 3890.558: [GC (Allocation Failure) [PSYoungGen: 173664K->96K(174080K)] 311108K->137556K(523776K), 0.0014531 secs] [Times: user=0.00 sys=0.00, real=0.00 secs] 
2018-03-19T13:15:55.751+0530: 3890.854: [GC (Allocation Failure) [PSYoungGen: 173664K->32K(174080K)] 311124K->137508K(523776K), 0.0017945 secs] [Times: user=0.00 sys=0.00, real=0.00 secs] 
2018-03-19T13:15:56.039+0530: 3891.142: [GC (Allocation Failure) [PSYoungGen: 173600K->96K(174080K)] 311076K->137596K(523776K), 0.0014743 secs] [Times: user=0.00 sys=0.00, real=0.00 secs] 
2018-03-19T13:15:56.321+0530: 3891.424: [GC (Allocation Failure) [PSYoungGen: 173664K->64K(174080K)] 311164K->137580K(523776K), 0.0014983 secs] [Times: user=0.06 sys=0.00, real=0.00 secs] 
2018-03-19T13:15:56.615+0530: 3891.718: [GC (Allocation Failure) [PSYoungGen: 173632K->96K(174080K)] 311148K->137636K(523776K), 0.0015184 secs] [Times: user=0.00 sys=0.00, real=0.00 secs] 
2018-03-19T13:15:56.902+0530: 3892.005: [GC (Allocation Failure) [PSYoungGen: 173664K->64K(174080K)] 311204K->137628K(523776K), 0.0015318 secs] [Times: user=0.00 sys=0.00, real=0.00 secs] 
2018-03-19T13:15:57.183+0530: 3892.285: [GC (Allocation Failure) [PSYoungGen: 173632K->96K(174080K)] 311196K->137684K(523776K), 0.0015427 secs] [Times: user=0.00 sys=0.00, real=0.00 secs] 
2018-03-19T13:15:57.476+0530: 3892.579: [GC (Allocation Failure) [PSYoungGen: 173664K->96K(174080K)] 311252K->137708K(523776K), 0.0013893 secs] [Times: user=0.00 sys=0.00, real=0.00 secs] 
2018-03-19T13:15:57.759+0530: 3892.862: [GC (Allocation Failure) [PSYoungGen: 173664K->128K(174080K)] 311276K->137764K(523776K), 0.0014341 secs] [Times: user=0.00 sys=0.00, real=0.00 secs] 
2018-03-19T13:15:58.041+0530: 3893.144: [GC (Allocation Failure) [PSYoungGen: 173696K->96K(174080K)] 311332K->137748K(523776K), 0.0014972 secs] [Times: user=0.00 sys=0.00, real=0.00 secs] 
2018-03-19T13:15:58.333+0530: 3893.436: [GC (Allocation Failure) [PSYoungGen: 173664K->96K(174080K)] 311316K->137772K(523776K), 0.0014415 secs] [Times: user=0.00 sys=0.00, real=0.00 secs] 
2018-03-19T13:15:58.619+0530: 3893.722: [GC (Allocation Failure) [PSYoungGen: 173664K->64K(174080K)] 311340K->137764K(523776K), 0.0014997 secs] [Times: user=0.00 sys=0.00, real=0.00 secs] 
2018-03-19T13:15:58.942+0530: 3894.044: [GC (Allocation Failure) [PSYoungGen: 173632K->96K(174080K)] 311332K->137828K(523776K), 0.0015875 secs] [Times: user=0.00 sys=0.00, real=0.00 secs] 
2018-03-19T13:15:59.222+0530: 3894.326: [GC (Allocation Failure) [PSYoungGen: 173664K->96K(174080K)] 311396K->137852K(523776K), 0.0014478 secs] [Times: user=0.00 sys=0.00, real=0.00 secs] 
2018-03-19T13:15:59.537+0530: 3894.640: [GC (Allocation Failure) [PSYoungGen: 173664K->96K(174080K)] 311420K->137876K(523776K), 0.0013699 secs] [Times: user=0.00 sys=0.00, real=0.00 secs] 
2018-03-19T13:15:59.868+0530: 3894.970: [GC (Allocation Failure) [PSYoungGen: 173664K->32K(174080K)] 311444K->137828K(523776K), 0.0017264 secs] [Times: user=0.06 sys=0.00, real=0.00 secs] 
2018-03-19T13:16:00.199+0530: 3895.302: [GC (Allocation Failure) [PSYoungGen: 173600K->96K(174080K)] 311396K->137916K(523776K), 0.0017155 secs] [Times: user=0.00 sys=0.00, real=0.00 secs] 
2018-03-19T13:16:00.483+0530: 3895.586: [GC (Allocation Failure) [PSYoungGen: 173664K->96K(174080K)] 311484K->137940K(523776K), 0.0013403 secs] [Times: user=0.00 sys=0.00, real=0.00 secs] 
2018-03-19T13:16:00.756+0530: 3895.858: [GC (Allocation Failure) [PSYoungGen: 173664K->96K(174080K)] 311508K->137964K(523776K), 0.0014852 secs] [Times: user=0.00 sys=0.00, real=0.00 secs] 
2018-03-19T13:16:01.024+0530: 3896.127: [GC (Allocation Failure) [PSYoungGen: 173664K->64K(174080K)] 311532K->137956K(523776K), 0.0014609 secs] [Times: user=0.00 sys=0.00, real=0.00 secs] 
2018-03-19T13:16:01.298+0530: 3896.401: [GC (Allocation Failure) [PSYoungGen: 173632K->96K(174080K)] 311524K->138004K(523776K), 0.0013872 secs] [Times: user=0.00 sys=0.00, real=0.00 secs] 
2018-03-19T13:16:01.578+0530: 3896.681: [GC (Allocation Failure) [PSYoungGen: 173664K->96K(174080K)] 311572K->138028K(523776K), 0.0014126 secs] [Times: user=0.00 sys=0.00, real=0.00 secs] 
2018-03-19T13:16:01.857+0530: 3896.960: [GC (Allocation Failure) [PSYoungGen: 173664K->96K(174080K)] 311596K->138044K(523776K), 0.0013798 secs] [Times: user=0.00 sys=0.00, real=0.00 secs] 
2018-03-19T13:16:02.143+0530: 3897.246: [GC (Allocation Failure) [PSYoungGen: 173664K->96K(174080K)] 311612K->138060K(523776K), 0.0014877 secs] [Times: user=0.00 sys=0.00, real=0.00 secs] 
2018-03-19T13:16:02.425+0530: 3897.528: [GC (Allocation Failure) [PSYoungGen: 173664K->64K(174080K)] 311628K->138052K(523776K), 0.0014327 secs] [Times: user=0.00 sys=0.00, real=0.00 secs] 
2018-03-19T13:16:02.705+0530: 3897.808: [GC (Allocation Failure) [PSYoungGen: 173632K->64K(174080K)] 311620K->138076K(523776K), 0.0013149 secs] [Times: user=0.00 sys=0.00, real=0.00 secs] 
2018-03-19T13:16:02.994+0530: 3898.097: [GC (Allocation Failure) [PSYoungGen: 173632K->96K(174080K)] 311644K->138132K(523776K), 0.0013667 secs] [Times: user=0.00 sys=0.00, real=0.00 secs] 
2018-03-19T13:16:03.264+0530: 3898.366: [GC (Allocation Failure) [PSYoungGen: 173664K->96K(174080K)] 311700K->138164K(523776K), 0.0013918 secs] [Times: user=0.00 sys=0.00, real=0.00 secs] 
2018-03-19T13:16:03.547+0530: 3898.650: [GC (Allocation Failure) [PSYoungGen: 173664K->96K(174080K)] 311732K->138196K(523776K), 0.0012948 secs] [Times: user=0.00 sys=0.00, real=0.00 secs] 
2018-03-19T13:16:03.844+0530: 3898.947: [GC (Allocation Failure) [PSYoungGen: 173664K->96K(174080K)] 311764K->138220K(523776K), 0.0015145 secs] [Times: user=0.00 sys=0.00, real=0.00 secs] 
2018-03-19T13:16:04.123+0530: 3899.225: [GC (Allocation Failure) [PSYoungGen: 173664K->64K(174080K)] 311788K->138212K(523776K), 0.0014577 secs] [Times: user=0.00 sys=0.00, real=0.00 secs] 
2018-03-19T13:16:04.402+0530: 3899.505: [GC (Allocation Failure) [PSYoungGen: 173632K->96K(174080K)] 311780K->138268K(523776K), 0.0014581 secs] [Times: user=0.00 sys=0.00, real=0.00 secs] 
2018-03-19T13:16:04.687+0530: 3899.790: [GC (Allocation Failure) [PSYoungGen: 173664K->96K(174080K)] 311836K->138292K(523776K), 0.0014468 secs] [Times: user=0.00 sys=0.00, real=0.00 secs] 
2018-03-19T13:16:04.960+0530: 3900.063: [GC (Allocation Failure) [PSYoungGen: 173664K->64K(174080K)] 311860K->138276K(523776K), 0.0012938 secs] [Times: user=0.00 sys=0.00, real=0.00 secs] 
2018-03-19T13:16:05.231+0530: 3900.334: [GC (Allocation Failure) [PSYoungGen: 173632K->64K(174080K)] 311844K->138300K(523776K), 0.0012613 secs] [Times: user=0.00 sys=0.00, real=0.00 secs] 
2018-03-19T13:16:05.512+0530: 3900.615: [GC (Allocation Failure) [PSYoungGen: 173632K->64K(174080K)] 311868K->138324K(523776K), 0.0014454 secs] [Times: user=0.00 sys=0.00, real=0.00 secs] 
2018-03-19T13:16:05.792+0530: 3900.895: [GC (Allocation Failure) [PSYoungGen: 173632K->64K(174080K)] 311892K->138348K(523776K), 0.0014151 secs] [Times: user=0.00 sys=0.00, real=0.00 secs] 
2018-03-19T13:16:06.066+0530: 3901.169: [GC (Allocation Failure) [PSYoungGen: 173632K->64K(174080K)] 311916K->138372K(523776K), 0.0012176 secs] [Times: user=0.00 sys=0.00, real=0.00 secs] 
2018-03-19T13:16:06.350+0530: 3901.453: [GC (Allocation Failure) [PSYoungGen: 173632K->64K(174080K)] 311940K->138396K(523776K), 0.0013026 secs] [Times: user=0.00 sys=0.00, real=0.00 secs] 
2018-03-19T13:16:06.632+0530: 3901.735: [GC (Allocation Failure) [PSYoungGen: 173632K->96K(174080K)] 311964K->138452K(523776K), 0.0014052 secs] [Times: user=0.00 sys=0.00, real=0.00 secs] 
2018-03-19T13:16:06.914+0530: 3902.017: [GC (Allocation Failure) [PSYoungGen: 173664K->96K(174080K)] 312020K->138468K(523776K), 0.0012976 secs] [Times: user=0.06 sys=0.00, real=0.00 secs] 
2018-03-19T13:16:07.197+0530: 3902.300: [GC (Allocation Failure) [PSYoungGen: 173664K->96K(174080K)] 312036K->138492K(523776K), 0.0014002 secs] [Times: user=0.00 sys=0.00, real=0.00 secs] 
2018-03-19T13:16:07.491+0530: 3902.594: [GC (Allocation Failure) [PSYoungGen: 173664K->96K(174080K)] 312060K->138516K(523776K), 0.0015847 secs] [Times: user=0.00 sys=0.00, real=0.00 secs] 
2018-03-19T13:16:07.800+0530: 3902.902: [GC (Allocation Failure) [PSYoungGen: 173664K->96K(174080K)] 312084K->138540K(523776K), 0.0013964 secs] [Times: user=0.00 sys=0.00, real=0.00 secs] 
2018-03-19T13:16:08.084+0530: 3903.186: [GC (Allocation Failure) [PSYoungGen: 173664K->96K(174080K)] 312108K->138572K(523776K), 0.0013255 secs] [Times: user=0.00 sys=0.00, real=0.00 secs] 
2018-03-19T13:16:08.352+0530: 3903.455: [GC (Allocation Failure) [PSYoungGen: 173664K->96K(174080K)] 312140K->138596K(523776K), 0.0014852 secs] [Times: user=0.00 sys=0.00, real=0.00 secs] 
2018-03-19T13:16:08.641+0530: 3903.744: [GC (Allocation Failure) [PSYoungGen: 173664K->128K(174080K)] 312164K->138652K(523776K), 0.0015624 secs] [Times: user=0.00 sys=0.00, real=0.00 secs] 
2018-03-19T13:16:08.921+0530: 3904.023: [GC (Allocation Failure) [PSYoungGen: 173696K->96K(174080K)] 312220K->138644K(523776K), 0.0015783 secs] [Times: user=0.00 sys=0.00, real=0.00 secs] 
2018-03-19T13:16:09.209+0530: 3904.312: [GC (Allocation Failure) [PSYoungGen: 173664K->64K(174080K)] 312212K->138636K(523776K), 0.0015043 secs] [Times: user=0.00 sys=0.00, real=0.00 secs] 
2018-03-19T13:16:09.494+0530: 3904.596: [GC (Allocation Failure) [PSYoungGen: 173632K->128K(174080K)] 312204K->138724K(523776K), 0.0014147 secs] [Times: user=0.00 sys=0.00, real=0.00 secs] 
2018-03-19T13:16:09.770+0530: 3904.874: [GC (Allocation Failure) [PSYoungGen: 173696K->96K(174080K)] 312292K->138716K(523776K), 0.0014066 secs] [Times: user=0.00 sys=0.00, real=0.00 secs] 
2018-03-19T13:16:10.052+0530: 3905.156: [GC (Allocation Failure) [PSYoungGen: 173664K->96K(174080K)] 312284K->138748K(523776K), 0.0014983 secs] [Times: user=0.00 sys=0.00, real=0.00 secs] 
2018-03-19T13:16:10.325+0530: 3905.428: [GC (Allocation Failure) [PSYoungGen: 173664K->96K(174080K)] 312316K->138764K(523776K), 0.0015275 secs] [Times: user=0.00 sys=0.00, real=0.00 secs] 
2018-03-19T13:16:10.629+0530: 3905.732: [GC (Allocation Failure) [PSYoungGen: 173664K->96K(174080K)] 312332K->138788K(523776K), 0.0016086 secs] [Times: user=0.00 sys=0.00, real=0.00 secs] 
2018-03-19T13:16:10.914+0530: 3906.017: [GC (Allocation Failure) [PSYoungGen: 173664K->96K(174080K)] 312356K->138804K(523776K), 0.0014390 secs] [Times: user=0.00 sys=0.00, real=0.00 secs] 
2018-03-19T13:16:11.201+0530: 3906.304: [GC (Allocation Failure) [PSYoungGen: 173664K->96K(174080K)] 312372K->138828K(523776K), 0.0015455 secs] [Times: user=0.00 sys=0.00, real=0.00 secs] 
2018-03-19T13:16:11.482+0530: 3906.585: [GC (Allocation Failure) [PSYoungGen: 173664K->96K(174080K)] 312396K->138852K(523776K), 0.0013012 secs] [Times: user=0.00 sys=0.00, real=0.00 secs] 
2018-03-19T13:16:11.776+0530: 3906.879: [GC (Allocation Failure) [PSYoungGen: 173664K->32K(174080K)] 312420K->138804K(523776K), 0.0016545 secs] [Times: user=0.00 sys=0.00, real=0.00 secs] 
2018-03-19T13:16:12.063+0530: 3907.166: [GC (Allocation Failure) [PSYoungGen: 173600K->96K(174080K)] 312372K->138892K(523776K), 0.0015000 secs] [Times: user=0.00 sys=0.00, real=0.00 secs] 
2018-03-19T13:16:12.340+0530: 3907.442: [GC (Allocation Failure) [PSYoungGen: 173664K->96K(174080K)] 312460K->138924K(523776K), 0.0015057 secs] [Times: user=0.00 sys=0.00, real=0.00 secs] 
2018-03-19T13:16:12.632+0530: 3907.734: [GC (Allocation Failure) [PSYoungGen: 173664K->96K(174080K)] 312492K->138940K(523776K), 0.0014937 secs] [Times: user=0.00 sys=0.00, real=0.00 secs] 
2018-03-19T13:16:12.923+0530: 3908.025: [GC (Allocation Failure) [PSYoungGen: 173664K->96K(174080K)] 312508K->138956K(523776K), 0.0016439 secs] [Times: user=0.00 sys=0.00, real=0.00 secs] 
2018-03-19T13:16:13.208+0530: 3908.311: [GC (Allocation Failure) [PSYoungGen: 173664K->96K(174080K)] 312524K->138988K(523776K), 0.0014933 secs] [Times: user=0.00 sys=0.00, real=0.00 secs] 
2018-03-19T13:16:13.497+0530: 3908.600: [GC (Allocation Failure) [PSYoungGen: 173664K->96K(174080K)] 312556K->139004K(523776K), 0.0014873 secs] [Times: user=0.00 sys=0.00, real=0.00 secs] 
2018-03-19T13:16:13.779+0530: 3908.882: [GC (Allocation Failure) [PSYoungGen: 173664K->96K(174080K)] 312572K->139028K(523776K), 0.0013692 secs] [Times: user=0.00 sys=0.00, real=0.00 secs] 
2018-03-19T13:16:14.059+0530: 3909.162: [GC (Allocation Failure) [PSYoungGen: 173664K->96K(174080K)] 312596K->139052K(523776K), 0.0014997 secs] [Times: user=0.00 sys=0.00, real=0.00 secs] 
2018-03-19T13:16:14.333+0530: 3909.436: [GC (Allocation Failure) [PSYoungGen: 173664K->96K(174080K)] 312620K->139076K(523776K), 0.0013392 secs] [Times: user=0.00 sys=0.00, real=0.00 secs] 
2018-03-19T13:16:14.662+0530: 3909.765: [GC (Allocation Failure) [PSYoungGen: 173664K->96K(174080K)] 312644K->139100K(523776K), 0.0015483 secs] [Times: user=0.00 sys=0.00, real=0.00 secs] 
2018-03-19T13:16:14.944+0530: 3910.047: [GC (Allocation Failure) [PSYoungGen: 173664K->96K(174080K)] 312668K->139116K(523776K), 0.0014316 secs] [Times: user=0.00 sys=0.00, real=0.00 secs] 
2018-03-19T13:16:15.224+0530: 3910.326: [GC (Allocation Failure) [PSYoungGen: 173664K->96K(174080K)] 312684K->139132K(523776K), 0.0015085 secs] [Times: user=0.00 sys=0.00, real=0.00 secs] 
2018-03-19T13:16:15.507+0530: 3910.610: [GC (Allocation Failure) [PSYoungGen: 173664K->96K(174080K)] 312700K->139164K(523776K), 0.0013812 secs] [Times: user=0.00 sys=0.00, real=0.00 secs] 
2018-03-19T13:16:15.844+0530: 3910.947: [GC (Allocation Failure) [PSYoungGen: 173664K->32K(174080K)] 312732K->139116K(523776K), 0.0019895 secs] [Times: user=0.00 sys=0.00, real=0.00 secs] 
2018-03-19T13:16:16.140+0530: 3911.243: [GC (Allocation Failure) [PSYoungGen: 173600K->96K(174080K)] 312684K->139204K(523776K), 0.0014912 secs] [Times: user=0.00 sys=0.00, real=0.00 secs] 
2018-03-19T13:16:16.427+0530: 3911.530: [GC (Allocation Failure) [PSYoungGen: 173664K->96K(174080K)] 312772K->139236K(523776K), 0.0015938 secs] [Times: user=0.00 sys=0.00, real=0.00 secs] 
2018-03-19T13:16:16.706+0530: 3911.810: [GC (Allocation Failure) [PSYoungGen: 173664K->64K(174080K)] 312804K->139220K(523776K), 0.0012532 secs] [Times: user=0.00 sys=0.00, real=0.00 secs] 
2018-03-19T13:16:16.979+0530: 3912.081: [GC (Allocation Failure) [PSYoungGen: 173632K->96K(174080K)] 312788K->139284K(523776K), 0.0013872 secs] [Times: user=0.00 sys=0.00, real=0.00 secs] 
2018-03-19T13:16:17.246+0530: 3912.348: [GC (Allocation Failure) [PSYoungGen: 173664K->96K(174080K)] 312852K->139308K(523776K), 0.0015152 secs] [Times: user=0.00 sys=0.00, real=0.00 secs] 
2018-03-19T13:16:17.528+0530: 3912.631: [GC (Allocation Failure) [PSYoungGen: 173664K->96K(174080K)] 312876K->139340K(523776K), 0.0015945 secs] [Times: user=0.00 sys=0.00, real=0.00 secs] 
2018-03-19T13:16:17.816+0530: 3912.919: [GC (Allocation Failure) [PSYoungGen: 173664K->64K(174080K)] 312908K->139332K(523776K), 0.0013939 secs] [Times: user=0.00 sys=0.00, real=0.00 secs] 
2018-03-19T13:16:18.091+0530: 3913.194: [GC (Allocation Failure) [PSYoungGen: 173632K->96K(174080K)] 312900K->139388K(523776K), 0.0014436 secs] [Times: user=0.00 sys=0.00, real=0.00 secs] 
2018-03-19T13:16:18.369+0530: 3913.472: [GC (Allocation Failure) [PSYoungGen: 173664K->96K(174080K)] 312956K->139404K(523776K), 0.0016770 secs] [Times: user=0.00 sys=0.00, real=0.00 secs] 
2018-03-19T13:16:18.648+0530: 3913.752: [GC (Allocation Failure) [PSYoungGen: 173664K->96K(174080K)] 312972K->139428K(523776K), 0.0014415 secs] [Times: user=0.00 sys=0.00, real=0.00 secs] 
2018-03-19T13:16:18.929+0530: 3914.032: [GC (Allocation Failure) [PSYoungGen: 173664K->96K(174080K)] 312996K->139452K(523776K), 0.0013794 secs] [Times: user=0.00 sys=0.00, real=0.00 secs] 
2018-03-19T13:16:19.200+0530: 3914.303: [GC (Allocation Failure) [PSYoungGen: 173664K->64K(174080K)] 313020K->139444K(523776K), 0.0016079 secs] [Times: user=0.00 sys=0.00, real=0.00 secs] 
2018-03-19T13:16:19.591+0530: 3914.693: [GC (Allocation Failure) [PSYoungGen: 173632K->64K(174080K)] 313012K->139468K(523776K), 0.0014951 secs] [Times: user=0.00 sys=0.00, real=0.00 secs] 
2018-03-19T13:16:19.972+0530: 3915.075: [GC (Allocation Failure) [PSYoungGen: 173632K->96K(174080K)] 313036K->139516K(523776K), 0.0016234 secs] [Times: user=0.00 sys=0.00, real=0.00 secs] 
2018-03-19T13:16:20.250+0530: 3915.353: [GC (Allocation Failure) [PSYoungGen: 173664K->96K(174080K)] 313084K->139540K(523776K), 0.0013530 secs] [Times: user=0.00 sys=0.00, real=0.00 secs] 
2018-03-19T13:16:20.532+0530: 3915.635: [GC (Allocation Failure) [PSYoungGen: 173664K->96K(174080K)] 313108K->139564K(523776K), 0.0013280 secs] [Times: user=0.00 sys=0.00, real=0.00 secs] 
2018-03-19T13:16:20.835+0530: 3915.938: [GC (Allocation Failure) [PSYoungGen: 173664K->96K(174080K)] 313132K->139596K(523776K), 0.0015603 secs] [Times: user=0.00 sys=0.00, real=0.00 secs] 
2018-03-19T13:16:21.113+0530: 3916.216: [GC (Allocation Failure) [PSYoungGen: 173664K->96K(174080K)] 313164K->139612K(523776K), 0.0012719 secs] [Times: user=0.00 sys=0.00, real=0.00 secs] 
2018-03-19T13:16:21.379+0530: 3916.481: [GC (Allocation Failure) [PSYoungGen: 173664K->96K(174080K)] 313180K->139628K(523776K), 0.0012553 secs] [Times: user=0.00 sys=0.00, real=0.00 secs] 
2018-03-19T13:16:21.670+0530: 3916.773: [GC (Allocation Failure) [PSYoungGen: 173664K->64K(174080K)] 313196K->139620K(523776K), 0.0013978 secs] [Times: user=0.00 sys=0.00, real=0.00 secs] 
2018-03-19T13:16:21.960+0530: 3917.063: [GC (Allocation Failure) [PSYoungGen: 173632K->96K(174080K)] 313188K->139668K(523776K), 0.0014401 secs] [Times: user=0.00 sys=0.00, real=0.00 secs] 
2018-03-19T13:16:22.249+0530: 3917.352: [GC (Allocation Failure) [PSYoungGen: 173664K->96K(174080K)] 313236K->139692K(523776K), 0.0014080 secs] [Times: user=0.00 sys=0.00, real=0.00 secs] 
2018-03-19T13:16:22.545+0530: 3917.648: [GC (Allocation Failure) [PSYoungGen: 173664K->64K(174080K)] 313260K->139684K(523776K), 0.0015790 secs] [Times: user=0.00 sys=0.00, real=0.00 secs] 
2018-03-19T13:16:22.849+0530: 3917.951: [GC (Allocation Failure) [PSYoungGen: 173632K->96K(174080K)] 313252K->139740K(523776K), 0.0015325 secs] [Times: user=0.00 sys=0.00, real=0.00 secs] 
2018-03-19T13:16:23.139+0530: 3918.242: [GC (Allocation Failure) [PSYoungGen: 173664K->96K(174080K)] 313308K->139764K(523776K), 0.0013075 secs] [Times: user=0.00 sys=0.00, real=0.00 secs] 
2018-03-19T13:16:23.422+0530: 3918.525: [GC (Allocation Failure) [PSYoungGen: 173664K->96K(174080K)] 313332K->139796K(523776K), 0.0015928 secs] [Times: user=0.00 sys=0.00, real=0.00 secs] 
2018-03-19T13:16:23.714+0530: 3918.818: [GC (Allocation Failure) [PSYoungGen: 173664K->96K(174080K)] 313364K->139820K(523776K), 0.0015117 secs] [Times: user=0.00 sys=0.00, real=0.00 secs] 
2018-03-19T13:16:24.007+0530: 3919.110: [GC (Allocation Failure) [PSYoungGen: 173664K->96K(174080K)] 313388K->139836K(523776K), 0.0013442 secs] [Times: user=0.00 sys=0.00, real=0.00 secs] 
2018-03-19T13:16:24.285+0530: 3919.388: [GC (Allocation Failure) [PSYoungGen: 173664K->96K(174080K)] 313404K->139852K(523776K), 0.0013932 secs] [Times: user=0.00 sys=0.00, real=0.00 secs] 
2018-03-19T13:16:24.570+0530: 3919.674: [GC (Allocation Failure) [PSYoungGen: 173664K->96K(174080K)] 313420K->139868K(523776K), 0.0015103 secs] [Times: user=0.06 sys=0.00, real=0.00 secs] 
2018-03-19T13:16:24.845+0530: 3919.948: [GC (Allocation Failure) [PSYoungGen: 173664K->96K(174080K)] 313436K->139892K(523776K), 0.0014979 secs] [Times: user=0.00 sys=0.00, real=0.00 secs] 
2018-03-19T13:16:25.133+0530: 3920.236: [GC (Allocation Failure) [PSYoungGen: 173664K->96K(174080K)] 313460K->139916K(523776K), 0.0014870 secs] [Times: user=0.01 sys=0.00, real=0.00 secs] 
2018-03-19T13:16:25.420+0530: 3920.523: [GC (Allocation Failure) [PSYoungGen: 173664K->96K(174080K)] 313484K->139940K(523776K), 0.0015677 secs] [Times: user=0.00 sys=0.00, real=0.00 secs] 
2018-03-19T13:16:25.699+0530: 3920.802: [GC (Allocation Failure) [PSYoungGen: 173664K->128K(174080K)] 313508K->139988K(523776K), 0.0013269 secs] [Times: user=0.00 sys=0.00, real=0.00 secs] 
2018-03-19T13:16:25.982+0530: 3921.084: [GC (Allocation Failure) [PSYoungGen: 173696K->64K(174080K)] 313556K->139948K(523776K), 0.0015036 secs] [Times: user=0.00 sys=0.00, real=0.00 secs] 
2018-03-19T13:16:26.260+0530: 3921.362: [GC (Allocation Failure) [PSYoungGen: 173632K->96K(174080K)] 313516K->140012K(523776K), 0.0015621 secs] [Times: user=0.00 sys=0.00, real=0.00 secs] 
2018-03-19T13:16:26.548+0530: 3921.650: [GC (Allocation Failure) [PSYoungGen: 173664K->96K(174080K)] 313580K->140036K(523776K), 0.0014658 secs] [Times: user=0.00 sys=0.00, real=0.00 secs] 
2018-03-19T13:16:26.826+0530: 3921.930: [GC (Allocation Failure) [PSYoungGen: 173664K->64K(174080K)] 313604K->140028K(523776K), 0.0013794 secs] [Times: user=0.00 sys=0.00, real=0.00 secs] 
2018-03-19T13:16:27.107+0530: 3922.209: [GC (Allocation Failure) [PSYoungGen: 173632K->96K(174080K)] 313596K->140076K(523776K), 0.0014584 secs] [Times: user=0.00 sys=0.00, real=0.00 secs] 
2018-03-19T13:16:27.394+0530: 3922.497: [GC (Allocation Failure) [PSYoungGen: 173664K->96K(174080K)] 313644K->140100K(523776K), 0.0013741 secs] [Times: user=0.00 sys=0.00, real=0.00 secs] 
2018-03-19T13:16:27.675+0530: 3922.778: [GC (Allocation Failure) [PSYoungGen: 173664K->64K(174080K)] 313668K->140092K(523776K), 0.0017511 secs] [Times: user=0.00 sys=0.00, real=0.00 secs] 
2018-03-19T13:16:27.964+0530: 3923.067: [GC (Allocation Failure) [PSYoungGen: 173632K->96K(174080K)] 313660K->140140K(523776K), 0.0013622 secs] [Times: user=0.00 sys=0.00, real=0.00 secs] 
2018-03-19T13:16:28.244+0530: 3923.348: [GC (Allocation Failure) [PSYoungGen: 173664K->96K(174080K)] 313708K->140164K(523776K), 0.0016520 secs] [Times: user=0.00 sys=0.00, real=0.00 secs] 
2018-03-19T13:16:28.525+0530: 3923.628: [GC (Allocation Failure) [PSYoungGen: 173664K->96K(174080K)] 313732K->140180K(523776K), 0.0015402 secs] [Times: user=0.00 sys=0.00, real=0.00 secs] 
2018-03-19T13:16:28.805+0530: 3923.908: [GC (Allocation Failure) [PSYoungGen: 173664K->96K(174080K)] 313748K->140196K(523776K), 0.0015624 secs] [Times: user=0.00 sys=0.00, real=0.00 secs] 
2018-03-19T13:16:29.087+0530: 3924.189: [GC (Allocation Failure) [PSYoungGen: 173664K->96K(174080K)] 313764K->140212K(523776K), 0.0016735 secs] [Times: user=0.00 sys=0.00, real=0.00 secs] 
2018-03-19T13:16:29.361+0530: 3924.464: [GC (Allocation Failure) [PSYoungGen: 173664K->96K(174080K)] 313780K->140236K(523776K), 0.0014986 secs] [Times: user=0.00 sys=0.00, real=0.00 secs] 
2018-03-19T13:16:29.657+0530: 3924.759: [GC (Allocation Failure) [PSYoungGen: 173664K->96K(174080K)] 313804K->140260K(523776K), 0.0015998 secs] [Times: user=0.00 sys=0.00, real=0.00 secs] 
2018-03-19T13:16:29.940+0530: 3925.043: [GC (Allocation Failure) [PSYoungGen: 173664K->96K(174080K)] 313828K->140276K(523776K), 0.0014186 secs] [Times: user=0.00 sys=0.00, real=0.00 secs] 
2018-03-19T13:16:30.219+0530: 3925.323: [GC (Allocation Failure) [PSYoungGen: 173664K->96K(174080K)] 313844K->140308K(523776K), 0.0013854 secs] [Times: user=0.00 sys=0.00, real=0.00 secs] 
2018-03-19T13:16:30.506+0530: 3925.609: [GC (Allocation Failure) [PSYoungGen: 173664K->96K(174080K)] 313876K->140324K(523776K), 0.0014856 secs] [Times: user=0.00 sys=0.00, real=0.00 secs] 
2018-03-19T13:16:30.803+0530: 3925.906: [GC (Allocation Failure) [PSYoungGen: 173664K->96K(174080K)] 313892K->140348K(523776K), 0.0015755 secs] [Times: user=0.00 sys=0.00, real=0.00 secs] 
2018-03-19T13:16:31.085+0530: 3926.188: [GC (Allocation Failure) [PSYoungGen: 173664K->96K(174080K)] 313916K->140364K(523776K), 0.0013096 secs] [Times: user=0.00 sys=0.00, real=0.00 secs] 
2018-03-19T13:16:31.364+0530: 3926.466: [GC (Allocation Failure) [PSYoungGen: 173664K->96K(174080K)] 313932K->140388K(523776K), 0.0012920 secs] [Times: user=0.00 sys=0.00, real=0.00 secs] 
2018-03-19T13:16:31.652+0530: 3926.754: [GC (Allocation Failure) [PSYoungGen: 173664K->96K(174080K)] 313956K->140404K(523776K), 0.0013872 secs] [Times: user=0.00 sys=0.00, real=0.00 secs] 
2018-03-19T13:16:31.945+0530: 3927.047: [GC (Allocation Failure) [PSYoungGen: 173664K->96K(174080K)] 313972K->140436K(523776K), 0.0015674 secs] [Times: user=0.00 sys=0.00, real=0.00 secs] 
2018-03-19T13:16:32.225+0530: 3927.327: [GC (Allocation Failure) [PSYoungGen: 173664K->96K(174080K)] 314004K->140468K(523776K), 0.0015279 secs] [Times: user=0.00 sys=0.00, real=0.00 secs] 
2018-03-19T13:16:32.540+0530: 3927.643: [GC (Allocation Failure) [PSYoungGen: 173664K->96K(174080K)] 314036K->140492K(523776K), 0.0013449 secs] [Times: user=0.00 sys=0.00, real=0.00 secs] 
2018-03-19T13:16:32.838+0530: 3927.941: [GC (Allocation Failure) [PSYoungGen: 173664K->128K(174080K)] 314060K->140540K(523776K), 0.0015215 secs] [Times: user=0.00 sys=0.00, real=0.00 secs] 
2018-03-19T13:16:33.128+0530: 3928.231: [GC (Allocation Failure) [PSYoungGen: 173696K->96K(174080K)] 314108K->140540K(523776K), 0.0013146 secs] [Times: user=0.00 sys=0.00, real=0.00 secs] 
2018-03-19T13:16:33.409+0530: 3928.512: [GC (Allocation Failure) [PSYoungGen: 173664K->96K(174080K)] 314108K->140572K(523776K), 0.0016287 secs] [Times: user=0.00 sys=0.00, real=0.00 secs] 
2018-03-19T13:16:33.897+0530: 3929.000: [GC (Allocation Failure) [PSYoungGen: 173664K->64K(174080K)] 314140K->140556K(523776K), 0.0024066 secs] [Times: user=0.02 sys=0.01, real=0.00 secs] 
2018-03-19T13:16:34.340+0530: 3929.444: [GC (Allocation Failure) [PSYoungGen: 173632K->96K(174080K)] 314124K->140612K(523776K), 0.0015730 secs] [Times: user=0.00 sys=0.00, real=0.00 secs] 
2018-03-19T13:16:34.801+0530: 3929.903: [GC (Allocation Failure) [PSYoungGen: 173664K->96K(174080K)] 314180K->140636K(523776K), 0.0015734 secs] [Times: user=0.00 sys=0.00, real=0.00 secs] 
2018-03-19T13:16:35.097+0530: 3930.200: [GC (Allocation Failure) [PSYoungGen: 173664K->96K(174080K)] 314204K->140652K(523776K), 0.0015222 secs] [Times: user=0.00 sys=0.00, real=0.00 secs] 
2018-03-19T13:16:35.379+0530: 3930.482: [GC (Allocation Failure) [PSYoungGen: 173664K->64K(174080K)] 314220K->140644K(523776K), 0.0015748 secs] [Times: user=0.00 sys=0.00, real=0.00 secs] 
2018-03-19T13:16:35.666+0530: 3930.769: [GC (Allocation Failure) [PSYoungGen: 173632K->32K(174080K)] 314212K->140628K(523776K), 0.0013763 secs] [Times: user=0.00 sys=0.00, real=0.00 secs] 
2018-03-19T13:16:35.962+0530: 3931.064: [GC (Allocation Failure) [PSYoungGen: 173600K->96K(174080K)] 314196K->140716K(523776K), 0.0015025 secs] [Times: user=0.01 sys=0.00, real=0.00 secs] 
2018-03-19T13:16:36.243+0530: 3931.346: [GC (Allocation Failure) [PSYoungGen: 173664K->64K(174080K)] 314284K->140708K(523776K), 0.0015385 secs] [Times: user=0.00 sys=0.00, real=0.00 secs] 
2018-03-19T13:16:36.526+0530: 3931.629: [GC (Allocation Failure) [PSYoungGen: 173632K->96K(174080K)] 314276K->140756K(523776K), 0.0015864 secs] [Times: user=0.00 sys=0.00, real=0.00 secs] 
2018-03-19T13:16:36.812+0530: 3931.915: [GC (Allocation Failure) [PSYoungGen: 173664K->96K(174080K)] 314324K->140772K(523776K), 0.0020642 secs] [Times: user=0.00 sys=0.00, real=0.00 secs] 
2018-03-19T13:16:37.102+0530: 3932.205: [GC (Allocation Failure) [PSYoungGen: 173664K->96K(174080K)] 314340K->140796K(523776K), 0.0014552 secs] [Times: user=0.00 sys=0.00, real=0.00 secs] 
2018-03-19T13:16:37.378+0530: 3932.481: [GC (Allocation Failure) [PSYoungGen: 173664K->96K(174080K)] 314364K->140820K(523776K), 0.0013442 secs] [Times: user=0.00 sys=0.00, real=0.00 secs] 
2018-03-19T13:16:37.653+0530: 3932.756: [GC (Allocation Failure) [PSYoungGen: 173664K->96K(174080K)] 314388K->140844K(523776K), 0.0015039 secs] [Times: user=0.00 sys=0.00, real=0.00 secs] 
2018-03-19T13:16:37.963+0530: 3933.066: [GC (Allocation Failure) [PSYoungGen: 173664K->96K(174080K)] 314412K->140868K(523776K), 0.0016122 secs] [Times: user=0.00 sys=0.00, real=0.00 secs] 
2018-03-19T13:16:38.249+0530: 3933.352: [GC (Allocation Failure) [PSYoungGen: 173664K->96K(174080K)] 314436K->140884K(523776K), 0.0014887 secs] [Times: user=0.00 sys=0.00, real=0.00 secs] 
2018-03-19T13:16:38.535+0530: 3933.638: [GC (Allocation Failure) [PSYoungGen: 173664K->96K(174080K)] 314452K->140908K(523776K), 0.0014993 secs] [Times: user=0.00 sys=0.00, real=0.00 secs] 
2018-03-19T13:16:38.840+0530: 3933.943: [GC (Allocation Failure) [PSYoungGen: 173664K->32K(174080K)] 314476K->140868K(523776K), 0.0013251 secs] [Times: user=0.00 sys=0.00, real=0.00 secs] 
2018-03-19T13:16:39.129+0530: 3934.232: [GC (Allocation Failure) [PSYoungGen: 173600K->96K(174080K)] 314436K->140956K(523776K), 0.0016164 secs] [Times: user=0.00 sys=0.00, real=0.00 secs] 
2018-03-19T13:16:39.411+0530: 3934.514: [GC (Allocation Failure) [PSYoungGen: 173664K->96K(174080K)] 314524K->140980K(523776K), 0.0013844 secs] [Times: user=0.00 sys=0.00, real=0.00 secs] 
2018-03-19T13:16:39.693+0530: 3934.796: [GC (Allocation Failure) [PSYoungGen: 173664K->96K(174080K)] 314548K->141012K(523776K), 0.0014627 secs] [Times: user=0.00 sys=0.00, real=0.00 secs] 
2018-03-19T13:16:40.003+0530: 3935.106: [GC (Allocation Failure) [PSYoungGen: 173664K->96K(174080K)] 314580K->141036K(523776K), 0.0014753 secs] [Times: user=0.00 sys=0.00, real=0.00 secs] 
2018-03-19T13:16:40.278+0530: 3935.381: [GC (Allocation Failure) [PSYoungGen: 173664K->96K(174080K)] 314604K->141060K(523776K), 0.0014415 secs] [Times: user=0.00 sys=0.00, real=0.00 secs] 
2018-03-19T13:16:40.561+0530: 3935.663: [GC (Allocation Failure) [PSYoungGen: 173664K->96K(174080K)] 314628K->141092K(523776K), 0.0014891 secs] [Times: user=0.00 sys=0.00, real=0.00 secs] 
2018-03-19T13:16:40.842+0530: 3935.945: [GC (Allocation Failure) [PSYoungGen: 173664K->64K(174080K)] 314660K->141084K(523776K), 0.0013216 secs] [Times: user=0.00 sys=0.00, real=0.00 secs] 
2018-03-19T13:16:41.116+0530: 3936.219: [GC (Allocation Failure) [PSYoungGen: 173632K->96K(174080K)] 314652K->141132K(523776K), 0.0015349 secs] [Times: user=0.00 sys=0.00, real=0.00 secs] 
2018-03-19T13:16:41.400+0530: 3936.503: [GC (Allocation Failure) [PSYoungGen: 173664K->64K(174080K)] 314700K->141116K(523776K), 0.0015230 secs] [Times: user=0.00 sys=0.00, real=0.00 secs] 
2018-03-19T13:16:41.682+0530: 3936.785: [GC (Allocation Failure) [PSYoungGen: 173632K->96K(174080K)] 314684K->141164K(523776K), 0.0015656 secs] [Times: user=0.00 sys=0.00, real=0.00 secs] 
2018-03-19T13:16:41.960+0530: 3937.062: [GC (Allocation Failure) [PSYoungGen: 173664K->96K(174080K)] 314732K->141188K(523776K), 0.0012807 secs] [Times: user=0.00 sys=0.00, real=0.00 secs] 
2018-03-19T13:16:42.237+0530: 3937.340: [GC (Allocation Failure) [PSYoungGen: 173664K->96K(174080K)] 314756K->141212K(523776K), 0.0015346 secs] [Times: user=0.00 sys=0.00, real=0.00 secs] 
2018-03-19T13:16:42.518+0530: 3937.621: [GC (Allocation Failure) [PSYoungGen: 173664K->96K(174080K)] 314780K->141236K(523776K), 0.0014930 secs] [Times: user=0.00 sys=0.00, real=0.00 secs] 
2018-03-19T13:16:42.813+0530: 3937.916: [GC (Allocation Failure) [PSYoungGen: 173664K->96K(174080K)] 314804K->141260K(523776K), 0.0013138 secs] [Times: user=0.00 sys=0.00, real=0.00 secs] 
2018-03-19T13:16:43.103+0530: 3938.206: [GC (Allocation Failure) [PSYoungGen: 173664K->96K(174080K)] 314828K->141284K(523776K), 0.0015166 secs] [Times: user=0.00 sys=0.00, real=0.00 secs] 
2018-03-19T13:16:43.379+0530: 3938.483: [GC (Allocation Failure) [PSYoungGen: 173664K->96K(174080K)] 314852K->141316K(523776K), 0.0014852 secs] [Times: user=0.00 sys=0.00, real=0.00 secs] 
2018-03-19T13:16:43.674+0530: 3938.776: [GC (Allocation Failure) [PSYoungGen: 173664K->96K(174080K)] 314884K->141348K(523776K), 0.0013022 secs] [Times: user=0.00 sys=0.00, real=0.00 secs] 
2018-03-19T13:16:43.977+0530: 3939.079: [GC (Allocation Failure) [PSYoungGen: 173664K->96K(174080K)] 314916K->141372K(523776K), 0.0015681 secs] [Times: user=0.00 sys=0.00, real=0.00 secs] 
2018-03-19T13:16:44.252+0530: 3939.355: [GC (Allocation Failure) [PSYoungGen: 173664K->96K(174080K)] 314940K->141404K(523776K), 0.0015434 secs] [Times: user=0.00 sys=0.00, real=0.00 secs] 
2018-03-19T13:16:44.537+0530: 3939.640: [GC (Allocation Failure) [PSYoungGen: 173664K->128K(174080K)] 314972K->141452K(523776K), 0.0013241 secs] [Times: user=0.00 sys=0.00, real=0.00 secs] 
2018-03-19T13:16:44.817+0530: 3939.920: [GC (Allocation Failure) [PSYoungGen: 173696K->96K(174080K)] 315020K->141452K(523776K), 0.0014634 secs] [Times: user=0.00 sys=0.00, real=0.00 secs] 
2018-03-19T13:16:45.088+0530: 3940.191: [GC (Allocation Failure) [PSYoungGen: 173664K->96K(174080K)] 315020K->141476K(523776K), 0.0012268 secs] [Times: user=0.00 sys=0.00, real=0.00 secs] 
2018-03-19T13:16:45.379+0530: 3940.482: [GC (Allocation Failure) [PSYoungGen: 173664K->96K(174080K)] 315044K->141492K(523776K), 0.0015459 secs] [Times: user=0.00 sys=0.00, real=0.00 secs] 
2018-03-19T13:16:45.683+0530: 3940.785: [GC (Allocation Failure) [PSYoungGen: 173664K->96K(174080K)] 315060K->141516K(523776K), 0.0015706 secs] [Times: user=0.00 sys=0.00, real=0.00 secs] 
2018-03-19T13:16:45.992+0530: 3941.094: [GC (Allocation Failure) [PSYoungGen: 173664K->64K(174080K)] 315084K->141508K(523776K), 0.0015713 secs] [Times: user=0.00 sys=0.00, real=0.00 secs] 
2018-03-19T13:16:46.276+0530: 3941.379: [GC (Allocation Failure) [PSYoungGen: 173632K->96K(174080K)] 315076K->141556K(523776K), 0.0015903 secs] [Times: user=0.00 sys=0.00, real=0.00 secs] 
2018-03-19T13:16:46.565+0530: 3941.668: [GC (Allocation Failure) [PSYoungGen: 173664K->96K(174080K)] 315124K->141588K(523776K), 0.0014873 secs] [Times: user=0.00 sys=0.00, real=0.00 secs] 
2018-03-19T13:16:46.847+0530: 3941.949: [GC (Allocation Failure) [PSYoungGen: 173664K->64K(174080K)] 315156K->141580K(523776K), 0.0015011 secs] [Times: user=0.00 sys=0.00, real=0.00 secs] 
2018-03-19T13:16:47.130+0530: 3942.233: [GC (Allocation Failure) [PSYoungGen: 173632K->64K(174080K)] 315148K->141604K(523776K), 0.0013519 secs] [Times: user=0.00 sys=0.00, real=0.00 secs] 
2018-03-19T13:16:47.422+0530: 3942.525: [GC (Allocation Failure) [PSYoungGen: 173632K->96K(174080K)] 315172K->141660K(523776K), 0.0013280 secs] [Times: user=0.00 sys=0.00, real=0.00 secs] 
2018-03-19T13:16:47.700+0530: 3942.803: [GC (Allocation Failure) [PSYoungGen: 173664K->64K(174080K)] 315228K->141652K(523776K), 0.0013978 secs] [Times: user=0.00 sys=0.00, real=0.00 secs] 
2018-03-19T13:16:48.043+0530: 3943.146: [GC (Allocation Failure) [PSYoungGen: 173632K->96K(174080K)] 315220K->141700K(523776K), 0.0016770 secs] [Times: user=0.00 sys=0.00, real=0.00 secs] 
2018-03-19T13:16:48.325+0530: 3943.428: [GC (Allocation Failure) [PSYoungGen: 173664K->32K(174080K)] 315268K->141668K(523776K), 0.0019930 secs] [Times: user=0.00 sys=0.00, real=0.00 secs] 
2018-03-19T13:16:48.617+0530: 3943.720: [GC (Allocation Failure) [PSYoungGen: 173600K->96K(174080K)] 315236K->141756K(523776K), 0.0015406 secs] [Times: user=0.00 sys=0.00, real=0.00 secs] 
2018-03-19T13:16:48.905+0530: 3944.008: [GC (Allocation Failure) [PSYoungGen: 173664K->96K(174080K)] 315324K->141780K(523776K), 0.0016774 secs] [Times: user=0.00 sys=0.00, real=0.00 secs] 
2018-03-19T13:16:49.186+0530: 3944.289: [GC (Allocation Failure) [PSYoungGen: 173664K->96K(174080K)] 315348K->141812K(523776K), 0.0015832 secs] [Times: user=0.00 sys=0.00, real=0.00 secs] 
2018-03-19T13:16:49.472+0530: 3944.575: [GC (Allocation Failure) [PSYoungGen: 173664K->96K(174080K)] 315380K->141828K(523776K), 0.0012789 secs] [Times: user=0.00 sys=0.00, real=0.00 secs] 
2018-03-19T13:16:49.749+0530: 3944.852: [GC (Allocation Failure) [PSYoungGen: 173664K->96K(174080K)] 315396K->141852K(523776K), 0.0014344 secs] [Times: user=0.00 sys=0.00, real=0.00 secs] 
2018-03-19T13:16:50.029+0530: 3945.132: [GC (Allocation Failure) [PSYoungGen: 173664K->96K(174080K)] 315420K->141884K(523776K), 0.0015956 secs] [Times: user=0.00 sys=0.00, real=0.00 secs] 
2018-03-19T13:16:50.304+0530: 3945.407: [GC (Allocation Failure) [PSYoungGen: 173664K->96K(174080K)] 315452K->141908K(523776K), 0.0014919 secs] [Times: user=0.00 sys=0.00, real=0.00 secs] 
2018-03-19T13:16:50.651+0530: 3945.753: [GC (Allocation Failure) [PSYoungGen: 173664K->64K(174080K)] 315476K->141900K(523776K), 0.0015646 secs] [Times: user=0.00 sys=0.00, real=0.00 secs] 
2018-03-19T13:16:50.945+0530: 3946.048: [GC (Allocation Failure) [PSYoungGen: 173632K->96K(174080K)] 315468K->141948K(523776K), 0.0014577 secs] [Times: user=0.00 sys=0.00, real=0.00 secs] 
2018-03-19T13:16:51.226+0530: 3946.329: [GC (Allocation Failure) [PSYoungGen: 173664K->96K(174080K)] 315516K->141972K(523776K), 0.0013519 secs] [Times: user=0.00 sys=0.00, real=0.00 secs] 
2018-03-19T13:16:51.510+0530: 3946.613: [GC (Allocation Failure) [PSYoungGen: 173664K->96K(174080K)] 315540K->141988K(523776K), 0.0014785 secs] [Times: user=0.00 sys=0.00, real=0.00 secs] 
2018-03-19T13:16:51.810+0530: 3946.913: [GC (Allocation Failure) [PSYoungGen: 173664K->96K(174080K)] 315556K->142004K(523776K), 0.0013318 secs] [Times: user=0.00 sys=0.00, real=0.00 secs] 
2018-03-19T13:16:52.102+0530: 3947.205: [GC (Allocation Failure) [PSYoungGen: 173664K->64K(174080K)] 315572K->141996K(523776K), 0.0014909 secs] [Times: user=0.00 sys=0.00, real=0.00 secs] 
2018-03-19T13:16:52.380+0530: 3947.483: [GC (Allocation Failure) [PSYoungGen: 173632K->128K(174080K)] 315564K->142076K(523776K), 0.0013544 secs] [Times: user=0.00 sys=0.00, real=0.00 secs] 
2018-03-19T13:16:52.666+0530: 3947.768: [GC (Allocation Failure) [PSYoungGen: 173696K->96K(174080K)] 315644K->142060K(523776K), 0.0016548 secs] [Times: user=0.00 sys=0.00, real=0.00 secs] 
2018-03-19T13:16:52.984+0530: 3948.087: [GC (Allocation Failure) [PSYoungGen: 173664K->96K(174080K)] 315628K->142076K(523776K), 0.0015201 secs] [Times: user=0.00 sys=0.00, real=0.00 secs] 
2018-03-19T13:16:53.292+0530: 3948.394: [GC (Allocation Failure) [PSYoungGen: 173664K->96K(174080K)] 315644K->142100K(523776K), 0.0015170 secs] [Times: user=0.00 sys=0.00, real=0.00 secs] 
2018-03-19T13:16:53.612+0530: 3948.715: [GC (Allocation Failure) [PSYoungGen: 173664K->96K(174080K)] 315668K->142132K(523776K), 0.0015610 secs] [Times: user=0.00 sys=0.00, real=0.00 secs] 
2018-03-19T13:16:53.929+0530: 3949.032: [GC (Allocation Failure) [PSYoungGen: 173664K->96K(174080K)] 315700K->142148K(523776K), 0.0016411 secs] [Times: user=0.00 sys=0.00, real=0.00 secs] 
2018-03-19T13:16:54.230+0530: 3949.333: [GC (Allocation Failure) [PSYoungGen: 173664K->96K(174080K)] 315716K->142172K(523776K), 0.0014383 secs] [Times: user=0.00 sys=0.00, real=0.00 secs] 
2018-03-19T13:16:54.569+0530: 3949.673: [GC (Allocation Failure) [PSYoungGen: 173664K->96K(174080K)] 315740K->142196K(523776K), 0.0017183 secs] [Times: user=0.02 sys=0.00, real=0.00 secs] 
2018-03-19T13:16:54.866+0530: 3949.969: [GC (Allocation Failure) [PSYoungGen: 173664K->64K(174080K)] 315764K->142188K(523776K), 0.0014168 secs] [Times: user=0.00 sys=0.00, real=0.00 secs] 
2018-03-19T13:16:55.165+0530: 3950.268: [GC (Allocation Failure) [PSYoungGen: 173632K->64K(174080K)] 315756K->142212K(523776K), 0.0015875 secs] [Times: user=0.00 sys=0.00, real=0.00 secs] 
2018-03-19T13:16:55.479+0530: 3950.582: [GC (Allocation Failure) [PSYoungGen: 173632K->96K(174080K)] 315780K->142260K(523776K), 0.0014778 secs] [Times: user=0.00 sys=0.00, real=0.00 secs] 
2018-03-19T13:16:55.808+0530: 3950.911: [GC (Allocation Failure) [PSYoungGen: 173664K->64K(174080K)] 315828K->142252K(523776K), 0.0015237 secs] [Times: user=0.00 sys=0.00, real=0.00 secs] 
2018-03-19T13:16:56.135+0530: 3951.238: [GC (Allocation Failure) [PSYoungGen: 173632K->96K(174080K)] 315820K->142308K(523776K), 0.0020240 secs] [Times: user=0.00 sys=0.00, real=0.00 secs] 
2018-03-19T13:16:56.437+0530: 3951.539: [GC (Allocation Failure) [PSYoungGen: 173664K->64K(174080K)] 315876K->142300K(523776K), 0.0014757 secs] [Times: user=0.00 sys=0.00, real=0.00 secs] 
2018-03-19T13:16:56.724+0530: 3951.827: [GC (Allocation Failure) [PSYoungGen: 173632K->96K(174080K)] 315868K->142348K(523776K), 0.0016365 secs] [Times: user=0.00 sys=0.00, real=0.00 secs] 
2018-03-19T13:16:57.028+0530: 3952.131: [GC (Allocation Failure) [PSYoungGen: 173664K->96K(174080K)] 315916K->142372K(523776K), 0.0015797 secs] [Times: user=0.00 sys=0.00, real=0.00 secs] 
2018-03-19T13:16:57.337+0530: 3952.439: [GC (Allocation Failure) [PSYoungGen: 173664K->96K(174080K)] 315940K->142404K(523776K), 0.0014052 secs] [Times: user=0.00 sys=0.00, real=0.00 secs] 
2018-03-19T13:16:57.662+0530: 3952.765: [GC (Allocation Failure) [PSYoungGen: 173664K->96K(174080K)] 315972K->142428K(523776K), 0.0017246 secs] [Times: user=0.00 sys=0.00, real=0.00 secs] 
2018-03-19T13:16:57.986+0530: 3953.088: [GC (Allocation Failure) [PSYoungGen: 173664K->96K(174080K)] 315996K->142444K(523776K), 0.0017014 secs] [Times: user=0.00 sys=0.00, real=0.00 secs] 
2018-03-19T13:16:58.331+0530: 3953.434: [GC (Allocation Failure) [PSYoungGen: 173664K->96K(174080K)] 316012K->142476K(523776K), 0.0015984 secs] [Times: user=0.00 sys=0.00, real=0.00 secs] 
2018-03-19T13:16:58.661+0530: 3953.763: [GC (Allocation Failure) [PSYoungGen: 173664K->96K(174080K)] 316044K->142500K(523776K), 0.0015910 secs] [Times: user=0.00 sys=0.00, real=0.00 secs] 
2018-03-19T13:16:58.969+0530: 3954.072: [GC (Allocation Failure) [PSYoungGen: 173664K->96K(174080K)] 316068K->142524K(523776K), 0.0014873 secs] [Times: user=0.00 sys=0.00, real=0.00 secs] 
2018-03-19T13:16:59.268+0530: 3954.370: [GC (Allocation Failure) [PSYoungGen: 173664K->64K(174080K)] 316092K->142516K(523776K), 0.0016097 secs] [Times: user=0.00 sys=0.00, real=0.00 secs] 
2018-03-19T13:16:59.562+0530: 3954.664: [GC (Allocation Failure) [PSYoungGen: 173632K->96K(174080K)] 316084K->142564K(523776K), 0.0014031 secs] [Times: user=0.00 sys=0.00, real=0.00 secs] 
2018-03-19T13:16:59.877+0530: 3954.980: [GC (Allocation Failure) [PSYoungGen: 173664K->96K(174080K)] 316132K->142588K(523776K), 0.0015914 secs] [Times: user=0.00 sys=0.00, real=0.00 secs] 
2018-03-19T13:17:00.190+0530: 3955.293: [GC (Allocation Failure) [PSYoungGen: 173664K->96K(174080K)] 316156K->142612K(523776K), 0.0014761 secs] [Times: user=0.00 sys=0.00, real=0.00 secs] 
2018-03-19T13:17:00.519+0530: 3955.622: [GC (Allocation Failure) [PSYoungGen: 173664K->96K(174080K)] 316180K->142636K(523776K), 0.0013985 secs] [Times: user=0.00 sys=0.00, real=0.00 secs] 
2018-03-19T13:17:00.817+0530: 3955.921: [GC (Allocation Failure) [PSYoungGen: 173664K->64K(174080K)] 316204K->142620K(523776K), 0.0016217 secs] [Times: user=0.00 sys=0.00, real=0.00 secs] 
2018-03-19T13:17:01.119+0530: 3956.222: [GC (Allocation Failure) [PSYoungGen: 173632K->96K(174080K)] 316188K->142676K(523776K), 0.0016044 secs] [Times: user=0.00 sys=0.00, real=0.00 secs] 
2018-03-19T13:17:01.445+0530: 3956.548: [GC (Allocation Failure) [PSYoungGen: 173664K->96K(174080K)] 316244K->142700K(523776K), 0.0015519 secs] [Times: user=0.06 sys=0.00, real=0.00 secs] 
2018-03-19T13:17:01.746+0530: 3956.849: [GC (Allocation Failure) [PSYoungGen: 173664K->96K(174080K)] 316268K->142732K(523776K), 0.0016689 secs] [Times: user=0.00 sys=0.00, real=0.00 secs] 
2018-03-19T13:17:02.041+0530: 3957.144: [GC (Allocation Failure) [PSYoungGen: 173664K->96K(174080K)] 316300K->142748K(523776K), 0.0015399 secs] [Times: user=0.00 sys=0.00, real=0.00 secs] 
2018-03-19T13:17:02.344+0530: 3957.447: [GC (Allocation Failure) [PSYoungGen: 173664K->96K(174080K)] 316316K->142764K(523776K), 0.0014066 secs] [Times: user=0.00 sys=0.00, real=0.00 secs] 
2018-03-19T13:17:02.664+0530: 3957.767: [GC (Allocation Failure) [PSYoungGen: 173664K->128K(174080K)] 316332K->142812K(523776K), 0.0015529 secs] [Times: user=0.00 sys=0.00, real=0.00 secs] 
2018-03-19T13:17:02.996+0530: 3958.099: [GC (Allocation Failure) [PSYoungGen: 173696K->128K(174080K)] 316380K->142836K(523776K), 0.0015029 secs] [Times: user=0.00 sys=0.00, real=0.00 secs] 
2018-03-19T13:17:03.320+0530: 3958.423: [GC (Allocation Failure) [PSYoungGen: 173696K->96K(174080K)] 316404K->142828K(523776K), 0.0015490 secs] [Times: user=0.02 sys=0.00, real=0.00 secs] 
2018-03-19T13:17:03.630+0530: 3958.733: [GC (Allocation Failure) [PSYoungGen: 173664K->64K(174080K)] 316396K->142820K(523776K), 0.0014930 secs] [Times: user=0.00 sys=0.00, real=0.00 secs] 
2018-03-19T13:17:03.986+0530: 3959.089: [GC (Allocation Failure) [PSYoungGen: 173632K->96K(174080K)] 316388K->142884K(523776K), 0.0016227 secs] [Times: user=0.00 sys=0.00, real=0.00 secs] 
2018-03-19T13:17:04.280+0530: 3959.383: [GC (Allocation Failure) [PSYoungGen: 173664K->96K(174080K)] 316452K->142908K(523776K), 0.0016026 secs] [Times: user=0.00 sys=0.00, real=0.00 secs] 
2018-03-19T13:17:04.579+0530: 3959.682: [GC (Allocation Failure) [PSYoungGen: 173664K->64K(174080K)] 316476K->142892K(523776K), 0.0016019 secs] [Times: user=0.00 sys=0.00, real=0.00 secs] 
2018-03-19T13:17:04.882+0530: 3959.984: [GC (Allocation Failure) [PSYoungGen: 173632K->128K(174080K)] 316460K->142972K(523776K), 0.0015279 secs] [Times: user=0.00 sys=0.00, real=0.00 secs] 
2018-03-19T13:17:05.176+0530: 3960.279: [GC (Allocation Failure) [PSYoungGen: 173696K->64K(174080K)] 316540K->142932K(523776K), 0.0015441 secs] [Times: user=0.00 sys=0.00, real=0.00 secs] 
2018-03-19T13:17:05.475+0530: 3960.578: [GC (Allocation Failure) [PSYoungGen: 173632K->96K(174080K)] 316500K->142996K(523776K), 0.0016058 secs] [Times: user=0.00 sys=0.00, real=0.00 secs] 
2018-03-19T13:17:05.776+0530: 3960.879: [GC (Allocation Failure) [PSYoungGen: 173664K->64K(174080K)] 316564K->142980K(523776K), 0.0014588 secs] [Times: user=0.00 sys=0.00, real=0.00 secs] 
2018-03-19T13:17:06.091+0530: 3961.194: [GC (Allocation Failure) [PSYoungGen: 173632K->96K(174080K)] 316548K->143036K(523776K), 0.0015720 secs] [Times: user=0.00 sys=0.00, real=0.00 secs] 
2018-03-19T13:17:06.401+0530: 3961.505: [GC (Allocation Failure) [PSYoungGen: 173664K->64K(174080K)] 316604K->143028K(523776K), 0.0014232 secs] [Times: user=0.00 sys=0.00, real=0.00 secs] 
2018-03-19T13:17:06.702+0530: 3961.805: [GC (Allocation Failure) [PSYoungGen: 173632K->96K(174080K)] 316596K->143084K(523776K), 0.0014221 secs] [Times: user=0.00 sys=0.00, real=0.00 secs] 
2018-03-19T13:17:07.011+0530: 3962.114: [GC (Allocation Failure) [PSYoungGen: 173664K->64K(174080K)] 316652K->143068K(523776K), 0.0015603 secs] [Times: user=0.00 sys=0.00, real=0.00 secs] 
2018-03-19T13:17:07.306+0530: 3962.408: [GC (Allocation Failure) [PSYoungGen: 173632K->64K(174080K)] 316636K->143092K(523776K), 0.0015501 secs] [Times: user=0.00 sys=0.00, real=0.00 secs] 
2018-03-19T13:17:07.616+0530: 3962.718: [GC (Allocation Failure) [PSYoungGen: 173632K->96K(174080K)] 316660K->143148K(523776K), 0.0018227 secs] [Times: user=0.00 sys=0.00, real=0.00 secs] 
2018-03-19T13:17:07.944+0530: 3963.047: [GC (Allocation Failure) [PSYoungGen: 173664K->96K(174080K)] 316716K->143180K(523776K), 0.0014228 secs] [Times: user=0.00 sys=0.00, real=0.00 secs] 
2018-03-19T13:17:08.238+0530: 3963.341: [GC (Allocation Failure) [PSYoungGen: 173664K->96K(174080K)] 316748K->143204K(523776K), 0.0014309 secs] [Times: user=0.00 sys=0.00, real=0.00 secs] 
2018-03-19T13:17:08.539+0530: 3963.642: [GC (Allocation Failure) [PSYoungGen: 173664K->96K(174080K)] 316772K->143228K(523776K), 0.0016192 secs] [Times: user=0.00 sys=0.00, real=0.00 secs] 
2018-03-19T13:17:08.833+0530: 3963.936: [GC (Allocation Failure) [PSYoungGen: 173664K->96K(174080K)] 316796K->143244K(523776K), 0.0015730 secs] [Times: user=0.00 sys=0.00, real=0.00 secs] 
2018-03-19T13:17:09.134+0530: 3964.236: [GC (Allocation Failure) [PSYoungGen: 173664K->96K(174080K)] 316812K->143268K(523776K), 0.0015695 secs] [Times: user=0.00 sys=0.00, real=0.00 secs] 
2018-03-19T13:17:09.452+0530: 3964.555: [GC (Allocation Failure) [PSYoungGen: 173664K->96K(174080K)] 316836K->143292K(523776K), 0.0014729 secs] [Times: user=0.00 sys=0.00, real=0.00 secs] 
2018-03-19T13:17:09.748+0530: 3964.852: [GC (Allocation Failure) [PSYoungGen: 173664K->96K(174080K)] 316860K->143308K(523776K), 0.0015554 secs] [Times: user=0.00 sys=0.00, real=0.00 secs] 
2018-03-19T13:17:10.073+0530: 3965.176: [GC (Allocation Failure) [PSYoungGen: 173664K->64K(174080K)] 316876K->143300K(523776K), 0.0014299 secs] [Times: user=0.00 sys=0.00, real=0.00 secs] 
2018-03-19T13:17:10.381+0530: 3965.483: [GC (Allocation Failure) [PSYoungGen: 173632K->128K(174080K)] 316868K->143380K(523776K), 0.0014323 secs] [Times: user=0.00 sys=0.00, real=0.00 secs] 
2018-03-19T13:17:10.715+0530: 3965.818: [GC (Allocation Failure) [PSYoungGen: 173696K->96K(174080K)] 316948K->143372K(523776K), 0.0015533 secs] [Times: user=0.00 sys=0.00, real=0.00 secs] 
2018-03-19T13:17:11.031+0530: 3966.134: [GC (Allocation Failure) [PSYoungGen: 173664K->96K(174080K)] 316940K->143388K(523776K), 0.0019161 secs] [Times: user=0.00 sys=0.00, real=0.00 secs] 
2018-03-19T13:17:11.333+0530: 3966.437: [GC (Allocation Failure) [PSYoungGen: 173664K->96K(174080K)] 316956K->143404K(523776K), 0.0016242 secs] [Times: user=0.00 sys=0.00, real=0.00 secs] 
2018-03-19T13:17:11.660+0530: 3966.763: [GC (Allocation Failure) [PSYoungGen: 173664K->96K(174080K)] 316972K->143420K(523776K), 0.0016876 secs] [Times: user=0.00 sys=0.00, real=0.00 secs] 
2018-03-19T13:17:12.021+0530: 3967.124: [GC (Allocation Failure) [PSYoungGen: 173664K->96K(174080K)] 316988K->143452K(523776K), 0.0015392 secs] [Times: user=0.00 sys=0.00, real=0.00 secs] 
2018-03-19T13:17:12.306+0530: 3967.409: [GC (Allocation Failure) [PSYoungGen: 173664K->64K(174080K)] 317020K->143436K(523776K), 0.0016834 secs] [Times: user=0.00 sys=0.00, real=0.00 secs] 
2018-03-19T13:17:12.630+0530: 3967.733: [GC (Allocation Failure) [PSYoungGen: 173632K->64K(174080K)] 317004K->143452K(523776K), 0.0015466 secs] [Times: user=0.00 sys=0.00, real=0.00 secs] 
2018-03-19T13:17:12.924+0530: 3968.026: [GC (Allocation Failure) [PSYoungGen: 173632K->96K(174080K)] 317020K->143500K(523776K), 0.0015603 secs] [Times: user=0.00 sys=0.00, real=0.00 secs] 
2018-03-19T13:17:13.249+0530: 3968.352: [GC (Allocation Failure) [PSYoungGen: 173664K->96K(174080K)] 317068K->143516K(523776K), 0.0013904 secs] [Times: user=0.00 sys=0.00, real=0.00 secs] 
2018-03-19T13:17:13.561+0530: 3968.664: [GC (Allocation Failure) [PSYoungGen: 173664K->96K(174080K)] 317084K->143532K(523776K), 0.0015452 secs] [Times: user=0.00 sys=0.00, real=0.00 secs] 
2018-03-19T13:17:13.864+0530: 3968.967: [GC (Allocation Failure) [PSYoungGen: 173664K->96K(174080K)] 317100K->143548K(523776K), 0.0015794 secs] [Times: user=0.00 sys=0.00, real=0.00 secs] 
2018-03-19T13:17:14.221+0530: 3969.323: [GC (Allocation Failure) [PSYoungGen: 173664K->96K(174080K)] 317116K->143572K(523776K), 0.0014591 secs] [Times: user=0.00 sys=0.00, real=0.00 secs] 
2018-03-19T13:17:14.540+0530: 3969.643: [GC (Allocation Failure) [PSYoungGen: 173664K->96K(174080K)] 317140K->143588K(523776K), 0.0016799 secs] [Times: user=0.00 sys=0.00, real=0.00 secs] 
2018-03-19T13:17:14.882+0530: 3969.985: [GC (Allocation Failure) [PSYoungGen: 173664K->64K(174080K)] 317156K->143580K(523776K), 0.0014327 secs] [Times: user=0.00 sys=0.00, real=0.00 secs] 
2018-03-19T13:17:15.180+0530: 3970.283: [GC (Allocation Failure) [PSYoungGen: 173632K->96K(174080K)] 317148K->143636K(523776K), 0.0014126 secs] [Times: user=0.06 sys=0.00, real=0.00 secs] 
2018-03-19T13:17:15.481+0530: 3970.584: [GC (Allocation Failure) [PSYoungGen: 173664K->96K(174080K)] 317204K->143660K(523776K), 0.0014835 secs] [Times: user=0.00 sys=0.00, real=0.00 secs] 
2018-03-19T13:17:15.794+0530: 3970.896: [GC (Allocation Failure) [PSYoungGen: 173664K->32K(174080K)] 317228K->143612K(523776K), 0.0016358 secs] [Times: user=0.00 sys=0.00, real=0.00 secs] 
2018-03-19T13:17:16.166+0530: 3971.269: [GC (Allocation Failure) [PSYoungGen: 173600K->64K(174080K)] 317180K->143660K(523776K), 0.0020268 secs] [Times: user=0.00 sys=0.00, real=0.00 secs] 
2018-03-19T13:17:16.487+0530: 3971.590: [GC (Allocation Failure) [PSYoungGen: 173632K->96K(174080K)] 317228K->143708K(523776K), 0.0013611 secs] [Times: user=0.00 sys=0.00, real=0.00 secs] 
2018-03-19T13:17:16.799+0530: 3971.903: [GC (Allocation Failure) [PSYoungGen: 173664K->96K(174080K)] 317276K->143724K(523776K), 0.0016397 secs] [Times: user=0.00 sys=0.00, real=0.00 secs] 
2018-03-19T13:17:17.120+0530: 3972.223: [GC (Allocation Failure) [PSYoungGen: 173664K->96K(174080K)] 317292K->143748K(523776K), 0.0015825 secs] [Times: user=0.00 sys=0.00, real=0.00 secs] 
2018-03-19T13:17:17.422+0530: 3972.525: [GC (Allocation Failure) [PSYoungGen: 173664K->64K(174080K)] 317316K->143740K(523776K), 0.0014588 secs] [Times: user=0.00 sys=0.00, real=0.00 secs] 
2018-03-19T13:17:17.718+0530: 3972.821: [GC (Allocation Failure) [PSYoungGen: 173632K->96K(174080K)] 317308K->143796K(523776K), 0.0016485 secs] [Times: user=0.00 sys=0.00, real=0.00 secs] 
2018-03-19T13:17:18.023+0530: 3973.125: [GC (Allocation Failure) [PSYoungGen: 173664K->128K(174080K)] 317364K->143844K(523776K), 0.0015131 secs] [Times: user=0.00 sys=0.00, real=0.00 secs] 
2018-03-19T13:17:18.324+0530: 3973.427: [GC (Allocation Failure) [PSYoungGen: 173696K->96K(174080K)] 317412K->143836K(523776K), 0.0014686 secs] [Times: user=0.00 sys=0.00, real=0.00 secs] 
2018-03-19T13:17:18.627+0530: 3973.730: [GC (Allocation Failure) [PSYoungGen: 173664K->96K(174080K)] 317404K->143860K(523776K), 0.0016668 secs] [Times: user=0.00 sys=0.00, real=0.00 secs] 
2018-03-19T13:17:18.927+0530: 3974.029: [GC (Allocation Failure) [PSYoungGen: 173664K->96K(174080K)] 317428K->143876K(523776K), 0.0014570 secs] [Times: user=0.00 sys=0.00, real=0.00 secs] 
2018-03-19T13:17:19.225+0530: 3974.328: [GC (Allocation Failure) [PSYoungGen: 173664K->96K(174080K)] 317444K->143892K(523776K), 0.0014108 secs] [Times: user=0.00 sys=0.00, real=0.00 secs] 
2018-03-19T13:17:19.514+0530: 3974.616: [GC (Allocation Failure) [PSYoungGen: 173664K->96K(174080K)] 317460K->143908K(523776K), 0.0015413 secs] [Times: user=0.00 sys=0.00, real=0.00 secs] 
2018-03-19T13:17:19.825+0530: 3974.928: [GC (Allocation Failure) [PSYoungGen: 173664K->96K(174080K)] 317476K->143924K(523776K), 0.0015603 secs] [Times: user=0.00 sys=0.00, real=0.00 secs] 
2018-03-19T13:17:20.113+0530: 3975.216: [GC (Allocation Failure) [PSYoungGen: 173664K->64K(174080K)] 317492K->143916K(523776K), 0.0014563 secs] [Times: user=0.00 sys=0.00, real=0.00 secs] 
2018-03-19T13:17:20.403+0530: 3975.506: [GC (Allocation Failure) [PSYoungGen: 173632K->96K(174080K)] 317484K->143972K(523776K), 0.0016788 secs] [Times: user=0.00 sys=0.00, real=0.00 secs] 
2018-03-19T13:17:20.701+0530: 3975.805: [GC (Allocation Failure) [PSYoungGen: 173664K->64K(174080K)] 317540K->143964K(523776K), 0.0017779 secs] [Times: user=0.00 sys=0.00, real=0.00 secs] 
2018-03-19T13:17:20.999+0530: 3976.102: [GC (Allocation Failure) [PSYoungGen: 173632K->64K(174080K)] 317532K->143988K(523776K), 0.0014983 secs] [Times: user=0.00 sys=0.00, real=0.00 secs] 
2018-03-19T13:17:21.330+0530: 3976.433: [GC (Allocation Failure) [PSYoungGen: 173632K->64K(174080K)] 317556K->144004K(523776K), 0.0016986 secs] [Times: user=0.00 sys=0.00, real=0.00 secs] 
2018-03-19T13:17:21.628+0530: 3976.732: [GC (Allocation Failure) [PSYoungGen: 173632K->64K(174080K)] 317572K->144036K(523776K), 0.0015011 secs] [Times: user=0.00 sys=0.00, real=0.00 secs] 
2018-03-19T13:17:21.922+0530: 3977.025: [GC (Allocation Failure) [PSYoungGen: 173632K->96K(174080K)] 317604K->144092K(523776K), 0.0016058 secs] [Times: user=0.00 sys=0.00, real=0.00 secs] 
2018-03-19T13:17:22.219+0530: 3977.321: [GC (Allocation Failure) [PSYoungGen: 173664K->96K(174080K)] 317660K->144108K(523776K), 0.0016037 secs] [Times: user=0.00 sys=0.00, real=0.00 secs] 
2018-03-19T13:17:22.515+0530: 3977.618: [GC (Allocation Failure) [PSYoungGen: 173664K->96K(174080K)] 317676K->144124K(523776K), 0.0016019 secs] [Times: user=0.00 sys=0.00, real=0.00 secs] 
2018-03-19T13:17:22.811+0530: 3977.914: [GC (Allocation Failure) [PSYoungGen: 173664K->64K(174080K)] 317692K->144116K(523776K), 0.0015847 secs] [Times: user=0.00 sys=0.00, real=0.00 secs] 
2018-03-19T13:17:23.119+0530: 3978.222: [GC (Allocation Failure) [PSYoungGen: 173632K->96K(174080K)] 317684K->144180K(523776K), 0.0016651 secs] [Times: user=0.00 sys=0.00, real=0.00 secs] 
2018-03-19T13:17:23.426+0530: 3978.530: [GC (Allocation Failure) [PSYoungGen: 173664K->128K(174080K)] 317748K->144228K(523776K), 0.0015723 secs] [Times: user=0.00 sys=0.00, real=0.00 secs] 
2018-03-19T13:17:23.735+0530: 3978.838: [GC (Allocation Failure) [PSYoungGen: 173696K->96K(174080K)] 317796K->144212K(523776K), 0.0016273 secs] [Times: user=0.00 sys=0.00, real=0.00 secs] 
2018-03-19T13:17:24.035+0530: 3979.137: [GC (Allocation Failure) [PSYoungGen: 173664K->64K(174080K)] 317780K->144212K(523776K), 0.0014531 secs] [Times: user=0.00 sys=0.00, real=0.00 secs] 
2018-03-19T13:17:24.321+0530: 3979.423: [GC (Allocation Failure) [PSYoungGen: 173632K->96K(174080K)] 317780K->144268K(523776K), 0.0015145 secs] [Times: user=0.00 sys=0.00, real=0.00 secs] 
2018-03-19T13:17:24.616+0530: 3979.718: [GC (Allocation Failure) [PSYoungGen: 173664K->96K(174080K)] 317836K->144284K(523776K), 0.0018562 secs] [Times: user=0.00 sys=0.00, real=0.00 secs] 
2018-03-19T13:17:24.919+0530: 3980.021: [GC (Allocation Failure) [PSYoungGen: 173664K->96K(174080K)] 317852K->144308K(523776K), 0.0015847 secs] [Times: user=0.00 sys=0.00, real=0.00 secs] 
2018-03-19T13:17:25.220+0530: 3980.322: [GC (Allocation Failure) [PSYoungGen: 173664K->96K(174080K)] 317876K->144332K(523776K), 0.0014845 secs] [Times: user=0.00 sys=0.00, real=0.00 secs] 
2018-03-19T13:17:25.516+0530: 3980.619: [GC (Allocation Failure) [PSYoungGen: 173664K->96K(174080K)] 317900K->144348K(523776K), 0.0014905 secs] [Times: user=0.00 sys=0.00, real=0.00 secs] 
2018-03-19T13:17:25.809+0530: 3980.913: [GC (Allocation Failure) [PSYoungGen: 173664K->96K(174080K)] 317916K->144372K(523776K), 0.0014676 secs] [Times: user=0.00 sys=0.00, real=0.00 secs] 
2018-03-19T13:17:26.109+0530: 3981.212: [GC (Allocation Failure) [PSYoungGen: 173664K->96K(174080K)] 317940K->144388K(523776K), 0.0014923 secs] [Times: user=0.00 sys=0.00, real=0.00 secs] 
2018-03-19T13:17:26.411+0530: 3981.514: [GC (Allocation Failure) [PSYoungGen: 173664K->96K(174080K)] 317956K->144412K(523776K), 0.0016982 secs] [Times: user=0.00 sys=0.00, real=0.00 secs] 
2018-03-19T13:17:26.707+0530: 3981.810: [GC (Allocation Failure) [PSYoungGen: 173664K->96K(174080K)] 317980K->144436K(523776K), 0.0014697 secs] [Times: user=0.00 sys=0.00, real=0.00 secs] 
2018-03-19T13:17:27.011+0530: 3982.113: [GC (Allocation Failure) [PSYoungGen: 173664K->96K(174080K)] 318004K->144460K(523776K), 0.0015818 secs] [Times: user=0.00 sys=0.00, real=0.00 secs] 
2018-03-19T13:17:27.305+0530: 3982.408: [GC (Allocation Failure) [PSYoungGen: 173664K->64K(174080K)] 318028K->144452K(523776K), 0.0017271 secs] [Times: user=0.06 sys=0.00, real=0.00 secs] 
2018-03-19T13:17:27.594+0530: 3982.696: [GC (Allocation Failure) [PSYoungGen: 173632K->96K(174080K)] 318020K->144508K(523776K), 0.0015702 secs] [Times: user=0.00 sys=0.00, real=0.00 secs] 
2018-03-19T13:17:27.914+0530: 3983.016: [GC (Allocation Failure) [PSYoungGen: 173664K->96K(174080K)] 318076K->144532K(523776K), 0.0015004 secs] [Times: user=0.02 sys=0.00, real=0.00 secs] 
2018-03-19T13:17:28.239+0530: 3983.341: [GC (Allocation Failure) [PSYoungGen: 173664K->64K(174080K)] 318100K->144516K(523776K), 0.0018459 secs] [Times: user=0.00 sys=0.00, real=0.00 secs] 
2018-03-19T13:17:28.558+0530: 3983.661: [GC (Allocation Failure) [PSYoungGen: 173632K->96K(174080K)] 318084K->144580K(523776K), 0.0016326 secs] [Times: user=0.00 sys=0.00, real=0.00 secs] 
2018-03-19T13:17:28.865+0530: 3983.967: [GC (Allocation Failure) [PSYoungGen: 173664K->64K(174080K)] 318148K->144572K(523776K), 0.0015099 secs] [Times: user=0.00 sys=0.00, real=0.00 secs] 
2018-03-19T13:17:29.188+0530: 3984.291: [GC (Allocation Failure) [PSYoungGen: 173632K->128K(174080K)] 318140K->144660K(523776K), 0.0015660 secs] [Times: user=0.00 sys=0.00, real=0.00 secs] 
2018-03-19T13:17:29.493+0530: 3984.596: [GC (Allocation Failure) [PSYoungGen: 173696K->96K(174080K)] 318228K->144644K(523776K), 0.0014196 secs] [Times: user=0.00 sys=0.00, real=0.00 secs] 
2018-03-19T13:17:29.787+0530: 3984.889: [GC (Allocation Failure) [PSYoungGen: 173664K->96K(174080K)] 318212K->144668K(523776K), 0.0013939 secs] [Times: user=0.00 sys=0.00, real=0.00 secs] 
2018-03-19T13:17:30.089+0530: 3985.192: [GC (Allocation Failure) [PSYoungGen: 173664K->96K(174080K)] 318236K->144684K(523776K), 0.0015226 secs] [Times: user=0.00 sys=0.00, real=0.00 secs] 
2018-03-19T13:17:30.397+0530: 3985.501: [GC (Allocation Failure) [PSYoungGen: 173664K->96K(174080K)] 318252K->144700K(523776K), 0.0016418 secs] [Times: user=0.00 sys=0.00, real=0.00 secs] 
2018-03-19T13:17:30.714+0530: 3985.817: [GC (Allocation Failure) [PSYoungGen: 173664K->96K(174080K)] 318268K->144716K(523776K), 0.0013823 secs] [Times: user=0.00 sys=0.00, real=0.00 secs] 
2018-03-19T13:17:31.007+0530: 3986.110: [GC (Allocation Failure) [PSYoungGen: 173664K->96K(174080K)] 318284K->144732K(523776K), 0.0013830 secs] [Times: user=0.00 sys=0.00, real=0.00 secs] 
2018-03-19T13:17:31.309+0530: 3986.412: [GC (Allocation Failure) [PSYoungGen: 173664K->96K(174080K)] 318300K->144756K(523776K), 0.0015194 secs] [Times: user=0.00 sys=0.00, real=0.00 secs] 
2018-03-19T13:17:31.609+0530: 3986.711: [GC (Allocation Failure) [PSYoungGen: 173664K->128K(174080K)] 318324K->144804K(523776K), 0.0014246 secs] [Times: user=0.00 sys=0.00, real=0.00 secs] 
2018-03-19T13:17:31.989+0530: 3987.092: [GC (Allocation Failure) [PSYoungGen: 173696K->96K(174080K)] 318372K->144796K(523776K), 0.0016577 secs] [Times: user=0.00 sys=0.00, real=0.00 secs] 
2018-03-19T13:17:32.423+0530: 3987.526: [GC (Allocation Failure) [PSYoungGen: 173664K->64K(174080K)] 318364K->144788K(523776K), 0.0014214 secs] [Times: user=0.00 sys=0.00, real=0.00 secs] 
2018-03-19T13:17:32.717+0530: 3987.819: [GC (Allocation Failure) [PSYoungGen: 173632K->96K(174080K)] 318356K->144836K(523776K), 0.0016083 secs] [Times: user=0.00 sys=0.00, real=0.00 secs] 
2018-03-19T13:17:33.019+0530: 3988.121: [GC (Allocation Failure) [PSYoungGen: 173664K->96K(174080K)] 318404K->144868K(523776K), 0.0015272 secs] [Times: user=0.00 sys=0.00, real=0.00 secs] 
2018-03-19T13:17:33.336+0530: 3988.438: [GC (Allocation Failure) [PSYoungGen: 173664K->96K(174080K)] 318436K->144892K(523776K), 0.0015723 secs] [Times: user=0.00 sys=0.00, real=0.00 secs] 
2018-03-19T13:17:33.633+0530: 3988.736: [GC (Allocation Failure) [PSYoungGen: 173664K->64K(174080K)] 318460K->144884K(523776K), 0.0014390 secs] [Times: user=0.00 sys=0.00, real=0.00 secs] 
2018-03-19T13:17:33.926+0530: 3989.030: [GC (Allocation Failure) [PSYoungGen: 173632K->64K(174080K)] 318452K->144908K(523776K), 0.0013512 secs] [Times: user=0.00 sys=0.00, real=0.00 secs] 
2018-03-19T13:17:34.226+0530: 3989.329: [GC (Allocation Failure) [PSYoungGen: 173632K->96K(174080K)] 318476K->144964K(523776K), 0.0014983 secs] [Times: user=0.00 sys=0.00, real=0.00 secs] 
2018-03-19T13:17:34.530+0530: 3989.633: [GC (Allocation Failure) [PSYoungGen: 173664K->64K(174080K)] 318532K->144956K(523776K), 0.0016086 secs] [Times: user=0.00 sys=0.00, real=0.00 secs] 
2018-03-19T13:17:34.825+0530: 3989.927: [GC (Allocation Failure) [PSYoungGen: 173632K->96K(174080K)] 318524K->145012K(523776K), 0.0016545 secs] [Times: user=0.00 sys=0.00, real=0.00 secs] 
2018-03-19T13:17:35.118+0530: 3990.221: [GC (Allocation Failure) [PSYoungGen: 173664K->96K(174080K)] 318580K->145036K(523776K), 0.0014560 secs] [Times: user=0.00 sys=0.00, real=0.00 secs] 
2018-03-19T13:17:35.414+0530: 3990.517: [GC (Allocation Failure) [PSYoungGen: 173664K->96K(174080K)] 318604K->145060K(523776K), 0.0015526 secs] [Times: user=0.00 sys=0.00, real=0.00 secs] 
2018-03-19T13:17:35.706+0530: 3990.809: [GC (Allocation Failure) [PSYoungGen: 173664K->96K(174080K)] 318628K->145092K(523776K), 0.0014115 secs] [Times: user=0.00 sys=0.00, real=0.00 secs] 
2018-03-19T13:17:36.017+0530: 3991.119: [GC (Allocation Failure) [PSYoungGen: 173664K->96K(174080K)] 318660K->145124K(523776K), 0.0014119 secs] [Times: user=0.00 sys=0.00, real=0.00 secs] 
2018-03-19T13:17:36.307+0530: 3991.409: [GC (Allocation Failure) [PSYoungGen: 173664K->64K(174080K)] 318692K->145116K(523776K), 0.0014789 secs] [Times: user=0.00 sys=0.00, real=0.00 secs] 
2018-03-19T13:17:36.617+0530: 3991.720: [GC (Allocation Failure) [PSYoungGen: 173632K->96K(174080K)] 318684K->145172K(523776K), 0.0015935 secs] [Times: user=0.00 sys=0.00, real=0.00 secs] 
2018-03-19T13:17:36.928+0530: 3992.031: [GC (Allocation Failure) [PSYoungGen: 173664K->96K(174080K)] 318740K->145196K(523776K), 0.0016171 secs] [Times: user=0.00 sys=0.00, real=0.00 secs] 
2018-03-19T13:17:37.231+0530: 3992.335: [GC (Allocation Failure) [PSYoungGen: 173664K->96K(174080K)] 318764K->145220K(523776K), 0.0014080 secs] [Times: user=0.00 sys=0.00, real=0.00 secs] 
2018-03-19T13:17:37.545+0530: 3992.648: [GC (Allocation Failure) [PSYoungGen: 173664K->96K(174080K)] 318788K->145244K(523776K), 0.0017201 secs] [Times: user=0.00 sys=0.00, real=0.00 secs] 
2018-03-19T13:17:37.853+0530: 3992.956: [GC (Allocation Failure) [PSYoungGen: 173664K->96K(174080K)] 318812K->145268K(523776K), 0.0014898 secs] [Times: user=0.00 sys=0.00, real=0.00 secs] 
2018-03-19T13:17:38.149+0530: 3993.252: [GC (Allocation Failure) [PSYoungGen: 173664K->96K(174080K)] 318836K->145292K(523776K), 0.0014849 secs] [Times: user=0.06 sys=0.00, real=0.00 secs] 
2018-03-19T13:17:38.460+0530: 3993.563: [GC (Allocation Failure) [PSYoungGen: 173664K->64K(174080K)] 318860K->145284K(523776K), 0.0014404 secs] [Times: user=0.00 sys=0.00, real=0.00 secs] 
2018-03-19T13:17:38.771+0530: 3993.874: [GC (Allocation Failure) [PSYoungGen: 173632K->96K(174080K)] 318852K->145340K(523776K), 0.0014440 secs] [Times: user=0.00 sys=0.00, real=0.00 secs] 
2018-03-19T13:17:39.067+0530: 3994.170: [GC (Allocation Failure) [PSYoungGen: 173664K->64K(174080K)] 318908K->145332K(523776K), 0.0015014 secs] [Times: user=0.00 sys=0.00, real=0.00 secs] 
2018-03-19T13:17:39.358+0530: 3994.461: [GC (Allocation Failure) [PSYoungGen: 173632K->96K(174080K)] 318900K->145396K(523776K), 0.0019440 secs] [Times: user=0.00 sys=0.00, real=0.00 secs] 
2018-03-19T13:17:39.705+0530: 3994.807: [GC (Allocation Failure) [PSYoungGen: 173664K->96K(174080K)] 318964K->145420K(523776K), 0.0016062 secs] [Times: user=0.00 sys=0.00, real=0.00 secs] 
2018-03-19T13:17:40.038+0530: 3995.141: [GC (Allocation Failure) [PSYoungGen: 173664K->128K(174080K)] 318988K->145476K(523776K), 0.0017708 secs] [Times: user=0.00 sys=0.00, real=0.00 secs] 
2018-03-19T13:17:40.333+0530: 3995.436: [GC (Allocation Failure) [PSYoungGen: 173696K->64K(174080K)] 319044K->145436K(523776K), 0.0018195 secs] [Times: user=0.00 sys=0.00, real=0.00 secs] 
2018-03-19T13:17:40.645+0530: 3995.749: [GC (Allocation Failure) [PSYoungGen: 173632K->64K(174080K)] 319004K->145452K(523776K), 0.0014965 secs] [Times: user=0.00 sys=0.00, real=0.00 secs] 
2018-03-19T13:17:40.948+0530: 3996.051: [GC (Allocation Failure) [PSYoungGen: 173632K->64K(174080K)] 319020K->145476K(523776K), 0.0015134 secs] [Times: user=0.00 sys=0.00, real=0.00 secs] 
2018-03-19T13:17:41.246+0530: 3996.350: [GC (Allocation Failure) [PSYoungGen: 173632K->96K(174080K)] 319044K->145532K(523776K), 0.0013830 secs] [Times: user=0.00 sys=0.00, real=0.00 secs] 
2018-03-19T13:17:41.551+0530: 3996.654: [GC (Allocation Failure) [PSYoungGen: 173664K->64K(174080K)] 319100K->145516K(523776K), 0.0016319 secs] [Times: user=0.00 sys=0.00, real=0.00 secs] 
2018-03-19T13:17:41.857+0530: 3996.960: [GC (Allocation Failure) [PSYoungGen: 173632K->96K(174080K)] 319084K->145580K(523776K), 0.0015060 secs] [Times: user=0.00 sys=0.00, real=0.00 secs] 
2018-03-19T13:17:42.165+0530: 3997.268: [GC (Allocation Failure) [PSYoungGen: 173664K->96K(174080K)] 319148K->145596K(523776K), 0.0017215 secs] [Times: user=0.00 sys=0.00, real=0.00 secs] 
2018-03-19T13:17:42.471+0530: 3997.574: [GC (Allocation Failure) [PSYoungGen: 173664K->64K(174080K)] 319164K->145588K(523776K), 0.0014863 secs] [Times: user=0.00 sys=0.00, real=0.00 secs] 
2018-03-19T13:17:42.766+0530: 3997.869: [GC (Allocation Failure) [PSYoungGen: 173632K->96K(174080K)] 319156K->145652K(523776K), 0.0015670 secs] [Times: user=0.00 sys=0.00, real=0.00 secs] 
2018-03-19T13:17:43.058+0530: 3998.162: [GC (Allocation Failure) [PSYoungGen: 173664K->64K(174080K)] 319220K->145644K(523776K), 0.0014852 secs] [Times: user=0.00 sys=0.00, real=0.00 secs] 
2018-03-19T13:17:43.375+0530: 3998.478: [GC (Allocation Failure) [PSYoungGen: 173632K->64K(174080K)] 319212K->145660K(523776K), 0.0016185 secs] [Times: user=0.00 sys=0.00, real=0.00 secs] 
2018-03-19T13:17:43.687+0530: 3998.789: [GC (Allocation Failure) [PSYoungGen: 173632K->64K(174080K)] 319228K->145676K(523776K), 0.0019376 secs] [Times: user=0.00 sys=0.00, real=0.00 secs] 
2018-03-19T13:17:44.010+0530: 3999.113: [GC (Allocation Failure) [PSYoungGen: 173632K->64K(174080K)] 319244K->145700K(523776K), 0.0017296 secs] [Times: user=0.00 sys=0.00, real=0.00 secs] 
2018-03-19T13:17:44.435+0530: 3999.538: [GC (Allocation Failure) [PSYoungGen: 173632K->96K(174080K)] 319268K->145756K(523776K), 0.0017899 secs] [Times: user=0.00 sys=0.00, real=0.00 secs] 
2018-03-19T13:17:44.767+0530: 3999.871: [GC (Allocation Failure) [PSYoungGen: 173664K->96K(174080K)] 319324K->145780K(523776K), 0.0021439 secs] [Times: user=0.00 sys=0.00, real=0.00 secs] 
2018-03-19T13:17:45.267+0530: 4000.369: [GC (Allocation Failure) [PSYoungGen: 173664K->64K(174080K)] 319348K->145764K(523776K), 0.0021890 secs] [Times: user=0.00 sys=0.00, real=0.00 secs] 
2018-03-19T13:17:45.746+0530: 4000.849: [GC (Allocation Failure) [PSYoungGen: 173632K->64K(174080K)] 319332K->145780K(523776K), 0.0023646 secs] [Times: user=0.00 sys=0.00, real=0.00 secs] 
2018-03-19T13:17:46.239+0530: 4001.343: [GC (Allocation Failure) [PSYoungGen: 173632K->96K(174080K)] 319348K->145836K(523776K), 0.0021203 secs] [Times: user=0.00 sys=0.00, real=0.00 secs] 
2018-03-19T13:17:46.698+0530: 4001.801: [GC (Allocation Failure) [PSYoungGen: 173664K->96K(174080K)] 319404K->145860K(523776K), 0.0018050 secs] [Times: user=0.00 sys=0.00, real=0.00 secs] 
2018-03-19T13:17:47.171+0530: 4002.274: [GC (Allocation Failure) [PSYoungGen: 173664K->96K(174080K)] 319428K->145884K(523776K), 0.0022310 secs] [Times: user=0.00 sys=0.00, real=0.00 secs] 
2018-03-19T13:17:47.647+0530: 4002.750: [GC (Allocation Failure) [PSYoungGen: 173664K->128K(174080K)] 319452K->145932K(523776K), 0.0022035 secs] [Times: user=0.02 sys=0.00, real=0.00 secs] 
2018-03-19T13:17:48.154+0530: 4003.258: [GC (Allocation Failure) [PSYoungGen: 173696K->96K(174080K)] 319500K->145924K(523776K), 0.0017179 secs] [Times: user=0.00 sys=0.00, real=0.00 secs] 
2018-03-19T13:17:48.652+0530: 4003.755: [GC (Allocation Failure) [PSYoungGen: 173664K->96K(174080K)] 319492K->145948K(523776K), 0.0022409 secs] [Times: user=0.00 sys=0.00, real=0.00 secs] 
2018-03-19T13:17:49.171+0530: 4004.274: [GC (Allocation Failure) [PSYoungGen: 173664K->96K(174080K)] 319516K->145972K(523776K), 0.0017687 secs] [Times: user=0.00 sys=0.00, real=0.00 secs] 
2018-03-19T13:17:49.629+0530: 4004.732: [GC (Allocation Failure) [PSYoungGen: 173664K->96K(174080K)] 319540K->145996K(523776K), 0.0013904 secs] [Times: user=0.00 sys=0.00, real=0.00 secs] 
2018-03-19T13:17:49.923+0530: 4005.026: [GC (Allocation Failure) [PSYoungGen: 173664K->128K(174080K)] 319564K->146052K(523776K), 0.0013339 secs] [Times: user=0.00 sys=0.00, real=0.00 secs] 
2018-03-19T13:17:50.213+0530: 4005.317: [GC (Allocation Failure) [PSYoungGen: 173696K->96K(174080K)] 319620K->146044K(523776K), 0.0014778 secs] [Times: user=0.00 sys=0.00, real=0.00 secs] 
2018-03-19T13:17:50.523+0530: 4005.625: [GC (Allocation Failure) [PSYoungGen: 173664K->96K(174080K)] 319612K->146068K(523776K), 0.0014433 secs] [Times: user=0.00 sys=0.00, real=0.00 secs] 
2018-03-19T13:17:50.845+0530: 4005.948: [GC (Allocation Failure) [PSYoungGen: 173664K->96K(174080K)] 319636K->146084K(523776K), 0.0014267 secs] [Times: user=0.00 sys=0.00, real=0.00 secs] 
2018-03-19T13:17:51.151+0530: 4006.253: [GC (Allocation Failure) [PSYoungGen: 173664K->96K(174080K)] 319652K->146108K(523776K), 0.0014260 secs] [Times: user=0.00 sys=0.00, real=0.00 secs] 
2018-03-19T13:17:51.443+0530: 4006.546: [GC (Allocation Failure) [PSYoungGen: 173664K->64K(174080K)] 319676K->146100K(523776K), 0.0016016 secs] [Times: user=0.00 sys=0.00, real=0.00 secs] 
2018-03-19T13:17:51.738+0530: 4006.840: [GC (Allocation Failure) [PSYoungGen: 173632K->96K(174080K)] 319668K->146156K(523776K), 0.0015416 secs] [Times: user=0.00 sys=0.00, real=0.00 secs] 
2018-03-19T13:17:52.068+0530: 4007.170: [GC (Allocation Failure) [PSYoungGen: 173664K->96K(174080K)] 319724K->146172K(523776K), 0.0013978 secs] [Times: user=0.00 sys=0.00, real=0.00 secs] 
2018-03-19T13:17:52.373+0530: 4007.476: [GC (Allocation Failure) [PSYoungGen: 173664K->96K(174080K)] 319740K->146196K(523776K), 0.0016280 secs] [Times: user=0.00 sys=0.00, real=0.00 secs] 
2018-03-19T13:17:52.678+0530: 4007.781: [GC (Allocation Failure) [PSYoungGen: 173664K->96K(174080K)] 319764K->146220K(523776K), 0.0013939 secs] [Times: user=0.00 sys=0.00, real=0.00 secs] 
2018-03-19T13:17:52.975+0530: 4008.078: [GC (Allocation Failure) [PSYoungGen: 173664K->96K(174080K)] 319788K->146244K(523776K), 0.0016189 secs] [Times: user=0.00 sys=0.00, real=0.00 secs] 
2018-03-19T13:17:53.300+0530: 4008.403: [GC (Allocation Failure) [PSYoungGen: 173664K->96K(174080K)] 319812K->146268K(523776K), 0.0015607 secs] [Times: user=0.00 sys=0.00, real=0.00 secs] 
2018-03-19T13:17:53.607+0530: 4008.710: [GC (Allocation Failure) [PSYoungGen: 173664K->64K(174080K)] 319836K->146260K(523776K), 0.0016721 secs] [Times: user=0.00 sys=0.00, real=0.00 secs] 
2018-03-19T13:17:53.898+0530: 4009.001: [GC (Allocation Failure) [PSYoungGen: 173632K->64K(174080K)] 319828K->146276K(523776K), 0.0017317 secs] [Times: user=0.02 sys=0.00, real=0.00 secs] 
2018-03-19T13:17:54.194+0530: 4009.297: [GC (Allocation Failure) [PSYoungGen: 173632K->96K(174080K)] 319844K->146324K(523776K), 0.0014196 secs] [Times: user=0.00 sys=0.00, real=0.00 secs] 
2018-03-19T13:17:54.490+0530: 4009.594: [GC (Allocation Failure) [PSYoungGen: 173664K->64K(174080K)] 319892K->146324K(523776K), 0.0014545 secs] [Times: user=0.00 sys=0.00, real=0.00 secs] 
2018-03-19T13:17:54.809+0530: 4009.912: [GC (Allocation Failure) [PSYoungGen: 173632K->96K(174080K)] 319892K->146380K(523776K), 0.0014895 secs] [Times: user=0.00 sys=0.00, real=0.00 secs] 
2018-03-19T13:17:55.130+0530: 4010.233: [GC (Allocation Failure) [PSYoungGen: 173664K->96K(174080K)] 319948K->146404K(523776K), 0.0015988 secs] [Times: user=0.00 sys=0.00, real=0.00 secs] 
2018-03-19T13:17:55.455+0530: 4010.558: [GC (Allocation Failure) [PSYoungGen: 173664K->64K(174080K)] 319972K->146396K(523776K), 0.0015540 secs] [Times: user=0.00 sys=0.00, real=0.00 secs] 
2018-03-19T13:17:55.799+0530: 4010.901: [GC (Allocation Failure) [PSYoungGen: 173632K->128K(174080K)] 319964K->146476K(523776K), 0.0018456 secs] [Times: user=0.00 sys=0.00, real=0.00 secs] 
2018-03-19T13:17:56.132+0530: 4011.235: [GC (Allocation Failure) [PSYoungGen: 173696K->96K(174080K)] 320044K->146460K(523776K), 0.0016044 secs] [Times: user=0.00 sys=0.00, real=0.00 secs] 
2018-03-19T13:17:56.473+0530: 4011.576: [GC (Allocation Failure) [PSYoungGen: 173664K->128K(174080K)] 320028K->146508K(523776K), 0.0016837 secs] [Times: user=0.00 sys=0.00, real=0.00 secs] 
2018-03-19T13:17:56.791+0530: 4011.894: [GC (Allocation Failure) [PSYoungGen: 173696K->96K(174080K)] 320076K->146500K(523776K), 0.0015029 secs] [Times: user=0.00 sys=0.00, real=0.00 secs] 
2018-03-19T13:17:57.089+0530: 4012.192: [GC (Allocation Failure) [PSYoungGen: 173664K->96K(174080K)] 320068K->146516K(523776K), 0.0016351 secs] [Times: user=0.00 sys=0.00, real=0.00 secs] 
2018-03-19T13:17:57.397+0530: 4012.500: [GC (Allocation Failure) [PSYoungGen: 173664K->64K(174080K)] 320084K->146508K(523776K), 0.0015677 secs] [Times: user=0.00 sys=0.00, real=0.00 secs] 
2018-03-19T13:17:57.706+0530: 4012.809: [GC (Allocation Failure) [PSYoungGen: 173632K->96K(174080K)] 320076K->146564K(523776K), 0.0014133 secs] [Times: user=0.00 sys=0.00, real=0.00 secs] 
2018-03-19T13:17:58.022+0530: 4013.125: [GC (Allocation Failure) [PSYoungGen: 173664K->96K(174080K)] 320132K->146596K(523776K), 0.0016090 secs] [Times: user=0.00 sys=0.00, real=0.00 secs] 
2018-03-19T13:17:58.316+0530: 4013.419: [GC (Allocation Failure) [PSYoungGen: 173664K->96K(174080K)] 320164K->146628K(523776K), 0.0016852 secs] [Times: user=0.00 sys=0.00, real=0.00 secs] 
2018-03-19T13:17:58.627+0530: 4013.730: [GC (Allocation Failure) [PSYoungGen: 173664K->128K(174080K)] 320196K->146676K(523776K), 0.0015607 secs] [Times: user=0.00 sys=0.00, real=0.00 secs] 
2018-03-19T13:17:58.920+0530: 4014.022: [GC (Allocation Failure) [PSYoungGen: 173696K->96K(174080K)] 320244K->146668K(523776K), 0.0015935 secs] [Times: user=0.00 sys=0.00, real=0.00 secs] 
2018-03-19T13:17:59.221+0530: 4014.323: [GC (Allocation Failure) [PSYoungGen: 173664K->96K(174080K)] 320236K->146684K(523776K), 0.0015801 secs] [Times: user=0.00 sys=0.00, real=0.00 secs] 
2018-03-19T13:17:59.526+0530: 4014.628: [GC (Allocation Failure) [PSYoungGen: 173664K->96K(174080K)] 320252K->146716K(523776K), 0.0013967 secs] [Times: user=0.00 sys=0.00, real=0.00 secs] 
2018-03-19T13:17:59.839+0530: 4014.942: [GC (Allocation Failure) [PSYoungGen: 173664K->96K(174080K)] 320284K->146740K(523776K), 0.0014034 secs] [Times: user=0.00 sys=0.00, real=0.00 secs] 
2018-03-19T13:18:00.155+0530: 4015.257: [GC (Allocation Failure) [PSYoungGen: 173664K->96K(174080K)] 320308K->146764K(523776K), 0.0014426 secs] [Times: user=0.00 sys=0.00, real=0.00 secs] 
2018-03-19T13:18:00.467+0530: 4015.570: [GC (Allocation Failure) [PSYoungGen: 173664K->96K(174080K)] 320332K->146788K(523776K), 0.0016598 secs] [Times: user=0.00 sys=0.00, real=0.00 secs] 
2018-03-19T13:18:00.781+0530: 4015.884: [GC (Allocation Failure) [PSYoungGen: 173664K->96K(174080K)] 320356K->146812K(523776K), 0.0014567 secs] [Times: user=0.00 sys=0.00, real=0.00 secs] 
2018-03-19T13:18:01.098+0530: 4016.201: [GC (Allocation Failure) [PSYoungGen: 173664K->96K(174080K)] 320380K->146828K(523776K), 0.0014556 secs] [Times: user=0.00 sys=0.00, real=0.00 secs] 
2018-03-19T13:18:01.419+0530: 4016.522: [GC (Allocation Failure) [PSYoungGen: 173664K->64K(174080K)] 320396K->146820K(523776K), 0.0016904 secs] [Times: user=0.00 sys=0.00, real=0.00 secs] 
2018-03-19T13:18:01.745+0530: 4016.848: [GC (Allocation Failure) [PSYoungGen: 173632K->96K(174080K)] 320388K->146876K(523776K), 0.0015170 secs] [Times: user=0.00 sys=0.00, real=0.00 secs] 
2018-03-19T13:18:02.040+0530: 4017.142: [GC (Allocation Failure) [PSYoungGen: 173664K->96K(174080K)] 320444K->146892K(523776K), 0.0018586 secs] [Times: user=0.00 sys=0.00, real=0.00 secs] 
2018-03-19T13:18:02.366+0530: 4017.469: [GC (Allocation Failure) [PSYoungGen: 173664K->32K(174080K)] 320460K->146852K(523776K), 0.0018826 secs] [Times: user=0.00 sys=0.00, real=0.00 secs] 
2018-03-19T13:18:02.664+0530: 4017.767: [GC (Allocation Failure) [PSYoungGen: 173600K->96K(174080K)] 320420K->146940K(523776K), 0.0013699 secs] [Times: user=0.02 sys=0.00, real=0.00 secs] 
2018-03-19T13:18:02.966+0530: 4018.069: [GC (Allocation Failure) [PSYoungGen: 173664K->64K(174080K)] 320508K->146932K(523776K), 0.0015141 secs] [Times: user=0.00 sys=0.00, real=0.00 secs] 
2018-03-19T13:18:03.289+0530: 4018.392: [GC (Allocation Failure) [PSYoungGen: 173632K->96K(174080K)] 320500K->146988K(523776K), 0.0015794 secs] [Times: user=0.00 sys=0.00, real=0.00 secs] 
2018-03-19T13:18:03.638+0530: 4018.741: [GC (Allocation Failure) [PSYoungGen: 173664K->96K(174080K)] 320556K->147004K(523776K), 0.0016495 secs] [Times: user=0.00 sys=0.00, real=0.00 secs] 
2018-03-19T13:18:03.962+0530: 4019.065: [GC (Allocation Failure) [PSYoungGen: 173664K->96K(174080K)] 320572K->147020K(523776K), 0.0015840 secs] [Times: user=0.00 sys=0.00, real=0.00 secs] 
2018-03-19T13:18:04.262+0530: 4019.365: [GC (Allocation Failure) [PSYoungGen: 173664K->96K(174080K)] 320588K->147044K(523776K), 0.0015635 secs] [Times: user=0.00 sys=0.00, real=0.00 secs] 
2018-03-19T13:18:04.570+0530: 4019.672: [GC (Allocation Failure) [PSYoungGen: 173664K->96K(174080K)] 320612K->147076K(523776K), 0.0015325 secs] [Times: user=0.00 sys=0.00, real=0.00 secs] 
2018-03-19T13:18:04.866+0530: 4019.968: [GC (Allocation Failure) [PSYoungGen: 173664K->96K(174080K)] 320644K->147092K(523776K), 0.0014993 secs] [Times: user=0.00 sys=0.00, real=0.00 secs] 
2018-03-19T13:18:05.161+0530: 4020.264: [GC (Allocation Failure) [PSYoungGen: 173664K->96K(174080K)] 320660K->147108K(523776K), 0.0014143 secs] [Times: user=0.00 sys=0.00, real=0.00 secs] 
2018-03-19T13:18:05.458+0530: 4020.561: [GC (Allocation Failure) [PSYoungGen: 173664K->96K(174080K)] 320676K->147132K(523776K), 0.0014648 secs] [Times: user=0.00 sys=0.00, real=0.00 secs] 
2018-03-19T13:18:05.770+0530: 4020.873: [GC (Allocation Failure) [PSYoungGen: 173664K->64K(174080K)] 320700K->147124K(523776K), 0.0015741 secs] [Times: user=0.00 sys=0.00, real=0.00 secs] 
2018-03-19T13:18:06.068+0530: 4021.171: [GC (Allocation Failure) [PSYoungGen: 173632K->96K(174080K)] 320692K->147172K(523776K), 0.0015850 secs] [Times: user=0.00 sys=0.00, real=0.00 secs] 
2018-03-19T13:18:06.363+0530: 4021.465: [GC (Allocation Failure) [PSYoungGen: 173664K->96K(174080K)] 320740K->147188K(523776K), 0.0014422 secs] [Times: user=0.00 sys=0.00, real=0.00 secs] 
2018-03-19T13:18:06.665+0530: 4021.768: [GC (Allocation Failure) [PSYoungGen: 173664K->64K(174080K)] 320756K->147188K(523776K), 0.0014806 secs] [Times: user=0.00 sys=0.00, real=0.00 secs] 
2018-03-19T13:18:06.959+0530: 4022.061: [GC (Allocation Failure) [PSYoungGen: 173632K->96K(174080K)] 320756K->147244K(523776K), 0.0014887 secs] [Times: user=0.00 sys=0.00, real=0.00 secs] 
2018-03-19T13:18:07.253+0530: 4022.355: [GC (Allocation Failure) [PSYoungGen: 173664K->96K(174080K)] 320812K->147268K(523776K), 0.0014447 secs] [Times: user=0.00 sys=0.00, real=0.00 secs] 
2018-03-19T13:18:07.547+0530: 4022.650: [GC (Allocation Failure) [PSYoungGen: 173664K->64K(174080K)] 320836K->147260K(523776K), 0.0014976 secs] [Times: user=0.00 sys=0.00, real=0.00 secs] 
2018-03-19T13:18:07.850+0530: 4022.953: [GC (Allocation Failure) [PSYoungGen: 173632K->128K(174080K)] 320828K->147348K(523776K), 0.0017807 secs] [Times: user=0.00 sys=0.00, real=0.00 secs] 
2018-03-19T13:18:08.130+0530: 4023.233: [GC (Allocation Failure) [PSYoungGen: 173696K->128K(174080K)] 320916K->147372K(523776K), 0.0012694 secs] [Times: user=0.00 sys=0.00, real=0.00 secs] 
2018-03-19T13:18:08.427+0530: 4023.529: [GC (Allocation Failure) [PSYoungGen: 173696K->96K(174080K)] 320940K->147356K(523776K), 0.0015127 secs] [Times: user=0.00 sys=0.00, real=0.00 secs] 
2018-03-19T13:18:08.731+0530: 4023.834: [GC (Allocation Failure) [PSYoungGen: 173664K->96K(174080K)] 320924K->147380K(523776K), 0.0013484 secs] [Times: user=0.00 sys=0.00, real=0.00 secs] 
2018-03-19T13:18:09.031+0530: 4024.135: [GC (Allocation Failure) [PSYoungGen: 173664K->64K(174080K)] 320948K->147372K(523776K), 0.0013713 secs] [Times: user=0.00 sys=0.00, real=0.00 secs] 
2018-03-19T13:18:09.329+0530: 4024.432: [GC (Allocation Failure) [PSYoungGen: 173632K->96K(174080K)] 320940K->147436K(523776K), 0.0015610 secs] [Times: user=0.00 sys=0.00, real=0.00 secs] 
2018-03-19T13:18:09.620+0530: 4024.723: [GC (Allocation Failure) [PSYoungGen: 173664K->96K(174080K)] 321004K->147452K(523776K), 0.0015346 secs] [Times: user=0.00 sys=0.00, real=0.00 secs] 
2018-03-19T13:18:09.911+0530: 4025.014: [GC (Allocation Failure) [PSYoungGen: 173664K->64K(174080K)] 321020K->147444K(523776K), 0.0022335 secs] [Times: user=0.00 sys=0.00, real=0.00 secs] 
2018-03-19T13:18:10.193+0530: 4025.296: [GC (Allocation Failure) [PSYoungGen: 173632K->96K(174080K)] 321012K->147500K(523776K), 0.0014151 secs] [Times: user=0.00 sys=0.00, real=0.00 secs] 
2018-03-19T13:18:10.485+0530: 4025.588: [GC (Allocation Failure) [PSYoungGen: 173664K->96K(174080K)] 321068K->147524K(523776K), 0.0015388 secs] [Times: user=0.00 sys=0.00, real=0.00 secs] 
2018-03-19T13:18:10.790+0530: 4025.893: [GC (Allocation Failure) [PSYoungGen: 173664K->96K(174080K)] 321092K->147556K(523776K), 0.0014979 secs] [Times: user=0.00 sys=0.00, real=0.00 secs] 
2018-03-19T13:18:11.091+0530: 4026.194: [GC (Allocation Failure) [PSYoungGen: 173664K->64K(174080K)] 321124K->147540K(523776K), 0.0018340 secs] [Times: user=0.00 sys=0.00, real=0.00 secs] 
2018-03-19T13:18:11.401+0530: 4026.503: [GC (Allocation Failure) [PSYoungGen: 173632K->96K(174080K)] 321108K->147604K(523776K), 0.0016270 secs] [Times: user=0.00 sys=0.00, real=0.00 secs] 
2018-03-19T13:18:11.695+0530: 4026.797: [GC (Allocation Failure) [PSYoungGen: 173664K->64K(174080K)] 321172K->147596K(523776K), 0.0013484 secs] [Times: user=0.00 sys=0.00, real=0.00 secs] 
2018-03-19T13:18:11.996+0530: 4027.099: [GC (Allocation Failure) [PSYoungGen: 173632K->64K(174080K)] 321164K->147620K(523776K), 0.0014239 secs] [Times: user=0.00 sys=0.00, real=0.00 secs] 
2018-03-19T13:18:12.289+0530: 4027.392: [GC (Allocation Failure) [PSYoungGen: 173632K->64K(174080K)] 321188K->147652K(523776K), 0.0015155 secs] [Times: user=0.00 sys=0.00, real=0.00 secs] 
2018-03-19T13:18:12.570+0530: 4027.672: [GC (Allocation Failure) [PSYoungGen: 173632K->96K(174080K)] 321220K->147716K(523776K), 0.0013417 secs] [Times: user=0.00 sys=0.00, real=0.00 secs] 
2018-03-19T13:18:12.838+0530: 4027.940: [GC (Allocation Failure) [PSYoungGen: 173664K->96K(174080K)] 321284K->147740K(523776K), 0.0014316 secs] [Times: user=0.00 sys=0.00, real=0.00 secs] 
2018-03-19T13:18:13.117+0530: 4028.220: [GC (Allocation Failure) [PSYoungGen: 173664K->64K(174080K)] 321308K->147732K(523776K), 0.0017906 secs] [Times: user=0.00 sys=0.00, real=0.00 secs] 
2018-03-19T13:18:13.420+0530: 4028.523: [GC (Allocation Failure) [PSYoungGen: 173632K->128K(174080K)] 321300K->147812K(523776K), 0.0013897 secs] [Times: user=0.00 sys=0.00, real=0.00 secs] 
2018-03-19T13:18:13.712+0530: 4028.814: [GC (Allocation Failure) [PSYoungGen: 173696K->96K(174080K)] 321380K->147804K(523776K), 0.0014746 secs] [Times: user=0.00 sys=0.00, real=0.00 secs] 
2018-03-19T13:18:14.002+0530: 4029.105: [GC (Allocation Failure) [PSYoungGen: 173664K->96K(174080K)] 321372K->147820K(523776K), 0.0013421 secs] [Times: user=0.00 sys=0.00, real=0.00 secs] 
2018-03-19T13:18:14.317+0530: 4029.420: [GC (Allocation Failure) [PSYoungGen: 173664K->96K(174080K)] 321388K->147844K(523776K), 0.0014845 secs] [Times: user=0.00 sys=0.00, real=0.00 secs] 
2018-03-19T13:18:14.610+0530: 4029.713: [GC (Allocation Failure) [PSYoungGen: 173664K->128K(174080K)] 321412K->147892K(523776K), 0.0016242 secs] [Times: user=0.00 sys=0.00, real=0.00 secs] 
2018-03-19T13:18:14.955+0530: 4030.058: [GC (Allocation Failure) [PSYoungGen: 173696K->96K(174080K)] 321460K->147876K(523776K), 0.0014567 secs] [Times: user=0.00 sys=0.00, real=0.00 secs] 
2018-03-19T13:18:15.255+0530: 4030.358: [GC (Allocation Failure) [PSYoungGen: 173664K->96K(174080K)] 321444K->147900K(523776K), 0.0013883 secs] [Times: user=0.00 sys=0.00, real=0.00 secs] 
2018-03-19T13:18:15.555+0530: 4030.659: [GC (Allocation Failure) [PSYoungGen: 173664K->96K(174080K)] 321468K->147932K(523776K), 0.0015818 secs] [Times: user=0.02 sys=0.02, real=0.00 secs] 
2018-03-19T13:18:15.886+0530: 4030.989: [GC (Allocation Failure) [PSYoungGen: 173664K->96K(174080K)] 321500K->147956K(523776K), 0.0016601 secs] [Times: user=0.00 sys=0.00, real=0.00 secs] 
2018-03-19T13:18:16.176+0530: 4031.278: [GC (Allocation Failure) [PSYoungGen: 173664K->96K(174080K)] 321524K->147980K(523776K), 0.0016658 secs] [Times: user=0.00 sys=0.00, real=0.00 secs] 
2018-03-19T13:18:16.464+0530: 4031.567: [GC (Allocation Failure) [PSYoungGen: 173664K->96K(174080K)] 321548K->147996K(523776K), 0.0015265 secs] [Times: user=0.00 sys=0.00, real=0.00 secs] 
2018-03-19T13:18:16.749+0530: 4031.851: [GC (Allocation Failure) [PSYoungGen: 173664K->64K(174080K)] 321564K->147988K(523776K), 0.0014415 secs] [Times: user=0.00 sys=0.00, real=0.00 secs] 
2018-03-19T13:18:17.047+0530: 4032.149: [GC (Allocation Failure) [PSYoungGen: 173632K->96K(174080K)] 321556K->148044K(523776K), 0.0013276 secs] [Times: user=0.00 sys=0.00, real=0.00 secs] 
2018-03-19T13:18:17.351+0530: 4032.454: [GC (Allocation Failure) [PSYoungGen: 173664K->96K(174080K)] 321612K->148060K(523776K), 0.0014168 secs] [Times: user=0.02 sys=0.00, real=0.00 secs] 
2018-03-19T13:18:17.665+0530: 4032.769: [GC (Allocation Failure) [PSYoungGen: 173664K->64K(174080K)] 321628K->148060K(523776K), 0.0014637 secs] [Times: user=0.00 sys=0.00, real=0.00 secs] 
2018-03-19T13:18:17.969+0530: 4033.073: [GC (Allocation Failure) [PSYoungGen: 173632K->64K(174080K)] 321628K->148084K(523776K), 0.0018410 secs] [Times: user=0.00 sys=0.00, real=0.00 secs] 
2018-03-19T13:18:18.270+0530: 4033.373: [GC (Allocation Failure) [PSYoungGen: 173632K->96K(174080K)] 321652K->148132K(523776K), 0.0016545 secs] [Times: user=0.00 sys=0.00, real=0.00 secs] 
2018-03-19T13:18:18.582+0530: 4033.685: [GC (Allocation Failure) [PSYoungGen: 173664K->96K(174080K)] 321700K->148156K(523776K), 0.0014641 secs] [Times: user=0.00 sys=0.00, real=0.00 secs] 
2018-03-19T13:18:18.872+0530: 4033.975: [GC (Allocation Failure) [PSYoungGen: 173664K->96K(174080K)] 321724K->148172K(523776K), 0.0014306 secs] [Times: user=0.00 sys=0.00, real=0.00 secs] 
2018-03-19T13:18:19.148+0530: 4034.251: [GC (Allocation Failure) [PSYoungGen: 173664K->96K(174080K)] 321740K->148188K(523776K), 0.0013378 secs] [Times: user=0.02 sys=0.00, real=0.00 secs] 
2018-03-19T13:18:19.445+0530: 4034.549: [GC (Allocation Failure) [PSYoungGen: 173664K->96K(174080K)] 321756K->148212K(523776K), 0.0015907 secs] [Times: user=0.06 sys=0.00, real=0.00 secs] 
2018-03-19T13:18:19.741+0530: 4034.844: [GC (Allocation Failure) [PSYoungGen: 173664K->96K(174080K)] 321780K->148228K(523776K), 0.0015529 secs] [Times: user=0.00 sys=0.00, real=0.00 secs] 
2018-03-19T13:18:20.040+0530: 4035.143: [GC (Allocation Failure) [PSYoungGen: 173664K->96K(174080K)] 321796K->148252K(523776K), 0.0013357 secs] [Times: user=0.00 sys=0.00, real=0.00 secs] 
2018-03-19T13:18:20.317+0530: 4035.420: [GC (Allocation Failure) [PSYoungGen: 173664K->128K(174080K)] 321820K->148300K(523776K), 0.0013311 secs] [Times: user=0.00 sys=0.00, real=0.00 secs] 
2018-03-19T13:18:20.606+0530: 4035.709: [GC (Allocation Failure) [PSYoungGen: 173696K->64K(174080K)] 321868K->148260K(523776K), 0.0015512 secs] [Times: user=0.00 sys=0.00, real=0.00 secs] 
2018-03-19T13:18:20.885+0530: 4035.988: [GC (Allocation Failure) [PSYoungGen: 173632K->96K(174080K)] 321828K->148324K(523776K), 0.0014076 secs] [Times: user=0.00 sys=0.00, real=0.00 secs] 
2018-03-19T13:18:21.191+0530: 4036.293: [GC (Allocation Failure) [PSYoungGen: 173664K->96K(174080K)] 321892K->148340K(523776K), 0.0017053 secs] [Times: user=0.00 sys=0.00, real=0.00 secs] 
2018-03-19T13:18:21.490+0530: 4036.593: [GC (Allocation Failure) [PSYoungGen: 173664K->64K(174080K)] 321908K->148332K(523776K), 0.0014433 secs] [Times: user=0.00 sys=0.00, real=0.00 secs] 
2018-03-19T13:18:21.773+0530: 4036.877: [GC (Allocation Failure) [PSYoungGen: 173632K->64K(174080K)] 321900K->148356K(523776K), 0.0014891 secs] [Times: user=0.02 sys=0.00, real=0.00 secs] 
2018-03-19T13:18:22.059+0530: 4037.162: [GC (Allocation Failure) [PSYoungGen: 173632K->96K(174080K)] 321924K->148404K(523776K), 0.0014524 secs] [Times: user=0.00 sys=0.00, real=0.00 secs] 
2018-03-19T13:18:22.338+0530: 4037.440: [GC (Allocation Failure) [PSYoungGen: 173664K->96K(174080K)] 321972K->148428K(523776K), 0.0014919 secs] [Times: user=0.00 sys=0.00, real=0.00 secs] 
2018-03-19T13:18:22.624+0530: 4037.727: [GC (Allocation Failure) [PSYoungGen: 173664K->96K(174080K)] 321996K->148452K(523776K), 0.0014080 secs] [Times: user=0.00 sys=0.00, real=0.00 secs] 
2018-03-19T13:18:22.913+0530: 4038.015: [GC (Allocation Failure) [PSYoungGen: 173664K->96K(174080K)] 322020K->148476K(523776K), 0.0015896 secs] [Times: user=0.00 sys=0.00, real=0.00 secs] 
2018-03-19T13:18:23.194+0530: 4038.297: [GC (Allocation Failure) [PSYoungGen: 173664K->64K(174080K)] 322044K->148468K(523776K), 0.0015903 secs] [Times: user=0.00 sys=0.00, real=0.00 secs] 
2018-03-19T13:18:23.496+0530: 4038.599: [GC (Allocation Failure) [PSYoungGen: 173632K->96K(174080K)] 322036K->148524K(523776K), 0.0017518 secs] [Times: user=0.00 sys=0.00, real=0.00 secs] 
2018-03-19T13:18:23.802+0530: 4038.905: [GC (Allocation Failure) [PSYoungGen: 173664K->64K(174080K)] 322092K->148516K(523776K), 0.0014563 secs] [Times: user=0.00 sys=0.00, real=0.00 secs] 
2018-03-19T13:18:24.087+0530: 4039.190: [GC (Allocation Failure) [PSYoungGen: 173632K->64K(174080K)] 322084K->148540K(523776K), 0.0015448 secs] [Times: user=0.00 sys=0.00, real=0.00 secs] 
2018-03-19T13:18:24.369+0530: 4039.472: [GC (Allocation Failure) [PSYoungGen: 173632K->64K(174080K)] 322108K->148564K(523776K), 0.0014965 secs] [Times: user=0.00 sys=0.00, real=0.00 secs] 
2018-03-19T13:18:24.689+0530: 4039.792: [GC (Allocation Failure) [PSYoungGen: 173632K->96K(174080K)] 322132K->148612K(523776K), 0.0014359 secs] [Times: user=0.00 sys=0.00, real=0.00 secs] 
2018-03-19T13:18:24.963+0530: 4040.066: [GC (Allocation Failure) [PSYoungGen: 173664K->128K(174080K)] 322180K->148668K(523776K), 0.0013590 secs] [Times: user=0.00 sys=0.00, real=0.00 secs] 
2018-03-19T13:18:25.242+0530: 4040.344: [GC (Allocation Failure) [PSYoungGen: 173696K->96K(174080K)] 322236K->148668K(523776K), 0.0014401 secs] [Times: user=0.00 sys=0.00, real=0.00 secs] 
2018-03-19T13:18:25.519+0530: 4040.621: [GC (Allocation Failure) [PSYoungGen: 173664K->64K(174080K)] 322236K->148660K(523776K), 0.0014817 secs] [Times: user=0.00 sys=0.00, real=0.00 secs] 
2018-03-19T13:18:25.796+0530: 4040.898: [GC (Allocation Failure) [PSYoungGen: 173632K->96K(174080K)] 322228K->148716K(523776K), 0.0014457 secs] [Times: user=0.00 sys=0.00, real=0.00 secs] 
2018-03-19T13:18:26.082+0530: 4041.185: [GC (Allocation Failure) [PSYoungGen: 173664K->96K(174080K)] 322284K->148740K(523776K), 0.0014288 secs] [Times: user=0.00 sys=0.00, real=0.00 secs] 
2018-03-19T13:18:26.359+0530: 4041.461: [GC (Allocation Failure) [PSYoungGen: 173664K->64K(174080K)] 322308K->148732K(523776K), 0.0013519 secs] [Times: user=0.00 sys=0.00, real=0.00 secs] 
2018-03-19T13:18:26.648+0530: 4041.751: [GC (Allocation Failure) [PSYoungGen: 173632K->96K(174080K)] 322300K->148788K(523776K), 0.0013191 secs] [Times: user=0.02 sys=0.00, real=0.00 secs] 
2018-03-19T13:18:26.926+0530: 4042.028: [GC (Allocation Failure) [PSYoungGen: 173664K->64K(174080K)] 322356K->148780K(523776K), 0.0014732 secs] [Times: user=0.00 sys=0.00, real=0.00 secs] 
2018-03-19T13:18:27.205+0530: 4042.307: [GC (Allocation Failure) [PSYoungGen: 173632K->96K(174080K)] 322348K->148836K(523776K), 0.0015847 secs] [Times: user=0.00 sys=0.00, real=0.00 secs] 
2018-03-19T13:18:27.486+0530: 4042.589: [GC (Allocation Failure) [PSYoungGen: 173664K->96K(174080K)] 322404K->148860K(523776K), 0.0016196 secs] [Times: user=0.00 sys=0.00, real=0.00 secs] 
2018-03-19T13:18:27.778+0530: 4042.881: [GC (Allocation Failure) [PSYoungGen: 173664K->96K(174080K)] 322428K->148876K(523776K), 0.0016488 secs] [Times: user=0.00 sys=0.00, real=0.00 secs] 
2018-03-19T13:18:28.072+0530: 4043.174: [GC (Allocation Failure) [PSYoungGen: 173664K->32K(174080K)] 322444K->148836K(523776K), 0.0018378 secs] [Times: user=0.00 sys=0.00, real=0.00 secs] 
2018-03-19T13:18:28.358+0530: 4043.461: [GC (Allocation Failure) [PSYoungGen: 173600K->96K(174080K)] 322404K->148932K(523776K), 0.0014027 secs] [Times: user=0.00 sys=0.00, real=0.00 secs] 
2018-03-19T13:18:28.658+0530: 4043.761: [GC (Allocation Failure) [PSYoungGen: 173664K->96K(174080K)] 322500K->148956K(523776K), 0.0016019 secs] [Times: user=0.00 sys=0.00, real=0.00 secs] 
2018-03-19T13:18:28.939+0530: 4044.042: [GC (Allocation Failure) [PSYoungGen: 173664K->96K(174080K)] 322524K->148980K(523776K), 0.0014524 secs] [Times: user=0.00 sys=0.00, real=0.00 secs] 
2018-03-19T13:18:29.227+0530: 4044.330: [GC (Allocation Failure) [PSYoungGen: 173664K->96K(174080K)] 322548K->149012K(523776K), 0.0014923 secs] [Times: user=0.00 sys=0.00, real=0.00 secs] 
2018-03-19T13:18:29.532+0530: 4044.636: [GC (Allocation Failure) [PSYoungGen: 173664K->96K(174080K)] 322580K->149036K(523776K), 0.0014940 secs] [Times: user=0.00 sys=0.00, real=0.00 secs] 
2018-03-19T13:18:29.830+0530: 4044.933: [GC (Allocation Failure) [PSYoungGen: 173664K->64K(174080K)] 322604K->149028K(523776K), 0.0014429 secs] [Times: user=0.00 sys=0.00, real=0.00 secs] 
2018-03-19T13:18:30.105+0530: 4045.208: [GC (Allocation Failure) [PSYoungGen: 173632K->96K(174080K)] 322596K->149076K(523776K), 0.0015780 secs] [Times: user=0.00 sys=0.00, real=0.00 secs] 
2018-03-19T13:18:30.390+0530: 4045.493: [GC (Allocation Failure) [PSYoungGen: 173664K->64K(174080K)] 322644K->149068K(523776K), 0.0017564 secs] [Times: user=0.00 sys=0.00, real=0.00 secs] 
2018-03-19T13:18:30.685+0530: 4045.788: [GC (Allocation Failure) [PSYoungGen: 173632K->96K(174080K)] 322636K->149116K(523776K), 0.0017405 secs] [Times: user=0.00 sys=0.00, real=0.00 secs] 
2018-03-19T13:18:30.987+0530: 4046.090: [GC (Allocation Failure) [PSYoungGen: 173664K->96K(174080K)] 322684K->149132K(523776K), 0.0015550 secs] [Times: user=0.00 sys=0.00, real=0.00 secs] 
2018-03-19T13:18:31.277+0530: 4046.380: [GC (Allocation Failure) [PSYoungGen: 173664K->64K(174080K)] 322700K->149124K(523776K), 0.0014880 secs] [Times: user=0.00 sys=0.00, real=0.00 secs] 
2018-03-19T13:18:31.566+0530: 4046.669: [GC (Allocation Failure) [PSYoungGen: 173632K->96K(174080K)] 322692K->149180K(523776K), 0.0014401 secs] [Times: user=0.00 sys=0.00, real=0.00 secs] 
2018-03-19T13:18:31.883+0530: 4046.986: [GC (Allocation Failure) [PSYoungGen: 173664K->64K(174080K)] 322748K->149172K(523776K), 0.0015579 secs] [Times: user=0.02 sys=0.00, real=0.00 secs] 
2018-03-19T13:18:32.191+0530: 4047.294: [GC (Allocation Failure) [PSYoungGen: 173632K->64K(174080K)] 322740K->149188K(523776K), 0.0016844 secs] [Times: user=0.00 sys=0.00, real=0.00 secs] 
2018-03-19T13:18:32.487+0530: 4047.589: [GC (Allocation Failure) [PSYoungGen: 173632K->32K(174080K)] 322756K->149172K(523776K), 0.0017243 secs] [Times: user=0.00 sys=0.00, real=0.00 secs] 
2018-03-19T13:18:32.785+0530: 4047.888: [GC (Allocation Failure) [PSYoungGen: 173600K->96K(174080K)] 322740K->149260K(523776K), 0.0015434 secs] [Times: user=0.00 sys=0.00, real=0.00 secs] 
2018-03-19T13:18:33.089+0530: 4048.193: [GC (Allocation Failure) [PSYoungGen: 173664K->96K(174080K)] 322828K->149284K(523776K), 0.0016213 secs] [Times: user=0.00 sys=0.00, real=0.00 secs] 
2018-03-19T13:18:33.407+0530: 4048.510: [GC (Allocation Failure) [PSYoungGen: 173664K->64K(174080K)] 322852K->149268K(523776K), 0.0015949 secs] [Times: user=0.00 sys=0.00, real=0.00 secs] 
2018-03-19T13:18:33.798+0530: 4048.901: [GC (Allocation Failure) [PSYoungGen: 173632K->96K(174080K)] 322836K->149316K(523776K), 0.0015349 secs] [Times: user=0.00 sys=0.00, real=0.00 secs] 
2018-03-19T13:18:34.100+0530: 4049.203: [GC (Allocation Failure) [PSYoungGen: 173664K->96K(174080K)] 322884K->149332K(523776K), 0.0017063 secs] [Times: user=0.00 sys=0.00, real=0.00 secs] 
2018-03-19T13:18:34.401+0530: 4049.505: [GC (Allocation Failure) [PSYoungGen: 173664K->96K(174080K)] 322900K->149348K(523776K), 0.0015406 secs] [Times: user=0.00 sys=0.00, real=0.00 secs] 
2018-03-19T13:18:34.706+0530: 4049.808: [GC (Allocation Failure) [PSYoungGen: 173664K->96K(174080K)] 322916K->149364K(523776K), 0.0014503 secs] [Times: user=0.00 sys=0.00, real=0.00 secs] 
2018-03-19T13:18:34.998+0530: 4050.100: [GC (Allocation Failure) [PSYoungGen: 173664K->96K(174080K)] 322932K->149388K(523776K), 0.0017433 secs] [Times: user=0.00 sys=0.00, real=0.00 secs] 
2018-03-19T13:18:35.296+0530: 4050.399: [GC (Allocation Failure) [PSYoungGen: 173664K->96K(174080K)] 322956K->149412K(523776K), 0.0013974 secs] [Times: user=0.00 sys=0.00, real=0.00 secs] 
2018-03-19T13:18:35.587+0530: 4050.689: [GC (Allocation Failure) [PSYoungGen: 173664K->96K(174080K)] 322980K->149436K(523776K), 0.0014916 secs] [Times: user=0.00 sys=0.00, real=0.00 secs] 
2018-03-19T13:18:35.901+0530: 4051.003: [GC (Allocation Failure) [PSYoungGen: 173664K->64K(174080K)] 323004K->149420K(523776K), 0.0021862 secs] [Times: user=0.00 sys=0.00, real=0.00 secs] 
2018-03-19T13:18:36.200+0530: 4051.303: [GC (Allocation Failure) [PSYoungGen: 173632K->64K(174080K)] 322988K->149444K(523776K), 0.0015572 secs] [Times: user=0.00 sys=0.00, real=0.00 secs] 
2018-03-19T13:18:36.496+0530: 4051.599: [GC (Allocation Failure) [PSYoungGen: 173632K->96K(174080K)] 323012K->149492K(523776K), 0.0014644 secs] [Times: user=0.00 sys=0.00, real=0.00 secs] 
2018-03-19T13:18:36.783+0530: 4051.886: [GC (Allocation Failure) [PSYoungGen: 173664K->96K(174080K)] 323060K->149508K(523776K), 0.0015247 secs] [Times: user=0.00 sys=0.00, real=0.00 secs] 
2018-03-19T13:18:37.060+0530: 4052.164: [GC (Allocation Failure) [PSYoungGen: 173664K->96K(174080K)] 323076K->149532K(523776K), 0.0016245 secs] [Times: user=0.00 sys=0.00, real=0.00 secs] 
2018-03-19T13:18:37.347+0530: 4052.449: [GC (Allocation Failure) [PSYoungGen: 173664K->128K(174080K)] 323100K->149580K(523776K), 0.0014813 secs] [Times: user=0.00 sys=0.00, real=0.00 secs] 
2018-03-19T13:18:37.633+0530: 4052.736: [GC (Allocation Failure) [PSYoungGen: 173696K->96K(174080K)] 323148K->149572K(523776K), 0.0015226 secs] [Times: user=0.02 sys=0.00, real=0.00 secs] 
2018-03-19T13:18:37.918+0530: 4053.020: [GC (Allocation Failure) [PSYoungGen: 173664K->64K(174080K)] 323140K->149564K(523776K), 0.0015903 secs] [Times: user=0.00 sys=0.00, real=0.00 secs] 
2018-03-19T13:18:38.200+0530: 4053.302: [GC (Allocation Failure) [PSYoungGen: 173632K->96K(174080K)] 323132K->149620K(523776K), 0.0014933 secs] [Times: user=0.00 sys=0.00, real=0.00 secs] 
2018-03-19T13:18:38.485+0530: 4053.588: [GC (Allocation Failure) [PSYoungGen: 173664K->128K(174080K)] 323188K->149676K(523776K), 0.0016605 secs] [Times: user=0.00 sys=0.00, real=0.00 secs] 
2018-03-19T13:18:38.779+0530: 4053.881: [GC (Allocation Failure) [PSYoungGen: 173696K->96K(174080K)] 323244K->149660K(523776K), 0.0013410 secs] [Times: user=0.00 sys=0.00, real=0.00 secs] 
2018-03-19T13:18:39.053+0530: 4054.155: [GC (Allocation Failure) [PSYoungGen: 173664K->96K(174080K)] 323228K->149684K(523776K), 0.0015286 secs] [Times: user=0.00 sys=0.00, real=0.00 secs] 
2018-03-19T13:18:39.333+0530: 4054.436: [GC (Allocation Failure) [PSYoungGen: 173664K->96K(174080K)] 323252K->149708K(523776K), 0.0013921 secs] [Times: user=0.00 sys=0.00, real=0.00 secs] 
2018-03-19T13:18:39.620+0530: 4054.723: [GC (Allocation Failure) [PSYoungGen: 173664K->96K(174080K)] 323276K->149724K(523776K), 0.0014528 secs] [Times: user=0.00 sys=0.00, real=0.00 secs] 
2018-03-19T13:18:39.925+0530: 4055.028: [GC (Allocation Failure) [PSYoungGen: 173664K->96K(174080K)] 323292K->149748K(523776K), 0.0014718 secs] [Times: user=0.00 sys=0.00, real=0.00 secs] 
2018-03-19T13:18:40.220+0530: 4055.323: [GC (Allocation Failure) [PSYoungGen: 173664K->96K(174080K)] 323316K->149772K(523776K), 0.0015804 secs] [Times: user=0.00 sys=0.00, real=0.00 secs] 
2018-03-19T13:18:40.522+0530: 4055.625: [GC (Allocation Failure) [PSYoungGen: 173664K->96K(174080K)] 323340K->149788K(523776K), 0.0014880 secs] [Times: user=0.00 sys=0.00, real=0.00 secs] 
2018-03-19T13:18:40.807+0530: 4055.910: [GC (Allocation Failure) [PSYoungGen: 173664K->96K(174080K)] 323356K->149812K(523776K), 0.0014320 secs] [Times: user=0.00 sys=0.00, real=0.00 secs] 
2018-03-19T13:18:41.106+0530: 4056.209: [GC (Allocation Failure) [PSYoungGen: 173664K->96K(174080K)] 323380K->149828K(523776K), 0.0015406 secs] [Times: user=0.00 sys=0.00, real=0.00 secs] 
2018-03-19T13:18:41.409+0530: 4056.511: [GC (Allocation Failure) [PSYoungGen: 173664K->64K(174080K)] 323396K->149820K(523776K), 0.0014768 secs] [Times: user=0.00 sys=0.00, real=0.00 secs] 
2018-03-19T13:18:41.707+0530: 4056.810: [GC (Allocation Failure) [PSYoungGen: 173632K->96K(174080K)] 323388K->149884K(523776K), 0.0015339 secs] [Times: user=0.00 sys=0.00, real=0.00 secs] 
2018-03-19T13:18:42.000+0530: 4057.103: [GC (Allocation Failure) [PSYoungGen: 173664K->96K(174080K)] 323452K->149908K(523776K), 0.0014835 secs] [Times: user=0.00 sys=0.00, real=0.00 secs] 
2018-03-19T13:18:42.280+0530: 4057.382: [GC (Allocation Failure) [PSYoungGen: 173664K->96K(174080K)] 323476K->149932K(523776K), 0.0016167 secs] [Times: user=0.00 sys=0.00, real=0.00 secs] 
2018-03-19T13:18:42.562+0530: 4057.664: [GC (Allocation Failure) [PSYoungGen: 173664K->96K(174080K)] 323500K->149948K(523776K), 0.0013502 secs] [Times: user=0.00 sys=0.00, real=0.00 secs] 
2018-03-19T13:18:42.845+0530: 4057.948: [GC (Allocation Failure) [PSYoungGen: 173664K->96K(174080K)] 323516K->149972K(523776K), 0.0014831 secs] [Times: user=0.00 sys=0.00, real=0.00 secs] 
2018-03-19T13:18:43.122+0530: 4058.226: [GC (Allocation Failure) [PSYoungGen: 173664K->96K(174080K)] 323540K->149996K(523776K), 0.0013918 secs] [Times: user=0.00 sys=0.00, real=0.00 secs] 
2018-03-19T13:18:43.422+0530: 4058.525: [GC (Allocation Failure) [PSYoungGen: 173664K->96K(174080K)] 323564K->150012K(523776K), 0.0015127 secs] [Times: user=0.00 sys=0.00, real=0.00 secs] 
2018-03-19T13:18:43.712+0530: 4058.815: [GC (Allocation Failure) [PSYoungGen: 173664K->96K(174080K)] 323580K->150036K(523776K), 0.0014151 secs] [Times: user=0.00 sys=0.00, real=0.00 secs] 
2018-03-19T13:18:44.006+0530: 4059.108: [GC (Allocation Failure) [PSYoungGen: 173664K->128K(174080K)] 323604K->150084K(523776K), 0.0016852 secs] [Times: user=0.00 sys=0.00, real=0.00 secs] 
2018-03-19T13:18:44.310+0530: 4059.413: [GC (Allocation Failure) [PSYoungGen: 173696K->64K(174080K)] 323652K->150044K(523776K), 0.0018936 secs] [Times: user=0.00 sys=0.00, real=0.00 secs] 
2018-03-19T13:18:44.613+0530: 4059.715: [GC (Allocation Failure) [PSYoungGen: 173632K->64K(174080K)] 323612K->150068K(523776K), 0.0015907 secs] [Times: user=0.00 sys=0.00, real=0.00 secs] 
2018-03-19T13:18:44.908+0530: 4060.010: [GC (Allocation Failure) [PSYoungGen: 173632K->96K(174080K)] 323636K->150132K(523776K), 0.0015519 secs] [Times: user=0.00 sys=0.00, real=0.00 secs] 
2018-03-19T13:18:45.211+0530: 4060.314: [GC (Allocation Failure) [PSYoungGen: 173664K->64K(174080K)] 323700K->150124K(523776K), 0.0014031 secs] [Times: user=0.02 sys=0.00, real=0.00 secs] 
2018-03-19T13:18:45.507+0530: 4060.610: [GC (Allocation Failure) [PSYoungGen: 173632K->96K(174080K)] 323692K->150172K(523776K), 0.0014376 secs] [Times: user=0.00 sys=0.00, real=0.00 secs] 
2018-03-19T13:18:45.802+0530: 4060.904: [GC (Allocation Failure) [PSYoungGen: 173664K->64K(174080K)] 323740K->150164K(523776K), 0.0015540 secs] [Times: user=0.00 sys=0.00, real=0.00 secs] 
2018-03-19T13:18:46.090+0530: 4061.193: [GC (Allocation Failure) [PSYoungGen: 173632K->96K(174080K)] 323732K->150220K(523776K), 0.0013879 secs] [Times: user=0.00 sys=0.00, real=0.00 secs] 
2018-03-19T13:18:46.404+0530: 4061.507: [GC (Allocation Failure) [PSYoungGen: 173664K->64K(174080K)] 323788K->150212K(523776K), 0.0015029 secs] [Times: user=0.00 sys=0.00, real=0.00 secs] 
2018-03-19T13:18:46.705+0530: 4061.807: [GC (Allocation Failure) [PSYoungGen: 173632K->32K(174080K)] 323780K->150204K(523776K), 0.0016421 secs] [Times: user=0.00 sys=0.00, real=0.00 secs] 
2018-03-19T13:18:47.002+0530: 4062.105: [GC (Allocation Failure) [PSYoungGen: 173600K->96K(174080K)] 323772K->150292K(523776K), 0.0016809 secs] [Times: user=0.00 sys=0.00, real=0.00 secs] 
2018-03-19T13:18:47.297+0530: 4062.400: [GC (Allocation Failure) [PSYoungGen: 173664K->96K(174080K)] 323860K->150316K(523776K), 0.0014623 secs] [Times: user=0.00 sys=0.00, real=0.00 secs] 
2018-03-19T13:18:47.609+0530: 4062.712: [GC (Allocation Failure) [PSYoungGen: 173664K->96K(174080K)] 323884K->150340K(523776K), 0.0014193 secs] [Times: user=0.00 sys=0.00, real=0.00 secs] 
2018-03-19T13:18:47.911+0530: 4063.014: [GC (Allocation Failure) [PSYoungGen: 173664K->96K(174080K)] 323908K->150364K(523776K), 0.0015032 secs] [Times: user=0.00 sys=0.00, real=0.00 secs] 
2018-03-19T13:18:48.241+0530: 4063.344: [GC (Allocation Failure) [PSYoungGen: 173664K->64K(174080K)] 323932K->150356K(523776K), 0.0014845 secs] [Times: user=0.00 sys=0.00, real=0.00 secs] 
2018-03-19T13:18:48.548+0530: 4063.651: [GC (Allocation Failure) [PSYoungGen: 173632K->96K(174080K)] 323924K->150412K(523776K), 0.0017853 secs] [Times: user=0.00 sys=0.00, real=0.00 secs] 
2018-03-19T13:18:48.875+0530: 4063.978: [GC (Allocation Failure) [PSYoungGen: 173664K->96K(174080K)] 323980K->150436K(523776K), 0.0015483 secs] [Times: user=0.00 sys=0.00, real=0.00 secs] 
2018-03-19T13:18:49.180+0530: 4064.283: [GC (Allocation Failure) [PSYoungGen: 173664K->96K(174080K)] 324004K->150452K(523776K), 0.0016005 secs] [Times: user=0.00 sys=0.00, real=0.00 secs] 
2018-03-19T13:18:49.484+0530: 4064.587: [GC (Allocation Failure) [PSYoungGen: 173664K->96K(174080K)] 324020K->150476K(523776K), 0.0015103 secs] [Times: user=0.00 sys=0.00, real=0.00 secs] 
2018-03-19T13:18:49.781+0530: 4064.884: [GC (Allocation Failure) [PSYoungGen: 173664K->96K(174080K)] 324044K->150500K(523776K), 0.0014676 secs] [Times: user=0.00 sys=0.00, real=0.00 secs] 
2018-03-19T13:18:50.089+0530: 4065.191: [GC (Allocation Failure) [PSYoungGen: 173664K->96K(174080K)] 324068K->150516K(523776K), 0.0015413 secs] [Times: user=0.00 sys=0.00, real=0.00 secs] 
2018-03-19T13:18:50.401+0530: 4065.504: [GC (Allocation Failure) [PSYoungGen: 173664K->64K(174080K)] 324084K->150516K(523776K), 0.0017204 secs] [Times: user=0.00 sys=0.00, real=0.00 secs] 
2018-03-19T13:18:50.715+0530: 4065.819: [GC (Allocation Failure) [PSYoungGen: 173632K->64K(174080K)] 324084K->150540K(523776K), 0.0014986 secs] [Times: user=0.00 sys=0.00, real=0.00 secs] 
2018-03-19T13:18:51.012+0530: 4066.115: [GC (Allocation Failure) [PSYoungGen: 173632K->96K(174080K)] 324108K->150604K(523776K), 0.0015744 secs] [Times: user=0.00 sys=0.00, real=0.00 secs] 
2018-03-19T13:18:51.311+0530: 4066.415: [GC (Allocation Failure) [PSYoungGen: 173664K->96K(174080K)] 324172K->150628K(523776K), 0.0014267 secs] [Times: user=0.00 sys=0.00, real=0.00 secs] 
2018-03-19T13:18:51.606+0530: 4066.709: [GC (Allocation Failure) [PSYoungGen: 173664K->96K(174080K)] 324196K->150652K(523776K), 0.0013657 secs] [Times: user=0.00 sys=0.00, real=0.00 secs] 
2018-03-19T13:18:51.946+0530: 4067.048: [GC (Allocation Failure) [PSYoungGen: 173664K->96K(174080K)] 324220K->150668K(523776K), 0.0015339 secs] [Times: user=0.02 sys=0.00, real=0.00 secs] 
2018-03-19T13:18:52.238+0530: 4067.341: [GC (Allocation Failure) [PSYoungGen: 173664K->96K(174080K)] 324236K->150692K(523776K), 0.0014454 secs] [Times: user=0.00 sys=0.00, real=0.00 secs] 
2018-03-19T13:18:52.535+0530: 4067.638: [GC (Allocation Failure) [PSYoungGen: 173664K->64K(174080K)] 324260K->150684K(523776K), 0.0015751 secs] [Times: user=0.00 sys=0.00, real=0.00 secs] 
2018-03-19T13:18:52.838+0530: 4067.942: [GC (Allocation Failure) [PSYoungGen: 173632K->64K(174080K)] 324252K->150700K(523776K), 0.0018999 secs] [Times: user=0.00 sys=0.00, real=0.00 secs] 
2018-03-19T13:18:53.142+0530: 4068.246: [GC (Allocation Failure) [PSYoungGen: 173632K->64K(174080K)] 324268K->150724K(523776K), 0.0016055 secs] [Times: user=0.00 sys=0.00, real=0.00 secs] 
2018-03-19T13:18:53.457+0530: 4068.560: [GC (Allocation Failure) [PSYoungGen: 173632K->96K(174080K)] 324292K->150772K(523776K), 0.0017211 secs] [Times: user=0.00 sys=0.00, real=0.00 secs] 
2018-03-19T13:18:53.757+0530: 4068.860: [GC (Allocation Failure) [PSYoungGen: 173664K->96K(174080K)] 324340K->150796K(523776K), 0.0016358 secs] [Times: user=0.00 sys=0.00, real=0.00 secs] 
2018-03-19T13:18:54.075+0530: 4069.178: [GC (Allocation Failure) [PSYoungGen: 173664K->64K(174080K)] 324364K->150788K(523776K), 0.0019697 secs] [Times: user=0.00 sys=0.00, real=0.00 secs] 
2018-03-19T13:18:54.391+0530: 4069.493: [GC (Allocation Failure) [PSYoungGen: 173632K->64K(174080K)] 324356K->150804K(523776K), 0.0031887 secs] [Times: user=0.00 sys=0.00, real=0.00 secs] 
2018-03-19T13:18:54.692+0530: 4069.794: [GC (Allocation Failure) [PSYoungGen: 173632K->96K(174080K)] 324372K->150860K(523776K), 0.0016742 secs] [Times: user=0.00 sys=0.00, real=0.00 secs] 
2018-03-19T13:18:54.971+0530: 4070.074: [GC (Allocation Failure) [PSYoungGen: 173664K->96K(174080K)] 324428K->150884K(523776K), 0.0014736 secs] [Times: user=0.00 sys=0.00, real=0.00 secs] 
2018-03-19T13:18:55.247+0530: 4070.351: [GC (Allocation Failure) [PSYoungGen: 173664K->96K(174080K)] 324452K->150916K(523776K), 0.0014334 secs] [Times: user=0.00 sys=0.00, real=0.00 secs] 
2018-03-19T13:18:55.530+0530: 4070.632: [GC (Allocation Failure) [PSYoungGen: 173664K->64K(174080K)] 324484K->150908K(523776K), 0.0014098 secs] [Times: user=0.00 sys=0.00, real=0.00 secs] 
2018-03-19T13:18:55.828+0530: 4070.931: [GC (Allocation Failure) [PSYoungGen: 173632K->96K(174080K)] 324476K->150964K(523776K), 0.0014246 secs] [Times: user=0.00 sys=0.00, real=0.00 secs] 
2018-03-19T13:18:56.129+0530: 4071.232: [GC (Allocation Failure) [PSYoungGen: 173664K->96K(174080K)] 324532K->150980K(523776K), 0.0015392 secs] [Times: user=0.00 sys=0.00, real=0.00 secs] 
2018-03-19T13:18:56.437+0530: 4071.540: [GC (Allocation Failure) [PSYoungGen: 173664K->96K(174080K)] 324548K->150996K(523776K), 0.0015148 secs] [Times: user=0.00 sys=0.00, real=0.00 secs] 
2018-03-19T13:18:56.733+0530: 4071.836: [GC (Allocation Failure) [PSYoungGen: 173664K->64K(174080K)] 324564K->150988K(523776K), 0.0016266 secs] [Times: user=0.00 sys=0.00, real=0.00 secs] 
2018-03-19T13:18:57.019+0530: 4072.122: [GC (Allocation Failure) [PSYoungGen: 173632K->64K(174080K)] 324556K->151012K(523776K), 0.0015959 secs] [Times: user=0.00 sys=0.00, real=0.00 secs] 
2018-03-19T13:18:57.321+0530: 4072.423: [GC (Allocation Failure) [PSYoungGen: 173632K->64K(174080K)] 324580K->151036K(523776K), 0.0015543 secs] [Times: user=0.02 sys=0.00, real=0.00 secs] 
2018-03-19T13:18:57.612+0530: 4072.714: [GC (Allocation Failure) [PSYoungGen: 173632K->96K(174080K)] 324604K->151092K(523776K), 0.0014877 secs] [Times: user=0.00 sys=0.00, real=0.00 secs] 
2018-03-19T13:18:57.896+0530: 4072.998: [GC (Allocation Failure) [PSYoungGen: 173664K->96K(174080K)] 324660K->151108K(523776K), 0.0015921 secs] [Times: user=0.00 sys=0.00, real=0.00 secs] 
2018-03-19T13:18:58.189+0530: 4073.292: [GC (Allocation Failure) [PSYoungGen: 173664K->96K(174080K)] 324676K->151132K(523776K), 0.0016492 secs] [Times: user=0.00 sys=0.00, real=0.00 secs] 
2018-03-19T13:18:58.496+0530: 4073.599: [GC (Allocation Failure) [PSYoungGen: 173664K->96K(174080K)] 324700K->151156K(523776K), 0.0016234 secs] [Times: user=0.00 sys=0.00, real=0.00 secs] 
2018-03-19T13:18:58.797+0530: 4073.900: [GC (Allocation Failure) [PSYoungGen: 173664K->96K(174080K)] 324724K->151180K(523776K), 0.0015088 secs] [Times: user=0.00 sys=0.00, real=0.00 secs] 
2018-03-19T13:18:59.086+0530: 4074.188: [GC (Allocation Failure) [PSYoungGen: 173664K->64K(174080K)] 324748K->151180K(523776K), 0.0016661 secs] [Times: user=0.00 sys=0.00, real=0.00 secs] 
2018-03-19T13:18:59.366+0530: 4074.469: [GC (Allocation Failure) [PSYoungGen: 173632K->96K(174080K)] 324748K->151236K(523776K), 0.0013734 secs] [Times: user=0.00 sys=0.00, real=0.00 secs] 
2018-03-19T13:18:59.656+0530: 4074.760: [GC (Allocation Failure) [PSYoungGen: 173664K->96K(174080K)] 324804K->151260K(523776K), 0.0015780 secs] [Times: user=0.00 sys=0.00, real=0.00 secs] 
2018-03-19T13:18:59.975+0530: 4075.078: [GC (Allocation Failure) [PSYoungGen: 173664K->96K(174080K)] 324828K->151284K(523776K), 0.0015127 secs] [Times: user=0.00 sys=0.00, real=0.00 secs] 
2018-03-19T13:19:00.287+0530: 4075.389: [GC (Allocation Failure) [PSYoungGen: 173664K->64K(174080K)] 324852K->151268K(523776K), 0.0016333 secs] [Times: user=0.00 sys=0.00, real=0.00 secs] 
2018-03-19T13:19:00.588+0530: 4075.692: [GC (Allocation Failure) [PSYoungGen: 173632K->96K(174080K)] 324836K->151324K(523776K), 0.0014701 secs] [Times: user=0.00 sys=0.00, real=0.00 secs] 
2018-03-19T13:19:00.873+0530: 4075.976: [GC (Allocation Failure) [PSYoungGen: 173664K->96K(174080K)] 324892K->151348K(523776K), 0.0014648 secs] [Times: user=0.00 sys=0.00, real=0.00 secs] 
2018-03-19T13:19:01.162+0530: 4076.265: [GC (Allocation Failure) [PSYoungGen: 173664K->96K(174080K)] 324916K->151372K(523776K), 0.0014662 secs] [Times: user=0.00 sys=0.00, real=0.00 secs] 
2018-03-19T13:19:01.457+0530: 4076.560: [GC (Allocation Failure) [PSYoungGen: 173664K->96K(174080K)] 324940K->151396K(523776K), 0.0014151 secs] [Times: user=0.00 sys=0.00, real=0.00 secs] 
2018-03-19T13:19:01.741+0530: 4076.844: [GC (Allocation Failure) [PSYoungGen: 173664K->96K(174080K)] 324964K->151428K(523776K), 0.0014048 secs] [Times: user=0.00 sys=0.00, real=0.00 secs] 
2018-03-19T13:19:02.022+0530: 4077.125: [GC (Allocation Failure) [PSYoungGen: 173664K->96K(174080K)] 324996K->151444K(523776K), 0.0015691 secs] [Times: user=0.00 sys=0.00, real=0.00 secs] 
2018-03-19T13:19:02.304+0530: 4077.407: [GC (Allocation Failure) [PSYoungGen: 173664K->64K(174080K)] 325012K->151436K(523776K), 0.0015910 secs] [Times: user=0.00 sys=0.00, real=0.00 secs] 
2018-03-19T13:19:02.584+0530: 4077.687: [GC (Allocation Failure) [PSYoungGen: 173632K->96K(174080K)] 325004K->151492K(523776K), 0.0015194 secs] [Times: user=0.00 sys=0.00, real=0.00 secs] 
2018-03-19T13:19:02.863+0530: 4077.966: [GC (Allocation Failure) [PSYoungGen: 173664K->96K(174080K)] 325060K->151516K(523776K), 0.0013551 secs] [Times: user=0.00 sys=0.00, real=0.00 secs] 
2018-03-19T13:19:03.142+0530: 4078.245: [GC (Allocation Failure) [PSYoungGen: 173664K->96K(174080K)] 325084K->151540K(523776K), 0.0014235 secs] [Times: user=0.00 sys=0.00, real=0.00 secs] 
2018-03-19T13:19:03.447+0530: 4078.549: [GC (Allocation Failure) [PSYoungGen: 173664K->96K(174080K)] 325108K->151564K(523776K), 0.0016182 secs] [Times: user=0.00 sys=0.00, real=0.00 secs] 
2018-03-19T13:19:03.744+0530: 4078.847: [GC (Allocation Failure) [PSYoungGen: 173664K->96K(174080K)] 325132K->151588K(523776K), 0.0013907 secs] [Times: user=0.00 sys=0.00, real=0.00 secs] 
2018-03-19T13:19:04.073+0530: 4079.176: [GC (Allocation Failure) [PSYoungGen: 173664K->96K(174080K)] 325156K->151620K(523776K), 0.0015825 secs] [Times: user=0.00 sys=0.00, real=0.00 secs] 
2018-03-19T13:19:04.368+0530: 4079.471: [GC (Allocation Failure) [PSYoungGen: 173664K->96K(174080K)] 325188K->151636K(523776K), 0.0015088 secs] [Times: user=0.00 sys=0.00, real=0.00 secs] 
2018-03-19T13:19:04.657+0530: 4079.759: [GC (Allocation Failure) [PSYoungGen: 173664K->96K(174080K)] 325204K->151660K(523776K), 0.0014778 secs] [Times: user=0.00 sys=0.00, real=0.00 secs] 
2018-03-19T13:19:04.935+0530: 4080.038: [GC (Allocation Failure) [PSYoungGen: 173664K->32K(174080K)] 325228K->151612K(523776K), 0.0016305 secs] [Times: user=0.00 sys=0.00, real=0.00 secs] 
2018-03-19T13:19:05.212+0530: 4080.314: [GC (Allocation Failure) [PSYoungGen: 173600K->96K(174080K)] 325180K->151700K(523776K), 0.0013854 secs] [Times: user=0.00 sys=0.00, real=0.00 secs] 
2018-03-19T13:19:05.502+0530: 4080.605: [GC (Allocation Failure) [PSYoungGen: 173664K->64K(174080K)] 325268K->151692K(523776K), 0.0014997 secs] [Times: user=0.00 sys=0.00, real=0.00 secs] 
2018-03-19T13:19:05.779+0530: 4080.882: [GC (Allocation Failure) [PSYoungGen: 173632K->96K(174080K)] 325260K->151740K(523776K), 0.0014284 secs] [Times: user=0.00 sys=0.00, real=0.00 secs] 
2018-03-19T13:19:06.062+0530: 4081.165: [GC (Allocation Failure) [PSYoungGen: 173664K->64K(174080K)] 325308K->151724K(523776K), 0.0017567 secs] [Times: user=0.00 sys=0.00, real=0.00 secs] 
2018-03-19T13:19:06.369+0530: 4081.472: [GC (Allocation Failure) [PSYoungGen: 173632K->96K(174080K)] 325292K->151780K(523776K), 0.0015177 secs] [Times: user=0.00 sys=0.00, real=0.00 secs] 
2018-03-19T13:19:06.673+0530: 4081.776: [GC (Allocation Failure) [PSYoungGen: 173664K->64K(174080K)] 325348K->151772K(523776K), 0.0015096 secs] [Times: user=0.00 sys=0.00, real=0.00 secs] 
2018-03-19T13:19:06.971+0530: 4082.074: [GC (Allocation Failure) [PSYoungGen: 173632K->96K(174080K)] 325340K->151828K(523776K), 0.0015074 secs] [Times: user=0.00 sys=0.00, real=0.00 secs] 
2018-03-19T13:19:07.264+0530: 4082.367: [GC (Allocation Failure) [PSYoungGen: 173664K->96K(174080K)] 325396K->151852K(523776K), 0.0016196 secs] [Times: user=0.00 sys=0.00, real=0.00 secs] 
2018-03-19T13:19:07.562+0530: 4082.666: [GC (Allocation Failure) [PSYoungGen: 173664K->96K(174080K)] 325420K->151876K(523776K), 0.0015367 secs] [Times: user=0.00 sys=0.00, real=0.00 secs] 
2018-03-19T13:19:07.877+0530: 4082.980: [GC (Allocation Failure) [PSYoungGen: 173664K->128K(174080K)] 325444K->151932K(523776K), 0.0016132 secs] [Times: user=0.00 sys=0.00, real=0.00 secs] 
2018-03-19T13:19:08.172+0530: 4083.274: [GC (Allocation Failure) [PSYoungGen: 173696K->128K(174080K)] 325500K->151948K(523776K), 0.0015808 secs] [Times: user=0.00 sys=0.00, real=0.00 secs] 
2018-03-19T13:19:08.465+0530: 4083.567: [GC (Allocation Failure) [PSYoungGen: 173696K->96K(174080K)] 325516K->151940K(523776K), 0.0015607 secs] [Times: user=0.00 sys=0.00, real=0.00 secs] 
2018-03-19T13:19:08.756+0530: 4083.859: [GC (Allocation Failure) [PSYoungGen: 173664K->96K(174080K)] 325508K->151956K(523776K), 0.0014253 secs] [Times: user=0.00 sys=0.00, real=0.00 secs] 
2018-03-19T13:19:09.046+0530: 4084.150: [GC (Allocation Failure) [PSYoungGen: 173664K->96K(174080K)] 325524K->151972K(523776K), 0.0013805 secs] [Times: user=0.00 sys=0.00, real=0.00 secs] 
2018-03-19T13:19:09.324+0530: 4084.427: [GC (Allocation Failure) [PSYoungGen: 173664K->96K(174080K)] 325540K->151996K(523776K), 0.0015297 secs] [Times: user=0.00 sys=0.00, real=0.00 secs] 
2018-03-19T13:19:09.634+0530: 4084.737: [GC (Allocation Failure) [PSYoungGen: 173664K->96K(174080K)] 325564K->152020K(523776K), 0.0014313 secs] [Times: user=0.00 sys=0.00, real=0.00 secs] 
2018-03-19T13:19:09.921+0530: 4085.024: [GC (Allocation Failure) [PSYoungGen: 173664K->96K(174080K)] 325588K->152044K(523776K), 0.0015000 secs] [Times: user=0.00 sys=0.00, real=0.00 secs] 
2018-03-19T13:19:10.198+0530: 4085.300: [GC (Allocation Failure) [PSYoungGen: 173664K->96K(174080K)] 325612K->152068K(523776K), 0.0016852 secs] [Times: user=0.00 sys=0.00, real=0.00 secs] 
2018-03-19T13:19:10.489+0530: 4085.592: [GC (Allocation Failure) [PSYoungGen: 173664K->128K(174080K)] 325636K->152124K(523776K), 0.0015561 secs] [Times: user=0.00 sys=0.00, real=0.00 secs] 
2018-03-19T13:19:10.792+0530: 4085.895: [GC (Allocation Failure) [PSYoungGen: 173696K->64K(174080K)] 325692K->152084K(523776K), 0.0014503 secs] [Times: user=0.00 sys=0.00, real=0.00 secs] 
2018-03-19T13:19:11.072+0530: 4086.174: [GC (Allocation Failure) [PSYoungGen: 173632K->64K(174080K)] 325652K->152108K(523776K), 0.0014856 secs] [Times: user=0.00 sys=0.00, real=0.00 secs] 
2018-03-19T13:19:11.350+0530: 4086.453: [GC (Allocation Failure) [PSYoungGen: 173632K->96K(174080K)] 325676K->152156K(523776K), 0.0016111 secs] [Times: user=0.00 sys=0.00, real=0.00 secs] 
2018-03-19T13:19:11.642+0530: 4086.745: [GC (Allocation Failure) [PSYoungGen: 173664K->96K(174080K)] 325724K->152188K(523776K), 0.0015497 secs] [Times: user=0.00 sys=0.00, real=0.00 secs] 
2018-03-19T13:19:11.942+0530: 4087.046: [GC (Allocation Failure) [PSYoungGen: 173664K->96K(174080K)] 325756K->152212K(523776K), 0.0014478 secs] [Times: user=0.00 sys=0.00, real=0.00 secs] 
2018-03-19T13:19:12.220+0530: 4087.322: [GC (Allocation Failure) [PSYoungGen: 173664K->64K(174080K)] 325780K->152204K(523776K), 0.0014732 secs] [Times: user=0.00 sys=0.00, real=0.00 secs] 
2018-03-19T13:19:12.503+0530: 4087.606: [GC (Allocation Failure) [PSYoungGen: 173632K->64K(174080K)] 325772K->152228K(523776K), 0.0015268 secs] [Times: user=0.00 sys=0.00, real=0.00 secs] 
2018-03-19T13:19:12.776+0530: 4087.879: [GC (Allocation Failure) [PSYoungGen: 173632K->96K(174080K)] 325796K->152284K(523776K), 0.0015656 secs] [Times: user=0.00 sys=0.00, real=0.00 secs] 
2018-03-19T13:19:13.057+0530: 4088.160: [GC (Allocation Failure) [PSYoungGen: 173664K->96K(174080K)] 325852K->152308K(523776K), 0.0015420 secs] [Times: user=0.00 sys=0.00, real=0.00 secs] 
2018-03-19T13:19:13.335+0530: 4088.437: [GC (Allocation Failure) [PSYoungGen: 173664K->128K(174080K)] 325876K->152356K(523776K), 0.0014457 secs] [Times: user=0.00 sys=0.00, real=0.00 secs] 
2018-03-19T13:19:13.645+0530: 4088.748: [GC (Allocation Failure) [PSYoungGen: 173696K->64K(174080K)] 325924K->152316K(523776K), 0.0014052 secs] [Times: user=0.00 sys=0.00, real=0.00 secs] 
2018-03-19T13:19:13.931+0530: 4089.033: [GC (Allocation Failure) [PSYoungGen: 173632K->96K(174080K)] 325884K->152372K(523776K), 0.0013738 secs] [Times: user=0.00 sys=0.00, real=0.00 secs] 
2018-03-19T13:19:14.210+0530: 4089.313: [GC (Allocation Failure) [PSYoungGen: 173664K->64K(174080K)] 325940K->152364K(523776K), 0.0015244 secs] [Times: user=0.00 sys=0.00, real=0.00 secs] 
2018-03-19T13:19:14.496+0530: 4089.599: [GC (Allocation Failure) [PSYoungGen: 173632K->64K(174080K)] 325932K->152380K(523776K), 0.0014330 secs] [Times: user=0.00 sys=0.00, real=0.00 secs] 
2018-03-19T13:19:14.891+0530: 4089.994: [GC (Allocation Failure) [PSYoungGen: 173632K->96K(174080K)] 325948K->152436K(523776K), 0.0015173 secs] [Times: user=0.00 sys=0.00, real=0.00 secs] 
2018-03-19T13:19:15.180+0530: 4090.283: [GC (Allocation Failure) [PSYoungGen: 173664K->96K(174080K)] 326004K->152460K(523776K), 0.0014140 secs] [Times: user=0.00 sys=0.00, real=0.00 secs] 
2018-03-19T13:19:15.483+0530: 4090.585: [GC (Allocation Failure) [PSYoungGen: 173664K->96K(174080K)] 326028K->152484K(523776K), 0.0014588 secs] [Times: user=0.00 sys=0.00, real=0.00 secs] 
2018-03-19T13:19:15.778+0530: 4090.881: [GC (Allocation Failure) [PSYoungGen: 173664K->64K(174080K)] 326052K->152468K(523776K), 0.0017335 secs] [Times: user=0.00 sys=0.00, real=0.00 secs] 
2018-03-19T13:19:16.088+0530: 4091.191: [GC (Allocation Failure) [PSYoungGen: 173632K->96K(174080K)] 326036K->152524K(523776K), 0.0014665 secs] [Times: user=0.00 sys=0.00, real=0.00 secs] 
2018-03-19T13:19:16.395+0530: 4091.499: [GC (Allocation Failure) [PSYoungGen: 173664K->64K(174080K)] 326092K->152508K(523776K), 0.0025180 secs] [Times: user=0.00 sys=0.00, real=0.00 secs] 
2018-03-19T13:19:16.709+0530: 4091.811: [GC (Allocation Failure) [PSYoungGen: 173632K->96K(174080K)] 326076K->152564K(523776K), 0.0015427 secs] [Times: user=0.00 sys=0.00, real=0.00 secs] 
2018-03-19T13:19:17.004+0530: 4092.107: [GC (Allocation Failure) [PSYoungGen: 173664K->96K(174080K)] 326132K->152580K(523776K), 0.0016192 secs] [Times: user=0.00 sys=0.00, real=0.00 secs] 
2018-03-19T13:19:17.303+0530: 4092.405: [GC (Allocation Failure) [PSYoungGen: 173664K->64K(174080K)] 326148K->152564K(523776K), 0.0019189 secs] [Times: user=0.00 sys=0.00, real=0.00 secs] 
2018-03-19T13:19:17.616+0530: 4092.719: [GC (Allocation Failure) [PSYoungGen: 173632K->96K(174080K)] 326132K->152620K(523776K), 0.0016033 secs] [Times: user=0.00 sys=0.00, real=0.00 secs] 
2018-03-19T13:19:17.910+0530: 4093.014: [GC (Allocation Failure) [PSYoungGen: 173664K->96K(174080K)] 326188K->152644K(523776K), 0.0013456 secs] [Times: user=0.00 sys=0.00, real=0.00 secs] 
2018-03-19T13:19:18.189+0530: 4093.291: [GC (Allocation Failure) [PSYoungGen: 173664K->96K(174080K)] 326212K->152668K(523776K), 0.0014665 secs] [Times: user=0.00 sys=0.00, real=0.00 secs] 
2018-03-19T13:19:18.479+0530: 4093.581: [GC (Allocation Failure) [PSYoungGen: 173664K->96K(174080K)] 326236K->152692K(523776K), 0.0015318 secs] [Times: user=0.00 sys=0.00, real=0.00 secs] 
2018-03-19T13:19:18.760+0530: 4093.863: [GC (Allocation Failure) [PSYoungGen: 173664K->96K(174080K)] 326260K->152708K(523776K), 0.0014951 secs] [Times: user=0.00 sys=0.00, real=0.00 secs] 
2018-03-19T13:19:19.050+0530: 4094.153: [GC (Allocation Failure) [PSYoungGen: 173664K->96K(174080K)] 326276K->152732K(523776K), 0.0015462 secs] [Times: user=0.00 sys=0.00, real=0.00 secs] 
2018-03-19T13:19:19.330+0530: 4094.433: [GC (Allocation Failure) [PSYoungGen: 173664K->96K(174080K)] 326300K->152764K(523776K), 0.0014810 secs] [Times: user=0.00 sys=0.00, real=0.00 secs] 
2018-03-19T13:19:19.618+0530: 4094.720: [GC (Allocation Failure) [PSYoungGen: 173664K->96K(174080K)] 326332K->152780K(523776K), 0.0014736 secs] [Times: user=0.00 sys=0.00, real=0.00 secs] 
2018-03-19T13:19:19.914+0530: 4095.017: [GC (Allocation Failure) [PSYoungGen: 173664K->96K(174080K)] 326348K->152796K(523776K), 0.0015071 secs] [Times: user=0.00 sys=0.00, real=0.00 secs] 
2018-03-19T13:19:20.191+0530: 4095.293: [GC (Allocation Failure) [PSYoungGen: 173664K->96K(174080K)] 326364K->152828K(523776K), 0.0014757 secs] [Times: user=0.00 sys=0.00, real=0.00 secs] 
2018-03-19T13:19:20.478+0530: 4095.581: [GC (Allocation Failure) [PSYoungGen: 173664K->96K(174080K)] 326396K->152852K(523776K), 0.0014619 secs] [Times: user=0.00 sys=0.00, real=0.00 secs] 
2018-03-19T13:19:20.766+0530: 4095.869: [GC (Allocation Failure) [PSYoungGen: 173664K->96K(174080K)] 326420K->152868K(523776K), 0.0014087 secs] [Times: user=0.00 sys=0.00, real=0.00 secs] 
2018-03-19T13:19:21.041+0530: 4096.144: [GC (Allocation Failure) [PSYoungGen: 173664K->64K(174080K)] 326436K->152860K(523776K), 0.0021069 secs] [Times: user=0.00 sys=0.00, real=0.00 secs] 
2018-03-19T13:19:21.318+0530: 4096.421: [GC (Allocation Failure) [PSYoungGen: 173632K->64K(174080K)] 326428K->152884K(523776K), 0.0014658 secs] [Times: user=0.00 sys=0.00, real=0.00 secs] 
2018-03-19T13:19:21.605+0530: 4096.708: [GC (Allocation Failure) [PSYoungGen: 173632K->96K(174080K)] 326452K->152940K(523776K), 0.0014274 secs] [Times: user=0.00 sys=0.00, real=0.00 secs] 
2018-03-19T13:19:21.881+0530: 4096.984: [GC (Allocation Failure) [PSYoungGen: 173664K->96K(174080K)] 326508K->152964K(523776K), 0.0016411 secs] [Times: user=0.00 sys=0.00, real=0.00 secs] 
2018-03-19T13:19:22.162+0530: 4097.264: [GC (Allocation Failure) [PSYoungGen: 173664K->96K(174080K)] 326532K->152988K(523776K), 0.0013622 secs] [Times: user=0.00 sys=0.00, real=0.00 secs] 
2018-03-19T13:19:22.445+0530: 4097.548: [GC (Allocation Failure) [PSYoungGen: 173664K->96K(174080K)] 326556K->153012K(523776K), 0.0014658 secs] [Times: user=0.00 sys=0.00, real=0.00 secs] 
2018-03-19T13:19:22.739+0530: 4097.842: [GC (Allocation Failure) [PSYoungGen: 173664K->64K(174080K)] 326580K->153004K(523776K), 0.0015540 secs] [Times: user=0.00 sys=0.00, real=0.00 secs] 
2018-03-19T13:19:23.005+0530: 4098.108: [GC (Allocation Failure) [PSYoungGen: 173632K->96K(174080K)] 326572K->153052K(523776K), 0.0014644 secs] [Times: user=0.00 sys=0.00, real=0.00 secs] 
2018-03-19T13:19:23.276+0530: 4098.380: [GC (Allocation Failure) [PSYoungGen: 173664K->96K(174080K)] 326620K->153076K(523776K), 0.0013875 secs] [Times: user=0.00 sys=0.00, real=0.00 secs] 
2018-03-19T13:19:23.584+0530: 4098.687: [GC (Allocation Failure) [PSYoungGen: 173664K->96K(174080K)] 326644K->153092K(523776K), 0.0013964 secs] [Times: user=0.00 sys=0.00, real=0.00 secs] 
2018-03-19T13:19:23.883+0530: 4098.986: [GC (Allocation Failure) [PSYoungGen: 173664K->96K(174080K)] 326660K->153116K(523776K), 0.0014637 secs] [Times: user=0.05 sys=0.02, real=0.00 secs] 
2018-03-19T13:19:24.173+0530: 4099.276: [GC (Allocation Failure) [PSYoungGen: 173664K->96K(174080K)] 326684K->153140K(523776K), 0.0012595 secs] [Times: user=0.00 sys=0.00, real=0.00 secs] 
2018-03-19T13:19:24.468+0530: 4099.571: [GC (Allocation Failure) [PSYoungGen: 173664K->96K(174080K)] 326708K->153164K(523776K), 0.0015843 secs] [Times: user=0.00 sys=0.00, real=0.00 secs] 
2018-03-19T13:19:24.751+0530: 4099.853: [GC (Allocation Failure) [PSYoungGen: 173664K->96K(174080K)] 326732K->153196K(523776K), 0.0013368 secs] [Times: user=0.00 sys=0.00, real=0.00 secs] 
2018-03-19T13:19:25.023+0530: 4100.126: [GC (Allocation Failure) [PSYoungGen: 173664K->96K(174080K)] 326764K->153220K(523776K), 0.0013304 secs] [Times: user=0.02 sys=0.00, real=0.00 secs] 
2018-03-19T13:19:25.301+0530: 4100.404: [GC (Allocation Failure) [PSYoungGen: 173664K->96K(174080K)] 326788K->153244K(523776K), 0.0014560 secs] [Times: user=0.00 sys=0.00, real=0.00 secs] 
2018-03-19T13:19:25.584+0530: 4100.687: [GC (Allocation Failure) [PSYoungGen: 173664K->96K(174080K)] 326812K->153268K(523776K), 0.0015110 secs] [Times: user=0.00 sys=0.00, real=0.00 secs] 
2018-03-19T13:19:25.858+0530: 4100.961: [GC (Allocation Failure) [PSYoungGen: 173664K->96K(174080K)] 326836K->153292K(523776K), 0.0015952 secs] [Times: user=0.00 sys=0.00, real=0.00 secs] 
2018-03-19T13:19:26.137+0530: 4101.240: [GC (Allocation Failure) [PSYoungGen: 173664K->96K(174080K)] 326860K->153316K(523776K), 0.0015163 secs] [Times: user=0.00 sys=0.00, real=0.00 secs] 
2018-03-19T13:19:26.434+0530: 4101.536: [GC (Allocation Failure) [PSYoungGen: 173664K->64K(174080K)] 326884K->153308K(523776K), 0.0013699 secs] [Times: user=0.00 sys=0.00, real=0.00 secs] 
2018-03-19T13:19:26.714+0530: 4101.817: [GC (Allocation Failure) [PSYoungGen: 173632K->96K(174080K)] 326876K->153364K(523776K), 0.0014380 secs] [Times: user=0.00 sys=0.00, real=0.00 secs] 
2018-03-19T13:19:26.996+0530: 4102.099: [GC (Allocation Failure) [PSYoungGen: 173664K->128K(174080K)] 326932K->153412K(523776K), 0.0014323 secs] [Times: user=0.00 sys=0.00, real=0.00 secs] 
2018-03-19T13:19:27.282+0530: 4102.385: [GC (Allocation Failure) [PSYoungGen: 173696K->96K(174080K)] 326980K->153396K(523776K), 0.0015670 secs] [Times: user=0.00 sys=0.00, real=0.00 secs] 
2018-03-19T13:19:27.563+0530: 4102.666: [GC (Allocation Failure) [PSYoungGen: 173664K->96K(174080K)] 326964K->153420K(523776K), 0.0013766 secs] [Times: user=0.00 sys=0.00, real=0.00 secs] 
2018-03-19T13:19:27.856+0530: 4102.959: [GC (Allocation Failure) [PSYoungGen: 173664K->96K(174080K)] 326988K->153436K(523776K), 0.0014746 secs] [Times: user=0.00 sys=0.00, real=0.00 secs] 
2018-03-19T13:19:28.140+0530: 4103.243: [GC (Allocation Failure) [PSYoungGen: 173664K->128K(174080K)] 327004K->153484K(523776K), 0.0014330 secs] [Times: user=0.00 sys=0.00, real=0.00 secs] 
2018-03-19T13:19:28.422+0530: 4103.524: [GC (Allocation Failure) [PSYoungGen: 173696K->96K(174080K)] 327052K->153476K(523776K), 0.0015240 secs] [Times: user=0.00 sys=0.00, real=0.00 secs] 
2018-03-19T13:19:28.706+0530: 4103.809: [GC (Allocation Failure) [PSYoungGen: 173664K->96K(174080K)] 327044K->153500K(523776K), 0.0015342 secs] [Times: user=0.00 sys=0.00, real=0.00 secs] 
2018-03-19T13:19:28.990+0530: 4104.093: [GC (Allocation Failure) [PSYoungGen: 173664K->96K(174080K)] 327068K->153516K(523776K), 0.0016940 secs] [Times: user=0.00 sys=0.00, real=0.00 secs] 
2018-03-19T13:19:29.279+0530: 4104.382: [GC (Allocation Failure) [PSYoungGen: 173664K->32K(174080K)] 327084K->153468K(523776K), 0.0016100 secs] [Times: user=0.00 sys=0.00, real=0.00 secs] 
2018-03-19T13:19:29.586+0530: 4104.689: [GC (Allocation Failure) [PSYoungGen: 173600K->96K(174080K)] 327036K->153548K(523776K), 0.0016636 secs] [Times: user=0.00 sys=0.00, real=0.00 secs] 
2018-03-19T13:19:29.882+0530: 4104.985: [GC (Allocation Failure) [PSYoungGen: 173664K->96K(174080K)] 327116K->153580K(523776K), 0.0014507 secs] [Times: user=0.00 sys=0.00, real=0.00 secs] 
2018-03-19T13:19:30.189+0530: 4105.292: [GC (Allocation Failure) [PSYoungGen: 173664K->96K(174080K)] 327148K->153604K(523776K), 0.0014806 secs] [Times: user=0.00 sys=0.00, real=0.00 secs] 
2018-03-19T13:19:30.491+0530: 4105.594: [GC (Allocation Failure) [PSYoungGen: 173664K->64K(174080K)] 327172K->153596K(523776K), 0.0014591 secs] [Times: user=0.00 sys=0.00, real=0.00 secs] 
2018-03-19T13:19:30.810+0530: 4105.912: [GC (Allocation Failure) [PSYoungGen: 173632K->96K(174080K)] 327164K->153652K(523776K), 0.0015349 secs] [Times: user=0.00 sys=0.00, real=0.00 secs] 
2018-03-19T13:19:31.111+0530: 4106.213: [GC (Allocation Failure) [PSYoungGen: 173664K->32K(174080K)] 327220K->153604K(523776K), 0.0016016 secs] [Times: user=0.00 sys=0.00, real=0.00 secs] 
2018-03-19T13:19:31.415+0530: 4106.518: [GC (Allocation Failure) [PSYoungGen: 173600K->32K(174080K)] 327172K->153620K(523776K), 0.0016524 secs] [Times: user=0.03 sys=0.02, real=0.00 secs] 
2018-03-19T13:19:31.711+0530: 4106.814: [GC (Allocation Failure) [PSYoungGen: 173600K->64K(174080K)] 327188K->153676K(523776K), 0.0016323 secs] [Times: user=0.06 sys=0.00, real=0.00 secs] 
2018-03-19T13:19:32.030+0530: 4107.133: [GC (Allocation Failure) [PSYoungGen: 173632K->32K(174080K)] 327244K->153660K(523776K), 0.0014954 secs] [Times: user=0.00 sys=0.00, real=0.00 secs] 
2018-03-19T13:19:32.321+0530: 4107.425: [GC (Allocation Failure) [PSYoungGen: 173600K->96K(174080K)] 327228K->153740K(523776K), 0.0014369 secs] [Times: user=0.00 sys=0.01, real=0.00 secs] 
2018-03-19T13:19:32.627+0530: 4107.730: [GC (Allocation Failure) [PSYoungGen: 173664K->96K(174080K)] 327308K->153764K(523776K), 0.0015198 secs] [Times: user=0.00 sys=0.00, real=0.00 secs] 
2018-03-19T13:19:32.910+0530: 4108.013: [GC (Allocation Failure) [PSYoungGen: 173664K->96K(174080K)] 327332K->153780K(523776K), 0.0015060 secs] [Times: user=0.00 sys=0.00, real=0.00 secs] 
2018-03-19T13:19:33.188+0530: 4108.292: [GC (Allocation Failure) [PSYoungGen: 173664K->64K(174080K)] 327348K->153772K(523776K), 0.0014401 secs] [Times: user=0.00 sys=0.00, real=0.00 secs] 
2018-03-19T13:19:33.488+0530: 4108.591: [GC (Allocation Failure) [PSYoungGen: 173632K->96K(174080K)] 327340K->153836K(523776K), 0.0015466 secs] [Times: user=0.00 sys=0.00, real=0.00 secs] 
2018-03-19T13:19:33.775+0530: 4108.878: [GC (Allocation Failure) [PSYoungGen: 173664K->96K(174080K)] 327404K->153868K(523776K), 0.0014242 secs] [Times: user=0.00 sys=0.00, real=0.00 secs] 
2018-03-19T13:19:34.060+0530: 4109.163: [GC (Allocation Failure) [PSYoungGen: 173664K->96K(174080K)] 327436K->153900K(523776K), 0.0013481 secs] [Times: user=0.00 sys=0.00, real=0.00 secs] 
2018-03-19T13:19:34.346+0530: 4109.448: [GC (Allocation Failure) [PSYoungGen: 173664K->96K(174080K)] 327468K->153924K(523776K), 0.0016460 secs] [Times: user=0.00 sys=0.00, real=0.00 secs] 
2018-03-19T13:19:34.637+0530: 4109.740: [GC (Allocation Failure) [PSYoungGen: 173664K->96K(174080K)] 327492K->153948K(523776K), 0.0015769 secs] [Times: user=0.00 sys=0.00, real=0.00 secs] 
2018-03-19T13:19:34.922+0530: 4110.025: [GC (Allocation Failure) [PSYoungGen: 173664K->96K(174080K)] 327516K->153972K(523776K), 0.0014017 secs] [Times: user=0.00 sys=0.00, real=0.00 secs] 
2018-03-19T13:19:35.218+0530: 4110.320: [GC (Allocation Failure) [PSYoungGen: 173664K->64K(174080K)] 327540K->153964K(523776K), 0.0013858 secs] [Times: user=0.00 sys=0.00, real=0.00 secs] 
2018-03-19T13:19:35.520+0530: 4110.623: [GC (Allocation Failure) [PSYoungGen: 173632K->96K(174080K)] 327532K->154020K(523776K), 0.0016055 secs] [Times: user=0.00 sys=0.00, real=0.00 secs] 
2018-03-19T13:19:35.834+0530: 4110.936: [GC (Allocation Failure) [PSYoungGen: 173664K->32K(174080K)] 327588K->153972K(523776K), 0.0017045 secs] [Times: user=0.00 sys=0.00, real=0.00 secs] 
2018-03-19T13:19:36.132+0530: 4111.235: [GC (Allocation Failure) [PSYoungGen: 173600K->96K(174080K)] 327540K->154052K(523776K), 0.0014697 secs] [Times: user=0.00 sys=0.00, real=0.00 secs] 
2018-03-19T13:19:36.430+0530: 4111.533: [GC (Allocation Failure) [PSYoungGen: 173664K->96K(174080K)] 327620K->154068K(523776K), 0.0020670 secs] [Times: user=0.05 sys=0.00, real=0.00 secs] 
2018-03-19T13:19:36.727+0530: 4111.830: [GC (Allocation Failure) [PSYoungGen: 173664K->64K(174080K)] 327636K->154052K(523776K), 0.0017511 secs] [Times: user=0.06 sys=0.00, real=0.00 secs] 
2018-03-19T13:19:37.028+0530: 4112.131: [GC (Allocation Failure) [PSYoungGen: 173632K->96K(174080K)] 327620K->154116K(523776K), 0.0015737 secs] [Times: user=0.00 sys=0.00, real=0.00 secs] 
2018-03-19T13:19:37.314+0530: 4112.416: [GC (Allocation Failure) [PSYoungGen: 173664K->96K(174080K)] 327684K->154140K(523776K), 0.0014753 secs] [Times: user=0.00 sys=0.00, real=0.00 secs] 
2018-03-19T13:19:37.603+0530: 4112.706: [GC (Allocation Failure) [PSYoungGen: 173664K->96K(174080K)] 327708K->154164K(523776K), 0.0013660 secs] [Times: user=0.00 sys=0.00, real=0.00 secs] 
2018-03-19T13:19:37.886+0530: 4112.989: [GC (Allocation Failure) [PSYoungGen: 173664K->64K(174080K)] 327732K->154148K(523776K), 0.0019084 secs] [Times: user=0.00 sys=0.00, real=0.00 secs] 
2018-03-19T13:19:38.171+0530: 4113.274: [GC (Allocation Failure) [PSYoungGen: 173632K->96K(174080K)] 327716K->154204K(523776K), 0.0015289 secs] [Times: user=0.00 sys=0.00, real=0.00 secs] 
2018-03-19T13:19:38.461+0530: 4113.564: [GC (Allocation Failure) [PSYoungGen: 173664K->96K(174080K)] 327772K->154236K(523776K), 0.0014623 secs] [Times: user=0.00 sys=0.00, real=0.00 secs] 
2018-03-19T13:19:38.740+0530: 4113.842: [GC (Allocation Failure) [PSYoungGen: 173664K->96K(174080K)] 327804K->154260K(523776K), 0.0014200 secs] [Times: user=0.00 sys=0.00, real=0.00 secs] 
2018-03-19T13:19:39.030+0530: 4114.133: [GC (Allocation Failure) [PSYoungGen: 173664K->96K(174080K)] 327828K->154284K(523776K), 0.0014182 secs] [Times: user=0.00 sys=0.00, real=0.00 secs] 
2018-03-19T13:19:39.317+0530: 4114.420: [GC (Allocation Failure) [PSYoungGen: 173664K->96K(174080K)] 327852K->154308K(523776K), 0.0014464 secs] [Times: user=0.00 sys=0.00, real=0.00 secs] 
2018-03-19T13:19:39.607+0530: 4114.710: [GC (Allocation Failure) [PSYoungGen: 173664K->96K(174080K)] 327876K->154332K(523776K), 0.0014390 secs] [Times: user=0.00 sys=0.00, real=0.00 secs] 
2018-03-19T13:19:39.916+0530: 4115.019: [GC (Allocation Failure) [PSYoungGen: 173664K->96K(174080K)] 327900K->154348K(523776K), 0.0015194 secs] [Times: user=0.00 sys=0.00, real=0.00 secs] 
2018-03-19T13:19:40.205+0530: 4115.307: [GC (Allocation Failure) [PSYoungGen: 173664K->96K(174080K)] 327916K->154372K(523776K), 0.0014570 secs] [Times: user=0.00 sys=0.00, real=0.00 secs] 
2018-03-19T13:19:40.494+0530: 4115.596: [GC (Allocation Failure) [PSYoungGen: 173664K->64K(174080K)] 327940K->154364K(523776K), 0.0015399 secs] [Times: user=0.00 sys=0.00, real=0.00 secs] 
2018-03-19T13:19:40.789+0530: 4115.891: [GC (Allocation Failure) [PSYoungGen: 173632K->96K(174080K)] 327932K->154420K(523776K), 0.0015180 secs] [Times: user=0.00 sys=0.00, real=0.00 secs] 
2018-03-19T13:19:41.068+0530: 4116.171: [GC (Allocation Failure) [PSYoungGen: 173664K->96K(174080K)] 327988K->154444K(523776K), 0.0013174 secs] [Times: user=0.00 sys=0.00, real=0.00 secs] 
2018-03-19T13:19:41.341+0530: 4116.443: [GC (Allocation Failure) [PSYoungGen: 173664K->96K(174080K)] 328012K->154468K(523776K), 0.0014775 secs] [Times: user=0.00 sys=0.00, real=0.00 secs] 
2018-03-19T13:19:41.629+0530: 4116.731: [GC (Allocation Failure) [PSYoungGen: 173664K->64K(174080K)] 328036K->154460K(523776K), 0.0013414 secs] [Times: user=0.00 sys=0.00, real=0.00 secs] 
2018-03-19T13:19:41.908+0530: 4117.010: [GC (Allocation Failure) [PSYoungGen: 173632K->96K(174080K)] 328028K->154516K(523776K), 0.0015099 secs] [Times: user=0.00 sys=0.00, real=0.00 secs] 
2018-03-19T13:19:42.183+0530: 4117.286: [GC (Allocation Failure) [PSYoungGen: 173664K->96K(174080K)] 328084K->154540K(523776K), 0.0014835 secs] [Times: user=0.00 sys=0.00, real=0.00 secs] 
2018-03-19T13:19:42.481+0530: 4117.584: [GC (Allocation Failure) [PSYoungGen: 173664K->64K(174080K)] 328108K->154532K(523776K), 0.0015836 secs] [Times: user=0.00 sys=0.00, real=0.00 secs] 
2018-03-19T13:19:42.766+0530: 4117.869: [GC (Allocation Failure) [PSYoungGen: 173632K->96K(174080K)] 328100K->154588K(523776K), 0.0015825 secs] [Times: user=0.00 sys=0.00, real=0.00 secs] 
2018-03-19T13:19:43.044+0530: 4118.147: [GC (Allocation Failure) [PSYoungGen: 173664K->64K(174080K)] 328156K->154572K(523776K), 0.0015251 secs] [Times: user=0.00 sys=0.00, real=0.00 secs] 
2018-03-19T13:19:43.315+0530: 4118.417: [GC (Allocation Failure) [PSYoungGen: 173632K->64K(174080K)] 328140K->154596K(523776K), 0.0013886 secs] [Times: user=0.00 sys=0.00, real=0.00 secs] 
2018-03-19T13:19:43.615+0530: 4118.719: [GC (Allocation Failure) [PSYoungGen: 173632K->64K(174080K)] 328164K->154620K(523776K), 0.0014380 secs] [Times: user=0.00 sys=0.00, real=0.00 secs] 
2018-03-19T13:19:43.918+0530: 4119.021: [GC (Allocation Failure) [PSYoungGen: 173632K->96K(174080K)] 328188K->154676K(523776K), 0.0014507 secs] [Times: user=0.00 sys=0.00, real=0.00 secs] 
2018-03-19T13:19:44.211+0530: 4119.313: [GC (Allocation Failure) [PSYoungGen: 173664K->96K(174080K)] 328244K->154708K(523776K), 0.0014567 secs] [Times: user=0.00 sys=0.00, real=0.00 secs] 
2018-03-19T13:19:44.494+0530: 4119.597: [GC (Allocation Failure) [PSYoungGen: 173664K->96K(174080K)] 328276K->154724K(523776K), 0.0013597 secs] [Times: user=0.00 sys=0.00, real=0.00 secs] 
2018-03-19T13:19:44.770+0530: 4119.873: [GC (Allocation Failure) [PSYoungGen: 173664K->64K(174080K)] 328292K->154708K(523776K), 0.0014168 secs] [Times: user=0.00 sys=0.00, real=0.00 secs] 
2018-03-19T13:19:45.052+0530: 4120.156: [GC (Allocation Failure) [PSYoungGen: 173632K->96K(174080K)] 328276K->154772K(523776K), 0.0015406 secs] [Times: user=0.00 sys=0.00, real=0.00 secs] 
2018-03-19T13:19:45.333+0530: 4120.435: [GC (Allocation Failure) [PSYoungGen: 173664K->96K(174080K)] 328340K->154796K(523776K), 0.0014429 secs] [Times: user=0.00 sys=0.00, real=0.00 secs] 
2018-03-19T13:19:45.618+0530: 4120.721: [GC (Allocation Failure) [PSYoungGen: 173664K->96K(174080K)] 328364K->154820K(523776K), 0.0014884 secs] [Times: user=0.00 sys=0.00, real=0.00 secs] 
2018-03-19T13:19:45.893+0530: 4120.996: [GC (Allocation Failure) [PSYoungGen: 173664K->96K(174080K)] 328388K->154852K(523776K), 0.0015614 secs] [Times: user=0.00 sys=0.00, real=0.00 secs] 
2018-03-19T13:19:46.175+0530: 4121.278: [GC (Allocation Failure) [PSYoungGen: 173664K->96K(174080K)] 328420K->154876K(523776K), 0.0014595 secs] [Times: user=0.00 sys=0.00, real=0.00 secs] 
2018-03-19T13:19:46.463+0530: 4121.566: [GC (Allocation Failure) [PSYoungGen: 173664K->96K(174080K)] 328444K->154900K(523776K), 0.0013618 secs] [Times: user=0.00 sys=0.00, real=0.00 secs] 
2018-03-19T13:19:46.743+0530: 4121.846: [GC (Allocation Failure) [PSYoungGen: 173664K->128K(174080K)] 328468K->154956K(523776K), 0.0014824 secs] [Times: user=0.00 sys=0.00, real=0.00 secs] 
2018-03-19T13:19:47.021+0530: 4122.124: [GC (Allocation Failure) [PSYoungGen: 173696K->64K(174080K)] 328524K->154916K(523776K), 0.0014655 secs] [Times: user=0.00 sys=0.00, real=0.00 secs] 
2018-03-19T13:19:47.300+0530: 4122.403: [GC (Allocation Failure) [PSYoungGen: 173632K->64K(174080K)] 328484K->154940K(523776K), 0.0013583 secs] [Times: user=0.00 sys=0.00, real=0.00 secs] 
2018-03-19T13:19:47.582+0530: 4122.685: [GC (Allocation Failure) [PSYoungGen: 173632K->96K(174080K)] 328508K->154988K(523776K), 0.0015187 secs] [Times: user=0.00 sys=0.00, real=0.00 secs] 
2018-03-19T13:19:47.878+0530: 4122.981: [GC (Allocation Failure) [PSYoungGen: 173664K->96K(174080K)] 328556K->155012K(523776K), 0.0014337 secs] [Times: user=0.00 sys=0.00, real=0.00 secs] 
2018-03-19T13:19:48.161+0530: 4123.263: [GC (Allocation Failure) [PSYoungGen: 173664K->96K(174080K)] 328580K->155028K(523776K), 0.0015297 secs] [Times: user=0.00 sys=0.00, real=0.00 secs] 
2018-03-19T13:19:48.454+0530: 4123.557: [GC (Allocation Failure) [PSYoungGen: 173664K->96K(174080K)] 328596K->155052K(523776K), 0.0016813 secs] [Times: user=0.00 sys=0.00, real=0.00 secs] 
2018-03-19T13:19:48.735+0530: 4123.838: [GC (Allocation Failure) [PSYoungGen: 173664K->96K(174080K)] 328620K->155084K(523776K), 0.0013791 secs] [Times: user=0.00 sys=0.00, real=0.00 secs] 
2018-03-19T13:19:49.012+0530: 4124.115: [GC (Allocation Failure) [PSYoungGen: 173664K->96K(174080K)] 328652K->155100K(523776K), 0.0014514 secs] [Times: user=0.00 sys=0.00, real=0.00 secs] 
2018-03-19T13:19:49.307+0530: 4124.410: [GC (Allocation Failure) [PSYoungGen: 173664K->96K(174080K)] 328668K->155124K(523776K), 0.0014866 secs] [Times: user=0.00 sys=0.00, real=0.00 secs] 
2018-03-19T13:19:49.592+0530: 4124.695: [GC (Allocation Failure) [PSYoungGen: 173664K->64K(174080K)] 328692K->155116K(523776K), 0.0014782 secs] [Times: user=0.00 sys=0.00, real=0.00 secs] 
2018-03-19T13:19:49.876+0530: 4124.978: [GC (Allocation Failure) [PSYoungGen: 173632K->96K(174080K)] 328684K->155172K(523776K), 0.0015536 secs] [Times: user=0.00 sys=0.00, real=0.00 secs] 
2018-03-19T13:19:50.154+0530: 4125.257: [GC (Allocation Failure) [PSYoungGen: 173664K->96K(174080K)] 328740K->155188K(523776K), 0.0014986 secs] [Times: user=0.00 sys=0.00, real=0.00 secs] 
2018-03-19T13:19:50.438+0530: 4125.541: [GC (Allocation Failure) [PSYoungGen: 173664K->96K(174080K)] 328756K->155212K(523776K), 0.0014954 secs] [Times: user=0.00 sys=0.00, real=0.00 secs] 
2018-03-19T13:19:50.733+0530: 4125.836: [GC (Allocation Failure) [PSYoungGen: 173664K->96K(174080K)] 328780K->155228K(523776K), 0.0015670 secs] [Times: user=0.00 sys=0.00, real=0.00 secs] 
2018-03-19T13:19:51.012+0530: 4126.114: [GC (Allocation Failure) [PSYoungGen: 173664K->96K(174080K)] 328796K->155252K(523776K), 0.0013498 secs] [Times: user=0.00 sys=0.00, real=0.00 secs] 
2018-03-19T13:19:51.298+0530: 4126.401: [GC (Allocation Failure) [PSYoungGen: 173664K->96K(174080K)] 328820K->155268K(523776K), 0.0014507 secs] [Times: user=0.00 sys=0.00, real=0.00 secs] 
2018-03-19T13:19:51.610+0530: 4126.713: [GC (Allocation Failure) [PSYoungGen: 173664K->64K(174080K)] 328836K->155260K(523776K), 0.0015268 secs] [Times: user=0.00 sys=0.00, real=0.00 secs] 
2018-03-19T13:19:51.916+0530: 4127.019: [GC (Allocation Failure) [PSYoungGen: 173632K->96K(174080K)] 328828K->155316K(523776K), 0.0014768 secs] [Times: user=0.00 sys=0.00, real=0.00 secs] 
2018-03-19T13:19:52.220+0530: 4127.323: [GC (Allocation Failure) [PSYoungGen: 173664K->96K(174080K)] 328884K->155332K(523776K), 0.0015205 secs] [Times: user=0.00 sys=0.00, real=0.00 secs] 
2018-03-19T13:19:52.506+0530: 4127.609: [GC (Allocation Failure) [PSYoungGen: 173664K->32K(174080K)] 328900K->155284K(523776K), 0.0017014 secs] [Times: user=0.00 sys=0.00, real=0.00 secs] 
2018-03-19T13:19:52.803+0530: 4127.906: [GC (Allocation Failure) [PSYoungGen: 173600K->96K(174080K)] 328852K->155380K(523776K), 0.0015378 secs] [Times: user=0.00 sys=0.00, real=0.00 secs] 
2018-03-19T13:19:53.104+0530: 4128.207: [GC (Allocation Failure) [PSYoungGen: 173664K->96K(174080K)] 328948K->155412K(523776K), 0.0014390 secs] [Times: user=0.00 sys=0.00, real=0.00 secs] 
2018-03-19T13:19:53.407+0530: 4128.509: [GC (Allocation Failure) [PSYoungGen: 173664K->64K(174080K)] 328980K->155404K(523776K), 0.0016175 secs] [Times: user=0.00 sys=0.00, real=0.00 secs] 
2018-03-19T13:19:53.698+0530: 4128.801: [GC (Allocation Failure) [PSYoungGen: 173632K->64K(174080K)] 328972K->155428K(523776K), 0.0015840 secs] [Times: user=0.00 sys=0.00, real=0.00 secs] 
2018-03-19T13:19:53.976+0530: 4129.079: [GC (Allocation Failure) [PSYoungGen: 173632K->96K(174080K)] 328996K->155476K(523776K), 0.0013978 secs] [Times: user=0.00 sys=0.00, real=0.00 secs] 
2018-03-19T13:19:54.269+0530: 4129.372: [GC (Allocation Failure) [PSYoungGen: 173664K->96K(174080K)] 329044K->155508K(523776K), 0.0015765 secs] [Times: user=0.00 sys=0.00, real=0.00 secs] 
2018-03-19T13:19:54.571+0530: 4129.675: [GC (Allocation Failure) [PSYoungGen: 173664K->96K(174080K)] 329076K->155532K(523776K), 0.0015543 secs] [Times: user=0.02 sys=0.00, real=0.00 secs] 
2018-03-19T13:19:54.846+0530: 4129.949: [GC (Allocation Failure) [PSYoungGen: 173664K->96K(174080K)] 329100K->155556K(523776K), 0.0015797 secs] [Times: user=0.00 sys=0.00, real=0.00 secs] 
2018-03-19T13:19:55.129+0530: 4130.232: [GC (Allocation Failure) [PSYoungGen: 173664K->96K(174080K)] 329124K->155580K(523776K), 0.0013798 secs] [Times: user=0.00 sys=0.00, real=0.00 secs] 
2018-03-19T13:19:55.415+0530: 4130.518: [GC (Allocation Failure) [PSYoungGen: 173664K->96K(174080K)] 329148K->155596K(523776K), 0.0014302 secs] [Times: user=0.00 sys=0.00, real=0.00 secs] 
2018-03-19T13:19:55.700+0530: 4130.802: [GC (Allocation Failure) [PSYoungGen: 173664K->64K(174080K)] 329164K->155588K(523776K), 0.0015134 secs] [Times: user=0.00 sys=0.00, real=0.00 secs] 
2018-03-19T13:19:55.996+0530: 4131.099: [GC (Allocation Failure) [PSYoungGen: 173632K->64K(174080K)] 329156K->155620K(523776K), 0.0013710 secs] [Times: user=0.00 sys=0.00, real=0.00 secs] 
2018-03-19T13:19:56.280+0530: 4131.383: [GC (Allocation Failure) [PSYoungGen: 173632K->96K(174080K)] 329188K->155668K(523776K), 0.0013678 secs] [Times: user=0.00 sys=0.00, real=0.00 secs] 
2018-03-19T13:19:56.565+0530: 4131.667: [GC (Allocation Failure) [PSYoungGen: 173664K->96K(174080K)] 329236K->155692K(523776K), 0.0015593 secs] [Times: user=0.00 sys=0.00, real=0.00 secs] 
2018-03-19T13:19:56.866+0530: 4131.969: [GC (Allocation Failure) [PSYoungGen: 173664K->96K(174080K)] 329260K->155708K(523776K), 0.0016231 secs] [Times: user=0.00 sys=0.00, real=0.00 secs] 
2018-03-19T13:19:57.152+0530: 4132.255: [GC (Allocation Failure) [PSYoungGen: 173664K->96K(174080K)] 329276K->155732K(523776K), 0.0015057 secs] [Times: user=0.00 sys=0.00, real=0.00 secs] 
2018-03-19T13:19:57.432+0530: 4132.535: [GC (Allocation Failure) [PSYoungGen: 173664K->64K(174080K)] 329300K->155732K(523776K), 0.0013622 secs] [Times: user=0.00 sys=0.00, real=0.00 secs] 
2018-03-19T13:19:57.715+0530: 4132.818: [GC (Allocation Failure) [PSYoungGen: 173632K->96K(174080K)] 329300K->155780K(523776K), 0.0015480 secs] [Times: user=0.00 sys=0.00, real=0.00 secs] 
2018-03-19T13:19:57.991+0530: 4133.094: [GC (Allocation Failure) [PSYoungGen: 173664K->96K(174080K)] 329348K->155804K(523776K), 0.0014426 secs] [Times: user=0.00 sys=0.00, real=0.00 secs] 
2018-03-19T13:19:58.270+0530: 4133.373: [GC (Allocation Failure) [PSYoungGen: 173664K->96K(174080K)] 329372K->155828K(523776K), 0.0013875 secs] [Times: user=0.00 sys=0.00, real=0.00 secs] 
2018-03-19T13:19:58.559+0530: 4133.663: [GC (Allocation Failure) [PSYoungGen: 173664K->96K(174080K)] 329396K->155852K(523776K), 0.0014895 secs] [Times: user=0.00 sys=0.00, real=0.00 secs] 
2018-03-19T13:19:58.841+0530: 4133.944: [GC (Allocation Failure) [PSYoungGen: 173664K->96K(174080K)] 329420K->155876K(523776K), 0.0014274 secs] [Times: user=0.00 sys=0.00, real=0.00 secs] 
2018-03-19T13:19:59.120+0530: 4134.223: [GC (Allocation Failure) [PSYoungGen: 173664K->64K(174080K)] 329444K->155860K(523776K), 0.0021845 secs] [Times: user=0.00 sys=0.00, real=0.00 secs] 
2018-03-19T13:19:59.406+0530: 4134.508: [GC (Allocation Failure) [PSYoungGen: 173632K->96K(174080K)] 329428K->155916K(523776K), 0.0015512 secs] [Times: user=0.00 sys=0.00, real=0.00 secs] 
2018-03-19T13:19:59.689+0530: 4134.792: [GC (Allocation Failure) [PSYoungGen: 173664K->96K(174080K)] 329484K->155940K(523776K), 0.0014337 secs] [Times: user=0.00 sys=0.00, real=0.00 secs] 
2018-03-19T13:19:59.981+0530: 4135.084: [GC (Allocation Failure) [PSYoungGen: 173664K->96K(174080K)] 329508K->155964K(523776K), 0.0015029 secs] [Times: user=0.00 sys=0.00, real=0.00 secs] 
2018-03-19T13:20:00.282+0530: 4135.385: [GC (Allocation Failure) [PSYoungGen: 173664K->96K(174080K)] 329532K->155980K(523776K), 0.0014792 secs] [Times: user=0.00 sys=0.00, real=0.00 secs] 
2018-03-19T13:20:00.573+0530: 4135.675: [GC (Allocation Failure) [PSYoungGen: 173664K->64K(174080K)] 329548K->155972K(523776K), 0.0014270 secs] [Times: user=0.00 sys=0.00, real=0.00 secs] 
2018-03-19T13:20:00.851+0530: 4135.954: [GC (Allocation Failure) [PSYoungGen: 173632K->96K(174080K)] 329540K->156028K(523776K), 0.0015332 secs] [Times: user=0.00 sys=0.00, real=0.00 secs] 
2018-03-19T13:20:01.131+0530: 4136.234: [GC (Allocation Failure) [PSYoungGen: 173664K->96K(174080K)] 329596K->156052K(523776K), 0.0014034 secs] [Times: user=0.00 sys=0.00, real=0.00 secs] 
2018-03-19T13:20:01.419+0530: 4136.522: [GC (Allocation Failure) [PSYoungGen: 173664K->96K(174080K)] 329620K->156068K(523776K), 0.0013904 secs] [Times: user=0.00 sys=0.00, real=0.00 secs] 
2018-03-19T13:20:01.711+0530: 4136.814: [GC (Allocation Failure) [PSYoungGen: 173664K->96K(174080K)] 329636K->156084K(523776K), 0.0012793 secs] [Times: user=0.02 sys=0.00, real=0.00 secs] 
2018-03-19T13:20:01.989+0530: 4137.092: [GC (Allocation Failure) [PSYoungGen: 173664K->96K(174080K)] 329652K->156100K(523776K), 0.0015025 secs] [Times: user=0.00 sys=0.00, real=0.00 secs] 
2018-03-19T13:20:02.280+0530: 4137.383: [GC (Allocation Failure) [PSYoungGen: 173664K->96K(174080K)] 329668K->156116K(523776K), 0.0014556 secs] [Times: user=0.00 sys=0.00, real=0.00 secs] 
2018-03-19T13:20:02.572+0530: 4137.675: [GC (Allocation Failure) [PSYoungGen: 173664K->128K(174080K)] 329684K->156164K(523776K), 0.0015399 secs] [Times: user=0.00 sys=0.00, real=0.00 secs] 
2018-03-19T13:20:02.851+0530: 4137.954: [GC (Allocation Failure) [PSYoungGen: 173696K->96K(174080K)] 329732K->156156K(523776K), 0.0014870 secs] [Times: user=0.00 sys=0.00, real=0.00 secs] 
2018-03-19T13:20:03.129+0530: 4138.232: [GC (Allocation Failure) [PSYoungGen: 173664K->96K(174080K)] 329724K->156180K(523776K), 0.0014891 secs] [Times: user=0.00 sys=0.00, real=0.00 secs] 
2018-03-19T13:20:03.417+0530: 4138.521: [GC (Allocation Failure) [PSYoungGen: 173664K->64K(174080K)] 329748K->156172K(523776K), 0.0015674 secs] [Times: user=0.00 sys=0.00, real=0.00 secs] 
2018-03-19T13:20:03.703+0530: 4138.806: [GC (Allocation Failure) [PSYoungGen: 173632K->64K(174080K)] 329740K->156196K(523776K), 0.0015406 secs] [Times: user=0.00 sys=0.00, real=0.00 secs] 
2018-03-19T13:20:03.997+0530: 4139.100: [GC (Allocation Failure) [PSYoungGen: 173632K->128K(174080K)] 329764K->156284K(523776K), 0.0015847 secs] [Times: user=0.00 sys=0.00, real=0.00 secs] 
2018-03-19T13:20:04.297+0530: 4139.400: [GC (Allocation Failure) [PSYoungGen: 173696K->96K(174080K)] 329852K->156276K(523776K), 0.0016108 secs] [Times: user=0.00 sys=0.00, real=0.00 secs] 
2018-03-19T13:20:04.588+0530: 4139.691: [GC (Allocation Failure) [PSYoungGen: 173664K->96K(174080K)] 329844K->156300K(523776K), 0.0014528 secs] [Times: user=0.00 sys=0.00, real=0.00 secs] 
2018-03-19T13:20:04.866+0530: 4139.969: [GC (Allocation Failure) [PSYoungGen: 173664K->96K(174080K)] 329868K->156316K(523776K), 0.0014757 secs] [Times: user=0.00 sys=0.00, real=0.00 secs] 
2018-03-19T13:20:05.145+0530: 4140.248: [GC (Allocation Failure) [PSYoungGen: 173664K->96K(174080K)] 329884K->156340K(523776K), 0.0016150 secs] [Times: user=0.00 sys=0.00, real=0.00 secs] 
2018-03-19T13:20:05.467+0530: 4140.569: [GC (Allocation Failure) [PSYoungGen: 173664K->96K(174080K)] 329908K->156364K(523776K), 0.0015307 secs] [Times: user=0.00 sys=0.00, real=0.00 secs] 
2018-03-19T13:20:05.750+0530: 4140.853: [GC (Allocation Failure) [PSYoungGen: 173664K->96K(174080K)] 329932K->156380K(523776K), 0.0015099 secs] [Times: user=0.00 sys=0.00, real=0.00 secs] 
2018-03-19T13:20:06.034+0530: 4141.136: [GC (Allocation Failure) [PSYoungGen: 173664K->96K(174080K)] 329948K->156404K(523776K), 0.0014570 secs] [Times: user=0.00 sys=0.00, real=0.00 secs] 
2018-03-19T13:20:06.312+0530: 4141.415: [GC (Allocation Failure) [PSYoungGen: 173664K->96K(174080K)] 329972K->156428K(523776K), 0.0016633 secs] [Times: user=0.00 sys=0.00, real=0.00 secs] 
2018-03-19T13:20:06.605+0530: 4141.708: [GC (Allocation Failure) [PSYoungGen: 173664K->96K(174080K)] 329996K->156444K(523776K), 0.0015244 secs] [Times: user=0.00 sys=0.00, real=0.00 secs] 
2018-03-19T13:20:06.922+0530: 4142.024: [GC (Allocation Failure) [PSYoungGen: 173664K->96K(174080K)] 330012K->156468K(523776K), 0.0015385 secs] [Times: user=0.00 sys=0.00, real=0.00 secs] 
2018-03-19T13:20:07.202+0530: 4142.305: [GC (Allocation Failure) [PSYoungGen: 173664K->96K(174080K)] 330036K->156492K(523776K), 0.0014708 secs] [Times: user=0.00 sys=0.00, real=0.00 secs] 
2018-03-19T13:20:07.501+0530: 4142.604: [GC (Allocation Failure) [PSYoungGen: 173664K->96K(174080K)] 330060K->156508K(523776K), 0.0015244 secs] [Times: user=0.00 sys=0.00, real=0.00 secs] 
2018-03-19T13:20:07.814+0530: 4142.916: [GC (Allocation Failure) [PSYoungGen: 173664K->96K(174080K)] 330076K->156532K(523776K), 0.0015702 secs] [Times: user=0.00 sys=0.00, real=0.00 secs] 
2018-03-19T13:20:08.107+0530: 4143.210: [GC (Allocation Failure) [PSYoungGen: 173664K->64K(174080K)] 330100K->156516K(523776K), 0.0015903 secs] [Times: user=0.00 sys=0.00, real=0.00 secs] 
2018-03-19T13:20:08.399+0530: 4143.501: [GC (Allocation Failure) [PSYoungGen: 173632K->96K(174080K)] 330084K->156572K(523776K), 0.0015543 secs] [Times: user=0.06 sys=0.00, real=0.00 secs] 
2018-03-19T13:20:08.677+0530: 4143.779: [GC (Allocation Failure) [PSYoungGen: 173664K->96K(174080K)] 330140K->156596K(523776K), 0.0015131 secs] [Times: user=0.00 sys=0.00, real=0.00 secs] 
2018-03-19T13:20:08.960+0530: 4144.062: [GC (Allocation Failure) [PSYoungGen: 173664K->96K(174080K)] 330164K->156620K(523776K), 0.0015730 secs] [Times: user=0.00 sys=0.00, real=0.00 secs] 
2018-03-19T13:20:09.243+0530: 4144.346: [GC (Allocation Failure) [PSYoungGen: 173664K->96K(174080K)] 330188K->156644K(523776K), 0.0015233 secs] [Times: user=0.06 sys=0.00, real=0.00 secs] 
2018-03-19T13:20:09.542+0530: 4144.644: [GC (Allocation Failure) [PSYoungGen: 173664K->96K(174080K)] 330212K->156668K(523776K), 0.0015036 secs] [Times: user=0.00 sys=0.00, real=0.00 secs] 
2018-03-19T13:20:09.821+0530: 4144.923: [GC (Allocation Failure) [PSYoungGen: 173664K->96K(174080K)] 330236K->156700K(523776K), 0.0014880 secs] [Times: user=0.00 sys=0.00, real=0.00 secs] 
2018-03-19T13:20:10.108+0530: 4145.211: [GC (Allocation Failure) [PSYoungGen: 173664K->96K(174080K)] 330268K->156716K(523776K), 0.0015762 secs] [Times: user=0.00 sys=0.00, real=0.00 secs] 
2018-03-19T13:20:10.410+0530: 4145.512: [GC (Allocation Failure) [PSYoungGen: 173664K->96K(174080K)] 330284K->156740K(523776K), 0.0015325 secs] [Times: user=0.00 sys=0.00, real=0.00 secs] 
2018-03-19T13:20:10.713+0530: 4145.815: [GC (Allocation Failure) [PSYoungGen: 173664K->96K(174080K)] 330308K->156764K(523776K), 0.0015180 secs] [Times: user=0.00 sys=0.00, real=0.00 secs] 
2018-03-19T13:20:10.991+0530: 4146.094: [GC (Allocation Failure) [PSYoungGen: 173664K->96K(174080K)] 330332K->156788K(523776K), 0.0015564 secs] [Times: user=0.00 sys=0.00, real=0.00 secs] 
2018-03-19T13:20:11.271+0530: 4146.374: [GC (Allocation Failure) [PSYoungGen: 173664K->96K(174080K)] 330356K->156812K(523776K), 0.0013530 secs] [Times: user=0.00 sys=0.00, real=0.00 secs] 
2018-03-19T13:20:11.555+0530: 4146.657: [GC (Allocation Failure) [PSYoungGen: 173664K->96K(174080K)] 330380K->156844K(523776K), 0.0013777 secs] [Times: user=0.02 sys=0.00, real=0.00 secs] 
2018-03-19T13:20:11.857+0530: 4146.959: [GC (Allocation Failure) [PSYoungGen: 173664K->96K(174080K)] 330412K->156868K(523776K), 0.0016844 secs] [Times: user=0.00 sys=0.00, real=0.00 secs] 
2018-03-19T13:20:12.137+0530: 4147.240: [GC (Allocation Failure) [PSYoungGen: 173664K->96K(174080K)] 330436K->156892K(523776K), 0.0016041 secs] [Times: user=0.00 sys=0.00, real=0.00 secs] 
2018-03-19T13:20:12.428+0530: 4147.530: [GC (Allocation Failure) [PSYoungGen: 173664K->64K(174080K)] 330460K->156884K(523776K), 0.0014806 secs] [Times: user=0.00 sys=0.00, real=0.00 secs] 
2018-03-19T13:20:12.711+0530: 4147.813: [GC (Allocation Failure) [PSYoungGen: 173632K->96K(174080K)] 330452K->156940K(523776K), 0.0013509 secs] [Times: user=0.02 sys=0.00, real=0.00 secs] 
2018-03-19T13:20:12.986+0530: 4148.089: [GC (Allocation Failure) [PSYoungGen: 173664K->96K(174080K)] 330508K->156972K(523776K), 0.0013399 secs] [Times: user=0.00 sys=0.00, real=0.00 secs] 
2018-03-19T13:20:13.273+0530: 4148.376: [GC (Allocation Failure) [PSYoungGen: 173664K->96K(174080K)] 330540K->156996K(523776K), 0.0013615 secs] [Times: user=0.00 sys=0.00, real=0.00 secs] 
2018-03-19T13:20:13.569+0530: 4148.672: [GC (Allocation Failure) [PSYoungGen: 173664K->96K(174080K)] 330564K->157012K(523776K), 0.0014990 secs] [Times: user=0.00 sys=0.00, real=0.00 secs] 
2018-03-19T13:20:13.854+0530: 4148.958: [GC (Allocation Failure) [PSYoungGen: 173664K->96K(174080K)] 330580K->157036K(523776K), 0.0016065 secs] [Times: user=0.00 sys=0.00, real=0.00 secs] 
2018-03-19T13:20:14.150+0530: 4149.252: [GC (Allocation Failure) [PSYoungGen: 173664K->96K(174080K)] 330604K->157052K(523776K), 0.0014309 secs] [Times: user=0.00 sys=0.00, real=0.00 secs] 
2018-03-19T13:20:14.463+0530: 4149.566: [GC (Allocation Failure) [PSYoungGen: 173664K->96K(174080K)] 330620K->157068K(523776K), 0.0013801 secs] [Times: user=0.00 sys=0.00, real=0.00 secs] 
2018-03-19T13:20:14.749+0530: 4149.851: [GC (Allocation Failure) [PSYoungGen: 173664K->96K(174080K)] 330636K->157084K(523776K), 0.0014281 secs] [Times: user=0.00 sys=0.00, real=0.00 secs] 
2018-03-19T13:20:15.080+0530: 4150.182: [GC (Allocation Failure) [PSYoungGen: 173664K->64K(174080K)] 330652K->157076K(523776K), 0.0016136 secs] [Times: user=0.00 sys=0.00, real=0.00 secs] 
2018-03-19T13:20:15.360+0530: 4150.463: [GC (Allocation Failure) [PSYoungGen: 173632K->96K(174080K)] 330644K->157140K(523776K), 0.0014535 secs] [Times: user=0.00 sys=0.00, real=0.00 secs] 
2018-03-19T13:20:15.647+0530: 4150.749: [GC (Allocation Failure) [PSYoungGen: 173664K->96K(174080K)] 330708K->157156K(523776K), 0.0015120 secs] [Times: user=0.00 sys=0.00, real=0.00 secs] 
2018-03-19T13:20:15.963+0530: 4151.066: [GC (Allocation Failure) [PSYoungGen: 173664K->64K(174080K)] 330724K->157148K(523776K), 0.0014651 secs] [Times: user=0.00 sys=0.00, real=0.00 secs] 
2018-03-19T13:20:16.251+0530: 4151.354: [GC (Allocation Failure) [PSYoungGen: 173632K->96K(174080K)] 330716K->157196K(523776K), 0.0015441 secs] [Times: user=0.00 sys=0.00, real=0.00 secs] 
2018-03-19T13:20:16.535+0530: 4151.638: [GC (Allocation Failure) [PSYoungGen: 173664K->96K(174080K)] 330764K->157212K(523776K), 0.0015942 secs] [Times: user=0.00 sys=0.00, real=0.00 secs] 
2018-03-19T13:20:16.827+0530: 4151.930: [GC (Allocation Failure) [PSYoungGen: 173664K->128K(174080K)] 330780K->157260K(523776K), 0.0016266 secs] [Times: user=0.00 sys=0.00, real=0.00 secs] 
2018-03-19T13:20:17.107+0530: 4152.210: [GC (Allocation Failure) [PSYoungGen: 173696K->96K(174080K)] 330828K->157252K(523776K), 0.0016291 secs] [Times: user=0.00 sys=0.00, real=0.00 secs] 
2018-03-19T13:20:17.378+0530: 4152.481: [GC (Allocation Failure) [PSYoungGen: 173664K->64K(174080K)] 330820K->157244K(523776K), 0.0014824 secs] [Times: user=0.00 sys=0.00, real=0.00 secs] 
2018-03-19T13:20:17.658+0530: 4152.760: [GC (Allocation Failure) [PSYoungGen: 173632K->96K(174080K)] 330812K->157308K(523776K), 0.0013752 secs] [Times: user=0.00 sys=0.00, real=0.00 secs] 
2018-03-19T13:20:17.938+0530: 4153.040: [GC (Allocation Failure) [PSYoungGen: 173664K->96K(174080K)] 330876K->157340K(523776K), 0.0013950 secs] [Times: user=0.00 sys=0.00, real=0.00 secs] 
2018-03-19T13:20:18.219+0530: 4153.322: [GC (Allocation Failure) [PSYoungGen: 173664K->64K(174080K)] 330908K->157332K(523776K), 0.0014753 secs] [Times: user=0.00 sys=0.00, real=0.00 secs] 
2018-03-19T13:20:18.506+0530: 4153.608: [GC (Allocation Failure) [PSYoungGen: 173632K->128K(174080K)] 330900K->157412K(523776K), 0.0014704 secs] [Times: user=0.00 sys=0.00, real=0.00 secs] 
2018-03-19T13:20:18.784+0530: 4153.887: [GC (Allocation Failure) [PSYoungGen: 173696K->64K(174080K)] 330980K->157372K(523776K), 0.0014094 secs] [Times: user=0.00 sys=0.00, real=0.00 secs] 
2018-03-19T13:20:19.063+0530: 4154.166: [GC (Allocation Failure) [PSYoungGen: 173632K->96K(174080K)] 330940K->157428K(523776K), 0.0013978 secs] [Times: user=0.00 sys=0.00, real=0.00 secs] 
2018-03-19T13:20:19.346+0530: 4154.449: [GC (Allocation Failure) [PSYoungGen: 173664K->96K(174080K)] 330996K->157460K(523776K), 0.0014828 secs] [Times: user=0.00 sys=0.00, real=0.00 secs] 
2018-03-19T13:20:19.629+0530: 4154.732: [GC (Allocation Failure) [PSYoungGen: 173664K->96K(174080K)] 331028K->157492K(523776K), 0.0015681 secs] [Times: user=0.00 sys=0.00, real=0.00 secs] 
2018-03-19T13:20:19.927+0530: 4155.030: [GC (Allocation Failure) [PSYoungGen: 173664K->96K(174080K)] 331060K->157508K(523776K), 0.0013315 secs] [Times: user=0.00 sys=0.00, real=0.00 secs] 
2018-03-19T13:20:20.207+0530: 4155.310: [GC (Allocation Failure) [PSYoungGen: 173664K->64K(174080K)] 331076K->157500K(523776K), 0.0014630 secs] [Times: user=0.00 sys=0.00, real=0.00 secs] 
2018-03-19T13:20:20.498+0530: 4155.601: [GC (Allocation Failure) [PSYoungGen: 173632K->96K(174080K)] 331068K->157564K(523776K), 0.0014951 secs] [Times: user=0.00 sys=0.00, real=0.00 secs] 
2018-03-19T13:20:20.777+0530: 4155.880: [GC (Allocation Failure) [PSYoungGen: 173664K->128K(174080K)] 331132K->157612K(523776K), 0.0014574 secs] [Times: user=0.00 sys=0.00, real=0.00 secs] 
2018-03-19T13:20:21.077+0530: 4156.179: [GC (Allocation Failure) [PSYoungGen: 173696K->96K(174080K)] 331180K->157596K(523776K), 0.0014581 secs] [Times: user=0.00 sys=0.00, real=0.00 secs] 
2018-03-19T13:20:21.355+0530: 4156.458: [GC (Allocation Failure) [PSYoungGen: 173664K->96K(174080K)] 331164K->157612K(523776K), 0.0015804 secs] [Times: user=0.00 sys=0.00, real=0.00 secs] 
2018-03-19T13:20:21.642+0530: 4156.745: [GC (Allocation Failure) [PSYoungGen: 173664K->96K(174080K)] 331180K->157628K(523776K), 0.0014299 secs] [Times: user=0.00 sys=0.00, real=0.00 secs] 
2018-03-19T13:20:21.932+0530: 4157.034: [GC (Allocation Failure) [PSYoungGen: 173664K->96K(174080K)] 331196K->157652K(523776K), 0.0015134 secs] [Times: user=0.00 sys=0.00, real=0.00 secs] 
2018-03-19T13:20:22.217+0530: 4157.320: [GC (Allocation Failure) [PSYoungGen: 173664K->64K(174080K)] 331220K->157644K(523776K), 0.0016577 secs] [Times: user=0.00 sys=0.00, real=0.00 secs] 
2018-03-19T13:20:22.511+0530: 4157.614: [GC (Allocation Failure) [PSYoungGen: 173632K->64K(174080K)] 331212K->157668K(523776K), 0.0015180 secs] [Times: user=0.00 sys=0.00, real=0.00 secs] 
2018-03-19T13:20:22.801+0530: 4157.904: [GC (Allocation Failure) [PSYoungGen: 173632K->96K(174080K)] 331236K->157724K(523776K), 0.0015508 secs] [Times: user=0.00 sys=0.00, real=0.00 secs] 
2018-03-19T13:20:23.084+0530: 4158.186: [GC (Allocation Failure) [PSYoungGen: 173664K->96K(174080K)] 331292K->157748K(523776K), 0.0014179 secs] [Times: user=0.00 sys=0.00, real=0.00 secs] 
2018-03-19T13:20:23.364+0530: 4158.466: [GC (Allocation Failure) [PSYoungGen: 173664K->96K(174080K)] 331316K->157772K(523776K), 0.0015452 secs] [Times: user=0.00 sys=0.00, real=0.00 secs] 
2018-03-19T13:20:23.664+0530: 4158.767: [GC (Allocation Failure) [PSYoungGen: 173664K->96K(174080K)] 331340K->157788K(523776K), 0.0015790 secs] [Times: user=0.00 sys=0.00, real=0.00 secs] 
2018-03-19T13:20:23.966+0530: 4159.069: [GC (Allocation Failure) [PSYoungGen: 173664K->96K(174080K)] 331356K->157804K(523776K), 0.0016111 secs] [Times: user=0.00 sys=0.00, real=0.00 secs] 
2018-03-19T13:20:24.249+0530: 4159.352: [GC (Allocation Failure) [PSYoungGen: 173664K->96K(174080K)] 331372K->157820K(523776K), 0.0013167 secs] [Times: user=0.00 sys=0.00, real=0.00 secs] 
2018-03-19T13:20:24.548+0530: 4159.651: [GC (Allocation Failure) [PSYoungGen: 173664K->96K(174080K)] 331388K->157844K(523776K), 0.0014380 secs] [Times: user=0.00 sys=0.00, real=0.00 secs] 
2018-03-19T13:20:24.826+0530: 4159.929: [GC (Allocation Failure) [PSYoungGen: 173664K->96K(174080K)] 331412K->157868K(523776K), 0.0013667 secs] [Times: user=0.00 sys=0.00, real=0.00 secs] 
2018-03-19T13:20:25.104+0530: 4160.207: [GC (Allocation Failure) [PSYoungGen: 173664K->96K(174080K)] 331436K->157892K(523776K), 0.0016217 secs] [Times: user=0.00 sys=0.00, real=0.00 secs] 
2018-03-19T13:20:25.383+0530: 4160.486: [GC (Allocation Failure) [PSYoungGen: 173664K->96K(174080K)] 331460K->157908K(523776K), 0.0013784 secs] [Times: user=0.01 sys=0.00, real=0.00 secs] 
2018-03-19T13:20:25.676+0530: 4160.778: [GC (Allocation Failure) [PSYoungGen: 173664K->96K(174080K)] 331476K->157940K(523776K), 0.0015452 secs] [Times: user=0.00 sys=0.00, real=0.00 secs] 
2018-03-19T13:20:25.959+0530: 4161.063: [GC (Allocation Failure) [PSYoungGen: 173664K->96K(174080K)] 331508K->157972K(523776K), 0.0013629 secs] [Times: user=0.00 sys=0.00, real=0.00 secs] 
2018-03-19T13:20:26.237+0530: 4161.339: [GC (Allocation Failure) [PSYoungGen: 173664K->96K(174080K)] 331540K->157988K(523776K), 0.0016294 secs] [Times: user=0.00 sys=0.00, real=0.00 secs] 
2018-03-19T13:20:26.519+0530: 4161.621: [GC (Allocation Failure) [PSYoungGen: 173664K->96K(174080K)] 331556K->158012K(523776K), 0.0014616 secs] [Times: user=0.00 sys=0.00, real=0.00 secs] 
2018-03-19T13:20:26.798+0530: 4161.901: [GC (Allocation Failure) [PSYoungGen: 173664K->96K(174080K)] 331580K->158028K(523776K), 0.0015208 secs] [Times: user=0.00 sys=0.00, real=0.00 secs] 
2018-03-19T13:20:27.075+0530: 4162.178: [GC (Allocation Failure) [PSYoungGen: 173664K->96K(174080K)] 331596K->158052K(523776K), 0.0014584 secs] [Times: user=0.00 sys=0.00, real=0.00 secs] 
2018-03-19T13:20:27.349+0530: 4162.452: [GC (Allocation Failure) [PSYoungGen: 173664K->96K(174080K)] 331620K->158076K(523776K), 0.0016344 secs] [Times: user=0.00 sys=0.00, real=0.00 secs] 
2018-03-19T13:20:27.640+0530: 4162.743: [GC (Allocation Failure) [PSYoungGen: 173664K->96K(174080K)] 331644K->158100K(523776K), 0.0016418 secs] [Times: user=0.00 sys=0.00, real=0.00 secs] 
2018-03-19T13:20:27.938+0530: 4163.041: [GC (Allocation Failure) [PSYoungGen: 173664K->64K(174080K)] 331668K->158092K(523776K), 0.0013868 secs] [Times: user=0.00 sys=0.00, real=0.00 secs] 
2018-03-19T13:20:28.215+0530: 4163.317: [GC (Allocation Failure) [PSYoungGen: 173632K->96K(174080K)] 331660K->158140K(523776K), 0.0015564 secs] [Times: user=0.00 sys=0.00, real=0.00 secs] 
2018-03-19T13:20:28.502+0530: 4163.605: [GC (Allocation Failure) [PSYoungGen: 173664K->96K(174080K)] 331708K->158164K(523776K), 0.0016171 secs] [Times: user=0.00 sys=0.00, real=0.00 secs] 
2018-03-19T13:20:28.783+0530: 4163.885: [GC (Allocation Failure) [PSYoungGen: 173664K->96K(174080K)] 331732K->158188K(523776K), 0.0014027 secs] [Times: user=0.00 sys=0.00, real=0.00 secs] 
2018-03-19T13:20:29.073+0530: 4164.175: [GC (Allocation Failure) [PSYoungGen: 173664K->96K(174080K)] 331756K->158212K(523776K), 0.0015081 secs] [Times: user=0.00 sys=0.00, real=0.00 secs] 
2018-03-19T13:20:29.382+0530: 4164.485: [GC (Allocation Failure) [PSYoungGen: 173664K->96K(174080K)] 331780K->158228K(523776K), 0.0022786 secs] [Times: user=0.03 sys=0.00, real=0.00 secs] 
2018-03-19T13:20:29.694+0530: 4164.796: [GC (Allocation Failure) [PSYoungGen: 173664K->128K(174080K)] 331796K->158284K(523776K), 0.0016337 secs] [Times: user=0.00 sys=0.00, real=0.00 secs] 
2018-03-19T13:20:29.975+0530: 4165.078: [GC (Allocation Failure) [PSYoungGen: 173696K->96K(174080K)] 331852K->158276K(523776K), 0.0015244 secs] [Times: user=0.00 sys=0.00, real=0.00 secs] 
2018-03-19T13:20:30.254+0530: 4165.357: [GC (Allocation Failure) [PSYoungGen: 173664K->96K(174080K)] 331844K->158292K(523776K), 0.0016647 secs] [Times: user=0.00 sys=0.00, real=0.00 secs] 
2018-03-19T13:20:30.562+0530: 4165.665: [GC (Allocation Failure) [PSYoungGen: 173664K->64K(174080K)] 331860K->158276K(523776K), 0.0018618 secs] [Times: user=0.00 sys=0.00, real=0.00 secs] 
2018-03-19T13:20:30.870+0530: 4165.972: [GC (Allocation Failure) [PSYoungGen: 173632K->128K(174080K)] 331844K->158364K(523776K), 0.0015959 secs] [Times: user=0.00 sys=0.00, real=0.00 secs] 
2018-03-19T13:20:31.158+0530: 4166.260: [GC (Allocation Failure) [PSYoungGen: 173696K->96K(174080K)] 331932K->158348K(523776K), 0.0013438 secs] [Times: user=0.00 sys=0.00, real=0.00 secs] 
2018-03-19T13:20:31.458+0530: 4166.560: [GC (Allocation Failure) [PSYoungGen: 173664K->96K(174080K)] 331916K->158380K(523776K), 0.0014937 secs] [Times: user=0.00 sys=0.00, real=0.00 secs] 
2018-03-19T13:20:31.748+0530: 4166.851: [GC (Allocation Failure) [PSYoungGen: 173664K->96K(174080K)] 331948K->158396K(523776K), 0.0016816 secs] [Times: user=0.00 sys=0.00, real=0.00 secs] 
2018-03-19T13:20:32.050+0530: 4167.153: [GC (Allocation Failure) [PSYoungGen: 173664K->96K(174080K)] 331964K->158420K(523776K), 0.0015395 secs] [Times: user=0.00 sys=0.00, real=0.00 secs] 
2018-03-19T13:20:32.343+0530: 4167.447: [GC (Allocation Failure) [PSYoungGen: 173664K->96K(174080K)] 331988K->158444K(523776K), 0.0015945 secs] [Times: user=0.00 sys=0.00, real=0.00 secs] 
2018-03-19T13:20:32.633+0530: 4167.736: [GC (Allocation Failure) [PSYoungGen: 173664K->96K(174080K)] 332012K->158468K(523776K), 0.0015332 secs] [Times: user=0.00 sys=0.00, real=0.00 secs] 
2018-03-19T13:20:32.931+0530: 4168.034: [GC (Allocation Failure) [PSYoungGen: 173664K->64K(174080K)] 332036K->158460K(523776K), 0.0015706 secs] [Times: user=0.00 sys=0.00, real=0.00 secs] 
2018-03-19T13:20:33.215+0530: 4168.318: [GC (Allocation Failure) [PSYoungGen: 173632K->96K(174080K)] 332028K->158516K(523776K), 0.0014838 secs] [Times: user=0.00 sys=0.00, real=0.00 secs] 
2018-03-19T13:20:33.510+0530: 4168.612: [GC (Allocation Failure) [PSYoungGen: 173664K->96K(174080K)] 332084K->158540K(523776K), 0.0015297 secs] [Times: user=0.00 sys=0.00, real=0.00 secs] 
2018-03-19T13:20:33.808+0530: 4168.911: [GC (Allocation Failure) [PSYoungGen: 173664K->64K(174080K)] 332108K->158532K(523776K), 0.0016732 secs] [Times: user=0.00 sys=0.00, real=0.00 secs] 
2018-03-19T13:20:34.085+0530: 4169.188: [GC (Allocation Failure) [PSYoungGen: 173632K->64K(174080K)] 332100K->158548K(523776K), 0.0014471 secs] [Times: user=0.00 sys=0.00, real=0.00 secs] 
2018-03-19T13:20:34.363+0530: 4169.466: [GC (Allocation Failure) [PSYoungGen: 173632K->96K(174080K)] 332116K->158596K(523776K), 0.0013653 secs] [Times: user=0.00 sys=0.00, real=0.00 secs] 
2018-03-19T13:20:34.657+0530: 4169.760: [GC (Allocation Failure) [PSYoungGen: 173664K->96K(174080K)] 332164K->158620K(523776K), 0.0014210 secs] [Times: user=0.00 sys=0.00, real=0.00 secs] 
2018-03-19T13:20:34.936+0530: 4170.039: [GC (Allocation Failure) [PSYoungGen: 173664K->96K(174080K)] 332188K->158644K(523776K), 0.0014443 secs] [Times: user=0.00 sys=0.00, real=0.00 secs] 
2018-03-19T13:20:35.212+0530: 4170.315: [GC (Allocation Failure) [PSYoungGen: 173664K->64K(174080K)] 332212K->158628K(523776K), 0.0021598 secs] [Times: user=0.00 sys=0.00, real=0.00 secs] 
2018-03-19T13:20:35.503+0530: 4170.605: [GC (Allocation Failure) [PSYoungGen: 173632K->96K(174080K)] 332196K->158676K(523776K), 0.0014627 secs] [Times: user=0.00 sys=0.00, real=0.00 secs] 
2018-03-19T13:20:35.813+0530: 4170.915: [GC (Allocation Failure) [PSYoungGen: 173664K->96K(174080K)] 332244K->158700K(523776K), 0.0015244 secs] [Times: user=0.00 sys=0.00, real=0.00 secs] 
2018-03-19T13:20:36.096+0530: 4171.199: [GC (Allocation Failure) [PSYoungGen: 173664K->96K(174080K)] 332268K->158724K(523776K), 0.0014866 secs] [Times: user=0.00 sys=0.00, real=0.00 secs] 
2018-03-19T13:20:36.381+0530: 4171.484: [GC (Allocation Failure) [PSYoungGen: 173664K->96K(174080K)] 332292K->158756K(523776K), 0.0015402 secs] [Times: user=0.00 sys=0.00, real=0.00 secs] 
2018-03-19T13:20:36.678+0530: 4171.781: [GC (Allocation Failure) [PSYoungGen: 173664K->96K(174080K)] 332324K->158780K(523776K), 0.0015882 secs] [Times: user=0.00 sys=0.00, real=0.00 secs] 
2018-03-19T13:20:36.958+0530: 4172.060: [GC (Allocation Failure) [PSYoungGen: 173664K->96K(174080K)] 332348K->158804K(523776K), 0.0016672 secs] [Times: user=0.00 sys=0.00, real=0.00 secs] 
2018-03-19T13:20:37.237+0530: 4172.340: [GC (Allocation Failure) [PSYoungGen: 173664K->96K(174080K)] 332372K->158828K(523776K), 0.0016143 secs] [Times: user=0.00 sys=0.00, real=0.00 secs] 
2018-03-19T13:20:37.532+0530: 4172.635: [GC (Allocation Failure) [PSYoungGen: 173664K->96K(174080K)] 332396K->158860K(523776K), 0.0015702 secs] [Times: user=0.00 sys=0.00, real=0.00 secs] 
2018-03-19T13:20:37.821+0530: 4172.924: [GC (Allocation Failure) [PSYoungGen: 173664K->96K(174080K)] 332428K->158884K(523776K), 0.0016048 secs] [Times: user=0.00 sys=0.00, real=0.00 secs] 
2018-03-19T13:20:38.099+0530: 4173.202: [GC (Allocation Failure) [PSYoungGen: 173664K->64K(174080K)] 332452K->158876K(523776K), 0.0015656 secs] [Times: user=0.00 sys=0.00, real=0.00 secs] 
2018-03-19T13:20:38.371+0530: 4173.474: [GC (Allocation Failure) [PSYoungGen: 173632K->96K(174080K)] 332444K->158924K(523776K), 0.0013600 secs] [Times: user=0.00 sys=0.00, real=0.00 secs] 
2018-03-19T13:20:38.666+0530: 4173.769: [GC (Allocation Failure) [PSYoungGen: 173664K->64K(174080K)] 332492K->158916K(523776K), 0.0013893 secs] [Times: user=0.00 sys=0.00, real=0.00 secs] 
2018-03-19T13:20:38.955+0530: 4174.058: [GC (Allocation Failure) [PSYoungGen: 173632K->96K(174080K)] 332484K->158972K(523776K), 0.0014415 secs] [Times: user=0.00 sys=0.00, real=0.00 secs] 
2018-03-19T13:20:39.237+0530: 4174.340: [GC (Allocation Failure) [PSYoungGen: 173664K->96K(174080K)] 332540K->158996K(523776K), 0.0014581 secs] [Times: user=0.00 sys=0.00, real=0.00 secs] 
2018-03-19T13:20:39.534+0530: 4174.636: [GC (Allocation Failure) [PSYoungGen: 173664K->96K(174080K)] 332564K->159012K(523776K), 0.0015868 secs] [Times: user=0.00 sys=0.00, real=0.00 secs] 
2018-03-19T13:20:39.824+0530: 4174.926: [GC (Allocation Failure) [PSYoungGen: 173664K->96K(174080K)] 332580K->159028K(523776K), 0.0015780 secs] [Times: user=0.00 sys=0.00, real=0.00 secs] 
2018-03-19T13:20:40.184+0530: 4175.287: [GC (Allocation Failure) [PSYoungGen: 173664K->96K(174080K)] 332596K->159060K(523776K), 0.0017335 secs] [Times: user=0.00 sys=0.00, real=0.00 secs] 
2018-03-19T13:20:40.816+0530: 4175.918: [GC (Allocation Failure) [PSYoungGen: 173664K->64K(174080K)] 332628K->159044K(523776K), 0.0026908 secs] [Times: user=0.00 sys=0.00, real=0.00 secs] 
2018-03-19T13:20:41.264+0530: 4176.367: [GC (Allocation Failure) [PSYoungGen: 173632K->64K(174080K)] 332612K->159068K(523776K), 0.0022162 secs] [Times: user=0.00 sys=0.00, real=0.00 secs] 
2018-03-19T13:20:41.734+0530: 4176.837: [GC (Allocation Failure) [PSYoungGen: 173632K->96K(174080K)] 332636K->159116K(523776K), 0.0018110 secs] [Times: user=0.00 sys=0.00, real=0.00 secs] 
2018-03-19T13:20:42.347+0530: 4177.449: [GC (Allocation Failure) [PSYoungGen: 173664K->128K(174080K)] 332684K->159164K(523776K), 0.0021548 secs] [Times: user=0.00 sys=0.00, real=0.00 secs] 
2018-03-19T13:20:42.812+0530: 4177.915: [GC (Allocation Failure) [PSYoungGen: 173696K->96K(174080K)] 332732K->159156K(523776K), 0.0016911 secs] [Times: user=0.00 sys=0.00, real=0.00 secs] 
2018-03-19T13:20:43.174+0530: 4178.276: [GC (Allocation Failure) [PSYoungGen: 173664K->96K(174080K)] 332724K->159180K(523776K), 0.0014461 secs] [Times: user=0.00 sys=0.00, real=0.00 secs] 
2018-03-19T13:20:43.464+0530: 4178.566: [GC (Allocation Failure) [PSYoungGen: 173664K->96K(174080K)] 332748K->159196K(523776K), 0.0015607 secs] [Times: user=0.00 sys=0.00, real=0.00 secs] 
2018-03-19T13:20:43.766+0530: 4178.870: [GC (Allocation Failure) [PSYoungGen: 173664K->32K(174080K)] 332764K->159148K(523776K), 0.0025385 secs] [Times: user=0.00 sys=0.00, real=0.00 secs] 
2018-03-19T13:20:44.064+0530: 4179.167: [GC (Allocation Failure) [PSYoungGen: 173600K->96K(174080K)] 332716K->159244K(523776K), 0.0015734 secs] [Times: user=0.00 sys=0.00, real=0.00 secs] 
2018-03-19T13:20:44.343+0530: 4179.446: [GC (Allocation Failure) [PSYoungGen: 173664K->96K(174080K)] 332812K->159268K(523776K), 0.0014873 secs] [Times: user=0.00 sys=0.00, real=0.00 secs] 
2018-03-19T13:20:44.643+0530: 4179.745: [GC (Allocation Failure) [PSYoungGen: 173664K->96K(174080K)] 332836K->159292K(523776K), 0.0013967 secs] [Times: user=0.00 sys=0.00, real=0.00 secs] 
2018-03-19T13:20:44.919+0530: 4180.022: [GC (Allocation Failure) [PSYoungGen: 173664K->96K(174080K)] 332860K->159324K(523776K), 0.0015106 secs] [Times: user=0.00 sys=0.00, real=0.00 secs] 
2018-03-19T13:20:45.200+0530: 4180.303: [GC (Allocation Failure) [PSYoungGen: 173664K->96K(174080K)] 332892K->159340K(523776K), 0.0014055 secs] [Times: user=0.00 sys=0.00, real=0.00 secs] 
2018-03-19T13:20:45.486+0530: 4180.589: [GC (Allocation Failure) [PSYoungGen: 173664K->96K(174080K)] 332908K->159364K(523776K), 0.0015127 secs] [Times: user=0.00 sys=0.00, real=0.00 secs] 
2018-03-19T13:20:45.773+0530: 4180.876: [GC (Allocation Failure) [PSYoungGen: 173664K->96K(174080K)] 332932K->159396K(523776K), 0.0014902 secs] [Times: user=0.00 sys=0.00, real=0.00 secs] 
2018-03-19T13:20:46.057+0530: 4181.160: [GC (Allocation Failure) [PSYoungGen: 173664K->96K(174080K)] 332964K->159420K(523776K), 0.0014048 secs] [Times: user=0.00 sys=0.00, real=0.00 secs] 
2018-03-19T13:20:46.338+0530: 4181.440: [GC (Allocation Failure) [PSYoungGen: 173664K->64K(174080K)] 332988K->159412K(523776K), 0.0014958 secs] [Times: user=0.00 sys=0.00, real=0.00 secs] 
2018-03-19T13:20:46.628+0530: 4181.731: [GC (Allocation Failure) [PSYoungGen: 173632K->96K(174080K)] 332980K->159476K(523776K), 0.0014972 secs] [Times: user=0.00 sys=0.00, real=0.00 secs] 
2018-03-19T13:20:46.906+0530: 4182.009: [GC (Allocation Failure) [PSYoungGen: 173664K->96K(174080K)] 333044K->159508K(523776K), 0.0014637 secs] [Times: user=0.00 sys=0.00, real=0.00 secs] 
2018-03-19T13:20:47.186+0530: 4182.289: [GC (Allocation Failure) [PSYoungGen: 173664K->96K(174080K)] 333076K->159532K(523776K), 0.0014253 secs] [Times: user=0.00 sys=0.00, real=0.00 secs] 
2018-03-19T13:20:47.476+0530: 4182.579: [GC (Allocation Failure) [PSYoungGen: 173664K->64K(174080K)] 333100K->159524K(523776K), 0.0014602 secs] [Times: user=0.02 sys=0.00, real=0.00 secs] 
2018-03-19T13:20:47.761+0530: 4182.864: [GC (Allocation Failure) [PSYoungGen: 173632K->32K(174080K)] 333092K->159508K(523776K), 0.0019538 secs] [Times: user=0.00 sys=0.00, real=0.00 secs] 
2018-03-19T13:20:48.055+0530: 4183.158: [GC (Allocation Failure) [PSYoungGen: 173600K->96K(174080K)] 333076K->159588K(523776K), 0.0017486 secs] [Times: user=0.00 sys=0.00, real=0.00 secs] 
2018-03-19T13:20:48.333+0530: 4183.436: [GC (Allocation Failure) [PSYoungGen: 173664K->96K(174080K)] 333156K->159604K(523776K), 0.0015096 secs] [Times: user=0.00 sys=0.00, real=0.00 secs] 
2018-03-19T13:20:48.619+0530: 4183.721: [GC (Allocation Failure) [PSYoungGen: 173664K->96K(174080K)] 333172K->159636K(523776K), 0.0014235 secs] [Times: user=0.00 sys=0.00, real=0.00 secs] 
2018-03-19T13:20:48.897+0530: 4183.999: [GC (Allocation Failure) [PSYoungGen: 173664K->64K(174080K)] 333204K->159628K(523776K), 0.0014990 secs] [Times: user=0.00 sys=0.00, real=0.00 secs] 
2018-03-19T13:20:49.178+0530: 4184.281: [GC (Allocation Failure) [PSYoungGen: 173632K->64K(174080K)] 333196K->159652K(523776K), 0.0013354 secs] [Times: user=0.00 sys=0.00, real=0.00 secs] 
2018-03-19T13:20:49.472+0530: 4184.575: [GC (Allocation Failure) [PSYoungGen: 173632K->96K(174080K)] 333220K->159700K(523776K), 0.0014658 secs] [Times: user=0.00 sys=0.00, real=0.00 secs] 
2018-03-19T13:20:49.764+0530: 4184.868: [GC (Allocation Failure) [PSYoungGen: 173664K->96K(174080K)] 333268K->159724K(523776K), 0.0015966 secs] [Times: user=0.00 sys=0.00, real=0.00 secs] 
2018-03-19T13:20:50.041+0530: 4185.144: [GC (Allocation Failure) [PSYoungGen: 173664K->96K(174080K)] 333292K->159756K(523776K), 0.0014228 secs] [Times: user=0.00 sys=0.00, real=0.00 secs] 
2018-03-19T13:20:50.318+0530: 4185.421: [GC (Allocation Failure) [PSYoungGen: 173664K->64K(174080K)] 333324K->159748K(523776K), 0.0013992 secs] [Times: user=0.00 sys=0.00, real=0.00 secs] 
2018-03-19T13:20:50.616+0530: 4185.718: [GC (Allocation Failure) [PSYoungGen: 173632K->96K(174080K)] 333316K->159804K(523776K), 0.0016926 secs] [Times: user=0.00 sys=0.00, real=0.00 secs] 
2018-03-19T13:20:50.902+0530: 4186.005: [GC (Allocation Failure) [PSYoungGen: 173664K->96K(174080K)] 333372K->159836K(523776K), 0.0014986 secs] [Times: user=0.00 sys=0.00, real=0.00 secs] 
2018-03-19T13:20:51.186+0530: 4186.288: [GC (Allocation Failure) [PSYoungGen: 173664K->64K(174080K)] 333404K->159836K(523776K), 0.0016460 secs] [Times: user=0.00 sys=0.00, real=0.00 secs] 
2018-03-19T13:20:51.477+0530: 4186.580: [GC (Allocation Failure) [PSYoungGen: 173632K->96K(174080K)] 333404K->159884K(523776K), 0.0015533 secs] [Times: user=0.06 sys=0.00, real=0.00 secs] 
2018-03-19T13:20:51.768+0530: 4186.871: [GC (Allocation Failure) [PSYoungGen: 173664K->32K(174080K)] 333452K->159836K(523776K), 0.0019189 secs] [Times: user=0.00 sys=0.00, real=0.00 secs] 
2018-03-19T13:20:52.059+0530: 4187.162: [GC (Allocation Failure) [PSYoungGen: 173600K->96K(174080K)] 333404K->159924K(523776K), 0.0015776 secs] [Times: user=0.00 sys=0.00, real=0.00 secs] 
2018-03-19T13:20:52.334+0530: 4187.436: [GC (Allocation Failure) [PSYoungGen: 173664K->96K(174080K)] 333492K->159948K(523776K), 0.0014612 secs] [Times: user=0.00 sys=0.00, real=0.00 secs] 
2018-03-19T13:20:52.620+0530: 4187.723: [GC (Allocation Failure) [PSYoungGen: 173664K->96K(174080K)] 333516K->159964K(523776K), 0.0013777 secs] [Times: user=0.00 sys=0.00, real=0.00 secs] 
2018-03-19T13:20:52.903+0530: 4188.007: [GC (Allocation Failure) [PSYoungGen: 173664K->96K(174080K)] 333532K->159988K(523776K), 0.0015631 secs] [Times: user=0.00 sys=0.00, real=0.00 secs] 
2018-03-19T13:20:53.187+0530: 4188.290: [GC (Allocation Failure) [PSYoungGen: 173664K->64K(174080K)] 333556K->159980K(523776K), 0.0015289 secs] [Times: user=0.00 sys=0.00, real=0.00 secs] 
2018-03-19T13:20:53.474+0530: 4188.577: [GC (Allocation Failure) [PSYoungGen: 173632K->96K(174080K)] 333548K->160036K(523776K), 0.0015201 secs] [Times: user=0.00 sys=0.00, real=0.00 secs] 
2018-03-19T13:20:53.768+0530: 4188.871: [GC (Allocation Failure) [PSYoungGen: 173664K->64K(174080K)] 333604K->160028K(523776K), 0.0014383 secs] [Times: user=0.00 sys=0.00, real=0.00 secs] 
2018-03-19T13:20:54.073+0530: 4189.176: [GC (Allocation Failure) [PSYoungGen: 173632K->96K(174080K)] 333596K->160084K(523776K), 0.0015843 secs] [Times: user=0.00 sys=0.00, real=0.00 secs] 
2018-03-19T13:20:54.428+0530: 4189.531: [GC (Allocation Failure) [PSYoungGen: 173664K->96K(174080K)] 333652K->160108K(523776K), 0.0017990 secs] [Times: user=0.00 sys=0.00, real=0.00 secs] 
2018-03-19T13:20:54.773+0530: 4189.875: [GC (Allocation Failure) [PSYoungGen: 173664K->96K(174080K)] 333676K->160132K(523776K), 0.0014870 secs] [Times: user=0.00 sys=0.00, real=0.00 secs] 
2018-03-19T13:20:55.053+0530: 4190.155: [GC (Allocation Failure) [PSYoungGen: 173664K->64K(174080K)] 333700K->160124K(523776K), 0.0015021 secs] [Times: user=0.00 sys=0.00, real=0.00 secs] 
2018-03-19T13:20:55.330+0530: 4190.433: [GC (Allocation Failure) [PSYoungGen: 173632K->96K(174080K)] 333692K->160180K(523776K), 0.0015861 secs] [Times: user=0.00 sys=0.00, real=0.00 secs] 
2018-03-19T13:20:55.619+0530: 4190.722: [GC (Allocation Failure) [PSYoungGen: 173664K->64K(174080K)] 333748K->160172K(523776K), 0.0016203 secs] [Times: user=0.00 sys=0.00, real=0.00 secs] 
2018-03-19T13:20:55.924+0530: 4191.027: [GC (Allocation Failure) [PSYoungGen: 173632K->64K(174080K)] 333740K->160188K(523776K), 0.0016072 secs] [Times: user=0.00 sys=0.00, real=0.00 secs] 
2018-03-19T13:20:56.204+0530: 4191.307: [GC (Allocation Failure) [PSYoungGen: 173632K->32K(174080K)] 333756K->160180K(523776K), 0.0015956 secs] [Times: user=0.00 sys=0.00, real=0.00 secs] 
2018-03-19T13:20:56.488+0530: 4191.591: [GC (Allocation Failure) [PSYoungGen: 173600K->64K(174080K)] 333748K->160236K(523776K), 0.0014235 secs] [Times: user=0.00 sys=0.00, real=0.00 secs] 
2018-03-19T13:20:56.770+0530: 4191.873: [GC (Allocation Failure) [PSYoungGen: 173632K->96K(174080K)] 333804K->160300K(523776K), 0.0014940 secs] [Times: user=0.00 sys=0.00, real=0.00 secs] 
2018-03-19T13:20:57.048+0530: 4192.151: [GC (Allocation Failure) [PSYoungGen: 173664K->96K(174080K)] 333868K->160324K(523776K), 0.0013981 secs] [Times: user=0.00 sys=0.00, real=0.00 secs] 
2018-03-19T13:20:57.324+0530: 4192.427: [GC (Allocation Failure) [PSYoungGen: 173664K->96K(174080K)] 333892K->160340K(523776K), 0.0015335 secs] [Times: user=0.00 sys=0.00, real=0.00 secs] 
2018-03-19T13:20:57.605+0530: 4192.708: [GC (Allocation Failure) [PSYoungGen: 173664K->96K(174080K)] 333908K->160364K(523776K), 0.0015512 secs] [Times: user=0.00 sys=0.00, real=0.00 secs] 
2018-03-19T13:20:57.879+0530: 4192.982: [GC (Allocation Failure) [PSYoungGen: 173664K->96K(174080K)] 333932K->160388K(523776K), 0.0016044 secs] [Times: user=0.00 sys=0.00, real=0.00 secs] 
2018-03-19T13:20:58.158+0530: 4193.262: [GC (Allocation Failure) [PSYoungGen: 173664K->96K(174080K)] 333956K->160412K(523776K), 0.0013724 secs] [Times: user=0.00 sys=0.00, real=0.00 secs] 
2018-03-19T13:20:58.446+0530: 4193.549: [GC (Allocation Failure) [PSYoungGen: 173664K->96K(174080K)] 333980K->160436K(523776K), 0.0016368 secs] [Times: user=0.00 sys=0.00, real=0.00 secs] 
2018-03-19T13:20:58.727+0530: 4193.830: [GC (Allocation Failure) [PSYoungGen: 173664K->96K(174080K)] 334004K->160460K(523776K), 0.0014898 secs] [Times: user=0.02 sys=0.00, real=0.00 secs] 
2018-03-19T13:20:59.004+0530: 4194.106: [GC (Allocation Failure) [PSYoungGen: 173664K->96K(174080K)] 334028K->160476K(523776K), 0.0013576 secs] [Times: user=0.00 sys=0.00, real=0.00 secs] 
2018-03-19T13:20:59.276+0530: 4194.378: [GC (Allocation Failure) [PSYoungGen: 173664K->96K(174080K)] 334044K->160500K(523776K), 0.0015265 secs] [Times: user=0.00 sys=0.00, real=0.00 secs] 
2018-03-19T13:20:59.564+0530: 4194.667: [GC (Allocation Failure) [PSYoungGen: 173664K->96K(174080K)] 334068K->160524K(523776K), 0.0014461 secs] [Times: user=0.00 sys=0.00, real=0.00 secs] 
2018-03-19T13:20:59.868+0530: 4194.970: [GC (Allocation Failure) [PSYoungGen: 173664K->96K(174080K)] 334092K->160548K(523776K), 0.0016051 secs] [Times: user=0.00 sys=0.00, real=0.00 secs] 
2018-03-19T13:21:00.176+0530: 4195.279: [GC (Allocation Failure) [PSYoungGen: 173664K->96K(174080K)] 334116K->160572K(523776K), 0.0016693 secs] [Times: user=0.00 sys=0.00, real=0.00 secs] 
2018-03-19T13:21:00.469+0530: 4195.572: [GC (Allocation Failure) [PSYoungGen: 173664K->96K(174080K)] 334140K->160604K(523776K), 0.0013509 secs] [Times: user=0.00 sys=0.00, real=0.00 secs] 
2018-03-19T13:21:00.748+0530: 4195.851: [GC (Allocation Failure) [PSYoungGen: 173664K->64K(174080K)] 334172K->160588K(523776K), 0.0014440 secs] [Times: user=0.00 sys=0.00, real=0.00 secs] 
2018-03-19T13:21:01.027+0530: 4196.130: [GC (Allocation Failure) [PSYoungGen: 173632K->96K(174080K)] 334156K->160644K(523776K), 0.0015057 secs] [Times: user=0.00 sys=0.00, real=0.00 secs] 
2018-03-19T13:21:01.304+0530: 4196.408: [GC (Allocation Failure) [PSYoungGen: 173664K->96K(174080K)] 334212K->160668K(523776K), 0.0015483 secs] [Times: user=0.00 sys=0.00, real=0.00 secs] 
2018-03-19T13:21:01.592+0530: 4196.694: [GC (Allocation Failure) [PSYoungGen: 173664K->96K(174080K)] 334236K->160692K(523776K), 0.0015367 secs] [Times: user=0.00 sys=0.00, real=0.00 secs] 
2018-03-19T13:21:01.875+0530: 4196.978: [GC (Allocation Failure) [PSYoungGen: 173664K->96K(174080K)] 334260K->160724K(523776K), 0.0014746 secs] [Times: user=0.00 sys=0.00, real=0.00 secs] 
2018-03-19T13:21:02.158+0530: 4197.261: [GC (Allocation Failure) [PSYoungGen: 173664K->64K(174080K)] 334292K->160716K(523776K), 0.0014983 secs] [Times: user=0.00 sys=0.00, real=0.00 secs] 
2018-03-19T13:21:02.440+0530: 4197.543: [GC (Allocation Failure) [PSYoungGen: 173632K->96K(174080K)] 334284K->160764K(523776K), 0.0014609 secs] [Times: user=0.00 sys=0.00, real=0.00 secs] 
2018-03-19T13:21:02.722+0530: 4197.825: [GC (Allocation Failure) [PSYoungGen: 173664K->64K(174080K)] 334332K->160748K(523776K), 0.0014577 secs] [Times: user=0.00 sys=0.00, real=0.00 secs] 
2018-03-19T13:21:02.994+0530: 4198.097: [GC (Allocation Failure) [PSYoungGen: 173632K->96K(174080K)] 334316K->160812K(523776K), 0.0015311 secs] [Times: user=0.00 sys=0.00, real=0.00 secs] 
2018-03-19T13:21:03.271+0530: 4198.373: [GC (Allocation Failure) [PSYoungGen: 173664K->96K(174080K)] 334380K->160836K(523776K), 0.0015360 secs] [Times: user=0.00 sys=0.00, real=0.00 secs] 
2018-03-19T13:21:03.563+0530: 4198.665: [GC (Allocation Failure) [PSYoungGen: 173664K->96K(174080K)] 334404K->160868K(523776K), 0.0014648 secs] [Times: user=0.00 sys=0.00, real=0.00 secs] 
2018-03-19T13:21:03.876+0530: 4198.979: [GC (Allocation Failure) [PSYoungGen: 173664K->64K(174080K)] 334436K->160860K(523776K), 0.0013357 secs] [Times: user=0.00 sys=0.00, real=0.00 secs] 
2018-03-19T13:21:04.159+0530: 4199.262: [GC (Allocation Failure) [PSYoungGen: 173632K->96K(174080K)] 334428K->160916K(523776K), 0.0015043 secs] [Times: user=0.00 sys=0.00, real=0.00 secs] 
2018-03-19T13:21:04.444+0530: 4199.547: [GC (Allocation Failure) [PSYoungGen: 173664K->96K(174080K)] 334484K->160948K(523776K), 0.0015568 secs] [Times: user=0.00 sys=0.00, real=0.00 secs] 
2018-03-19T13:21:04.732+0530: 4199.835: [GC (Allocation Failure) [PSYoungGen: 173664K->96K(174080K)] 334516K->160964K(523776K), 0.0015420 secs] [Times: user=0.00 sys=0.00, real=0.00 secs] 
2018-03-19T13:21:05.006+0530: 4200.109: [GC (Allocation Failure) [PSYoungGen: 173664K->96K(174080K)] 334532K->160988K(523776K), 0.0014394 secs] [Times: user=0.00 sys=0.00, real=0.00 secs] 
2018-03-19T13:21:05.272+0530: 4200.375: [GC (Allocation Failure) [PSYoungGen: 173664K->96K(174080K)] 334556K->161012K(523776K), 0.0015455 secs] [Times: user=0.00 sys=0.00, real=0.00 secs] 
2018-03-19T13:21:05.563+0530: 4200.665: [GC (Allocation Failure) [PSYoungGen: 173664K->96K(174080K)] 334580K->161028K(523776K), 0.0017158 secs] [Times: user=0.00 sys=0.00, real=0.00 secs] 
2018-03-19T13:21:05.844+0530: 4200.947: [GC (Allocation Failure) [PSYoungGen: 173664K->96K(174080K)] 334596K->161052K(523776K), 0.0013858 secs] [Times: user=0.00 sys=0.00, real=0.00 secs] 
2018-03-19T13:21:06.125+0530: 4201.229: [GC (Allocation Failure) [PSYoungGen: 173664K->128K(174080K)] 334620K->161100K(523776K), 0.0016058 secs] [Times: user=0.00 sys=0.00, real=0.00 secs] 
2018-03-19T13:21:06.407+0530: 4201.510: [GC (Allocation Failure) [PSYoungGen: 173696K->96K(174080K)] 334668K->161092K(523776K), 0.0015117 secs] [Times: user=0.00 sys=0.00, real=0.00 secs] 
2018-03-19T13:21:06.687+0530: 4201.790: [GC (Allocation Failure) [PSYoungGen: 173664K->96K(174080K)] 334660K->161116K(523776K), 0.0014627 secs] [Times: user=0.00 sys=0.00, real=0.00 secs] 
2018-03-19T13:21:06.999+0530: 4202.101: [GC (Allocation Failure) [PSYoungGen: 173664K->64K(174080K)] 334684K->161108K(523776K), 0.0015222 secs] [Times: user=0.00 sys=0.00, real=0.00 secs] 
2018-03-19T13:21:07.277+0530: 4202.380: [GC (Allocation Failure) [PSYoungGen: 173632K->96K(174080K)] 334676K->161164K(523776K), 0.0017084 secs] [Times: user=0.00 sys=0.00, real=0.00 secs] 
2018-03-19T13:21:07.608+0530: 4202.711: [GC (Allocation Failure) [PSYoungGen: 173664K->64K(174080K)] 334732K->161156K(523776K), 0.0018361 secs] [Times: user=0.00 sys=0.00, real=0.00 secs] 
2018-03-19T13:21:08.111+0530: 4203.213: [GC (Allocation Failure) [PSYoungGen: 173632K->64K(174080K)] 334724K->161180K(523776K), 0.0025230 secs] [Times: user=0.00 sys=0.00, real=0.00 secs] 
2018-03-19T13:21:08.553+0530: 4203.656: [GC (Allocation Failure) [PSYoungGen: 173632K->96K(174080K)] 334748K->161236K(523776K), 0.0019507 secs] [Times: user=0.00 sys=0.00, real=0.00 secs] 
2018-03-19T13:21:08.925+0530: 4204.028: [GC (Allocation Failure) [PSYoungGen: 173664K->64K(174080K)] 334804K->161220K(523776K), 0.0028216 secs] [Times: user=0.00 sys=0.00, real=0.00 secs] 
2018-03-19T13:21:09.359+0530: 4204.462: [GC (Allocation Failure) [PSYoungGen: 173632K->64K(174080K)] 334788K->161244K(523776K), 0.0015371 secs] [Times: user=0.00 sys=0.00, real=0.00 secs] 
2018-03-19T13:21:09.785+0530: 4204.888: [GC (Allocation Failure) [PSYoungGen: 173632K->32K(174080K)] 334812K->161228K(523776K), 0.0018216 secs] [Times: user=0.00 sys=0.00, real=0.00 secs] 
2018-03-19T13:21:10.200+0530: 4205.303: [GC (Allocation Failure) [PSYoungGen: 173600K->96K(174080K)] 334796K->161316K(523776K), 0.0016065 secs] [Times: user=0.00 sys=0.00, real=0.00 secs] 
2018-03-19T13:21:10.663+0530: 4205.766: [GC (Allocation Failure) [PSYoungGen: 173664K->128K(174080K)] 334884K->161364K(523776K), 0.0018414 secs] [Times: user=0.02 sys=0.00, real=0.00 secs] 
2018-03-19T13:21:11.035+0530: 4206.138: [GC (Allocation Failure) [PSYoungGen: 173696K->64K(174080K)] 334932K->161324K(523776K), 0.0016654 secs] [Times: user=0.00 sys=0.00, real=0.00 secs] 
2018-03-19T13:21:11.490+0530: 4206.593: [GC (Allocation Failure) [PSYoungGen: 173632K->64K(174080K)] 334892K->161340K(523776K), 0.0018107 secs] [Times: user=0.00 sys=0.00, real=0.00 secs] 
2018-03-19T13:21:11.905+0530: 4207.008: [GC (Allocation Failure) [PSYoungGen: 173632K->96K(174080K)] 334908K->161404K(523776K), 0.0016841 secs] [Times: user=0.00 sys=0.00, real=0.00 secs] 
2018-03-19T13:21:12.298+0530: 4207.401: [GC (Allocation Failure) [PSYoungGen: 173664K->96K(174080K)] 334972K->161428K(523776K), 0.0018033 secs] [Times: user=0.00 sys=0.00, real=0.00 secs] 
2018-03-19T13:21:12.680+0530: 4207.784: [GC (Allocation Failure) [PSYoungGen: 173664K->32K(174080K)] 334996K->161380K(523776K), 0.0023897 secs] [Times: user=0.02 sys=0.00, real=0.00 secs] 
2018-03-19T13:21:13.092+0530: 4208.195: [GC (Allocation Failure) [PSYoungGen: 173600K->32K(174080K)] 334948K->161396K(523776K), 0.0020744 secs] [Times: user=0.00 sys=0.00, real=0.00 secs] 
2018-03-19T13:21:13.495+0530: 4208.598: [GC (Allocation Failure) [PSYoungGen: 173600K->64K(174080K)] 334964K->161444K(523776K), 0.0022670 secs] [Times: user=0.00 sys=0.00, real=0.00 secs] 
2018-03-19T13:21:14.151+0530: 4209.255: [GC (Allocation Failure) [PSYoungGen: 173632K->64K(174080K)] 335012K->161460K(523776K), 0.0024207 secs] [Times: user=0.00 sys=0.00, real=0.00 secs] 
2018-03-19T13:21:14.933+0530: 4210.036: [GC (Allocation Failure) [PSYoungGen: 173632K->64K(174080K)] 335028K->161476K(523776K), 0.0022627 secs] [Times: user=0.00 sys=0.00, real=0.00 secs] 
2018-03-19T13:21:15.513+0530: 4210.616: [GC (Allocation Failure) [PSYoungGen: 173632K->96K(174080K)] 335044K->161532K(523776K), 0.0017698 secs] [Times: user=0.00 sys=0.00, real=0.00 secs] 
2018-03-19T13:21:15.827+0530: 4210.930: [GC (Allocation Failure) [PSYoungGen: 173664K->64K(174080K)] 335100K->161516K(523776K), 0.0018304 secs] [Times: user=0.00 sys=0.00, real=0.00 secs] 
2018-03-19T13:21:16.166+0530: 4211.269: [GC (Allocation Failure) [PSYoungGen: 173632K->96K(174080K)] 335084K->161572K(523776K), 0.0016435 secs] [Times: user=0.00 sys=0.00, real=0.00 secs] 
2018-03-19T13:21:16.492+0530: 4211.595: [GC (Allocation Failure) [PSYoungGen: 173664K->96K(174080K)] 335140K->161596K(523776K), 0.0014845 secs] [Times: user=0.00 sys=0.00, real=0.00 secs] 
2018-03-19T13:21:16.777+0530: 4211.881: [GC (Allocation Failure) [PSYoungGen: 173664K->96K(174080K)] 335164K->161620K(523776K), 0.0014951 secs] [Times: user=0.00 sys=0.00, real=0.00 secs] 
2018-03-19T13:21:17.053+0530: 4212.155: [GC (Allocation Failure) [PSYoungGen: 173664K->96K(174080K)] 335188K->161644K(523776K), 0.0015325 secs] [Times: user=0.00 sys=0.00, real=0.00 secs] 
2018-03-19T13:21:17.330+0530: 4212.433: [GC (Allocation Failure) [PSYoungGen: 173664K->96K(174080K)] 335212K->161660K(523776K), 0.0014048 secs] [Times: user=0.00 sys=0.00, real=0.00 secs] 
2018-03-19T13:21:17.618+0530: 4212.721: [GC (Allocation Failure) [PSYoungGen: 173664K->96K(174080K)] 335228K->161684K(523776K), 0.0015804 secs] [Times: user=0.00 sys=0.00, real=0.00 secs] 
2018-03-19T13:21:17.899+0530: 4213.002: [GC (Allocation Failure) [PSYoungGen: 173664K->96K(174080K)] 335252K->161708K(523776K), 0.0014584 secs] [Times: user=0.02 sys=0.00, real=0.00 secs] 
2018-03-19T13:21:18.177+0530: 4213.280: [GC (Allocation Failure) [PSYoungGen: 173664K->96K(174080K)] 335276K->161732K(523776K), 0.0018392 secs] [Times: user=0.00 sys=0.00, real=0.00 secs] 
2018-03-19T13:21:18.468+0530: 4213.570: [GC (Allocation Failure) [PSYoungGen: 173664K->64K(174080K)] 335300K->161724K(523776K), 0.0017606 secs] [Times: user=0.00 sys=0.00, real=0.00 secs] 
2018-03-19T13:21:18.752+0530: 4213.855: [GC (Allocation Failure) [PSYoungGen: 173632K->96K(174080K)] 335292K->161772K(523776K), 0.0014732 secs] [Times: user=0.00 sys=0.00, real=0.00 secs] 
2018-03-19T13:21:19.026+0530: 4214.129: [GC (Allocation Failure) [PSYoungGen: 173664K->96K(174080K)] 335340K->161788K(523776K), 0.0013699 secs] [Times: user=0.00 sys=0.00, real=0.00 secs] 
2018-03-19T13:21:19.303+0530: 4214.405: [GC (Allocation Failure) [PSYoungGen: 173664K->96K(174080K)] 335356K->161812K(523776K), 0.0017349 secs] [Times: user=0.00 sys=0.00, real=0.00 secs] 
2018-03-19T13:21:19.599+0530: 4214.702: [GC (Allocation Failure) [PSYoungGen: 173664K->96K(174080K)] 335380K->161844K(523776K), 0.0015036 secs] [Times: user=0.00 sys=0.00, real=0.00 secs] 
2018-03-19T13:21:19.915+0530: 4215.018: [GC (Allocation Failure) [PSYoungGen: 173664K->96K(174080K)] 335412K->161868K(523776K), 0.0016587 secs] [Times: user=0.06 sys=0.00, real=0.00 secs] 
2018-03-19T13:21:20.201+0530: 4215.304: [GC (Allocation Failure) [PSYoungGen: 173664K->96K(174080K)] 335436K->161900K(523776K), 0.0015681 secs] [Times: user=0.00 sys=0.00, real=0.00 secs] 
2018-03-19T13:21:20.485+0530: 4215.588: [GC (Allocation Failure) [PSYoungGen: 173664K->96K(174080K)] 335468K->161916K(523776K), 0.0015138 secs] [Times: user=0.00 sys=0.00, real=0.00 secs] 
2018-03-19T13:21:20.765+0530: 4215.869: [GC (Allocation Failure) [PSYoungGen: 173664K->96K(174080K)] 335484K->161940K(523776K), 0.0015628 secs] [Times: user=0.00 sys=0.00, real=0.00 secs] 
2018-03-19T13:21:21.041+0530: 4216.144: [GC (Allocation Failure) [PSYoungGen: 173664K->96K(174080K)] 335508K->161964K(523776K), 0.0013410 secs] [Times: user=0.00 sys=0.00, real=0.00 secs] 
2018-03-19T13:21:21.326+0530: 4216.428: [GC (Allocation Failure) [PSYoungGen: 173664K->64K(174080K)] 335532K->161956K(523776K), 0.0014200 secs] [Times: user=0.00 sys=0.00, real=0.00 secs] 
2018-03-19T13:21:21.615+0530: 4216.718: [GC (Allocation Failure) [PSYoungGen: 173632K->64K(174080K)] 335524K->161980K(523776K), 0.0014686 secs] [Times: user=0.00 sys=0.00, real=0.00 secs] 
2018-03-19T13:21:21.897+0530: 4216.999: [GC (Allocation Failure) [PSYoungGen: 173632K->96K(174080K)] 335548K->162036K(523776K), 0.0014799 secs] [Times: user=0.00 sys=0.00, real=0.00 secs] 
2018-03-19T13:21:22.176+0530: 4217.279: [GC (Allocation Failure) [PSYoungGen: 173664K->96K(174080K)] 335604K->162060K(523776K), 0.0016072 secs] [Times: user=0.00 sys=0.00, real=0.00 secs] 
2018-03-19T13:21:22.464+0530: 4217.567: [GC (Allocation Failure) [PSYoungGen: 173664K->64K(174080K)] 335628K->162060K(523776K), 0.0016658 secs] [Times: user=0.00 sys=0.00, real=0.00 secs] 
2018-03-19T13:21:22.750+0530: 4217.852: [GC (Allocation Failure) [PSYoungGen: 173632K->96K(174080K)] 335628K->162116K(523776K), 0.0014080 secs] [Times: user=0.00 sys=0.00, real=0.00 secs] 
2018-03-19T13:21:23.025+0530: 4218.128: [GC (Allocation Failure) [PSYoungGen: 173664K->96K(174080K)] 335684K->162140K(523776K), 0.0013667 secs] [Times: user=0.00 sys=0.00, real=0.00 secs] 
2018-03-19T13:21:23.303+0530: 4218.405: [GC (Allocation Failure) [PSYoungGen: 173664K->96K(174080K)] 335708K->162164K(523776K), 0.0014182 secs] [Times: user=0.00 sys=0.00, real=0.00 secs] 
2018-03-19T13:21:23.594+0530: 4218.696: [GC (Allocation Failure) [PSYoungGen: 173664K->96K(174080K)] 335732K->162180K(523776K), 0.0017328 secs] [Times: user=0.00 sys=0.00, real=0.00 secs] 
2018-03-19T13:21:23.903+0530: 4219.007: [GC (Allocation Failure) [PSYoungGen: 173664K->96K(174080K)] 335748K->162204K(523776K), 0.0015420 secs] [Times: user=0.00 sys=0.00, real=0.00 secs] 
2018-03-19T13:21:24.183+0530: 4219.286: [GC (Allocation Failure) [PSYoungGen: 173664K->64K(174080K)] 335772K->162196K(523776K), 0.0015289 secs] [Times: user=0.00 sys=0.00, real=0.00 secs] 
2018-03-19T13:21:24.472+0530: 4219.575: [GC (Allocation Failure) [PSYoungGen: 173632K->96K(174080K)] 335764K->162252K(523776K), 0.0014916 secs] [Times: user=0.00 sys=0.00, real=0.00 secs] 
2018-03-19T13:21:24.750+0530: 4219.853: [GC (Allocation Failure) [PSYoungGen: 173664K->96K(174080K)] 335820K->162268K(523776K), 0.0016076 secs] [Times: user=0.00 sys=0.00, real=0.00 secs] 
2018-03-19T13:21:25.031+0530: 4220.134: [GC (Allocation Failure) [PSYoungGen: 173664K->96K(174080K)] 335836K->162300K(523776K), 0.0015226 secs] [Times: user=0.00 sys=0.00, real=0.00 secs] 
2018-03-19T13:21:25.322+0530: 4220.425: [GC (Allocation Failure) [PSYoungGen: 173664K->64K(174080K)] 335868K->162284K(523776K), 0.0016358 secs] [Times: user=0.00 sys=0.00, real=0.00 secs] 
2018-03-19T13:21:25.611+0530: 4220.714: [GC (Allocation Failure) [PSYoungGen: 173632K->96K(174080K)] 335852K->162340K(523776K), 0.0014619 secs] [Times: user=0.00 sys=0.00, real=0.00 secs] 
2018-03-19T13:21:25.900+0530: 4221.003: [GC (Allocation Failure) [PSYoungGen: 173664K->96K(174080K)] 335908K->162356K(523776K), 0.0014676 secs] [Times: user=0.00 sys=0.00, real=0.00 secs] 
2018-03-19T13:21:26.176+0530: 4221.279: [GC (Allocation Failure) [PSYoungGen: 173664K->96K(174080K)] 335924K->162380K(523776K), 0.0017306 secs] [Times: user=0.00 sys=0.00, real=0.00 secs] 
2018-03-19T13:21:26.465+0530: 4221.567: [GC (Allocation Failure) [PSYoungGen: 173664K->64K(174080K)] 335948K->162372K(523776K), 0.0014408 secs] [Times: user=0.00 sys=0.00, real=0.00 secs] 
2018-03-19T13:21:26.745+0530: 4221.847: [GC (Allocation Failure) [PSYoungGen: 173632K->96K(174080K)] 335940K->162436K(523776K), 0.0014207 secs] [Times: user=0.00 sys=0.00, real=0.00 secs] 
2018-03-19T13:21:27.023+0530: 4222.127: [GC (Allocation Failure) [PSYoungGen: 173664K->96K(174080K)] 336004K->162468K(523776K), 0.0014644 secs] [Times: user=0.00 sys=0.00, real=0.00 secs] 
2018-03-19T13:21:27.305+0530: 4222.407: [GC (Allocation Failure) [PSYoungGen: 173664K->96K(174080K)] 336036K->162500K(523776K), 0.0016319 secs] [Times: user=0.00 sys=0.00, real=0.00 secs] 
2018-03-19T13:21:27.590+0530: 4222.692: [GC (Allocation Failure) [PSYoungGen: 173664K->96K(174080K)] 336068K->162524K(523776K), 0.0013660 secs] [Times: user=0.00 sys=0.00, real=0.00 secs] 
2018-03-19T13:21:27.887+0530: 4222.990: [GC (Allocation Failure) [PSYoungGen: 173664K->96K(174080K)] 336092K->162548K(523776K), 0.0015536 secs] [Times: user=0.00 sys=0.00, real=0.00 secs] 
2018-03-19T13:21:28.168+0530: 4223.271: [GC (Allocation Failure) [PSYoungGen: 173664K->96K(174080K)] 336116K->162572K(523776K), 0.0014175 secs] [Times: user=0.00 sys=0.00, real=0.00 secs] 
2018-03-19T13:21:28.455+0530: 4223.558: [GC (Allocation Failure) [PSYoungGen: 173664K->64K(174080K)] 336140K->162556K(523776K), 0.0014662 secs] [Times: user=0.00 sys=0.00, real=0.00 secs] 
2018-03-19T13:21:28.735+0530: 4223.838: [GC (Allocation Failure) [PSYoungGen: 173632K->128K(174080K)] 336124K->162644K(523776K), 0.0015907 secs] [Times: user=0.00 sys=0.00, real=0.00 secs] 
2018-03-19T13:21:29.012+0530: 4224.114: [GC (Allocation Failure) [PSYoungGen: 173696K->96K(174080K)] 336212K->162636K(523776K), 0.0015448 secs] [Times: user=0.00 sys=0.00, real=0.00 secs] 
2018-03-19T13:21:29.293+0530: 4224.396: [GC (Allocation Failure) [PSYoungGen: 173664K->96K(174080K)] 336204K->162660K(523776K), 0.0015060 secs] [Times: user=0.00 sys=0.00, real=0.00 secs] 
2018-03-19T13:21:29.578+0530: 4224.680: [GC (Allocation Failure) [PSYoungGen: 173664K->96K(174080K)] 336228K->162676K(523776K), 0.0016330 secs] [Times: user=0.00 sys=0.00, real=0.00 secs] 
2018-03-19T13:21:29.861+0530: 4224.964: [GC (Allocation Failure) [PSYoungGen: 173664K->96K(174080K)] 336244K->162700K(523776K), 0.0016245 secs] [Times: user=0.00 sys=0.00, real=0.00 secs] 
2018-03-19T13:21:30.147+0530: 4225.250: [GC (Allocation Failure) [PSYoungGen: 173664K->96K(174080K)] 336268K->162724K(523776K), 0.0015554 secs] [Times: user=0.00 sys=0.00, real=0.00 secs] 
2018-03-19T13:21:30.432+0530: 4225.536: [GC (Allocation Failure) [PSYoungGen: 173664K->96K(174080K)] 336292K->162748K(523776K), 0.0014782 secs] [Times: user=0.00 sys=0.00, real=0.00 secs] 
2018-03-19T13:21:30.732+0530: 4225.835: [GC (Allocation Failure) [PSYoungGen: 173664K->96K(174080K)] 336316K->162764K(523776K), 0.0015734 secs] [Times: user=0.00 sys=0.00, real=0.00 secs] 
2018-03-19T13:21:31.025+0530: 4226.127: [GC (Allocation Failure) [PSYoungGen: 173664K->64K(174080K)] 336332K->162756K(523776K), 0.0014782 secs] [Times: user=0.00 sys=0.00, real=0.00 secs] 
2018-03-19T13:21:31.300+0530: 4226.403: [GC (Allocation Failure) [PSYoungGen: 173632K->64K(174080K)] 336324K->162780K(523776K), 0.0014136 secs] [Times: user=0.00 sys=0.00, real=0.00 secs] 
2018-03-19T13:21:31.590+0530: 4226.693: [GC (Allocation Failure) [PSYoungGen: 173632K->96K(174080K)] 336348K->162836K(523776K), 0.0014390 secs] [Times: user=0.00 sys=0.00, real=0.00 secs] 
2018-03-19T13:21:31.911+0530: 4227.014: [GC (Allocation Failure) [PSYoungGen: 173664K->32K(174080K)] 336404K->162788K(523776K), 0.0019020 secs] [Times: user=0.00 sys=0.00, real=0.00 secs] 
2018-03-19T13:21:32.258+0530: 4227.360: [GC (Allocation Failure) [PSYoungGen: 173600K->96K(174080K)] 336356K->162868K(523776K), 0.0015473 secs] [Times: user=0.00 sys=0.00, real=0.00 secs] 
2018-03-19T13:21:32.578+0530: 4227.681: [GC (Allocation Failure) [PSYoungGen: 173664K->96K(174080K)] 336436K->162892K(523776K), 0.0015970 secs] [Times: user=0.00 sys=0.00, real=0.00 secs] 
2018-03-19T13:21:32.886+0530: 4227.989: [GC (Allocation Failure) [PSYoungGen: 173664K->64K(174080K)] 336460K->162884K(523776K), 0.0014320 secs] [Times: user=0.00 sys=0.00, real=0.00 secs] 
2018-03-19T13:21:33.206+0530: 4228.309: [GC (Allocation Failure) [PSYoungGen: 173632K->32K(174080K)] 336452K->162868K(523776K), 0.0021668 secs] [Times: user=0.00 sys=0.00, real=0.00 secs] 
2018-03-19T13:21:33.575+0530: 4228.677: [GC (Allocation Failure) [PSYoungGen: 173600K->64K(174080K)] 336436K->162924K(523776K), 0.0018921 secs] [Times: user=0.00 sys=0.00, real=0.00 secs] 
2018-03-19T13:21:33.927+0530: 4229.030: [GC (Allocation Failure) [PSYoungGen: 173632K->96K(174080K)] 336492K->162972K(523776K), 0.0018985 secs] [Times: user=0.00 sys=0.00, real=0.00 secs] 
2018-03-19T13:21:34.376+0530: 4229.479: [GC (Allocation Failure) [PSYoungGen: 173664K->32K(174080K)] 336540K->162924K(523776K), 0.0023146 secs] [Times: user=0.00 sys=0.00, real=0.00 secs] 
2018-03-19T13:21:34.875+0530: 4229.978: [GC (Allocation Failure) [PSYoungGen: 173600K->96K(174080K)] 336492K->163012K(523776K), 0.0018491 secs] [Times: user=0.00 sys=0.00, real=0.00 secs] 
2018-03-19T13:21:35.267+0530: 4230.369: [GC (Allocation Failure) [PSYoungGen: 173664K->96K(174080K)] 336580K->163036K(523776K), 0.0019278 secs] [Times: user=0.00 sys=0.00, real=0.00 secs] 
2018-03-19T13:21:35.678+0530: 4230.781: [GC (Allocation Failure) [PSYoungGen: 173664K->96K(174080K)] 336604K->163052K(523776K), 0.0019112 secs] [Times: user=0.00 sys=0.00, real=0.00 secs] 
2018-03-19T13:21:36.093+0530: 4231.196: [GC (Allocation Failure) [PSYoungGen: 173664K->96K(174080K)] 336620K->163068K(523776K), 0.0022010 secs] [Times: user=0.00 sys=0.00, real=0.00 secs] 
2018-03-19T13:21:36.465+0530: 4231.568: [GC (Allocation Failure) [PSYoungGen: 173664K->128K(174080K)] 336636K->163124K(523776K), 0.0017543 secs] [Times: user=0.00 sys=0.00, real=0.00 secs] 
2018-03-19T13:21:36.810+0530: 4231.913: [GC (Allocation Failure) [PSYoungGen: 173696K->64K(174080K)] 336692K->163084K(523776K), 0.0017814 secs] [Times: user=0.00 sys=0.00, real=0.00 secs] 
2018-03-19T13:21:37.138+0530: 4232.240: [GC (Allocation Failure) [PSYoungGen: 173632K->96K(174080K)] 336652K->163140K(523776K), 0.0016820 secs] [Times: user=0.00 sys=0.00, real=0.00 secs] 
2018-03-19T13:21:37.469+0530: 4232.572: [GC (Allocation Failure) [PSYoungGen: 173664K->96K(174080K)] 336708K->163164K(523776K), 0.0017730 secs] [Times: user=0.00 sys=0.00, real=0.00 secs] 
2018-03-19T13:21:37.785+0530: 4232.889: [GC (Allocation Failure) [PSYoungGen: 173664K->96K(174080K)] 336732K->163180K(523776K), 0.0015311 secs] [Times: user=0.00 sys=0.00, real=0.00 secs] 
2018-03-19T13:21:38.097+0530: 4233.200: [GC (Allocation Failure) [PSYoungGen: 173664K->96K(174080K)] 336748K->163204K(523776K), 0.0017123 secs] [Times: user=0.00 sys=0.00, real=0.00 secs] 
2018-03-19T13:21:38.405+0530: 4233.508: [GC (Allocation Failure) [PSYoungGen: 173664K->96K(174080K)] 336772K->163228K(523776K), 0.0018128 secs] [Times: user=0.00 sys=0.00, real=0.00 secs] 
2018-03-19T13:21:38.708+0530: 4233.811: [GC (Allocation Failure) [PSYoungGen: 173664K->96K(174080K)] 336796K->163252K(523776K), 0.0016971 secs] [Times: user=0.00 sys=0.00, real=0.00 secs] 
2018-03-19T13:21:39.011+0530: 4234.113: [GC (Allocation Failure) [PSYoungGen: 173664K->96K(174080K)] 336820K->163284K(523776K), 0.0115651 secs] [Times: user=0.00 sys=0.00, real=0.01 secs] 
2018-03-19T13:21:39.321+0530: 4234.423: [GC (Allocation Failure) [PSYoungGen: 173664K->96K(174080K)] 336852K->163300K(523776K), 0.0014933 secs] [Times: user=0.01 sys=0.00, real=0.00 secs] 
2018-03-19T13:21:39.624+0530: 4234.726: [GC (Allocation Failure) [PSYoungGen: 173664K->96K(174080K)] 336868K->163324K(523776K), 0.0016376 secs] [Times: user=0.00 sys=0.00, real=0.00 secs] 
2018-03-19T13:21:39.948+0530: 4235.051: [GC (Allocation Failure) [PSYoungGen: 173664K->96K(174080K)] 336892K->163348K(523776K), 0.0015607 secs] [Times: user=0.00 sys=0.00, real=0.00 secs] 
2018-03-19T13:21:40.245+0530: 4235.348: [GC (Allocation Failure) [PSYoungGen: 173664K->96K(174080K)] 336916K->163372K(523776K), 0.0014697 secs] [Times: user=0.00 sys=0.00, real=0.00 secs] 
2018-03-19T13:21:40.538+0530: 4235.641: [GC (Allocation Failure) [PSYoungGen: 173664K->96K(174080K)] 336940K->163396K(523776K), 0.0015755 secs] [Times: user=0.00 sys=0.00, real=0.00 secs] 
2018-03-19T13:21:40.826+0530: 4235.929: [GC (Allocation Failure) [PSYoungGen: 173664K->96K(174080K)] 336964K->163412K(523776K), 0.0014168 secs] [Times: user=0.00 sys=0.00, real=0.00 secs] 
2018-03-19T13:21:41.114+0530: 4236.217: [GC (Allocation Failure) [PSYoungGen: 173664K->96K(174080K)] 336980K->163436K(523776K), 0.0016446 secs] [Times: user=0.00 sys=0.00, real=0.00 secs] 
2018-03-19T13:21:41.405+0530: 4236.507: [GC (Allocation Failure) [PSYoungGen: 173664K->96K(174080K)] 337004K->163460K(523776K), 0.0015036 secs] [Times: user=0.00 sys=0.00, real=0.00 secs] 
2018-03-19T13:21:41.699+0530: 4236.802: [GC (Allocation Failure) [PSYoungGen: 173664K->96K(174080K)] 337028K->163484K(523776K), 0.0016132 secs] [Times: user=0.00 sys=0.00, real=0.00 secs] 
2018-03-19T13:21:41.988+0530: 4237.090: [GC (Allocation Failure) [PSYoungGen: 173664K->96K(174080K)] 337052K->163500K(523776K), 0.0014665 secs] [Times: user=0.00 sys=0.00, real=0.00 secs] 
2018-03-19T13:21:42.270+0530: 4237.373: [GC (Allocation Failure) [PSYoungGen: 173664K->96K(174080K)] 337068K->163524K(523776K), 0.0015582 secs] [Times: user=0.00 sys=0.00, real=0.00 secs] 
2018-03-19T13:21:42.563+0530: 4237.665: [GC (Allocation Failure) [PSYoungGen: 173664K->96K(174080K)] 337092K->163540K(523776K), 0.0014302 secs] [Times: user=0.00 sys=0.00, real=0.00 secs] 
2018-03-19T13:21:42.840+0530: 4237.943: [GC (Allocation Failure) [PSYoungGen: 173664K->96K(174080K)] 337108K->163564K(523776K), 0.0015769 secs] [Times: user=0.00 sys=0.00, real=0.00 secs] 
2018-03-19T13:21:43.123+0530: 4238.226: [GC (Allocation Failure) [PSYoungGen: 173664K->96K(174080K)] 337132K->163588K(523776K), 0.0014898 secs] [Times: user=0.00 sys=0.00, real=0.00 secs] 
2018-03-19T13:21:43.407+0530: 4238.510: [GC (Allocation Failure) [PSYoungGen: 173664K->96K(174080K)] 337156K->163604K(523776K), 0.0015942 secs] [Times: user=0.00 sys=0.00, real=0.00 secs] 
2018-03-19T13:21:43.693+0530: 4238.796: [GC (Allocation Failure) [PSYoungGen: 173664K->96K(174080K)] 337172K->163620K(523776K), 0.0014912 secs] [Times: user=0.00 sys=0.00, real=0.00 secs] 
2018-03-19T13:21:44.033+0530: 4239.136: [GC (Allocation Failure) [PSYoungGen: 173664K->96K(174080K)] 337188K->163644K(523776K), 0.0015762 secs] [Times: user=0.00 sys=0.00, real=0.00 secs] 
2018-03-19T13:21:44.314+0530: 4239.417: [GC (Allocation Failure) [PSYoungGen: 173664K->96K(174080K)] 337212K->163668K(523776K), 0.0014753 secs] [Times: user=0.00 sys=0.00, real=0.00 secs] 
2018-03-19T13:21:44.606+0530: 4239.708: [GC (Allocation Failure) [PSYoungGen: 173664K->96K(174080K)] 337236K->163692K(523776K), 0.0014976 secs] [Times: user=0.00 sys=0.00, real=0.00 secs] 
2018-03-19T13:21:44.886+0530: 4239.989: [GC (Allocation Failure) [PSYoungGen: 173664K->64K(174080K)] 337260K->163684K(523776K), 0.0015438 secs] [Times: user=0.00 sys=0.00, real=0.00 secs] 
2018-03-19T13:21:45.179+0530: 4240.281: [GC (Allocation Failure) [PSYoungGen: 173632K->96K(174080K)] 337252K->163740K(523776K), 0.0013590 secs] [Times: user=0.00 sys=0.00, real=0.00 secs] 
2018-03-19T13:21:45.496+0530: 4240.598: [GC (Allocation Failure) [PSYoungGen: 173664K->96K(174080K)] 337308K->163756K(523776K), 0.0016569 secs] [Times: user=0.00 sys=0.00, real=0.00 secs] 
2018-03-19T13:21:45.786+0530: 4240.888: [GC (Allocation Failure) [PSYoungGen: 173664K->96K(174080K)] 337324K->163780K(523776K), 0.0015071 secs] [Times: user=0.00 sys=0.00, real=0.00 secs] 
2018-03-19T13:21:46.066+0530: 4241.169: [GC (Allocation Failure) [PSYoungGen: 173664K->96K(174080K)] 337348K->163804K(523776K), 0.0016196 secs] [Times: user=0.00 sys=0.00, real=0.00 secs] 
2018-03-19T13:21:46.342+0530: 4241.445: [GC (Allocation Failure) [PSYoungGen: 173664K->96K(174080K)] 337372K->163828K(523776K), 0.0015825 secs] [Times: user=0.00 sys=0.00, real=0.00 secs] 
2018-03-19T13:21:46.619+0530: 4241.721: [GC (Allocation Failure) [PSYoungGen: 173664K->96K(174080K)] 337396K->163852K(523776K), 0.0014944 secs] [Times: user=0.00 sys=0.00, real=0.00 secs] 
2018-03-19T13:21:46.899+0530: 4242.002: [GC (Allocation Failure) [PSYoungGen: 173664K->96K(174080K)] 337420K->163876K(523776K), 0.0015596 secs] [Times: user=0.00 sys=0.00, real=0.00 secs] 
2018-03-19T13:21:47.208+0530: 4242.311: [GC (Allocation Failure) [PSYoungGen: 173664K->64K(174080K)] 337444K->163868K(523776K), 0.0013667 secs] [Times: user=0.00 sys=0.00, real=0.00 secs] 
2018-03-19T13:21:47.497+0530: 4242.600: [GC (Allocation Failure) [PSYoungGen: 173632K->96K(174080K)] 337436K->163932K(523776K), 0.0014789 secs] [Times: user=0.00 sys=0.00, real=0.00 secs] 
2018-03-19T13:21:47.787+0530: 4242.890: [GC (Allocation Failure) [PSYoungGen: 173664K->32K(174080K)] 337500K->163884K(523776K), 0.0024570 secs] [Times: user=0.00 sys=0.00, real=0.00 secs] 
2018-03-19T13:21:48.092+0530: 4243.195: [GC (Allocation Failure) [PSYoungGen: 173600K->96K(174080K)] 337452K->163980K(523776K), 0.0015078 secs] [Times: user=0.00 sys=0.00, real=0.00 secs] 
2018-03-19T13:21:48.391+0530: 4243.494: [GC (Allocation Failure) [PSYoungGen: 173664K->32K(174080K)] 337548K->163932K(523776K), 0.0029094 secs] [Times: user=0.00 sys=0.00, real=0.00 secs] 
2018-03-19T13:21:48.712+0530: 4243.814: [GC (Allocation Failure) [PSYoungGen: 173600K->96K(174080K)] 337500K->164020K(523776K), 0.0016485 secs] [Times: user=0.00 sys=0.00, real=0.00 secs] 
2018-03-19T13:21:49.025+0530: 4244.128: [GC (Allocation Failure) [PSYoungGen: 173664K->96K(174080K)] 337588K->164044K(523776K), 0.0016548 secs] [Times: user=0.00 sys=0.00, real=0.00 secs] 
2018-03-19T13:21:49.334+0530: 4244.437: [GC (Allocation Failure) [PSYoungGen: 173664K->96K(174080K)] 337612K->164060K(523776K), 0.0019609 secs] [Times: user=0.00 sys=0.00, real=0.00 secs] 
2018-03-19T13:21:49.648+0530: 4244.752: [GC (Allocation Failure) [PSYoungGen: 173664K->96K(174080K)] 337628K->164092K(523776K), 0.0017313 secs] [Times: user=0.06 sys=0.00, real=0.00 secs] 
2018-03-19T13:21:49.938+0530: 4245.042: [GC (Allocation Failure) [PSYoungGen: 173664K->96K(174080K)] 337660K->164116K(523776K), 0.0013865 secs] [Times: user=0.00 sys=0.00, real=0.00 secs] 
2018-03-19T13:21:50.222+0530: 4245.325: [GC (Allocation Failure) [PSYoungGen: 173664K->96K(174080K)] 337684K->164140K(523776K), 0.0014411 secs] [Times: user=0.00 sys=0.00, real=0.00 secs] 
2018-03-19T13:21:50.509+0530: 4245.612: [GC (Allocation Failure) [PSYoungGen: 173664K->96K(174080K)] 337708K->164164K(523776K), 0.0014034 secs] [Times: user=0.06 sys=0.00, real=0.00 secs] 
2018-03-19T13:21:50.811+0530: 4245.913: [GC (Allocation Failure) [PSYoungGen: 173664K->96K(174080K)] 337732K->164188K(523776K), 0.0014641 secs] [Times: user=0.00 sys=0.00, real=0.00 secs] 
2018-03-19T13:21:51.117+0530: 4246.220: [GC (Allocation Failure) [PSYoungGen: 173664K->96K(174080K)] 337756K->164212K(523776K), 0.0016196 secs] [Times: user=0.00 sys=0.00, real=0.00 secs] 
2018-03-19T13:21:51.430+0530: 4246.533: [GC (Allocation Failure) [PSYoungGen: 173664K->96K(174080K)] 337780K->164236K(523776K), 0.0017825 secs] [Times: user=0.00 sys=0.00, real=0.00 secs] 
2018-03-19T13:21:51.727+0530: 4246.830: [GC (Allocation Failure) [PSYoungGen: 173664K->64K(174080K)] 337804K->164228K(523776K), 0.0014408 secs] [Times: user=0.06 sys=0.00, real=0.00 secs] 
2018-03-19T13:21:52.036+0530: 4247.139: [GC (Allocation Failure) [PSYoungGen: 173632K->64K(174080K)] 337796K->164252K(523776K), 0.0014824 secs] [Times: user=0.00 sys=0.00, real=0.00 secs] 
2018-03-19T13:21:52.311+0530: 4247.413: [GC (Allocation Failure) [PSYoungGen: 173632K->96K(174080K)] 337820K->164308K(523776K), 0.0015670 secs] [Times: user=0.00 sys=0.00, real=0.00 secs] 
2018-03-19T13:21:52.601+0530: 4247.703: [GC (Allocation Failure) [PSYoungGen: 173664K->96K(174080K)] 337876K->164340K(523776K), 0.0015758 secs] [Times: user=0.00 sys=0.00, real=0.00 secs] 
2018-03-19T13:21:52.876+0530: 4247.980: [GC (Allocation Failure) [PSYoungGen: 173664K->96K(174080K)] 337908K->164364K(523776K), 0.0016301 secs] [Times: user=0.00 sys=0.00, real=0.00 secs] 
2018-03-19T13:21:53.158+0530: 4248.262: [GC (Allocation Failure) [PSYoungGen: 173664K->96K(174080K)] 337932K->164396K(523776K), 0.0016404 secs] [Times: user=0.00 sys=0.00, real=0.00 secs] 
2018-03-19T13:21:53.446+0530: 4248.549: [GC (Allocation Failure) [PSYoungGen: 173664K->96K(174080K)] 337964K->164412K(523776K), 0.0015272 secs] [Times: user=0.06 sys=0.00, real=0.00 secs] 
2018-03-19T13:21:53.724+0530: 4248.826: [GC (Allocation Failure) [PSYoungGen: 173664K->96K(174080K)] 337980K->164428K(523776K), 0.0014655 secs] [Times: user=0.00 sys=0.00, real=0.00 secs] 
2018-03-19T13:21:54.017+0530: 4249.120: [GC (Allocation Failure) [PSYoungGen: 173664K->64K(174080K)] 337996K->164420K(523776K), 0.0014761 secs] [Times: user=0.00 sys=0.00, real=0.00 secs] 
2018-03-19T13:21:54.299+0530: 4249.402: [GC (Allocation Failure) [PSYoungGen: 173632K->96K(174080K)] 337988K->164468K(523776K), 0.0015557 secs] [Times: user=0.00 sys=0.00, real=0.00 secs] 
2018-03-19T13:21:54.587+0530: 4249.691: [GC (Allocation Failure) [PSYoungGen: 173664K->64K(174080K)] 338036K->164460K(523776K), 0.0014598 secs] [Times: user=0.00 sys=0.00, real=0.00 secs] 
2018-03-19T13:21:54.865+0530: 4249.968: [GC (Allocation Failure) [PSYoungGen: 173632K->96K(174080K)] 338028K->164516K(523776K), 0.0014270 secs] [Times: user=0.00 sys=0.00, real=0.00 secs] 
2018-03-19T13:21:55.150+0530: 4250.253: [GC (Allocation Failure) [PSYoungGen: 173664K->64K(174080K)] 338084K->164508K(523776K), 0.0014129 secs] [Times: user=0.00 sys=0.00, real=0.00 secs] 
2018-03-19T13:21:55.434+0530: 4250.537: [GC (Allocation Failure) [PSYoungGen: 173632K->96K(174080K)] 338076K->164556K(523776K), 0.0014697 secs] [Times: user=0.00 sys=0.00, real=0.00 secs] 
2018-03-19T13:21:55.714+0530: 4250.817: [GC (Allocation Failure) [PSYoungGen: 173664K->64K(174080K)] 338124K->164548K(523776K), 0.0015106 secs] [Times: user=0.00 sys=0.00, real=0.00 secs] 
2018-03-19T13:21:56.016+0530: 4251.120: [GC (Allocation Failure) [PSYoungGen: 173632K->96K(174080K)] 338116K->164604K(523776K), 0.0014976 secs] [Times: user=0.00 sys=0.00, real=0.00 secs] 
2018-03-19T13:21:56.303+0530: 4251.406: [GC (Allocation Failure) [PSYoungGen: 173664K->64K(174080K)] 338172K->164596K(523776K), 0.0014672 secs] [Times: user=0.00 sys=0.00, real=0.00 secs] 
2018-03-19T13:21:56.600+0530: 4251.704: [GC (Allocation Failure) [PSYoungGen: 173632K->96K(174080K)] 338164K->164652K(523776K), 0.0015811 secs] [Times: user=0.00 sys=0.00, real=0.00 secs] 
2018-03-19T13:21:56.871+0530: 4251.974: [GC (Allocation Failure) [PSYoungGen: 173664K->96K(174080K)] 338220K->164676K(523776K), 0.0016093 secs] [Times: user=0.00 sys=0.00, real=0.00 secs] 
2018-03-19T13:21:57.149+0530: 4252.252: [GC (Allocation Failure) [PSYoungGen: 173664K->96K(174080K)] 338244K->164692K(523776K), 0.0014820 secs] [Times: user=0.00 sys=0.00, real=0.00 secs] 
2018-03-19T13:21:57.431+0530: 4252.534: [GC (Allocation Failure) [PSYoungGen: 173664K->96K(174080K)] 338260K->164716K(523776K), 0.0016457 secs] [Times: user=0.00 sys=0.00, real=0.00 secs] 
2018-03-19T13:21:57.720+0530: 4252.823: [GC (Allocation Failure) [PSYoungGen: 173664K->64K(174080K)] 338284K->164708K(523776K), 0.0014168 secs] [Times: user=0.00 sys=0.00, real=0.00 secs] 
2018-03-19T13:21:58.007+0530: 4253.110: [GC (Allocation Failure) [PSYoungGen: 173632K->96K(174080K)] 338276K->164764K(523776K), 0.0015145 secs] [Times: user=0.00 sys=0.00, real=0.00 secs] 
2018-03-19T13:21:58.286+0530: 4253.389: [GC (Allocation Failure) [PSYoungGen: 173664K->96K(174080K)] 338332K->164788K(523776K), 0.0014581 secs] [Times: user=0.00 sys=0.00, real=0.00 secs] 
2018-03-19T13:21:58.578+0530: 4253.680: [GC (Allocation Failure) [PSYoungGen: 173664K->96K(174080K)] 338356K->164812K(523776K), 0.0014690 secs] [Times: user=0.00 sys=0.00, real=0.00 secs] 
2018-03-19T13:21:58.856+0530: 4253.959: [GC (Allocation Failure) [PSYoungGen: 173664K->96K(174080K)] 338380K->164836K(523776K), 0.0014891 secs] [Times: user=0.00 sys=0.00, real=0.00 secs] 
2018-03-19T13:21:59.134+0530: 4254.236: [GC (Allocation Failure) [PSYoungGen: 173664K->96K(174080K)] 338404K->164860K(523776K), 0.0014877 secs] [Times: user=0.00 sys=0.00, real=0.00 secs] 
2018-03-19T13:21:59.416+0530: 4254.518: [GC (Allocation Failure) [PSYoungGen: 173664K->96K(174080K)] 338428K->164876K(523776K), 0.0015237 secs] [Times: user=0.00 sys=0.00, real=0.00 secs] 
2018-03-19T13:21:59.698+0530: 4254.801: [GC (Allocation Failure) [PSYoungGen: 173664K->96K(174080K)] 338444K->164900K(523776K), 0.0015427 secs] [Times: user=0.00 sys=0.00, real=0.00 secs] 
2018-03-19T13:22:00.015+0530: 4255.118: [GC (Allocation Failure) [PSYoungGen: 173664K->64K(174080K)] 338468K->164884K(523776K), 0.0018220 secs] [Times: user=0.00 sys=0.00, real=0.00 secs] 
2018-03-19T13:22:00.321+0530: 4255.424: [GC (Allocation Failure) [PSYoungGen: 173632K->64K(174080K)] 338452K->164908K(523776K), 0.0015670 secs] [Times: user=0.00 sys=0.00, real=0.00 secs] 
2018-03-19T13:22:00.613+0530: 4255.716: [GC (Allocation Failure) [PSYoungGen: 173632K->96K(174080K)] 338476K->164964K(523776K), 0.0015600 secs] [Times: user=0.00 sys=0.00, real=0.00 secs] 
2018-03-19T13:22:00.892+0530: 4255.995: [GC (Allocation Failure) [PSYoungGen: 173664K->64K(174080K)] 338532K->164956K(523776K), 0.0014394 secs] [Times: user=0.00 sys=0.00, real=0.00 secs] 
2018-03-19T13:22:01.166+0530: 4256.270: [GC (Allocation Failure) [PSYoungGen: 173632K->96K(174080K)] 338524K->165012K(523776K), 0.0013548 secs] [Times: user=0.00 sys=0.00, real=0.00 secs] 
2018-03-19T13:22:01.450+0530: 4256.553: [GC (Allocation Failure) [PSYoungGen: 173664K->96K(174080K)] 338580K->165036K(523776K), 0.0015092 secs] [Times: user=0.00 sys=0.00, real=0.00 secs] 
2018-03-19T13:22:01.735+0530: 4256.838: [GC (Allocation Failure) [PSYoungGen: 173664K->128K(174080K)] 338604K->165084K(523776K), 0.0013791 secs] [Times: user=0.00 sys=0.00, real=0.00 secs] 
2018-03-19T13:22:02.020+0530: 4257.123: [GC (Allocation Failure) [PSYoungGen: 173696K->96K(174080K)] 338652K->165076K(523776K), 0.0015656 secs] [Times: user=0.00 sys=0.00, real=0.00 secs] 
2018-03-19T13:22:02.290+0530: 4257.393: [GC (Allocation Failure) [PSYoungGen: 173664K->96K(174080K)] 338644K->165092K(523776K), 0.0016964 secs] [Times: user=0.00 sys=0.00, real=0.00 secs] 
2018-03-19T13:22:02.577+0530: 4257.680: [GC (Allocation Failure) [PSYoungGen: 173664K->96K(174080K)] 338660K->165116K(523776K), 0.0015854 secs] [Times: user=0.00 sys=0.00, real=0.00 secs] 
2018-03-19T13:22:02.856+0530: 4257.959: [GC (Allocation Failure) [PSYoungGen: 173664K->96K(174080K)] 338684K->165140K(523776K), 0.0014761 secs] [Times: user=0.00 sys=0.00, real=0.00 secs] 
2018-03-19T13:22:03.133+0530: 4258.236: [GC (Allocation Failure) [PSYoungGen: 173664K->64K(174080K)] 338708K->165132K(523776K), 0.0014683 secs] [Times: user=0.03 sys=0.02, real=0.00 secs] 
2018-03-19T13:22:03.424+0530: 4258.527: [GC (Allocation Failure) [PSYoungGen: 173632K->96K(174080K)] 338700K->165188K(523776K), 0.0014750 secs] [Times: user=0.00 sys=0.00, real=0.00 secs] 
2018-03-19T13:22:03.704+0530: 4258.807: [GC (Allocation Failure) [PSYoungGen: 173664K->96K(174080K)] 338756K->165204K(523776K), 0.0015392 secs] [Times: user=0.00 sys=0.00, real=0.00 secs] 
2018-03-19T13:22:04.005+0530: 4259.108: [GC (Allocation Failure) [PSYoungGen: 173664K->96K(174080K)] 338772K->165228K(523776K), 0.0014588 secs] [Times: user=0.00 sys=0.00, real=0.00 secs] 
2018-03-19T13:22:04.286+0530: 4259.389: [GC (Allocation Failure) [PSYoungGen: 173664K->64K(174080K)] 338796K->165220K(523776K), 0.0016365 secs] [Times: user=0.00 sys=0.00, real=0.00 secs] 
2018-03-19T13:22:04.566+0530: 4259.669: [GC (Allocation Failure) [PSYoungGen: 173632K->96K(174080K)] 338788K->165268K(523776K), 0.0013988 secs] [Times: user=0.00 sys=0.00, real=0.00 secs] 
2018-03-19T13:22:04.850+0530: 4259.953: [GC (Allocation Failure) [PSYoungGen: 173664K->64K(174080K)] 338836K->165260K(523776K), 0.0019556 secs] [Times: user=0.00 sys=0.00, real=0.00 secs] 
2018-03-19T13:22:05.174+0530: 4260.277: [GC (Allocation Failure) [PSYoungGen: 173632K->96K(174080K)] 338828K->165316K(523776K), 0.0016517 secs] [Times: user=0.00 sys=0.00, real=0.00 secs] 
2018-03-19T13:22:05.487+0530: 4260.589: [GC (Allocation Failure) [PSYoungGen: 173664K->96K(174080K)] 338884K->165340K(523776K), 0.0015861 secs] [Times: user=0.00 sys=0.00, real=0.00 secs] 
2018-03-19T13:22:05.794+0530: 4260.897: [GC (Allocation Failure) [PSYoungGen: 173664K->96K(174080K)] 338908K->165356K(523776K), 0.0014619 secs] [Times: user=0.00 sys=0.00, real=0.00 secs] 
2018-03-19T13:22:06.096+0530: 4261.199: [GC (Allocation Failure) [PSYoungGen: 173664K->96K(174080K)] 338924K->165372K(523776K), 0.0014739 secs] [Times: user=0.00 sys=0.00, real=0.00 secs] 
2018-03-19T13:22:06.413+0530: 4261.516: [GC (Allocation Failure) [PSYoungGen: 173664K->96K(174080K)] 338940K->165404K(523776K), 0.0015536 secs] [Times: user=0.00 sys=0.00, real=0.00 secs] 
2018-03-19T13:22:06.728+0530: 4261.831: [GC (Allocation Failure) [PSYoungGen: 173664K->64K(174080K)] 338972K->165396K(523776K), 0.0016210 secs] [Times: user=0.00 sys=0.00, real=0.00 secs] 
2018-03-19T13:22:07.039+0530: 4262.142: [GC (Allocation Failure) [PSYoungGen: 173632K->64K(174080K)] 338964K->165420K(523776K), 0.0014937 secs] [Times: user=0.06 sys=0.00, real=0.00 secs] 
2018-03-19T13:22:07.322+0530: 4262.425: [GC (Allocation Failure) [PSYoungGen: 173632K->96K(174080K)] 338988K->165484K(523776K), 0.0014859 secs] [Times: user=0.00 sys=0.00, real=0.00 secs] 
2018-03-19T13:22:07.614+0530: 4262.718: [GC (Allocation Failure) [PSYoungGen: 173664K->128K(174080K)] 339052K->165540K(523776K), 0.0014225 secs] [Times: user=0.00 sys=0.00, real=0.00 secs] 
2018-03-19T13:22:07.947+0530: 4263.050: [GC (Allocation Failure) [PSYoungGen: 173696K->96K(174080K)] 339108K->165524K(523776K), 0.0015039 secs] [Times: user=0.00 sys=0.00, real=0.00 secs] 
2018-03-19T13:22:08.241+0530: 4263.343: [GC (Allocation Failure) [PSYoungGen: 173664K->96K(174080K)] 339092K->165548K(523776K), 0.0015416 secs] [Times: user=0.00 sys=0.00, real=0.00 secs] 
2018-03-19T13:22:08.553+0530: 4263.656: [GC (Allocation Failure) [PSYoungGen: 173664K->64K(174080K)] 339116K->165532K(523776K), 0.0017775 secs] [Times: user=0.00 sys=0.00, real=0.00 secs] 
2018-03-19T13:22:08.862+0530: 4263.965: [GC (Allocation Failure) [PSYoungGen: 173632K->64K(174080K)] 339100K->165556K(523776K), 0.0020914 secs] [Times: user=0.00 sys=0.00, real=0.00 secs] 
2018-03-19T13:22:09.162+0530: 4264.264: [GC (Allocation Failure) [PSYoungGen: 173632K->96K(174080K)] 339124K->165612K(523776K), 0.0014916 secs] [Times: user=0.00 sys=0.00, real=0.00 secs] 
2018-03-19T13:22:09.466+0530: 4264.569: [GC (Allocation Failure) [PSYoungGen: 173664K->64K(174080K)] 339180K->165596K(523776K), 0.0014570 secs] [Times: user=0.00 sys=0.00, real=0.00 secs] 
2018-03-19T13:22:09.762+0530: 4264.866: [GC (Allocation Failure) [PSYoungGen: 173632K->96K(174080K)] 339164K->165644K(523776K), 0.0017377 secs] [Times: user=0.00 sys=0.00, real=0.00 secs] 
2018-03-19T13:22:10.043+0530: 4265.147: [GC (Allocation Failure) [PSYoungGen: 173664K->96K(174080K)] 339212K->165668K(523776K), 0.0015931 secs] [Times: user=0.00 sys=0.00, real=0.00 secs] 
2018-03-19T13:22:10.338+0530: 4265.441: [GC (Allocation Failure) [PSYoungGen: 173664K->96K(174080K)] 339236K->165692K(523776K), 0.0014108 secs] [Times: user=0.00 sys=0.00, real=0.00 secs] 
2018-03-19T13:22:10.651+0530: 4265.754: [GC (Allocation Failure) [PSYoungGen: 173664K->96K(174080K)] 339260K->165716K(523776K), 0.0015688 secs] [Times: user=0.00 sys=0.00, real=0.00 secs] 
2018-03-19T13:22:10.934+0530: 4266.036: [GC (Allocation Failure) [PSYoungGen: 173664K->96K(174080K)] 339284K->165740K(523776K), 0.0015057 secs] [Times: user=0.00 sys=0.00, real=0.00 secs] 
2018-03-19T13:22:11.219+0530: 4266.321: [GC (Allocation Failure) [PSYoungGen: 173664K->96K(174080K)] 339308K->165756K(523776K), 0.0013893 secs] [Times: user=0.00 sys=0.00, real=0.00 secs] 
2018-03-19T13:22:11.511+0530: 4266.614: [GC (Allocation Failure) [PSYoungGen: 173664K->96K(174080K)] 339324K->165772K(523776K), 0.0013777 secs] [Times: user=0.00 sys=0.00, real=0.00 secs] 
2018-03-19T13:22:11.812+0530: 4266.915: [GC (Allocation Failure) [PSYoungGen: 173664K->32K(174080K)] 339340K->165724K(523776K), 0.0019563 secs] [Times: user=0.00 sys=0.00, real=0.00 secs] 
2018-03-19T13:22:12.101+0530: 4267.203: [GC (Allocation Failure) [PSYoungGen: 173600K->96K(174080K)] 339292K->165812K(523776K), 0.0015043 secs] [Times: user=0.00 sys=0.00, real=0.00 secs] 
2018-03-19T13:22:12.373+0530: 4267.477: [GC (Allocation Failure) [PSYoungGen: 173664K->64K(174080K)] 339380K->165804K(523776K), 0.0015297 secs] [Times: user=0.00 sys=0.00, real=0.00 secs] 
2018-03-19T13:22:12.657+0530: 4267.760: [GC (Allocation Failure) [PSYoungGen: 173632K->96K(174080K)] 339372K->165860K(523776K), 0.0015727 secs] [Times: user=0.00 sys=0.00, real=0.00 secs] 
2018-03-19T13:22:12.935+0530: 4268.038: [GC (Allocation Failure) [PSYoungGen: 173664K->96K(174080K)] 339428K->165892K(523776K), 0.0015374 secs] [Times: user=0.00 sys=0.00, real=0.00 secs] 
2018-03-19T13:22:13.215+0530: 4268.318: [GC (Allocation Failure) [PSYoungGen: 173664K->96K(174080K)] 339460K->165916K(523776K), 0.0013995 secs] [Times: user=0.00 sys=0.00, real=0.00 secs] 
2018-03-19T13:22:13.497+0530: 4268.600: [GC (Allocation Failure) [PSYoungGen: 173664K->32K(174080K)] 339484K->165876K(523776K), 0.0015462 secs] [Times: user=0.00 sys=0.00, real=0.00 secs] 
2018-03-19T13:22:13.778+0530: 4268.881: [GC (Allocation Failure) [PSYoungGen: 173600K->96K(174080K)] 339444K->165956K(523776K), 0.0016344 secs] [Times: user=0.00 sys=0.00, real=0.00 secs] 
2018-03-19T13:22:14.071+0530: 4269.173: [GC (Allocation Failure) [PSYoungGen: 173664K->96K(174080K)] 339524K->165980K(523776K), 0.0014806 secs] [Times: user=0.02 sys=0.00, real=0.00 secs] 
2018-03-19T13:22:14.356+0530: 4269.458: [GC (Allocation Failure) [PSYoungGen: 173664K->64K(174080K)] 339548K->165972K(523776K), 0.0014041 secs] [Times: user=0.00 sys=0.00, real=0.00 secs] 
2018-03-19T13:22:14.650+0530: 4269.752: [GC (Allocation Failure) [PSYoungGen: 173632K->96K(174080K)] 339540K->166036K(523776K), 0.0014609 secs] [Times: user=0.00 sys=0.00, real=0.00 secs] 
2018-03-19T13:22:14.975+0530: 4270.078: [GC (Allocation Failure) [PSYoungGen: 173664K->96K(174080K)] 339604K->166060K(523776K), 0.0016721 secs] [Times: user=0.00 sys=0.00, real=0.00 secs] 
2018-03-19T13:22:15.270+0530: 4270.372: [GC (Allocation Failure) [PSYoungGen: 173664K->64K(174080K)] 339628K->166052K(523776K), 0.0016016 secs] [Times: user=0.00 sys=0.00, real=0.00 secs] 
2018-03-19T13:22:15.559+0530: 4270.662: [GC (Allocation Failure) [PSYoungGen: 173632K->64K(174080K)] 339620K->166076K(523776K), 0.0015385 secs] [Times: user=0.00 sys=0.00, real=0.00 secs] 
2018-03-19T13:22:15.866+0530: 4270.970: [GC (Allocation Failure) [PSYoungGen: 173632K->96K(174080K)] 339644K->166132K(523776K), 0.0016196 secs] [Times: user=0.00 sys=0.00, real=0.00 secs] 
2018-03-19T13:22:16.163+0530: 4271.266: [GC (Allocation Failure) [PSYoungGen: 173664K->96K(174080K)] 339700K->166148K(523776K), 0.0013741 secs] [Times: user=0.00 sys=0.00, real=0.00 secs] 
2018-03-19T13:22:16.450+0530: 4271.553: [GC (Allocation Failure) [PSYoungGen: 173664K->32K(174080K)] 339716K->166108K(523776K), 0.0015512 secs] [Times: user=0.00 sys=0.00, real=0.00 secs] 
2018-03-19T13:22:16.731+0530: 4271.833: [GC (Allocation Failure) [PSYoungGen: 173600K->96K(174080K)] 339676K->166196K(523776K), 0.0016333 secs] [Times: user=0.00 sys=0.00, real=0.00 secs] 
2018-03-19T13:22:17.008+0530: 4272.111: [GC (Allocation Failure) [PSYoungGen: 173664K->96K(174080K)] 339764K->166220K(523776K), 0.0015096 secs] [Times: user=0.00 sys=0.00, real=0.00 secs] 
2018-03-19T13:22:17.287+0530: 4272.389: [GC (Allocation Failure) [PSYoungGen: 173664K->96K(174080K)] 339788K->166244K(523776K), 0.0014866 secs] [Times: user=0.00 sys=0.00, real=0.00 secs] 
2018-03-19T13:22:17.568+0530: 4272.670: [GC (Allocation Failure) [PSYoungGen: 173664K->96K(174080K)] 339812K->166268K(523776K), 0.0015021 secs] [Times: user=0.00 sys=0.00, real=0.00 secs] 
2018-03-19T13:22:17.850+0530: 4272.953: [GC (Allocation Failure) [PSYoungGen: 173664K->96K(174080K)] 339836K->166284K(523776K), 0.0014782 secs] [Times: user=0.00 sys=0.00, real=0.00 secs] 
2018-03-19T13:22:18.133+0530: 4273.236: [GC (Allocation Failure) [PSYoungGen: 173664K->96K(174080K)] 339852K->166300K(523776K), 0.0014433 secs] [Times: user=0.02 sys=0.00, real=0.00 secs] 
2018-03-19T13:22:18.408+0530: 4273.511: [GC (Allocation Failure) [PSYoungGen: 173664K->96K(174080K)] 339868K->166324K(523776K), 0.0016224 secs] [Times: user=0.00 sys=0.00, real=0.00 secs] 
2018-03-19T13:22:18.691+0530: 4273.793: [GC (Allocation Failure) [PSYoungGen: 173664K->64K(174080K)] 339892K->166316K(523776K), 0.0015501 secs] [Times: user=0.00 sys=0.00, real=0.00 secs] 
2018-03-19T13:22:18.969+0530: 4274.071: [GC (Allocation Failure) [PSYoungGen: 173632K->96K(174080K)] 339884K->166372K(523776K), 0.0014408 secs] [Times: user=0.00 sys=0.00, real=0.00 secs] 
2018-03-19T13:22:19.251+0530: 4274.353: [GC (Allocation Failure) [PSYoungGen: 173664K->96K(174080K)] 339940K->166396K(523776K), 0.0014940 secs] [Times: user=0.00 sys=0.00, real=0.00 secs] 
2018-03-19T13:22:19.530+0530: 4274.633: [GC (Allocation Failure) [PSYoungGen: 173664K->96K(174080K)] 339964K->166420K(523776K), 0.0016291 secs] [Times: user=0.00 sys=0.00, real=0.00 secs] 
2018-03-19T13:22:19.841+0530: 4274.944: [GC (Allocation Failure) [PSYoungGen: 173664K->64K(174080K)] 339988K->166412K(523776K), 0.0015268 secs] [Times: user=0.00 sys=0.00, real=0.00 secs] 
2018-03-19T13:22:20.126+0530: 4275.229: [GC (Allocation Failure) [PSYoungGen: 173632K->64K(174080K)] 339980K->166436K(523776K), 0.0013851 secs] [Times: user=0.00 sys=0.00, real=0.00 secs] 
2018-03-19T13:22:20.409+0530: 4275.512: [GC (Allocation Failure) [PSYoungGen: 173632K->96K(174080K)] 340004K->166484K(523776K), 0.0015540 secs] [Times: user=0.00 sys=0.00, real=0.00 secs] 
2018-03-19T13:22:20.691+0530: 4275.794: [GC (Allocation Failure) [PSYoungGen: 173664K->96K(174080K)] 340052K->166508K(523776K), 0.0014792 secs] [Times: user=0.00 sys=0.00, real=0.00 secs] 
2018-03-19T13:22:20.969+0530: 4276.071: [GC (Allocation Failure) [PSYoungGen: 173664K->96K(174080K)] 340076K->166524K(523776K), 0.0015332 secs] [Times: user=0.00 sys=0.00, real=0.00 secs] 
2018-03-19T13:22:21.250+0530: 4276.353: [GC (Allocation Failure) [PSYoungGen: 173664K->96K(174080K)] 340092K->166540K(523776K), 0.0015427 secs] [Times: user=0.00 sys=0.00, real=0.00 secs] 
2018-03-19T13:22:21.548+0530: 4276.651: [GC (Allocation Failure) [PSYoungGen: 173664K->64K(174080K)] 340108K->166540K(523776K), 0.0015921 secs] [Times: user=0.00 sys=0.00, real=0.00 secs] 
2018-03-19T13:22:21.834+0530: 4276.937: [GC (Allocation Failure) [PSYoungGen: 173632K->96K(174080K)] 340108K->166596K(523776K), 0.0015184 secs] [Times: user=0.00 sys=0.00, real=0.00 secs] 
2018-03-19T13:22:22.114+0530: 4277.217: [GC (Allocation Failure) [PSYoungGen: 173664K->96K(174080K)] 340164K->166620K(523776K), 0.0016203 secs] [Times: user=0.00 sys=0.00, real=0.00 secs] 
2018-03-19T13:22:22.396+0530: 4277.499: [GC (Allocation Failure) [PSYoungGen: 173664K->96K(174080K)] 340188K->166636K(523776K), 0.0017409 secs] [Times: user=0.00 sys=0.00, real=0.00 secs] 
2018-03-19T13:22:22.684+0530: 4277.787: [GC (Allocation Failure) [PSYoungGen: 173664K->96K(174080K)] 340204K->166660K(523776K), 0.0013868 secs] [Times: user=0.00 sys=0.00, real=0.00 secs] 
2018-03-19T13:22:22.961+0530: 4278.064: [GC (Allocation Failure) [PSYoungGen: 173664K->96K(174080K)] 340228K->166676K(523776K), 0.0015113 secs] [Times: user=0.01 sys=0.00, real=0.00 secs] 
2018-03-19T13:22:23.237+0530: 4278.340: [GC (Allocation Failure) [PSYoungGen: 173664K->96K(174080K)] 340244K->166692K(523776K), 0.0014478 secs] [Times: user=0.00 sys=0.00, real=0.00 secs] 
2018-03-19T13:22:23.528+0530: 4278.631: [GC (Allocation Failure) [PSYoungGen: 173664K->96K(174080K)] 340260K->166716K(523776K), 0.0015191 secs] [Times: user=0.00 sys=0.00, real=0.00 secs] 
2018-03-19T13:22:23.821+0530: 4278.924: [GC (Allocation Failure) [PSYoungGen: 173664K->96K(174080K)] 340284K->166740K(523776K), 0.0014972 secs] [Times: user=0.00 sys=0.00, real=0.00 secs] 
2018-03-19T13:22:24.116+0530: 4279.218: [GC (Allocation Failure) [PSYoungGen: 173664K->96K(174080K)] 340308K->166772K(523776K), 0.0015663 secs] [Times: user=0.00 sys=0.00, real=0.00 secs] 
2018-03-19T13:22:24.398+0530: 4279.501: [GC (Allocation Failure) [PSYoungGen: 173664K->96K(174080K)] 340340K->166796K(523776K), 0.0016693 secs] [Times: user=0.00 sys=0.00, real=0.00 secs] 
2018-03-19T13:22:24.678+0530: 4279.780: [GC (Allocation Failure) [PSYoungGen: 173664K->96K(174080K)] 340364K->166820K(523776K), 0.0014151 secs] [Times: user=0.00 sys=0.00, real=0.00 secs] 
2018-03-19T13:22:24.955+0530: 4280.058: [GC (Allocation Failure) [PSYoungGen: 173664K->96K(174080K)] 340388K->166844K(523776K), 0.0015952 secs] [Times: user=0.00 sys=0.00, real=0.00 secs] 
2018-03-19T13:22:25.241+0530: 4280.344: [GC (Allocation Failure) [PSYoungGen: 173664K->96K(174080K)] 340412K->166860K(523776K), 0.0014510 secs] [Times: user=0.00 sys=0.00, real=0.00 secs] 
2018-03-19T13:22:25.536+0530: 4280.638: [GC (Allocation Failure) [PSYoungGen: 173664K->96K(174080K)] 340428K->166876K(523776K), 0.0015078 secs] [Times: user=0.00 sys=0.00, real=0.00 secs] 
2018-03-19T13:22:25.815+0530: 4280.918: [GC (Allocation Failure) [PSYoungGen: 173664K->96K(174080K)] 340444K->166900K(523776K), 0.0016016 secs] [Times: user=0.00 sys=0.00, real=0.00 secs] 
2018-03-19T13:22:26.096+0530: 4281.200: [GC (Allocation Failure) [PSYoungGen: 173664K->96K(174080K)] 340468K->166916K(523776K), 0.0016947 secs] [Times: user=0.00 sys=0.00, real=0.00 secs] 
2018-03-19T13:22:26.376+0530: 4281.479: [GC (Allocation Failure) [PSYoungGen: 173664K->96K(174080K)] 340484K->166948K(523776K), 0.0015378 secs] [Times: user=0.00 sys=0.00, real=0.00 secs] 
2018-03-19T13:22:26.662+0530: 4281.765: [GC (Allocation Failure) [PSYoungGen: 173664K->96K(174080K)] 340516K->166972K(523776K), 0.0014126 secs] [Times: user=0.00 sys=0.00, real=0.00 secs] 
2018-03-19T13:22:26.949+0530: 4282.052: [GC (Allocation Failure) [PSYoungGen: 173664K->64K(174080K)] 340540K->166964K(523776K), 0.0014531 secs] [Times: user=0.00 sys=0.00, real=0.00 secs] 
2018-03-19T13:22:27.232+0530: 4282.334: [GC (Allocation Failure) [PSYoungGen: 173632K->96K(174080K)] 340532K->167012K(523776K), 0.0014221 secs] [Times: user=0.00 sys=0.00, real=0.00 secs] 
2018-03-19T13:22:27.515+0530: 4282.618: [GC (Allocation Failure) [PSYoungGen: 173664K->96K(174080K)] 340580K->167028K(523776K), 0.0015170 secs] [Times: user=0.00 sys=0.00, real=0.00 secs] 
2018-03-19T13:22:27.804+0530: 4282.906: [GC (Allocation Failure) [PSYoungGen: 173664K->128K(174080K)] 340596K->167084K(523776K), 0.0018502 secs] [Times: user=0.00 sys=0.00, real=0.00 secs] 
2018-03-19T13:22:28.089+0530: 4283.191: [GC (Allocation Failure) [PSYoungGen: 173696K->96K(174080K)] 340652K->167076K(523776K), 0.0015706 secs] [Times: user=0.00 sys=0.00, real=0.00 secs] 
2018-03-19T13:22:28.368+0530: 4283.470: [GC (Allocation Failure) [PSYoungGen: 173664K->96K(174080K)] 340644K->167108K(523776K), 0.0015163 secs] [Times: user=0.06 sys=0.00, real=0.00 secs] 
2018-03-19T13:22:28.660+0530: 4283.762: [GC (Allocation Failure) [PSYoungGen: 173664K->64K(174080K)] 340676K->167100K(523776K), 0.0017433 secs] [Times: user=0.00 sys=0.00, real=0.00 secs] 
2018-03-19T13:22:28.944+0530: 4284.046: [GC (Allocation Failure) [PSYoungGen: 173632K->96K(174080K)] 340668K->167156K(523776K), 0.0015226 secs] [Times: user=0.00 sys=0.00, real=0.00 secs] 
2018-03-19T13:22:29.228+0530: 4284.331: [GC (Allocation Failure) [PSYoungGen: 173664K->96K(174080K)] 340724K->167172K(523776K), 0.0014884 secs] [Times: user=0.00 sys=0.00, real=0.00 secs] 
2018-03-19T13:22:29.511+0530: 4284.614: [GC (Allocation Failure) [PSYoungGen: 173664K->96K(174080K)] 340740K->167188K(523776K), 0.0014062 secs] [Times: user=0.00 sys=0.00, real=0.00 secs] 
2018-03-19T13:22:29.788+0530: 4284.891: [GC (Allocation Failure) [PSYoungGen: 173664K->96K(174080K)] 340756K->167212K(523776K), 0.0014602 secs] [Times: user=0.00 sys=0.00, real=0.00 secs] 
2018-03-19T13:22:30.066+0530: 4285.169: [GC (Allocation Failure) [PSYoungGen: 173664K->64K(174080K)] 340780K->167204K(523776K), 0.0013925 secs] [Times: user=0.00 sys=0.00, real=0.00 secs] 
2018-03-19T13:22:30.353+0530: 4285.456: [GC (Allocation Failure) [PSYoungGen: 173632K->96K(174080K)] 340772K->167260K(523776K), 0.0015649 secs] [Times: user=0.00 sys=0.00, real=0.00 secs] 
2018-03-19T13:22:30.657+0530: 4285.760: [GC (Allocation Failure) [PSYoungGen: 173664K->96K(174080K)] 340828K->167284K(523776K), 0.0015117 secs] [Times: user=0.00 sys=0.00, real=0.00 secs] 
2018-03-19T13:22:30.930+0530: 4286.032: [GC (Allocation Failure) [PSYoungGen: 173664K->96K(174080K)] 340852K->167308K(523776K), 0.0015029 secs] [Times: user=0.00 sys=0.00, real=0.00 secs] 
2018-03-19T13:22:31.203+0530: 4286.305: [GC (Allocation Failure) [PSYoungGen: 173664K->96K(174080K)] 340876K->167332K(523776K), 0.0013396 secs] [Times: user=0.00 sys=0.00, real=0.00 secs] 
2018-03-19T13:22:31.479+0530: 4286.581: [GC (Allocation Failure) [PSYoungGen: 173664K->96K(174080K)] 340900K->167356K(523776K), 0.0016037 secs] [Times: user=0.00 sys=0.00, real=0.00 secs] 
2018-03-19T13:22:31.766+0530: 4286.869: [GC (Allocation Failure) [PSYoungGen: 173664K->96K(174080K)] 340924K->167372K(523776K), 0.0014672 secs] [Times: user=0.00 sys=0.00, real=0.00 secs] 
2018-03-19T13:22:32.057+0530: 4287.160: [GC (Allocation Failure) [PSYoungGen: 173664K->96K(174080K)] 340940K->167388K(523776K), 0.0016238 secs] [Times: user=0.00 sys=0.00, real=0.00 secs] 
2018-03-19T13:22:32.330+0530: 4287.433: [GC (Allocation Failure) [PSYoungGen: 173664K->96K(174080K)] 340956K->167420K(523776K), 0.0015272 secs] [Times: user=0.00 sys=0.00, real=0.00 secs] 
2018-03-19T13:22:32.616+0530: 4287.719: [GC (Allocation Failure) [PSYoungGen: 173664K->64K(174080K)] 340988K->167412K(523776K), 0.0015074 secs] [Times: user=0.00 sys=0.00, real=0.00 secs] 
2018-03-19T13:22:32.894+0530: 4287.997: [GC (Allocation Failure) [PSYoungGen: 173632K->96K(174080K)] 340980K->167468K(523776K), 0.0014704 secs] [Times: user=0.00 sys=0.00, real=0.00 secs] 
2018-03-19T13:22:33.173+0530: 4288.275: [GC (Allocation Failure) [PSYoungGen: 173664K->128K(174080K)] 341036K->167516K(523776K), 0.0015706 secs] [Times: user=0.00 sys=0.00, real=0.00 secs] 
2018-03-19T13:22:33.458+0530: 4288.561: [GC (Allocation Failure) [PSYoungGen: 173696K->96K(174080K)] 341084K->167508K(523776K), 0.0014228 secs] [Times: user=0.00 sys=0.00, real=0.00 secs] 
2018-03-19T13:22:33.738+0530: 4288.841: [GC (Allocation Failure) [PSYoungGen: 173664K->64K(174080K)] 341076K->167492K(523776K), 0.0013964 secs] [Times: user=0.00 sys=0.00, real=0.00 secs] 
2018-03-19T13:22:34.028+0530: 4289.131: [GC (Allocation Failure) [PSYoungGen: 173632K->96K(174080K)] 341060K->167556K(523776K), 0.0013678 secs] [Times: user=0.00 sys=0.00, real=0.00 secs] 
2018-03-19T13:22:34.314+0530: 4289.417: [GC (Allocation Failure) [PSYoungGen: 173664K->96K(174080K)] 341124K->167580K(523776K), 0.0016943 secs] [Times: user=0.00 sys=0.00, real=0.00 secs] 
2018-03-19T13:22:34.615+0530: 4289.718: [GC (Allocation Failure) [PSYoungGen: 173664K->96K(174080K)] 341148K->167596K(523776K), 0.0015790 secs] [Times: user=0.00 sys=0.00, real=0.00 secs] 
2018-03-19T13:22:34.893+0530: 4289.995: [GC (Allocation Failure) [PSYoungGen: 173664K->96K(174080K)] 341164K->167620K(523776K), 0.0014997 secs] [Times: user=0.00 sys=0.00, real=0.00 secs] 
2018-03-19T13:22:35.162+0530: 4290.265: [GC (Allocation Failure) [PSYoungGen: 173664K->96K(174080K)] 341188K->167644K(523776K), 0.0014260 secs] [Times: user=0.00 sys=0.00, real=0.00 secs] 
2018-03-19T13:22:35.449+0530: 4290.552: [GC (Allocation Failure) [PSYoungGen: 173664K->96K(174080K)] 341212K->167668K(523776K), 0.0016756 secs] [Times: user=0.00 sys=0.00, real=0.00 secs] 
2018-03-19T13:22:35.723+0530: 4290.826: [GC (Allocation Failure) [PSYoungGen: 173664K->64K(174080K)] 341236K->167660K(523776K), 0.0014073 secs] [Times: user=0.00 sys=0.00, real=0.00 secs] 
2018-03-19T13:22:36.069+0530: 4291.172: [GC (Allocation Failure) [PSYoungGen: 173632K->96K(174080K)] 341228K->167716K(523776K), 0.0015483 secs] [Times: user=0.00 sys=0.00, real=0.00 secs] 
2018-03-19T13:22:36.341+0530: 4291.444: [GC (Allocation Failure) [PSYoungGen: 173664K->96K(174080K)] 341284K->167740K(523776K), 0.0013724 secs] [Times: user=0.00 sys=0.00, real=0.00 secs] 
2018-03-19T13:22:36.628+0530: 4291.731: [GC (Allocation Failure) [PSYoungGen: 173664K->64K(174080K)] 341308K->167732K(523776K), 0.0014940 secs] [Times: user=0.00 sys=0.00, real=0.00 secs] 
2018-03-19T13:22:36.906+0530: 4292.009: [GC (Allocation Failure) [PSYoungGen: 173632K->64K(174080K)] 341300K->167756K(523776K), 0.0016383 secs] [Times: user=0.00 sys=0.00, real=0.00 secs] 
2018-03-19T13:22:37.183+0530: 4292.286: [GC (Allocation Failure) [PSYoungGen: 173632K->96K(174080K)] 341324K->167812K(523776K), 0.0014909 secs] [Times: user=0.00 sys=0.00, real=0.00 secs] 
2018-03-19T13:22:37.468+0530: 4292.571: [GC (Allocation Failure) [PSYoungGen: 173664K->96K(174080K)] 341380K->167828K(523776K), 0.0014468 secs] [Times: user=0.00 sys=0.00, real=0.00 secs] 
2018-03-19T13:22:37.758+0530: 4292.860: [GC (Allocation Failure) [PSYoungGen: 173664K->96K(174080K)] 341396K->167852K(523776K), 0.0014429 secs] [Times: user=0.01 sys=0.00, real=0.00 secs] 
2018-03-19T13:22:38.041+0530: 4293.143: [GC (Allocation Failure) [PSYoungGen: 173664K->96K(174080K)] 341420K->167876K(523776K), 0.0015921 secs] [Times: user=0.00 sys=0.00, real=0.00 secs] 
2018-03-19T13:22:38.328+0530: 4293.431: [GC (Allocation Failure) [PSYoungGen: 173664K->96K(174080K)] 341444K->167892K(523776K), 0.0016725 secs] [Times: user=0.00 sys=0.00, real=0.00 secs] 
2018-03-19T13:22:38.621+0530: 4293.724: [GC (Allocation Failure) [PSYoungGen: 173664K->96K(174080K)] 341460K->167908K(523776K), 0.0015180 secs] [Times: user=0.00 sys=0.00, real=0.00 secs] 
2018-03-19T13:22:38.900+0530: 4294.003: [GC (Allocation Failure) [PSYoungGen: 173664K->64K(174080K)] 341476K->167900K(523776K), 0.0014750 secs] [Times: user=0.00 sys=0.00, real=0.00 secs] 
2018-03-19T13:22:39.179+0530: 4294.282: [GC (Allocation Failure) [PSYoungGen: 173632K->96K(174080K)] 341468K->167964K(523776K), 0.0014256 secs] [Times: user=0.00 sys=0.00, real=0.00 secs] 
2018-03-19T13:22:39.464+0530: 4294.566: [GC (Allocation Failure) [PSYoungGen: 173664K->96K(174080K)] 341532K->167988K(523776K), 0.0015642 secs] [Times: user=0.00 sys=0.00, real=0.00 secs] 
2018-03-19T13:22:39.740+0530: 4294.843: [GC (Allocation Failure) [PSYoungGen: 173664K->64K(174080K)] 341556K->167980K(523776K), 0.0017913 secs] [Times: user=0.00 sys=0.00, real=0.00 secs] 
2018-03-19T13:22:40.033+0530: 4295.136: [GC (Allocation Failure) [PSYoungGen: 173632K->64K(174080K)] 341548K->168004K(523776K), 0.0014288 secs] [Times: user=0.00 sys=0.00, real=0.00 secs] 
2018-03-19T13:22:40.317+0530: 4295.420: [GC (Allocation Failure) [PSYoungGen: 173632K->96K(174080K)] 341572K->168060K(523776K), 0.0019313 secs] [Times: user=0.00 sys=0.00, real=0.00 secs] 
2018-03-19T13:22:40.606+0530: 4295.709: [GC (Allocation Failure) [PSYoungGen: 173664K->96K(174080K)] 341628K->168084K(523776K), 0.0014034 secs] [Times: user=0.00 sys=0.00, real=0.00 secs] 
2018-03-19T13:22:40.880+0530: 4295.982: [GC (Allocation Failure) [PSYoungGen: 173664K->96K(174080K)] 341652K->168108K(523776K), 0.0016111 secs] [Times: user=0.00 sys=0.00, real=0.00 secs] 
2018-03-19T13:22:41.157+0530: 4296.259: [GC (Allocation Failure) [PSYoungGen: 173664K->64K(174080K)] 341676K->168100K(523776K), 0.0017698 secs] [Times: user=0.00 sys=0.00, real=0.00 secs] 
2018-03-19T13:22:41.447+0530: 4296.550: [GC (Allocation Failure) [PSYoungGen: 173632K->96K(174080K)] 341668K->168156K(523776K), 0.0014450 secs] [Times: user=0.00 sys=0.00, real=0.00 secs] 
2018-03-19T13:22:41.727+0530: 4296.829: [GC (Allocation Failure) [PSYoungGen: 173664K->96K(174080K)] 341724K->168172K(523776K), 0.0014944 secs] [Times: user=0.00 sys=0.00, real=0.00 secs] 
2018-03-19T13:22:42.006+0530: 4297.108: [GC (Allocation Failure) [PSYoungGen: 173664K->128K(174080K)] 341740K->168220K(523776K), 0.0014429 secs] [Times: user=0.00 sys=0.00, real=0.00 secs] 
2018-03-19T13:22:42.283+0530: 4297.386: [GC (Allocation Failure) [PSYoungGen: 173696K->96K(174080K)] 341788K->168212K(523776K), 0.0013784 secs] [Times: user=0.00 sys=0.00, real=0.00 secs] 
2018-03-19T13:22:42.575+0530: 4297.678: [GC (Allocation Failure) [PSYoungGen: 173664K->96K(174080K)] 341780K->168236K(523776K), 0.0014249 secs] [Times: user=0.00 sys=0.00, real=0.00 secs] 
2018-03-19T13:22:42.855+0530: 4297.957: [GC (Allocation Failure) [PSYoungGen: 173664K->96K(174080K)] 341804K->168252K(523776K), 0.0015603 secs] [Times: user=0.00 sys=0.00, real=0.00 secs] 
2018-03-19T13:22:43.136+0530: 4298.238: [GC (Allocation Failure) [PSYoungGen: 173664K->64K(174080K)] 341820K->168244K(523776K), 0.0016890 secs] [Times: user=0.00 sys=0.00, real=0.00 secs] 
2018-03-19T13:22:43.422+0530: 4298.525: [GC (Allocation Failure) [PSYoungGen: 173632K->96K(174080K)] 341812K->168292K(523776K), 0.0015600 secs] [Times: user=0.00 sys=0.00, real=0.00 secs] 
2018-03-19T13:22:43.704+0530: 4298.807: [GC (Allocation Failure) [PSYoungGen: 173664K->64K(174080K)] 341860K->168284K(523776K), 0.0013629 secs] [Times: user=0.00 sys=0.00, real=0.00 secs] 
2018-03-19T13:22:44.004+0530: 4299.106: [GC (Allocation Failure) [PSYoungGen: 173632K->64K(174080K)] 341852K->168308K(523776K), 0.0015141 secs] [Times: user=0.00 sys=0.00, real=0.00 secs] 
2018-03-19T13:22:44.281+0530: 4299.384: [GC (Allocation Failure) [PSYoungGen: 173632K->64K(174080K)] 341876K->168332K(523776K), 0.0014588 secs] [Times: user=0.00 sys=0.00, real=0.00 secs] 
2018-03-19T13:22:44.571+0530: 4299.675: [GC (Allocation Failure) [PSYoungGen: 173632K->64K(174080K)] 341900K->168356K(523776K), 0.0021161 secs] [Times: user=0.01 sys=0.00, real=0.00 secs] 
2018-03-19T13:22:44.845+0530: 4299.947: [GC (Allocation Failure) [PSYoungGen: 173632K->96K(174080K)] 341924K->168412K(523776K), 0.0014679 secs] [Times: user=0.00 sys=0.00, real=0.00 secs] 
2018-03-19T13:22:45.127+0530: 4300.230: [GC (Allocation Failure) [PSYoungGen: 173664K->96K(174080K)] 341980K->168436K(523776K), 0.0014873 secs] [Times: user=0.00 sys=0.00, real=0.00 secs] 
2018-03-19T13:22:45.415+0530: 4300.518: [GC (Allocation Failure) [PSYoungGen: 173664K->64K(174080K)] 342004K->168428K(523776K), 0.0017677 secs] [Times: user=0.00 sys=0.00, real=0.00 secs] 
2018-03-19T13:22:45.696+0530: 4300.799: [GC (Allocation Failure) [PSYoungGen: 173632K->64K(174080K)] 341996K->168452K(523776K), 0.0014489 secs] [Times: user=0.00 sys=0.00, real=0.00 secs] 
2018-03-19T13:22:45.976+0530: 4301.078: [GC (Allocation Failure) [PSYoungGen: 173632K->96K(174080K)] 342020K->168500K(523776K), 0.0013840 secs] [Times: user=0.00 sys=0.00, real=0.00 secs] 
2018-03-19T13:22:46.254+0530: 4301.357: [GC (Allocation Failure) [PSYoungGen: 173664K->64K(174080K)] 342068K->168492K(523776K), 0.0014242 secs] [Times: user=0.00 sys=0.00, real=0.00 secs] 
2018-03-19T13:22:46.538+0530: 4301.641: [GC (Allocation Failure) [PSYoungGen: 173632K->96K(174080K)] 342060K->168548K(523776K), 0.0014330 secs] [Times: user=0.00 sys=0.00, real=0.00 secs] 
2018-03-19T13:22:46.818+0530: 4301.921: [GC (Allocation Failure) [PSYoungGen: 173664K->64K(174080K)] 342116K->168548K(523776K), 0.0014440 secs] [Times: user=0.00 sys=0.00, real=0.00 secs] 
2018-03-19T13:22:47.098+0530: 4302.201: [GC (Allocation Failure) [PSYoungGen: 173632K->96K(174080K)] 342116K->168596K(523776K), 0.0014313 secs] [Times: user=0.00 sys=0.00, real=0.00 secs] 
2018-03-19T13:22:47.381+0530: 4302.483: [GC (Allocation Failure) [PSYoungGen: 173664K->96K(174080K)] 342164K->168612K(523776K), 0.0014510 secs] [Times: user=0.00 sys=0.00, real=0.00 secs] 
2018-03-19T13:22:47.677+0530: 4302.780: [GC (Allocation Failure) [PSYoungGen: 173664K->96K(174080K)] 342180K->168636K(523776K), 0.0014743 secs] [Times: user=0.00 sys=0.00, real=0.00 secs] 
2018-03-19T13:22:47.964+0530: 4303.067: [GC (Allocation Failure) [PSYoungGen: 173664K->64K(174080K)] 342204K->168628K(523776K), 0.0016725 secs] [Times: user=0.00 sys=0.00, real=0.00 secs] 
2018-03-19T13:22:48.247+0530: 4303.350: [GC (Allocation Failure) [PSYoungGen: 173632K->96K(174080K)] 342196K->168684K(523776K), 0.0014761 secs] [Times: user=0.00 sys=0.00, real=0.00 secs] 
2018-03-19T13:22:48.535+0530: 4303.638: [GC (Allocation Failure) [PSYoungGen: 173664K->96K(174080K)] 342252K->168700K(523776K), 0.0016376 secs] [Times: user=0.00 sys=0.00, real=0.00 secs] 
2018-03-19T13:22:48.819+0530: 4303.923: [GC (Allocation Failure) [PSYoungGen: 173664K->96K(174080K)] 342268K->168724K(523776K), 0.0014997 secs] [Times: user=0.00 sys=0.00, real=0.00 secs] 
2018-03-19T13:22:49.095+0530: 4304.198: [GC (Allocation Failure) [PSYoungGen: 173664K->96K(174080K)] 342292K->168748K(523776K), 0.0015564 secs] [Times: user=0.00 sys=0.00, real=0.00 secs] 
2018-03-19T13:22:49.375+0530: 4304.477: [GC (Allocation Failure) [PSYoungGen: 173664K->96K(174080K)] 342316K->168780K(523776K), 0.0015138 secs] [Times: user=0.00 sys=0.00, real=0.00 secs] 
2018-03-19T13:22:49.656+0530: 4304.759: [GC (Allocation Failure) [PSYoungGen: 173664K->96K(174080K)] 342348K->168804K(523776K), 0.0015092 secs] [Times: user=0.00 sys=0.00, real=0.00 secs] 
2018-03-19T13:22:49.933+0530: 4305.036: [GC (Allocation Failure) [PSYoungGen: 173664K->96K(174080K)] 342372K->168836K(523776K), 0.0013847 secs] [Times: user=0.00 sys=0.00, real=0.00 secs] 
2018-03-19T13:22:50.214+0530: 4305.317: [GC (Allocation Failure) [PSYoungGen: 173664K->96K(174080K)] 342404K->168860K(523776K), 0.0017324 secs] [Times: user=0.00 sys=0.00, real=0.00 secs] 
2018-03-19T13:22:50.521+0530: 4305.623: [GC (Allocation Failure) [PSYoungGen: 173664K->96K(174080K)] 342428K->168884K(523776K), 0.0016213 secs] [Times: user=0.00 sys=0.00, real=0.00 secs] 
2018-03-19T13:22:50.817+0530: 4305.920: [GC (Allocation Failure) [PSYoungGen: 173664K->64K(174080K)] 342452K->168876K(523776K), 0.0016093 secs] [Times: user=0.00 sys=0.00, real=0.00 secs] 
2018-03-19T13:22:51.096+0530: 4306.198: [GC (Allocation Failure) [PSYoungGen: 173632K->96K(174080K)] 342444K->168924K(523776K), 0.0015780 secs] [Times: user=0.00 sys=0.00, real=0.00 secs] 
2018-03-19T13:22:51.367+0530: 4306.469: [GC (Allocation Failure) [PSYoungGen: 173664K->64K(174080K)] 342492K->168916K(523776K), 0.0016005 secs] [Times: user=0.00 sys=0.00, real=0.00 secs] 
2018-03-19T13:22:51.656+0530: 4306.759: [GC (Allocation Failure) [PSYoungGen: 173632K->96K(174080K)] 342484K->168972K(523776K), 0.0014933 secs] [Times: user=0.00 sys=0.00, real=0.00 secs] 
2018-03-19T13:22:51.949+0530: 4307.052: [GC (Allocation Failure) [PSYoungGen: 173664K->96K(174080K)] 342540K->168996K(523776K), 0.0015804 secs] [Times: user=0.00 sys=0.00, real=0.00 secs] 
2018-03-19T13:22:52.235+0530: 4307.338: [GC (Allocation Failure) [PSYoungGen: 173664K->96K(174080K)] 342564K->169020K(523776K), 0.0014485 secs] [Times: user=0.00 sys=0.00, real=0.00 secs] 
2018-03-19T13:22:52.519+0530: 4307.622: [GC (Allocation Failure) [PSYoungGen: 173664K->96K(174080K)] 342588K->169036K(523776K), 0.0015198 secs] [Times: user=0.00 sys=0.00, real=0.00 secs] 
2018-03-19T13:22:52.800+0530: 4307.903: [GC (Allocation Failure) [PSYoungGen: 173664K->96K(174080K)] 342604K->169052K(523776K), 0.0014990 secs] [Times: user=0.00 sys=0.00, real=0.00 secs] 
2018-03-19T13:22:53.076+0530: 4308.179: [GC (Allocation Failure) [PSYoungGen: 173664K->96K(174080K)] 342620K->169076K(523776K), 0.0014493 secs] [Times: user=0.00 sys=0.00, real=0.00 secs] 
2018-03-19T13:22:53.356+0530: 4308.458: [GC (Allocation Failure) [PSYoungGen: 173664K->96K(174080K)] 342644K->169100K(523776K), 0.0014440 secs] [Times: user=0.00 sys=0.00, real=0.00 secs] 
2018-03-19T13:22:53.645+0530: 4308.748: [GC (Allocation Failure) [PSYoungGen: 173664K->128K(174080K)] 342668K->169156K(523776K), 0.0015448 secs] [Times: user=0.00 sys=0.00, real=0.00 secs] 
2018-03-19T13:22:53.925+0530: 4309.028: [GC (Allocation Failure) [PSYoungGen: 173696K->64K(174080K)] 342724K->169108K(523776K), 0.0018869 secs] [Times: user=0.00 sys=0.00, real=0.00 secs] 
2018-03-19T13:22:54.216+0530: 4309.319: [GC (Allocation Failure) [PSYoungGen: 173632K->96K(174080K)] 342676K->169164K(523776K), 0.0014048 secs] [Times: user=0.00 sys=0.00, real=0.00 secs] 
2018-03-19T13:22:54.507+0530: 4309.611: [GC (Allocation Failure) [PSYoungGen: 173664K->64K(174080K)] 342732K->169156K(523776K), 0.0015198 secs] [Times: user=0.02 sys=0.00, real=0.00 secs] 
2018-03-19T13:22:54.787+0530: 4309.890: [GC (Allocation Failure) [PSYoungGen: 173632K->96K(174080K)] 342724K->169204K(523776K), 0.0013893 secs] [Times: user=0.00 sys=0.00, real=0.00 secs] 
2018-03-19T13:22:55.064+0530: 4310.168: [GC (Allocation Failure) [PSYoungGen: 173664K->96K(174080K)] 342772K->169228K(523776K), 0.0014415 secs] [Times: user=0.00 sys=0.00, real=0.00 secs] 
2018-03-19T13:22:55.343+0530: 4310.446: [GC (Allocation Failure) [PSYoungGen: 173664K->96K(174080K)] 342796K->169244K(523776K), 0.0015674 secs] [Times: user=0.00 sys=0.00, real=0.00 secs] 
2018-03-19T13:22:55.647+0530: 4310.750: [GC (Allocation Failure) [PSYoungGen: 173664K->96K(174080K)] 342812K->169268K(523776K), 0.0014880 secs] [Times: user=0.00 sys=0.00, real=0.00 secs] 
2018-03-19T13:22:55.950+0530: 4311.053: [GC (Allocation Failure) [PSYoungGen: 173664K->96K(174080K)] 342836K->169284K(523776K), 0.0015060 secs] [Times: user=0.00 sys=0.00, real=0.00 secs] 
2018-03-19T13:22:56.230+0530: 4311.333: [GC (Allocation Failure) [PSYoungGen: 173664K->96K(174080K)] 342852K->169308K(523776K), 0.0013918 secs] [Times: user=0.00 sys=0.00, real=0.00 secs] 
2018-03-19T13:22:56.521+0530: 4311.624: [GC (Allocation Failure) [PSYoungGen: 173664K->96K(174080K)] 342876K->169332K(523776K), 0.0014355 secs] [Times: user=0.00 sys=0.00, real=0.00 secs] 
2018-03-19T13:22:56.801+0530: 4311.904: [GC (Allocation Failure) [PSYoungGen: 173664K->64K(174080K)] 342900K->169324K(523776K), 0.0014471 secs] [Times: user=0.00 sys=0.00, real=0.00 secs] 
2018-03-19T13:22:57.080+0530: 4312.183: [GC (Allocation Failure) [PSYoungGen: 173632K->96K(174080K)] 342892K->169380K(523776K), 0.0015205 secs] [Times: user=0.00 sys=0.00, real=0.00 secs] 
2018-03-19T13:22:57.357+0530: 4312.460: [GC (Allocation Failure) [PSYoungGen: 173664K->96K(174080K)] 342948K->169396K(523776K), 0.0014087 secs] [Times: user=0.00 sys=0.00, real=0.00 secs] 
2018-03-19T13:22:57.644+0530: 4312.747: [GC (Allocation Failure) [PSYoungGen: 173664K->96K(174080K)] 342964K->169420K(523776K), 0.0014069 secs] [Times: user=0.00 sys=0.00, real=0.00 secs] 
2018-03-19T13:22:57.923+0530: 4313.026: [GC (Allocation Failure) [PSYoungGen: 173664K->96K(174080K)] 342988K->169452K(523776K), 0.0013879 secs] [Times: user=0.00 sys=0.00, real=0.00 secs] 
2018-03-19T13:22:58.198+0530: 4313.301: [GC (Allocation Failure) [PSYoungGen: 173664K->96K(174080K)] 343020K->169468K(523776K), 0.0014782 secs] [Times: user=0.00 sys=0.00, real=0.00 secs] 
2018-03-19T13:22:58.486+0530: 4313.590: [GC (Allocation Failure) [PSYoungGen: 173664K->96K(174080K)] 343036K->169492K(523776K), 0.0015981 secs] [Times: user=0.00 sys=0.00, real=0.00 secs] 
2018-03-19T13:22:58.766+0530: 4313.869: [GC (Allocation Failure) [PSYoungGen: 173664K->96K(174080K)] 343060K->169524K(523776K), 0.0015057 secs] [Times: user=0.00 sys=0.00, real=0.00 secs] 
2018-03-19T13:22:59.042+0530: 4314.145: [GC (Allocation Failure) [PSYoungGen: 173664K->96K(174080K)] 343092K->169548K(523776K), 0.0015695 secs] [Times: user=0.00 sys=0.00, real=0.00 secs] 
2018-03-19T13:22:59.319+0530: 4314.423: [GC (Allocation Failure) [PSYoungGen: 173664K->96K(174080K)] 343116K->169564K(523776K), 0.0016016 secs] [Times: user=0.00 sys=0.00, real=0.00 secs] 
2018-03-19T13:22:59.614+0530: 4314.717: [GC (Allocation Failure) [PSYoungGen: 173664K->96K(174080K)] 343132K->169580K(523776K), 0.0016125 secs] [Times: user=0.00 sys=0.00, real=0.00 secs] 
2018-03-19T13:22:59.910+0530: 4315.012: [GC (Allocation Failure) [PSYoungGen: 173664K->96K(174080K)] 343148K->169604K(523776K), 0.0014510 secs] [Times: user=0.00 sys=0.00, real=0.00 secs] 
2018-03-19T13:23:00.215+0530: 4315.318: [GC (Allocation Failure) [PSYoungGen: 173664K->96K(174080K)] 343172K->169628K(523776K), 0.0015282 secs] [Times: user=0.00 sys=0.00, real=0.00 secs] 
2018-03-19T13:23:00.510+0530: 4315.612: [GC (Allocation Failure) [PSYoungGen: 173664K->96K(174080K)] 343196K->169660K(523776K), 0.0014880 secs] [Times: user=0.00 sys=0.00, real=0.00 secs] 
2018-03-19T13:23:00.793+0530: 4315.896: [GC (Allocation Failure) [PSYoungGen: 173664K->96K(174080K)] 343228K->169684K(523776K), 0.0016844 secs] [Times: user=0.00 sys=0.00, real=0.00 secs] 
2018-03-19T13:23:01.070+0530: 4316.173: [GC (Allocation Failure) [PSYoungGen: 173664K->96K(174080K)] 343252K->169716K(523776K), 0.0015691 secs] [Times: user=0.00 sys=0.00, real=0.00 secs] 
2018-03-19T13:23:01.352+0530: 4316.454: [GC (Allocation Failure) [PSYoungGen: 173664K->64K(174080K)] 343284K->169708K(523776K), 0.0014598 secs] [Times: user=0.02 sys=0.00, real=0.00 secs] 
2018-03-19T13:23:01.643+0530: 4316.746: [GC (Allocation Failure) [PSYoungGen: 173632K->64K(174080K)] 343276K->169732K(523776K), 0.0015801 secs] [Times: user=0.00 sys=0.00, real=0.00 secs] 
2018-03-19T13:23:01.922+0530: 4317.024: [GC (Allocation Failure) [PSYoungGen: 173632K->96K(174080K)] 343300K->169780K(523776K), 0.0016280 secs] [Times: user=0.00 sys=0.00, real=0.00 secs] 
2018-03-19T13:23:02.204+0530: 4317.307: [GC (Allocation Failure) [PSYoungGen: 173664K->96K(174080K)] 343348K->169804K(523776K), 0.0015663 secs] [Times: user=0.00 sys=0.00, real=0.00 secs] 
2018-03-19T13:23:02.494+0530: 4317.597: [GC (Allocation Failure) [PSYoungGen: 173664K->96K(174080K)] 343372K->169828K(523776K), 0.0013974 secs] [Times: user=0.00 sys=0.00, real=0.00 secs] 
2018-03-19T13:23:02.774+0530: 4317.876: [GC (Allocation Failure) [PSYoungGen: 173664K->96K(174080K)] 343396K->169844K(523776K), 0.0015790 secs] [Times: user=0.00 sys=0.00, real=0.00 secs] 
2018-03-19T13:23:03.058+0530: 4318.161: [GC (Allocation Failure) [PSYoungGen: 173664K->96K(174080K)] 343412K->169868K(523776K), 0.0014408 secs] [Times: user=0.00 sys=0.00, real=0.00 secs] 
2018-03-19T13:23:03.334+0530: 4318.437: [GC (Allocation Failure) [PSYoungGen: 173664K->96K(174080K)] 343436K->169884K(523776K), 0.0014094 secs] [Times: user=0.00 sys=0.00, real=0.00 secs] 
2018-03-19T13:23:03.626+0530: 4318.729: [GC (Allocation Failure) [PSYoungGen: 173664K->96K(174080K)] 343452K->169908K(523776K), 0.0015173 secs] [Times: user=0.00 sys=0.00, real=0.00 secs] 
2018-03-19T13:23:03.922+0530: 4319.025: [GC (Allocation Failure) [PSYoungGen: 173664K->96K(174080K)] 343476K->169932K(523776K), 0.0016545 secs] [Times: user=0.00 sys=0.00, real=0.00 secs] 
2018-03-19T13:23:04.213+0530: 4319.316: [GC (Allocation Failure) [PSYoungGen: 173664K->96K(174080K)] 343500K->169956K(523776K), 0.0014581 secs] [Times: user=0.00 sys=0.00, real=0.00 secs] 
2018-03-19T13:23:04.499+0530: 4319.602: [GC (Allocation Failure) [PSYoungGen: 173664K->96K(174080K)] 343524K->169980K(523776K), 0.0014193 secs] [Times: user=0.00 sys=0.00, real=0.00 secs] 
2018-03-19T13:23:04.780+0530: 4319.883: [GC (Allocation Failure) [PSYoungGen: 173664K->96K(174080K)] 343548K->170012K(523776K), 0.0015490 secs] [Times: user=0.00 sys=0.00, real=0.00 secs] 
2018-03-19T13:23:05.063+0530: 4320.165: [GC (Allocation Failure) [PSYoungGen: 173664K->96K(174080K)] 343580K->170044K(523776K), 0.0014024 secs] [Times: user=0.00 sys=0.00, real=0.00 secs] 
2018-03-19T13:23:05.340+0530: 4320.443: [GC (Allocation Failure) [PSYoungGen: 173664K->96K(174080K)] 343612K->170068K(523776K), 0.0013921 secs] [Times: user=0.00 sys=0.00, real=0.00 secs] 
2018-03-19T13:23:05.637+0530: 4320.740: [GC (Allocation Failure) [PSYoungGen: 173664K->96K(174080K)] 343636K->170100K(523776K), 0.0015864 secs] [Times: user=0.00 sys=0.00, real=0.00 secs] 
2018-03-19T13:23:05.916+0530: 4321.019: [GC (Allocation Failure) [PSYoungGen: 173664K->96K(174080K)] 343668K->170124K(523776K), 0.0015226 secs] [Times: user=0.00 sys=0.00, real=0.00 secs] 
2018-03-19T13:23:06.199+0530: 4321.302: [GC (Allocation Failure) [PSYoungGen: 173664K->96K(174080K)] 343692K->170148K(523776K), 0.0013904 secs] [Times: user=0.00 sys=0.00, real=0.00 secs] 
2018-03-19T13:23:06.483+0530: 4321.586: [GC (Allocation Failure) [PSYoungGen: 173664K->96K(174080K)] 343716K->170172K(523776K), 0.0014422 secs] [Times: user=0.00 sys=0.00, real=0.00 secs] 
2018-03-19T13:23:06.761+0530: 4321.864: [GC (Allocation Failure) [PSYoungGen: 173664K->64K(174080K)] 343740K->170164K(523776K), 0.0015064 secs] [Times: user=0.00 sys=0.00, real=0.00 secs] 
2018-03-19T13:23:07.039+0530: 4322.141: [GC (Allocation Failure) [PSYoungGen: 173632K->96K(174080K)] 343732K->170212K(523776K), 0.0014803 secs] [Times: user=0.00 sys=0.00, real=0.00 secs] 
2018-03-19T13:23:07.318+0530: 4322.421: [GC (Allocation Failure) [PSYoungGen: 173664K->96K(174080K)] 343780K->170236K(523776K), 0.0015825 secs] [Times: user=0.00 sys=0.00, real=0.00 secs] 
2018-03-19T13:23:07.600+0530: 4322.703: [GC (Allocation Failure) [PSYoungGen: 173664K->96K(174080K)] 343804K->170252K(523776K), 0.0014031 secs] [Times: user=0.00 sys=0.00, real=0.00 secs] 
2018-03-19T13:23:07.902+0530: 4323.005: [GC (Allocation Failure) [PSYoungGen: 173664K->96K(174080K)] 343820K->170276K(523776K), 0.0014909 secs] [Times: user=0.00 sys=0.00, real=0.00 secs] 
2018-03-19T13:23:08.182+0530: 4323.284: [GC (Allocation Failure) [PSYoungGen: 173664K->96K(174080K)] 343844K->170292K(523776K), 0.0015564 secs] [Times: user=0.00 sys=0.00, real=0.00 secs] 
2018-03-19T13:23:08.475+0530: 4323.578: [GC (Allocation Failure) [PSYoungGen: 173664K->96K(174080K)] 343860K->170316K(523776K), 0.0014637 secs] [Times: user=0.00 sys=0.00, real=0.00 secs] 
2018-03-19T13:23:08.757+0530: 4323.860: [GC (Allocation Failure) [PSYoungGen: 173664K->96K(174080K)] 343884K->170348K(523776K), 0.0015244 secs] [Times: user=0.00 sys=0.00, real=0.00 secs] 
2018-03-19T13:23:09.036+0530: 4324.139: [GC (Allocation Failure) [PSYoungGen: 173664K->64K(174080K)] 343916K->170340K(523776K), 0.0015141 secs] [Times: user=0.00 sys=0.00, real=0.00 secs] 
2018-03-19T13:23:09.316+0530: 4324.418: [GC (Allocation Failure) [PSYoungGen: 173632K->64K(174080K)] 343908K->170364K(523776K), 0.0015557 secs] [Times: user=0.00 sys=0.00, real=0.00 secs] 
2018-03-19T13:23:09.601+0530: 4324.703: [GC (Allocation Failure) [PSYoungGen: 173632K->96K(174080K)] 343932K->170420K(523776K), 0.0014429 secs] [Times: user=0.00 sys=0.00, real=0.00 secs] 
2018-03-19T13:23:09.878+0530: 4324.981: [GC (Allocation Failure) [PSYoungGen: 173664K->64K(174080K)] 343988K->170412K(523776K), 0.0013942 secs] [Times: user=0.00 sys=0.00, real=0.00 secs] 
2018-03-19T13:23:10.152+0530: 4325.255: [GC (Allocation Failure) [PSYoungGen: 173632K->96K(174080K)] 343980K->170468K(523776K), 0.0015215 secs] [Times: user=0.00 sys=0.00, real=0.00 secs] 
2018-03-19T13:23:10.443+0530: 4325.546: [GC (Allocation Failure) [PSYoungGen: 173664K->96K(174080K)] 344036K->170484K(523776K), 0.0014500 secs] [Times: user=0.00 sys=0.00, real=0.00 secs] 
2018-03-19T13:23:10.752+0530: 4325.855: [GC (Allocation Failure) [PSYoungGen: 173664K->96K(174080K)] 344052K->170500K(523776K), 0.0014947 secs] [Times: user=0.00 sys=0.00, real=0.00 secs] 
2018-03-19T13:23:11.030+0530: 4326.133: [GC (Allocation Failure) [PSYoungGen: 173664K->96K(174080K)] 344068K->170516K(523776K), 0.0015624 secs] [Times: user=0.00 sys=0.00, real=0.00 secs] 
2018-03-19T13:23:11.307+0530: 4326.410: [GC (Allocation Failure) [PSYoungGen: 173664K->96K(174080K)] 344084K->170540K(523776K), 0.0015512 secs] [Times: user=0.00 sys=0.00, real=0.00 secs] 
2018-03-19T13:23:11.597+0530: 4326.700: [GC (Allocation Failure) [PSYoungGen: 173664K->96K(174080K)] 344108K->170556K(523776K), 0.0013875 secs] [Times: user=0.00 sys=0.00, real=0.00 secs] 
2018-03-19T13:23:11.893+0530: 4326.996: [GC (Allocation Failure) [PSYoungGen: 173664K->96K(174080K)] 344124K->170580K(523776K), 0.0016062 secs] [Times: user=0.00 sys=0.00, real=0.00 secs] 
2018-03-19T13:23:12.177+0530: 4327.280: [GC (Allocation Failure) [PSYoungGen: 173664K->96K(174080K)] 344148K->170604K(523776K), 0.0014478 secs] [Times: user=0.00 sys=0.00, real=0.00 secs] 
2018-03-19T13:23:12.460+0530: 4327.563: [GC (Allocation Failure) [PSYoungGen: 173664K->96K(174080K)] 344172K->170620K(523776K), 0.0015533 secs] [Times: user=0.00 sys=0.00, real=0.00 secs] 
2018-03-19T13:23:12.741+0530: 4327.843: [GC (Allocation Failure) [PSYoungGen: 173664K->96K(174080K)] 344188K->170652K(523776K), 0.0014394 secs] [Times: user=0.00 sys=0.00, real=0.00 secs] 
2018-03-19T13:23:13.019+0530: 4328.121: [GC (Allocation Failure) [PSYoungGen: 173664K->64K(174080K)] 344220K->170644K(523776K), 0.0014669 secs] [Times: user=0.00 sys=0.00, real=0.00 secs] 
2018-03-19T13:23:13.296+0530: 4328.399: [GC (Allocation Failure) [PSYoungGen: 173632K->96K(174080K)] 344212K->170700K(523776K), 0.0015949 secs] [Times: user=0.00 sys=0.00, real=0.00 secs] 
2018-03-19T13:23:13.578+0530: 4328.681: [GC (Allocation Failure) [PSYoungGen: 173664K->64K(174080K)] 344268K->170692K(523776K), 0.0015007 secs] [Times: user=0.00 sys=0.00, real=0.00 secs] 
2018-03-19T13:23:13.864+0530: 4328.966: [GC (Allocation Failure) [PSYoungGen: 173632K->64K(174080K)] 344260K->170716K(523776K), 0.0014630 secs] [Times: user=0.00 sys=0.00, real=0.00 secs] 
2018-03-19T13:23:14.154+0530: 4329.257: [GC (Allocation Failure) [PSYoungGen: 173632K->96K(174080K)] 344284K->170764K(523776K), 0.0014485 secs] [Times: user=0.00 sys=0.00, real=0.00 secs] 
2018-03-19T13:23:14.443+0530: 4329.547: [GC (Allocation Failure) [PSYoungGen: 173664K->64K(174080K)] 344332K->170756K(523776K), 0.0015970 secs] [Times: user=0.00 sys=0.00, real=0.00 secs] 
2018-03-19T13:23:14.719+0530: 4329.823: [GC (Allocation Failure) [PSYoungGen: 173632K->96K(174080K)] 344324K->170812K(523776K), 0.0014873 secs] [Times: user=0.00 sys=0.00, real=0.00 secs] 
2018-03-19T13:23:15.034+0530: 4330.137: [GC (Allocation Failure) [PSYoungGen: 173664K->64K(174080K)] 344380K->170804K(523776K), 0.0014873 secs] [Times: user=0.00 sys=0.00, real=0.00 secs] 
2018-03-19T13:23:15.311+0530: 4330.414: [GC (Allocation Failure) [PSYoungGen: 173632K->96K(174080K)] 344372K->170860K(523776K), 0.0016051 secs] [Times: user=0.00 sys=0.00, real=0.00 secs] 
2018-03-19T13:23:15.609+0530: 4330.712: [GC (Allocation Failure) [PSYoungGen: 173664K->96K(174080K)] 344428K->170876K(523776K), 0.0015261 secs] [Times: user=0.00 sys=0.00, real=0.00 secs] 
2018-03-19T13:23:15.933+0530: 4331.035: [GC (Allocation Failure) [PSYoungGen: 173664K->96K(174080K)] 344444K->170908K(523776K), 0.0015825 secs] [Times: user=0.00 sys=0.00, real=0.00 secs] 
2018-03-19T13:23:16.213+0530: 4331.315: [GC (Allocation Failure) [PSYoungGen: 173664K->96K(174080K)] 344476K->170932K(523776K), 0.0015275 secs] [Times: user=0.00 sys=0.00, real=0.00 secs] 
2018-03-19T13:23:16.496+0530: 4331.598: [GC (Allocation Failure) [PSYoungGen: 173664K->96K(174080K)] 344500K->170956K(523776K), 0.0014690 secs] [Times: user=0.00 sys=0.00, real=0.00 secs] 
2018-03-19T13:23:16.775+0530: 4331.878: [GC (Allocation Failure) [PSYoungGen: 173664K->96K(174080K)] 344524K->170980K(523776K), 0.0015970 secs] [Times: user=0.00 sys=0.00, real=0.00 secs] 
2018-03-19T13:23:17.053+0530: 4332.156: [GC (Allocation Failure) [PSYoungGen: 173664K->64K(174080K)] 344548K->170972K(523776K), 0.0014715 secs] [Times: user=0.00 sys=0.00, real=0.00 secs] 
2018-03-19T13:23:17.331+0530: 4332.434: [GC (Allocation Failure) [PSYoungGen: 173632K->96K(174080K)] 344540K->171028K(523776K), 0.0015335 secs] [Times: user=0.00 sys=0.00, real=0.00 secs] 
2018-03-19T13:23:17.629+0530: 4332.732: [GC (Allocation Failure) [PSYoungGen: 173664K->96K(174080K)] 344596K->171052K(523776K), 0.0016393 secs] [Times: user=0.00 sys=0.00, real=0.00 secs] 
2018-03-19T13:23:17.908+0530: 4333.011: [GC (Allocation Failure) [PSYoungGen: 173664K->96K(174080K)] 344620K->171076K(523776K), 0.0013731 secs] [Times: user=0.00 sys=0.00, real=0.00 secs] 
2018-03-19T13:23:18.187+0530: 4333.290: [GC (Allocation Failure) [PSYoungGen: 173664K->96K(174080K)] 344644K->171108K(523776K), 0.0014771 secs] [Times: user=0.00 sys=0.00, real=0.00 secs] 
2018-03-19T13:23:18.474+0530: 4333.577: [GC (Allocation Failure) [PSYoungGen: 173664K->96K(174080K)] 344676K->171132K(523776K), 0.0015469 secs] [Times: user=0.00 sys=0.00, real=0.00 secs] 
2018-03-19T13:23:18.758+0530: 4333.862: [GC (Allocation Failure) [PSYoungGen: 173664K->64K(174080K)] 344700K->171132K(523776K), 0.0014556 secs] [Times: user=0.02 sys=0.00, real=0.00 secs] 
2018-03-19T13:23:19.035+0530: 4334.138: [GC (Allocation Failure) [PSYoungGen: 173632K->96K(174080K)] 344700K->171188K(523776K), 0.0013724 secs] [Times: user=0.00 sys=0.00, real=0.00 secs] 
2018-03-19T13:23:19.317+0530: 4334.419: [GC (Allocation Failure) [PSYoungGen: 173664K->96K(174080K)] 344756K->171212K(523776K), 0.0015251 secs] [Times: user=0.00 sys=0.00, real=0.00 secs] 
2018-03-19T13:23:19.610+0530: 4334.713: [GC (Allocation Failure) [PSYoungGen: 173664K->64K(174080K)] 344780K->171204K(523776K), 0.0015381 secs] [Times: user=0.00 sys=0.00, real=0.00 secs] 
2018-03-19T13:23:19.906+0530: 4335.009: [GC (Allocation Failure) [PSYoungGen: 173632K->96K(174080K)] 344772K->171260K(523776K), 0.0016125 secs] [Times: user=0.00 sys=0.00, real=0.00 secs] 
2018-03-19T13:23:20.184+0530: 4335.287: [GC (Allocation Failure) [PSYoungGen: 173664K->96K(174080K)] 344828K->171276K(523776K), 0.0014129 secs] [Times: user=0.00 sys=0.00, real=0.00 secs] 
2018-03-19T13:23:20.473+0530: 4335.576: [GC (Allocation Failure) [PSYoungGen: 173664K->64K(174080K)] 344844K->171268K(523776K), 0.0015660 secs] [Times: user=0.00 sys=0.00, real=0.00 secs] 
2018-03-19T13:23:20.763+0530: 4335.866: [GC (Allocation Failure) [PSYoungGen: 173632K->96K(174080K)] 344836K->171316K(523776K), 0.0014214 secs] [Times: user=0.00 sys=0.00, real=0.00 secs] 
2018-03-19T13:23:21.030+0530: 4336.133: [GC (Allocation Failure) [PSYoungGen: 173664K->96K(174080K)] 344884K->171340K(523776K), 0.0014101 secs] [Times: user=0.00 sys=0.00, real=0.00 secs] 
2018-03-19T13:23:21.311+0530: 4336.414: [GC (Allocation Failure) [PSYoungGen: 173664K->96K(174080K)] 344908K->171364K(523776K), 0.0015120 secs] [Times: user=0.00 sys=0.00, real=0.00 secs] 
2018-03-19T13:23:21.600+0530: 4336.703: [GC (Allocation Failure) [PSYoungGen: 173664K->96K(174080K)] 344932K->171380K(523776K), 0.0015547 secs] [Times: user=0.00 sys=0.00, real=0.00 secs] 
2018-03-19T13:23:21.878+0530: 4336.981: [GC (Allocation Failure) [PSYoungGen: 173664K->96K(174080K)] 344948K->171404K(523776K), 0.0017141 secs] [Times: user=0.00 sys=0.00, real=0.00 secs] 
2018-03-19T13:23:22.157+0530: 4337.260: [GC (Allocation Failure) [PSYoungGen: 173664K->96K(174080K)] 344972K->171428K(523776K), 0.0014722 secs] [Times: user=0.00 sys=0.00, real=0.00 secs] 
2018-03-19T13:23:22.436+0530: 4337.539: [GC (Allocation Failure) [PSYoungGen: 173664K->96K(174080K)] 344996K->171452K(523776K), 0.0015850 secs] [Times: user=0.00 sys=0.00, real=0.00 secs] 
2018-03-19T13:23:22.708+0530: 4337.811: [GC (Allocation Failure) [PSYoungGen: 173664K->96K(174080K)] 345020K->171484K(523776K), 0.0015240 secs] [Times: user=0.00 sys=0.00, real=0.00 secs] 
2018-03-19T13:23:22.990+0530: 4338.093: [GC (Allocation Failure) [PSYoungGen: 173664K->96K(174080K)] 345052K->171500K(523776K), 0.0014129 secs] [Times: user=0.00 sys=0.00, real=0.00 secs] 
2018-03-19T13:23:23.268+0530: 4338.371: [GC (Allocation Failure) [PSYoungGen: 173664K->64K(174080K)] 345068K->171484K(523776K), 0.0014799 secs] [Times: user=0.00 sys=0.00, real=0.00 secs] 
2018-03-19T13:23:23.556+0530: 4338.658: [GC (Allocation Failure) [PSYoungGen: 173632K->96K(174080K)] 345052K->171540K(523776K), 0.0016400 secs] [Times: user=0.00 sys=0.00, real=0.00 secs] 
2018-03-19T13:23:23.844+0530: 4338.947: [GC (Allocation Failure) [PSYoungGen: 173664K->96K(174080K)] 345108K->171564K(523776K), 0.0015371 secs] [Times: user=0.00 sys=0.00, real=0.00 secs] 
2018-03-19T13:23:24.134+0530: 4339.236: [GC (Allocation Failure) [PSYoungGen: 173664K->96K(174080K)] 345132K->171588K(523776K), 0.0015564 secs] [Times: user=0.00 sys=0.00, real=0.00 secs] 
2018-03-19T13:23:24.421+0530: 4339.524: [GC (Allocation Failure) [PSYoungGen: 173664K->96K(174080K)] 345156K->171620K(523776K), 0.0017190 secs] [Times: user=0.00 sys=0.00, real=0.00 secs] 
2018-03-19T13:23:24.703+0530: 4339.806: [GC (Allocation Failure) [PSYoungGen: 173664K->64K(174080K)] 345188K->171612K(523776K), 0.0013886 secs] [Times: user=0.00 sys=0.00, real=0.00 secs] 
2018-03-19T13:23:24.984+0530: 4340.088: [GC (Allocation Failure) [PSYoungGen: 173632K->96K(174080K)] 345180K->171668K(523776K), 0.0015240 secs] [Times: user=0.00 sys=0.00, real=0.00 secs] 
2018-03-19T13:23:25.261+0530: 4340.364: [GC (Allocation Failure) [PSYoungGen: 173664K->96K(174080K)] 345236K->171700K(523776K), 0.0015159 secs] [Times: user=0.00 sys=0.00, real=0.00 secs] 
2018-03-19T13:23:25.545+0530: 4340.648: [GC (Allocation Failure) [PSYoungGen: 173664K->96K(174080K)] 345268K->171716K(523776K), 0.0014856 secs] [Times: user=0.00 sys=0.00, real=0.00 secs] 
2018-03-19T13:23:25.832+0530: 4340.935: [GC (Allocation Failure) [PSYoungGen: 173664K->64K(174080K)] 345284K->171708K(523776K), 0.0015201 secs] [Times: user=0.00 sys=0.00, real=0.00 secs] 
2018-03-19T13:23:26.109+0530: 4341.211: [GC (Allocation Failure) [PSYoungGen: 173632K->96K(174080K)] 345276K->171764K(523776K), 0.0015681 secs] [Times: user=0.00 sys=0.00, real=0.00 secs] 
2018-03-19T13:23:26.395+0530: 4341.498: [GC (Allocation Failure) [PSYoungGen: 173664K->96K(174080K)] 345332K->171796K(523776K), 0.0015117 secs] [Times: user=0.00 sys=0.00, real=0.00 secs] 
2018-03-19T13:23:26.685+0530: 4341.788: [GC (Allocation Failure) [PSYoungGen: 173664K->96K(174080K)] 345364K->171812K(523776K), 0.0016097 secs] [Times: user=0.00 sys=0.00, real=0.00 secs] 
2018-03-19T13:23:26.964+0530: 4342.068: [GC (Allocation Failure) [PSYoungGen: 173664K->96K(174080K)] 345380K->171828K(523776K), 0.0015568 secs] [Times: user=0.00 sys=0.00, real=0.00 secs] 
2018-03-19T13:23:27.240+0530: 4342.342: [GC (Allocation Failure) [PSYoungGen: 173664K->96K(174080K)] 345396K->171860K(523776K), 0.0014013 secs] [Times: user=0.00 sys=0.00, real=0.00 secs] 
2018-03-19T13:23:27.519+0530: 4342.621: [GC (Allocation Failure) [PSYoungGen: 173664K->96K(174080K)] 345428K->171892K(523776K), 0.0015293 secs] [Times: user=0.00 sys=0.00, real=0.00 secs] 
2018-03-19T13:23:27.803+0530: 4342.906: [GC (Allocation Failure) [PSYoungGen: 173664K->64K(174080K)] 345460K->171876K(523776K), 0.0018315 secs] [Times: user=0.00 sys=0.00, real=0.00 secs] 
2018-03-19T13:23:28.089+0530: 4343.192: [GC (Allocation Failure) [PSYoungGen: 173632K->96K(174080K)] 345444K->171932K(523776K), 0.0015716 secs] [Times: user=0.00 sys=0.00, real=0.00 secs] 
2018-03-19T13:23:28.381+0530: 4343.484: [GC (Allocation Failure) [PSYoungGen: 173664K->64K(174080K)] 345500K->171924K(523776K), 0.0015758 secs] [Times: user=0.00 sys=0.00, real=0.00 secs] 
2018-03-19T13:23:28.694+0530: 4343.797: [GC (Allocation Failure) [PSYoungGen: 173632K->96K(174080K)] 345492K->171988K(523776K), 0.0014299 secs] [Times: user=0.00 sys=0.00, real=0.00 secs] 
2018-03-19T13:23:28.970+0530: 4344.073: [GC (Allocation Failure) [PSYoungGen: 173664K->96K(174080K)] 345556K->172020K(523776K), 0.0014133 secs] [Times: user=0.00 sys=0.00, real=0.00 secs] 
2018-03-19T13:23:29.248+0530: 4344.351: [GC (Allocation Failure) [PSYoungGen: 173664K->96K(174080K)] 345588K->172052K(523776K), 0.0015515 secs] [Times: user=0.00 sys=0.00, real=0.00 secs] 
2018-03-19T13:23:29.535+0530: 4344.637: [GC (Allocation Failure) [PSYoungGen: 173664K->96K(174080K)] 345620K->172084K(523776K), 0.0014612 secs] [Times: user=0.00 sys=0.00, real=0.00 secs] 
2018-03-19T13:23:29.812+0530: 4344.915: [GC (Allocation Failure) [PSYoungGen: 173664K->64K(174080K)] 345652K->172076K(523776K), 0.0015346 secs] [Times: user=0.00 sys=0.00, real=0.00 secs] 
2018-03-19T13:23:30.091+0530: 4345.195: [GC (Allocation Failure) [PSYoungGen: 173632K->96K(174080K)] 345644K->172132K(523776K), 0.0015589 secs] [Times: user=0.00 sys=0.00, real=0.00 secs] 
2018-03-19T13:23:30.376+0530: 4345.479: [GC (Allocation Failure) [PSYoungGen: 173664K->96K(174080K)] 345700K->172156K(523776K), 0.0016446 secs] [Times: user=0.00 sys=0.00, real=0.00 secs] 
2018-03-19T13:23:30.667+0530: 4345.771: [GC (Allocation Failure) [PSYoungGen: 173664K->96K(174080K)] 345724K->172172K(523776K), 0.0017148 secs] [Times: user=0.00 sys=0.00, real=0.00 secs] 
2018-03-19T13:23:30.955+0530: 4346.058: [GC (Allocation Failure) [PSYoungGen: 173664K->96K(174080K)] 345740K->172204K(523776K), 0.0016929 secs] [Times: user=0.00 sys=0.00, real=0.00 secs] 
2018-03-19T13:23:31.235+0530: 4346.338: [GC (Allocation Failure) [PSYoungGen: 173664K->96K(174080K)] 345772K->172220K(523776K), 0.0017141 secs] [Times: user=0.00 sys=0.00, real=0.00 secs] 
2018-03-19T13:23:31.523+0530: 4346.627: [GC (Allocation Failure) [PSYoungGen: 173664K->96K(174080K)] 345788K->172244K(523776K), 0.0015656 secs] [Times: user=0.02 sys=0.00, real=0.00 secs] 
2018-03-19T13:23:31.822+0530: 4346.925: [GC (Allocation Failure) [PSYoungGen: 173664K->96K(174080K)] 345812K->172268K(523776K), 0.0017578 secs] [Times: user=0.00 sys=0.00, real=0.00 secs] 
2018-03-19T13:23:32.112+0530: 4347.215: [GC (Allocation Failure) [PSYoungGen: 173664K->64K(174080K)] 345836K->172260K(523776K), 0.0015476 secs] [Times: user=0.00 sys=0.00, real=0.00 secs] 
2018-03-19T13:23:32.386+0530: 4347.490: [GC (Allocation Failure) [PSYoungGen: 173632K->32K(174080K)] 345828K->172244K(523776K), 0.0025938 secs] [Times: user=0.00 sys=0.00, real=0.00 secs] 
2018-03-19T13:23:32.671+0530: 4347.774: [GC (Allocation Failure) [PSYoungGen: 173600K->96K(174080K)] 345812K->172332K(523776K), 0.0013890 secs] [Times: user=0.00 sys=0.00, real=0.00 secs] 
2018-03-19T13:23:32.948+0530: 4348.050: [GC (Allocation Failure) [PSYoungGen: 173664K->96K(174080K)] 345900K->172356K(523776K), 0.0014683 secs] [Times: user=0.00 sys=0.00, real=0.00 secs] 
2018-03-19T13:23:33.228+0530: 4348.331: [GC (Allocation Failure) [PSYoungGen: 173664K->96K(174080K)] 345924K->172380K(523776K), 0.0015776 secs] [Times: user=0.00 sys=0.00, real=0.00 secs] 
2018-03-19T13:23:33.515+0530: 4348.618: [GC (Allocation Failure) [PSYoungGen: 173664K->96K(174080K)] 345948K->172404K(523776K), 0.0016019 secs] [Times: user=0.00 sys=0.00, real=0.00 secs] 
2018-03-19T13:23:33.793+0530: 4348.896: [GC (Allocation Failure) [PSYoungGen: 173664K->64K(174080K)] 345972K->172388K(523776K), 0.0015205 secs] [Times: user=0.00 sys=0.00, real=0.00 secs] 
2018-03-19T13:23:34.080+0530: 4349.183: [GC (Allocation Failure) [PSYoungGen: 173632K->96K(174080K)] 345956K->172444K(523776K), 0.0016041 secs] [Times: user=0.00 sys=0.00, real=0.00 secs] 
2018-03-19T13:23:34.362+0530: 4349.465: [GC (Allocation Failure) [PSYoungGen: 173664K->64K(174080K)] 346012K->172436K(523776K), 0.0015818 secs] [Times: user=0.00 sys=0.00, real=0.00 secs] 
2018-03-19T13:23:34.649+0530: 4349.752: [GC (Allocation Failure) [PSYoungGen: 173632K->96K(174080K)] 346004K->172492K(523776K), 0.0015247 secs] [Times: user=0.06 sys=0.00, real=0.00 secs] 
2018-03-19T13:23:34.930+0530: 4350.033: [GC (Allocation Failure) [PSYoungGen: 173664K->96K(174080K)] 346060K->172516K(523776K), 0.0016682 secs] [Times: user=0.00 sys=0.00, real=0.00 secs] 
2018-03-19T13:23:35.211+0530: 4350.314: [GC (Allocation Failure) [PSYoungGen: 173664K->96K(174080K)] 346084K->172532K(523776K), 0.0015945 secs] [Times: user=0.00 sys=0.00, real=0.00 secs] 
2018-03-19T13:23:35.490+0530: 4350.593: [GC (Allocation Failure) [PSYoungGen: 173664K->96K(174080K)] 346100K->172548K(523776K), 0.0014884 secs] [Times: user=0.00 sys=0.00, real=0.00 secs] 
2018-03-19T13:23:35.791+0530: 4350.895: [GC (Allocation Failure) [PSYoungGen: 173664K->64K(174080K)] 346116K->172532K(523776K), 0.0019189 secs] [Times: user=0.00 sys=0.00, real=0.00 secs] 
2018-03-19T13:23:36.085+0530: 4351.188: [GC (Allocation Failure) [PSYoungGen: 173632K->96K(174080K)] 346100K->172588K(523776K), 0.0013974 secs] [Times: user=0.00 sys=0.00, real=0.00 secs] 
2018-03-19T13:23:36.363+0530: 4351.466: [GC (Allocation Failure) [PSYoungGen: 173664K->96K(174080K)] 346156K->172612K(523776K), 0.0015406 secs] [Times: user=0.00 sys=0.00, real=0.00 secs] 
2018-03-19T13:23:36.650+0530: 4351.752: [GC (Allocation Failure) [PSYoungGen: 173664K->96K(174080K)] 346180K->172628K(523776K), 0.0014510 secs] [Times: user=0.00 sys=0.00, real=0.00 secs] 
2018-03-19T13:23:36.954+0530: 4352.057: [GC (Allocation Failure) [PSYoungGen: 173664K->96K(174080K)] 346196K->172660K(523776K), 0.0016185 secs] [Times: user=0.00 sys=0.00, real=0.00 secs] 
2018-03-19T13:23:37.237+0530: 4352.340: [GC (Allocation Failure) [PSYoungGen: 173664K->96K(174080K)] 346228K->172684K(523776K), 0.0014084 secs] [Times: user=0.00 sys=0.00, real=0.00 secs] 
2018-03-19T13:23:37.525+0530: 4352.627: [GC (Allocation Failure) [PSYoungGen: 173664K->96K(174080K)] 346252K->172700K(523776K), 0.0014457 secs] [Times: user=0.00 sys=0.00, real=0.00 secs] 
2018-03-19T13:23:37.836+0530: 4352.938: [GC (Allocation Failure) [PSYoungGen: 173664K->96K(174080K)] 346268K->172716K(523776K), 0.0014404 secs] [Times: user=0.00 sys=0.00, real=0.00 secs] 
2018-03-19T13:23:38.113+0530: 4353.217: [GC (Allocation Failure) [PSYoungGen: 173664K->96K(174080K)] 346284K->172740K(523776K), 0.0015120 secs] [Times: user=0.00 sys=0.00, real=0.00 secs] 
2018-03-19T13:23:38.394+0530: 4353.497: [GC (Allocation Failure) [PSYoungGen: 173664K->96K(174080K)] 346308K->172756K(523776K), 0.0016048 secs] [Times: user=0.00 sys=0.00, real=0.00 secs] 
2018-03-19T13:23:38.676+0530: 4353.779: [GC (Allocation Failure) [PSYoungGen: 173664K->64K(174080K)] 346324K->172748K(523776K), 0.0016076 secs] [Times: user=0.00 sys=0.00, real=0.00 secs] 
2018-03-19T13:23:38.984+0530: 4354.087: [GC (Allocation Failure) [PSYoungGen: 173632K->96K(174080K)] 346316K->172804K(523776K), 0.0013981 secs] [Times: user=0.00 sys=0.00, real=0.00 secs] 
2018-03-19T13:23:39.266+0530: 4354.369: [GC (Allocation Failure) [PSYoungGen: 173664K->96K(174080K)] 346372K->172836K(523776K), 0.0014461 secs] [Times: user=0.00 sys=0.00, real=0.00 secs] 
2018-03-19T13:23:39.554+0530: 4354.657: [GC (Allocation Failure) [PSYoungGen: 173664K->64K(174080K)] 346404K->172828K(523776K), 0.0015861 secs] [Times: user=0.00 sys=0.00, real=0.00 secs] 
2018-03-19T13:23:39.848+0530: 4354.951: [GC (Allocation Failure) [PSYoungGen: 173632K->96K(174080K)] 346396K->172884K(523776K), 0.0015004 secs] [Times: user=0.00 sys=0.00, real=0.00 secs] 
2018-03-19T13:23:40.131+0530: 4355.234: [GC (Allocation Failure) [PSYoungGen: 173664K->96K(174080K)] 346452K->172916K(523776K), 0.0015466 secs] [Times: user=0.00 sys=0.00, real=0.00 secs] 
2018-03-19T13:23:40.419+0530: 4355.522: [GC (Allocation Failure) [PSYoungGen: 173664K->96K(174080K)] 346484K->172948K(523776K), 0.0016298 secs] [Times: user=0.00 sys=0.00, real=0.00 secs] 
2018-03-19T13:23:40.701+0530: 4355.804: [GC (Allocation Failure) [PSYoungGen: 173664K->64K(174080K)] 346516K->172940K(523776K), 0.0017426 secs] [Times: user=0.00 sys=0.00, real=0.00 secs] 
2018-03-19T13:23:40.996+0530: 4356.099: [GC (Allocation Failure) [PSYoungGen: 173632K->96K(174080K)] 346508K->172988K(523776K), 0.0014179 secs] [Times: user=0.00 sys=0.00, real=0.00 secs] 
2018-03-19T13:23:41.318+0530: 4356.421: [GC (Allocation Failure) [PSYoungGen: 173664K->64K(174080K)] 346556K->172980K(523776K), 0.0017923 secs] [Times: user=0.00 sys=0.00, real=0.00 secs] 
2018-03-19T13:23:41.641+0530: 4356.743: [GC (Allocation Failure) [PSYoungGen: 173632K->96K(174080K)] 346548K->173028K(523776K), 0.0018262 secs] [Times: user=0.00 sys=0.00, real=0.00 secs] 
2018-03-19T13:23:41.942+0530: 4357.045: [GC (Allocation Failure) [PSYoungGen: 173664K->96K(174080K)] 346596K->173044K(523776K), 0.0021679 secs] [Times: user=0.00 sys=0.00, real=0.00 secs] 
2018-03-19T13:23:42.264+0530: 4357.367: [GC (Allocation Failure) [PSYoungGen: 173664K->96K(174080K)] 346612K->173076K(523776K), 0.0017215 secs] [Times: user=0.00 sys=0.00, real=0.00 secs] 
2018-03-19T13:23:42.587+0530: 4357.690: [GC (Allocation Failure) [PSYoungGen: 173664K->64K(174080K)] 346644K->173068K(523776K), 0.0017458 secs] [Times: user=0.00 sys=0.00, real=0.00 secs] 
2018-03-19T13:23:42.906+0530: 4358.009: [GC (Allocation Failure) [PSYoungGen: 173632K->96K(174080K)] 346636K->173124K(523776K), 0.0016911 secs] [Times: user=0.00 sys=0.00, real=0.00 secs] 
2018-03-19T13:23:43.220+0530: 4358.322: [GC (Allocation Failure) [PSYoungGen: 173664K->64K(174080K)] 346692K->173116K(523776K), 0.0015966 secs] [Times: user=0.00 sys=0.00, real=0.00 secs] 
2018-03-19T13:23:43.536+0530: 4358.639: [GC (Allocation Failure) [PSYoungGen: 173632K->96K(174080K)] 346684K->173164K(523776K), 0.0016580 secs] [Times: user=0.00 sys=0.00, real=0.00 secs] 
2018-03-19T13:23:43.857+0530: 4358.960: [GC (Allocation Failure) [PSYoungGen: 173664K->96K(174080K)] 346732K->173188K(523776K), 0.0017790 secs] [Times: user=0.00 sys=0.00, real=0.00 secs] 
2018-03-19T13:23:44.162+0530: 4359.265: [GC (Allocation Failure) [PSYoungGen: 173664K->64K(174080K)] 346756K->173180K(523776K), 0.0015765 secs] [Times: user=0.00 sys=0.00, real=0.00 secs] 
2018-03-19T13:23:44.459+0530: 4359.562: [GC (Allocation Failure) [PSYoungGen: 173632K->96K(174080K)] 346748K->173236K(523776K), 0.0014017 secs] [Times: user=0.00 sys=0.00, real=0.00 secs] 
2018-03-19T13:23:44.751+0530: 4359.854: [GC (Allocation Failure) [PSYoungGen: 173664K->96K(174080K)] 346804K->173260K(523776K), 0.0016499 secs] [Times: user=0.00 sys=0.00, real=0.00 secs] 
2018-03-19T13:23:45.042+0530: 4360.145: [GC (Allocation Failure) [PSYoungGen: 173664K->96K(174080K)] 346828K->173292K(523776K), 0.0018802 secs] [Times: user=0.00 sys=0.00, real=0.00 secs] 
2018-03-19T13:23:45.332+0530: 4360.435: [GC (Allocation Failure) [PSYoungGen: 173664K->96K(174080K)] 346860K->173316K(523776K), 0.0015254 secs] [Times: user=0.00 sys=0.00, real=0.00 secs] 
2018-03-19T13:23:45.636+0530: 4360.739: [GC (Allocation Failure) [PSYoungGen: 173664K->96K(174080K)] 346884K->173340K(523776K), 0.0015402 secs] [Times: user=0.00 sys=0.00, real=0.00 secs] 
2018-03-19T13:23:45.957+0530: 4361.059: [GC (Allocation Failure) [PSYoungGen: 173664K->96K(174080K)] 346908K->173364K(523776K), 0.0015356 secs] [Times: user=0.00 sys=0.00, real=0.00 secs] 
2018-03-19T13:23:46.251+0530: 4361.354: [GC (Allocation Failure) [PSYoungGen: 173664K->96K(174080K)] 346932K->173380K(523776K), 0.0014933 secs] [Times: user=0.00 sys=0.00, real=0.00 secs] 
2018-03-19T13:23:46.558+0530: 4361.661: [GC (Allocation Failure) [PSYoungGen: 173664K->64K(174080K)] 346948K->173364K(523776K), 0.0017398 secs] [Times: user=0.00 sys=0.00, real=0.00 secs] 
2018-03-19T13:23:46.853+0530: 4361.956: [GC (Allocation Failure) [PSYoungGen: 173632K->64K(174080K)] 346932K->173388K(523776K), 0.0017990 secs] [Times: user=0.00 sys=0.00, real=0.00 secs] 
2018-03-19T13:23:47.145+0530: 4362.248: [GC (Allocation Failure) [PSYoungGen: 173632K->96K(174080K)] 346956K->173444K(523776K), 0.0015603 secs] [Times: user=0.00 sys=0.00, real=0.00 secs] 
2018-03-19T13:23:47.446+0530: 4362.549: [GC (Allocation Failure) [PSYoungGen: 173664K->32K(174080K)] 347012K->173396K(523776K), 0.0020335 secs] [Times: user=0.05 sys=0.00, real=0.00 secs] 
2018-03-19T13:23:47.738+0530: 4362.841: [GC (Allocation Failure) [PSYoungGen: 173600K->96K(174080K)] 346964K->173476K(523776K), 0.0016249 secs] [Times: user=0.00 sys=0.00, real=0.00 secs] 
2018-03-19T13:23:48.073+0530: 4363.176: [GC (Allocation Failure) [PSYoungGen: 173664K->96K(174080K)] 347044K->173500K(523776K), 0.0015536 secs] [Times: user=0.00 sys=0.00, real=0.00 secs] 
2018-03-19T13:23:48.369+0530: 4363.472: [GC (Allocation Failure) [PSYoungGen: 173664K->96K(174080K)] 347068K->173516K(523776K), 0.0014436 secs] [Times: user=0.00 sys=0.00, real=0.00 secs] 
2018-03-19T13:23:48.666+0530: 4363.769: [GC (Allocation Failure) [PSYoungGen: 173664K->96K(174080K)] 347084K->173540K(523776K), 0.0015166 secs] [Times: user=0.00 sys=0.00, real=0.00 secs] 
2018-03-19T13:23:48.946+0530: 4364.048: [GC (Allocation Failure) [PSYoungGen: 173664K->64K(174080K)] 347108K->173532K(523776K), 0.0013999 secs] [Times: user=0.02 sys=0.00, real=0.00 secs] 
2018-03-19T13:23:49.222+0530: 4364.324: [GC (Allocation Failure) [PSYoungGen: 173632K->96K(174080K)] 347100K->173588K(523776K), 0.0014584 secs] [Times: user=0.00 sys=0.00, real=0.00 secs] 
2018-03-19T13:23:49.511+0530: 4364.614: [GC (Allocation Failure) [PSYoungGen: 173664K->96K(174080K)] 347156K->173604K(523776K), 0.0017120 secs] [Times: user=0.00 sys=0.00, real=0.00 secs] 
2018-03-19T13:23:49.790+0530: 4364.893: [GC (Allocation Failure) [PSYoungGen: 173664K->96K(174080K)] 347172K->173636K(523776K), 0.0014958 secs] [Times: user=0.00 sys=0.00, real=0.00 secs] 
2018-03-19T13:23:50.067+0530: 4365.170: [GC (Allocation Failure) [PSYoungGen: 173664K->96K(174080K)] 347204K->173660K(523776K), 0.0016397 secs] [Times: user=0.00 sys=0.00, real=0.00 secs] 
2018-03-19T13:23:50.343+0530: 4365.447: [GC (Allocation Failure) [PSYoungGen: 173664K->96K(174080K)] 347228K->173676K(523776K), 0.0014944 secs] [Times: user=0.00 sys=0.00, real=0.00 secs] 
2018-03-19T13:23:50.641+0530: 4365.743: [GC (Allocation Failure) [PSYoungGen: 173664K->64K(174080K)] 347244K->173660K(523776K), 0.0017483 secs] [Times: user=0.00 sys=0.00, real=0.00 secs] 
2018-03-19T13:23:50.942+0530: 4366.044: [GC (Allocation Failure) [PSYoungGen: 173632K->96K(174080K)] 347228K->173716K(523776K), 0.0015360 secs] [Times: user=0.00 sys=0.00, real=0.00 secs] 
2018-03-19T13:23:51.223+0530: 4366.326: [GC (Allocation Failure) [PSYoungGen: 173664K->64K(174080K)] 347284K->173708K(523776K), 0.0015328 secs] [Times: user=0.00 sys=0.00, real=0.00 secs] 
2018-03-19T13:23:51.510+0530: 4366.612: [GC (Allocation Failure) [PSYoungGen: 173632K->64K(174080K)] 347276K->173740K(523776K), 0.0013826 secs] [Times: user=0.00 sys=0.00, real=0.00 secs] 
2018-03-19T13:23:51.806+0530: 4366.909: [GC (Allocation Failure) [PSYoungGen: 173632K->64K(174080K)] 347308K->173756K(523776K), 0.0018858 secs] [Times: user=0.00 sys=0.00, real=0.00 secs] 
2018-03-19T13:23:52.102+0530: 4367.204: [GC (Allocation Failure) [PSYoungGen: 173632K->96K(174080K)] 347324K->173804K(523776K), 0.0014270 secs] [Times: user=0.02 sys=0.00, real=0.00 secs] 
2018-03-19T13:23:52.376+0530: 4367.479: [GC (Allocation Failure) [PSYoungGen: 173664K->96K(174080K)] 347372K->173820K(523776K), 0.0015004 secs] [Times: user=0.00 sys=0.00, real=0.00 secs] 
2018-03-19T13:23:52.661+0530: 4367.765: [GC (Allocation Failure) [PSYoungGen: 173664K->64K(174080K)] 347388K->173812K(523776K), 0.0015420 secs] [Times: user=0.00 sys=0.00, real=0.00 secs] 
2018-03-19T13:23:52.935+0530: 4368.038: [GC (Allocation Failure) [PSYoungGen: 173632K->64K(174080K)] 347380K->173836K(523776K), 0.0015875 secs] [Times: user=0.00 sys=0.00, real=0.00 secs] 
2018-03-19T13:23:53.213+0530: 4368.316: [GC (Allocation Failure) [PSYoungGen: 173632K->96K(174080K)] 347404K->173900K(523776K), 0.0016622 secs] [Times: user=0.00 sys=0.00, real=0.00 secs] 
2018-03-19T13:23:53.502+0530: 4368.605: [GC (Allocation Failure) [PSYoungGen: 173664K->64K(174080K)] 347468K->173892K(523776K), 0.0014073 secs] [Times: user=0.00 sys=0.00, real=0.00 secs] 
2018-03-19T13:23:53.784+0530: 4368.887: [GC (Allocation Failure) [PSYoungGen: 173632K->64K(174080K)] 347460K->173916K(523776K), 0.0014210 secs] [Times: user=0.00 sys=0.00, real=0.00 secs] 
2018-03-19T13:23:54.066+0530: 4369.169: [GC (Allocation Failure) [PSYoungGen: 173632K->96K(174080K)] 347484K->173980K(523776K), 0.0017941 secs] [Times: user=0.00 sys=0.00, real=0.00 secs] 
2018-03-19T13:23:54.385+0530: 4369.488: [GC (Allocation Failure) [PSYoungGen: 173664K->32K(174080K)] 347548K->173932K(523776K), 0.0044789 secs] [Times: user=0.00 sys=0.00, real=0.00 secs] 
2018-03-19T13:23:54.676+0530: 4369.778: [GC (Allocation Failure) [PSYoungGen: 173600K->64K(174080K)] 347500K->173988K(523776K), 0.0015882 secs] [Times: user=0.00 sys=0.00, real=0.00 secs] 
2018-03-19T13:23:54.956+0530: 4370.059: [GC (Allocation Failure) [PSYoungGen: 173632K->96K(174080K)] 347556K->174044K(523776K), 0.0013985 secs] [Times: user=0.00 sys=0.00, real=0.00 secs] 
2018-03-19T13:23:55.237+0530: 4370.340: [GC (Allocation Failure) [PSYoungGen: 173664K->96K(174080K)] 347612K->174076K(523776K), 0.0013939 secs] [Times: user=0.00 sys=0.00, real=0.00 secs] 
2018-03-19T13:23:55.525+0530: 4370.628: [GC (Allocation Failure) [PSYoungGen: 173664K->96K(174080K)] 347644K->174100K(523776K), 0.0015321 secs] [Times: user=0.00 sys=0.00, real=0.00 secs] 
2018-03-19T13:23:55.814+0530: 4370.918: [GC (Allocation Failure) [PSYoungGen: 173664K->96K(174080K)] 347668K->174124K(523776K), 0.0016030 secs] [Times: user=0.00 sys=0.00, real=0.00 secs] 
2018-03-19T13:23:56.109+0530: 4371.212: [GC (Allocation Failure) [PSYoungGen: 173664K->96K(174080K)] 347692K->174148K(523776K), 0.0015586 secs] [Times: user=0.00 sys=0.00, real=0.00 secs] 
2018-03-19T13:23:56.385+0530: 4371.489: [GC (Allocation Failure) [PSYoungGen: 173664K->96K(174080K)] 347716K->174172K(523776K), 0.0019778 secs] [Times: user=0.00 sys=0.00, real=0.00 secs] 
2018-03-19T13:23:56.678+0530: 4371.781: [GC (Allocation Failure) [PSYoungGen: 173664K->96K(174080K)] 347740K->174196K(523776K), 0.0015328 secs] [Times: user=0.00 sys=0.00, real=0.00 secs] 
2018-03-19T13:23:56.957+0530: 4372.060: [GC (Allocation Failure) [PSYoungGen: 173664K->96K(174080K)] 347764K->174220K(523776K), 0.0015120 secs] [Times: user=0.00 sys=0.00, real=0.00 secs] 
2018-03-19T13:23:57.239+0530: 4372.342: [GC (Allocation Failure) [PSYoungGen: 173664K->96K(174080K)] 347788K->174236K(523776K), 0.0016577 secs] [Times: user=0.00 sys=0.00, real=0.00 secs] 
2018-03-19T13:23:57.526+0530: 4372.629: [GC (Allocation Failure) [PSYoungGen: 173664K->96K(174080K)] 347804K->174252K(523776K), 0.0014782 secs] [Times: user=0.00 sys=0.00, real=0.00 secs] 
2018-03-19T13:23:57.808+0530: 4372.911: [GC (Allocation Failure) [PSYoungGen: 173664K->96K(174080K)] 347820K->174284K(523776K), 0.0015356 secs] [Times: user=0.00 sys=0.00, real=0.00 secs] 
2018-03-19T13:23:58.087+0530: 4373.189: [GC (Allocation Failure) [PSYoungGen: 173664K->96K(174080K)] 347852K->174308K(523776K), 0.0016023 secs] [Times: user=0.00 sys=0.00, real=0.00 secs] 
2018-03-19T13:23:58.367+0530: 4373.470: [GC (Allocation Failure) [PSYoungGen: 173664K->96K(174080K)] 347876K->174324K(523776K), 0.0014969 secs] [Times: user=0.00 sys=0.00, real=0.00 secs] 
2018-03-19T13:23:58.661+0530: 4373.764: [GC (Allocation Failure) [PSYoungGen: 173664K->96K(174080K)] 347892K->174348K(523776K), 0.0014919 secs] [Times: user=0.00 sys=0.00, real=0.00 secs] 
2018-03-19T13:23:58.942+0530: 4374.044: [GC (Allocation Failure) [PSYoungGen: 173664K->96K(174080K)] 347916K->174380K(523776K), 0.0014059 secs] [Times: user=0.00 sys=0.00, real=0.00 secs] 
2018-03-19T13:23:59.222+0530: 4374.325: [GC (Allocation Failure) [PSYoungGen: 173664K->64K(174080K)] 347948K->174372K(523776K), 0.0015501 secs] [Times: user=0.00 sys=0.00, real=0.00 secs] 
2018-03-19T13:23:59.502+0530: 4374.605: [GC (Allocation Failure) [PSYoungGen: 173632K->96K(174080K)] 347940K->174420K(523776K), 0.0014965 secs] [Times: user=0.00 sys=0.00, real=0.00 secs] 
2018-03-19T13:23:59.785+0530: 4374.888: [GC (Allocation Failure) [PSYoungGen: 173664K->64K(174080K)] 347988K->174404K(523776K), 0.0017264 secs] [Times: user=0.00 sys=0.00, real=0.00 secs] 
2018-03-19T13:24:00.095+0530: 4375.198: [GC (Allocation Failure) [PSYoungGen: 173632K->96K(174080K)] 347972K->174460K(523776K), 0.0016492 secs] [Times: user=0.00 sys=0.00, real=0.00 secs] 
2018-03-19T13:24:00.386+0530: 4375.489: [GC (Allocation Failure) [PSYoungGen: 173664K->32K(174080K)] 348028K->174420K(523776K), 0.0027046 secs] [Times: user=0.00 sys=0.00, real=0.00 secs] 
2018-03-19T13:24:00.676+0530: 4375.778: [GC (Allocation Failure) [PSYoungGen: 173600K->96K(174080K)] 347988K->174508K(523776K), 0.0015413 secs] [Times: user=0.00 sys=0.00, real=0.00 secs] 
2018-03-19T13:24:00.979+0530: 4376.082: [GC (Allocation Failure) [PSYoungGen: 173664K->96K(174080K)] 348076K->174532K(523776K), 0.0014916 secs] [Times: user=0.00 sys=0.00, real=0.00 secs] 
2018-03-19T13:24:01.261+0530: 4376.364: [GC (Allocation Failure) [PSYoungGen: 173664K->96K(174080K)] 348100K->174548K(523776K), 0.0014503 secs] [Times: user=0.00 sys=0.00, real=0.00 secs] 
2018-03-19T13:24:01.541+0530: 4376.644: [GC (Allocation Failure) [PSYoungGen: 173664K->96K(174080K)] 348116K->174572K(523776K), 0.0017659 secs] [Times: user=0.00 sys=0.00, real=0.00 secs] 
2018-03-19T13:24:01.826+0530: 4376.930: [GC (Allocation Failure) [PSYoungGen: 173664K->96K(174080K)] 348140K->174596K(523776K), 0.0013907 secs] [Times: user=0.00 sys=0.00, real=0.00 secs] 
2018-03-19T13:24:02.107+0530: 4377.210: [GC (Allocation Failure) [PSYoungGen: 173664K->96K(174080K)] 348164K->174628K(523776K), 0.0014514 secs] [Times: user=0.00 sys=0.00, real=0.00 secs] 
2018-03-19T13:24:02.386+0530: 4377.490: [GC (Allocation Failure) [PSYoungGen: 173664K->96K(174080K)] 348196K->174652K(523776K), 0.0020113 secs] [Times: user=0.00 sys=0.00, real=0.00 secs] 
2018-03-19T13:24:02.670+0530: 4377.773: [GC (Allocation Failure) [PSYoungGen: 173664K->96K(174080K)] 348220K->174676K(523776K), 0.0014983 secs] [Times: user=0.00 sys=0.00, real=0.00 secs] 
2018-03-19T13:24:02.944+0530: 4378.047: [GC (Allocation Failure) [PSYoungGen: 173664K->96K(174080K)] 348244K->174692K(523776K), 0.0015550 secs] [Times: user=0.00 sys=0.00, real=0.00 secs] 
2018-03-19T13:24:03.221+0530: 4378.324: [GC (Allocation Failure) [PSYoungGen: 173664K->96K(174080K)] 348260K->174708K(523776K), 0.0014320 secs] [Times: user=0.00 sys=0.00, real=0.00 secs] 
2018-03-19T13:24:03.507+0530: 4378.610: [GC (Allocation Failure) [PSYoungGen: 173664K->96K(174080K)] 348276K->174724K(523776K), 0.0016263 secs] [Times: user=0.01 sys=0.00, real=0.00 secs] 
2018-03-19T13:24:03.791+0530: 4378.894: [GC (Allocation Failure) [PSYoungGen: 173664K->64K(174080K)] 348292K->174708K(523776K), 0.0028470 secs] [Times: user=0.00 sys=0.00, real=0.00 secs] 
2018-03-19T13:24:04.090+0530: 4379.192: [GC (Allocation Failure) [PSYoungGen: 173632K->96K(174080K)] 348276K->174772K(523776K), 0.0017874 secs] [Times: user=0.00 sys=0.00, real=0.00 secs] 
2018-03-19T13:24:04.375+0530: 4379.477: [GC (Allocation Failure) [PSYoungGen: 173664K->96K(174080K)] 348340K->174788K(523776K), 0.0014845 secs] [Times: user=0.00 sys=0.00, real=0.00 secs] 
2018-03-19T13:24:04.676+0530: 4379.778: [GC (Allocation Failure) [PSYoungGen: 173664K->96K(174080K)] 348356K->174812K(523776K), 0.0015416 secs] [Times: user=0.00 sys=0.00, real=0.00 secs] 
2018-03-19T13:24:04.951+0530: 4380.054: [GC (Allocation Failure) [PSYoungGen: 173664K->96K(174080K)] 348380K->174836K(523776K), 0.0014464 secs] [Times: user=0.00 sys=0.00, real=0.00 secs] 
2018-03-19T13:24:05.227+0530: 4380.330: [GC (Allocation Failure) [PSYoungGen: 173664K->96K(174080K)] 348404K->174868K(523776K), 0.0013801 secs] [Times: user=0.02 sys=0.00, real=0.00 secs] 
2018-03-19T13:24:05.508+0530: 4380.611: [GC (Allocation Failure) [PSYoungGen: 173664K->96K(174080K)] 348436K->174900K(523776K), 0.0016492 secs] [Times: user=0.06 sys=0.00, real=0.00 secs] 
2018-03-19T13:24:05.789+0530: 4380.891: [GC (Allocation Failure) [PSYoungGen: 173664K->64K(174080K)] 348468K->174892K(523776K), 0.0014468 secs] [Times: user=0.00 sys=0.00, real=0.00 secs] 
2018-03-19T13:24:06.080+0530: 4381.182: [GC (Allocation Failure) [PSYoungGen: 173632K->96K(174080K)] 348460K->174948K(523776K), 0.0015371 secs] [Times: user=0.00 sys=0.00, real=0.00 secs] 
2018-03-19T13:24:06.376+0530: 4381.479: [GC (Allocation Failure) [PSYoungGen: 173664K->96K(174080K)] 348516K->174980K(523776K), 0.0017416 secs] [Times: user=0.00 sys=0.00, real=0.00 secs] 
2018-03-19T13:24:06.697+0530: 4381.800: [GC (Allocation Failure) [PSYoungGen: 173664K->96K(174080K)] 348548K->175004K(523776K), 0.0017652 secs] [Times: user=0.00 sys=0.00, real=0.00 secs] 
2018-03-19T13:24:07.000+0530: 4382.104: [GC (Allocation Failure) [PSYoungGen: 173664K->96K(174080K)] 348572K->175020K(523776K), 0.0017077 secs] [Times: user=0.00 sys=0.00, real=0.00 secs] 
2018-03-19T13:24:07.282+0530: 4382.384: [GC (Allocation Failure) [PSYoungGen: 173664K->96K(174080K)] 348588K->175044K(523776K), 0.0014013 secs] [Times: user=0.00 sys=0.00, real=0.00 secs] 
2018-03-19T13:24:07.567+0530: 4382.670: [GC (Allocation Failure) [PSYoungGen: 173664K->96K(174080K)] 348612K->175060K(523776K), 0.0015011 secs] [Times: user=0.00 sys=0.00, real=0.00 secs] 
2018-03-19T13:24:07.874+0530: 4382.977: [GC (Allocation Failure) [PSYoungGen: 173664K->96K(174080K)] 348628K->175084K(523776K), 0.0014602 secs] [Times: user=0.00 sys=0.00, real=0.00 secs] 
2018-03-19T13:24:08.158+0530: 4383.261: [GC (Allocation Failure) [PSYoungGen: 173664K->96K(174080K)] 348652K->175108K(523776K), 0.0017391 secs] [Times: user=0.00 sys=0.00, real=0.00 secs] 
2018-03-19T13:24:08.444+0530: 4383.546: [GC (Allocation Failure) [PSYoungGen: 173664K->96K(174080K)] 348676K->175132K(523776K), 0.0015314 secs] [Times: user=0.00 sys=0.00, real=0.00 secs] 
2018-03-19T13:24:08.721+0530: 4383.824: [GC (Allocation Failure) [PSYoungGen: 173664K->96K(174080K)] 348700K->175164K(523776K), 0.0016242 secs] [Times: user=0.00 sys=0.00, real=0.00 secs] 
2018-03-19T13:24:09.006+0530: 4384.108: [GC (Allocation Failure) [PSYoungGen: 173664K->96K(174080K)] 348732K->175180K(523776K), 0.0016354 secs] [Times: user=0.00 sys=0.00, real=0.00 secs] 
2018-03-19T13:24:09.285+0530: 4384.388: [GC (Allocation Failure) [PSYoungGen: 173664K->96K(174080K)] 348748K->175204K(523776K), 0.0014838 secs] [Times: user=0.00 sys=0.00, real=0.00 secs] 
2018-03-19T13:24:09.567+0530: 4384.670: [GC (Allocation Failure) [PSYoungGen: 173664K->96K(174080K)] 348772K->175228K(523776K), 0.0014295 secs] [Times: user=0.00 sys=0.00, real=0.00 secs] 
2018-03-19T13:24:09.852+0530: 4384.955: [GC (Allocation Failure) [PSYoungGen: 173664K->64K(174080K)] 348796K->175220K(523776K), 0.0014556 secs] [Times: user=0.02 sys=0.00, real=0.00 secs] 
2018-03-19T13:24:10.132+0530: 4385.235: [GC (Allocation Failure) [PSYoungGen: 173632K->96K(174080K)] 348788K->175276K(523776K), 0.0014422 secs] [Times: user=0.00 sys=0.00, real=0.00 secs] 
2018-03-19T13:24:10.412+0530: 4385.515: [GC (Allocation Failure) [PSYoungGen: 173664K->96K(174080K)] 348844K->175308K(523776K), 0.0014990 secs] [Times: user=0.00 sys=0.00, real=0.00 secs] 
2018-03-19T13:24:10.704+0530: 4385.807: [GC (Allocation Failure) [PSYoungGen: 173664K->96K(174080K)] 348876K->175332K(523776K), 0.0015300 secs] [Times: user=0.00 sys=0.00, real=0.00 secs] 
2018-03-19T13:24:10.993+0530: 4386.096: [GC (Allocation Failure) [PSYoungGen: 173664K->96K(174080K)] 348900K->175356K(523776K), 0.0015289 secs] [Times: user=0.02 sys=0.00, real=0.00 secs] 
2018-03-19T13:24:11.273+0530: 4386.376: [GC (Allocation Failure) [PSYoungGen: 173664K->96K(174080K)] 348924K->175372K(523776K), 0.0017557 secs] [Times: user=0.00 sys=0.00, real=0.00 secs] 
2018-03-19T13:24:11.552+0530: 4386.655: [GC (Allocation Failure) [PSYoungGen: 173664K->96K(174080K)] 348940K->175396K(523776K), 0.0013893 secs] [Times: user=0.00 sys=0.00, real=0.00 secs] 
2018-03-19T13:24:11.860+0530: 4386.963: [GC (Allocation Failure) [PSYoungGen: 173664K->96K(174080K)] 348964K->175428K(523776K), 0.0014983 secs] [Times: user=0.00 sys=0.00, real=0.00 secs] 
2018-03-19T13:24:12.142+0530: 4387.244: [GC (Allocation Failure) [PSYoungGen: 173664K->64K(174080K)] 348996K->175420K(523776K), 0.0015311 secs] [Times: user=0.00 sys=0.00, real=0.00 secs] 
2018-03-19T13:24:12.426+0530: 4387.528: [GC (Allocation Failure) [PSYoungGen: 173632K->96K(174080K)] 348988K->175468K(523776K), 0.0017031 secs] [Times: user=0.00 sys=0.00, real=0.00 secs] 
2018-03-19T13:24:12.707+0530: 4387.810: [GC (Allocation Failure) [PSYoungGen: 173664K->64K(174080K)] 349036K->175460K(523776K), 0.0017377 secs] [Times: user=0.00 sys=0.00, real=0.00 secs] 
2018-03-19T13:24:12.982+0530: 4388.085: [GC (Allocation Failure) [PSYoungGen: 173632K->96K(174080K)] 349028K->175508K(523776K), 0.0014073 secs] [Times: user=0.00 sys=0.00, real=0.00 secs] 
2018-03-19T13:24:13.260+0530: 4388.363: [GC (Allocation Failure) [PSYoungGen: 173664K->128K(174080K)] 349076K->175564K(523776K), 0.0017084 secs] [Times: user=0.00 sys=0.00, real=0.00 secs] 
2018-03-19T13:24:13.555+0530: 4388.658: [GC (Allocation Failure) [PSYoungGen: 173696K->64K(174080K)] 349132K->175524K(523776K), 0.0015004 secs] [Times: user=0.00 sys=0.00, real=0.00 secs] 
2018-03-19T13:24:13.832+0530: 4388.935: [GC (Allocation Failure) [PSYoungGen: 173632K->96K(174080K)] 349092K->175580K(523776K), 0.0016541 secs] [Times: user=0.00 sys=0.00, real=0.00 secs] 
2018-03-19T13:24:14.114+0530: 4389.217: [GC (Allocation Failure) [PSYoungGen: 173664K->96K(174080K)] 349148K->175604K(523776K), 0.0017003 secs] [Times: user=0.00 sys=0.00, real=0.00 secs] 
2018-03-19T13:24:14.401+0530: 4389.504: [GC (Allocation Failure) [PSYoungGen: 173664K->96K(174080K)] 349172K->175620K(523776K), 0.0016777 secs] [Times: user=0.00 sys=0.00, real=0.00 secs] 
2018-03-19T13:24:14.726+0530: 4389.829: [GC (Allocation Failure) [PSYoungGen: 173664K->96K(174080K)] 349188K->175644K(523776K), 0.0015892 secs] [Times: user=0.02 sys=0.02, real=0.00 secs] 
2018-03-19T13:24:15.006+0530: 4390.109: [GC (Allocation Failure) [PSYoungGen: 173664K->64K(174080K)] 349212K->175636K(523776K), 0.0014641 secs] [Times: user=0.00 sys=0.00, real=0.00 secs] 
2018-03-19T13:24:15.288+0530: 4390.391: [GC (Allocation Failure) [PSYoungGen: 173632K->96K(174080K)] 349204K->175692K(523776K), 0.0015318 secs] [Times: user=0.00 sys=0.00, real=0.00 secs] 
2018-03-19T13:24:15.582+0530: 4390.685: [GC (Allocation Failure) [PSYoungGen: 173664K->96K(174080K)] 349260K->175716K(523776K), 0.0015385 secs] [Times: user=0.00 sys=0.00, real=0.00 secs] 
2018-03-19T13:24:15.904+0530: 4391.007: [GC (Allocation Failure) [PSYoungGen: 173664K->96K(174080K)] 349284K->175732K(523776K), 0.0016150 secs] [Times: user=0.00 sys=0.00, real=0.00 secs] 
2018-03-19T13:24:16.193+0530: 4391.296: [GC (Allocation Failure) [PSYoungGen: 173664K->96K(174080K)] 349300K->175748K(523776K), 0.0015505 secs] [Times: user=0.00 sys=0.00, real=0.00 secs] 
2018-03-19T13:24:16.479+0530: 4391.581: [GC (Allocation Failure) [PSYoungGen: 173664K->96K(174080K)] 349316K->175772K(523776K), 0.0014947 secs] [Times: user=0.00 sys=0.00, real=0.00 secs] 
2018-03-19T13:24:16.762+0530: 4391.865: [GC (Allocation Failure) [PSYoungGen: 173664K->64K(174080K)] 349340K->175764K(523776K), 0.0015177 secs] [Times: user=0.00 sys=0.00, real=0.00 secs] 
2018-03-19T13:24:17.044+0530: 4392.148: [GC (Allocation Failure) [PSYoungGen: 173632K->96K(174080K)] 349332K->175820K(523776K), 0.0014341 secs] [Times: user=0.00 sys=0.00, real=0.00 secs] 
2018-03-19T13:24:17.330+0530: 4392.432: [GC (Allocation Failure) [PSYoungGen: 173664K->96K(174080K)] 349388K->175852K(523776K), 0.0014679 secs] [Times: user=0.00 sys=0.00, real=0.00 secs] 
2018-03-19T13:24:17.618+0530: 4392.720: [GC (Allocation Failure) [PSYoungGen: 173664K->96K(174080K)] 349420K->175876K(523776K), 0.0016316 secs] [Times: user=0.00 sys=0.00, real=0.00 secs] 
2018-03-19T13:24:17.898+0530: 4393.001: [GC (Allocation Failure) [PSYoungGen: 173664K->96K(174080K)] 349444K->175900K(523776K), 0.0015455 secs] [Times: user=0.00 sys=0.00, real=0.00 secs] 
2018-03-19T13:24:18.179+0530: 4393.281: [GC (Allocation Failure) [PSYoungGen: 173664K->96K(174080K)] 349468K->175924K(523776K), 0.0014891 secs] [Times: user=0.00 sys=0.00, real=0.00 secs] 
2018-03-19T13:24:18.467+0530: 4393.570: [GC (Allocation Failure) [PSYoungGen: 173664K->96K(174080K)] 349492K->175948K(523776K), 0.0016615 secs] [Times: user=0.00 sys=0.00, real=0.00 secs] 
2018-03-19T13:24:18.779+0530: 4393.882: [GC (Allocation Failure) [PSYoungGen: 173664K->96K(174080K)] 349516K->175972K(523776K), 0.0016411 secs] [Times: user=0.00 sys=0.00, real=0.00 secs] 
2018-03-19T13:24:19.066+0530: 4394.168: [GC (Allocation Failure) [PSYoungGen: 173664K->96K(174080K)] 349540K->175996K(523776K), 0.0014792 secs] [Times: user=0.00 sys=0.00, real=0.00 secs] 
2018-03-19T13:24:19.343+0530: 4394.445: [GC (Allocation Failure) [PSYoungGen: 173664K->96K(174080K)] 349564K->176020K(523776K), 0.0014302 secs] [Times: user=0.00 sys=0.00, real=0.00 secs] 
2018-03-19T13:24:19.634+0530: 4394.736: [GC (Allocation Failure) [PSYoungGen: 173664K->96K(174080K)] 349588K->176044K(523776K), 0.0014503 secs] [Times: user=0.00 sys=0.00, real=0.00 secs] 
2018-03-19T13:24:19.931+0530: 4395.034: [GC (Allocation Failure) [PSYoungGen: 173664K->96K(174080K)] 349612K->176068K(523776K), 0.0015092 secs] [Times: user=0.00 sys=0.00, real=0.00 secs] 
2018-03-19T13:24:20.211+0530: 4395.313: [GC (Allocation Failure) [PSYoungGen: 173664K->64K(174080K)] 349636K->176060K(523776K), 0.0014634 secs] [Times: user=0.01 sys=0.00, real=0.00 secs] 
2018-03-19T13:24:20.497+0530: 4395.600: [GC (Allocation Failure) [PSYoungGen: 173632K->96K(174080K)] 349628K->176116K(523776K), 0.0015215 secs] [Times: user=0.00 sys=0.00, real=0.00 secs] 
2018-03-19T13:24:20.777+0530: 4395.880: [GC (Allocation Failure) [PSYoungGen: 173664K->96K(174080K)] 349684K->176140K(523776K), 0.0015141 secs] [Times: user=0.00 sys=0.00, real=0.00 secs] 
2018-03-19T13:24:21.058+0530: 4396.161: [GC (Allocation Failure) [PSYoungGen: 173664K->96K(174080K)] 349708K->176164K(523776K), 0.0017564 secs] [Times: user=0.00 sys=0.00, real=0.00 secs] 
2018-03-19T13:24:21.338+0530: 4396.442: [GC (Allocation Failure) [PSYoungGen: 173664K->96K(174080K)] 349732K->176196K(523776K), 0.0014182 secs] [Times: user=0.00 sys=0.00, real=0.00 secs] 
2018-03-19T13:24:21.634+0530: 4396.737: [GC (Allocation Failure) [PSYoungGen: 173664K->64K(174080K)] 349764K->176180K(523776K), 0.0013950 secs] [Times: user=0.00 sys=0.00, real=0.00 secs] 
2018-03-19T13:24:21.912+0530: 4397.015: [GC (Allocation Failure) [PSYoungGen: 173632K->64K(174080K)] 349748K->176204K(523776K), 0.0016460 secs] [Times: user=0.00 sys=0.00, real=0.00 secs] 
2018-03-19T13:24:22.193+0530: 4397.296: [GC (Allocation Failure) [PSYoungGen: 173632K->96K(174080K)] 349772K->176260K(523776K), 0.0016129 secs] [Times: user=0.00 sys=0.00, real=0.00 secs] 
2018-03-19T13:24:22.482+0530: 4397.586: [GC (Allocation Failure) [PSYoungGen: 173664K->96K(174080K)] 349828K->176284K(523776K), 0.0016978 secs] [Times: user=0.00 sys=0.00, real=0.00 secs] 
2018-03-19T13:24:22.766+0530: 4397.869: [GC (Allocation Failure) [PSYoungGen: 173664K->96K(174080K)] 349852K->176300K(523776K), 0.0014750 secs] [Times: user=0.00 sys=0.00, real=0.00 secs] 
2018-03-19T13:24:23.045+0530: 4398.147: [GC (Allocation Failure) [PSYoungGen: 173664K->96K(174080K)] 349868K->176324K(523776K), 0.0014782 secs] [Times: user=0.00 sys=0.00, real=0.00 secs] 
2018-03-19T13:24:23.322+0530: 4398.425: [GC (Allocation Failure) [PSYoungGen: 173664K->96K(174080K)] 349892K->176340K(523776K), 0.0016167 secs] [Times: user=0.00 sys=0.00, real=0.00 secs] 
2018-03-19T13:24:23.612+0530: 4398.714: [GC (Allocation Failure) [PSYoungGen: 173664K->96K(174080K)] 349908K->176364K(523776K), 0.0014683 secs] [Times: user=0.00 sys=0.00, real=0.00 secs] 
2018-03-19T13:24:23.902+0530: 4399.004: [GC (Allocation Failure) [PSYoungGen: 173664K->96K(174080K)] 349932K->176388K(523776K), 0.0015646 secs] [Times: user=0.00 sys=0.00, real=0.00 secs] 
2018-03-19T13:24:24.190+0530: 4399.293: [GC (Allocation Failure) [PSYoungGen: 173664K->96K(174080K)] 349956K->176420K(523776K), 0.0016629 secs] [Times: user=0.00 sys=0.00, real=0.00 secs] 
2018-03-19T13:24:24.484+0530: 4399.587: [GC (Allocation Failure) [PSYoungGen: 173664K->96K(174080K)] 349988K->176452K(523776K), 0.0015021 secs] [Times: user=0.00 sys=0.00, real=0.00 secs] 
2018-03-19T13:24:24.761+0530: 4399.864: [GC (Allocation Failure) [PSYoungGen: 173664K->128K(174080K)] 350020K->176508K(523776K), 0.0015716 secs] [Times: user=0.00 sys=0.00, real=0.00 secs] 
2018-03-19T13:24:25.039+0530: 4400.141: [GC (Allocation Failure) [PSYoungGen: 173696K->64K(174080K)] 350076K->176468K(523776K), 0.0014411 secs] [Times: user=0.01 sys=0.00, real=0.00 secs] 
2018-03-19T13:24:25.309+0530: 4400.412: [GC (Allocation Failure) [PSYoungGen: 173632K->96K(174080K)] 350036K->176532K(523776K), 0.0013329 secs] [Times: user=0.00 sys=0.00, real=0.00 secs] 
2018-03-19T13:24:25.586+0530: 4400.689: [GC (Allocation Failure) [PSYoungGen: 173664K->64K(174080K)] 350100K->176524K(523776K), 0.0015159 secs] [Times: user=0.00 sys=0.00, real=0.00 secs] 
2018-03-19T13:24:25.865+0530: 4400.968: [GC (Allocation Failure) [PSYoungGen: 173632K->96K(174080K)] 350092K->176580K(523776K), 0.0017053 secs] [Times: user=0.00 sys=0.00, real=0.00 secs] 
2018-03-19T13:24:26.159+0530: 4401.262: [GC (Allocation Failure) [PSYoungGen: 173664K->96K(174080K)] 350148K->176604K(523776K), 0.0014972 secs] [Times: user=0.00 sys=0.00, real=0.00 secs] 
2018-03-19T13:24:26.443+0530: 4401.546: [GC (Allocation Failure) [PSYoungGen: 173664K->96K(174080K)] 350172K->176620K(523776K), 0.0014411 secs] [Times: user=0.00 sys=0.00, real=0.00 secs] 
2018-03-19T13:24:26.725+0530: 4401.828: [GC (Allocation Failure) [PSYoungGen: 173664K->96K(174080K)] 350188K->176644K(523776K), 0.0016911 secs] [Times: user=0.00 sys=0.00, real=0.00 secs] 
2018-03-19T13:24:26.996+0530: 4402.099: [GC (Allocation Failure) [PSYoungGen: 173664K->96K(174080K)] 350212K->176668K(523776K), 0.0015064 secs] [Times: user=0.00 sys=0.00, real=0.00 secs] 
2018-03-19T13:24:27.272+0530: 4402.376: [GC (Allocation Failure) [PSYoungGen: 173664K->96K(174080K)] 350236K->176692K(523776K), 0.0014189 secs] [Times: user=0.00 sys=0.00, real=0.00 secs] 
2018-03-19T13:24:27.562+0530: 4402.665: [GC (Allocation Failure) [PSYoungGen: 173664K->64K(174080K)] 350260K->176676K(523776K), 0.0019546 secs] [Times: user=0.00 sys=0.00, real=0.00 secs] 
2018-03-19T13:24:27.882+0530: 4402.985: [GC (Allocation Failure) [PSYoungGen: 173632K->96K(174080K)] 350244K->176732K(523776K), 0.0015321 secs] [Times: user=0.00 sys=0.00, real=0.00 secs] 
2018-03-19T13:24:28.213+0530: 4403.315: [GC (Allocation Failure) [PSYoungGen: 173664K->64K(174080K)] 350300K->176724K(523776K), 0.0016777 secs] [Times: user=0.00 sys=0.00, real=0.00 secs] 
2018-03-19T13:24:28.536+0530: 4403.639: [GC (Allocation Failure) [PSYoungGen: 173632K->128K(174080K)] 350292K->176804K(523776K), 0.0019320 secs] [Times: user=0.00 sys=0.00, real=0.00 secs] 
2018-03-19T13:24:28.878+0530: 4403.981: [GC (Allocation Failure) [PSYoungGen: 173696K->64K(174080K)] 350372K->176764K(523776K), 0.0016471 secs] [Times: user=0.00 sys=0.00, real=0.00 secs] 
2018-03-19T13:24:29.187+0530: 4404.290: [GC (Allocation Failure) [PSYoungGen: 173632K->96K(174080K)] 350332K->176820K(523776K), 0.0016760 secs] [Times: user=0.00 sys=0.00, real=0.00 secs] 
2018-03-19T13:24:29.492+0530: 4404.594: [GC (Allocation Failure) [PSYoungGen: 173664K->96K(174080K)] 350388K->176844K(523776K), 0.0017123 secs] [Times: user=0.00 sys=0.00, real=0.00 secs] 
2018-03-19T13:24:29.791+0530: 4404.893: [GC (Allocation Failure) [PSYoungGen: 173664K->64K(174080K)] 350412K->176836K(523776K), 0.0015646 secs] [Times: user=0.00 sys=0.00, real=0.00 secs] 
2018-03-19T13:24:30.088+0530: 4405.191: [GC (Allocation Failure) [PSYoungGen: 173632K->96K(174080K)] 350404K->176892K(523776K), 0.0019147 secs] [Times: user=0.00 sys=0.00, real=0.00 secs] 
2018-03-19T13:24:30.523+0530: 4405.626: [GC (Allocation Failure) [PSYoungGen: 173664K->96K(174080K)] 350460K->176908K(523776K), 0.0022338 secs] [Times: user=0.01 sys=0.00, real=0.00 secs] 
2018-03-19T13:24:30.934+0530: 4406.037: [GC (Allocation Failure) [PSYoungGen: 173664K->32K(174080K)] 350476K->176868K(523776K), 0.0018121 secs] [Times: user=0.00 sys=0.00, real=0.00 secs] 
2018-03-19T13:24:31.263+0530: 4406.366: [GC (Allocation Failure) [PSYoungGen: 173600K->96K(174080K)] 350436K->176956K(523776K), 0.0016213 secs] [Times: user=0.00 sys=0.00, real=0.00 secs] 
2018-03-19T13:24:31.577+0530: 4406.679: [GC (Allocation Failure) [PSYoungGen: 173664K->96K(174080K)] 350524K->176972K(523776K), 0.0015653 secs] [Times: user=0.00 sys=0.00, real=0.00 secs] 
2018-03-19T13:24:31.887+0530: 4406.990: [GC (Allocation Failure) [PSYoungGen: 173664K->64K(174080K)] 350540K->176956K(523776K), 0.0019542 secs] [Times: user=0.00 sys=0.00, real=0.00 secs] 
2018-03-19T13:24:32.176+0530: 4407.278: [GC (Allocation Failure) [PSYoungGen: 173632K->96K(174080K)] 350524K->177012K(523776K), 0.0016294 secs] [Times: user=0.00 sys=0.00, real=0.00 secs] 
2018-03-19T13:24:32.468+0530: 4407.571: [GC (Allocation Failure) [PSYoungGen: 173664K->96K(174080K)] 350580K->177028K(523776K), 0.0015938 secs] [Times: user=0.00 sys=0.00, real=0.00 secs] 
2018-03-19T13:24:32.766+0530: 4407.869: [GC (Allocation Failure) [PSYoungGen: 173664K->96K(174080K)] 350596K->177052K(523776K), 0.0014232 secs] [Times: user=0.00 sys=0.00, real=0.00 secs] 
2018-03-19T13:24:33.054+0530: 4408.156: [GC (Allocation Failure) [PSYoungGen: 173664K->96K(174080K)] 350620K->177076K(523776K), 0.0016358 secs] [Times: user=0.00 sys=0.00, real=0.00 secs] 
2018-03-19T13:24:33.340+0530: 4408.443: [GC (Allocation Failure) [PSYoungGen: 173664K->96K(174080K)] 350644K->177100K(523776K), 0.0016256 secs] [Times: user=0.00 sys=0.00, real=0.00 secs] 
2018-03-19T13:24:33.633+0530: 4408.736: [GC (Allocation Failure) [PSYoungGen: 173664K->96K(174080K)] 350668K->177124K(523776K), 0.0016072 secs] [Times: user=0.00 sys=0.00, real=0.00 secs] 
2018-03-19T13:24:33.924+0530: 4409.027: [GC (Allocation Failure) [PSYoungGen: 173664K->64K(174080K)] 350692K->177116K(523776K), 0.0017038 secs] [Times: user=0.00 sys=0.00, real=0.00 secs] 
2018-03-19T13:24:34.228+0530: 4409.331: [GC (Allocation Failure) [PSYoungGen: 173632K->64K(174080K)] 350684K->177132K(523776K), 0.0038537 secs] [Times: user=0.00 sys=0.00, real=0.00 secs] 
2018-03-19T13:24:34.560+0530: 4409.663: [GC (Allocation Failure) [PSYoungGen: 173632K->96K(174080K)] 350700K->177188K(523776K), 0.0015050 secs] [Times: user=0.00 sys=0.00, real=0.00 secs] 
2018-03-19T13:24:34.863+0530: 4409.966: [GC (Allocation Failure) [PSYoungGen: 173664K->96K(174080K)] 350756K->177204K(523776K), 0.0015215 secs] [Times: user=0.00 sys=0.00, real=0.00 secs] 
2018-03-19T13:24:35.166+0530: 4410.269: [GC (Allocation Failure) [PSYoungGen: 173664K->64K(174080K)] 350772K->177196K(523776K), 0.0018678 secs] [Times: user=0.00 sys=0.00, real=0.00 secs] 
2018-03-19T13:24:35.460+0530: 4410.564: [GC (Allocation Failure) [PSYoungGen: 173632K->96K(174080K)] 350764K->177244K(523776K), 0.0016795 secs] [Times: user=0.00 sys=0.00, real=0.00 secs] 
2018-03-19T13:24:35.760+0530: 4410.863: [GC (Allocation Failure) [PSYoungGen: 173664K->128K(174080K)] 350812K->177292K(523776K), 0.0016792 secs] [Times: user=0.00 sys=0.00, real=0.00 secs] 
2018-03-19T13:24:36.055+0530: 4411.158: [GC (Allocation Failure) [PSYoungGen: 173696K->96K(174080K)] 350860K->177284K(523776K), 0.0015670 secs] [Times: user=0.06 sys=0.00, real=0.00 secs] 
2018-03-19T13:24:36.351+0530: 4411.453: [GC (Allocation Failure) [PSYoungGen: 173664K->96K(174080K)] 350852K->177308K(523776K), 0.0014602 secs] [Times: user=0.00 sys=0.00, real=0.00 secs] 
2018-03-19T13:24:36.639+0530: 4411.742: [GC (Allocation Failure) [PSYoungGen: 173664K->96K(174080K)] 350876K->177332K(523776K), 0.0015413 secs] [Times: user=0.00 sys=0.00, real=0.00 secs] 
2018-03-19T13:24:36.920+0530: 4412.023: [GC (Allocation Failure) [PSYoungGen: 173664K->96K(174080K)] 350900K->177348K(523776K), 0.0015984 secs] [Times: user=0.00 sys=0.00, real=0.00 secs] 
2018-03-19T13:24:37.204+0530: 4412.307: [GC (Allocation Failure) [PSYoungGen: 173664K->64K(174080K)] 350916K->177340K(523776K), 0.0014556 secs] [Times: user=0.00 sys=0.00, real=0.00 secs] 
2018-03-19T13:24:37.488+0530: 4412.590: [GC (Allocation Failure) [PSYoungGen: 173632K->96K(174080K)] 350908K->177388K(523776K), 0.0015074 secs] [Times: user=0.00 sys=0.00, real=0.00 secs] 
2018-03-19T13:24:37.768+0530: 4412.871: [GC (Allocation Failure) [PSYoungGen: 173664K->96K(174080K)] 350956K->177420K(523776K), 0.0014186 secs] [Times: user=0.00 sys=0.00, real=0.00 secs] 
2018-03-19T13:24:38.047+0530: 4413.149: [GC (Allocation Failure) [PSYoungGen: 173664K->96K(174080K)] 350988K->177436K(523776K), 0.0015512 secs] [Times: user=0.00 sys=0.00, real=0.00 secs] 
2018-03-19T13:24:38.324+0530: 4413.426: [GC (Allocation Failure) [PSYoungGen: 173664K->64K(174080K)] 351004K->177428K(523776K), 0.0014203 secs] [Times: user=0.00 sys=0.00, real=0.00 secs] 
2018-03-19T13:24:38.612+0530: 4413.715: [GC (Allocation Failure) [PSYoungGen: 173632K->96K(174080K)] 350996K->177484K(523776K), 0.0014951 secs] [Times: user=0.00 sys=0.00, real=0.00 secs] 
2018-03-19T13:24:38.898+0530: 4414.001: [GC (Allocation Failure) [PSYoungGen: 173664K->96K(174080K)] 351052K->177508K(523776K), 0.0019144 secs] [Times: user=0.00 sys=0.00, real=0.00 secs] 
2018-03-19T13:24:39.174+0530: 4414.276: [GC (Allocation Failure) [PSYoungGen: 173664K->96K(174080K)] 351076K->177532K(523776K), 0.0015476 secs] [Times: user=0.00 sys=0.00, real=0.00 secs] 
2018-03-19T13:24:39.456+0530: 4414.558: [GC (Allocation Failure) [PSYoungGen: 173664K->64K(174080K)] 351100K->177524K(523776K), 0.0015931 secs] [Times: user=0.00 sys=0.00, real=0.00 secs] 
2018-03-19T13:24:39.736+0530: 4414.839: [GC (Allocation Failure) [PSYoungGen: 173632K->96K(174080K)] 351092K->177572K(523776K), 0.0015413 secs] [Times: user=0.00 sys=0.00, real=0.00 secs] 
2018-03-19T13:24:40.028+0530: 4415.131: [GC (Allocation Failure) [PSYoungGen: 173664K->64K(174080K)] 351140K->177564K(523776K), 0.0016139 secs] [Times: user=0.00 sys=0.00, real=0.00 secs] 
2018-03-19T13:24:40.306+0530: 4415.409: [GC (Allocation Failure) [PSYoungGen: 173632K->64K(174080K)] 351132K->177588K(523776K), 0.0015078 secs] [Times: user=0.00 sys=0.00, real=0.00 secs] 
2018-03-19T13:24:40.601+0530: 4415.704: [GC (Allocation Failure) [PSYoungGen: 173632K->96K(174080K)] 351156K->177644K(523776K), 0.0014662 secs] [Times: user=0.00 sys=0.00, real=0.00 secs] 
2018-03-19T13:24:40.883+0530: 4415.986: [GC (Allocation Failure) [PSYoungGen: 173664K->96K(174080K)] 351212K->177668K(523776K), 0.0016580 secs] [Times: user=0.06 sys=0.00, real=0.00 secs] 
2018-03-19T13:24:41.165+0530: 4416.269: [GC (Allocation Failure) [PSYoungGen: 173664K->96K(174080K)] 351236K->177684K(523776K), 0.0015374 secs] [Times: user=0.00 sys=0.00, real=0.00 secs] 
2018-03-19T13:24:41.443+0530: 4416.546: [GC (Allocation Failure) [PSYoungGen: 173664K->96K(174080K)] 351252K->177708K(523776K), 0.0016781 secs] [Times: user=0.00 sys=0.00, real=0.00 secs] 
2018-03-19T13:24:41.723+0530: 4416.826: [GC (Allocation Failure) [PSYoungGen: 173664K->96K(174080K)] 351276K->177732K(523776K), 0.0015074 secs] [Times: user=0.00 sys=0.00, real=0.00 secs] 
2018-03-19T13:24:42.002+0530: 4417.105: [GC (Allocation Failure) [PSYoungGen: 173664K->96K(174080K)] 351300K->177756K(523776K), 0.0017483 secs] [Times: user=0.00 sys=0.00, real=0.00 secs] 
2018-03-19T13:24:42.280+0530: 4417.382: [GC (Allocation Failure) [PSYoungGen: 173664K->96K(174080K)] 351324K->177788K(523776K), 0.0015148 secs] [Times: user=0.00 sys=0.00, real=0.00 secs] 
2018-03-19T13:24:42.566+0530: 4417.669: [GC (Allocation Failure) [PSYoungGen: 173664K->96K(174080K)] 351356K->177804K(523776K), 0.0015762 secs] [Times: user=0.00 sys=0.00, real=0.00 secs] 
2018-03-19T13:24:42.846+0530: 4417.949: [GC (Allocation Failure) [PSYoungGen: 173664K->96K(174080K)] 351372K->177828K(523776K), 0.0013918 secs] [Times: user=0.00 sys=0.00, real=0.00 secs] 
2018-03-19T13:24:43.123+0530: 4418.226: [GC (Allocation Failure) [PSYoungGen: 173664K->64K(174080K)] 351396K->177820K(523776K), 0.0014161 secs] [Times: user=0.00 sys=0.00, real=0.00 secs] 
2018-03-19T13:24:43.416+0530: 4418.519: [GC (Allocation Failure) [PSYoungGen: 173632K->64K(174080K)] 351388K->177844K(523776K), 0.0016055 secs] [Times: user=0.00 sys=0.00, real=0.00 secs] 
2018-03-19T13:24:43.695+0530: 4418.798: [GC (Allocation Failure) [PSYoungGen: 173632K->96K(174080K)] 351412K->177900K(523776K), 0.0015388 secs] [Times: user=0.00 sys=0.00, real=0.00 secs] 
2018-03-19T13:24:43.994+0530: 4419.097: [GC (Allocation Failure) [PSYoungGen: 173664K->96K(174080K)] 351468K->177932K(523776K), 0.0014623 secs] [Times: user=0.00 sys=0.00, real=0.00 secs] 
2018-03-19T13:24:44.284+0530: 4419.387: [GC (Allocation Failure) [PSYoungGen: 173664K->96K(174080K)] 351500K->177956K(523776K), 0.0015261 secs] [Times: user=0.00 sys=0.00, real=0.00 secs] 
2018-03-19T13:24:44.572+0530: 4419.675: [GC (Allocation Failure) [PSYoungGen: 173664K->96K(174080K)] 351524K->177980K(523776K), 0.0016488 secs] [Times: user=0.00 sys=0.00, real=0.00 secs] 
2018-03-19T13:24:44.849+0530: 4419.952: [GC (Allocation Failure) [PSYoungGen: 173664K->96K(174080K)] 351548K->178012K(523776K), 0.0015145 secs] [Times: user=0.00 sys=0.00, real=0.00 secs] 
2018-03-19T13:24:45.128+0530: 4420.231: [GC (Allocation Failure) [PSYoungGen: 173664K->96K(174080K)] 351580K->178036K(523776K), 0.0015025 secs] [Times: user=0.00 sys=0.00, real=0.00 secs] 
2018-03-19T13:24:45.413+0530: 4420.516: [GC (Allocation Failure) [PSYoungGen: 173664K->96K(174080K)] 351604K->178052K(523776K), 0.0016266 secs] [Times: user=0.02 sys=0.00, real=0.00 secs] 
2018-03-19T13:24:45.696+0530: 4420.799: [GC (Allocation Failure) [PSYoungGen: 173664K->64K(174080K)] 351620K->178044K(523776K), 0.0014598 secs] [Times: user=0.00 sys=0.00, real=0.00 secs] 
2018-03-19T13:24:45.976+0530: 4421.079: [GC (Allocation Failure) [PSYoungGen: 173632K->96K(174080K)] 351612K->178100K(523776K), 0.0019457 secs] [Times: user=0.01 sys=0.00, real=0.00 secs] 
2018-03-19T13:24:46.258+0530: 4421.361: [GC (Allocation Failure) [PSYoungGen: 173664K->64K(174080K)] 351668K->178092K(523776K), 0.0016319 secs] [Times: user=0.00 sys=0.00, real=0.00 secs] 
2018-03-19T13:24:46.551+0530: 4421.653: [GC (Allocation Failure) [PSYoungGen: 173632K->96K(174080K)] 351660K->178148K(523776K), 0.0015459 secs] [Times: user=0.00 sys=0.00, real=0.00 secs] 
2018-03-19T13:24:46.829+0530: 4421.931: [GC (Allocation Failure) [PSYoungGen: 173664K->64K(174080K)] 351716K->178140K(523776K), 0.0014024 secs] [Times: user=0.00 sys=0.00, real=0.00 secs] 
2018-03-19T13:24:47.104+0530: 4422.207: [GC (Allocation Failure) [PSYoungGen: 173632K->128K(174080K)] 351708K->178220K(523776K), 0.0015921 secs] [Times: user=0.00 sys=0.00, real=0.00 secs] 
2018-03-19T13:24:47.383+0530: 4422.486: [GC (Allocation Failure) [PSYoungGen: 173696K->96K(174080K)] 351788K->178204K(523776K), 0.0018928 secs] [Times: user=0.00 sys=0.00, real=0.00 secs] 
2018-03-19T13:24:47.655+0530: 4422.758: [GC (Allocation Failure) [PSYoungGen: 173664K->96K(174080K)] 351772K->178228K(523776K), 0.0014782 secs] [Times: user=0.00 sys=0.00, real=0.00 secs] 
2018-03-19T13:24:47.957+0530: 4423.060: [GC (Allocation Failure) [PSYoungGen: 173664K->64K(174080K)] 351796K->178220K(523776K), 0.0017187 secs] [Times: user=0.00 sys=0.00, real=0.00 secs] 
2018-03-19T13:24:48.235+0530: 4423.338: [GC (Allocation Failure) [PSYoungGen: 173632K->96K(174080K)] 351788K->178276K(523776K), 0.0014330 secs] [Times: user=0.00 sys=0.00, real=0.00 secs] 
2018-03-19T13:24:48.531+0530: 4423.634: [GC (Allocation Failure) [PSYoungGen: 173664K->96K(174080K)] 351844K->178292K(523776K), 0.0015036 secs] [Times: user=0.00 sys=0.00, real=0.00 secs] 
2018-03-19T13:24:48.814+0530: 4423.917: [GC (Allocation Failure) [PSYoungGen: 173664K->96K(174080K)] 351860K->178316K(523776K), 0.0016929 secs] [Times: user=0.00 sys=0.00, real=0.00 secs] 
2018-03-19T13:24:49.142+0530: 4424.244: [GC (Allocation Failure) [PSYoungGen: 173664K->96K(174080K)] 351884K->178340K(523776K), 0.0015036 secs] [Times: user=0.00 sys=0.00, real=0.00 secs] 
2018-03-19T13:24:49.431+0530: 4424.533: [GC (Allocation Failure) [PSYoungGen: 173664K->96K(174080K)] 351908K->178364K(523776K), 0.0015342 secs] [Times: user=0.00 sys=0.00, real=0.00 secs] 
2018-03-19T13:24:49.721+0530: 4424.824: [GC (Allocation Failure) [PSYoungGen: 173664K->96K(174080K)] 351932K->178388K(523776K), 0.0016044 secs] [Times: user=0.00 sys=0.00, real=0.00 secs] 
2018-03-19T13:24:50.002+0530: 4425.105: [GC (Allocation Failure) [PSYoungGen: 173664K->96K(174080K)] 351956K->178404K(523776K), 0.0014817 secs] [Times: user=0.00 sys=0.00, real=0.00 secs] 
2018-03-19T13:24:50.282+0530: 4425.385: [GC (Allocation Failure) [PSYoungGen: 173664K->96K(174080K)] 351972K->178428K(523776K), 0.0015321 secs] [Times: user=0.00 sys=0.00, real=0.00 secs] 
2018-03-19T13:24:50.575+0530: 4425.678: [GC (Allocation Failure) [PSYoungGen: 173664K->64K(174080K)] 351996K->178412K(523776K), 0.0019031 secs] [Times: user=0.00 sys=0.00, real=0.00 secs] 
2018-03-19T13:24:50.872+0530: 4425.974: [GC (Allocation Failure) [PSYoungGen: 173632K->96K(174080K)] 351980K->178476K(523776K), 0.0014168 secs] [Times: user=0.00 sys=0.00, real=0.00 secs] 
2018-03-19T13:24:51.150+0530: 4426.252: [GC (Allocation Failure) [PSYoungGen: 173664K->96K(174080K)] 352044K->178500K(523776K), 0.0016710 secs] [Times: user=0.00 sys=0.00, real=0.00 secs] 
2018-03-19T13:24:51.468+0530: 4426.571: [GC (Allocation Failure) [PSYoungGen: 173664K->96K(174080K)] 352068K->178524K(523776K), 0.0015843 secs] [Times: user=0.00 sys=0.00, real=0.00 secs] 
2018-03-19T13:24:51.746+0530: 4426.849: [GC (Allocation Failure) [PSYoungGen: 173664K->96K(174080K)] 352092K->178548K(523776K), 0.0015286 secs] [Times: user=0.00 sys=0.00, real=0.00 secs] 
2018-03-19T13:24:52.068+0530: 4427.172: [GC (Allocation Failure) [PSYoungGen: 173664K->96K(174080K)] 352116K->178572K(523776K), 0.0016439 secs] [Times: user=0.00 sys=0.00, real=0.00 secs] 
2018-03-19T13:24:52.346+0530: 4427.449: [GC (Allocation Failure) [PSYoungGen: 173664K->64K(174080K)] 352140K->178572K(523776K), 0.0015032 secs] [Times: user=0.00 sys=0.00, real=0.00 secs] 
2018-03-19T13:24:52.631+0530: 4427.734: [GC (Allocation Failure) [PSYoungGen: 173632K->96K(174080K)] 352140K->178628K(523776K), 0.0016524 secs] [Times: user=0.00 sys=0.00, real=0.00 secs] 
2018-03-19T13:24:52.917+0530: 4428.020: [GC (Allocation Failure) [PSYoungGen: 173664K->96K(174080K)] 352196K->178652K(523776K), 0.0017384 secs] [Times: user=0.00 sys=0.00, real=0.00 secs] 
2018-03-19T13:24:53.194+0530: 4428.296: [GC (Allocation Failure) [PSYoungGen: 173664K->96K(174080K)] 352220K->178668K(523776K), 0.0017511 secs] [Times: user=0.00 sys=0.00, real=0.00 secs] 
2018-03-19T13:24:53.486+0530: 4428.588: [GC (Allocation Failure) [PSYoungGen: 173664K->96K(174080K)] 352236K->178692K(523776K), 0.0016196 secs] [Times: user=0.00 sys=0.00, real=0.00 secs] 
2018-03-19T13:24:53.809+0530: 4428.912: [GC (Allocation Failure) [PSYoungGen: 173664K->32K(174080K)] 352260K->178644K(523776K), 0.0020237 secs] [Times: user=0.00 sys=0.00, real=0.00 secs] 
2018-03-19T13:24:54.163+0530: 4429.265: [GC (Allocation Failure) [PSYoungGen: 173600K->64K(174080K)] 352212K->178692K(523776K), 0.0015970 secs] [Times: user=0.00 sys=0.00, real=0.00 secs] 
2018-03-19T13:24:54.576+0530: 4429.679: [GC (Allocation Failure) [PSYoungGen: 173632K->64K(174080K)] 352260K->178716K(523776K), 0.0025082 secs] [Times: user=0.00 sys=0.00, real=0.00 secs] 
2018-03-19T13:24:55.129+0530: 4430.232: [GC (Allocation Failure) [PSYoungGen: 173632K->64K(174080K)] 352284K->178732K(523776K), 0.0019260 secs] [Times: user=0.00 sys=0.00, real=0.00 secs] 
2018-03-19T13:24:55.492+0530: 4430.596: [GC (Allocation Failure) [PSYoungGen: 173632K->32K(174080K)] 352300K->178716K(523776K), 0.0026101 secs] [Times: user=0.03 sys=0.00, real=0.00 secs] 
2018-03-19T13:24:55.877+0530: 4430.980: [GC (Allocation Failure) [PSYoungGen: 173600K->96K(174080K)] 352284K->178796K(523776K), 0.0018971 secs] [Times: user=0.00 sys=0.00, real=0.00 secs] 
2018-03-19T13:24:56.214+0530: 4431.317: [GC (Allocation Failure) [PSYoungGen: 173664K->64K(174080K)] 352364K->178788K(523776K), 0.0019182 secs] [Times: user=0.00 sys=0.00, real=0.00 secs] 
2018-03-19T13:24:56.582+0530: 4431.685: [GC (Allocation Failure) [PSYoungGen: 173632K->64K(174080K)] 352356K->178812K(523776K), 0.0016284 secs] [Times: user=0.00 sys=0.00, real=0.00 secs] 
2018-03-19T13:24:56.933+0530: 4432.036: [GC (Allocation Failure) [PSYoungGen: 173632K->32K(174080K)] 352380K->178796K(523776K), 0.0023608 secs] [Times: user=0.00 sys=0.00, real=0.00 secs] 
2018-03-19T13:24:57.300+0530: 4432.403: [GC (Allocation Failure) [PSYoungGen: 173600K->64K(174080K)] 352364K->178844K(523776K), 0.0020011 secs] [Times: user=0.00 sys=0.00, real=0.00 secs] 
2018-03-19T13:24:57.645+0530: 4432.748: [GC (Allocation Failure) [PSYoungGen: 173632K->96K(174080K)] 352412K->178892K(523776K), 0.0016446 secs] [Times: user=0.00 sys=0.00, real=0.00 secs] 
2018-03-19T13:24:57.992+0530: 4433.095: [GC (Allocation Failure) [PSYoungGen: 173664K->96K(174080K)] 352460K->178924K(523776K), 0.0017042 secs] [Times: user=0.02 sys=0.00, real=0.00 secs] 
2018-03-19T13:24:58.391+0530: 4433.494: [GC (Allocation Failure) [PSYoungGen: 173664K->64K(174080K)] 352492K->178908K(523776K), 0.0031309 secs] [Times: user=0.00 sys=0.00, real=0.00 secs] 
2018-03-19T13:24:58.797+0530: 4433.900: [GC (Allocation Failure) [PSYoungGen: 173632K->64K(174080K)] 352476K->178932K(523776K), 0.0019034 secs] [Times: user=0.00 sys=0.00, real=0.00 secs] 
2018-03-19T13:24:59.103+0530: 4434.205: [GC (Allocation Failure) [PSYoungGen: 173632K->96K(174080K)] 352500K->178988K(523776K), 0.0014866 secs] [Times: user=0.00 sys=0.00, real=0.00 secs] 
2018-03-19T13:24:59.448+0530: 4434.550: [GC (Allocation Failure) [PSYoungGen: 173664K->64K(174080K)] 352556K->178980K(523776K), 0.0015751 secs] [Times: user=0.00 sys=0.00, real=0.00 secs] 
2018-03-19T13:24:59.748+0530: 4434.850: [GC (Allocation Failure) [PSYoungGen: 173632K->96K(174080K)] 352548K->179036K(523776K), 0.0017130 secs] [Times: user=0.00 sys=0.00, real=0.00 secs] 
2018-03-19T13:25:00.062+0530: 4435.165: [GC (Allocation Failure) [PSYoungGen: 173664K->96K(174080K)] 352604K->179060K(523776K), 0.0019112 secs] [Times: user=0.00 sys=0.00, real=0.00 secs] 
2018-03-19T13:25:00.352+0530: 4435.455: [GC (Allocation Failure) [PSYoungGen: 173664K->96K(174080K)] 352628K->179084K(523776K), 0.0015007 secs] [Times: user=0.02 sys=0.00, real=0.00 secs] 
2018-03-19T13:25:00.643+0530: 4435.745: [GC (Allocation Failure) [PSYoungGen: 173664K->96K(174080K)] 352652K->179100K(523776K), 0.0014500 secs] [Times: user=0.00 sys=0.00, real=0.00 secs] 
2018-03-19T13:25:00.925+0530: 4436.027: [GC (Allocation Failure) [PSYoungGen: 173664K->64K(174080K)] 352668K->179092K(523776K), 0.0015342 secs] [Times: user=0.00 sys=0.00, real=0.00 secs] 
2018-03-19T13:25:01.213+0530: 4436.315: [GC (Allocation Failure) [PSYoungGen: 173632K->96K(174080K)] 352660K->179156K(523776K), 0.0013477 secs] [Times: user=0.00 sys=0.00, real=0.00 secs] 
2018-03-19T13:25:01.510+0530: 4436.612: [GC (Allocation Failure) [PSYoungGen: 173664K->64K(174080K)] 352724K->179148K(523776K), 0.0018364 secs] [Times: user=0.00 sys=0.00, real=0.00 secs] 
2018-03-19T13:25:01.793+0530: 4436.896: [GC (Allocation Failure) [PSYoungGen: 173632K->96K(174080K)] 352716K->179196K(523776K), 0.0014267 secs] [Times: user=0.00 sys=0.00, real=0.00 secs] 
2018-03-19T13:25:02.081+0530: 4437.184: [GC (Allocation Failure) [PSYoungGen: 173664K->96K(174080K)] 352764K->179220K(523776K), 0.0014965 secs] [Times: user=0.00 sys=0.00, real=0.00 secs] 
2018-03-19T13:25:02.369+0530: 4437.471: [GC (Allocation Failure) [PSYoungGen: 173664K->96K(174080K)] 352788K->179236K(523776K), 0.0015547 secs] [Times: user=0.00 sys=0.00, real=0.00 secs] 
2018-03-19T13:25:02.657+0530: 4437.759: [GC (Allocation Failure) [PSYoungGen: 173664K->96K(174080K)] 352804K->179260K(523776K), 0.0014648 secs] [Times: user=0.00 sys=0.00, real=0.00 secs] 
2018-03-19T13:25:02.938+0530: 4438.041: [GC (Allocation Failure) [PSYoungGen: 173664K->96K(174080K)] 352828K->179284K(523776K), 0.0014662 secs] [Times: user=0.00 sys=0.00, real=0.00 secs] 
2018-03-19T13:25:03.232+0530: 4438.335: [GC (Allocation Failure) [PSYoungGen: 173664K->96K(174080K)] 352852K->179316K(523776K), 0.0017705 secs] [Times: user=0.00 sys=0.00, real=0.00 secs] 
2018-03-19T13:25:03.520+0530: 4438.623: [GC (Allocation Failure) [PSYoungGen: 173664K->96K(174080K)] 352884K->179332K(523776K), 0.0091920 secs] [Times: user=0.00 sys=0.00, real=0.01 secs] 
2018-03-19T13:25:03.816+0530: 4438.919: [GC (Allocation Failure) [PSYoungGen: 173664K->32K(174080K)] 352900K->179284K(523776K), 0.0020462 secs] [Times: user=0.00 sys=0.00, real=0.00 secs] 
2018-03-19T13:25:04.107+0530: 4439.210: [GC (Allocation Failure) [PSYoungGen: 173600K->96K(174080K)] 352852K->179372K(523776K), 0.0016242 secs] [Times: user=0.00 sys=0.00, real=0.00 secs] 
2018-03-19T13:25:04.403+0530: 4439.505: [GC (Allocation Failure) [PSYoungGen: 173664K->96K(174080K)] 352940K->179396K(523776K), 0.0015582 secs] [Times: user=0.00 sys=0.00, real=0.00 secs] 
2018-03-19T13:25:04.691+0530: 4439.794: [GC (Allocation Failure) [PSYoungGen: 173664K->96K(174080K)] 352964K->179420K(523776K), 0.0014485 secs] [Times: user=0.00 sys=0.00, real=0.00 secs] 
2018-03-19T13:25:04.971+0530: 4440.073: [GC (Allocation Failure) [PSYoungGen: 173664K->96K(174080K)] 352988K->179436K(523776K), 0.0015402 secs] [Times: user=0.00 sys=0.00, real=0.00 secs] 
2018-03-19T13:25:05.258+0530: 4440.361: [GC (Allocation Failure) [PSYoungGen: 173664K->96K(174080K)] 353004K->179460K(523776K), 0.0015138 secs] [Times: user=0.06 sys=0.00, real=0.00 secs] 
2018-03-19T13:25:05.585+0530: 4440.688: [GC (Allocation Failure) [PSYoungGen: 173664K->64K(174080K)] 353028K->179452K(523776K), 0.0017169 secs] [Times: user=0.00 sys=0.00, real=0.00 secs] 
2018-03-19T13:25:05.872+0530: 4440.974: [GC (Allocation Failure) [PSYoungGen: 173632K->96K(174080K)] 353020K->179500K(523776K), 0.0016915 secs] [Times: user=0.00 sys=0.00, real=0.00 secs] 
2018-03-19T13:25:06.157+0530: 4441.260: [GC (Allocation Failure) [PSYoungGen: 173664K->64K(174080K)] 353068K->179492K(523776K), 0.0015808 secs] [Times: user=0.00 sys=0.00, real=0.00 secs] 
2018-03-19T13:25:06.538+0530: 4441.641: [GC (Allocation Failure) [PSYoungGen: 173632K->96K(174080K)] 353060K->179548K(523776K), 0.0015289 secs] [Times: user=0.00 sys=0.00, real=0.00 secs] 
2018-03-19T13:25:06.822+0530: 4441.924: [GC (Allocation Failure) [PSYoungGen: 173664K->96K(174080K)] 353116K->179564K(523776K), 0.0014182 secs] [Times: user=0.00 sys=0.00, real=0.00 secs] 
2018-03-19T13:25:07.108+0530: 4442.211: [GC (Allocation Failure) [PSYoungGen: 173664K->96K(174080K)] 353132K->179580K(523776K), 0.0014711 secs] [Times: user=0.00 sys=0.00, real=0.00 secs] 
2018-03-19T13:25:07.398+0530: 4442.500: [GC (Allocation Failure) [PSYoungGen: 173664K->64K(174080K)] 353148K->179572K(523776K), 0.0016693 secs] [Times: user=0.00 sys=0.00, real=0.00 secs] 
2018-03-19T13:25:07.682+0530: 4442.785: [GC (Allocation Failure) [PSYoungGen: 173632K->96K(174080K)] 353140K->179628K(523776K), 0.0014877 secs] [Times: user=0.00 sys=0.00, real=0.00 secs] 
2018-03-19T13:25:07.980+0530: 4443.083: [GC (Allocation Failure) [PSYoungGen: 173664K->96K(174080K)] 353196K->179652K(523776K), 0.0016566 secs] [Times: user=0.00 sys=0.00, real=0.00 secs] 
2018-03-19T13:25:08.262+0530: 4443.365: [GC (Allocation Failure) [PSYoungGen: 173664K->96K(174080K)] 353220K->179676K(523776K), 0.0016319 secs] [Times: user=0.00 sys=0.00, real=0.00 secs] 
2018-03-19T13:25:08.543+0530: 4443.646: [GC (Allocation Failure) [PSYoungGen: 173664K->96K(174080K)] 353244K->179700K(523776K), 0.0015610 secs] [Times: user=0.00 sys=0.00, real=0.00 secs] 
2018-03-19T13:25:08.823+0530: 4443.926: [GC (Allocation Failure) [PSYoungGen: 173664K->96K(174080K)] 353268K->179724K(523776K), 0.0014605 secs] [Times: user=0.00 sys=0.00, real=0.00 secs] 
2018-03-19T13:25:09.097+0530: 4444.200: [GC (Allocation Failure) [PSYoungGen: 173664K->96K(174080K)] 353292K->179756K(523776K), 0.0015159 secs] [Times: user=0.00 sys=0.00, real=0.00 secs] 
2018-03-19T13:25:09.377+0530: 4444.480: [GC (Allocation Failure) [PSYoungGen: 173664K->96K(174080K)] 353324K->179780K(523776K), 0.0015892 secs] [Times: user=0.00 sys=0.00, real=0.00 secs] 
2018-03-19T13:25:09.667+0530: 4444.770: [GC (Allocation Failure) [PSYoungGen: 173664K->96K(174080K)] 353348K->179796K(523776K), 0.0014535 secs] [Times: user=0.00 sys=0.00, real=0.00 secs] 
2018-03-19T13:25:09.945+0530: 4445.048: [GC (Allocation Failure) [PSYoungGen: 173664K->96K(174080K)] 353364K->179828K(523776K), 0.0015416 secs] [Times: user=0.00 sys=0.00, real=0.00 secs] 
2018-03-19T13:25:10.222+0530: 4445.325: [GC (Allocation Failure) [PSYoungGen: 173664K->96K(174080K)] 353396K->179852K(523776K), 0.0014200 secs] [Times: user=0.00 sys=0.00, real=0.00 secs] 
2018-03-19T13:25:10.519+0530: 4445.622: [GC (Allocation Failure) [PSYoungGen: 173664K->96K(174080K)] 353420K->179868K(523776K), 0.0015914 secs] [Times: user=0.00 sys=0.00, real=0.00 secs] 
2018-03-19T13:25:10.813+0530: 4445.916: [GC (Allocation Failure) [PSYoungGen: 173664K->96K(174080K)] 353436K->179892K(523776K), 0.0016182 secs] [Times: user=0.00 sys=0.00, real=0.00 secs] 
2018-03-19T13:25:11.091+0530: 4446.194: [GC (Allocation Failure) [PSYoungGen: 173664K->96K(174080K)] 353460K->179916K(523776K), 0.0015399 secs] [Times: user=0.00 sys=0.00, real=0.00 secs] 
2018-03-19T13:25:11.380+0530: 4446.483: [GC (Allocation Failure) [PSYoungGen: 173664K->96K(174080K)] 353484K->179940K(523776K), 0.0018149 secs] [Times: user=0.00 sys=0.00, real=0.00 secs] 
2018-03-19T13:25:11.680+0530: 4446.783: [GC (Allocation Failure) [PSYoungGen: 173664K->96K(174080K)] 353508K->179956K(523776K), 0.0019207 secs] [Times: user=0.00 sys=0.00, real=0.00 secs] 
2018-03-19T13:25:12.005+0530: 4447.108: [GC (Allocation Failure) [PSYoungGen: 173664K->96K(174080K)] 353524K->179972K(523776K), 0.0014232 secs] [Times: user=0.00 sys=0.00, real=0.00 secs] 
2018-03-19T13:25:12.297+0530: 4447.400: [GC (Allocation Failure) [PSYoungGen: 173664K->64K(174080K)] 353540K->179964K(523776K), 0.0017617 secs] [Times: user=0.00 sys=0.00, real=0.00 secs] 
2018-03-19T13:25:12.597+0530: 4447.700: [GC (Allocation Failure) [PSYoungGen: 173632K->64K(174080K)] 353532K->179996K(523776K), 0.0016770 secs] [Times: user=0.00 sys=0.00, real=0.00 secs] 
2018-03-19T13:25:12.882+0530: 4447.985: [GC (Allocation Failure) [PSYoungGen: 173632K->64K(174080K)] 353564K->180020K(523776K), 0.0014323 secs] [Times: user=0.00 sys=0.00, real=0.00 secs] 
2018-03-19T13:25:13.171+0530: 4448.274: [GC (Allocation Failure) [PSYoungGen: 173632K->96K(174080K)] 353588K->180076K(523776K), 0.0014859 secs] [Times: user=0.00 sys=0.00, real=0.00 secs] 
2018-03-19T13:25:13.466+0530: 4448.569: [GC (Allocation Failure) [PSYoungGen: 173664K->96K(174080K)] 353644K->180100K(523776K), 0.0015825 secs] [Times: user=0.00 sys=0.00, real=0.00 secs] 
2018-03-19T13:25:13.745+0530: 4448.848: [GC (Allocation Failure) [PSYoungGen: 173664K->96K(174080K)] 353668K->180124K(523776K), 0.0016146 secs] [Times: user=0.00 sys=0.00, real=0.00 secs] 
2018-03-19T13:25:14.035+0530: 4449.138: [GC (Allocation Failure) [PSYoungGen: 173664K->64K(174080K)] 353692K->180116K(523776K), 0.0015910 secs] [Times: user=0.00 sys=0.00, real=0.00 secs] 
2018-03-19T13:25:14.341+0530: 4449.443: [GC (Allocation Failure) [PSYoungGen: 173632K->96K(174080K)] 353684K->180180K(523776K), 0.0014768 secs] [Times: user=0.00 sys=0.00, real=0.00 secs] 
2018-03-19T13:25:14.638+0530: 4449.741: [GC (Allocation Failure) [PSYoungGen: 173664K->96K(174080K)] 353748K->180204K(523776K), 0.0016633 secs] [Times: user=0.00 sys=0.00, real=0.00 secs] 
2018-03-19T13:25:14.956+0530: 4450.059: [GC (Allocation Failure) [PSYoungGen: 173664K->96K(174080K)] 353772K->180228K(523776K), 0.0015374 secs] [Times: user=0.00 sys=0.00, real=0.00 secs] 
2018-03-19T13:25:15.235+0530: 4450.337: [GC (Allocation Failure) [PSYoungGen: 173664K->96K(174080K)] 353796K->180260K(523776K), 0.0014704 secs] [Times: user=0.00 sys=0.00, real=0.00 secs] 
2018-03-19T13:25:15.521+0530: 4450.623: [GC (Allocation Failure) [PSYoungGen: 173664K->64K(174080K)] 353828K->180252K(523776K), 0.0015304 secs] [Times: user=0.00 sys=0.00, real=0.00 secs] 
2018-03-19T13:25:15.825+0530: 4450.928: [GC (Allocation Failure) [PSYoungGen: 173632K->96K(174080K)] 353820K->180300K(523776K), 0.0016464 secs] [Times: user=0.00 sys=0.00, real=0.00 secs] 
2018-03-19T13:25:16.122+0530: 4451.225: [GC (Allocation Failure) [PSYoungGen: 173664K->96K(174080K)] 353868K->180324K(523776K), 0.0014246 secs] [Times: user=0.00 sys=0.00, real=0.00 secs] 
2018-03-19T13:25:16.406+0530: 4451.508: [GC (Allocation Failure) [PSYoungGen: 173664K->64K(174080K)] 353892K->180308K(523776K), 0.0019203 secs] [Times: user=0.00 sys=0.00, real=0.00 secs] 
2018-03-19T13:25:16.702+0530: 4451.805: [GC (Allocation Failure) [PSYoungGen: 173632K->64K(174080K)] 353876K->180332K(523776K), 0.0016026 secs] [Times: user=0.00 sys=0.00, real=0.00 secs] 
2018-03-19T13:25:16.983+0530: 4452.087: [GC (Allocation Failure) [PSYoungGen: 173632K->96K(174080K)] 353900K->180388K(523776K), 0.0015110 secs] [Times: user=0.00 sys=0.00, real=0.00 secs] 
2018-03-19T13:25:17.253+0530: 4452.356: [GC (Allocation Failure) [PSYoungGen: 173664K->64K(174080K)] 353956K->180372K(523776K), 0.0019070 secs] [Times: user=0.00 sys=0.00, real=0.00 secs] 
2018-03-19T13:25:17.548+0530: 4452.651: [GC (Allocation Failure) [PSYoungGen: 173632K->96K(174080K)] 353940K->180436K(523776K), 0.0015060 secs] [Times: user=0.00 sys=0.00, real=0.00 secs] 
2018-03-19T13:25:17.828+0530: 4452.931: [GC (Allocation Failure) [PSYoungGen: 173664K->96K(174080K)] 354004K->180452K(523776K), 0.0016668 secs] [Times: user=0.00 sys=0.00, real=0.00 secs] 
2018-03-19T13:25:18.115+0530: 4453.218: [GC (Allocation Failure) [PSYoungGen: 173664K->96K(174080K)] 354020K->180476K(523776K), 0.0014196 secs] [Times: user=0.00 sys=0.00, real=0.00 secs] 
2018-03-19T13:25:18.398+0530: 4453.501: [GC (Allocation Failure) [PSYoungGen: 173664K->64K(174080K)] 354044K->180468K(523776K), 0.0015141 secs] [Times: user=0.00 sys=0.00, real=0.00 secs] 
2018-03-19T13:25:18.687+0530: 4453.790: [GC (Allocation Failure) [PSYoungGen: 173632K->96K(174080K)] 354036K->180524K(523776K), 0.0013946 secs] [Times: user=0.00 sys=0.00, real=0.00 secs] 
2018-03-19T13:25:18.966+0530: 4454.069: [GC (Allocation Failure) [PSYoungGen: 173664K->96K(174080K)] 354092K->180548K(523776K), 0.0017000 secs] [Times: user=0.00 sys=0.00, real=0.00 secs] 
2018-03-19T13:25:19.271+0530: 4454.375: [GC (Allocation Failure) [PSYoungGen: 173664K->96K(174080K)] 354116K->180572K(523776K), 0.0015751 secs] [Times: user=0.00 sys=0.00, real=0.00 secs] 
2018-03-19T13:25:19.559+0530: 4454.662: [GC (Allocation Failure) [PSYoungGen: 173664K->96K(174080K)] 354140K->180596K(523776K), 0.0015988 secs] [Times: user=0.00 sys=0.00, real=0.00 secs] 
2018-03-19T13:25:19.861+0530: 4454.964: [GC (Allocation Failure) [PSYoungGen: 173664K->96K(174080K)] 354164K->180612K(523776K), 0.0017948 secs] [Times: user=0.00 sys=0.00, real=0.00 secs] 
2018-03-19T13:25:20.146+0530: 4455.249: [GC (Allocation Failure) [PSYoungGen: 173664K->96K(174080K)] 354180K->180628K(523776K), 0.0014454 secs] [Times: user=0.00 sys=0.00, real=0.00 secs] 
2018-03-19T13:25:20.440+0530: 4455.543: [GC (Allocation Failure) [PSYoungGen: 173664K->96K(174080K)] 354196K->180644K(523776K), 0.0015265 secs] [Times: user=0.00 sys=0.00, real=0.00 secs] 
2018-03-19T13:25:20.722+0530: 4455.824: [GC (Allocation Failure) [PSYoungGen: 173664K->96K(174080K)] 354212K->180668K(523776K), 0.0015667 secs] [Times: user=0.00 sys=0.00, real=0.00 secs] 
2018-03-19T13:25:21.006+0530: 4456.109: [GC (Allocation Failure) [PSYoungGen: 173664K->96K(174080K)] 354236K->180692K(523776K), 0.0015868 secs] [Times: user=0.00 sys=0.00, real=0.00 secs] 
2018-03-19T13:25:21.283+0530: 4456.387: [GC (Allocation Failure) [PSYoungGen: 173664K->64K(174080K)] 354260K->180684K(523776K), 0.0016319 secs] [Times: user=0.00 sys=0.00, real=0.00 secs] 
2018-03-19T13:25:21.581+0530: 4456.685: [GC (Allocation Failure) [PSYoungGen: 173632K->64K(174080K)] 354252K->180708K(523776K), 0.0014919 secs] [Times: user=0.00 sys=0.00, real=0.00 secs] 
2018-03-19T13:25:21.863+0530: 4456.966: [GC (Allocation Failure) [PSYoungGen: 173632K->96K(174080K)] 354276K->180756K(523776K), 0.0014341 secs] [Times: user=0.00 sys=0.00, real=0.00 secs] 
2018-03-19T13:25:22.145+0530: 4457.248: [GC (Allocation Failure) [PSYoungGen: 173664K->96K(174080K)] 354324K->180772K(523776K), 0.0015081 secs] [Times: user=0.00 sys=0.00, real=0.00 secs] 
2018-03-19T13:25:22.436+0530: 4457.539: [GC (Allocation Failure) [PSYoungGen: 173664K->64K(174080K)] 354340K->180764K(523776K), 0.0016647 secs] [Times: user=0.00 sys=0.00, real=0.00 secs] 
2018-03-19T13:25:22.802+0530: 4457.905: [GC (Allocation Failure) [PSYoungGen: 173632K->96K(174080K)] 354332K->180820K(523776K), 0.0015469 secs] [Times: user=0.00 sys=0.00, real=0.00 secs] 
2018-03-19T13:25:23.081+0530: 4458.184: [GC (Allocation Failure) [PSYoungGen: 173664K->96K(174080K)] 354388K->180852K(523776K), 0.0017165 secs] [Times: user=0.00 sys=0.00, real=0.00 secs] 
2018-03-19T13:25:23.363+0530: 4458.466: [GC (Allocation Failure) [PSYoungGen: 173664K->96K(174080K)] 354420K->180868K(523776K), 0.0017176 secs] [Times: user=0.00 sys=0.00, real=0.00 secs] 
2018-03-19T13:25:23.651+0530: 4458.754: [GC (Allocation Failure) [PSYoungGen: 173664K->64K(174080K)] 354436K->180852K(523776K), 0.0014718 secs] [Times: user=0.00 sys=0.00, real=0.00 secs] 
2018-03-19T13:25:23.949+0530: 4459.052: [GC (Allocation Failure) [PSYoungGen: 173632K->96K(174080K)] 354420K->180900K(523776K), 0.0016633 secs] [Times: user=0.00 sys=0.00, real=0.00 secs] 
2018-03-19T13:25:24.227+0530: 4459.330: [GC (Allocation Failure) [PSYoungGen: 173664K->96K(174080K)] 354468K->180924K(523776K), 0.0015385 secs] [Times: user=0.06 sys=0.00, real=0.00 secs] 
2018-03-19T13:25:24.521+0530: 4459.624: [GC (Allocation Failure) [PSYoungGen: 173664K->96K(174080K)] 354492K->180948K(523776K), 0.0015850 secs] [Times: user=0.00 sys=0.00, real=0.00 secs] 
2018-03-19T13:25:24.798+0530: 4459.900: [GC (Allocation Failure) [PSYoungGen: 173664K->96K(174080K)] 354516K->180964K(523776K), 0.0016125 secs] [Times: user=0.00 sys=0.00, real=0.00 secs] 
2018-03-19T13:25:25.090+0530: 4460.192: [GC (Allocation Failure) [PSYoungGen: 173664K->96K(174080K)] 354532K->180988K(523776K), 0.0015096 secs] [Times: user=0.00 sys=0.00, real=0.00 secs] 
2018-03-19T13:25:25.365+0530: 4460.468: [GC (Allocation Failure) [PSYoungGen: 173664K->96K(174080K)] 354556K->181012K(523776K), 0.0017532 secs] [Times: user=0.00 sys=0.00, real=0.00 secs] 
2018-03-19T13:25:25.654+0530: 4460.756: [GC (Allocation Failure) [PSYoungGen: 173664K->64K(174080K)] 354580K->181004K(523776K), 0.0015071 secs] [Times: user=0.00 sys=0.00, real=0.00 secs] 
2018-03-19T13:25:25.950+0530: 4461.053: [GC (Allocation Failure) [PSYoungGen: 173632K->96K(174080K)] 354572K->181060K(523776K), 0.0015505 secs] [Times: user=0.00 sys=0.00, real=0.00 secs] 
2018-03-19T13:25:26.227+0530: 4461.330: [GC (Allocation Failure) [PSYoungGen: 173664K->96K(174080K)] 354628K->181084K(523776K), 0.0016284 secs] [Times: user=0.00 sys=0.00, real=0.00 secs] 
2018-03-19T13:25:26.522+0530: 4461.625: [GC (Allocation Failure) [PSYoungGen: 173664K->96K(174080K)] 354652K->181116K(523776K), 0.0017141 secs] [Times: user=0.00 sys=0.00, real=0.00 secs] 
2018-03-19T13:25:26.802+0530: 4461.904: [GC (Allocation Failure) [PSYoungGen: 173664K->96K(174080K)] 354684K->181132K(523776K), 0.0017317 secs] [Times: user=0.00 sys=0.00, real=0.00 secs] 
2018-03-19T13:25:27.086+0530: 4462.189: [GC (Allocation Failure) [PSYoungGen: 173664K->96K(174080K)] 354700K->181164K(523776K), 0.0016100 secs] [Times: user=0.00 sys=0.00, real=0.00 secs] 
2018-03-19T13:25:27.366+0530: 4462.469: [GC (Allocation Failure) [PSYoungGen: 173664K->96K(174080K)] 354732K->181188K(523776K), 0.0014313 secs] [Times: user=0.00 sys=0.00, real=0.00 secs] 
2018-03-19T13:25:27.668+0530: 4462.771: [GC (Allocation Failure) [PSYoungGen: 173664K->96K(174080K)] 354756K->181212K(523776K), 0.0017229 secs] [Times: user=0.00 sys=0.00, real=0.00 secs] 
2018-03-19T13:25:27.971+0530: 4463.074: [GC (Allocation Failure) [PSYoungGen: 173664K->96K(174080K)] 354780K->181244K(523776K), 0.0015639 secs] [Times: user=0.00 sys=0.00, real=0.00 secs] 
2018-03-19T13:25:28.418+0530: 4463.521: [GC (Allocation Failure) [PSYoungGen: 173664K->64K(174080K)] 354812K->181236K(523776K), 0.0018036 secs] [Times: user=0.00 sys=0.00, real=0.00 secs] 
2018-03-19T13:25:28.710+0530: 4463.813: [GC (Allocation Failure) [PSYoungGen: 173632K->64K(174080K)] 354804K->181260K(523776K), 0.0016591 secs] [Times: user=0.00 sys=0.00, real=0.00 secs] 
2018-03-19T13:25:28.983+0530: 4464.086: [GC (Allocation Failure) [PSYoungGen: 173632K->96K(174080K)] 354828K->181316K(523776K), 0.0014411 secs] [Times: user=0.00 sys=0.00, real=0.00 secs] 
2018-03-19T13:25:29.276+0530: 4464.379: [GC (Allocation Failure) [PSYoungGen: 173664K->96K(174080K)] 354884K->181332K(523776K), 0.0015797 secs] [Times: user=0.00 sys=0.00, real=0.00 secs] 
2018-03-19T13:25:29.569+0530: 4464.672: [GC (Allocation Failure) [PSYoungGen: 173664K->96K(174080K)] 354900K->181348K(523776K), 0.0014270 secs] [Times: user=0.00 sys=0.00, real=0.00 secs] 
2018-03-19T13:25:29.844+0530: 4464.947: [GC (Allocation Failure) [PSYoungGen: 173664K->64K(174080K)] 354916K->181340K(523776K), 0.0014440 secs] [Times: user=0.00 sys=0.00, real=0.00 secs] 
2018-03-19T13:25:30.123+0530: 4465.226: [GC (Allocation Failure) [PSYoungGen: 173632K->96K(174080K)] 354908K->181396K(523776K), 0.0015773 secs] [Times: user=0.00 sys=0.00, real=0.00 secs] 
2018-03-19T13:25:30.406+0530: 4465.509: [GC (Allocation Failure) [PSYoungGen: 173664K->96K(174080K)] 354964K->181420K(523776K), 0.0017169 secs] [Times: user=0.00 sys=0.00, real=0.00 secs] 
2018-03-19T13:25:30.709+0530: 4465.811: [GC (Allocation Failure) [PSYoungGen: 173664K->96K(174080K)] 354988K->181444K(523776K), 0.0015691 secs] [Times: user=0.00 sys=0.00, real=0.00 secs] 
2018-03-19T13:25:30.992+0530: 4466.095: [GC (Allocation Failure) [PSYoungGen: 173664K->96K(174080K)] 355012K->181460K(523776K), 0.0014105 secs] [Times: user=0.00 sys=0.00, real=0.00 secs] 
2018-03-19T13:25:31.279+0530: 4466.382: [GC (Allocation Failure) [PSYoungGen: 173664K->96K(174080K)] 355028K->181492K(523776K), 0.0015603 secs] [Times: user=0.00 sys=0.00, real=0.00 secs] 
2018-03-19T13:25:31.597+0530: 4466.700: [GC (Allocation Failure) [PSYoungGen: 173664K->96K(174080K)] 355060K->181508K(523776K), 0.0017098 secs] [Times: user=0.00 sys=0.00, real=0.00 secs] 
2018-03-19T13:25:31.895+0530: 4466.999: [GC (Allocation Failure) [PSYoungGen: 173664K->96K(174080K)] 355076K->181524K(523776K), 0.0015850 secs] [Times: user=0.00 sys=0.00, real=0.00 secs] 
2018-03-19T13:25:32.180+0530: 4467.283: [GC (Allocation Failure) [PSYoungGen: 173664K->64K(174080K)] 355092K->181516K(523776K), 0.0015801 secs] [Times: user=0.00 sys=0.00, real=0.00 secs] 
2018-03-19T13:25:32.470+0530: 4467.572: [GC (Allocation Failure) [PSYoungGen: 173632K->96K(174080K)] 355084K->181572K(523776K), 0.0014810 secs] [Times: user=0.00 sys=0.00, real=0.00 secs] 
2018-03-19T13:25:32.751+0530: 4467.854: [GC (Allocation Failure) [PSYoungGen: 173664K->96K(174080K)] 355140K->181596K(523776K), 0.0015568 secs] [Times: user=0.00 sys=0.00, real=0.00 secs] 
2018-03-19T13:25:33.036+0530: 4468.138: [GC (Allocation Failure) [PSYoungGen: 173664K->96K(174080K)] 355164K->181620K(523776K), 0.0014217 secs] [Times: user=0.00 sys=0.00, real=0.00 secs] 
2018-03-19T13:25:33.314+0530: 4468.417: [GC (Allocation Failure) [PSYoungGen: 173664K->96K(174080K)] 355188K->181644K(523776K), 0.0015815 secs] [Times: user=0.00 sys=0.00, real=0.00 secs] 
2018-03-19T13:25:33.599+0530: 4468.702: [GC (Allocation Failure) [PSYoungGen: 173664K->96K(174080K)] 355212K->181668K(523776K), 0.0015554 secs] [Times: user=0.00 sys=0.00, real=0.00 secs] 
2018-03-19T13:25:33.880+0530: 4468.983: [GC (Allocation Failure) [PSYoungGen: 173664K->96K(174080K)] 355236K->181692K(523776K), 0.0015797 secs] [Times: user=0.00 sys=0.00, real=0.00 secs] 
2018-03-19T13:25:34.153+0530: 4469.255: [GC (Allocation Failure) [PSYoungGen: 173664K->96K(174080K)] 355260K->181716K(523776K), 0.0015949 secs] [Times: user=0.00 sys=0.00, real=0.00 secs] 
2018-03-19T13:25:34.447+0530: 4469.550: [GC (Allocation Failure) [PSYoungGen: 173664K->96K(174080K)] 355284K->181740K(523776K), 0.0015691 secs] [Times: user=0.00 sys=0.00, real=0.00 secs] 
2018-03-19T13:25:34.732+0530: 4469.835: [GC (Allocation Failure) [PSYoungGen: 173664K->96K(174080K)] 355308K->181764K(523776K), 0.0017187 secs] [Times: user=0.00 sys=0.00, real=0.00 secs] 
2018-03-19T13:25:35.046+0530: 4470.150: [GC (Allocation Failure) [PSYoungGen: 173664K->96K(174080K)] 355332K->181780K(523776K), 0.0016615 secs] [Times: user=0.00 sys=0.00, real=0.00 secs] 
2018-03-19T13:25:35.323+0530: 4470.425: [GC (Allocation Failure) [PSYoungGen: 173664K->96K(174080K)] 355348K->181804K(523776K), 0.0015466 secs] [Times: user=0.00 sys=0.00, real=0.00 secs] 
2018-03-19T13:25:35.614+0530: 4470.717: [GC (Allocation Failure) [PSYoungGen: 173664K->128K(174080K)] 355372K->181860K(523776K), 0.0015931 secs] [Times: user=0.00 sys=0.00, real=0.00 secs] 
2018-03-19T13:25:35.906+0530: 4471.010: [GC (Allocation Failure) [PSYoungGen: 173696K->96K(174080K)] 355428K->181844K(523776K), 0.0015187 secs] [Times: user=0.00 sys=0.00, real=0.00 secs] 
2018-03-19T13:25:36.200+0530: 4471.303: [GC (Allocation Failure) [PSYoungGen: 173664K->96K(174080K)] 355412K->181876K(523776K), 0.0015631 secs] [Times: user=0.00 sys=0.00, real=0.00 secs] 
2018-03-19T13:25:36.487+0530: 4471.589: [GC (Allocation Failure) [PSYoungGen: 173664K->96K(174080K)] 355444K->181892K(523776K), 0.0023389 secs] [Times: user=0.00 sys=0.00, real=0.00 secs] 
2018-03-19T13:25:36.794+0530: 4471.897: [GC (Allocation Failure) [PSYoungGen: 173664K->96K(174080K)] 355460K->181924K(523776K), 0.0016224 secs] [Times: user=0.00 sys=0.00, real=0.00 secs] 
2018-03-19T13:25:37.078+0530: 4472.181: [GC (Allocation Failure) [PSYoungGen: 173664K->96K(174080K)] 355492K->181940K(523776K), 0.0015586 secs] [Times: user=0.00 sys=0.00, real=0.00 secs] 
2018-03-19T13:25:37.357+0530: 4472.460: [GC (Allocation Failure) [PSYoungGen: 173664K->96K(174080K)] 355508K->181956K(523776K), 0.0015265 secs] [Times: user=0.00 sys=0.00, real=0.00 secs] 
2018-03-19T13:25:37.649+0530: 4472.752: [GC (Allocation Failure) [PSYoungGen: 173664K->32K(174080K)] 355524K->181916K(523776K), 0.0016069 secs] [Times: user=0.05 sys=0.02, real=0.00 secs] 
2018-03-19T13:25:37.923+0530: 4473.026: [GC (Allocation Failure) [PSYoungGen: 173600K->96K(174080K)] 355484K->182004K(523776K), 0.0013854 secs] [Times: user=0.00 sys=0.00, real=0.00 secs] 
2018-03-19T13:25:38.198+0530: 4473.302: [GC (Allocation Failure) [PSYoungGen: 173664K->96K(174080K)] 355572K->182028K(523776K), 0.0014221 secs] [Times: user=0.00 sys=0.00, real=0.00 secs] 
2018-03-19T13:25:38.488+0530: 4473.591: [GC (Allocation Failure) [PSYoungGen: 173664K->64K(174080K)] 355596K->182020K(523776K), 0.0016386 secs] [Times: user=0.00 sys=0.00, real=0.00 secs] 
2018-03-19T13:25:38.773+0530: 4473.876: [GC (Allocation Failure) [PSYoungGen: 173632K->96K(174080K)] 355588K->182068K(523776K), 0.0015543 secs] [Times: user=0.02 sys=0.00, real=0.00 secs] 
2018-03-19T13:25:39.059+0530: 4474.161: [GC (Allocation Failure) [PSYoungGen: 173664K->96K(174080K)] 355636K->182092K(523776K), 0.0015258 secs] [Times: user=0.00 sys=0.00, real=0.00 secs] 
2018-03-19T13:25:39.337+0530: 4474.439: [GC (Allocation Failure) [PSYoungGen: 173664K->96K(174080K)] 355660K->182116K(523776K), 0.0015215 secs] [Times: user=0.00 sys=0.00, real=0.00 secs] 
2018-03-19T13:25:39.624+0530: 4474.727: [GC (Allocation Failure) [PSYoungGen: 173664K->64K(174080K)] 355684K->182108K(523776K), 0.0015222 secs] [Times: user=0.00 sys=0.00, real=0.00 secs] 
2018-03-19T13:25:39.919+0530: 4475.023: [GC (Allocation Failure) [PSYoungGen: 173632K->96K(174080K)] 355676K->182164K(523776K), 0.0016150 secs] [Times: user=0.00 sys=0.00, real=0.00 secs] 
2018-03-19T13:25:40.203+0530: 4475.306: [GC (Allocation Failure) [PSYoungGen: 173664K->64K(174080K)] 355732K->182156K(523776K), 0.0015984 secs] [Times: user=0.00 sys=0.00, real=0.00 secs] 
2018-03-19T13:25:40.493+0530: 4475.596: [GC (Allocation Failure) [PSYoungGen: 173632K->96K(174080K)] 355724K->182212K(523776K), 0.0014683 secs] [Times: user=0.00 sys=0.00, real=0.00 secs] 
2018-03-19T13:25:40.776+0530: 4475.879: [GC (Allocation Failure) [PSYoungGen: 173664K->64K(174080K)] 355780K->182204K(523776K), 0.0014771 secs] [Times: user=0.00 sys=0.00, real=0.00 secs] 
2018-03-19T13:25:41.056+0530: 4476.159: [GC (Allocation Failure) [PSYoungGen: 173632K->64K(174080K)] 355772K->182228K(523776K), 0.0014824 secs] [Times: user=0.00 sys=0.00, real=0.00 secs] 
2018-03-19T13:25:41.343+0530: 4476.447: [GC (Allocation Failure) [PSYoungGen: 173632K->96K(174080K)] 355796K->182284K(523776K), 0.0015141 secs] [Times: user=0.00 sys=0.00, real=0.00 secs] 
2018-03-19T13:25:41.648+0530: 4476.751: [GC (Allocation Failure) [PSYoungGen: 173664K->96K(174080K)] 355852K->182300K(523776K), 0.0017102 secs] [Times: user=0.01 sys=0.00, real=0.00 secs] 
2018-03-19T13:25:41.933+0530: 4477.035: [GC (Allocation Failure) [PSYoungGen: 173664K->96K(174080K)] 355868K->182316K(523776K), 0.0015758 secs] [Times: user=0.00 sys=0.00, real=0.00 secs] 
2018-03-19T13:25:42.218+0530: 4477.321: [GC (Allocation Failure) [PSYoungGen: 173664K->96K(174080K)] 355884K->182340K(523776K), 0.0015039 secs] [Times: user=0.00 sys=0.00, real=0.00 secs] 
2018-03-19T13:25:42.506+0530: 4477.609: [GC (Allocation Failure) [PSYoungGen: 173664K->64K(174080K)] 355908K->182332K(523776K), 0.0017377 secs] [Times: user=0.00 sys=0.00, real=0.00 secs] 
2018-03-19T13:25:42.790+0530: 4477.893: [GC (Allocation Failure) [PSYoungGen: 173632K->96K(174080K)] 355900K->182388K(523776K), 0.0014478 secs] [Times: user=0.00 sys=0.00, real=0.00 secs] 
2018-03-19T13:25:43.080+0530: 4478.184: [GC (Allocation Failure) [PSYoungGen: 173664K->64K(174080K)] 355956K->182380K(523776K), 0.0014863 secs] [Times: user=0.00 sys=0.00, real=0.00 secs] 
2018-03-19T13:25:43.353+0530: 4478.456: [GC (Allocation Failure) [PSYoungGen: 173632K->96K(174080K)] 355948K->182436K(523776K), 0.0015106 secs] [Times: user=0.00 sys=0.00, real=0.00 secs] 
2018-03-19T13:25:43.645+0530: 4478.748: [GC (Allocation Failure) [PSYoungGen: 173664K->96K(174080K)] 356004K->182460K(523776K), 0.0016146 secs] [Times: user=0.00 sys=0.00, real=0.00 secs] 
2018-03-19T13:25:43.949+0530: 4479.051: [GC (Allocation Failure) [PSYoungGen: 173664K->96K(174080K)] 356028K->182484K(523776K), 0.0014281 secs] [Times: user=0.00 sys=0.00, real=0.00 secs] 
2018-03-19T13:25:44.228+0530: 4479.331: [GC (Allocation Failure) [PSYoungGen: 173664K->96K(174080K)] 356052K->182500K(523776K), 0.0014694 secs] [Times: user=0.00 sys=0.00, real=0.00 secs] 
2018-03-19T13:25:44.517+0530: 4479.620: [GC (Allocation Failure) [PSYoungGen: 173664K->64K(174080K)] 356068K->182492K(523776K), 0.0014351 secs] [Times: user=0.00 sys=0.00, real=0.00 secs] 
2018-03-19T13:25:44.798+0530: 4479.901: [GC (Allocation Failure) [PSYoungGen: 173632K->96K(174080K)] 356060K->182548K(523776K), 0.0013667 secs] [Times: user=0.00 sys=0.00, real=0.00 secs] 
2018-03-19T13:25:45.068+0530: 4480.171: [GC (Allocation Failure) [PSYoungGen: 173664K->96K(174080K)] 356116K->182572K(523776K), 0.0014341 secs] [Times: user=0.00 sys=0.00, real=0.00 secs] 
2018-03-19T13:25:45.348+0530: 4480.451: [GC (Allocation Failure) [PSYoungGen: 173664K->96K(174080K)] 356140K->182596K(523776K), 0.0013269 secs] [Times: user=0.00 sys=0.00, real=0.00 secs] 
2018-03-19T13:25:45.648+0530: 4480.751: [GC (Allocation Failure) [PSYoungGen: 173664K->96K(174080K)] 356164K->182620K(523776K), 0.0015339 secs] [Times: user=0.02 sys=0.00, real=0.00 secs] 
2018-03-19T13:25:45.931+0530: 4481.034: [GC (Allocation Failure) [PSYoungGen: 173664K->64K(174080K)] 356188K->182612K(523776K), 0.0014538 secs] [Times: user=0.00 sys=0.00, real=0.00 secs] 
2018-03-19T13:25:46.207+0530: 4481.309: [GC (Allocation Failure) [PSYoungGen: 173632K->96K(174080K)] 356180K->182668K(523776K), 0.0014390 secs] [Times: user=0.00 sys=0.00, real=0.00 secs] 
2018-03-19T13:25:46.493+0530: 4481.596: [GC (Allocation Failure) [PSYoungGen: 173664K->96K(174080K)] 356236K->182692K(523776K), 0.0015614 secs] [Times: user=0.00 sys=0.00, real=0.00 secs] 
2018-03-19T13:25:46.781+0530: 4481.883: [GC (Allocation Failure) [PSYoungGen: 173664K->96K(174080K)] 356260K->182708K(523776K), 0.0014845 secs] [Times: user=0.00 sys=0.00, real=0.00 secs] 
2018-03-19T13:25:47.060+0530: 4482.162: [GC (Allocation Failure) [PSYoungGen: 173664K->96K(174080K)] 356276K->182732K(523776K), 0.0017024 secs] [Times: user=0.00 sys=0.00, real=0.00 secs] 
2018-03-19T13:25:47.340+0530: 4482.443: [GC (Allocation Failure) [PSYoungGen: 173664K->128K(174080K)] 356300K->182780K(523776K), 0.0015988 secs] [Times: user=0.00 sys=0.00, real=0.00 secs] 
2018-03-19T13:25:47.632+0530: 4482.734: [GC (Allocation Failure) [PSYoungGen: 173696K->96K(174080K)] 356348K->182772K(523776K), 0.0019828 secs] [Times: user=0.00 sys=0.00, real=0.00 secs] 
2018-03-19T13:25:47.924+0530: 4483.027: [GC (Allocation Failure) [PSYoungGen: 173664K->96K(174080K)] 356340K->182796K(523776K), 0.0014951 secs] [Times: user=0.00 sys=0.00, real=0.00 secs] 
2018-03-19T13:25:48.203+0530: 4483.306: [GC (Allocation Failure) [PSYoungGen: 173664K->96K(174080K)] 356364K->182820K(523776K), 0.0015120 secs] [Times: user=0.00 sys=0.00, real=0.00 secs] 
2018-03-19T13:25:48.490+0530: 4483.593: [GC (Allocation Failure) [PSYoungGen: 173664K->96K(174080K)] 356388K->182844K(523776K), 0.0017345 secs] [Times: user=0.00 sys=0.00, real=0.00 secs] 
2018-03-19T13:25:48.781+0530: 4483.883: [GC (Allocation Failure) [PSYoungGen: 173664K->96K(174080K)] 356412K->182868K(523776K), 0.0014986 secs] [Times: user=0.00 sys=0.00, real=0.00 secs] 
2018-03-19T13:25:49.062+0530: 4484.165: [GC (Allocation Failure) [PSYoungGen: 173664K->96K(174080K)] 356436K->182900K(523776K), 0.0016760 secs] [Times: user=0.00 sys=0.00, real=0.00 secs] 
2018-03-19T13:25:49.344+0530: 4484.447: [GC (Allocation Failure) [PSYoungGen: 173664K->96K(174080K)] 356468K->182924K(523776K), 0.0019242 secs] [Times: user=0.00 sys=0.00, real=0.00 secs] 
2018-03-19T13:25:49.624+0530: 4484.727: [GC (Allocation Failure) [PSYoungGen: 173664K->64K(174080K)] 356492K->182916K(523776K), 0.0014260 secs] [Times: user=0.00 sys=0.00, real=0.00 secs] 
2018-03-19T13:25:49.908+0530: 4485.011: [GC (Allocation Failure) [PSYoungGen: 173632K->64K(174080K)] 356484K->182940K(523776K), 0.0016580 secs] [Times: user=0.00 sys=0.00, real=0.00 secs] 
2018-03-19T13:25:50.193+0530: 4485.296: [GC (Allocation Failure) [PSYoungGen: 173632K->96K(174080K)] 356508K->182996K(523776K), 0.0016651 secs] [Times: user=0.00 sys=0.00, real=0.00 secs] 
2018-03-19T13:25:50.484+0530: 4485.586: [GC (Allocation Failure) [PSYoungGen: 173664K->96K(174080K)] 356564K->183020K(523776K), 0.0017151 secs] [Times: user=0.00 sys=0.00, real=0.00 secs] 
2018-03-19T13:25:50.775+0530: 4485.877: [GC (Allocation Failure) [PSYoungGen: 173664K->96K(174080K)] 356588K->183044K(523776K), 0.0015307 secs] [Times: user=0.00 sys=0.00, real=0.00 secs] 
2018-03-19T13:25:51.071+0530: 4486.174: [GC (Allocation Failure) [PSYoungGen: 173664K->96K(174080K)] 356612K->183068K(523776K), 0.0015914 secs] [Times: user=0.00 sys=0.02, real=0.00 secs] 
2018-03-19T13:25:51.350+0530: 4486.453: [GC (Allocation Failure) [PSYoungGen: 173664K->96K(174080K)] 356636K->183092K(523776K), 0.0015074 secs] [Times: user=0.00 sys=0.00, real=0.00 secs] 
2018-03-19T13:25:51.634+0530: 4486.737: [GC (Allocation Failure) [PSYoungGen: 173664K->96K(174080K)] 356660K->183116K(523776K), 0.0015455 secs] [Times: user=0.00 sys=0.00, real=0.00 secs] 
2018-03-19T13:25:51.939+0530: 4487.042: [GC (Allocation Failure) [PSYoungGen: 173664K->96K(174080K)] 356684K->183140K(523776K), 0.0016520 secs] [Times: user=0.00 sys=0.00, real=0.00 secs] 
2018-03-19T13:25:52.219+0530: 4487.322: [GC (Allocation Failure) [PSYoungGen: 173664K->96K(174080K)] 356708K->183164K(523776K), 0.0016139 secs] [Times: user=0.00 sys=0.00, real=0.00 secs] 
2018-03-19T13:25:52.505+0530: 4487.608: [GC (Allocation Failure) [PSYoungGen: 173664K->96K(174080K)] 356732K->183180K(523776K), 0.0015184 secs] [Times: user=0.00 sys=0.00, real=0.00 secs] 
2018-03-19T13:25:52.793+0530: 4487.895: [GC (Allocation Failure) [PSYoungGen: 173664K->96K(174080K)] 356748K->183212K(523776K), 0.0015494 secs] [Times: user=0.00 sys=0.00, real=0.00 secs] 
2018-03-19T13:25:53.076+0530: 4488.179: [GC (Allocation Failure) [PSYoungGen: 173664K->96K(174080K)] 356780K->183228K(523776K), 0.0014792 secs] [Times: user=0.00 sys=0.00, real=0.00 secs] 
2018-03-19T13:25:53.363+0530: 4488.466: [GC (Allocation Failure) [PSYoungGen: 173664K->96K(174080K)] 356796K->183244K(523776K), 0.0015268 secs] [Times: user=0.00 sys=0.00, real=0.00 secs] 
2018-03-19T13:25:53.643+0530: 4488.746: [GC (Allocation Failure) [PSYoungGen: 173664K->64K(174080K)] 356812K->183236K(523776K), 0.0014210 secs] [Times: user=0.00 sys=0.00, real=0.00 secs] 
2018-03-19T13:25:53.932+0530: 4489.034: [GC (Allocation Failure) [PSYoungGen: 173632K->64K(174080K)] 356804K->183260K(523776K), 0.0015141 secs] [Times: user=0.00 sys=0.00, real=0.00 secs] 
2018-03-19T13:25:54.210+0530: 4489.313: [GC (Allocation Failure) [PSYoungGen: 173632K->128K(174080K)] 356828K->183348K(523776K), 0.0015050 secs] [Times: user=0.00 sys=0.00, real=0.00 secs] 
2018-03-19T13:25:54.506+0530: 4489.610: [GC (Allocation Failure) [PSYoungGen: 173696K->96K(174080K)] 356916K->183332K(523776K), 0.0013449 secs] [Times: user=0.00 sys=0.00, real=0.00 secs] 
2018-03-19T13:25:54.793+0530: 4489.896: [GC (Allocation Failure) [PSYoungGen: 173664K->64K(174080K)] 356900K->183324K(523776K), 0.0016844 secs] [Times: user=0.00 sys=0.00, real=0.00 secs] 
2018-03-19T13:25:55.079+0530: 4490.182: [GC (Allocation Failure) [PSYoungGen: 173632K->64K(174080K)] 356892K->183348K(523776K), 0.0015942 secs] [Times: user=0.00 sys=0.00, real=0.00 secs] 
2018-03-19T13:25:55.355+0530: 4490.458: [GC (Allocation Failure) [PSYoungGen: 173632K->96K(174080K)] 356916K->183404K(523776K), 0.0015261 secs] [Times: user=0.00 sys=0.00, real=0.00 secs] 
2018-03-19T13:25:55.642+0530: 4490.745: [GC (Allocation Failure) [PSYoungGen: 173664K->96K(174080K)] 356972K->183436K(523776K), 0.0014207 secs] [Times: user=0.00 sys=0.00, real=0.00 secs] 
2018-03-19T13:25:55.944+0530: 4491.047: [GC (Allocation Failure) [PSYoungGen: 173664K->96K(174080K)] 357004K->183460K(523776K), 0.0016622 secs] [Times: user=0.00 sys=0.00, real=0.00 secs] 
2018-03-19T13:25:56.224+0530: 4491.327: [GC (Allocation Failure) [PSYoungGen: 173664K->96K(174080K)] 357028K->183476K(523776K), 0.0014383 secs] [Times: user=0.00 sys=0.00, real=0.00 secs] 
2018-03-19T13:25:56.522+0530: 4491.625: [GC (Allocation Failure) [PSYoungGen: 173664K->96K(174080K)] 357044K->183508K(523776K), 0.0016150 secs] [Times: user=0.00 sys=0.00, real=0.00 secs] 
2018-03-19T13:25:56.821+0530: 4491.923: [GC (Allocation Failure) [PSYoungGen: 173664K->96K(174080K)] 357076K->183532K(523776K), 0.0015251 secs] [Times: user=0.00 sys=0.00, real=0.00 secs] 
2018-03-19T13:25:57.099+0530: 4492.202: [GC (Allocation Failure) [PSYoungGen: 173664K->96K(174080K)] 357100K->183556K(523776K), 0.0017426 secs] [Times: user=0.00 sys=0.00, real=0.00 secs] 
2018-03-19T13:25:57.380+0530: 4492.483: [GC (Allocation Failure) [PSYoungGen: 173664K->96K(174080K)] 357124K->183588K(523776K), 0.0016820 secs] [Times: user=0.00 sys=0.00, real=0.00 secs] 
2018-03-19T13:25:57.663+0530: 4492.766: [GC (Allocation Failure) [PSYoungGen: 173664K->96K(174080K)] 357156K->183612K(523776K), 0.0014923 secs] [Times: user=0.00 sys=0.00, real=0.00 secs] 
2018-03-19T13:25:57.950+0530: 4493.053: [GC (Allocation Failure) [PSYoungGen: 173664K->96K(174080K)] 357180K->183628K(523776K), 0.0015603 secs] [Times: user=0.00 sys=0.00, real=0.00 secs] 
2018-03-19T13:25:58.231+0530: 4493.334: [GC (Allocation Failure) [PSYoungGen: 173664K->96K(174080K)] 357196K->183652K(523776K), 0.0015099 secs] [Times: user=0.00 sys=0.00, real=0.00 secs] 
2018-03-19T13:25:58.512+0530: 4493.615: [GC (Allocation Failure) [PSYoungGen: 173664K->96K(174080K)] 357220K->183676K(523776K), 0.0017056 secs] [Times: user=0.00 sys=0.00, real=0.00 secs] 
2018-03-19T13:25:58.796+0530: 4493.899: [GC (Allocation Failure) [PSYoungGen: 173664K->96K(174080K)] 357244K->183692K(523776K), 0.0015487 secs] [Times: user=0.00 sys=0.00, real=0.00 secs] 
2018-03-19T13:25:59.079+0530: 4494.181: [GC (Allocation Failure) [PSYoungGen: 173664K->96K(174080K)] 357260K->183716K(523776K), 0.0014443 secs] [Times: user=0.00 sys=0.00, real=0.00 secs] 
2018-03-19T13:25:59.357+0530: 4494.459: [GC (Allocation Failure) [PSYoungGen: 173664K->96K(174080K)] 357284K->183732K(523776K), 0.0017673 secs] [Times: user=0.00 sys=0.00, real=0.00 secs] 
2018-03-19T13:25:59.642+0530: 4494.745: [GC (Allocation Failure) [PSYoungGen: 173664K->96K(174080K)] 357300K->183748K(523776K), 0.0016770 secs] [Times: user=0.00 sys=0.00, real=0.00 secs] 
2018-03-19T13:25:59.942+0530: 4495.044: [GC (Allocation Failure) [PSYoungGen: 173664K->96K(174080K)] 357316K->183772K(523776K), 0.0016792 secs] [Times: user=0.00 sys=0.00, real=0.00 secs] 
2018-03-19T13:26:00.252+0530: 4495.355: [GC (Allocation Failure) [PSYoungGen: 173664K->96K(174080K)] 357340K->183796K(523776K), 0.0014404 secs] [Times: user=0.00 sys=0.00, real=0.00 secs] 
2018-03-19T13:26:00.534+0530: 4495.637: [GC (Allocation Failure) [PSYoungGen: 173664K->96K(174080K)] 357364K->183828K(523776K), 0.0014711 secs] [Times: user=0.00 sys=0.00, real=0.00 secs] 
2018-03-19T13:26:00.814+0530: 4495.916: [GC (Allocation Failure) [PSYoungGen: 173664K->96K(174080K)] 357396K->183844K(523776K), 0.0014902 secs] [Times: user=0.00 sys=0.00, real=0.00 secs] 
2018-03-19T13:26:01.087+0530: 4496.190: [GC (Allocation Failure) [PSYoungGen: 173664K->96K(174080K)] 357412K->183860K(523776K), 0.0014937 secs] [Times: user=0.00 sys=0.00, real=0.00 secs] 
2018-03-19T13:26:01.370+0530: 4496.474: [GC (Allocation Failure) [PSYoungGen: 173664K->96K(174080K)] 357428K->183892K(523776K), 0.0015850 secs] [Times: user=0.00 sys=0.00, real=0.00 secs] 
2018-03-19T13:26:01.646+0530: 4496.749: [GC (Allocation Failure) [PSYoungGen: 173664K->96K(174080K)] 357460K->183916K(523776K), 0.0015177 secs] [Times: user=0.00 sys=0.00, real=0.00 secs] 
2018-03-19T13:26:01.945+0530: 4497.048: [GC (Allocation Failure) [PSYoungGen: 173664K->64K(174080K)] 357484K->183908K(523776K), 0.0016150 secs] [Times: user=0.00 sys=0.02, real=0.00 secs] 
2018-03-19T13:26:02.229+0530: 4497.331: [GC (Allocation Failure) [PSYoungGen: 173632K->96K(174080K)] 357476K->183972K(523776K), 0.0016234 secs] [Times: user=0.00 sys=0.00, real=0.00 secs] 
2018-03-19T13:26:02.515+0530: 4497.619: [GC (Allocation Failure) [PSYoungGen: 173664K->96K(174080K)] 357540K->183996K(523776K), 0.0016612 secs] [Times: user=0.00 sys=0.00, real=0.00 secs] 
2018-03-19T13:26:02.796+0530: 4497.899: [GC (Allocation Failure) [PSYoungGen: 173664K->96K(174080K)] 357564K->184028K(523776K), 0.0014524 secs] [Times: user=0.00 sys=0.00, real=0.00 secs] 
2018-03-19T13:26:03.082+0530: 4498.185: [GC (Allocation Failure) [PSYoungGen: 173664K->96K(174080K)] 357596K->184052K(523776K), 0.0013798 secs] [Times: user=0.00 sys=0.00, real=0.00 secs] 
2018-03-19T13:26:03.357+0530: 4498.459: [GC (Allocation Failure) [PSYoungGen: 173664K->96K(174080K)] 357620K->184084K(523776K), 0.0016443 secs] [Times: user=0.00 sys=0.00, real=0.00 secs] 
2018-03-19T13:26:03.644+0530: 4498.746: [GC (Allocation Failure) [PSYoungGen: 173664K->96K(174080K)] 357652K->184100K(523776K), 0.0015110 secs] [Times: user=0.00 sys=0.00, real=0.00 secs] 
2018-03-19T13:26:03.947+0530: 4499.050: [GC (Allocation Failure) [PSYoungGen: 173664K->64K(174080K)] 357668K->184092K(523776K), 0.0017194 secs] [Times: user=0.00 sys=0.00, real=0.00 secs] 
2018-03-19T13:26:04.229+0530: 4499.332: [GC (Allocation Failure) [PSYoungGen: 173632K->96K(174080K)] 357660K->184156K(523776K), 0.0016051 secs] [Times: user=0.00 sys=0.00, real=0.00 secs] 
2018-03-19T13:26:04.521+0530: 4499.624: [GC (Allocation Failure) [PSYoungGen: 173664K->64K(174080K)] 357724K->184148K(523776K), 0.0014708 secs] [Times: user=0.00 sys=0.00, real=0.00 secs] 
2018-03-19T13:26:04.801+0530: 4499.904: [GC (Allocation Failure) [PSYoungGen: 173632K->96K(174080K)] 357716K->184196K(523776K), 0.0015120 secs] [Times: user=0.00 sys=0.00, real=0.00 secs] 
2018-03-19T13:26:05.088+0530: 4500.191: [GC (Allocation Failure) [PSYoungGen: 173664K->96K(174080K)] 357764K->184212K(523776K), 0.0014292 secs] [Times: user=0.00 sys=0.00, real=0.00 secs] 
2018-03-19T13:26:05.362+0530: 4500.465: [GC (Allocation Failure) [PSYoungGen: 173664K->96K(174080K)] 357780K->184244K(523776K), 0.0015258 secs] [Times: user=0.00 sys=0.00, real=0.00 secs] 
2018-03-19T13:26:05.655+0530: 4500.759: [GC (Allocation Failure) [PSYoungGen: 173664K->96K(174080K)] 357812K->184268K(523776K), 0.0016707 secs] [Times: user=0.00 sys=0.00, real=0.00 secs] 
2018-03-19T13:26:05.944+0530: 4501.047: [GC (Allocation Failure) [PSYoungGen: 173664K->96K(174080K)] 357836K->184284K(523776K), 0.0016718 secs] [Times: user=0.00 sys=0.00, real=0.00 secs] 
2018-03-19T13:26:06.223+0530: 4501.325: [GC (Allocation Failure) [PSYoungGen: 173664K->96K(174080K)] 357852K->184300K(523776K), 0.0017500 secs] [Times: user=0.00 sys=0.00, real=0.00 secs] 
2018-03-19T13:26:06.517+0530: 4501.620: [GC (Allocation Failure) [PSYoungGen: 173664K->64K(174080K)] 357868K->184292K(523776K), 0.0016058 secs] [Times: user=0.00 sys=0.00, real=0.00 secs] 
2018-03-19T13:26:06.806+0530: 4501.909: [GC (Allocation Failure) [PSYoungGen: 173632K->96K(174080K)] 357860K->184348K(523776K), 0.0017416 secs] [Times: user=0.00 sys=0.00, real=0.00 secs] 
2018-03-19T13:26:07.092+0530: 4502.196: [GC (Allocation Failure) [PSYoungGen: 173664K->96K(174080K)] 357916K->184380K(523776K), 0.0016203 secs] [Times: user=0.00 sys=0.00, real=0.00 secs] 
2018-03-19T13:26:07.381+0530: 4502.484: [GC (Allocation Failure) [PSYoungGen: 173664K->96K(174080K)] 357948K->184404K(523776K), 0.0016510 secs] [Times: user=0.00 sys=0.00, real=0.00 secs] 
2018-03-19T13:26:07.681+0530: 4502.784: [GC (Allocation Failure) [PSYoungGen: 173664K->32K(174080K)] 357972K->184356K(523776K), 0.0018470 secs] [Times: user=0.00 sys=0.00, real=0.00 secs] 
2018-03-19T13:26:07.987+0530: 4503.090: [GC (Allocation Failure) [PSYoungGen: 173600K->96K(174080K)] 357924K->184444K(523776K), 0.0014376 secs] [Times: user=0.00 sys=0.00, real=0.00 secs] 
2018-03-19T13:26:08.267+0530: 4503.370: [GC (Allocation Failure) [PSYoungGen: 173664K->96K(174080K)] 358012K->184468K(523776K), 0.0016471 secs] [Times: user=0.00 sys=0.00, real=0.00 secs] 
2018-03-19T13:26:08.566+0530: 4503.669: [GC (Allocation Failure) [PSYoungGen: 173664K->32K(174080K)] 358036K->184428K(523776K), 0.0015751 secs] [Times: user=0.00 sys=0.00, real=0.00 secs] 
2018-03-19T13:26:08.849+0530: 4503.951: [GC (Allocation Failure) [PSYoungGen: 173600K->96K(174080K)] 357996K->184524K(523776K), 0.0015572 secs] [Times: user=0.00 sys=0.00, real=0.00 secs] 
2018-03-19T13:26:09.146+0530: 4504.248: [GC (Allocation Failure) [PSYoungGen: 173664K->96K(174080K)] 358092K->184540K(523776K), 0.0016150 secs] [Times: user=0.00 sys=0.00, real=0.00 secs] 
2018-03-19T13:26:09.440+0530: 4504.542: [GC (Allocation Failure) [PSYoungGen: 173664K->96K(174080K)] 358108K->184556K(523776K), 0.0015014 secs] [Times: user=0.00 sys=0.00, real=0.00 secs] 
2018-03-19T13:26:09.719+0530: 4504.822: [GC (Allocation Failure) [PSYoungGen: 173664K->96K(174080K)] 358124K->184580K(523776K), 0.0014503 secs] [Times: user=0.00 sys=0.00, real=0.00 secs] 
2018-03-19T13:26:10.005+0530: 4505.108: [GC (Allocation Failure) [PSYoungGen: 173664K->64K(174080K)] 358148K->184572K(523776K), 0.0014820 secs] [Times: user=0.00 sys=0.00, real=0.00 secs] 
2018-03-19T13:26:10.285+0530: 4505.387: [GC (Allocation Failure) [PSYoungGen: 173632K->64K(174080K)] 358140K->184596K(523776K), 0.0017109 secs] [Times: user=0.00 sys=0.00, real=0.00 secs] 
2018-03-19T13:26:10.581+0530: 4505.684: [GC (Allocation Failure) [PSYoungGen: 173632K->64K(174080K)] 358164K->184612K(523776K), 0.0019937 secs] [Times: user=0.00 sys=0.00, real=0.00 secs] 
2018-03-19T13:26:10.874+0530: 4505.976: [GC (Allocation Failure) [PSYoungGen: 173632K->96K(174080K)] 358180K->184676K(523776K), 0.0016249 secs] [Times: user=0.00 sys=0.00, real=0.00 secs] 
2018-03-19T13:26:11.164+0530: 4506.267: [GC (Allocation Failure) [PSYoungGen: 173664K->96K(174080K)] 358244K->184692K(523776K), 0.0015346 secs] [Times: user=0.02 sys=0.00, real=0.00 secs] 
2018-03-19T13:26:11.450+0530: 4506.553: [GC (Allocation Failure) [PSYoungGen: 173664K->96K(174080K)] 358260K->184708K(523776K), 0.0015515 secs] [Times: user=0.00 sys=0.00, real=0.00 secs] 
2018-03-19T13:26:11.725+0530: 4506.828: [GC (Allocation Failure) [PSYoungGen: 173664K->96K(174080K)] 358276K->184732K(523776K), 0.0015501 secs] [Times: user=0.00 sys=0.00, real=0.00 secs] 
2018-03-19T13:26:12.033+0530: 4507.136: [GC (Allocation Failure) [PSYoungGen: 173664K->96K(174080K)] 358300K->184756K(523776K), 0.0016806 secs] [Times: user=0.00 sys=0.00, real=0.00 secs] 
2018-03-19T13:26:12.322+0530: 4507.424: [GC (Allocation Failure) [PSYoungGen: 173664K->96K(174080K)] 358324K->184780K(523776K), 0.0016224 secs] [Times: user=0.00 sys=0.00, real=0.00 secs] 
2018-03-19T13:26:12.602+0530: 4507.704: [GC (Allocation Failure) [PSYoungGen: 173664K->96K(174080K)] 358348K->184812K(523776K), 0.0016108 secs] [Times: user=0.06 sys=0.00, real=0.00 secs] 
2018-03-19T13:26:12.882+0530: 4507.984: [GC (Allocation Failure) [PSYoungGen: 173664K->96K(174080K)] 358380K->184828K(523776K), 0.0014859 secs] [Times: user=0.00 sys=0.00, real=0.00 secs] 
2018-03-19T13:26:13.155+0530: 4508.258: [GC (Allocation Failure) [PSYoungGen: 173664K->96K(174080K)] 358396K->184852K(523776K), 0.0015237 secs] [Times: user=0.00 sys=0.00, real=0.00 secs] 
2018-03-19T13:26:13.447+0530: 4508.550: [GC (Allocation Failure) [PSYoungGen: 173664K->96K(174080K)] 358420K->184876K(523776K), 0.0016171 secs] [Times: user=0.00 sys=0.00, real=0.00 secs] 
2018-03-19T13:26:13.728+0530: 4508.831: [GC (Allocation Failure) [PSYoungGen: 173664K->96K(174080K)] 358444K->184900K(523776K), 0.0014884 secs] [Times: user=0.00 sys=0.00, real=0.00 secs] 
2018-03-19T13:26:14.012+0530: 4509.115: [GC (Allocation Failure) [PSYoungGen: 173664K->96K(174080K)] 358468K->184924K(523776K), 0.0015942 secs] [Times: user=0.00 sys=0.00, real=0.00 secs] 
2018-03-19T13:26:14.296+0530: 4509.398: [GC (Allocation Failure) [PSYoungGen: 173664K->96K(174080K)] 358492K->184948K(523776K), 0.0014898 secs] [Times: user=0.00 sys=0.00, real=0.00 secs] 
2018-03-19T13:26:14.603+0530: 4509.706: [GC (Allocation Failure) [PSYoungGen: 173664K->96K(174080K)] 358516K->184972K(523776K), 0.0016541 secs] [Times: user=0.00 sys=0.00, real=0.00 secs] 
2018-03-19T13:26:14.922+0530: 4510.025: [GC (Allocation Failure) [PSYoungGen: 173664K->96K(174080K)] 358540K->184996K(523776K), 0.0015977 secs] [Times: user=0.00 sys=0.00, real=0.00 secs] 
2018-03-19T13:26:15.204+0530: 4510.307: [GC (Allocation Failure) [PSYoungGen: 173664K->96K(174080K)] 358564K->185028K(523776K), 0.0014517 secs] [Times: user=0.00 sys=0.00, real=0.00 secs] 
2018-03-19T13:26:15.488+0530: 4510.591: [GC (Allocation Failure) [PSYoungGen: 173664K->96K(174080K)] 358596K->185052K(523776K), 0.0014017 secs] [Times: user=0.00 sys=0.00, real=0.00 secs] 
2018-03-19T13:26:15.768+0530: 4510.872: [GC (Allocation Failure) [PSYoungGen: 173664K->64K(174080K)] 358620K->185044K(523776K), 0.0017567 secs] [Times: user=0.00 sys=0.00, real=0.00 secs] 
2018-03-19T13:26:16.071+0530: 4511.174: [GC (Allocation Failure) [PSYoungGen: 173632K->96K(174080K)] 358612K->185100K(523776K), 0.0016164 secs] [Times: user=0.00 sys=0.02, real=0.00 secs] 
2018-03-19T13:26:16.353+0530: 4511.456: [GC (Allocation Failure) [PSYoungGen: 173664K->96K(174080K)] 358668K->185116K(523776K), 0.0015208 secs] [Times: user=0.00 sys=0.00, real=0.00 secs] 
2018-03-19T13:26:16.643+0530: 4511.746: [GC (Allocation Failure) [PSYoungGen: 173664K->96K(174080K)] 358684K->185140K(523776K), 0.0015402 secs] [Times: user=0.00 sys=0.00, real=0.00 secs] 
2018-03-19T13:26:16.940+0530: 4512.043: [GC (Allocation Failure) [PSYoungGen: 173664K->96K(174080K)] 358708K->185172K(523776K), 0.0016485 secs] [Times: user=0.00 sys=0.00, real=0.00 secs] 
2018-03-19T13:26:17.228+0530: 4512.331: [GC (Allocation Failure) [PSYoungGen: 173664K->96K(174080K)] 358740K->185188K(523776K), 0.0017264 secs] [Times: user=0.00 sys=0.00, real=0.00 secs] 
2018-03-19T13:26:17.517+0530: 4512.619: [GC (Allocation Failure) [PSYoungGen: 173664K->96K(174080K)] 358756K->185220K(523776K), 0.0014524 secs] [Times: user=0.00 sys=0.00, real=0.00 secs] 
2018-03-19T13:26:17.786+0530: 4512.888: [GC (Allocation Failure) [PSYoungGen: 173664K->64K(174080K)] 358788K->185212K(523776K), 0.0016033 secs] [Times: user=0.00 sys=0.00, real=0.00 secs] 
2018-03-19T13:26:18.074+0530: 4513.176: [GC (Allocation Failure) [PSYoungGen: 173632K->96K(174080K)] 358780K->185268K(523776K), 0.0016019 secs] [Times: user=0.00 sys=0.00, real=0.00 secs] 
2018-03-19T13:26:18.359+0530: 4513.461: [GC (Allocation Failure) [PSYoungGen: 173664K->96K(174080K)] 358836K->185292K(523776K), 0.0017042 secs] [Times: user=0.00 sys=0.00, real=0.00 secs] 
2018-03-19T13:26:18.646+0530: 4513.749: [GC (Allocation Failure) [PSYoungGen: 173664K->96K(174080K)] 358860K->185324K(523776K), 0.0015773 secs] [Times: user=0.00 sys=0.00, real=0.00 secs] 
2018-03-19T13:26:18.936+0530: 4514.040: [GC (Allocation Failure) [PSYoungGen: 173664K->96K(174080K)] 358892K->185356K(523776K), 0.0016030 secs] [Times: user=0.00 sys=0.00, real=0.00 secs] 
2018-03-19T13:26:19.221+0530: 4514.324: [GC (Allocation Failure) [PSYoungGen: 173664K->96K(174080K)] 358924K->185372K(523776K), 0.0015734 secs] [Times: user=0.00 sys=0.00, real=0.00 secs] 
2018-03-19T13:26:19.516+0530: 4514.619: [GC (Allocation Failure) [PSYoungGen: 173664K->96K(174080K)] 358940K->185388K(523776K), 0.0015624 secs] [Times: user=0.00 sys=0.00, real=0.00 secs] 
2018-03-19T13:26:19.799+0530: 4514.902: [GC (Allocation Failure) [PSYoungGen: 173664K->96K(174080K)] 358956K->185404K(523776K), 0.0016048 secs] [Times: user=0.00 sys=0.00, real=0.00 secs] 
2018-03-19T13:26:20.098+0530: 4515.201: [GC (Allocation Failure) [PSYoungGen: 173664K->64K(174080K)] 358972K->185404K(523776K), 0.0017828 secs] [Times: user=0.00 sys=0.00, real=0.00 secs] 
2018-03-19T13:26:20.375+0530: 4515.477: [GC (Allocation Failure) [PSYoungGen: 173632K->64K(174080K)] 358972K->185428K(523776K), 0.0017225 secs] [Times: user=0.00 sys=0.00, real=0.00 secs] 
2018-03-19T13:26:20.663+0530: 4515.766: [GC (Allocation Failure) [PSYoungGen: 173632K->96K(174080K)] 358996K->185484K(523776K), 0.0017070 secs] [Times: user=0.00 sys=0.00, real=0.00 secs] 
2018-03-19T13:26:20.947+0530: 4516.050: [GC (Allocation Failure) [PSYoungGen: 173664K->96K(174080K)] 359052K->185508K(523776K), 0.0014351 secs] [Times: user=0.00 sys=0.00, real=0.00 secs] 
2018-03-19T13:26:21.229+0530: 4516.332: [GC (Allocation Failure) [PSYoungGen: 173664K->64K(174080K)] 359076K->185500K(523776K), 0.0248573 secs] [Times: user=0.00 sys=0.00, real=0.02 secs] 
2018-03-19T13:26:21.555+0530: 4516.657: [GC (Allocation Failure) [PSYoungGen: 173632K->96K(174080K)] 359068K->185556K(523776K), 0.0017229 secs] [Times: user=0.00 sys=0.00, real=0.00 secs] 
2018-03-19T13:26:21.883+0530: 4516.986: [GC (Allocation Failure) [PSYoungGen: 173664K->96K(174080K)] 359124K->185572K(523776K), 0.0018385 secs] [Times: user=0.06 sys=0.00, real=0.00 secs] 
2018-03-19T13:26:22.202+0530: 4517.304: [GC (Allocation Failure) [PSYoungGen: 173664K->96K(174080K)] 359140K->185604K(523776K), 0.0017105 secs] [Times: user=0.00 sys=0.00, real=0.00 secs] 
2018-03-19T13:26:22.508+0530: 4517.611: [GC (Allocation Failure) [PSYoungGen: 173664K->96K(174080K)] 359172K->185628K(523776K), 0.0016309 secs] [Times: user=0.05 sys=0.01, real=0.00 secs] 
2018-03-19T13:26:22.808+0530: 4517.911: [GC (Allocation Failure) [PSYoungGen: 173664K->96K(174080K)] 359196K->185652K(523776K), 0.0016605 secs] [Times: user=0.00 sys=0.00, real=0.00 secs] 
2018-03-19T13:26:23.106+0530: 4518.208: [GC (Allocation Failure) [PSYoungGen: 173664K->96K(174080K)] 359220K->185684K(523776K), 0.0016880 secs] [Times: user=0.00 sys=0.00, real=0.00 secs] 
2018-03-19T13:26:23.406+0530: 4518.509: [GC (Allocation Failure) [PSYoungGen: 173664K->96K(174080K)] 359252K->185716K(523776K), 0.0018629 secs] [Times: user=0.00 sys=0.00, real=0.00 secs] 
2018-03-19T13:26:23.700+0530: 4518.803: [GC (Allocation Failure) [PSYoungGen: 173664K->96K(174080K)] 359284K->185740K(523776K), 0.0015141 secs] [Times: user=0.00 sys=0.00, real=0.00 secs] 
2018-03-19T13:26:24.005+0530: 4519.108: [GC (Allocation Failure) [PSYoungGen: 173664K->96K(174080K)] 359308K->185756K(523776K), 0.0014552 secs] [Times: user=0.00 sys=0.00, real=0.00 secs] 
2018-03-19T13:26:24.291+0530: 4519.394: [GC (Allocation Failure) [PSYoungGen: 173664K->96K(174080K)] 359324K->185788K(523776K), 0.0017056 secs] [Times: user=0.00 sys=0.00, real=0.00 secs] 
2018-03-19T13:26:24.600+0530: 4519.702: [GC (Allocation Failure) [PSYoungGen: 173664K->96K(174080K)] 359356K->185812K(523776K), 0.0017370 secs] [Times: user=0.00 sys=0.00, real=0.00 secs] 
2018-03-19T13:26:24.892+0530: 4519.995: [GC (Allocation Failure) [PSYoungGen: 173664K->96K(174080K)] 359380K->185828K(523776K), 0.0015381 secs] [Times: user=0.00 sys=0.00, real=0.00 secs] 
2018-03-19T13:26:25.188+0530: 4520.291: [GC (Allocation Failure) [PSYoungGen: 173664K->64K(174080K)] 359396K->185820K(523776K), 0.0015420 secs] [Times: user=0.00 sys=0.00, real=0.00 secs] 
2018-03-19T13:26:25.482+0530: 4520.584: [GC (Allocation Failure) [PSYoungGen: 173632K->96K(174080K)] 359388K->185876K(523776K), 0.0017134 secs] [Times: user=0.00 sys=0.00, real=0.00 secs] 
2018-03-19T13:26:25.775+0530: 4520.877: [GC (Allocation Failure) [PSYoungGen: 173664K->96K(174080K)] 359444K->185900K(523776K), 0.0014940 secs] [Times: user=0.00 sys=0.00, real=0.00 secs] 
2018-03-19T13:26:26.064+0530: 4521.168: [GC (Allocation Failure) [PSYoungGen: 173664K->96K(174080K)] 359468K->185924K(523776K), 0.0015494 secs] [Times: user=0.00 sys=0.00, real=0.00 secs] 
2018-03-19T13:26:26.356+0530: 4521.459: [GC (Allocation Failure) [PSYoungGen: 173664K->96K(174080K)] 359492K->185948K(523776K), 0.0015230 secs] [Times: user=0.00 sys=0.00, real=0.00 secs] 
2018-03-19T13:26:26.653+0530: 4521.756: [GC (Allocation Failure) [PSYoungGen: 173664K->96K(174080K)] 359516K->185972K(523776K), 0.0015621 secs] [Times: user=0.00 sys=0.00, real=0.00 secs] 
2018-03-19T13:26:26.943+0530: 4522.046: [GC (Allocation Failure) [PSYoungGen: 173664K->96K(174080K)] 359540K->186004K(523776K), 0.0015353 secs] [Times: user=0.00 sys=0.00, real=0.00 secs] 
2018-03-19T13:26:27.235+0530: 4522.339: [GC (Allocation Failure) [PSYoungGen: 173664K->96K(174080K)] 359572K->186028K(523776K), 0.0014796 secs] [Times: user=0.00 sys=0.00, real=0.00 secs] 
2018-03-19T13:26:27.520+0530: 4522.623: [GC (Allocation Failure) [PSYoungGen: 173664K->96K(174080K)] 359596K->186044K(523776K), 0.0015698 secs] [Times: user=0.00 sys=0.00, real=0.00 secs] 
2018-03-19T13:26:27.806+0530: 4522.909: [GC (Allocation Failure) [PSYoungGen: 173664K->64K(174080K)] 359612K->186028K(523776K), 0.0018311 secs] [Times: user=0.00 sys=0.02, real=0.00 secs] 
2018-03-19T13:26:28.100+0530: 4523.203: [GC (Allocation Failure) [PSYoungGen: 173632K->96K(174080K)] 359596K->186084K(523776K), 0.0014552 secs] [Times: user=0.00 sys=0.00, real=0.00 secs] 
2018-03-19T13:26:28.389+0530: 4523.492: [GC (Allocation Failure) [PSYoungGen: 173664K->64K(174080K)] 359652K->186068K(523776K), 0.0019919 secs] [Times: user=0.00 sys=0.00, real=0.00 secs] 
2018-03-19T13:26:28.665+0530: 4523.768: [GC (Allocation Failure) [PSYoungGen: 173632K->96K(174080K)] 359636K->186124K(523776K), 0.0015226 secs] [Times: user=0.00 sys=0.00, real=0.00 secs] 
2018-03-19T13:26:28.946+0530: 4524.049: [GC (Allocation Failure) [PSYoungGen: 173664K->128K(174080K)] 359692K->186172K(523776K), 0.0017624 secs] [Times: user=0.00 sys=0.00, real=0.00 secs] 
2018-03-19T13:26:29.230+0530: 4524.333: [GC (Allocation Failure) [PSYoungGen: 173696K->64K(174080K)] 359740K->186132K(523776K), 0.0017261 secs] [Times: user=0.00 sys=0.00, real=0.00 secs] 
2018-03-19T13:26:29.508+0530: 4524.611: [GC (Allocation Failure) [PSYoungGen: 173632K->96K(174080K)] 359700K->186180K(523776K), 0.0016548 secs] [Times: user=0.05 sys=0.02, real=0.00 secs] 
2018-03-19T13:26:29.792+0530: 4524.895: [GC (Allocation Failure) [PSYoungGen: 173664K->96K(174080K)] 359748K->186204K(523776K), 0.0014612 secs] [Times: user=0.00 sys=0.00, real=0.00 secs] 
2018-03-19T13:26:30.069+0530: 4525.172: [GC (Allocation Failure) [PSYoungGen: 173664K->96K(174080K)] 359772K->186236K(523776K), 0.0014048 secs] [Times: user=0.00 sys=0.00, real=0.00 secs] 
2018-03-19T13:26:30.352+0530: 4525.455: [GC (Allocation Failure) [PSYoungGen: 173664K->96K(174080K)] 359804K->186268K(523776K), 0.0014426 secs] [Times: user=0.00 sys=0.00, real=0.00 secs] 
2018-03-19T13:26:30.663+0530: 4525.765: [GC (Allocation Failure) [PSYoungGen: 173664K->96K(174080K)] 359836K->186292K(523776K), 0.0016464 secs] [Times: user=0.00 sys=0.00, real=0.00 secs] 
2018-03-19T13:26:30.944+0530: 4526.046: [GC (Allocation Failure) [PSYoungGen: 173664K->96K(174080K)] 359860K->186324K(523776K), 0.0016153 secs] [Times: user=0.00 sys=0.00, real=0.00 secs] 
2018-03-19T13:26:31.222+0530: 4526.325: [GC (Allocation Failure) [PSYoungGen: 173664K->96K(174080K)] 359892K->186340K(523776K), 0.0015572 secs] [Times: user=0.00 sys=0.00, real=0.00 secs] 
2018-03-19T13:26:31.509+0530: 4526.612: [GC (Allocation Failure) [PSYoungGen: 173664K->96K(174080K)] 359908K->186364K(523776K), 0.0015036 secs] [Times: user=0.00 sys=0.00, real=0.00 secs] 
2018-03-19T13:26:31.794+0530: 4526.897: [GC (Allocation Failure) [PSYoungGen: 173664K->64K(174080K)] 359932K->186356K(523776K), 0.0015921 secs] [Times: user=0.00 sys=0.00, real=0.00 secs] 
2018-03-19T13:26:32.099+0530: 4527.202: [GC (Allocation Failure) [PSYoungGen: 173632K->96K(174080K)] 359924K->186404K(523776K), 0.0015088 secs] [Times: user=0.00 sys=0.00, real=0.00 secs] 
2018-03-19T13:26:32.377+0530: 4527.480: [GC (Allocation Failure) [PSYoungGen: 173664K->96K(174080K)] 359972K->186436K(523776K), 0.0014542 secs] [Times: user=0.00 sys=0.00, real=0.00 secs] 
2018-03-19T13:26:32.667+0530: 4527.770: [GC (Allocation Failure) [PSYoungGen: 173664K->96K(174080K)] 360004K->186460K(523776K), 0.0014746 secs] [Times: user=0.00 sys=0.00, real=0.00 secs] 
2018-03-19T13:26:32.945+0530: 4528.047: [GC (Allocation Failure) [PSYoungGen: 173664K->96K(174080K)] 360028K->186484K(523776K), 0.0015057 secs] [Times: user=0.00 sys=0.00, real=0.00 secs] 
2018-03-19T13:26:33.226+0530: 4528.328: [GC (Allocation Failure) [PSYoungGen: 173664K->64K(174080K)] 360052K->186476K(523776K), 0.0017102 secs] [Times: user=0.00 sys=0.00, real=0.00 secs] 
2018-03-19T13:26:33.513+0530: 4528.616: [GC (Allocation Failure) [PSYoungGen: 173632K->96K(174080K)] 360044K->186532K(523776K), 0.0016696 secs] [Times: user=0.00 sys=0.00, real=0.00 secs] 
2018-03-19T13:26:33.792+0530: 4528.895: [GC (Allocation Failure) [PSYoungGen: 173664K->96K(174080K)] 360100K->186564K(523776K), 0.0016153 secs] [Times: user=0.00 sys=0.00, real=0.00 secs] 
2018-03-19T13:26:34.070+0530: 4529.173: [GC (Allocation Failure) [PSYoungGen: 173664K->64K(174080K)] 360132K->186556K(523776K), 0.0015868 secs] [Times: user=0.00 sys=0.00, real=0.00 secs] 
2018-03-19T13:26:34.355+0530: 4529.458: [GC (Allocation Failure) [PSYoungGen: 173632K->96K(174080K)] 360124K->186612K(523776K), 0.0016446 secs] [Times: user=0.00 sys=0.00, real=0.00 secs] 
2018-03-19T13:26:34.657+0530: 4529.760: [GC (Allocation Failure) [PSYoungGen: 173664K->96K(174080K)] 360180K->186636K(523776K), 0.0014658 secs] [Times: user=0.00 sys=0.00, real=0.00 secs] 
2018-03-19T13:26:34.990+0530: 4530.093: [GC (Allocation Failure) [PSYoungGen: 173664K->96K(174080K)] 360204K->186660K(523776K), 0.0015099 secs] [Times: user=0.00 sys=0.00, real=0.00 secs] 
2018-03-19T13:26:35.269+0530: 4530.372: [GC (Allocation Failure) [PSYoungGen: 173664K->96K(174080K)] 360228K->186676K(523776K), 0.0014870 secs] [Times: user=0.00 sys=0.00, real=0.00 secs] 
2018-03-19T13:26:35.562+0530: 4530.664: [GC (Allocation Failure) [PSYoungGen: 173664K->96K(174080K)] 360244K->186700K(523776K), 0.0014619 secs] [Times: user=0.00 sys=0.00, real=0.00 secs] 
2018-03-19T13:26:35.854+0530: 4530.956: [GC (Allocation Failure) [PSYoungGen: 173664K->64K(174080K)] 360268K->186692K(523776K), 0.0017081 secs] [Times: user=0.00 sys=0.00, real=0.00 secs] 
2018-03-19T13:26:36.137+0530: 4531.240: [GC (Allocation Failure) [PSYoungGen: 173632K->64K(174080K)] 360260K->186716K(523776K), 0.0015159 secs] [Times: user=0.00 sys=0.00, real=0.00 secs] 
2018-03-19T13:26:36.436+0530: 4531.539: [GC (Allocation Failure) [PSYoungGen: 173632K->96K(174080K)] 360284K->186772K(523776K), 0.0015163 secs] [Times: user=0.00 sys=0.00, real=0.00 secs] 
2018-03-19T13:26:36.712+0530: 4531.815: [GC (Allocation Failure) [PSYoungGen: 173664K->96K(174080K)] 360340K->186796K(523776K), 0.0016234 secs] [Times: user=0.00 sys=0.00, real=0.00 secs] 
2018-03-19T13:26:36.990+0530: 4532.092: [GC (Allocation Failure) [PSYoungGen: 173664K->96K(174080K)] 360364K->186820K(523776K), 0.0016502 secs] [Times: user=0.00 sys=0.00, real=0.00 secs] 
2018-03-19T13:26:37.278+0530: 4532.380: [GC (Allocation Failure) [PSYoungGen: 173664K->64K(174080K)] 360388K->186812K(523776K), 0.0016756 secs] [Times: user=0.00 sys=0.00, real=0.00 secs] 
2018-03-19T13:26:37.565+0530: 4532.668: [GC (Allocation Failure) [PSYoungGen: 173632K->96K(174080K)] 360380K->186868K(523776K), 0.0015138 secs] [Times: user=0.00 sys=0.00, real=0.00 secs] 
2018-03-19T13:26:37.847+0530: 4532.950: [GC (Allocation Failure) [PSYoungGen: 173664K->64K(174080K)] 360436K->186860K(523776K), 0.0015769 secs] [Times: user=0.00 sys=0.00, real=0.00 secs] 
2018-03-19T13:26:38.132+0530: 4533.236: [GC (Allocation Failure) [PSYoungGen: 173632K->64K(174080K)] 360428K->186884K(523776K), 0.0016086 secs] [Times: user=0.00 sys=0.00, real=0.00 secs] 
2018-03-19T13:26:38.417+0530: 4533.520: [GC (Allocation Failure) [PSYoungGen: 173632K->96K(174080K)] 360452K->186940K(523776K), 0.0015459 secs] [Times: user=0.00 sys=0.00, real=0.00 secs] 
2018-03-19T13:26:38.694+0530: 4533.797: [GC (Allocation Failure) [PSYoungGen: 173664K->96K(174080K)] 360508K->186964K(523776K), 0.0013925 secs] [Times: user=0.00 sys=0.00, real=0.00 secs] 
2018-03-19T13:26:38.975+0530: 4534.078: [GC (Allocation Failure) [PSYoungGen: 173664K->64K(174080K)] 360532K->186956K(523776K), 0.0015512 secs] [Times: user=0.00 sys=0.00, real=0.00 secs] 
2018-03-19T13:26:39.270+0530: 4534.373: [GC (Allocation Failure) [PSYoungGen: 173632K->96K(174080K)] 360524K->187004K(523776K), 0.0025441 secs] [Times: user=0.00 sys=0.00, real=0.00 secs] 
2018-03-19T13:26:39.559+0530: 4534.662: [GC (Allocation Failure) [PSYoungGen: 173664K->96K(174080K)] 360572K->187020K(523776K), 0.0014411 secs] [Times: user=0.00 sys=0.00, real=0.00 secs] 
2018-03-19T13:26:39.838+0530: 4534.941: [GC (Allocation Failure) [PSYoungGen: 173664K->96K(174080K)] 360588K->187044K(523776K), 0.0019154 secs] [Times: user=0.00 sys=0.00, real=0.00 secs] 
2018-03-19T13:26:40.124+0530: 4535.227: [GC (Allocation Failure) [PSYoungGen: 173664K->96K(174080K)] 360612K->187068K(523776K), 0.0015691 secs] [Times: user=0.00 sys=0.00, real=0.00 secs] 
2018-03-19T13:26:40.415+0530: 4535.518: [GC (Allocation Failure) [PSYoungGen: 173664K->96K(174080K)] 360636K->187092K(523776K), 0.0015610 secs] [Times: user=0.00 sys=0.00, real=0.00 secs] 
2018-03-19T13:26:40.698+0530: 4535.800: [GC (Allocation Failure) [PSYoungGen: 173664K->96K(174080K)] 360660K->187116K(523776K), 0.0015515 secs] [Times: user=0.00 sys=0.00, real=0.00 secs] 
2018-03-19T13:26:40.982+0530: 4536.085: [GC (Allocation Failure) [PSYoungGen: 173664K->96K(174080K)] 360684K->187132K(523776K), 0.0016337 secs] [Times: user=0.00 sys=0.00, real=0.00 secs] 
2018-03-19T13:26:41.279+0530: 4536.382: [GC (Allocation Failure) [PSYoungGen: 173664K->64K(174080K)] 360700K->187124K(523776K), 0.0015529 secs] [Times: user=0.00 sys=0.00, real=0.00 secs] 
2018-03-19T13:26:41.573+0530: 4536.676: [GC (Allocation Failure) [PSYoungGen: 173632K->128K(174080K)] 360692K->187212K(523776K), 0.0015737 secs] [Times: user=0.00 sys=0.00, real=0.00 secs] 
2018-03-19T13:26:41.860+0530: 4536.962: [GC (Allocation Failure) [PSYoungGen: 173696K->64K(174080K)] 360780K->187172K(523776K), 0.0015064 secs] [Times: user=0.00 sys=0.00, real=0.00 secs] 
2018-03-19T13:26:42.152+0530: 4537.254: [GC (Allocation Failure) [PSYoungGen: 173632K->96K(174080K)] 360740K->187220K(523776K), 0.0014930 secs] [Times: user=0.00 sys=0.00, real=0.00 secs] 
2018-03-19T13:26:42.445+0530: 4537.548: [GC (Allocation Failure) [PSYoungGen: 173664K->96K(174080K)] 360788K->187236K(523776K), 0.0015117 secs] [Times: user=0.00 sys=0.00, real=0.00 secs] 
2018-03-19T13:26:42.728+0530: 4537.831: [GC (Allocation Failure) [PSYoungGen: 173664K->96K(174080K)] 360804K->187260K(523776K), 0.0014214 secs] [Times: user=0.00 sys=0.00, real=0.00 secs] 
2018-03-19T13:26:43.010+0530: 4538.113: [GC (Allocation Failure) [PSYoungGen: 173664K->128K(174080K)] 360828K->187316K(523776K), 0.0015395 secs] [Times: user=0.00 sys=0.00, real=0.00 secs] 
2018-03-19T13:26:43.279+0530: 4538.381: [GC (Allocation Failure) [PSYoungGen: 173696K->64K(174080K)] 360884K->187276K(523776K), 0.0015755 secs] [Times: user=0.00 sys=0.00, real=0.00 secs] 
2018-03-19T13:26:43.577+0530: 4538.680: [GC (Allocation Failure) [PSYoungGen: 173632K->96K(174080K)] 360844K->187332K(523776K), 0.0016079 secs] [Times: user=0.00 sys=0.00, real=0.00 secs] 
2018-03-19T13:26:43.868+0530: 4538.971: [GC (Allocation Failure) [PSYoungGen: 173664K->96K(174080K)] 360900K->187356K(523776K), 0.0017292 secs] [Times: user=0.00 sys=0.00, real=0.00 secs] 
2018-03-19T13:26:44.149+0530: 4539.251: [GC (Allocation Failure) [PSYoungGen: 173664K->96K(174080K)] 360924K->187380K(523776K), 0.0014232 secs] [Times: user=0.06 sys=0.00, real=0.00 secs] 
2018-03-19T13:26:44.440+0530: 4539.543: [GC (Allocation Failure) [PSYoungGen: 173664K->96K(174080K)] 360948K->187404K(523776K), 0.0016725 secs] [Times: user=0.00 sys=0.00, real=0.00 secs] 
2018-03-19T13:26:44.732+0530: 4539.835: [GC (Allocation Failure) [PSYoungGen: 173664K->96K(174080K)] 360972K->187428K(523776K), 0.0016224 secs] [Times: user=0.00 sys=0.00, real=0.00 secs] 
2018-03-19T13:26:45.001+0530: 4540.104: [GC (Allocation Failure) [PSYoungGen: 173664K->96K(174080K)] 360996K->187452K(523776K), 0.0013731 secs] [Times: user=0.00 sys=0.00, real=0.00 secs] 
2018-03-19T13:26:45.275+0530: 4540.378: [GC (Allocation Failure) [PSYoungGen: 173664K->128K(174080K)] 361020K->187500K(523776K), 0.0015991 secs] [Times: user=0.00 sys=0.00, real=0.00 secs] 
2018-03-19T13:26:45.582+0530: 4540.685: [GC (Allocation Failure) [PSYoungGen: 173696K->64K(174080K)] 361068K->187460K(523776K), 0.0014570 secs] [Times: user=0.00 sys=0.00, real=0.00 secs] 
2018-03-19T13:26:45.862+0530: 4540.965: [GC (Allocation Failure) [PSYoungGen: 173632K->96K(174080K)] 361028K->187508K(523776K), 0.0015046 secs] [Times: user=0.00 sys=0.00, real=0.00 secs] 
2018-03-19T13:26:46.140+0530: 4541.242: [GC (Allocation Failure) [PSYoungGen: 173664K->64K(174080K)] 361076K->187500K(523776K), 0.0015134 secs] [Times: user=0.00 sys=0.00, real=0.00 secs] 
2018-03-19T13:26:46.425+0530: 4541.527: [GC (Allocation Failure) [PSYoungGen: 173632K->96K(174080K)] 361068K->187548K(523776K), 0.0015448 secs] [Times: user=0.00 sys=0.00, real=0.00 secs] 
2018-03-19T13:26:46.705+0530: 4541.808: [GC (Allocation Failure) [PSYoungGen: 173664K->96K(174080K)] 361116K->187564K(523776K), 0.0014069 secs] [Times: user=0.00 sys=0.00, real=0.00 secs] 
2018-03-19T13:26:46.982+0530: 4542.085: [GC (Allocation Failure) [PSYoungGen: 173664K->96K(174080K)] 361132K->187580K(523776K), 0.0016954 secs] [Times: user=0.00 sys=0.00, real=0.00 secs] 
2018-03-19T13:26:47.274+0530: 4542.377: [GC (Allocation Failure) [PSYoungGen: 173664K->96K(174080K)] 361148K->187604K(523776K), 0.0015088 secs] [Times: user=0.00 sys=0.00, real=0.00 secs] 
2018-03-19T13:26:47.567+0530: 4542.670: [GC (Allocation Failure) [PSYoungGen: 173664K->96K(174080K)] 361172K->187628K(523776K), 0.0016044 secs] [Times: user=0.00 sys=0.00, real=0.00 secs] 
2018-03-19T13:26:47.857+0530: 4542.959: [GC (Allocation Failure) [PSYoungGen: 173664K->96K(174080K)] 361196K->187660K(523776K), 0.0018068 secs] [Times: user=0.00 sys=0.00, real=0.00 secs] 
2018-03-19T13:26:48.142+0530: 4543.244: [GC (Allocation Failure) [PSYoungGen: 173664K->96K(174080K)] 361228K->187684K(523776K), 0.0014743 secs] [Times: user=0.00 sys=0.00, real=0.00 secs] 
2018-03-19T13:26:48.433+0530: 4543.536: [GC (Allocation Failure) [PSYoungGen: 173664K->96K(174080K)] 361252K->187700K(523776K), 0.0016450 secs] [Times: user=0.00 sys=0.00, real=0.00 secs] 
2018-03-19T13:26:48.713+0530: 4543.816: [GC (Allocation Failure) [PSYoungGen: 173664K->96K(174080K)] 361268K->187724K(523776K), 0.0016488 secs] [Times: user=0.00 sys=0.00, real=0.00 secs] 
2018-03-19T13:26:48.995+0530: 4544.097: [GC (Allocation Failure) [PSYoungGen: 173664K->96K(174080K)] 361292K->187756K(523776K), 0.0016668 secs] [Times: user=0.00 sys=0.00, real=0.00 secs] 
2018-03-19T13:26:49.287+0530: 4544.390: [GC (Allocation Failure) [PSYoungGen: 173664K->96K(174080K)] 361324K->187780K(523776K), 0.0016330 secs] [Times: user=0.00 sys=0.00, real=0.00 secs] 
2018-03-19T13:26:49.585+0530: 4544.688: [GC (Allocation Failure) [PSYoungGen: 173664K->96K(174080K)] 361348K->187796K(523776K), 0.0016076 secs] [Times: user=0.00 sys=0.00, real=0.00 secs] 
2018-03-19T13:26:49.865+0530: 4544.967: [GC (Allocation Failure) [PSYoungGen: 173664K->96K(174080K)] 361364K->187820K(523776K), 0.0016048 secs] [Times: user=0.00 sys=0.00, real=0.00 secs] 
2018-03-19T13:26:50.144+0530: 4545.247: [GC (Allocation Failure) [PSYoungGen: 173664K->64K(174080K)] 361388K->187812K(523776K), 0.0016033 secs] [Times: user=0.00 sys=0.00, real=0.00 secs] 
2018-03-19T13:26:50.432+0530: 4545.535: [GC (Allocation Failure) [PSYoungGen: 173632K->96K(174080K)] 361380K->187876K(523776K), 0.0015554 secs] [Times: user=0.00 sys=0.00, real=0.00 secs] 
2018-03-19T13:26:50.734+0530: 4545.836: [GC (Allocation Failure) [PSYoungGen: 173664K->96K(174080K)] 361444K->187900K(523776K), 0.0016249 secs] [Times: user=0.00 sys=0.00, real=0.00 secs] 
2018-03-19T13:26:51.013+0530: 4546.115: [GC (Allocation Failure) [PSYoungGen: 173664K->96K(174080K)] 361468K->187916K(523776K), 0.0014919 secs] [Times: user=0.00 sys=0.00, real=0.00 secs] 
2018-03-19T13:26:51.297+0530: 4546.400: [GC (Allocation Failure) [PSYoungGen: 173664K->96K(174080K)] 361484K->187932K(523776K), 0.0015240 secs] [Times: user=0.00 sys=0.00, real=0.00 secs] 
2018-03-19T13:26:51.580+0530: 4546.684: [GC (Allocation Failure) [PSYoungGen: 173664K->96K(174080K)] 361500K->187956K(523776K), 0.0015801 secs] [Times: user=0.00 sys=0.00, real=0.00 secs] 
2018-03-19T13:26:51.874+0530: 4546.977: [GC (Allocation Failure) [PSYoungGen: 173664K->128K(174080K)] 361524K->188012K(523776K), 0.0016806 secs] [Times: user=0.00 sys=0.00, real=0.00 secs] 
2018-03-19T13:26:52.163+0530: 4547.266: [GC (Allocation Failure) [PSYoungGen: 173696K->64K(174080K)] 361580K->187972K(523776K), 0.0014380 secs] [Times: user=0.00 sys=0.00, real=0.00 secs] 
2018-03-19T13:26:52.451+0530: 4547.554: [GC (Allocation Failure) [PSYoungGen: 173632K->96K(174080K)] 361540K->188036K(523776K), 0.0023777 secs] [Times: user=0.00 sys=0.00, real=0.00 secs] 
2018-03-19T13:26:52.739+0530: 4547.842: [GC (Allocation Failure) [PSYoungGen: 173664K->96K(174080K)] 361604K->188060K(523776K), 0.0015226 secs] [Times: user=0.00 sys=0.00, real=0.00 secs] 
2018-03-19T13:26:53.013+0530: 4548.115: [GC (Allocation Failure) [PSYoungGen: 173664K->96K(174080K)] 361628K->188076K(523776K), 0.0014736 secs] [Times: user=0.00 sys=0.00, real=0.00 secs] 
2018-03-19T13:26:53.292+0530: 4548.395: [GC (Allocation Failure) [PSYoungGen: 173664K->96K(174080K)] 361644K->188108K(523776K), 0.0014528 secs] [Times: user=0.00 sys=0.00, real=0.00 secs] 
2018-03-19T13:26:53.585+0530: 4548.688: [GC (Allocation Failure) [PSYoungGen: 173664K->96K(174080K)] 361676K->188132K(523776K), 0.0016813 secs] [Times: user=0.00 sys=0.00, real=0.00 secs] 
2018-03-19T13:26:53.864+0530: 4548.967: [GC (Allocation Failure) [PSYoungGen: 173664K->96K(174080K)] 361700K->188148K(523776K), 0.0016175 secs] [Times: user=0.00 sys=0.00, real=0.00 secs] 
2018-03-19T13:26:54.143+0530: 4549.246: [GC (Allocation Failure) [PSYoungGen: 173664K->64K(174080K)] 361716K->188140K(523776K), 0.0015695 secs] [Times: user=0.00 sys=0.00, real=0.00 secs] 
2018-03-19T13:26:54.460+0530: 4549.563: [GC (Allocation Failure) [PSYoungGen: 173632K->96K(174080K)] 361708K->188204K(523776K), 0.0015078 secs] [Times: user=0.00 sys=0.00, real=0.00 secs] 
2018-03-19T13:26:54.769+0530: 4549.872: [GC (Allocation Failure) [PSYoungGen: 173664K->96K(174080K)] 361772K->188228K(523776K), 0.0014736 secs] [Times: user=0.00 sys=0.00, real=0.00 secs] 
2018-03-19T13:26:55.073+0530: 4550.175: [GC (Allocation Failure) [PSYoungGen: 173664K->96K(174080K)] 361796K->188252K(523776K), 0.0015106 secs] [Times: user=0.00 sys=0.00, real=0.00 secs] 
2018-03-19T13:26:55.357+0530: 4550.460: [GC (Allocation Failure) [PSYoungGen: 173664K->32K(174080K)] 361820K->188212K(523776K), 0.0018096 secs] [Times: user=0.00 sys=0.00, real=0.00 secs] 
2018-03-19T13:26:55.661+0530: 4550.764: [GC (Allocation Failure) [PSYoungGen: 173600K->32K(174080K)] 361780K->188228K(523776K), 0.0019986 secs] [Times: user=0.00 sys=0.00, real=0.00 secs] 
2018-03-19T13:26:55.987+0530: 4551.090: [GC (Allocation Failure) [PSYoungGen: 173600K->64K(174080K)] 361796K->188284K(523776K), 0.0016309 secs] [Times: user=0.00 sys=0.00, real=0.00 secs] 
2018-03-19T13:26:56.280+0530: 4551.383: [GC (Allocation Failure) [PSYoungGen: 173632K->64K(174080K)] 361852K->188308K(523776K), 0.0015691 secs] [Times: user=0.00 sys=0.00, real=0.00 secs] 
2018-03-19T13:26:56.573+0530: 4551.676: [GC (Allocation Failure) [PSYoungGen: 173632K->96K(174080K)] 361876K->188372K(523776K), 0.0016510 secs] [Times: user=0.00 sys=0.00, real=0.00 secs] 
2018-03-19T13:26:56.866+0530: 4551.969: [GC (Allocation Failure) [PSYoungGen: 173664K->96K(174080K)] 361940K->188396K(523776K), 0.0016555 secs] [Times: user=0.02 sys=0.00, real=0.00 secs] 
2018-03-19T13:26:57.172+0530: 4552.275: [GC (Allocation Failure) [PSYoungGen: 173664K->64K(174080K)] 361964K->188380K(523776K), 0.0025773 secs] [Times: user=0.00 sys=0.00, real=0.00 secs] 
2018-03-19T13:26:57.480+0530: 4552.582: [GC (Allocation Failure) [PSYoungGen: 173632K->96K(174080K)] 361948K->188436K(523776K), 0.0017165 secs] [Times: user=0.00 sys=0.00, real=0.00 secs] 
2018-03-19T13:26:57.781+0530: 4552.883: [GC (Allocation Failure) [PSYoungGen: 173664K->96K(174080K)] 362004K->188460K(523776K), 0.0015614 secs] [Times: user=0.00 sys=0.00, real=0.00 secs] 
2018-03-19T13:26:58.079+0530: 4553.182: [GC (Allocation Failure) [PSYoungGen: 173664K->96K(174080K)] 362028K->188476K(523776K), 0.0015275 secs] [Times: user=0.00 sys=0.00, real=0.00 secs] 
2018-03-19T13:26:58.461+0530: 4553.564: [GC (Allocation Failure) [PSYoungGen: 173664K->96K(174080K)] 362044K->188492K(523776K), 0.0016118 secs] [Times: user=0.02 sys=0.00, real=0.00 secs] 
2018-03-19T13:26:58.833+0530: 4553.936: [GC (Allocation Failure) [PSYoungGen: 173664K->96K(174080K)] 362060K->188516K(523776K), 0.0016309 secs] [Times: user=0.00 sys=0.00, real=0.00 secs] 
2018-03-19T13:26:59.198+0530: 4554.300: [GC (Allocation Failure) [PSYoungGen: 173664K->96K(174080K)] 362084K->188540K(523776K), 0.0016562 secs] [Times: user=0.00 sys=0.00, real=0.00 secs] 
2018-03-19T13:26:59.563+0530: 4554.665: [GC (Allocation Failure) [PSYoungGen: 173664K->96K(174080K)] 362108K->188564K(523776K), 0.0016249 secs] [Times: user=0.00 sys=0.00, real=0.00 secs] 
2018-03-19T13:26:59.945+0530: 4555.047: [GC (Allocation Failure) [PSYoungGen: 173664K->96K(174080K)] 362132K->188588K(523776K), 0.0016344 secs] [Times: user=0.00 sys=0.00, real=0.00 secs] 
2018-03-19T13:27:00.319+0530: 4555.422: [GC (Allocation Failure) [PSYoungGen: 173664K->96K(174080K)] 362156K->188604K(523776K), 0.0017074 secs] [Times: user=0.00 sys=0.00, real=0.00 secs] 
2018-03-19T13:27:00.692+0530: 4555.795: [GC (Allocation Failure) [PSYoungGen: 173664K->96K(174080K)] 362172K->188636K(523776K), 0.0016996 secs] [Times: user=0.00 sys=0.00, real=0.00 secs] 
2018-03-19T13:27:01.041+0530: 4556.144: [GC (Allocation Failure) [PSYoungGen: 173664K->96K(174080K)] 362204K->188652K(523776K), 0.0022264 secs] [Times: user=0.00 sys=0.00, real=0.00 secs] 
2018-03-19T13:27:01.421+0530: 4556.524: [GC (Allocation Failure) [PSYoungGen: 173664K->64K(174080K)] 362220K->188644K(523776K), 0.0017825 secs] [Times: user=0.00 sys=0.00, real=0.00 secs] 
2018-03-19T13:27:01.793+0530: 4556.895: [GC (Allocation Failure) [PSYoungGen: 173632K->96K(174080K)] 362212K->188700K(523776K), 0.0022486 secs] [Times: user=0.00 sys=0.00, real=0.00 secs] 
2018-03-19T13:27:02.183+0530: 4557.285: [GC (Allocation Failure) [PSYoungGen: 173664K->96K(174080K)] 362268K->188724K(523776K), 0.0016703 secs] [Times: user=0.00 sys=0.00, real=0.00 secs] 
2018-03-19T13:27:02.550+0530: 4557.652: [GC (Allocation Failure) [PSYoungGen: 173664K->96K(174080K)] 362292K->188748K(523776K), 0.0017229 secs] [Times: user=0.00 sys=0.00, real=0.00 secs] 
2018-03-19T13:27:02.896+0530: 4558.000: [GC (Allocation Failure) [PSYoungGen: 173664K->64K(174080K)] 362316K->188740K(523776K), 0.0022867 secs] [Times: user=0.02 sys=0.00, real=0.00 secs] 
2018-03-19T13:27:03.248+0530: 4558.351: [GC (Allocation Failure) [PSYoungGen: 173632K->96K(174080K)] 362308K->188796K(523776K), 0.0023043 secs] [Times: user=0.00 sys=0.00, real=0.00 secs] 
2018-03-19T13:27:03.627+0530: 4558.730: [GC (Allocation Failure) [PSYoungGen: 173664K->96K(174080K)] 362364K->188828K(523776K), 0.0016234 secs] [Times: user=0.00 sys=0.00, real=0.00 secs] 
2018-03-19T13:27:04.004+0530: 4559.107: [GC (Allocation Failure) [PSYoungGen: 173664K->96K(174080K)] 362396K->188852K(523776K), 0.0017211 secs] [Times: user=0.00 sys=0.00, real=0.00 secs] 
2018-03-19T13:27:04.366+0530: 4559.469: [GC (Allocation Failure) [PSYoungGen: 173664K->96K(174080K)] 362420K->188876K(523776K), 0.0017254 secs] [Times: user=0.02 sys=0.00, real=0.00 secs] 
2018-03-19T13:27:04.749+0530: 4559.852: [GC (Allocation Failure) [PSYoungGen: 173664K->96K(174080K)] 362444K->188900K(523776K), 0.0017137 secs] [Times: user=0.00 sys=0.00, real=0.00 secs] 
2018-03-19T13:27:05.159+0530: 4560.262: [GC (Allocation Failure) [PSYoungGen: 173664K->96K(174080K)] 362468K->188924K(523776K), 0.0016224 secs] [Times: user=0.00 sys=0.00, real=0.00 secs] 
2018-03-19T13:27:05.545+0530: 4560.647: [GC (Allocation Failure) [PSYoungGen: 173664K->32K(174080K)] 362492K->188876K(523776K), 0.0019701 secs] [Times: user=0.00 sys=0.00, real=0.00 secs] 
2018-03-19T13:27:05.894+0530: 4560.997: [GC (Allocation Failure) [PSYoungGen: 173600K->96K(174080K)] 362444K->188956K(523776K), 0.0016340 secs] [Times: user=0.00 sys=0.00, real=0.00 secs] 
2018-03-19T13:27:06.243+0530: 4561.346: [GC (Allocation Failure) [PSYoungGen: 173664K->96K(174080K)] 362524K->188980K(523776K), 0.0016545 secs] [Times: user=0.00 sys=0.00, real=0.00 secs] 
2018-03-19T13:27:06.598+0530: 4561.701: [GC (Allocation Failure) [PSYoungGen: 173664K->96K(174080K)] 362548K->189012K(523776K), 0.0023061 secs] [Times: user=0.00 sys=0.00, real=0.00 secs] 
2018-03-19T13:27:06.956+0530: 4562.060: [GC (Allocation Failure) [PSYoungGen: 173664K->96K(174080K)] 362580K->189044K(523776K), 0.0022381 secs] [Times: user=0.00 sys=0.00, real=0.00 secs] 
2018-03-19T13:27:07.310+0530: 4562.413: [GC (Allocation Failure) [PSYoungGen: 173664K->96K(174080K)] 362612K->189068K(523776K), 0.0015959 secs] [Times: user=0.00 sys=0.00, real=0.00 secs] 
2018-03-19T13:27:07.671+0530: 4562.774: [GC (Allocation Failure) [PSYoungGen: 173664K->96K(174080K)] 362636K->189092K(523776K), 0.0016227 secs] [Times: user=0.00 sys=0.00, real=0.00 secs] 
2018-03-19T13:27:08.074+0530: 4563.177: [GC (Allocation Failure) [PSYoungGen: 173664K->96K(174080K)] 362660K->189124K(523776K), 0.0016721 secs] [Times: user=0.00 sys=0.00, real=0.00 secs] 
2018-03-19T13:27:08.464+0530: 4563.567: [GC (Allocation Failure) [PSYoungGen: 173664K->96K(174080K)] 362692K->189148K(523776K), 0.0018304 secs] [Times: user=0.00 sys=0.00, real=0.00 secs] 
2018-03-19T13:27:08.845+0530: 4563.948: [GC (Allocation Failure) [PSYoungGen: 173664K->96K(174080K)] 362716K->189164K(523776K), 0.0016587 secs] [Times: user=0.00 sys=0.00, real=0.00 secs] 
2018-03-19T13:27:09.196+0530: 4564.299: [GC (Allocation Failure) [PSYoungGen: 173664K->96K(174080K)] 362732K->189196K(523776K), 0.0022359 secs] [Times: user=0.06 sys=0.00, real=0.00 secs] 
2018-03-19T13:27:09.608+0530: 4564.711: [GC (Allocation Failure) [PSYoungGen: 173664K->96K(174080K)] 362764K->189220K(523776K), 0.0015998 secs] [Times: user=0.00 sys=0.00, real=0.00 secs] 
2018-03-19T13:27:09.949+0530: 4565.053: [GC (Allocation Failure) [PSYoungGen: 173664K->64K(174080K)] 362788K->189212K(523776K), 0.0017726 secs] [Times: user=0.00 sys=0.00, real=0.00 secs] 
2018-03-19T13:27:10.292+0530: 4565.395: [GC (Allocation Failure) [PSYoungGen: 173632K->96K(174080K)] 362780K->189268K(523776K), 0.0024814 secs] [Times: user=0.00 sys=0.00, real=0.00 secs] 
2018-03-19T13:27:10.685+0530: 4565.788: [GC (Allocation Failure) [PSYoungGen: 173664K->96K(174080K)] 362836K->189292K(523776K), 0.0016883 secs] [Times: user=0.00 sys=0.00, real=0.00 secs] 
2018-03-19T13:27:11.045+0530: 4566.148: [GC (Allocation Failure) [PSYoungGen: 173664K->96K(174080K)] 362860K->189324K(523776K), 0.0022455 secs] [Times: user=0.00 sys=0.00, real=0.00 secs] 
2018-03-19T13:27:11.382+0530: 4566.485: [GC (Allocation Failure) [PSYoungGen: 173664K->64K(174080K)] 362892K->189308K(523776K), 0.0026778 secs] [Times: user=0.05 sys=0.00, real=0.00 secs] 
2018-03-19T13:27:11.755+0530: 4566.858: [GC (Allocation Failure) [PSYoungGen: 173632K->96K(174080K)] 362876K->189364K(523776K), 0.0016933 secs] [Times: user=0.00 sys=0.00, real=0.00 secs] 
2018-03-19T13:27:12.117+0530: 4567.220: [GC (Allocation Failure) [PSYoungGen: 173664K->96K(174080K)] 362932K->189396K(523776K), 0.0016548 secs] [Times: user=0.02 sys=0.00, real=0.00 secs] 
2018-03-19T13:27:12.493+0530: 4567.596: [GC (Allocation Failure) [PSYoungGen: 173664K->96K(174080K)] 362964K->189420K(523776K), 0.0016443 secs] [Times: user=0.06 sys=0.00, real=0.00 secs] 
2018-03-19T13:27:12.852+0530: 4567.955: [GC (Allocation Failure) [PSYoungGen: 173664K->96K(174080K)] 362988K->189444K(523776K), 0.0019680 secs] [Times: user=0.00 sys=0.02, real=0.00 secs] 
2018-03-19T13:27:13.204+0530: 4568.307: [GC (Allocation Failure) [PSYoungGen: 173664K->96K(174080K)] 363012K->189468K(523776K), 0.0021982 secs] [Times: user=0.00 sys=0.00, real=0.00 secs] 
2018-03-19T13:27:13.621+0530: 4568.724: [GC (Allocation Failure) [PSYoungGen: 173664K->96K(174080K)] 363036K->189492K(523776K), 0.0022539 secs] [Times: user=0.00 sys=0.00, real=0.00 secs] 
2018-03-19T13:27:13.954+0530: 4569.057: [GC (Allocation Failure) [PSYoungGen: 173664K->64K(174080K)] 363060K->189484K(523776K), 0.0017091 secs] [Times: user=0.00 sys=0.00, real=0.00 secs] 
2018-03-19T13:27:14.303+0530: 4569.406: [GC (Allocation Failure) [PSYoungGen: 173632K->96K(174080K)] 363052K->189540K(523776K), 0.0017775 secs] [Times: user=0.00 sys=0.00, real=0.00 secs] 
2018-03-19T13:27:14.670+0530: 4569.773: [GC (Allocation Failure) [PSYoungGen: 173664K->96K(174080K)] 363108K->189556K(523776K), 0.0023551 secs] [Times: user=0.00 sys=0.00, real=0.00 secs] 
2018-03-19T13:27:15.052+0530: 4570.155: [GC (Allocation Failure) [PSYoungGen: 173664K->96K(174080K)] 363124K->189588K(523776K), 0.0018791 secs] [Times: user=0.00 sys=0.00, real=0.00 secs] 
2018-03-19T13:27:15.407+0530: 4570.510: [GC (Allocation Failure) [PSYoungGen: 173664K->96K(174080K)] 363156K->189612K(523776K), 0.0016555 secs] [Times: user=0.00 sys=0.00, real=0.00 secs] 
2018-03-19T13:27:15.753+0530: 4570.856: [GC (Allocation Failure) [PSYoungGen: 173664K->96K(174080K)] 363180K->189628K(523776K), 0.0016686 secs] [Times: user=0.00 sys=0.00, real=0.00 secs] 
2018-03-19T13:27:16.154+0530: 4571.257: [GC (Allocation Failure) [PSYoungGen: 173664K->96K(174080K)] 363196K->189644K(523776K), 0.0017962 secs] [Times: user=0.00 sys=0.00, real=0.00 secs] 
2018-03-19T13:27:16.527+0530: 4571.630: [GC (Allocation Failure) [PSYoungGen: 173664K->96K(174080K)] 363212K->189668K(523776K), 0.0016213 secs] [Times: user=0.00 sys=0.00, real=0.00 secs] 
2018-03-19T13:27:16.873+0530: 4571.975: [GC (Allocation Failure) [PSYoungGen: 173664K->96K(174080K)] 363236K->189692K(523776K), 0.0022148 secs] [Times: user=0.00 sys=0.00, real=0.00 secs] 
2018-03-19T13:27:17.212+0530: 4572.315: [GC (Allocation Failure) [PSYoungGen: 173664K->96K(174080K)] 363260K->189716K(523776K), 0.0022832 secs] [Times: user=0.06 sys=0.00, real=0.00 secs] 
2018-03-19T13:27:17.575+0530: 4572.677: [GC (Allocation Failure) [PSYoungGen: 173664K->64K(174080K)] 363284K->189708K(523776K), 0.0016372 secs] [Times: user=0.00 sys=0.00, real=0.00 secs] 
2018-03-19T13:27:17.949+0530: 4573.052: [GC (Allocation Failure) [PSYoungGen: 173632K->64K(174080K)] 363276K->189740K(523776K), 0.0017014 secs] [Times: user=0.00 sys=0.00, real=0.00 secs] 
2018-03-19T13:27:18.284+0530: 4573.387: [GC (Allocation Failure) [PSYoungGen: 173632K->96K(174080K)] 363308K->189788K(523776K), 0.0017839 secs] [Times: user=0.00 sys=0.00, real=0.00 secs] 
2018-03-19T13:27:18.671+0530: 4573.775: [GC (Allocation Failure) [PSYoungGen: 173664K->96K(174080K)] 363356K->189812K(523776K), 0.0022546 secs] [Times: user=0.00 sys=0.00, real=0.00 secs] 
2018-03-19T13:27:19.024+0530: 4574.127: [GC (Allocation Failure) [PSYoungGen: 173664K->64K(174080K)] 363380K->189812K(523776K), 0.0018248 secs] [Times: user=0.05 sys=0.01, real=0.00 secs] 
2018-03-19T13:27:19.362+0530: 4574.465: [GC (Allocation Failure) [PSYoungGen: 173632K->96K(174080K)] 363380K->189876K(523776K), 0.0021157 secs] [Times: user=0.00 sys=0.00, real=0.00 secs] 
2018-03-19T13:27:19.711+0530: 4574.815: [GC (Allocation Failure) [PSYoungGen: 173664K->96K(174080K)] 363444K->189908K(523776K), 0.0017557 secs] [Times: user=0.00 sys=0.02, real=0.00 secs] 
2018-03-19T13:27:20.083+0530: 4575.186: [GC (Allocation Failure) [PSYoungGen: 173664K->96K(174080K)] 363476K->189924K(523776K), 0.0016146 secs] [Times: user=0.00 sys=0.00, real=0.00 secs] 
2018-03-19T13:27:20.434+0530: 4575.538: [GC (Allocation Failure) [PSYoungGen: 173664K->96K(174080K)] 363492K->189940K(523776K), 0.0016425 secs] [Times: user=0.00 sys=0.00, real=0.00 secs] 
2018-03-19T13:27:20.784+0530: 4575.887: [GC (Allocation Failure) [PSYoungGen: 173664K->64K(174080K)] 363508K->189932K(523776K), 0.0016619 secs] [Times: user=0.00 sys=0.00, real=0.00 secs] 
2018-03-19T13:27:21.140+0530: 4576.243: [GC (Allocation Failure) [PSYoungGen: 173632K->96K(174080K)] 363500K->189980K(523776K), 0.0019126 secs] [Times: user=0.00 sys=0.00, real=0.00 secs] 
2018-03-19T13:27:21.542+0530: 4576.645: [GC (Allocation Failure) [PSYoungGen: 173664K->64K(174080K)] 363548K->189972K(523776K), 0.0024637 secs] [Times: user=0.00 sys=0.00, real=0.00 secs] 
2018-03-19T13:27:21.932+0530: 4577.036: [GC (Allocation Failure) [PSYoungGen: 173632K->64K(174080K)] 363540K->189996K(523776K), 0.0016658 secs] [Times: user=0.00 sys=0.00, real=0.00 secs] 
2018-03-19T13:27:22.273+0530: 4577.376: [GC (Allocation Failure) [PSYoungGen: 173632K->96K(174080K)] 363564K->190052K(523776K), 0.0023562 secs] [Times: user=0.06 sys=0.00, real=0.00 secs] 
2018-03-19T13:27:22.697+0530: 4577.800: [GC (Allocation Failure) [PSYoungGen: 173664K->96K(174080K)] 363620K->190084K(523776K), 0.0022299 secs] [Times: user=0.00 sys=0.00, real=0.00 secs] 
2018-03-19T13:27:23.080+0530: 4578.183: [GC (Allocation Failure) [PSYoungGen: 173664K->96K(174080K)] 363652K->190108K(523776K), 0.0022571 secs] [Times: user=0.00 sys=0.00, real=0.00 secs] 
2018-03-19T13:27:23.451+0530: 4578.554: [GC (Allocation Failure) [PSYoungGen: 173664K->64K(174080K)] 363676K->190100K(523776K), 0.0016608 secs] [Times: user=0.00 sys=0.00, real=0.00 secs] 
2018-03-19T13:27:23.851+0530: 4578.955: [GC (Allocation Failure) [PSYoungGen: 173632K->96K(174080K)] 363668K->190156K(523776K), 0.0020424 secs] [Times: user=0.00 sys=0.01, real=0.00 secs] 
2018-03-19T13:27:24.224+0530: 4579.328: [GC (Allocation Failure) [PSYoungGen: 173664K->96K(174080K)] 363724K->190180K(523776K), 0.0022596 secs] [Times: user=0.00 sys=0.00, real=0.00 secs] 
2018-03-19T13:27:24.643+0530: 4579.746: [GC (Allocation Failure) [PSYoungGen: 173664K->64K(174080K)] 363748K->190164K(523776K), 0.0017666 secs] [Times: user=0.00 sys=0.00, real=0.00 secs] 
2018-03-19T13:27:24.992+0530: 4580.095: [GC (Allocation Failure) [PSYoungGen: 173632K->96K(174080K)] 363732K->190220K(523776K), 0.0021086 secs] [Times: user=0.05 sys=0.00, real=0.00 secs] 
2018-03-19T13:27:25.337+0530: 4580.440: [GC (Allocation Failure) [PSYoungGen: 173664K->96K(174080K)] 363788K->190236K(523776K), 0.0019242 secs] [Times: user=0.00 sys=0.00, real=0.00 secs] 
2018-03-19T13:27:25.625+0530: 4580.728: [GC (Allocation Failure) [PSYoungGen: 173664K->96K(174080K)] 363804K->190268K(523776K), 0.0013942 secs] [Times: user=0.00 sys=0.00, real=0.00 secs] 
2018-03-19T13:27:25.899+0530: 4581.002: [GC (Allocation Failure) [PSYoungGen: 173664K->96K(174080K)] 363836K->190292K(523776K), 0.0014094 secs] [Times: user=0.06 sys=0.00, real=0.00 secs] 
2018-03-19T13:27:26.193+0530: 4581.296: [GC (Allocation Failure) [PSYoungGen: 173664K->96K(174080K)] 363860K->190316K(523776K), 0.0016968 secs] [Times: user=0.00 sys=0.00, real=0.00 secs] 
2018-03-19T13:27:26.577+0530: 4581.680: [GC (Allocation Failure) [PSYoungGen: 173664K->96K(174080K)] 363884K->190348K(523776K), 0.0022303 secs] [Times: user=0.00 sys=0.00, real=0.00 secs] 
2018-03-19T13:27:26.963+0530: 4582.067: [GC (Allocation Failure) [PSYoungGen: 173664K->96K(174080K)] 363916K->190364K(523776K), 0.0020610 secs] [Times: user=0.00 sys=0.00, real=0.00 secs] 
2018-03-19T13:27:27.306+0530: 4582.410: [GC (Allocation Failure) [PSYoungGen: 173664K->128K(174080K)] 363932K->190412K(523776K), 0.0016464 secs] [Times: user=0.00 sys=0.00, real=0.00 secs] 
2018-03-19T13:27:27.724+0530: 4582.827: [GC (Allocation Failure) [PSYoungGen: 173696K->64K(174080K)] 363980K->190372K(523776K), 0.0020543 secs] [Times: user=0.00 sys=0.00, real=0.00 secs] 
2018-03-19T13:27:28.097+0530: 4583.201: [GC (Allocation Failure) [PSYoungGen: 173632K->96K(174080K)] 363940K->190428K(523776K), 0.0017109 secs] [Times: user=0.00 sys=0.00, real=0.00 secs] 
2018-03-19T13:27:28.462+0530: 4583.565: [GC (Allocation Failure) [PSYoungGen: 173664K->96K(174080K)] 363996K->190452K(523776K), 0.0016855 secs] [Times: user=0.00 sys=0.00, real=0.00 secs] 
2018-03-19T13:27:28.812+0530: 4583.915: [GC (Allocation Failure) [PSYoungGen: 173664K->96K(174080K)] 364020K->190468K(523776K), 0.0016199 secs] [Times: user=0.00 sys=0.00, real=0.00 secs] 
2018-03-19T13:27:29.169+0530: 4584.272: [GC (Allocation Failure) [PSYoungGen: 173664K->96K(174080K)] 364036K->190492K(523776K), 0.0016862 secs] [Times: user=0.00 sys=0.00, real=0.00 secs] 
2018-03-19T13:27:29.520+0530: 4584.624: [GC (Allocation Failure) [PSYoungGen: 173664K->96K(174080K)] 364060K->190516K(523776K), 0.0017835 secs] [Times: user=0.00 sys=0.00, real=0.00 secs] 
2018-03-19T13:27:29.859+0530: 4584.962: [GC (Allocation Failure) [PSYoungGen: 173664K->96K(174080K)] 364084K->190532K(523776K), 0.0022430 secs] [Times: user=0.00 sys=0.00, real=0.00 secs] 
2018-03-19T13:27:30.205+0530: 4585.308: [GC (Allocation Failure) [PSYoungGen: 173664K->64K(174080K)] 364100K->190516K(523776K), 0.0017165 secs] [Times: user=0.00 sys=0.00, real=0.00 secs] 
2018-03-19T13:27:30.553+0530: 4585.656: [GC (Allocation Failure) [PSYoungGen: 173632K->96K(174080K)] 364084K->190564K(523776K), 0.0023114 secs] [Times: user=0.00 sys=0.00, real=0.00 secs] 
2018-03-19T13:27:30.916+0530: 4586.019: [GC (Allocation Failure) [PSYoungGen: 173664K->96K(174080K)] 364132K->190596K(523776K), 0.0017127 secs] [Times: user=0.00 sys=0.00, real=0.00 secs] 
2018-03-19T13:27:31.262+0530: 4586.365: [GC (Allocation Failure) [PSYoungGen: 173664K->64K(174080K)] 364164K->190588K(523776K), 0.0018558 secs] [Times: user=0.00 sys=0.00, real=0.00 secs] 
2018-03-19T13:27:31.618+0530: 4586.721: [GC (Allocation Failure) [PSYoungGen: 173632K->96K(174080K)] 364156K->190636K(523776K), 0.0016954 secs] [Times: user=0.06 sys=0.00, real=0.00 secs] 
2018-03-19T13:27:31.991+0530: 4587.094: [GC (Allocation Failure) [PSYoungGen: 173664K->96K(174080K)] 364204K->190660K(523776K), 0.0019101 secs] [Times: user=0.00 sys=0.00, real=0.00 secs] 
2018-03-19T13:27:32.333+0530: 4587.436: [GC (Allocation Failure) [PSYoungGen: 173664K->96K(174080K)] 364228K->190684K(523776K), 0.0022973 secs] [Times: user=0.00 sys=0.00, real=0.00 secs] 
2018-03-19T13:27:32.710+0530: 4587.813: [GC (Allocation Failure) [PSYoungGen: 173664K->32K(174080K)] 364252K->190644K(523776K), 0.0016612 secs] [Times: user=0.00 sys=0.00, real=0.00 secs] 
2018-03-19T13:27:33.063+0530: 4588.166: [GC (Allocation Failure) [PSYoungGen: 173600K->32K(174080K)] 364212K->190660K(523776K), 0.0022088 secs] [Times: user=0.00 sys=0.00, real=0.00 secs] 
2018-03-19T13:27:33.416+0530: 4588.518: [GC (Allocation Failure) [PSYoungGen: 173600K->96K(174080K)] 364228K->190748K(523776K), 0.0016531 secs] [Times: user=0.00 sys=0.00, real=0.00 secs] 
2018-03-19T13:27:33.787+0530: 4588.890: [GC (Allocation Failure) [PSYoungGen: 173664K->64K(174080K)] 364316K->190740K(523776K), 0.0016273 secs] [Times: user=0.00 sys=0.00, real=0.00 secs] 
2018-03-19T13:27:34.138+0530: 4589.240: [GC (Allocation Failure) [PSYoungGen: 173632K->96K(174080K)] 364308K->190788K(523776K), 0.0022737 secs] [Times: user=0.00 sys=0.00, real=0.00 secs] 
2018-03-19T13:27:34.531+0530: 4589.633: [GC (Allocation Failure) [PSYoungGen: 173664K->96K(174080K)] 364356K->190812K(523776K), 0.0016372 secs] [Times: user=0.00 sys=0.00, real=0.00 secs] 
2018-03-19T13:27:34.919+0530: 4590.022: [GC (Allocation Failure) [PSYoungGen: 173664K->96K(174080K)] 364380K->190836K(523776K), 0.0016626 secs] [Times: user=0.00 sys=0.00, real=0.00 secs] 
2018-03-19T13:27:35.274+0530: 4590.376: [GC (Allocation Failure) [PSYoungGen: 173664K->64K(174080K)] 364404K->190828K(523776K), 0.0017278 secs] [Times: user=0.06 sys=0.00, real=0.00 secs] 
2018-03-19T13:27:35.677+0530: 4590.780: [GC (Allocation Failure) [PSYoungGen: 173632K->64K(174080K)] 364396K->190844K(523776K), 0.0021964 secs] [Times: user=0.00 sys=0.00, real=0.00 secs] 
2018-03-19T13:27:36.038+0530: 4591.140: [GC (Allocation Failure) [PSYoungGen: 173632K->32K(174080K)] 364412K->190828K(523776K), 0.0024916 secs] [Times: user=0.00 sys=0.00, real=0.00 secs] 
2018-03-19T13:27:36.376+0530: 4591.479: [GC (Allocation Failure) [PSYoungGen: 173600K->64K(174080K)] 364396K->190884K(523776K), 0.0018572 secs] [Times: user=0.00 sys=0.00, real=0.00 secs] 
2018-03-19T13:27:36.661+0530: 4591.764: [GC (Allocation Failure) [PSYoungGen: 173632K->64K(174080K)] 364452K->190908K(523776K), 0.0013491 secs] [Times: user=0.00 sys=0.00, real=0.00 secs] 
2018-03-19T13:27:36.927+0530: 4592.030: [GC (Allocation Failure) [PSYoungGen: 173632K->96K(174080K)] 364476K->190964K(523776K), 0.0013699 secs] [Times: user=0.00 sys=0.00, real=0.00 secs] 
2018-03-19T13:27:37.171+0530: 4592.274: [GC (Allocation Failure) [PSYoungGen: 173664K->96K(174080K)] 364532K->190980K(523776K), 0.0012275 secs] [Times: user=0.00 sys=0.00, real=0.00 secs] 
2018-03-19T13:27:37.421+0530: 4592.524: [GC (Allocation Failure) [PSYoungGen: 173664K->96K(174080K)] 364548K->191004K(523776K), 0.0015776 secs] [Times: user=0.00 sys=0.00, real=0.00 secs] 
2018-03-19T13:27:37.664+0530: 4592.767: [GC (Allocation Failure) [PSYoungGen: 173664K->96K(174080K)] 364572K->191028K(523776K), 0.0012479 secs] [Times: user=0.01 sys=0.00, real=0.00 secs] 
2018-03-19T13:27:37.917+0530: 4593.019: [GC (Allocation Failure) [PSYoungGen: 173664K->96K(174080K)] 364596K->191052K(523776K), 0.0012412 secs] [Times: user=0.00 sys=0.00, real=0.00 secs] 
2018-03-19T13:27:38.172+0530: 4593.275: [GC (Allocation Failure) [PSYoungGen: 173664K->64K(174080K)] 364620K->191044K(523776K), 0.0011925 secs] [Times: user=0.00 sys=0.00, real=0.00 secs] 
2018-03-19T13:27:38.413+0530: 4593.516: [GC (Allocation Failure) [PSYoungGen: 173632K->96K(174080K)] 364612K->191100K(523776K), 0.0010709 secs] [Times: user=0.00 sys=0.00, real=0.00 secs] 
2018-03-19T13:27:38.648+0530: 4593.751: [GC (Allocation Failure) [PSYoungGen: 173664K->64K(174080K)] 364668K->191092K(523776K), 0.0014796 secs] [Times: user=0.01 sys=0.00, real=0.00 secs] 
2018-03-19T13:27:38.865+0530: 4593.968: [GC (Allocation Failure) [PSYoungGen: 173632K->96K(174080K)] 364660K->191148K(523776K), 0.0010921 secs] [Times: user=0.00 sys=0.00, real=0.00 secs] 
2018-03-19T13:27:39.090+0530: 4594.192: [GC (Allocation Failure) [PSYoungGen: 173664K->96K(174080K)] 364716K->191172K(523776K), 0.0013103 secs] [Times: user=0.00 sys=0.00, real=0.00 secs] 
2018-03-19T13:27:39.306+0530: 4594.409: [GC (Allocation Failure) [PSYoungGen: 173664K->64K(174080K)] 364740K->191164K(523776K), 0.0010194 secs] [Times: user=0.00 sys=0.00, real=0.00 secs] 
2018-03-19T13:27:39.522+0530: 4594.625: [GC (Allocation Failure) [PSYoungGen: 173632K->96K(174080K)] 364732K->191220K(523776K), 0.0010416 secs] [Times: user=0.00 sys=0.00, real=0.00 secs] 
2018-03-19T13:27:39.722+0530: 4594.825: [GC (Allocation Failure) [PSYoungGen: 173664K->96K(174080K)] 364788K->191244K(523776K), 0.0010279 secs] [Times: user=0.00 sys=0.00, real=0.00 secs] 
2018-03-19T13:27:39.897+0530: 4595.000: [GC (Allocation Failure) [PSYoungGen: 173664K->96K(174080K)] 364812K->191268K(523776K), 0.0013103 secs] [Times: user=0.00 sys=0.00, real=0.00 secs] 
2018-03-19T13:27:40.071+0530: 4595.174: [GC (Allocation Failure) [PSYoungGen: 173664K->96K(174080K)] 364836K->191292K(523776K), 0.0009291 secs] [Times: user=0.00 sys=0.00, real=0.00 secs] 
2018-03-19T13:27:40.237+0530: 4595.340: [GC (Allocation Failure) [PSYoungGen: 173664K->96K(174080K)] 364860K->191316K(523776K), 0.0012779 secs] [Times: user=0.00 sys=0.00, real=0.00 secs] 
2018-03-19T13:27:40.578+0530: 4595.681: [GC (Allocation Failure) [PSYoungGen: 173664K->96K(174080K)] 364884K->191332K(523776K), 0.0016485 secs] [Times: user=0.00 sys=0.00, real=0.00 secs] 
2018-03-19T13:27:40.968+0530: 4596.070: [GC (Allocation Failure) [PSYoungGen: 173664K->96K(174080K)] 364900K->191356K(523776K), 0.0016234 secs] [Times: user=0.00 sys=0.00, real=0.00 secs] 
2018-03-19T13:27:41.309+0530: 4596.412: [GC (Allocation Failure) [PSYoungGen: 173664K->96K(174080K)] 364924K->191380K(523776K), 0.0016411 secs] [Times: user=0.00 sys=0.00, real=0.00 secs] 
2018-03-19T13:27:41.651+0530: 4596.754: [GC (Allocation Failure) [PSYoungGen: 173664K->64K(174080K)] 364948K->191372K(523776K), 0.0017243 secs] [Times: user=0.00 sys=0.00, real=0.00 secs] 
2018-03-19T13:27:41.986+0530: 4597.089: [GC (Allocation Failure) [PSYoungGen: 173632K->64K(174080K)] 364940K->191396K(523776K), 0.0022906 secs] [Times: user=0.00 sys=0.00, real=0.00 secs] 
2018-03-19T13:27:42.323+0530: 4597.426: [GC (Allocation Failure) [PSYoungGen: 173632K->96K(174080K)] 364964K->191452K(523776K), 0.0022169 secs] [Times: user=0.00 sys=0.00, real=0.00 secs] 
2018-03-19T13:27:42.775+0530: 4597.878: [GC (Allocation Failure) [PSYoungGen: 173664K->96K(174080K)] 365020K->191468K(523776K), 0.0022962 secs] [Times: user=0.00 sys=0.00, real=0.00 secs] 
2018-03-19T13:27:43.111+0530: 4598.214: [GC (Allocation Failure) [PSYoungGen: 173664K->64K(174080K)] 365036K->191460K(523776K), 0.0016428 secs] [Times: user=0.00 sys=0.00, real=0.00 secs] 
2018-03-19T13:27:43.456+0530: 4598.559: [GC (Allocation Failure) [PSYoungGen: 173632K->96K(174080K)] 365028K->191516K(523776K), 0.0016770 secs] [Times: user=0.00 sys=0.00, real=0.00 secs] 
2018-03-19T13:27:43.785+0530: 4598.888: [GC (Allocation Failure) [PSYoungGen: 173664K->96K(174080K)] 365084K->191540K(523776K), 0.0017828 secs] [Times: user=0.00 sys=0.00, real=0.00 secs] 
2018-03-19T13:27:44.135+0530: 4599.237: [GC (Allocation Failure) [PSYoungGen: 173664K->96K(174080K)] 365108K->191564K(523776K), 0.0016654 secs] [Times: user=0.00 sys=0.00, real=0.00 secs] 
2018-03-19T13:27:44.507+0530: 4599.610: [GC (Allocation Failure) [PSYoungGen: 173664K->96K(174080K)] 365132K->191580K(523776K), 0.0023502 secs] [Times: user=0.00 sys=0.00, real=0.00 secs] 
2018-03-19T13:27:44.902+0530: 4600.005: [GC (Allocation Failure) [PSYoungGen: 173664K->64K(174080K)] 365148K->191572K(523776K), 0.0018117 secs] [Times: user=0.00 sys=0.00, real=0.00 secs] 
2018-03-19T13:27:45.233+0530: 4600.336: [GC (Allocation Failure) [PSYoungGen: 173632K->96K(174080K)] 365140K->191628K(523776K), 0.0016256 secs] [Times: user=0.00 sys=0.00, real=0.00 secs] 
2018-03-19T13:27:45.640+0530: 4600.743: [GC (Allocation Failure) [PSYoungGen: 173664K->96K(174080K)] 365196K->191652K(523776K), 0.0016629 secs] [Times: user=0.00 sys=0.00, real=0.00 secs] 
2018-03-19T13:27:45.999+0530: 4601.102: [GC (Allocation Failure) [PSYoungGen: 173664K->96K(174080K)] 365220K->191676K(523776K), 0.0017024 secs] [Times: user=0.00 sys=0.00, real=0.00 secs] 
2018-03-19T13:27:46.332+0530: 4601.435: [GC (Allocation Failure) [PSYoungGen: 173664K->64K(174080K)] 365244K->191668K(523776K), 0.0016474 secs] [Times: user=0.00 sys=0.00, real=0.00 secs] 
2018-03-19T13:27:46.687+0530: 4601.791: [GC (Allocation Failure) [PSYoungGen: 173632K->96K(174080K)] 365236K->191724K(523776K), 0.0016118 secs] [Times: user=0.00 sys=0.00, real=0.00 secs] 
2018-03-19T13:27:47.048+0530: 4602.151: [GC (Allocation Failure) [PSYoungGen: 173664K->96K(174080K)] 365292K->191748K(523776K), 0.0016749 secs] [Times: user=0.00 sys=0.00, real=0.00 secs] 
2018-03-19T13:27:47.416+0530: 4602.520: [GC (Allocation Failure) [PSYoungGen: 173664K->96K(174080K)] 365316K->191772K(523776K), 0.0016608 secs] [Times: user=0.00 sys=0.00, real=0.00 secs] 
2018-03-19T13:27:47.786+0530: 4602.890: [GC (Allocation Failure) [PSYoungGen: 173664K->128K(174080K)] 365340K->191828K(523776K), 0.0017969 secs] [Times: user=0.00 sys=0.00, real=0.00 secs] 
2018-03-19T13:27:48.183+0530: 4603.286: [GC (Allocation Failure) [PSYoungGen: 173696K->96K(174080K)] 365396K->191820K(523776K), 0.0023075 secs] [Times: user=0.00 sys=0.00, real=0.00 secs] 
2018-03-19T13:27:48.547+0530: 4603.650: [GC (Allocation Failure) [PSYoungGen: 173664K->64K(174080K)] 365388K->191812K(523776K), 0.0023008 secs] [Times: user=0.00 sys=0.00, real=0.00 secs] 
2018-03-19T13:27:48.942+0530: 4604.046: [GC (Allocation Failure) [PSYoungGen: 173632K->96K(174080K)] 365380K->191860K(523776K), 0.0022433 secs] [Times: user=0.00 sys=0.00, real=0.00 secs] 
2018-03-19T13:27:49.306+0530: 4604.409: [GC (Allocation Failure) [PSYoungGen: 173664K->64K(174080K)] 365428K->191852K(523776K), 0.0017775 secs] [Times: user=0.00 sys=0.00, real=0.00 secs] 
2018-03-19T13:27:49.700+0530: 4604.803: [GC (Allocation Failure) [PSYoungGen: 173632K->32K(174080K)] 365420K->191844K(523776K), 0.0020339 secs] [Times: user=0.00 sys=0.00, real=0.00 secs] 
2018-03-19T13:27:50.063+0530: 4605.166: [GC (Allocation Failure) [PSYoungGen: 173600K->96K(174080K)] 365412K->191932K(523776K), 0.0016633 secs] [Times: user=0.00 sys=0.00, real=0.00 secs] 
2018-03-19T13:27:50.438+0530: 4605.542: [GC (Allocation Failure) [PSYoungGen: 173664K->96K(174080K)] 365500K->191956K(523776K), 0.0015473 secs] [Times: user=0.00 sys=0.00, real=0.00 secs] 
2018-03-19T13:27:50.796+0530: 4605.900: [GC (Allocation Failure) [PSYoungGen: 173664K->32K(174080K)] 365524K->191908K(523776K), 0.0021788 secs] [Times: user=0.00 sys=0.00, real=0.00 secs] 
2018-03-19T13:27:51.185+0530: 4606.288: [GC (Allocation Failure) [PSYoungGen: 173600K->96K(174080K)] 365476K->191996K(523776K), 0.0017409 secs] [Times: user=0.00 sys=0.00, real=0.00 secs] 
2018-03-19T13:27:51.570+0530: 4606.673: [GC (Allocation Failure) [PSYoungGen: 173664K->96K(174080K)] 365564K->192028K(523776K), 0.0016859 secs] [Times: user=0.06 sys=0.00, real=0.00 secs] 
2018-03-19T13:27:51.967+0530: 4607.071: [GC (Allocation Failure) [PSYoungGen: 173664K->64K(174080K)] 365596K->192020K(523776K), 0.0016309 secs] [Times: user=0.00 sys=0.00, real=0.00 secs] 
2018-03-19T13:27:52.316+0530: 4607.420: [GC (Allocation Failure) [PSYoungGen: 173632K->96K(174080K)] 365588K->192076K(523776K), 0.0017211 secs] [Times: user=0.00 sys=0.00, real=0.00 secs] 
2018-03-19T13:27:52.682+0530: 4607.786: [GC (Allocation Failure) [PSYoungGen: 173664K->96K(174080K)] 365644K->192108K(523776K), 0.0017045 secs] [Times: user=0.00 sys=0.00, real=0.00 secs] 
2018-03-19T13:27:53.031+0530: 4608.135: [GC (Allocation Failure) [PSYoungGen: 173664K->96K(174080K)] 365676K->192132K(523776K), 0.0020311 secs] [Times: user=0.00 sys=0.00, real=0.00 secs] 
2018-03-19T13:27:53.450+0530: 4608.553: [GC (Allocation Failure) [PSYoungGen: 173664K->96K(174080K)] 365700K->192164K(523776K), 0.0015060 secs] [Times: user=0.00 sys=0.00, real=0.00 secs] 
2018-03-19T13:27:53.801+0530: 4608.904: [GC (Allocation Failure) [PSYoungGen: 173664K->96K(174080K)] 365732K->192188K(523776K), 0.0016471 secs] [Times: user=0.00 sys=0.00, real=0.00 secs] 
2018-03-19T13:27:54.171+0530: 4609.274: [GC (Allocation Failure) [PSYoungGen: 173664K->96K(174080K)] 365756K->192220K(523776K), 0.0016100 secs] [Times: user=0.00 sys=0.00, real=0.00 secs] 
2018-03-19T13:27:54.572+0530: 4609.676: [GC (Allocation Failure) [PSYoungGen: 173664K->64K(174080K)] 365788K->192204K(523776K), 0.0020342 secs] [Times: user=0.00 sys=0.00, real=0.00 secs] 
2018-03-19T13:27:54.966+0530: 4610.069: [GC (Allocation Failure) [PSYoungGen: 173632K->32K(174080K)] 365772K->192196K(523776K), 0.0017677 secs] [Times: user=0.00 sys=0.00, real=0.00 secs] 
2018-03-19T13:27:55.338+0530: 4610.442: [GC (Allocation Failure) [PSYoungGen: 173600K->128K(174080K)] 365764K->192308K(523776K), 0.0017909 secs] [Times: user=0.00 sys=0.00, real=0.00 secs] 
2018-03-19T13:27:55.754+0530: 4610.857: [GC (Allocation Failure) [PSYoungGen: 173696K->64K(174080K)] 365876K->192260K(523776K), 0.0022088 secs] [Times: user=0.00 sys=0.00, real=0.00 secs] 
2018-03-19T13:27:56.170+0530: 4611.272: [GC (Allocation Failure) [PSYoungGen: 173632K->96K(174080K)] 365828K->192316K(523776K), 0.0016901 secs] [Times: user=0.00 sys=0.00, real=0.00 secs] 
2018-03-19T13:27:56.564+0530: 4611.667: [GC (Allocation Failure) [PSYoungGen: 173664K->96K(174080K)] 365884K->192340K(523776K), 0.0017060 secs] [Times: user=0.00 sys=0.00, real=0.00 secs] 
2018-03-19T13:27:56.959+0530: 4612.062: [GC (Allocation Failure) [PSYoungGen: 173664K->96K(174080K)] 365908K->192356K(523776K), 0.0022624 secs] [Times: user=0.00 sys=0.00, real=0.00 secs] 
2018-03-19T13:27:57.319+0530: 4612.421: [GC (Allocation Failure) [PSYoungGen: 173664K->96K(174080K)] 365924K->192380K(523776K), 0.0016238 secs] [Times: user=0.00 sys=0.00, real=0.00 secs] 
2018-03-19T13:27:57.732+0530: 4612.835: [GC (Allocation Failure) [PSYoungGen: 173664K->96K(174080K)] 365948K->192404K(523776K), 0.0016125 secs] [Times: user=0.00 sys=0.00, real=0.00 secs] 
2018-03-19T13:27:58.064+0530: 4613.166: [GC (Allocation Failure) [PSYoungGen: 173664K->96K(174080K)] 365972K->192436K(523776K), 0.0022585 secs] [Times: user=0.00 sys=0.00, real=0.00 secs] 
2018-03-19T13:27:58.417+0530: 4613.519: [GC (Allocation Failure) [PSYoungGen: 173664K->64K(174080K)] 366004K->192428K(523776K), 0.0016573 secs] [Times: user=0.00 sys=0.00, real=0.00 secs] 
2018-03-19T13:27:58.759+0530: 4613.862: [GC (Allocation Failure) [PSYoungGen: 173632K->96K(174080K)] 365996K->192476K(523776K), 0.0023065 secs] [Times: user=0.06 sys=0.00, real=0.00 secs] 
2018-03-19T13:27:59.147+0530: 4614.249: [GC (Allocation Failure) [PSYoungGen: 173664K->96K(174080K)] 366044K->192500K(523776K), 0.0023103 secs] [Times: user=0.00 sys=0.00, real=0.00 secs] 
2018-03-19T13:27:59.689+0530: 4614.792: [GC (Allocation Failure) [PSYoungGen: 173664K->64K(174080K)] 366068K->192484K(523776K), 0.0141717 secs] [Times: user=0.03 sys=0.00, real=0.02 secs] 
2018-03-19T13:28:00.346+0530: 4615.449: [GC (Allocation Failure) [PSYoungGen: 173632K->96K(174080K)] 366052K->192532K(523776K), 0.0016242 secs] [Times: user=0.00 sys=0.00, real=0.00 secs] 
2018-03-19T13:28:00.720+0530: 4615.822: [GC (Allocation Failure) [PSYoungGen: 173664K->96K(174080K)] 366100K->192556K(523776K), 0.0017063 secs] [Times: user=0.00 sys=0.00, real=0.00 secs] 
2018-03-19T13:28:01.065+0530: 4616.167: [GC (Allocation Failure) [PSYoungGen: 173664K->96K(174080K)] 366124K->192572K(523776K), 0.0017045 secs] [Times: user=0.00 sys=0.00, real=0.00 secs] 
2018-03-19T13:28:01.426+0530: 4616.528: [GC (Allocation Failure) [PSYoungGen: 173664K->96K(174080K)] 366140K->192596K(523776K), 0.0017313 secs] [Times: user=0.00 sys=0.00, real=0.00 secs] 
2018-03-19T13:28:01.791+0530: 4616.893: [GC (Allocation Failure) [PSYoungGen: 173664K->96K(174080K)] 366164K->192620K(523776K), 0.0016199 secs] [Times: user=0.00 sys=0.00, real=0.00 secs] 
2018-03-19T13:28:02.148+0530: 4617.250: [GC (Allocation Failure) [PSYoungGen: 173664K->96K(174080K)] 366188K->192644K(523776K), 0.0019919 secs] [Times: user=0.02 sys=0.00, real=0.00 secs] 
2018-03-19T13:28:02.499+0530: 4617.603: [GC (Allocation Failure) [PSYoungGen: 173664K->64K(174080K)] 366212K->192636K(523776K), 0.0018191 secs] [Times: user=0.00 sys=0.00, real=0.00 secs] 
2018-03-19T13:28:02.846+0530: 4617.950: [GC (Allocation Failure) [PSYoungGen: 173632K->96K(174080K)] 366204K->192692K(523776K), 0.0016859 secs] [Times: user=0.00 sys=0.00, real=0.00 secs] 
2018-03-19T13:28:03.201+0530: 4618.304: [GC (Allocation Failure) [PSYoungGen: 173664K->96K(174080K)] 366260K->192716K(523776K), 0.0015963 secs] [Times: user=0.00 sys=0.00, real=0.00 secs] 
2018-03-19T13:28:03.573+0530: 4618.677: [GC (Allocation Failure) [PSYoungGen: 173664K->64K(174080K)] 366284K->192700K(523776K), 0.0022222 secs] [Times: user=0.00 sys=0.00, real=0.00 secs] 
2018-03-19T13:28:03.960+0530: 4619.064: [GC (Allocation Failure) [PSYoungGen: 173632K->96K(174080K)] 366268K->192756K(523776K), 0.0017017 secs] [Times: user=0.05 sys=0.00, real=0.00 secs] 
2018-03-19T13:28:04.318+0530: 4619.421: [GC (Allocation Failure) [PSYoungGen: 173664K->96K(174080K)] 366324K->192780K(523776K), 0.0022169 secs] [Times: user=0.00 sys=0.00, real=0.00 secs] 
2018-03-19T13:28:04.706+0530: 4619.809: [GC (Allocation Failure) [PSYoungGen: 173664K->64K(174080K)] 366348K->192772K(523776K), 0.0021369 secs] [Times: user=0.00 sys=0.00, real=0.00 secs] 
2018-03-19T13:28:05.054+0530: 4620.157: [GC (Allocation Failure) [PSYoungGen: 173632K->96K(174080K)] 366340K->192820K(523776K), 0.0017313 secs] [Times: user=0.00 sys=0.00, real=0.00 secs] 
2018-03-19T13:28:05.414+0530: 4620.517: [GC (Allocation Failure) [PSYoungGen: 173664K->96K(174080K)] 366388K->192844K(523776K), 0.0016975 secs] [Times: user=0.06 sys=0.00, real=0.00 secs] 
2018-03-19T13:28:05.762+0530: 4620.865: [GC (Allocation Failure) [PSYoungGen: 173664K->96K(174080K)] 366412K->192860K(523776K), 0.0016901 secs] [Times: user=0.00 sys=0.00, real=0.00 secs] 
2018-03-19T13:28:06.116+0530: 4621.219: [GC (Allocation Failure) [PSYoungGen: 173664K->96K(174080K)] 366428K->192884K(523776K), 0.0017790 secs] [Times: user=0.00 sys=0.00, real=0.00 secs] 
2018-03-19T13:28:06.481+0530: 4621.584: [GC (Allocation Failure) [PSYoungGen: 173664K->32K(174080K)] 366452K->192844K(523776K), 0.0025216 secs] [Times: user=0.00 sys=0.00, real=0.00 secs] 
2018-03-19T13:28:06.856+0530: 4621.959: [GC (Allocation Failure) [PSYoungGen: 173600K->96K(174080K)] 366412K->192924K(523776K), 0.0016788 secs] [Times: user=0.00 sys=0.00, real=0.00 secs] 
2018-03-19T13:28:07.195+0530: 4622.298: [GC (Allocation Failure) [PSYoungGen: 173664K->96K(174080K)] 366492K->192948K(523776K), 0.0017395 secs] [Times: user=0.02 sys=0.00, real=0.00 secs] 
2018-03-19T13:28:07.564+0530: 4622.667: [GC (Allocation Failure) [PSYoungGen: 173664K->96K(174080K)] 366516K->192972K(523776K), 0.0015388 secs] [Times: user=0.00 sys=0.00, real=0.00 secs] 
2018-03-19T13:28:07.974+0530: 4623.077: [GC (Allocation Failure) [PSYoungGen: 173664K->64K(174080K)] 366540K->192964K(523776K), 0.0016160 secs] [Times: user=0.00 sys=0.00, real=0.00 secs] 
2018-03-19T13:28:08.309+0530: 4623.412: [GC (Allocation Failure) [PSYoungGen: 173632K->96K(174080K)] 366532K->193012K(523776K), 0.0016904 secs] [Times: user=0.00 sys=0.00, real=0.00 secs] 
2018-03-19T13:28:08.689+0530: 4623.791: [GC (Allocation Failure) [PSYoungGen: 173664K->96K(174080K)] 366580K->193036K(523776K), 0.0015318 secs] [Times: user=0.00 sys=0.00, real=0.00 secs] 
2018-03-19T13:28:09.038+0530: 4624.140: [GC (Allocation Failure) [PSYoungGen: 173664K->96K(174080K)] 366604K->193052K(523776K), 0.0022924 secs] [Times: user=0.00 sys=0.00, real=0.00 secs] 
2018-03-19T13:28:09.382+0530: 4624.485: [GC (Allocation Failure) [PSYoungGen: 173664K->96K(174080K)] 366620K->193084K(523776K), 0.0024567 secs] [Times: user=0.00 sys=0.00, real=0.00 secs] 
2018-03-19T13:28:09.732+0530: 4624.835: [GC (Allocation Failure) [PSYoungGen: 173664K->96K(174080K)] 366652K->193100K(523776K), 0.0016354 secs] [Times: user=0.00 sys=0.00, real=0.00 secs] 
2018-03-19T13:28:10.111+0530: 4625.213: [GC (Allocation Failure) [PSYoungGen: 173664K->96K(174080K)] 366668K->193124K(523776K), 0.0015018 secs] [Times: user=0.00 sys=0.00, real=0.00 secs] 
2018-03-19T13:28:10.491+0530: 4625.594: [GC (Allocation Failure) [PSYoungGen: 173664K->96K(174080K)] 366692K->193148K(523776K), 0.0017881 secs] [Times: user=0.00 sys=0.00, real=0.00 secs] 
2018-03-19T13:28:10.870+0530: 4625.973: [GC (Allocation Failure) [PSYoungGen: 173664K->96K(174080K)] 366716K->193172K(523776K), 0.0018110 secs] [Times: user=0.00 sys=0.00, real=0.00 secs] 
2018-03-19T13:28:11.211+0530: 4626.314: [GC (Allocation Failure) [PSYoungGen: 173664K->96K(174080K)] 366740K->193188K(523776K), 0.0016439 secs] [Times: user=0.02 sys=0.00, real=0.00 secs] 
2018-03-19T13:28:11.583+0530: 4626.686: [GC (Allocation Failure) [PSYoungGen: 173664K->96K(174080K)] 366756K->193212K(523776K), 0.0016725 secs] [Times: user=0.00 sys=0.00, real=0.00 secs] 
2018-03-19T13:28:11.982+0530: 4627.085: [GC (Allocation Failure) [PSYoungGen: 173664K->32K(174080K)] 366780K->193164K(523776K), 0.0022807 secs] [Times: user=0.00 sys=0.00, real=0.00 secs] 
2018-03-19T13:28:12.371+0530: 4627.474: [GC (Allocation Failure) [PSYoungGen: 173600K->64K(174080K)] 366732K->193220K(523776K), 0.0037818 secs] [Times: user=0.00 sys=0.00, real=0.00 secs] 
2018-03-19T13:28:12.874+0530: 4627.977: [GC (Allocation Failure) [PSYoungGen: 173632K->32K(174080K)] 366788K->193204K(523776K), 0.0022737 secs] [Times: user=0.00 sys=0.00, real=0.00 secs] 
2018-03-19T13:28:13.329+0530: 4628.432: [GC (Allocation Failure) [PSYoungGen: 173600K->32K(174080K)] 366772K->193220K(523776K), 0.0022398 secs] [Times: user=0.00 sys=0.00, real=0.00 secs] 
2018-03-19T13:28:13.756+0530: 4628.860: [GC (Allocation Failure) [PSYoungGen: 173600K->32K(174080K)] 366788K->193236K(523776K), 0.0022240 secs] [Times: user=0.02 sys=0.00, real=0.00 secs] 
2018-03-19T13:28:14.269+0530: 4629.372: [GC (Allocation Failure) [PSYoungGen: 173600K->32K(174080K)] 366804K->193252K(523776K), 0.0022733 secs] [Times: user=0.00 sys=0.00, real=0.00 secs] 
2018-03-19T13:28:14.889+0530: 4629.993: [GC (Allocation Failure) [PSYoungGen: 173600K->64K(174080K)] 366820K->193300K(523776K), 0.0020409 secs] [Times: user=0.00 sys=0.00, real=0.00 secs] 
2018-03-19T13:28:15.345+0530: 4630.447: [GC (Allocation Failure) [PSYoungGen: 173632K->32K(174080K)] 366868K->193284K(523776K), 0.0020847 secs] [Times: user=0.00 sys=0.00, real=0.00 secs] 
2018-03-19T13:28:15.750+0530: 4630.853: [GC (Allocation Failure) [PSYoungGen: 173600K->64K(174080K)] 366852K->193332K(523776K), 0.0167440 secs] [Times: user=0.00 sys=0.00, real=0.02 secs] 
2018-03-19T13:28:16.155+0530: 4631.257: [GC (Allocation Failure) [PSYoungGen: 173632K->96K(174080K)] 366900K->193380K(523776K), 0.0012402 secs] [Times: user=0.00 sys=0.00, real=0.00 secs] 
2018-03-19T13:28:16.392+0530: 4631.495: [GC (Allocation Failure) [PSYoungGen: 173664K->96K(174080K)] 366948K->193396K(523776K), 0.0018999 secs] [Times: user=0.00 sys=0.00, real=0.00 secs] 
2018-03-19T13:28:16.621+0530: 4631.724: [GC (Allocation Failure) [PSYoungGen: 173664K->96K(174080K)] 366964K->193412K(523776K), 0.0012856 secs] [Times: user=0.00 sys=0.00, real=0.00 secs] 
2018-03-19T13:28:16.853+0530: 4631.956: [GC (Allocation Failure) [PSYoungGen: 173664K->96K(174080K)] 366980K->193428K(523776K), 0.0010578 secs] [Times: user=0.00 sys=0.00, real=0.00 secs] 
2018-03-19T13:28:17.071+0530: 4632.174: [GC (Allocation Failure) [PSYoungGen: 173664K->96K(174080K)] 366996K->193452K(523776K), 0.0010159 secs] [Times: user=0.06 sys=0.00, real=0.00 secs] 
2018-03-19T13:28:17.275+0530: 4632.377: [GC (Allocation Failure) [PSYoungGen: 173664K->96K(174080K)] 367020K->193476K(523776K), 0.0013738 secs] [Times: user=0.00 sys=0.00, real=0.00 secs] 
2018-03-19T13:28:17.508+0530: 4632.611: [GC (Allocation Failure) [PSYoungGen: 173664K->64K(174080K)] 367044K->193476K(523776K), 0.0013410 secs] [Times: user=0.06 sys=0.00, real=0.00 secs] 
2018-03-19T13:28:17.699+0530: 4632.802: [GC (Allocation Failure) [PSYoungGen: 173632K->64K(174080K)] 367044K->193500K(523776K), 0.0012835 secs] [Times: user=0.00 sys=0.00, real=0.00 secs] 
2018-03-19T13:28:17.906+0530: 4633.009: [GC (Allocation Failure) [PSYoungGen: 173632K->96K(174080K)] 367068K->193548K(523776K), 0.0012271 secs] [Times: user=0.00 sys=0.00, real=0.00 secs] 
2018-03-19T13:28:18.089+0530: 4633.192: [GC (Allocation Failure) [PSYoungGen: 173664K->96K(174080K)] 367116K->193564K(523776K), 0.0009616 secs] [Times: user=0.00 sys=0.00, real=0.00 secs] 
2018-03-19T13:28:18.277+0530: 4633.380: [GC (Allocation Failure) [PSYoungGen: 173664K->96K(174080K)] 367132K->193596K(523776K), 0.0008960 secs] [Times: user=0.00 sys=0.00, real=0.00 secs] 
2018-03-19T13:28:18.462+0530: 4633.565: [GC (Allocation Failure) [PSYoungGen: 173664K->96K(174080K)] 367164K->193620K(523776K), 0.0008456 secs] [Times: user=0.05 sys=0.00, real=0.00 secs] 
2018-03-19T13:28:18.634+0530: 4633.738: [GC (Allocation Failure) [PSYoungGen: 173664K->96K(174080K)] 367188K->193644K(523776K), 0.0008925 secs] [Times: user=0.00 sys=0.00, real=0.00 secs] 
2018-03-19T13:28:18.808+0530: 4633.911: [GC (Allocation Failure) [PSYoungGen: 173664K->96K(174080K)] 367212K->193668K(523776K), 0.0011174 secs] [Times: user=0.00 sys=0.00, real=0.00 secs] 
2018-03-19T13:28:18.986+0530: 4634.090: [GC (Allocation Failure) [PSYoungGen: 173664K->64K(174080K)] 367236K->193652K(523776K), 0.0008889 secs] [Times: user=0.00 sys=0.00, real=0.00 secs] 
2018-03-19T13:28:19.144+0530: 4634.247: [GC (Allocation Failure) [PSYoungGen: 173632K->96K(174080K)] 367220K->193708K(523776K), 0.0011062 secs] [Times: user=0.00 sys=0.00, real=0.00 secs] 
2018-03-19T13:28:19.317+0530: 4634.420: [GC (Allocation Failure) [PSYoungGen: 173664K->64K(174080K)] 367276K->193692K(523776K), 0.0013692 secs] [Times: user=0.00 sys=0.00, real=0.00 secs] 
2018-03-19T13:28:19.491+0530: 4634.594: [GC (Allocation Failure) [PSYoungGen: 173632K->96K(174080K)] 367260K->193748K(523776K), 0.0008967 secs] [Times: user=0.00 sys=0.00, real=0.00 secs] 
2018-03-19T13:28:19.663+0530: 4634.766: [GC (Allocation Failure) [PSYoungGen: 173664K->96K(174080K)] 367316K->193764K(523776K), 0.0010660 secs] [Times: user=0.01 sys=0.02, real=0.00 secs] 
2018-03-19T13:28:19.840+0530: 4634.943: [GC (Allocation Failure) [PSYoungGen: 173664K->64K(174080K)] 367332K->193748K(523776K), 0.0008466 secs] [Times: user=0.00 sys=0.00, real=0.00 secs] 
2018-03-19T13:28:19.995+0530: 4635.098: [GC (Allocation Failure) [PSYoungGen: 173632K->128K(174080K)] 367316K->193828K(523776K), 0.0008265 secs] [Times: user=0.00 sys=0.00, real=0.00 secs] 
2018-03-19T13:28:20.133+0530: 4635.236: [GC (Allocation Failure) [PSYoungGen: 173696K->96K(174080K)] 367396K->193820K(523776K), 0.0008643 secs] [Times: user=0.02 sys=0.00, real=0.00 secs] 
2018-03-19T13:28:20.313+0530: 4635.416: [GC (Allocation Failure) [PSYoungGen: 173664K->96K(174080K)] 367388K->193844K(523776K), 0.0016940 secs] [Times: user=0.00 sys=0.00, real=0.00 secs] 
2018-03-19T13:28:20.669+0530: 4635.772: [GC (Allocation Failure) [PSYoungGen: 173664K->96K(174080K)] 367412K->193860K(523776K), 0.0016608 secs] [Times: user=0.00 sys=0.00, real=0.00 secs] 
2018-03-19T13:28:21.005+0530: 4636.107: [GC (Allocation Failure) [PSYoungGen: 173664K->128K(174080K)] 367428K->193916K(523776K), 0.0016781 secs] [Times: user=0.00 sys=0.00, real=0.00 secs] 
2018-03-19T13:28:21.371+0530: 4636.473: [GC (Allocation Failure) [PSYoungGen: 173696K->32K(174080K)] 367484K->193836K(523776K), 0.0026735 secs] [Times: user=0.00 sys=0.00, real=0.00 secs] 
2018-03-19T13:28:21.745+0530: 4636.847: [GC (Allocation Failure) [PSYoungGen: 173600K->96K(174080K)] 367404K->193924K(523776K), 0.0015469 secs] [Times: user=0.00 sys=0.00, real=0.00 secs] 
2018-03-19T13:28:22.109+0530: 4637.212: [GC (Allocation Failure) [PSYoungGen: 173664K->96K(174080K)] 367492K->193948K(523776K), 0.0022790 secs] [Times: user=0.00 sys=0.00, real=0.00 secs] 
2018-03-19T13:28:22.458+0530: 4637.562: [GC (Allocation Failure) [PSYoungGen: 173664K->96K(174080K)] 367516K->193972K(523776K), 0.0017476 secs] [Times: user=0.00 sys=0.00, real=0.00 secs] 
2018-03-19T13:28:22.817+0530: 4637.921: [GC (Allocation Failure) [PSYoungGen: 173664K->64K(174080K)] 367540K->193964K(523776K), 0.0018939 secs] [Times: user=0.00 sys=0.00, real=0.00 secs] 
2018-03-19T13:28:23.206+0530: 4638.308: [GC (Allocation Failure) [PSYoungGen: 173632K->96K(174080K)] 367532K->194012K(523776K), 0.0029842 secs] [Times: user=0.00 sys=0.00, real=0.00 secs] 
2018-03-19T13:28:23.615+0530: 4638.717: [GC (Allocation Failure) [PSYoungGen: 173664K->64K(174080K)] 367580K->194004K(523776K), 0.0019828 secs] [Times: user=0.00 sys=0.00, real=0.00 secs] 
2018-03-19T13:28:24.045+0530: 4639.147: [GC (Allocation Failure) [PSYoungGen: 173632K->96K(174080K)] 367572K->194060K(523776K), 0.0016510 secs] [Times: user=0.00 sys=0.00, real=0.00 secs] 
2018-03-19T13:28:24.453+0530: 4639.556: [GC (Allocation Failure) [PSYoungGen: 173664K->64K(174080K)] 367628K->194044K(523776K), 0.0019577 secs] [Times: user=0.00 sys=0.00, real=0.00 secs] 
2018-03-19T13:28:24.855+0530: 4639.958: [GC (Allocation Failure) [PSYoungGen: 173632K->64K(174080K)] 367612K->194068K(523776K), 0.0017747 secs] [Times: user=0.00 sys=0.00, real=0.00 secs] 
2018-03-19T13:28:25.247+0530: 4640.350: [GC (Allocation Failure) [PSYoungGen: 173632K->96K(174080K)] 367636K->194116K(523776K), 0.0017338 secs] [Times: user=0.00 sys=0.00, real=0.00 secs] 
2018-03-19T13:28:25.625+0530: 4640.728: [GC (Allocation Failure) [PSYoungGen: 173664K->96K(174080K)] 367684K->194140K(523776K), 0.0015878 secs] [Times: user=0.00 sys=0.00, real=0.00 secs] 
2018-03-19T13:28:25.956+0530: 4641.059: [GC (Allocation Failure) [PSYoungGen: 173664K->96K(174080K)] 367708K->194156K(523776K), 0.0017109 secs] [Times: user=0.00 sys=0.00, real=0.00 secs] 
2018-03-19T13:28:26.299+0530: 4641.401: [GC (Allocation Failure) [PSYoungGen: 173664K->96K(174080K)] 367724K->194180K(523776K), 0.0013565 secs] [Times: user=0.00 sys=0.00, real=0.00 secs] 
2018-03-19T13:28:26.590+0530: 4641.693: [GC (Allocation Failure) [PSYoungGen: 173664K->64K(174080K)] 367748K->194164K(523776K), 0.0016643 secs] [Times: user=0.00 sys=0.00, real=0.00 secs] 
2018-03-19T13:28:26.896+0530: 4641.999: [GC (Allocation Failure) [PSYoungGen: 173632K->96K(174080K)] 367732K->194220K(523776K), 0.0011545 secs] [Times: user=0.00 sys=0.00, real=0.00 secs] 
2018-03-19T13:28:27.131+0530: 4642.234: [GC (Allocation Failure) [PSYoungGen: 173664K->64K(174080K)] 367788K->194212K(523776K), 0.0012303 secs] [Times: user=0.00 sys=0.00, real=0.00 secs] 
2018-03-19T13:28:27.374+0530: 4642.476: [GC (Allocation Failure) [PSYoungGen: 173632K->64K(174080K)] 367780K->194228K(523776K), 0.0015526 secs] [Times: user=0.00 sys=0.00, real=0.00 secs] 
2018-03-19T13:28:27.629+0530: 4642.732: [GC (Allocation Failure) [PSYoungGen: 173632K->96K(174080K)] 367796K->194276K(523776K), 0.0010804 secs] [Times: user=0.00 sys=0.00, real=0.00 secs] 
2018-03-19T13:28:27.907+0530: 4643.010: [GC (Allocation Failure) [PSYoungGen: 173664K->96K(174080K)] 367844K->194292K(523776K), 0.0010649 secs] [Times: user=0.00 sys=0.00, real=0.00 secs] 
2018-03-19T13:28:28.133+0530: 4643.235: [GC (Allocation Failure) [PSYoungGen: 173664K->96K(174080K)] 367860K->194316K(523776K), 0.0011114 secs] [Times: user=0.00 sys=0.00, real=0.00 secs] 
2018-03-19T13:28:28.365+0530: 4643.468: [GC (Allocation Failure) [PSYoungGen: 173664K->96K(174080K)] 367884K->194332K(523776K), 0.0013138 secs] [Times: user=0.00 sys=0.00, real=0.00 secs] 
2018-03-19T13:28:28.585+0530: 4643.688: [GC (Allocation Failure) [PSYoungGen: 173664K->96K(174080K)] 367900K->194364K(523776K), 0.0013791 secs] [Times: user=0.00 sys=0.00, real=0.00 secs] 
2018-03-19T13:28:28.771+0530: 4643.875: [GC (Allocation Failure) [PSYoungGen: 173664K->96K(174080K)] 367932K->194388K(523776K), 0.0013332 secs] [Times: user=0.00 sys=0.00, real=0.00 secs] 
2018-03-19T13:28:28.987+0530: 4644.090: [GC (Allocation Failure) [PSYoungGen: 173664K->64K(174080K)] 367956K->194380K(523776K), 0.0010095 secs] [Times: user=0.00 sys=0.00, real=0.00 secs] 
2018-03-19T13:28:29.197+0530: 4644.300: [GC (Allocation Failure) [PSYoungGen: 173632K->64K(174080K)] 367948K->194396K(523776K), 0.0016467 secs] [Times: user=0.00 sys=0.00, real=0.00 secs] 
2018-03-19T13:28:29.410+0530: 4644.513: [GC (Allocation Failure) [PSYoungGen: 173632K->96K(174080K)] 367964K->194444K(523776K), 0.0010656 secs] [Times: user=0.00 sys=0.00, real=0.00 secs] 
2018-03-19T13:28:29.622+0530: 4644.724: [GC (Allocation Failure) [PSYoungGen: 173664K->32K(174080K)] 368012K->194396K(523776K), 0.0020110 secs] [Times: user=0.00 sys=0.00, real=0.00 secs] 
2018-03-19T13:28:29.839+0530: 4644.942: [GC (Allocation Failure) [PSYoungGen: 173600K->96K(174080K)] 367964K->194492K(523776K), 0.0013121 secs] [Times: user=0.00 sys=0.00, real=0.00 secs] 
2018-03-19T13:28:30.038+0530: 4645.141: [GC (Allocation Failure) [PSYoungGen: 173664K->64K(174080K)] 368060K->194484K(523776K), 0.0013741 secs] [Times: user=0.00 sys=0.00, real=0.00 secs] 
2018-03-19T13:28:30.233+0530: 4645.336: [GC (Allocation Failure) [PSYoungGen: 173632K->96K(174080K)] 368052K->194532K(523776K), 0.0010490 secs] [Times: user=0.00 sys=0.00, real=0.00 secs] 
2018-03-19T13:28:30.626+0530: 4645.729: [GC (Allocation Failure) [PSYoungGen: 173664K->96K(174080K)] 368100K->194556K(523776K), 0.0020067 secs] [Times: user=0.00 sys=0.00, real=0.00 secs] 
2018-03-19T13:28:31.005+0530: 4646.108: [GC (Allocation Failure) [PSYoungGen: 173664K->64K(174080K)] 368124K->194548K(523776K), 0.0023089 secs] [Times: user=0.00 sys=0.00, real=0.00 secs] 
2018-03-19T13:28:31.386+0530: 4646.490: [GC (Allocation Failure) [PSYoungGen: 173632K->64K(174080K)] 368116K->194564K(523776K), 0.0027144 secs] [Times: user=0.00 sys=0.00, real=0.00 secs] 
2018-03-19T13:28:31.751+0530: 4646.855: [GC (Allocation Failure) [PSYoungGen: 173632K->96K(174080K)] 368132K->194620K(523776K), 0.0017338 secs] [Times: user=0.00 sys=0.00, real=0.00 secs] 
2018-03-19T13:28:32.159+0530: 4647.263: [GC (Allocation Failure) [PSYoungGen: 173664K->96K(174080K)] 368188K->194636K(523776K), 0.0015194 secs] [Times: user=0.00 sys=0.00, real=0.00 secs] 
2018-03-19T13:28:32.538+0530: 4647.641: [GC (Allocation Failure) [PSYoungGen: 173664K->96K(174080K)] 368204K->194652K(523776K), 0.0017264 secs] [Times: user=0.02 sys=0.00, real=0.00 secs] 
2018-03-19T13:28:32.903+0530: 4648.006: [GC (Allocation Failure) [PSYoungGen: 173664K->64K(174080K)] 368220K->194644K(523776K), 0.0020353 secs] [Times: user=0.00 sys=0.00, real=0.00 secs] 
2018-03-19T13:28:33.269+0530: 4648.372: [GC (Allocation Failure) [PSYoungGen: 173632K->64K(174080K)] 368212K->194660K(523776K), 0.0029676 secs] [Times: user=0.00 sys=0.00, real=0.00 secs] 
2018-03-19T13:28:33.676+0530: 4648.780: [GC (Allocation Failure) [PSYoungGen: 173632K->64K(174080K)] 368228K->194676K(523776K), 0.0020938 secs] [Times: user=0.00 sys=0.00, real=0.00 secs] 
2018-03-19T13:28:34.069+0530: 4649.173: [GC (Allocation Failure) [PSYoungGen: 173632K->64K(174080K)] 368244K->194692K(523776K), 0.0025706 secs] [Times: user=0.05 sys=0.00, real=0.00 secs] 
2018-03-19T13:28:34.479+0530: 4649.582: [GC (Allocation Failure) [PSYoungGen: 173632K->96K(174080K)] 368260K->194748K(523776K), 0.0016573 secs] [Times: user=0.00 sys=0.00, real=0.00 secs] 
2018-03-19T13:28:34.852+0530: 4649.955: [GC (Allocation Failure) [PSYoungGen: 173664K->96K(174080K)] 368316K->194772K(523776K), 0.0021651 secs] [Times: user=0.06 sys=0.00, real=0.00 secs] 
2018-03-19T13:28:35.236+0530: 4650.339: [GC (Allocation Failure) [PSYoungGen: 173664K->128K(174080K)] 368340K->194820K(523776K), 0.0023382 secs] [Times: user=0.00 sys=0.00, real=0.00 secs] 
2018-03-19T13:28:35.628+0530: 4650.732: [GC (Allocation Failure) [PSYoungGen: 173696K->64K(174080K)] 368388K->194780K(523776K), 0.0022148 secs] [Times: user=0.00 sys=0.00, real=0.00 secs] 
2018-03-19T13:28:36.004+0530: 4651.107: [GC (Allocation Failure) [PSYoungGen: 173632K->64K(174080K)] 368348K->194796K(523776K), 0.0019972 secs] [Times: user=0.00 sys=0.00, real=0.00 secs] 
2018-03-19T13:28:36.378+0530: 4651.482: [GC (Allocation Failure) [PSYoungGen: 173632K->96K(174080K)] 368364K->194860K(523776K), 0.0017148 secs] [Times: user=0.00 sys=0.00, real=0.00 secs] 
2018-03-19T13:28:36.740+0530: 4651.843: [GC (Allocation Failure) [PSYoungGen: 173664K->96K(174080K)] 368428K->194884K(523776K), 0.0019412 secs] [Times: user=0.00 sys=0.00, real=0.00 secs] 
2018-03-19T13:28:37.108+0530: 4652.211: [GC (Allocation Failure) [PSYoungGen: 173664K->96K(174080K)] 368452K->194908K(523776K), 0.0016608 secs] [Times: user=0.00 sys=0.00, real=0.00 secs] 
2018-03-19T13:28:37.500+0530: 4652.603: [GC (Allocation Failure) [PSYoungGen: 173664K->96K(174080K)] 368476K->194932K(523776K), 0.0023495 secs] [Times: user=0.00 sys=0.00, real=0.00 secs] 
2018-03-19T13:28:37.871+0530: 4652.975: [GC (Allocation Failure) [PSYoungGen: 173664K->96K(174080K)] 368500K->194956K(523776K), 0.0021372 secs] [Times: user=0.00 sys=0.00, real=0.00 secs] 
2018-03-19T13:28:38.239+0530: 4653.342: [GC (Allocation Failure) [PSYoungGen: 173664K->96K(174080K)] 368524K->194980K(523776K), 0.0017790 secs] [Times: user=0.00 sys=0.00, real=0.00 secs] 
2018-03-19T13:28:38.608+0530: 4653.711: [GC (Allocation Failure) [PSYoungGen: 173664K->96K(174080K)] 368548K->194996K(523776K), 0.0016908 secs] [Times: user=0.00 sys=0.00, real=0.00 secs] 
2018-03-19T13:28:38.986+0530: 4654.089: [GC (Allocation Failure) [PSYoungGen: 173664K->96K(174080K)] 368564K->195020K(523776K), 0.0016305 secs] [Times: user=0.00 sys=0.00, real=0.00 secs] 
2018-03-19T13:28:39.365+0530: 4654.467: [GC (Allocation Failure) [PSYoungGen: 173664K->64K(174080K)] 368588K->195012K(523776K), 0.0016753 secs] [Times: user=0.00 sys=0.00, real=0.00 secs] 
2018-03-19T13:28:39.729+0530: 4654.831: [GC (Allocation Failure) [PSYoungGen: 173632K->96K(174080K)] 368580K->195076K(523776K), 0.0017035 secs] [Times: user=0.00 sys=0.00, real=0.00 secs] 
2018-03-19T13:28:40.127+0530: 4655.230: [GC (Allocation Failure) [PSYoungGen: 173664K->96K(174080K)] 368644K->195100K(523776K), 0.0016393 secs] [Times: user=0.00 sys=0.00, real=0.00 secs] 
2018-03-19T13:28:40.489+0530: 4655.592: [GC (Allocation Failure) [PSYoungGen: 173664K->96K(174080K)] 368668K->195124K(523776K), 0.0016732 secs] [Times: user=0.00 sys=0.00, real=0.00 secs] 
2018-03-19T13:28:40.849+0530: 4655.952: [GC (Allocation Failure) [PSYoungGen: 173664K->96K(174080K)] 368692K->195140K(523776K), 0.0016901 secs] [Times: user=0.00 sys=0.00, real=0.00 secs] 
2018-03-19T13:28:41.202+0530: 4656.305: [GC (Allocation Failure) [PSYoungGen: 173664K->96K(174080K)] 368708K->195156K(523776K), 0.0016545 secs] [Times: user=0.00 sys=0.00, real=0.00 secs] 
2018-03-19T13:28:41.586+0530: 4656.688: [GC (Allocation Failure) [PSYoungGen: 173664K->96K(174080K)] 368724K->195188K(523776K), 0.0016330 secs] [Times: user=0.00 sys=0.00, real=0.00 secs] 
2018-03-19T13:28:41.937+0530: 4657.039: [GC (Allocation Failure) [PSYoungGen: 173664K->96K(174080K)] 368756K->195212K(523776K), 0.0017603 secs] [Times: user=0.00 sys=0.00, real=0.00 secs] 
2018-03-19T13:28:42.311+0530: 4657.414: [GC (Allocation Failure) [PSYoungGen: 173664K->64K(174080K)] 368780K->195204K(523776K), 0.0022740 secs] [Times: user=0.00 sys=0.00, real=0.00 secs] 
2018-03-19T13:28:42.690+0530: 4657.792: [GC (Allocation Failure) [PSYoungGen: 173632K->96K(174080K)] 368772K->195252K(523776K), 0.0021125 secs] [Times: user=0.00 sys=0.00, real=0.00 secs] 
2018-03-19T13:28:43.066+0530: 4658.169: [GC (Allocation Failure) [PSYoungGen: 173664K->96K(174080K)] 368820K->195276K(523776K), 0.0017715 secs] [Times: user=0.00 sys=0.00, real=0.00 secs] 
2018-03-19T13:28:43.437+0530: 4658.540: [GC (Allocation Failure) [PSYoungGen: 173664K->96K(174080K)] 368844K->195300K(523776K), 0.0016943 secs] [Times: user=0.00 sys=0.00, real=0.00 secs] 
2018-03-19T13:28:43.786+0530: 4658.888: [GC (Allocation Failure) [PSYoungGen: 173664K->96K(174080K)] 368868K->195324K(523776K), 0.0022437 secs] [Times: user=0.00 sys=0.00, real=0.00 secs] 
2018-03-19T13:28:44.143+0530: 4659.245: [GC (Allocation Failure) [PSYoungGen: 173664K->96K(174080K)] 368892K->195348K(523776K), 0.0022433 secs] [Times: user=0.00 sys=0.00, real=0.00 secs] 
2018-03-19T13:28:44.535+0530: 4659.638: [GC (Allocation Failure) [PSYoungGen: 173664K->64K(174080K)] 368916K->195340K(523776K), 0.0016404 secs] [Times: user=0.00 sys=0.00, real=0.00 secs] 
2018-03-19T13:28:44.932+0530: 4660.035: [GC (Allocation Failure) [PSYoungGen: 173632K->96K(174080K)] 368908K->195396K(523776K), 0.0016834 secs] [Times: user=0.00 sys=0.00, real=0.00 secs] 
2018-03-19T13:28:45.280+0530: 4660.382: [GC (Allocation Failure) [PSYoungGen: 173664K->96K(174080K)] 368964K->195420K(523776K), 0.0016732 secs] [Times: user=0.00 sys=0.00, real=0.00 secs] 
2018-03-19T13:28:45.672+0530: 4660.775: [GC (Allocation Failure) [PSYoungGen: 173664K->96K(174080K)] 368988K->195436K(523776K), 0.0016777 secs] [Times: user=0.00 sys=0.00, real=0.00 secs] 
2018-03-19T13:28:46.019+0530: 4661.122: [GC (Allocation Failure) [PSYoungGen: 173664K->96K(174080K)] 369004K->195460K(523776K), 0.0016651 secs] [Times: user=0.00 sys=0.00, real=0.00 secs] 
2018-03-19T13:28:46.371+0530: 4661.474: [GC (Allocation Failure) [PSYoungGen: 173664K->64K(174080K)] 369028K->195444K(523776K), 0.0021192 secs] [Times: user=0.00 sys=0.00, real=0.00 secs] 
2018-03-19T13:28:46.741+0530: 4661.844: [GC (Allocation Failure) [PSYoungGen: 173632K->128K(174080K)] 369012K->195532K(523776K), 0.0016506 secs] [Times: user=0.02 sys=0.00, real=0.00 secs] 
2018-03-19T13:28:47.105+0530: 4662.208: [GC (Allocation Failure) [PSYoungGen: 173696K->96K(174080K)] 369100K->195516K(523776K), 0.0016499 secs] [Times: user=0.00 sys=0.00, real=0.00 secs] 
2018-03-19T13:28:47.487+0530: 4662.590: [GC (Allocation Failure) [PSYoungGen: 173664K->32K(174080K)] 369084K->195476K(523776K), 0.0017860 secs] [Times: user=0.00 sys=0.00, real=0.00 secs] 
2018-03-19T13:28:47.918+0530: 4663.020: [GC (Allocation Failure) [PSYoungGen: 173600K->96K(174080K)] 369044K->195556K(523776K), 0.0017698 secs] [Times: user=0.00 sys=0.00, real=0.00 secs] 
2018-03-19T13:28:48.353+0530: 4663.455: [GC (Allocation Failure) [PSYoungGen: 173664K->96K(174080K)] 369124K->195580K(523776K), 0.0016287 secs] [Times: user=0.00 sys=0.00, real=0.00 secs] 
2018-03-19T13:28:48.793+0530: 4663.896: [GC (Allocation Failure) [PSYoungGen: 173664K->64K(174080K)] 369148K->195572K(523776K), 0.0019616 secs] [Times: user=0.00 sys=0.00, real=0.00 secs] 
2018-03-19T13:28:49.192+0530: 4664.295: [GC (Allocation Failure) [PSYoungGen: 173632K->96K(174080K)] 369140K->195620K(523776K), 0.0017261 secs] [Times: user=0.00 sys=0.00, real=0.00 secs] 
2018-03-19T13:28:49.611+0530: 4664.714: [GC (Allocation Failure) [PSYoungGen: 173664K->96K(174080K)] 369188K->195636K(523776K), 0.0017120 secs] [Times: user=0.00 sys=0.00, real=0.00 secs] 
2018-03-19T13:28:49.970+0530: 4665.073: [GC (Allocation Failure) [PSYoungGen: 173664K->96K(174080K)] 369204K->195652K(523776K), 0.0022204 secs] [Times: user=0.00 sys=0.00, real=0.00 secs] 
2018-03-19T13:28:50.319+0530: 4665.422: [GC (Allocation Failure) [PSYoungGen: 173664K->96K(174080K)] 369220K->195676K(523776K), 0.0017289 secs] [Times: user=0.00 sys=0.00, real=0.00 secs] 
2018-03-19T13:28:50.715+0530: 4665.818: [GC (Allocation Failure) [PSYoungGen: 173664K->96K(174080K)] 369244K->195708K(523776K), 0.0015508 secs] [Times: user=0.00 sys=0.00, real=0.00 secs] 
2018-03-19T13:28:51.081+0530: 4666.184: [GC (Allocation Failure) [PSYoungGen: 173664K->96K(174080K)] 369276K->195724K(523776K), 0.0016989 secs] [Times: user=0.00 sys=0.00, real=0.00 secs] 
2018-03-19T13:28:51.441+0530: 4666.544: [GC (Allocation Failure) [PSYoungGen: 173664K->96K(174080K)] 369292K->195740K(523776K), 0.0023086 secs] [Times: user=0.00 sys=0.00, real=0.00 secs] 
2018-03-19T13:28:51.786+0530: 4666.889: [GC (Allocation Failure) [PSYoungGen: 173664K->64K(174080K)] 369308K->195724K(523776K), 0.0019295 secs] [Times: user=0.00 sys=0.00, real=0.00 secs] 
2018-03-19T13:28:52.155+0530: 4667.257: [GC (Allocation Failure) [PSYoungGen: 173632K->96K(174080K)] 369292K->195780K(523776K), 0.0016816 secs] [Times: user=0.00 sys=0.00, real=0.00 secs] 
2018-03-19T13:28:52.534+0530: 4667.637: [GC (Allocation Failure) [PSYoungGen: 173664K->96K(174080K)] 369348K->195812K(523776K), 0.0015297 secs] [Times: user=0.00 sys=0.00, real=0.00 secs] 
2018-03-19T13:28:52.889+0530: 4667.992: [GC (Allocation Failure) [PSYoungGen: 173664K->96K(174080K)] 369380K->195844K(523776K), 0.0023315 secs] [Times: user=0.00 sys=0.00, real=0.00 secs] 
2018-03-19T13:28:53.237+0530: 4668.340: [GC (Allocation Failure) [PSYoungGen: 173664K->96K(174080K)] 369412K->195868K(523776K), 0.0016767 secs] [Times: user=0.00 sys=0.00, real=0.00 secs] 
2018-03-19T13:28:53.676+0530: 4668.779: [GC (Allocation Failure) [PSYoungGen: 173664K->96K(174080K)] 369436K->195892K(523776K), 0.0022472 secs] [Times: user=0.00 sys=0.00, real=0.00 secs] 
2018-03-19T13:28:54.132+0530: 4669.235: [GC (Allocation Failure) [PSYoungGen: 173664K->96K(174080K)] 369460K->195908K(523776K), 0.0030438 secs] [Times: user=0.05 sys=0.00, real=0.00 secs] 
2018-03-19T13:28:54.657+0530: 4669.760: [GC (Allocation Failure) [PSYoungGen: 173664K->96K(174080K)] 369476K->195932K(523776K), 0.0019584 secs] [Times: user=0.00 sys=0.00, real=0.00 secs] 
2018-03-19T13:28:55.104+0530: 4670.207: [GC (Allocation Failure) [PSYoungGen: 173664K->96K(174080K)] 369500K->195948K(523776K), 0.0018325 secs] [Times: user=0.00 sys=0.00, real=0.00 secs] 
2018-03-19T13:28:55.502+0530: 4670.605: [GC (Allocation Failure) [PSYoungGen: 173664K->96K(174080K)] 369516K->195964K(523776K), 0.0023784 secs] [Times: user=0.00 sys=0.00, real=0.00 secs] 
2018-03-19T13:28:55.920+0530: 4671.023: [GC (Allocation Failure) [PSYoungGen: 173664K->96K(174080K)] 369532K->195988K(523776K), 0.0018558 secs] [Times: user=0.00 sys=0.00, real=0.00 secs] 
2018-03-19T13:28:56.320+0530: 4671.423: [GC (Allocation Failure) [PSYoungGen: 173664K->64K(174080K)] 369556K->195980K(523776K), 0.0019045 secs] [Times: user=0.01 sys=0.00, real=0.00 secs] 
2018-03-19T13:28:56.756+0530: 4671.859: [GC (Allocation Failure) [PSYoungGen: 173632K->96K(174080K)] 369548K->196028K(523776K), 0.0019503 secs] [Times: user=0.00 sys=0.00, real=0.00 secs] 
2018-03-19T13:28:57.148+0530: 4672.251: [GC (Allocation Failure) [PSYoungGen: 173664K->64K(174080K)] 369596K->196020K(523776K), 0.0016788 secs] [Times: user=0.05 sys=0.00, real=0.00 secs] 
2018-03-19T13:28:57.549+0530: 4672.652: [GC (Allocation Failure) [PSYoungGen: 173632K->32K(174080K)] 369588K->196004K(523776K), 0.0031203 secs] [Times: user=0.00 sys=0.00, real=0.00 secs] 
2018-03-19T13:28:57.928+0530: 4673.032: [GC (Allocation Failure) [PSYoungGen: 173600K->96K(174080K)] 369572K->196092K(523776K), 0.0023996 secs] [Times: user=0.02 sys=0.00, real=0.00 secs] 
2018-03-19T13:28:58.299+0530: 4673.403: [GC (Allocation Failure) [PSYoungGen: 173664K->32K(174080K)] 369660K->196052K(523776K), 0.0017938 secs] [Times: user=0.00 sys=0.00, real=0.00 secs] 
2018-03-19T13:28:58.673+0530: 4673.776: [GC (Allocation Failure) [PSYoungGen: 173600K->96K(174080K)] 369620K->196140K(523776K), 0.0020314 secs] [Times: user=0.00 sys=0.00, real=0.00 secs] 
2018-03-19T13:28:59.045+0530: 4674.149: [GC (Allocation Failure) [PSYoungGen: 173664K->32K(174080K)] 369708K->196092K(523776K), 0.0021115 secs] [Times: user=0.00 sys=0.00, real=0.00 secs] 
2018-03-19T13:28:59.444+0530: 4674.548: [GC (Allocation Failure) [PSYoungGen: 173600K->96K(174080K)] 369660K->196180K(523776K), 0.0016799 secs] [Times: user=0.00 sys=0.00, real=0.00 secs] 
2018-03-19T13:28:59.828+0530: 4674.931: [GC (Allocation Failure) [PSYoungGen: 173664K->96K(174080K)] 369748K->196204K(523776K), 0.0018177 secs] [Times: user=0.00 sys=0.00, real=0.00 secs] 
2018-03-19T13:29:00.251+0530: 4675.355: [GC (Allocation Failure) [PSYoungGen: 173664K->96K(174080K)] 369772K->196228K(523776K), 0.0016672 secs] [Times: user=0.00 sys=0.00, real=0.00 secs] 
2018-03-19T13:29:00.625+0530: 4675.728: [GC (Allocation Failure) [PSYoungGen: 173664K->96K(174080K)] 369796K->196252K(523776K), 0.0016957 secs] [Times: user=0.00 sys=0.00, real=0.00 secs] 
2018-03-19T13:29:01.002+0530: 4676.105: [GC (Allocation Failure) [PSYoungGen: 173664K->96K(174080K)] 369820K->196268K(523776K), 0.0023505 secs] [Times: user=0.00 sys=0.00, real=0.00 secs] 
2018-03-19T13:29:01.402+0530: 4676.505: [GC (Allocation Failure) [PSYoungGen: 173664K->96K(174080K)] 369836K->196300K(523776K), 0.0018576 secs] [Times: user=0.00 sys=0.00, real=0.00 secs] 
2018-03-19T13:29:01.780+0530: 4676.883: [GC (Allocation Failure) [PSYoungGen: 173664K->96K(174080K)] 369868K->196324K(523776K), 0.0021481 secs] [Times: user=0.00 sys=0.00, real=0.00 secs] 
2018-03-19T13:29:02.116+0530: 4677.220: [GC (Allocation Failure) [PSYoungGen: 173664K->96K(174080K)] 369892K->196348K(523776K), 0.0020043 secs] [Times: user=0.02 sys=0.00, real=0.00 secs] 
2018-03-19T13:29:02.463+0530: 4677.567: [GC (Allocation Failure) [PSYoungGen: 173664K->96K(174080K)] 369916K->196372K(523776K), 0.0018195 secs] [Times: user=0.00 sys=0.00, real=0.00 secs] 
2018-03-19T13:29:02.826+0530: 4677.929: [GC (Allocation Failure) [PSYoungGen: 173664K->96K(174080K)] 369940K->196388K(523776K), 0.0015092 secs] [Times: user=0.00 sys=0.00, real=0.00 secs] 
2018-03-19T13:29:03.190+0530: 4678.293: [GC (Allocation Failure) [PSYoungGen: 173664K->64K(174080K)] 369956K->196380K(523776K), 0.0020787 secs] [Times: user=0.00 sys=0.00, real=0.00 secs] 
2018-03-19T13:29:03.566+0530: 4678.669: [GC (Allocation Failure) [PSYoungGen: 173632K->96K(174080K)] 369948K->196436K(523776K), 0.0016693 secs] [Times: user=0.00 sys=0.00, real=0.00 secs] 
2018-03-19T13:29:03.945+0530: 4679.048: [GC (Allocation Failure) [PSYoungGen: 173664K->96K(174080K)] 370004K->196460K(523776K), 0.0022571 secs] [Times: user=0.01 sys=0.00, real=0.00 secs] 
2018-03-19T13:29:04.288+0530: 4679.391: [GC (Allocation Failure) [PSYoungGen: 173664K->96K(174080K)] 370028K->196484K(523776K), 0.0016760 secs] [Times: user=0.02 sys=0.00, real=0.00 secs] 
2018-03-19T13:29:04.672+0530: 4679.775: [GC (Allocation Failure) [PSYoungGen: 173664K->96K(174080K)] 370052K->196508K(523776K), 0.0016337 secs] [Times: user=0.00 sys=0.00, real=0.00 secs] 
2018-03-19T13:29:05.034+0530: 4680.137: [GC (Allocation Failure) [PSYoungGen: 173664K->64K(174080K)] 370076K->196500K(523776K), 0.0023435 secs] [Times: user=0.00 sys=0.00, real=0.00 secs] 
2018-03-19T13:29:05.417+0530: 4680.520: [GC (Allocation Failure) [PSYoungGen: 173632K->96K(174080K)] 370068K->196564K(523776K), 0.0016668 secs] [Times: user=0.00 sys=0.00, real=0.00 secs] 
2018-03-19T13:29:05.758+0530: 4680.861: [GC (Allocation Failure) [PSYoungGen: 173664K->96K(174080K)] 370132K->196596K(523776K), 0.0017225 secs] [Times: user=0.06 sys=0.00, real=0.00 secs] 
2018-03-19T13:29:06.112+0530: 4681.215: [GC (Allocation Failure) [PSYoungGen: 173664K->96K(174080K)] 370164K->196612K(523776K), 0.0016689 secs] [Times: user=0.00 sys=0.00, real=0.00 secs] 
2018-03-19T13:29:06.484+0530: 4681.586: [GC (Allocation Failure) [PSYoungGen: 173664K->64K(174080K)] 370180K->196604K(523776K), 0.0022511 secs] [Times: user=0.00 sys=0.00, real=0.00 secs] 
2018-03-19T13:29:06.886+0530: 4681.989: [GC (Allocation Failure) [PSYoungGen: 173632K->96K(174080K)] 370172K->196660K(523776K), 0.0019073 secs] [Times: user=0.00 sys=0.00, real=0.00 secs] 
2018-03-19T13:29:07.235+0530: 4682.338: [GC (Allocation Failure) [PSYoungGen: 173664K->96K(174080K)] 370228K->196684K(523776K), 0.0018262 secs] [Times: user=0.00 sys=0.00, real=0.00 secs] 
2018-03-19T13:29:07.640+0530: 4682.743: [GC (Allocation Failure) [PSYoungGen: 173664K->96K(174080K)] 370252K->196708K(523776K), 0.0016305 secs] [Times: user=0.00 sys=0.00, real=0.00 secs] 
2018-03-19T13:29:08.056+0530: 4683.159: [GC (Allocation Failure) [PSYoungGen: 173664K->64K(174080K)] 370276K->196700K(523776K), 0.0023565 secs] [Times: user=0.00 sys=0.00, real=0.00 secs] 
2018-03-19T13:29:08.458+0530: 4683.561: [GC (Allocation Failure) [PSYoungGen: 173632K->96K(174080K)] 370268K->196748K(523776K), 0.0019182 secs] [Times: user=0.00 sys=0.00, real=0.00 secs] 
2018-03-19T13:29:08.832+0530: 4683.935: [GC (Allocation Failure) [PSYoungGen: 173664K->96K(174080K)] 370316K->196764K(523776K), 0.0023467 secs] [Times: user=0.00 sys=0.00, real=0.00 secs] 
2018-03-19T13:29:09.228+0530: 4684.331: [GC (Allocation Failure) [PSYoungGen: 173664K->64K(174080K)] 370332K->196756K(523776K), 0.0017973 secs] [Times: user=0.00 sys=0.00, real=0.00 secs] 
2018-03-19T13:29:09.647+0530: 4684.750: [GC (Allocation Failure) [PSYoungGen: 173632K->96K(174080K)] 370324K->196812K(523776K), 0.0019658 secs] [Times: user=0.00 sys=0.00, real=0.00 secs] 
2018-03-19T13:29:10.078+0530: 4685.182: [GC (Allocation Failure) [PSYoungGen: 173664K->64K(174080K)] 370380K->196796K(523776K), 0.0027670 secs] [Times: user=0.00 sys=0.00, real=0.00 secs] 
2018-03-19T13:29:10.494+0530: 4685.597: [GC (Allocation Failure) [PSYoungGen: 173632K->64K(174080K)] 370364K->196820K(523776K), 0.0023389 secs] [Times: user=0.00 sys=0.00, real=0.00 secs] 
2018-03-19T13:29:10.952+0530: 4686.055: [GC (Allocation Failure) [PSYoungGen: 173632K->96K(174080K)] 370388K->196876K(523776K), 0.0019246 secs] [Times: user=0.00 sys=0.00, real=0.00 secs] 
2018-03-19T13:29:11.357+0530: 4686.460: [GC (Allocation Failure) [PSYoungGen: 173664K->32K(174080K)] 370444K->196828K(523776K), 0.0022116 secs] [Times: user=0.00 sys=0.00, real=0.00 secs] 
2018-03-19T13:29:11.777+0530: 4686.880: [GC (Allocation Failure) [PSYoungGen: 173600K->96K(174080K)] 370396K->196916K(523776K), 0.0018202 secs] [Times: user=0.00 sys=0.00, real=0.00 secs] 
2018-03-19T13:29:12.192+0530: 4687.295: [GC (Allocation Failure) [PSYoungGen: 173664K->96K(174080K)] 370484K->196940K(523776K), 0.0016802 secs] [Times: user=0.00 sys=0.00, real=0.00 secs] 
2018-03-19T13:29:12.572+0530: 4687.675: [GC (Allocation Failure) [PSYoungGen: 173664K->96K(174080K)] 370508K->196964K(523776K), 0.0016739 secs] [Times: user=0.00 sys=0.00, real=0.00 secs] 
2018-03-19T13:29:12.962+0530: 4688.066: [GC (Allocation Failure) [PSYoungGen: 173664K->96K(174080K)] 370532K->196988K(523776K), 0.0016499 secs] [Times: user=0.00 sys=0.00, real=0.00 secs] 
2018-03-19T13:29:13.339+0530: 4688.442: [GC (Allocation Failure) [PSYoungGen: 173664K->96K(174080K)] 370556K->197004K(523776K), 0.0017409 secs] [Times: user=0.00 sys=0.00, real=0.00 secs] 
2018-03-19T13:29:13.698+0530: 4688.802: [GC (Allocation Failure) [PSYoungGen: 173664K->96K(174080K)] 370572K->197028K(523776K), 0.0018075 secs] [Times: user=0.00 sys=0.00, real=0.00 secs] 
2018-03-19T13:29:14.093+0530: 4689.196: [GC (Allocation Failure) [PSYoungGen: 173664K->96K(174080K)] 370596K->197052K(523776K), 0.0022352 secs] [Times: user=0.00 sys=0.00, real=0.00 secs] 
2018-03-19T13:29:14.470+0530: 4689.573: [GC (Allocation Failure) [PSYoungGen: 173664K->64K(174080K)] 370620K->197044K(523776K), 0.0022835 secs] [Times: user=0.00 sys=0.00, real=0.00 secs] 
2018-03-19T13:29:14.890+0530: 4689.994: [GC (Allocation Failure) [PSYoungGen: 173632K->96K(174080K)] 370612K->197092K(523776K), 0.0022663 secs] [Times: user=0.00 sys=0.00, real=0.00 secs] 
2018-03-19T13:29:15.245+0530: 4690.348: [GC (Allocation Failure) [PSYoungGen: 173664K->96K(174080K)] 370660K->197108K(523776K), 0.0017246 secs] [Times: user=0.00 sys=0.00, real=0.00 secs] 
2018-03-19T13:29:15.626+0530: 4690.729: [GC (Allocation Failure) [PSYoungGen: 173664K->96K(174080K)] 370676K->197132K(523776K), 0.0016358 secs] [Times: user=0.00 sys=0.00, real=0.00 secs] 
2018-03-19T13:29:16.009+0530: 4691.112: [GC (Allocation Failure) [PSYoungGen: 173664K->128K(174080K)] 370700K->197188K(523776K), 0.0018932 secs] [Times: user=0.00 sys=0.00, real=0.00 secs] 
2018-03-19T13:29:16.356+0530: 4691.460: [GC (Allocation Failure) [PSYoungGen: 173696K->64K(174080K)] 370756K->197140K(523776K), 0.0023199 secs] [Times: user=0.00 sys=0.00, real=0.00 secs] 
2018-03-19T13:29:16.700+0530: 4691.803: [GC (Allocation Failure) [PSYoungGen: 173632K->96K(174080K)] 370708K->197196K(523776K), 0.0017603 secs] [Times: user=0.00 sys=0.00, real=0.00 secs] 
2018-03-19T13:29:17.076+0530: 4692.179: [GC (Allocation Failure) [PSYoungGen: 173664K->96K(174080K)] 370764K->197212K(523776K), 0.0017567 secs] [Times: user=0.00 sys=0.00, real=0.00 secs] 
2018-03-19T13:29:17.472+0530: 4692.575: [GC (Allocation Failure) [PSYoungGen: 173664K->64K(174080K)] 370780K->197196K(523776K), 0.0019821 secs] [Times: user=0.00 sys=0.00, real=0.00 secs] 
2018-03-19T13:29:17.851+0530: 4692.954: [GC (Allocation Failure) [PSYoungGen: 173632K->96K(174080K)] 370764K->197260K(523776K), 0.0016354 secs] [Times: user=0.00 sys=0.00, real=0.00 secs] 
2018-03-19T13:29:18.241+0530: 4693.344: [GC (Allocation Failure) [PSYoungGen: 173664K->96K(174080K)] 370828K->197292K(523776K), 0.0017151 secs] [Times: user=0.00 sys=0.00, real=0.00 secs] 
2018-03-19T13:29:18.656+0530: 4693.759: [GC (Allocation Failure) [PSYoungGen: 173664K->96K(174080K)] 370860K->197308K(523776K), 0.0016224 secs] [Times: user=0.00 sys=0.00, real=0.00 secs] 
2018-03-19T13:29:19.044+0530: 4694.147: [GC (Allocation Failure) [PSYoungGen: 173664K->96K(174080K)] 370876K->197332K(523776K), 0.0016562 secs] [Times: user=0.00 sys=0.00, real=0.00 secs] 
2018-03-19T13:29:19.416+0530: 4694.519: [GC (Allocation Failure) [PSYoungGen: 173664K->96K(174080K)] 370900K->197348K(523776K), 0.0016337 secs] [Times: user=0.00 sys=0.00, real=0.00 secs] 
2018-03-19T13:29:19.788+0530: 4694.891: [GC (Allocation Failure) [PSYoungGen: 173664K->96K(174080K)] 370916K->197372K(523776K), 0.0020103 secs] [Times: user=0.02 sys=0.00, real=0.00 secs] 
2018-03-19T13:29:20.213+0530: 4695.317: [GC (Allocation Failure) [PSYoungGen: 173664K->96K(174080K)] 370940K->197388K(523776K), 0.0016587 secs] [Times: user=0.00 sys=0.00, real=0.00 secs] 
2018-03-19T13:29:20.580+0530: 4695.684: [GC (Allocation Failure) [PSYoungGen: 173664K->32K(174080K)] 370956K->197340K(523776K), 0.0022895 secs] [Times: user=0.00 sys=0.00, real=0.00 secs] 
2018-03-19T13:29:20.955+0530: 4696.059: [GC (Allocation Failure) [PSYoungGen: 173600K->96K(174080K)] 370908K->197428K(523776K), 0.0021439 secs] [Times: user=0.00 sys=0.00, real=0.00 secs] 
2018-03-19T13:29:21.311+0530: 4696.415: [GC (Allocation Failure) [PSYoungGen: 173664K->64K(174080K)] 370996K->197412K(523776K), 0.0023530 secs] [Times: user=0.00 sys=0.00, real=0.00 secs] 
2018-03-19T13:29:21.672+0530: 4696.775: [GC (Allocation Failure) [PSYoungGen: 173632K->96K(174080K)] 370980K->197460K(523776K), 0.0017303 secs] [Times: user=0.00 sys=0.00, real=0.00 secs] 
2018-03-19T13:29:22.009+0530: 4697.112: [GC (Allocation Failure) [PSYoungGen: 173664K->64K(174080K)] 371028K->197452K(523776K), 0.0018657 secs] [Times: user=0.00 sys=0.00, real=0.00 secs] 
2018-03-19T13:29:22.392+0530: 4697.495: [GC (Allocation Failure) [PSYoungGen: 173632K->32K(174080K)] 371020K->197436K(523776K), 0.0043707 secs] [Times: user=0.00 sys=0.00, real=0.00 secs] 
2018-03-19T13:29:22.767+0530: 4697.870: [GC (Allocation Failure) [PSYoungGen: 173600K->64K(174080K)] 371004K->197492K(523776K), 0.0015572 secs] [Times: user=0.00 sys=0.00, real=0.00 secs] 
2018-03-19T13:29:23.124+0530: 4698.227: [GC (Allocation Failure) [PSYoungGen: 173632K->64K(174080K)] 371060K->197516K(523776K), 0.0016591 secs] [Times: user=0.00 sys=0.00, real=0.00 secs] 
2018-03-19T13:29:26.065+0530: 4701.168: [GC (Allocation Failure) [PSYoungGen: 173632K->96K(174080K)] 371084K->197572K(523776K), 0.0021023 secs] [Times: user=0.00 sys=0.00, real=0.00 secs] 
2018-03-19T13:29:26.399+0530: 4701.501: [GC (Allocation Failure) [PSYoungGen: 173664K->128K(174080K)] 371140K->197620K(523776K), 0.0016418 secs] [Times: user=0.06 sys=0.00, real=0.00 secs] 
2018-03-19T13:29:26.826+0530: 4701.929: [GC (Allocation Failure) [PSYoungGen: 173696K->64K(174080K)] 371188K->197580K(523776K), 0.0019299 secs] [Times: user=0.00 sys=0.00, real=0.00 secs] 
2018-03-19T13:29:27.215+0530: 4702.318: [GC (Allocation Failure) [PSYoungGen: 173632K->96K(174080K)] 371148K->197644K(523776K), 0.0017881 secs] [Times: user=0.00 sys=0.00, real=0.00 secs] 
2018-03-19T13:29:27.602+0530: 4702.705: [GC (Allocation Failure) [PSYoungGen: 173664K->96K(174080K)] 371212K->197676K(523776K), 0.0016619 secs] [Times: user=0.06 sys=0.00, real=0.00 secs] 
2018-03-19T13:29:28.003+0530: 4703.106: [GC (Allocation Failure) [PSYoungGen: 173664K->96K(174080K)] 371244K->197700K(523776K), 0.0015938 secs] [Times: user=0.00 sys=0.00, real=0.00 secs] 
2018-03-19T13:29:28.364+0530: 4703.467: [GC (Allocation Failure) [PSYoungGen: 173664K->64K(174080K)] 371268K->197692K(523776K), 0.0016799 secs] [Times: user=0.00 sys=0.00, real=0.00 secs] 
2018-03-19T13:29:28.723+0530: 4703.826: [GC (Allocation Failure) [PSYoungGen: 173632K->96K(174080K)] 371260K->197748K(523776K), 0.0017208 secs] [Times: user=0.00 sys=0.00, real=0.00 secs] 
2018-03-19T13:29:29.070+0530: 4704.173: [GC (Allocation Failure) [PSYoungGen: 173664K->96K(174080K)] 371316K->197772K(523776K), 0.0022483 secs] [Times: user=0.02 sys=0.00, real=0.00 secs] 
2018-03-19T13:29:29.412+0530: 4704.515: [GC (Allocation Failure) [PSYoungGen: 173664K->96K(174080K)] 371340K->197796K(523776K), 0.0017455 secs] [Times: user=0.00 sys=0.00, real=0.00 secs] 
2018-03-19T13:29:29.748+0530: 4704.851: [GC (Allocation Failure) [PSYoungGen: 173664K->64K(174080K)] 371364K->197788K(523776K), 0.0016598 secs] [Times: user=0.00 sys=0.00, real=0.00 secs] 
2018-03-19T13:29:30.117+0530: 4705.220: [GC (Allocation Failure) [PSYoungGen: 173632K->96K(174080K)] 371356K->197836K(523776K), 0.0016770 secs] [Times: user=0.01 sys=0.00, real=0.00 secs] 
2018-03-19T13:29:30.477+0530: 4705.580: [GC (Allocation Failure) [PSYoungGen: 173664K->96K(174080K)] 371404K->197852K(523776K), 0.0018213 secs] [Times: user=0.06 sys=0.00, real=0.00 secs] 
2018-03-19T13:29:30.853+0530: 4705.956: [GC (Allocation Failure) [PSYoungGen: 173664K->96K(174080K)] 371420K->197884K(523776K), 0.0017342 secs] [Times: user=0.00 sys=0.00, real=0.00 secs] 
2018-03-19T13:29:31.214+0530: 4706.316: [GC (Allocation Failure) [PSYoungGen: 173664K->128K(174080K)] 371452K->197932K(523776K), 0.0016658 secs] [Times: user=0.00 sys=0.00, real=0.00 secs] 
2018-03-19T13:29:31.571+0530: 4706.674: [GC (Allocation Failure) [PSYoungGen: 173696K->96K(174080K)] 371500K->197932K(523776K), 0.0022832 secs] [Times: user=0.02 sys=0.00, real=0.00 secs] 
2018-03-19T13:29:31.931+0530: 4707.034: [GC (Allocation Failure) [PSYoungGen: 173664K->96K(174080K)] 371500K->197948K(523776K), 0.0016774 secs] [Times: user=0.06 sys=0.00, real=0.00 secs] 
2018-03-19T13:29:32.263+0530: 4707.366: [GC (Allocation Failure) [PSYoungGen: 173664K->64K(174080K)] 371516K->197940K(523776K), 0.0017130 secs] [Times: user=0.00 sys=0.00, real=0.00 secs] 
2018-03-19T13:29:32.621+0530: 4707.724: [GC (Allocation Failure) [PSYoungGen: 173632K->64K(174080K)] 371508K->197964K(523776K), 0.0016294 secs] [Times: user=0.00 sys=0.00, real=0.00 secs] 
2018-03-19T13:29:32.965+0530: 4708.068: [GC (Allocation Failure) [PSYoungGen: 173632K->64K(174080K)] 371532K->197988K(523776K), 0.0036580 secs] [Times: user=0.00 sys=0.00, real=0.00 secs] 
2018-03-19T13:29:33.310+0530: 4708.413: [GC (Allocation Failure) [PSYoungGen: 173632K->96K(174080K)] 371556K->198044K(523776K), 0.0017701 secs] [Times: user=0.00 sys=0.00, real=0.00 secs] 
2018-03-19T13:29:33.688+0530: 4708.791: [GC (Allocation Failure) [PSYoungGen: 173664K->64K(174080K)] 371612K->198036K(523776K), 0.0018142 secs] [Times: user=0.00 sys=0.00, real=0.00 secs] 
2018-03-19T13:29:34.061+0530: 4709.164: [GC (Allocation Failure) [PSYoungGen: 173632K->96K(174080K)] 371604K->198084K(523776K), 0.0022701 secs] [Times: user=0.00 sys=0.00, real=0.00 secs] 
2018-03-19T13:29:34.416+0530: 4709.519: [GC (Allocation Failure) [PSYoungGen: 173664K->64K(174080K)] 371652K->198076K(523776K), 0.0016030 secs] [Times: user=0.00 sys=0.00, real=0.00 secs] 
2018-03-19T13:29:34.781+0530: 4709.884: [GC (Allocation Failure) [PSYoungGen: 173632K->96K(174080K)] 371644K->198124K(523776K), 0.0019345 secs] [Times: user=0.00 sys=0.00, real=0.00 secs] 
2018-03-19T13:29:35.134+0530: 4710.237: [GC (Allocation Failure) [PSYoungGen: 173664K->96K(174080K)] 371692K->198148K(523776K), 0.0019796 secs] [Times: user=0.00 sys=0.00, real=0.00 secs] 
2018-03-19T13:29:35.505+0530: 4710.608: [GC (Allocation Failure) [PSYoungGen: 173664K->96K(174080K)] 371716K->198164K(523776K), 0.0016217 secs] [Times: user=0.00 sys=0.00, real=0.00 secs] 
2018-03-19T13:29:35.866+0530: 4710.969: [GC (Allocation Failure) [PSYoungGen: 173664K->96K(174080K)] 371732K->198188K(523776K), 0.0023657 secs] [Times: user=0.02 sys=0.00, real=0.00 secs] 
2018-03-19T13:29:36.240+0530: 4711.343: [GC (Allocation Failure) [PSYoungGen: 173664K->96K(174080K)] 371756K->198212K(523776K), 0.0017137 secs] [Times: user=0.00 sys=0.00, real=0.00 secs] 
2018-03-19T13:29:36.622+0530: 4711.725: [GC (Allocation Failure) [PSYoungGen: 173664K->96K(174080K)] 371780K->198228K(523776K), 0.0016559 secs] [Times: user=0.00 sys=0.00, real=0.00 secs] 
2018-03-19T13:29:37.053+0530: 4712.156: [GC (Allocation Failure) [PSYoungGen: 173664K->96K(174080K)] 371796K->198252K(523776K), 0.0023414 secs] [Times: user=0.00 sys=0.00, real=0.00 secs] 
2018-03-19T13:29:37.557+0530: 4712.661: [GC (Allocation Failure) [PSYoungGen: 173664K->64K(174080K)] 371820K->198244K(523776K), 0.0024888 secs] [Times: user=0.00 sys=0.00, real=0.00 secs] 
2018-03-19T13:29:38.032+0530: 4713.135: [GC (Allocation Failure) [PSYoungGen: 173632K->64K(174080K)] 371812K->198268K(523776K), 0.0028188 secs] [Times: user=0.00 sys=0.00, real=0.00 secs] 
2018-03-19T13:29:38.479+0530: 4713.582: [GC (Allocation Failure) [PSYoungGen: 173632K->96K(174080K)] 371836K->198324K(523776K), 0.0020406 secs] [Times: user=0.00 sys=0.00, real=0.00 secs] 
2018-03-19T13:29:38.968+0530: 4714.072: [GC (Allocation Failure) [PSYoungGen: 173664K->96K(174080K)] 371892K->198340K(523776K), 0.0020173 secs] [Times: user=0.00 sys=0.00, real=0.00 secs] 
2018-03-19T13:29:39.418+0530: 4714.522: [GC (Allocation Failure) [PSYoungGen: 173664K->96K(174080K)] 371908K->198364K(523776K), 0.0022423 secs] [Times: user=0.00 sys=0.00, real=0.00 secs] 
2018-03-19T13:29:39.852+0530: 4714.954: [GC (Allocation Failure) [PSYoungGen: 173664K->96K(174080K)] 371932K->198388K(523776K), 0.0023421 secs] [Times: user=0.06 sys=0.00, real=0.00 secs] 
2018-03-19T13:29:40.339+0530: 4715.442: [GC (Allocation Failure) [PSYoungGen: 173664K->96K(174080K)] 371956K->198412K(523776K), 0.0024747 secs] [Times: user=0.00 sys=0.00, real=0.00 secs] 
2018-03-19T13:29:40.865+0530: 4715.968: [GC (Allocation Failure) [PSYoungGen: 173664K->96K(174080K)] 371980K->198436K(523776K), 0.0025202 secs] [Times: user=0.00 sys=0.00, real=0.00 secs] 
2018-03-19T13:29:41.256+0530: 4716.359: [GC (Allocation Failure) [PSYoungGen: 173664K->64K(174080K)] 372004K->198428K(523776K), 0.0018720 secs] [Times: user=0.00 sys=0.00, real=0.00 secs] 
2018-03-19T13:29:41.663+0530: 4716.767: [GC (Allocation Failure) [PSYoungGen: 173632K->64K(174080K)] 371996K->198444K(523776K), 0.0026400 secs] [Times: user=0.03 sys=0.01, real=0.00 secs] 
2018-03-19T13:29:42.186+0530: 4717.288: [GC (Allocation Failure) [PSYoungGen: 173632K->128K(174080K)] 372012K->198532K(523776K), 0.0028562 secs] [Times: user=0.00 sys=0.00, real=0.00 secs] 
2018-03-19T13:29:42.648+0530: 4717.751: [GC (Allocation Failure) [PSYoungGen: 173696K->64K(174080K)] 372100K->198492K(523776K), 0.0020007 secs] [Times: user=0.05 sys=0.00, real=0.00 secs] 
2018-03-19T13:29:43.091+0530: 4718.194: [GC (Allocation Failure) [PSYoungGen: 173632K->96K(174080K)] 372060K->198556K(523776K), 0.0028072 secs] [Times: user=0.00 sys=0.00, real=0.00 secs] 
2018-03-19T13:29:43.572+0530: 4718.675: [GC (Allocation Failure) [PSYoungGen: 173664K->96K(174080K)] 372124K->198572K(523776K), 0.0020163 secs] [Times: user=0.00 sys=0.00, real=0.00 secs] 
2018-03-19T13:29:44.043+0530: 4719.146: [GC (Allocation Failure) [PSYoungGen: 173664K->96K(174080K)] 372140K->198588K(523776K), 0.0020706 secs] [Times: user=0.00 sys=0.00, real=0.00 secs] 
2018-03-19T13:29:44.481+0530: 4719.584: [GC (Allocation Failure) [PSYoungGen: 173664K->96K(174080K)] 372156K->198620K(523776K), 0.0024105 secs] [Times: user=0.00 sys=0.00, real=0.00 secs] 
2018-03-19T13:29:44.901+0530: 4720.004: [GC (Allocation Failure) [PSYoungGen: 173664K->96K(174080K)] 372188K->198644K(523776K), 0.0022321 secs] [Times: user=0.00 sys=0.00, real=0.00 secs] 
2018-03-19T13:29:45.329+0530: 4720.432: [GC (Allocation Failure) [PSYoungGen: 173664K->96K(174080K)] 372212K->198660K(523776K), 0.0025388 secs] [Times: user=0.00 sys=0.00, real=0.00 secs] 
2018-03-19T13:29:45.754+0530: 4720.857: [GC (Allocation Failure) [PSYoungGen: 173664K->96K(174080K)] 372228K->198676K(523776K), 0.0017733 secs] [Times: user=0.00 sys=0.00, real=0.00 secs] 
2018-03-19T13:29:46.140+0530: 4721.243: [GC (Allocation Failure) [PSYoungGen: 173664K->96K(174080K)] 372244K->198708K(523776K), 0.0018509 secs] [Times: user=0.00 sys=0.00, real=0.00 secs] 
2018-03-19T13:29:46.541+0530: 4721.645: [GC (Allocation Failure) [PSYoungGen: 173664K->96K(174080K)] 372276K->198732K(523776K), 0.0023142 secs] [Times: user=0.00 sys=0.00, real=0.00 secs] 
2018-03-19T13:29:46.939+0530: 4722.043: [GC (Allocation Failure) [PSYoungGen: 173664K->96K(174080K)] 372300K->198748K(523776K), 0.0016682 secs] [Times: user=0.00 sys=0.00, real=0.00 secs] 
2018-03-19T13:29:47.286+0530: 4722.389: [GC (Allocation Failure) [PSYoungGen: 173664K->64K(174080K)] 372316K->198732K(523776K), 0.0024426 secs] [Times: user=0.00 sys=0.00, real=0.00 secs] 
2018-03-19T13:29:47.669+0530: 4722.772: [GC (Allocation Failure) [PSYoungGen: 173632K->32K(174080K)] 372300K->198716K(523776K), 0.0022596 secs] [Times: user=0.00 sys=0.00, real=0.00 secs] 
2018-03-19T13:29:48.085+0530: 4723.188: [GC (Allocation Failure) [PSYoungGen: 173600K->64K(174080K)] 372284K->198772K(523776K), 0.0023403 secs] [Times: user=0.03 sys=0.00, real=0.00 secs] 
2018-03-19T13:29:48.463+0530: 4723.566: [GC (Allocation Failure) [PSYoungGen: 173632K->64K(174080K)] 372340K->198796K(523776K), 0.0032917 secs] [Times: user=0.00 sys=0.00, real=0.00 secs] 
2018-03-19T13:29:48.842+0530: 4723.945: [GC (Allocation Failure) [PSYoungGen: 173632K->96K(174080K)] 372364K->198852K(523776K), 0.0023290 secs] [Times: user=0.00 sys=0.00, real=0.00 secs] 
2018-03-19T13:29:49.230+0530: 4724.333: [GC (Allocation Failure) [PSYoungGen: 173664K->96K(174080K)] 372420K->198868K(523776K), 0.0017158 secs] [Times: user=0.00 sys=0.00, real=0.00 secs] 
2018-03-19T13:29:49.605+0530: 4724.709: [GC (Allocation Failure) [PSYoungGen: 173664K->96K(174080K)] 372436K->198892K(523776K), 0.0023135 secs] [Times: user=0.00 sys=0.00, real=0.00 secs] 
2018-03-19T13:29:49.943+0530: 4725.046: [GC (Allocation Failure) [PSYoungGen: 173664K->96K(174080K)] 372460K->198916K(523776K), 0.0017842 secs] [Times: user=0.00 sys=0.00, real=0.00 secs] 
2018-03-19T13:29:50.307+0530: 4725.410: [GC (Allocation Failure) [PSYoungGen: 173664K->96K(174080K)] 372484K->198948K(523776K), 0.0016756 secs] [Times: user=0.00 sys=0.00, real=0.00 secs] 
2018-03-19T13:29:50.714+0530: 4725.817: [GC (Allocation Failure) [PSYoungGen: 173664K->96K(174080K)] 372516K->198980K(523776K), 0.0018199 secs] [Times: user=0.00 sys=0.00, real=0.00 secs] 
2018-03-19T13:29:51.114+0530: 4726.217: [GC (Allocation Failure) [PSYoungGen: 173664K->96K(174080K)] 372548K->199004K(523776K), 0.0023015 secs] [Times: user=0.00 sys=0.00, real=0.00 secs] 
2018-03-19T13:29:51.523+0530: 4726.626: [GC (Allocation Failure) [PSYoungGen: 173664K->96K(174080K)] 372572K->199020K(523776K), 0.0017282 secs] [Times: user=0.00 sys=0.00, real=0.00 secs] 
2018-03-19T13:29:51.942+0530: 4727.044: [GC (Allocation Failure) [PSYoungGen: 173664K->96K(174080K)] 372588K->199044K(523776K), 0.0032092 secs] [Times: user=0.00 sys=0.00, real=0.00 secs] 
2018-03-19T13:29:52.397+0530: 4727.500: [GC (Allocation Failure) [PSYoungGen: 173664K->96K(174080K)] 372612K->199060K(523776K), 0.0018315 secs] [Times: user=0.00 sys=0.00, real=0.00 secs] 
2018-03-19T13:29:52.768+0530: 4727.871: [GC (Allocation Failure) [PSYoungGen: 173664K->96K(174080K)] 372628K->199084K(523776K), 0.0021316 secs] [Times: user=0.00 sys=0.00, real=0.00 secs] 
2018-03-19T13:29:53.134+0530: 4728.236: [GC (Allocation Failure) [PSYoungGen: 173664K->32K(174080K)] 372652K->199036K(523776K), 0.0019436 secs] [Times: user=0.05 sys=0.00, real=0.00 secs] 
2018-03-19T13:29:53.446+0530: 4728.549: [GC (Allocation Failure) [PSYoungGen: 173600K->96K(174080K)] 372604K->199116K(523776K), 0.0013865 secs] [Times: user=0.06 sys=0.00, real=0.00 secs] 
2018-03-19T13:29:53.753+0530: 4728.856: [GC (Allocation Failure) [PSYoungGen: 173664K->96K(174080K)] 372684K->199132K(523776K), 0.0014588 secs] [Times: user=0.00 sys=0.00, real=0.00 secs] 
2018-03-19T13:29:54.038+0530: 4729.141: [GC (Allocation Failure) [PSYoungGen: 173664K->64K(174080K)] 372700K->199124K(523776K), 0.0018382 secs] [Times: user=0.02 sys=0.02, real=0.00 secs] 
2018-03-19T13:29:54.411+0530: 4729.514: [GC (Allocation Failure) [PSYoungGen: 173632K->96K(174080K)] 372692K->199188K(523776K), 0.0022719 secs] [Times: user=0.00 sys=0.00, real=0.00 secs] 
2018-03-19T13:29:54.797+0530: 4729.900: [GC (Allocation Failure) [PSYoungGen: 173664K->32K(174080K)] 372756K->199140K(523776K), 0.0022120 secs] [Times: user=0.00 sys=0.00, real=0.00 secs] 
2018-03-19T13:29:55.187+0530: 4730.290: [GC (Allocation Failure) [PSYoungGen: 173600K->64K(174080K)] 372708K->199196K(523776K), 0.0016950 secs] [Times: user=0.00 sys=0.00, real=0.00 secs] 
2018-03-19T13:29:55.597+0530: 4730.700: [GC (Allocation Failure) [PSYoungGen: 173632K->96K(174080K)] 372764K->199252K(523776K), 0.0017208 secs] [Times: user=0.00 sys=0.00, real=0.00 secs] 
2018-03-19T13:29:55.975+0530: 4731.078: [GC (Allocation Failure) [PSYoungGen: 173664K->96K(174080K)] 372820K->199276K(523776K), 0.0020332 secs] [Times: user=0.00 sys=0.00, real=0.00 secs] 
2018-03-19T13:29:56.363+0530: 4731.466: [GC (Allocation Failure) [PSYoungGen: 173664K->96K(174080K)] 372844K->199292K(523776K), 0.0016746 secs] [Times: user=0.00 sys=0.00, real=0.00 secs] 
2018-03-19T13:29:56.733+0530: 4731.837: [GC (Allocation Failure) [PSYoungGen: 173664K->96K(174080K)] 372860K->199316K(523776K), 0.0022709 secs] [Times: user=0.00 sys=0.00, real=0.00 secs] 
2018-03-19T13:29:57.106+0530: 4732.210: [GC (Allocation Failure) [PSYoungGen: 173664K->96K(174080K)] 372884K->199332K(523776K), 0.0018230 secs] [Times: user=0.00 sys=0.00, real=0.00 secs] 
2018-03-19T13:29:57.501+0530: 4732.604: [GC (Allocation Failure) [PSYoungGen: 173664K->64K(174080K)] 372900K->199316K(523776K), 0.0030163 secs] [Times: user=0.00 sys=0.00, real=0.00 secs] 
2018-03-19T13:29:57.890+0530: 4732.994: [GC (Allocation Failure) [PSYoungGen: 173632K->64K(174080K)] 372884K->199340K(523776K), 0.0018382 secs] [Times: user=0.00 sys=0.00, real=0.00 secs] 
2018-03-19T13:29:58.270+0530: 4733.373: [GC (Allocation Failure) [PSYoungGen: 173632K->96K(174080K)] 372908K->199388K(523776K), 0.0018823 secs] [Times: user=0.00 sys=0.00, real=0.00 secs] 
2018-03-19T13:29:58.652+0530: 4733.755: [GC (Allocation Failure) [PSYoungGen: 173664K->96K(174080K)] 372956K->199404K(523776K), 0.0017328 secs] [Times: user=0.00 sys=0.00, real=0.00 secs] 
2018-03-19T13:29:59.027+0530: 4734.131: [GC (Allocation Failure) [PSYoungGen: 173664K->96K(174080K)] 372972K->199428K(523776K), 0.0018671 secs] [Times: user=0.00 sys=0.00, real=0.00 secs] 
2018-03-19T13:29:59.392+0530: 4734.495: [GC (Allocation Failure) [PSYoungGen: 173664K->64K(174080K)] 372996K->199420K(523776K), 0.0022800 secs] [Times: user=0.00 sys=0.00, real=0.00 secs] 
2018-03-19T13:29:59.747+0530: 4734.850: [GC (Allocation Failure) [PSYoungGen: 173632K->96K(174080K)] 372988K->199468K(523776K), 0.0019211 secs] [Times: user=0.00 sys=0.00, real=0.00 secs] 
2018-03-19T13:30:00.145+0530: 4735.248: [GC (Allocation Failure) [PSYoungGen: 173664K->96K(174080K)] 373036K->199484K(523776K), 0.0017719 secs] [Times: user=0.00 sys=0.00, real=0.00 secs] 
2018-03-19T13:30:00.557+0530: 4735.660: [GC (Allocation Failure) [PSYoungGen: 173664K->96K(174080K)] 373052K->199516K(523776K), 0.0017504 secs] [Times: user=0.00 sys=0.00, real=0.00 secs] 
2018-03-19T13:30:00.933+0530: 4736.036: [GC (Allocation Failure) [PSYoungGen: 173664K->64K(174080K)] 373084K->199500K(523776K), 0.0022924 secs] [Times: user=0.00 sys=0.00, real=0.00 secs] 
2018-03-19T13:30:01.309+0530: 4736.412: [GC (Allocation Failure) [PSYoungGen: 173632K->96K(174080K)] 373068K->199548K(523776K), 0.0023710 secs] [Times: user=0.00 sys=0.00, real=0.00 secs] 
2018-03-19T13:30:01.685+0530: 4736.788: [GC (Allocation Failure) [PSYoungGen: 173664K->64K(174080K)] 373116K->199532K(523776K), 0.0022046 secs] [Times: user=0.00 sys=0.00, real=0.00 secs] 
2018-03-19T13:30:02.084+0530: 4737.187: [GC (Allocation Failure) [PSYoungGen: 173632K->96K(174080K)] 373100K->199588K(523776K), 0.0018622 secs] [Times: user=0.00 sys=0.00, real=0.00 secs] 
2018-03-19T13:30:02.482+0530: 4737.585: [GC (Allocation Failure) [PSYoungGen: 173664K->64K(174080K)] 373156K->199580K(523776K), 0.0020794 secs] [Times: user=0.00 sys=0.00, real=0.00 secs] 
2018-03-19T13:30:02.872+0530: 4737.974: [GC (Allocation Failure) [PSYoungGen: 173632K->128K(174080K)] 373148K->199660K(523776K), 0.0023086 secs] [Times: user=0.00 sys=0.00, real=0.00 secs] 
2018-03-19T13:30:03.240+0530: 4738.343: [GC (Allocation Failure) [PSYoungGen: 173696K->96K(174080K)] 373228K->199644K(523776K), 0.0016795 secs] [Times: user=0.00 sys=0.00, real=0.00 secs] 
2018-03-19T13:30:03.620+0530: 4738.723: [GC (Allocation Failure) [PSYoungGen: 173664K->64K(174080K)] 373212K->199628K(523776K), 0.0021411 secs] [Times: user=0.00 sys=0.00, real=0.00 secs] 
2018-03-19T13:30:04.045+0530: 4739.148: [GC (Allocation Failure) [PSYoungGen: 173632K->96K(174080K)] 373196K->199676K(523776K), 0.0031214 secs] [Times: user=0.00 sys=0.00, real=0.00 secs] 
2018-03-19T13:30:04.437+0530: 4739.540: [GC (Allocation Failure) [PSYoungGen: 173664K->64K(174080K)] 373244K->199660K(523776K), 0.0031750 secs] [Times: user=0.00 sys=0.00, real=0.00 secs] 
2018-03-19T13:30:04.847+0530: 4739.950: [GC (Allocation Failure) [PSYoungGen: 173632K->96K(174080K)] 373228K->199716K(523776K), 0.0016721 secs] [Times: user=0.00 sys=0.00, real=0.00 secs] 
2018-03-19T13:30:05.230+0530: 4740.333: [GC (Allocation Failure) [PSYoungGen: 173664K->96K(174080K)] 373284K->199732K(523776K), 0.0020258 secs] [Times: user=0.00 sys=0.00, real=0.00 secs] 
2018-03-19T13:30:05.692+0530: 4740.795: [GC (Allocation Failure) [PSYoungGen: 173664K->96K(174080K)] 373300K->199756K(523776K), 0.0016746 secs] [Times: user=0.00 sys=0.00, real=0.00 secs] 
2018-03-19T13:30:06.078+0530: 4741.181: [GC (Allocation Failure) [PSYoungGen: 173664K->96K(174080K)] 373324K->199772K(523776K), 0.0021097 secs] [Times: user=0.00 sys=0.00, real=0.00 secs] 
2018-03-19T13:30:06.483+0530: 4741.586: [GC (Allocation Failure) [PSYoungGen: 173664K->96K(174080K)] 373340K->199796K(523776K), 0.0017507 secs] [Times: user=0.00 sys=0.00, real=0.00 secs] 
2018-03-19T13:30:06.864+0530: 4741.967: [GC (Allocation Failure) [PSYoungGen: 173664K->96K(174080K)] 373364K->199820K(523776K), 0.0017028 secs] [Times: user=0.00 sys=0.00, real=0.00 secs] 
2018-03-19T13:30:07.257+0530: 4742.360: [GC (Allocation Failure) [PSYoungGen: 173664K->96K(174080K)] 373388K->199844K(523776K), 0.0022310 secs] [Times: user=0.01 sys=0.00, real=0.00 secs] 
2018-03-19T13:30:07.636+0530: 4742.739: [GC (Allocation Failure) [PSYoungGen: 173664K->96K(174080K)] 373412K->199868K(523776K), 0.0023234 secs] [Times: user=0.00 sys=0.00, real=0.00 secs] 
2018-03-19T13:30:08.042+0530: 4743.146: [GC (Allocation Failure) [PSYoungGen: 173664K->64K(174080K)] 373436K->199860K(523776K), 0.0016605 secs] [Times: user=0.00 sys=0.00, real=0.00 secs] 
2018-03-19T13:30:08.435+0530: 4743.539: [GC (Allocation Failure) [PSYoungGen: 173632K->128K(174080K)] 373428K->199940K(523776K), 0.0018057 secs] [Times: user=0.00 sys=0.00, real=0.00 secs] 
2018-03-19T13:30:08.790+0530: 4743.894: [GC (Allocation Failure) [PSYoungGen: 173696K->64K(174080K)] 373508K->199900K(523776K), 0.0016160 secs] [Times: user=0.00 sys=0.00, real=0.00 secs] 
2018-03-19T13:30:09.137+0530: 4744.240: [GC (Allocation Failure) [PSYoungGen: 173632K->96K(174080K)] 373468K->199956K(523776K), 0.0018156 secs] [Times: user=0.00 sys=0.00, real=0.00 secs] 
2018-03-19T13:30:09.435+0530: 4744.539: [GC (Allocation Failure) [PSYoungGen: 173664K->96K(174080K)] 373524K->199972K(523776K), 0.0013805 secs] [Times: user=0.00 sys=0.00, real=0.00 secs] 
2018-03-19T13:30:09.735+0530: 4744.838: [GC (Allocation Failure) [PSYoungGen: 173664K->96K(174080K)] 373540K->199996K(523776K), 0.0012634 secs] [Times: user=0.00 sys=0.00, real=0.00 secs] 
2018-03-19T13:30:10.038+0530: 4745.141: [GC (Allocation Failure) [PSYoungGen: 173664K->96K(174080K)] 373564K->200020K(523776K), 0.0017934 secs] [Times: user=0.00 sys=0.00, real=0.00 secs] 
2018-03-19T13:30:10.391+0530: 4745.493: [GC (Allocation Failure) [PSYoungGen: 173664K->96K(174080K)] 373588K->200044K(523776K), 0.0016982 secs] [Times: user=0.00 sys=0.00, real=0.00 secs] 
2018-03-19T13:30:10.768+0530: 4745.871: [GC (Allocation Failure) [PSYoungGen: 173664K->96K(174080K)] 373612K->200068K(523776K), 0.0022627 secs] [Times: user=0.00 sys=0.00, real=0.00 secs] 
2018-03-19T13:30:11.118+0530: 4746.221: [GC (Allocation Failure) [PSYoungGen: 173664K->64K(174080K)] 373636K->200060K(523776K), 0.0016700 secs] [Times: user=0.03 sys=0.00, real=0.00 secs] 
2018-03-19T13:30:11.518+0530: 4746.621: [GC (Allocation Failure) [PSYoungGen: 173632K->32K(174080K)] 373628K->200044K(523776K), 0.0021552 secs] [Times: user=0.00 sys=0.00, real=0.00 secs] 
2018-03-19T13:30:11.864+0530: 4746.966: [GC (Allocation Failure) [PSYoungGen: 173600K->64K(174080K)] 373612K->200100K(523776K), 0.0029426 secs] [Times: user=0.00 sys=0.00, real=0.00 secs] 
2018-03-19T13:30:12.233+0530: 4747.336: [GC (Allocation Failure) [PSYoungGen: 173632K->128K(174080K)] 373668K->200188K(523776K), 0.0016855 secs] [Times: user=0.00 sys=0.00, real=0.00 secs] 
2018-03-19T13:30:12.592+0530: 4747.695: [GC (Allocation Failure) [PSYoungGen: 173696K->64K(174080K)] 373756K->200148K(523776K), 0.0018135 secs] [Times: user=0.00 sys=0.00, real=0.00 secs] 
2018-03-19T13:30:12.968+0530: 4748.070: [GC (Allocation Failure) [PSYoungGen: 173632K->96K(174080K)] 373716K->200204K(523776K), 0.0017141 secs] [Times: user=0.00 sys=0.00, real=0.00 secs] 
2018-03-19T13:30:13.351+0530: 4748.454: [GC (Allocation Failure) [PSYoungGen: 173664K->96K(174080K)] 373772K->200228K(523776K), 0.0023248 secs] [Times: user=0.02 sys=0.00, real=0.00 secs] 
2018-03-19T13:30:13.735+0530: 4748.838: [GC (Allocation Failure) [PSYoungGen: 173664K->96K(174080K)] 373796K->200252K(523776K), 0.0016700 secs] [Times: user=0.00 sys=0.00, real=0.00 secs] 
2018-03-19T13:30:14.120+0530: 4749.223: [GC (Allocation Failure) [PSYoungGen: 173664K->64K(174080K)] 373820K->200244K(523776K), 0.0016816 secs] [Times: user=0.00 sys=0.00, real=0.00 secs] 
2018-03-19T13:30:14.505+0530: 4749.608: [GC (Allocation Failure) [PSYoungGen: 173632K->96K(174080K)] 373812K->200300K(523776K), 0.0023569 secs] [Times: user=0.00 sys=0.00, real=0.00 secs] 
2018-03-19T13:30:14.897+0530: 4749.999: [GC (Allocation Failure) [PSYoungGen: 173664K->128K(174080K)] 373868K->200356K(523776K), 0.0024235 secs] [Times: user=0.00 sys=0.00, real=0.00 secs] 
2018-03-19T13:30:15.289+0530: 4750.391: [GC (Allocation Failure) [PSYoungGen: 173696K->96K(174080K)] 373924K->200348K(523776K), 0.0016679 secs] [Times: user=0.00 sys=0.00, real=0.00 secs] 
2018-03-19T13:30:15.674+0530: 4750.776: [GC (Allocation Failure) [PSYoungGen: 173664K->96K(174080K)] 373916K->200372K(523776K), 0.0022945 secs] [Times: user=0.00 sys=0.00, real=0.00 secs] 
2018-03-19T13:30:16.089+0530: 4751.192: [GC (Allocation Failure) [PSYoungGen: 173664K->96K(174080K)] 373940K->200396K(523776K), 0.0018114 secs] [Times: user=0.00 sys=0.00, real=0.00 secs] 
2018-03-19T13:30:16.448+0530: 4751.551: [GC (Allocation Failure) [PSYoungGen: 173664K->96K(174080K)] 373964K->200420K(523776K), 0.0023255 secs] [Times: user=0.00 sys=0.00, real=0.00 secs] 
2018-03-19T13:30:16.822+0530: 4751.925: [GC (Allocation Failure) [PSYoungGen: 173664K->96K(174080K)] 373988K->200452K(523776K), 0.0023008 secs] [Times: user=0.00 sys=0.00, real=0.00 secs] 
2018-03-19T13:30:17.177+0530: 4752.280: [GC (Allocation Failure) [PSYoungGen: 173664K->96K(174080K)] 374020K->200476K(523776K), 0.0022649 secs] [Times: user=0.00 sys=0.00, real=0.00 secs] 
2018-03-19T13:30:17.523+0530: 4752.626: [GC (Allocation Failure) [PSYoungGen: 173664K->96K(174080K)] 374044K->200500K(523776K), 0.0016978 secs] [Times: user=0.02 sys=0.00, real=0.00 secs] 
2018-03-19T13:30:17.902+0530: 4753.005: [GC (Allocation Failure) [PSYoungGen: 173664K->64K(174080K)] 374068K->200492K(523776K), 0.0016615 secs] [Times: user=0.00 sys=0.00, real=0.00 secs] 
2018-03-19T13:30:18.249+0530: 4753.352: [GC (Allocation Failure) [PSYoungGen: 173632K->96K(174080K)] 374060K->200540K(523776K), 0.0017285 secs] [Times: user=0.00 sys=0.00, real=0.00 secs] 
2018-03-19T13:30:18.624+0530: 4753.726: [GC (Allocation Failure) [PSYoungGen: 173664K->96K(174080K)] 374108K->200564K(523776K), 0.0023209 secs] [Times: user=0.00 sys=0.00, real=0.00 secs] 
2018-03-19T13:30:19.009+0530: 4754.112: [GC (Allocation Failure) [PSYoungGen: 173664K->96K(174080K)] 374132K->200588K(523776K), 0.0017218 secs] [Times: user=0.06 sys=0.00, real=0.00 secs] 
2018-03-19T13:30:19.390+0530: 4754.493: [GC (Allocation Failure) [PSYoungGen: 173664K->96K(174080K)] 374156K->200604K(523776K), 0.0022779 secs] [Times: user=0.00 sys=0.00, real=0.00 secs] 
2018-03-19T13:30:19.753+0530: 4754.856: [GC (Allocation Failure) [PSYoungGen: 173664K->96K(174080K)] 374172K->200620K(523776K), 0.0016848 secs] [Times: user=0.00 sys=0.00, real=0.00 secs] 
2018-03-19T13:30:20.145+0530: 4755.248: [GC (Allocation Failure) [PSYoungGen: 173664K->96K(174080K)] 374188K->200644K(523776K), 0.0016749 secs] [Times: user=0.00 sys=0.00, real=0.00 secs] 
2018-03-19T13:30:20.493+0530: 4755.596: [GC (Allocation Failure) [PSYoungGen: 173664K->96K(174080K)] 374212K->200668K(523776K), 0.0022839 secs] [Times: user=0.06 sys=0.00, real=0.00 secs] 
2018-03-19T13:30:20.835+0530: 4755.938: [GC (Allocation Failure) [PSYoungGen: 173664K->96K(174080K)] 374236K->200692K(523776K), 0.0016816 secs] [Times: user=0.02 sys=0.00, real=0.00 secs] 
2018-03-19T13:30:21.207+0530: 4756.311: [GC (Allocation Failure) [PSYoungGen: 173664K->96K(174080K)] 374260K->200708K(523776K), 0.0016100 secs] [Times: user=0.00 sys=0.00, real=0.00 secs] 
2018-03-19T13:30:21.550+0530: 4756.653: [GC (Allocation Failure) [PSYoungGen: 173664K->96K(174080K)] 374276K->200732K(523776K), 0.0017067 secs] [Times: user=0.00 sys=0.00, real=0.00 secs] 
2018-03-19T13:30:21.896+0530: 4756.999: [GC (Allocation Failure) [PSYoungGen: 173664K->96K(174080K)] 374300K->200756K(523776K), 0.0016584 secs] [Times: user=0.00 sys=0.00, real=0.00 secs] 
2018-03-19T13:30:22.242+0530: 4757.345: [GC (Allocation Failure) [PSYoungGen: 173664K->96K(174080K)] 374324K->200780K(523776K), 0.0015938 secs] [Times: user=0.06 sys=0.00, real=0.00 secs] 
2018-03-19T13:30:22.599+0530: 4757.702: [GC (Allocation Failure) [PSYoungGen: 173664K->96K(174080K)] 374348K->200804K(523776K), 0.0022352 secs] [Times: user=0.00 sys=0.00, real=0.00 secs] 
2018-03-19T13:30:22.992+0530: 4758.095: [GC (Allocation Failure) [PSYoungGen: 173664K->96K(174080K)] 374372K->200828K(523776K), 0.0022779 secs] [Times: user=0.06 sys=0.00, real=0.00 secs] 
2018-03-19T13:30:23.351+0530: 4758.454: [GC (Allocation Failure) [PSYoungGen: 173664K->96K(174080K)] 374396K->200844K(523776K), 0.0017553 secs] [Times: user=0.02 sys=0.00, real=0.00 secs] 
2018-03-19T13:30:23.746+0530: 4758.849: [GC (Allocation Failure) [PSYoungGen: 173664K->96K(174080K)] 374412K->200860K(523776K), 0.0016566 secs] [Times: user=0.00 sys=0.00, real=0.00 secs] 
2018-03-19T13:30:24.146+0530: 4759.249: [GC (Allocation Failure) [PSYoungGen: 173664K->96K(174080K)] 374428K->200884K(523776K), 0.0022532 secs] [Times: user=0.00 sys=0.00, real=0.00 secs] 
2018-03-19T13:30:24.516+0530: 4759.619: [GC (Allocation Failure) [PSYoungGen: 173664K->96K(174080K)] 374452K->200908K(523776K), 0.0017673 secs] [Times: user=0.00 sys=0.00, real=0.00 secs] 
2018-03-19T13:30:24.904+0530: 4760.007: [GC (Allocation Failure) [PSYoungGen: 173664K->32K(174080K)] 374476K->200868K(523776K), 0.0018583 secs] [Times: user=0.00 sys=0.00, real=0.00 secs] 
2018-03-19T13:30:25.250+0530: 4760.353: [GC (Allocation Failure) [PSYoungGen: 173600K->96K(174080K)] 374436K->200956K(523776K), 0.0016213 secs] [Times: user=0.00 sys=0.00, real=0.00 secs] 
2018-03-19T13:30:25.625+0530: 4760.728: [GC (Allocation Failure) [PSYoungGen: 173664K->96K(174080K)] 374524K->200980K(523776K), 0.0018184 secs] [Times: user=0.00 sys=0.00, real=0.00 secs] 
2018-03-19T13:30:25.969+0530: 4761.072: [GC (Allocation Failure) [PSYoungGen: 173664K->96K(174080K)] 374548K->201004K(523776K), 0.0016471 secs] [Times: user=0.00 sys=0.00, real=0.00 secs] 
2018-03-19T13:30:26.334+0530: 4761.438: [GC (Allocation Failure) [PSYoungGen: 173664K->96K(174080K)] 374572K->201020K(523776K), 0.0017172 secs] [Times: user=0.00 sys=0.00, real=0.00 secs] 
2018-03-19T13:30:26.694+0530: 4761.797: [GC (Allocation Failure) [PSYoungGen: 173664K->96K(174080K)] 374588K->201036K(523776K), 0.0016873 secs] [Times: user=0.00 sys=0.00, real=0.00 secs] 
2018-03-19T13:30:27.058+0530: 4762.161: [GC (Allocation Failure) [PSYoungGen: 173664K->64K(174080K)] 374604K->201028K(523776K), 0.0016379 secs] [Times: user=0.00 sys=0.00, real=0.00 secs] 
2018-03-19T13:30:27.426+0530: 4762.529: [GC (Allocation Failure) [PSYoungGen: 173632K->128K(174080K)] 374596K->201116K(523776K), 0.0023280 secs] [Times: user=0.00 sys=0.00, real=0.00 secs] 
2018-03-19T13:30:27.784+0530: 4762.887: [GC (Allocation Failure) [PSYoungGen: 173696K->96K(174080K)] 374684K->201100K(523776K), 0.0017398 secs] [Times: user=0.00 sys=0.00, real=0.00 secs] 
2018-03-19T13:30:28.165+0530: 4763.268: [GC (Allocation Failure) [PSYoungGen: 173664K->64K(174080K)] 374668K->201092K(523776K), 0.0017373 secs] [Times: user=0.05 sys=0.02, real=0.00 secs] 
2018-03-19T13:30:28.556+0530: 4763.659: [GC (Allocation Failure) [PSYoungGen: 173632K->64K(174080K)] 374660K->201116K(523776K), 0.0019278 secs] [Times: user=0.00 sys=0.00, real=0.00 secs] 
2018-03-19T13:30:28.873+0530: 4763.975: [GC (Allocation Failure) [PSYoungGen: 173632K->96K(174080K)] 374684K->201180K(523776K), 0.0017532 secs] [Times: user=0.00 sys=0.00, real=0.00 secs] 
2018-03-19T13:30:29.150+0530: 4764.253: [GC (Allocation Failure) [PSYoungGen: 173664K->64K(174080K)] 374748K->201172K(523776K), 0.0016220 secs] [Times: user=0.00 sys=0.00, real=0.00 secs] 
2018-03-19T13:30:29.442+0530: 4764.544: [GC (Allocation Failure) [PSYoungGen: 173632K->96K(174080K)] 374740K->201228K(523776K), 0.0014147 secs] [Times: user=0.00 sys=0.00, real=0.00 secs] 
2018-03-19T13:30:29.720+0530: 4764.824: [GC (Allocation Failure) [PSYoungGen: 173664K->96K(174080K)] 374796K->201244K(523776K), 0.0016647 secs] [Times: user=0.00 sys=0.00, real=0.00 secs] 
2018-03-19T13:30:30.015+0530: 4765.118: [GC (Allocation Failure) [PSYoungGen: 173664K->64K(174080K)] 374812K->201236K(523776K), 0.0015455 secs] [Times: user=0.00 sys=0.00, real=0.00 secs] 
2018-03-19T13:30:30.298+0530: 4765.401: [GC (Allocation Failure) [PSYoungGen: 173632K->96K(174080K)] 374804K->201292K(523776K), 0.0015677 secs] [Times: user=0.00 sys=0.00, real=0.00 secs] 
2018-03-19T13:30:30.583+0530: 4765.686: [GC (Allocation Failure) [PSYoungGen: 173664K->64K(174080K)] 374860K->201276K(523776K), 0.0024666 secs] [Times: user=0.00 sys=0.00, real=0.00 secs] 
2018-03-19T13:30:30.880+0530: 4765.983: [GC (Allocation Failure) [PSYoungGen: 173632K->96K(174080K)] 374844K->201332K(523776K), 0.0016760 secs] [Times: user=0.00 sys=0.00, real=0.00 secs] 
2018-03-19T13:30:31.161+0530: 4766.263: [GC (Allocation Failure) [PSYoungGen: 173664K->64K(174080K)] 374900K->201324K(523776K), 0.0015103 secs] [Times: user=0.00 sys=0.00, real=0.00 secs] 
2018-03-19T13:30:31.436+0530: 4766.539: [GC (Allocation Failure) [PSYoungGen: 173632K->96K(174080K)] 374892K->201388K(523776K), 0.0016770 secs] [Times: user=0.00 sys=0.00, real=0.00 secs] 
2018-03-19T13:30:31.725+0530: 4766.827: [GC (Allocation Failure) [PSYoungGen: 173664K->96K(174080K)] 374956K->201412K(523776K), 0.0015529 secs] [Times: user=0.00 sys=0.00, real=0.00 secs] 
2018-03-19T13:30:32.023+0530: 4767.126: [GC (Allocation Failure) [PSYoungGen: 173664K->96K(174080K)] 374980K->201444K(523776K), 0.0016333 secs] [Times: user=0.00 sys=0.00, real=0.00 secs] 
2018-03-19T13:30:32.300+0530: 4767.402: [GC (Allocation Failure) [PSYoungGen: 173664K->96K(174080K)] 375012K->201468K(523776K), 0.0016354 secs] [Times: user=0.00 sys=0.00, real=0.00 secs] 
2018-03-19T13:30:32.583+0530: 4767.685: [GC (Allocation Failure) [PSYoungGen: 173664K->96K(174080K)] 375036K->201492K(523776K), 0.0014743 secs] [Times: user=0.00 sys=0.00, real=0.00 secs] 
2018-03-19T13:30:32.856+0530: 4767.958: [GC (Allocation Failure) [PSYoungGen: 173664K->96K(174080K)] 375060K->201524K(523776K), 0.0014133 secs] [Times: user=0.00 sys=0.00, real=0.00 secs] 
2018-03-19T13:30:33.125+0530: 4768.228: [GC (Allocation Failure) [PSYoungGen: 173664K->96K(174080K)] 375092K->201540K(523776K), 0.0016037 secs] [Times: user=0.00 sys=0.00, real=0.00 secs] 
2018-03-19T13:30:33.411+0530: 4768.514: [GC (Allocation Failure) [PSYoungGen: 173664K->64K(174080K)] 375108K->201524K(523776K), 0.0018340 secs] [Times: user=0.00 sys=0.00, real=0.00 secs] 
2018-03-19T13:30:33.700+0530: 4768.803: [GC (Allocation Failure) [PSYoungGen: 173632K->96K(174080K)] 375092K->201580K(523776K), 0.0017197 secs] [Times: user=0.00 sys=0.00, real=0.00 secs] 
2018-03-19T13:30:33.988+0530: 4769.090: [GC (Allocation Failure) [PSYoungGen: 173664K->96K(174080K)] 375148K->201604K(523776K), 0.0015903 secs] [Times: user=0.00 sys=0.00, real=0.00 secs] 
2018-03-19T13:30:34.269+0530: 4769.371: [GC (Allocation Failure) [PSYoungGen: 173664K->96K(174080K)] 375172K->201636K(523776K), 0.0016009 secs] [Times: user=0.00 sys=0.00, real=0.00 secs] 
2018-03-19T13:30:34.556+0530: 4769.658: [GC (Allocation Failure) [PSYoungGen: 173664K->96K(174080K)] 375204K->201660K(523776K), 0.0015931 secs] [Times: user=0.00 sys=0.00, real=0.00 secs] 
2018-03-19T13:30:34.830+0530: 4769.933: [GC (Allocation Failure) [PSYoungGen: 173664K->64K(174080K)] 375228K->201652K(523776K), 0.0016386 secs] [Times: user=0.00 sys=0.00, real=0.00 secs] 
2018-03-19T13:30:35.111+0530: 4770.214: [GC (Allocation Failure) [PSYoungGen: 173632K->96K(174080K)] 375220K->201708K(523776K), 0.0016326 secs] [Times: user=0.00 sys=0.00, real=0.00 secs] 
2018-03-19T13:30:35.390+0530: 4770.493: [GC (Allocation Failure) [PSYoungGen: 173664K->96K(174080K)] 375276K->201732K(523776K), 0.0015522 secs] [Times: user=0.00 sys=0.00, real=0.00 secs] 
2018-03-19T13:30:35.689+0530: 4770.791: [GC (Allocation Failure) [PSYoungGen: 173664K->64K(174080K)] 375300K->201724K(523776K), 0.0016361 secs] [Times: user=0.00 sys=0.00, real=0.00 secs] 
2018-03-19T13:30:35.993+0530: 4771.095: [GC (Allocation Failure) [PSYoungGen: 173632K->96K(174080K)] 375292K->201772K(523776K), 0.0016756 secs] [Times: user=0.06 sys=0.00, real=0.00 secs] 
2018-03-19T13:30:36.272+0530: 4771.375: [GC (Allocation Failure) [PSYoungGen: 173664K->64K(174080K)] 375340K->201764K(523776K), 0.0016270 secs] [Times: user=0.00 sys=0.00, real=0.00 secs] 
2018-03-19T13:30:36.557+0530: 4771.659: [GC (Allocation Failure) [PSYoungGen: 173632K->96K(174080K)] 375332K->201820K(523776K), 0.0017962 secs] [Times: user=0.00 sys=0.00, real=0.00 secs] 
2018-03-19T13:30:36.835+0530: 4771.938: [GC (Allocation Failure) [PSYoungGen: 173664K->96K(174080K)] 375388K->201836K(523776K), 0.0016323 secs] [Times: user=0.00 sys=0.00, real=0.00 secs] 
2018-03-19T13:30:37.119+0530: 4772.222: [GC (Allocation Failure) [PSYoungGen: 173664K->96K(174080K)] 375404K->201852K(523776K), 0.0017127 secs] [Times: user=0.00 sys=0.00, real=0.00 secs] 
2018-03-19T13:30:37.398+0530: 4772.500: [GC (Allocation Failure) [PSYoungGen: 173664K->96K(174080K)] 375420K->201868K(523776K), 0.0016936 secs] [Times: user=0.00 sys=0.00, real=0.00 secs] 
2018-03-19T13:30:37.682+0530: 4772.785: [GC (Allocation Failure) [PSYoungGen: 173664K->96K(174080K)] 375436K->201892K(523776K), 0.0014902 secs] [Times: user=0.00 sys=0.00, real=0.00 secs] 
2018-03-19T13:30:37.958+0530: 4773.061: [GC (Allocation Failure) [PSYoungGen: 173664K->96K(174080K)] 375460K->201916K(523776K), 0.0017849 secs] [Times: user=0.00 sys=0.00, real=0.00 secs] 
2018-03-19T13:30:38.246+0530: 4773.349: [GC (Allocation Failure) [PSYoungGen: 173664K->96K(174080K)] 375484K->201940K(523776K), 0.0016555 secs] [Times: user=0.00 sys=0.00, real=0.00 secs] 
2018-03-19T13:30:38.528+0530: 4773.631: [GC (Allocation Failure) [PSYoungGen: 173664K->64K(174080K)] 375508K->201932K(523776K), 0.0015723 secs] [Times: user=0.00 sys=0.00, real=0.00 secs] 
2018-03-19T13:30:38.803+0530: 4773.906: [GC (Allocation Failure) [PSYoungGen: 173632K->96K(174080K)] 375500K->201988K(523776K), 0.0015406 secs] [Times: user=0.00 sys=0.00, real=0.00 secs] 
2018-03-19T13:30:39.095+0530: 4774.198: [GC (Allocation Failure) [PSYoungGen: 173664K->64K(174080K)] 375556K->201980K(523776K), 0.0015751 secs] [Times: user=0.00 sys=0.00, real=0.00 secs] 
2018-03-19T13:30:39.389+0530: 4774.491: [GC (Allocation Failure) [PSYoungGen: 173632K->128K(174080K)] 375548K->202068K(523776K), 0.0015014 secs] [Times: user=0.00 sys=0.00, real=0.00 secs] 
2018-03-19T13:30:39.678+0530: 4774.780: [GC (Allocation Failure) [PSYoungGen: 173696K->96K(174080K)] 375636K->202060K(523776K), 0.0017053 secs] [Times: user=0.00 sys=0.00, real=0.00 secs] 
2018-03-19T13:30:39.975+0530: 4775.078: [GC (Allocation Failure) [PSYoungGen: 173664K->96K(174080K)] 375628K->202084K(523776K), 0.0015896 secs] [Times: user=0.00 sys=0.00, real=0.00 secs] 
2018-03-19T13:30:40.261+0530: 4775.364: [GC (Allocation Failure) [PSYoungGen: 173664K->96K(174080K)] 375652K->202100K(523776K), 0.0015635 secs] [Times: user=0.00 sys=0.00, real=0.00 secs] 
2018-03-19T13:30:40.543+0530: 4775.646: [GC (Allocation Failure) [PSYoungGen: 173664K->96K(174080K)] 375668K->202124K(523776K), 0.0017687 secs] [Times: user=0.00 sys=0.00, real=0.00 secs] 
2018-03-19T13:30:40.831+0530: 4775.933: [GC (Allocation Failure) [PSYoungGen: 173664K->96K(174080K)] 375692K->202148K(523776K), 0.0014619 secs] [Times: user=0.00 sys=0.00, real=0.00 secs] 
2018-03-19T13:30:41.114+0530: 4776.217: [GC (Allocation Failure) [PSYoungGen: 173664K->64K(174080K)] 375716K->202140K(523776K), 0.0016055 secs] [Times: user=0.00 sys=0.00, real=0.00 secs] 
2018-03-19T13:30:41.395+0530: 4776.497: [GC (Allocation Failure) [PSYoungGen: 173632K->96K(174080K)] 375708K->202196K(523776K), 0.0016601 secs] [Times: user=0.00 sys=0.00, real=0.00 secs] 
2018-03-19T13:30:41.674+0530: 4776.776: [GC (Allocation Failure) [PSYoungGen: 173664K->96K(174080K)] 375764K->202220K(523776K), 0.0015378 secs] [Times: user=0.00 sys=0.00, real=0.00 secs] 
2018-03-19T13:30:41.958+0530: 4777.060: [GC (Allocation Failure) [PSYoungGen: 173664K->96K(174080K)] 375788K->202236K(523776K), 0.0017352 secs] [Times: user=0.00 sys=0.00, real=0.00 secs] 
2018-03-19T13:30:42.249+0530: 4777.351: [GC (Allocation Failure) [PSYoungGen: 173664K->96K(174080K)] 375804K->202260K(523776K), 0.0016869 secs] [Times: user=0.00 sys=0.00, real=0.00 secs] 
2018-03-19T13:30:42.534+0530: 4777.637: [GC (Allocation Failure) [PSYoungGen: 173664K->128K(174080K)] 375828K->202316K(523776K), 0.0017567 secs] [Times: user=0.00 sys=0.00, real=0.00 secs] 
2018-03-19T13:30:42.811+0530: 4777.914: [GC (Allocation Failure) [PSYoungGen: 173696K->96K(174080K)] 375884K->202308K(523776K), 0.0015603 secs] [Times: user=0.00 sys=0.00, real=0.00 secs] 
2018-03-19T13:30:43.098+0530: 4778.201: [GC (Allocation Failure) [PSYoungGen: 173664K->96K(174080K)] 375876K->202324K(523776K), 0.0017500 secs] [Times: user=0.00 sys=0.00, real=0.00 secs] 
2018-03-19T13:30:43.378+0530: 4778.480: [GC (Allocation Failure) [PSYoungGen: 173664K->96K(174080K)] 375892K->202340K(523776K), 0.0015321 secs] [Times: user=0.00 sys=0.00, real=0.00 secs] 
2018-03-19T13:30:43.663+0530: 4778.765: [GC (Allocation Failure) [PSYoungGen: 173664K->96K(174080K)] 375908K->202356K(523776K), 0.0015727 secs] [Times: user=0.00 sys=0.00, real=0.00 secs] 
2018-03-19T13:30:43.966+0530: 4779.069: [GC (Allocation Failure) [PSYoungGen: 173664K->96K(174080K)] 375924K->202380K(523776K), 0.0018322 secs] [Times: user=0.00 sys=0.00, real=0.00 secs] 
2018-03-19T13:30:44.249+0530: 4779.352: [GC (Allocation Failure) [PSYoungGen: 173664K->64K(174080K)] 375948K->202372K(523776K), 0.0018163 secs] [Times: user=0.00 sys=0.00, real=0.00 secs] 
2018-03-19T13:30:44.600+0530: 4779.703: [GC (Allocation Failure) [PSYoungGen: 173632K->64K(174080K)] 375940K->202396K(523776K), 0.0018509 secs] [Times: user=0.00 sys=0.00, real=0.00 secs] 
2018-03-19T13:30:44.966+0530: 4780.069: [GC (Allocation Failure) [PSYoungGen: 173632K->64K(174080K)] 375964K->202420K(523776K), 0.0018844 secs] [Times: user=0.00 sys=0.00, real=0.00 secs] 
2018-03-19T13:30:45.289+0530: 4780.392: [GC (Allocation Failure) [PSYoungGen: 173632K->96K(174080K)] 375988K->202476K(523776K), 0.0014704 secs] [Times: user=0.00 sys=0.00, real=0.00 secs] 
2018-03-19T13:30:45.573+0530: 4780.676: [GC (Allocation Failure) [PSYoungGen: 173664K->64K(174080K)] 376044K->202460K(523776K), 0.0020367 secs] [Times: user=0.00 sys=0.00, real=0.00 secs] 
2018-03-19T13:30:45.862+0530: 4780.965: [GC (Allocation Failure) [PSYoungGen: 173632K->64K(174080K)] 376028K->202484K(523776K), 0.0016460 secs] [Times: user=0.00 sys=0.00, real=0.00 secs] 
2018-03-19T13:30:46.151+0530: 4781.254: [GC (Allocation Failure) [PSYoungGen: 173632K->96K(174080K)] 376052K->202540K(523776K), 0.0015381 secs] [Times: user=0.00 sys=0.00, real=0.00 secs] 
2018-03-19T13:30:46.429+0530: 4781.532: [GC (Allocation Failure) [PSYoungGen: 173664K->96K(174080K)] 376108K->202556K(523776K), 0.0015924 secs] [Times: user=0.01 sys=0.00, real=0.00 secs] 
2018-03-19T13:30:46.704+0530: 4781.807: [GC (Allocation Failure) [PSYoungGen: 173664K->96K(174080K)] 376124K->202572K(523776K), 0.0014552 secs] [Times: user=0.00 sys=0.00, real=0.00 secs] 
2018-03-19T13:30:46.980+0530: 4782.083: [GC (Allocation Failure) [PSYoungGen: 173664K->96K(174080K)] 376140K->202596K(523776K), 0.0015413 secs] [Times: user=0.00 sys=0.00, real=0.00 secs] 
2018-03-19T13:30:47.259+0530: 4782.362: [GC (Allocation Failure) [PSYoungGen: 173664K->96K(174080K)] 376164K->202620K(523776K), 0.0014655 secs] [Times: user=0.00 sys=0.00, real=0.00 secs] 
2018-03-19T13:30:47.543+0530: 4782.645: [GC (Allocation Failure) [PSYoungGen: 173664K->96K(174080K)] 376188K->202644K(523776K), 0.0015381 secs] [Times: user=0.00 sys=0.00, real=0.00 secs] 
2018-03-19T13:30:47.824+0530: 4782.926: [GC (Allocation Failure) [PSYoungGen: 173664K->64K(174080K)] 376212K->202636K(523776K), 0.0018160 secs] [Times: user=0.00 sys=0.00, real=0.00 secs] 
2018-03-19T13:30:48.138+0530: 4783.241: [GC (Allocation Failure) [PSYoungGen: 173632K->96K(174080K)] 376204K->202684K(523776K), 0.0017042 secs] [Times: user=0.00 sys=0.00, real=0.00 secs] 
2018-03-19T13:30:48.411+0530: 4783.514: [GC (Allocation Failure) [PSYoungGen: 173664K->64K(174080K)] 376252K->202676K(523776K), 0.0014831 secs] [Times: user=0.00 sys=0.00, real=0.00 secs] 
2018-03-19T13:30:48.690+0530: 4783.793: [GC (Allocation Failure) [PSYoungGen: 173632K->96K(174080K)] 376244K->202740K(523776K), 0.0016210 secs] [Times: user=0.00 sys=0.00, real=0.00 secs] 
2018-03-19T13:30:48.969+0530: 4784.071: [GC (Allocation Failure) [PSYoungGen: 173664K->96K(174080K)] 376308K->202756K(523776K), 0.0015152 secs] [Times: user=0.00 sys=0.00, real=0.00 secs] 
2018-03-19T13:30:49.247+0530: 4784.350: [GC (Allocation Failure) [PSYoungGen: 173664K->96K(174080K)] 376324K->202772K(523776K), 0.0016118 secs] [Times: user=0.00 sys=0.00, real=0.00 secs] 
2018-03-19T13:30:49.541+0530: 4784.644: [GC (Allocation Failure) [PSYoungGen: 173664K->96K(174080K)] 376340K->202796K(523776K), 0.0015289 secs] [Times: user=0.00 sys=0.00, real=0.00 secs] 
2018-03-19T13:30:49.827+0530: 4784.930: [GC (Allocation Failure) [PSYoungGen: 173664K->96K(174080K)] 376364K->202820K(523776K), 0.0014919 secs] [Times: user=0.00 sys=0.00, real=0.00 secs] 
2018-03-19T13:30:50.106+0530: 4785.209: [GC (Allocation Failure) [PSYoungGen: 173664K->96K(174080K)] 376388K->202844K(523776K), 0.0020871 secs] [Times: user=0.00 sys=0.00, real=0.00 secs] 
2018-03-19T13:30:50.384+0530: 4785.487: [GC (Allocation Failure) [PSYoungGen: 173664K->96K(174080K)] 376412K->202868K(523776K), 0.0014676 secs] [Times: user=0.00 sys=0.00, real=0.00 secs] 
2018-03-19T13:30:50.681+0530: 4785.784: [GC (Allocation Failure) [PSYoungGen: 173664K->64K(174080K)] 376436K->202860K(523776K), 0.0017779 secs] [Times: user=0.00 sys=0.00, real=0.00 secs] 
2018-03-19T13:30:50.967+0530: 4786.070: [GC (Allocation Failure) [PSYoungGen: 173632K->96K(174080K)] 376428K->202916K(523776K), 0.0017811 secs] [Times: user=0.00 sys=0.00, real=0.00 secs] 
2018-03-19T13:30:51.252+0530: 4786.355: [GC (Allocation Failure) [PSYoungGen: 173664K->96K(174080K)] 376484K->202940K(523776K), 0.0014905 secs] [Times: user=0.00 sys=0.00, real=0.00 secs] 
2018-03-19T13:30:51.543+0530: 4786.645: [GC (Allocation Failure) [PSYoungGen: 173664K->96K(174080K)] 376508K->202964K(523776K), 0.0015490 secs] [Times: user=0.00 sys=0.00, real=0.00 secs] 
2018-03-19T13:30:51.825+0530: 4786.928: [GC (Allocation Failure) [PSYoungGen: 173664K->96K(174080K)] 376532K->202980K(523776K), 0.0016584 secs] [Times: user=0.00 sys=0.00, real=0.00 secs] 
2018-03-19T13:30:52.118+0530: 4787.221: [GC (Allocation Failure) [PSYoungGen: 173664K->96K(174080K)] 376548K->203004K(523776K), 0.0017645 secs] [Times: user=0.00 sys=0.00, real=0.00 secs] 
2018-03-19T13:30:52.398+0530: 4787.502: [GC (Allocation Failure) [PSYoungGen: 173664K->96K(174080K)] 376572K->203020K(523776K), 0.0014478 secs] [Times: user=0.02 sys=0.00, real=0.00 secs] 
2018-03-19T13:30:52.685+0530: 4787.788: [GC (Allocation Failure) [PSYoungGen: 173664K->96K(174080K)] 376588K->203044K(523776K), 0.0015723 secs] [Times: user=0.00 sys=0.00, real=0.00 secs] 
2018-03-19T13:30:52.973+0530: 4788.077: [GC (Allocation Failure) [PSYoungGen: 173664K->96K(174080K)] 376612K->203060K(523776K), 0.0015505 secs] [Times: user=0.00 sys=0.00, real=0.00 secs] 
2018-03-19T13:30:53.251+0530: 4788.354: [GC (Allocation Failure) [PSYoungGen: 173664K->32K(174080K)] 376628K->203020K(523776K), 0.0016531 secs] [Times: user=0.00 sys=0.00, real=0.00 secs] 
2018-03-19T13:30:53.540+0530: 4788.643: [GC (Allocation Failure) [PSYoungGen: 173600K->96K(174080K)] 376588K->203108K(523776K), 0.0017373 secs] [Times: user=0.06 sys=0.00, real=0.00 secs] 
2018-03-19T13:30:53.821+0530: 4788.925: [GC (Allocation Failure) [PSYoungGen: 173664K->96K(174080K)] 376676K->203140K(523776K), 0.0015921 secs] [Times: user=0.00 sys=0.02, real=0.00 secs] 
2018-03-19T13:30:54.103+0530: 4789.205: [GC (Allocation Failure) [PSYoungGen: 173664K->96K(174080K)] 376708K->203164K(523776K), 0.0017271 secs] [Times: user=0.00 sys=0.00, real=0.00 secs] 
2018-03-19T13:30:54.391+0530: 4789.494: [GC (Allocation Failure) [PSYoungGen: 173664K->96K(174080K)] 376732K->203196K(523776K), 0.0015265 secs] [Times: user=0.00 sys=0.00, real=0.00 secs] 
2018-03-19T13:30:54.690+0530: 4789.793: [GC (Allocation Failure) [PSYoungGen: 173664K->64K(174080K)] 376764K->203188K(523776K), 0.0016365 secs] [Times: user=0.00 sys=0.00, real=0.00 secs] 
2018-03-19T13:30:54.962+0530: 4790.066: [GC (Allocation Failure) [PSYoungGen: 173632K->96K(174080K)] 376756K->203236K(523776K), 0.0016993 secs] [Times: user=0.00 sys=0.00, real=0.00 secs] 
2018-03-19T13:30:55.340+0530: 4790.443: [GC (Allocation Failure) [PSYoungGen: 173664K->96K(174080K)] 376804K->203252K(523776K), 0.0017134 secs] [Times: user=0.00 sys=0.00, real=0.00 secs] 
2018-03-19T13:30:55.709+0530: 4790.812: [GC (Allocation Failure) [PSYoungGen: 173664K->96K(174080K)] 376820K->203276K(523776K), 0.0017596 secs] [Times: user=0.00 sys=0.00, real=0.00 secs] 
2018-03-19T13:30:56.022+0530: 4791.125: [GC (Allocation Failure) [PSYoungGen: 173664K->96K(174080K)] 376844K->203300K(523776K), 0.0016418 secs] [Times: user=0.00 sys=0.00, real=0.00 secs] 
2018-03-19T13:30:56.305+0530: 4791.407: [GC (Allocation Failure) [PSYoungGen: 173664K->64K(174080K)] 376868K->203292K(523776K), 0.0014366 secs] [Times: user=0.02 sys=0.00, real=0.00 secs] 
2018-03-19T13:30:56.596+0530: 4791.698: [GC (Allocation Failure) [PSYoungGen: 173632K->96K(174080K)] 376860K->203340K(523776K), 0.0017169 secs] [Times: user=0.00 sys=0.00, real=0.00 secs] 
2018-03-19T13:30:56.871+0530: 4791.974: [GC (Allocation Failure) [PSYoungGen: 173664K->96K(174080K)] 376908K->203356K(523776K), 0.0016016 secs] [Times: user=0.00 sys=0.00, real=0.00 secs] 
2018-03-19T13:30:57.171+0530: 4792.274: [GC (Allocation Failure) [PSYoungGen: 173664K->96K(174080K)] 376924K->203380K(523776K), 0.0018463 secs] [Times: user=0.00 sys=0.00, real=0.00 secs] 
2018-03-19T13:30:57.455+0530: 4792.558: [GC (Allocation Failure) [PSYoungGen: 173664K->96K(174080K)] 376948K->203404K(523776K), 0.0017564 secs] [Times: user=0.00 sys=0.00, real=0.00 secs] 
2018-03-19T13:30:57.735+0530: 4792.838: [GC (Allocation Failure) [PSYoungGen: 173664K->64K(174080K)] 376972K->203396K(523776K), 0.0014986 secs] [Times: user=0.00 sys=0.00, real=0.00 secs] 
2018-03-19T13:30:58.019+0530: 4793.123: [GC (Allocation Failure) [PSYoungGen: 173632K->96K(174080K)] 376964K->203452K(523776K), 0.0014866 secs] [Times: user=0.00 sys=0.00, real=0.00 secs] 
2018-03-19T13:30:58.319+0530: 4793.422: [GC (Allocation Failure) [PSYoungGen: 173664K->96K(174080K)] 377020K->203484K(523776K), 0.0015332 secs] [Times: user=0.00 sys=0.00, real=0.00 secs] 
2018-03-19T13:30:58.610+0530: 4793.713: [GC (Allocation Failure) [PSYoungGen: 173664K->96K(174080K)] 377052K->203508K(523776K), 0.0015490 secs] [Times: user=0.00 sys=0.00, real=0.00 secs] 
2018-03-19T13:30:58.898+0530: 4794.001: [GC (Allocation Failure) [PSYoungGen: 173664K->96K(174080K)] 377076K->203532K(523776K), 0.0015684 secs] [Times: user=0.02 sys=0.02, real=0.00 secs] 
2018-03-19T13:30:59.177+0530: 4794.280: [GC (Allocation Failure) [PSYoungGen: 173664K->96K(174080K)] 377100K->203564K(523776K), 0.0015706 secs] [Times: user=0.00 sys=0.00, real=0.00 secs] 
2018-03-19T13:30:59.457+0530: 4794.560: [GC (Allocation Failure) [PSYoungGen: 173664K->128K(174080K)] 377132K->203620K(523776K), 0.0016732 secs] [Times: user=0.00 sys=0.00, real=0.00 secs] 
2018-03-19T13:30:59.752+0530: 4794.855: [GC (Allocation Failure) [PSYoungGen: 173696K->96K(174080K)] 377188K->203612K(523776K), 0.0014866 secs] [Times: user=0.00 sys=0.00, real=0.00 secs] 
2018-03-19T13:31:00.067+0530: 4795.170: [GC (Allocation Failure) [PSYoungGen: 173664K->64K(174080K)] 377180K->203612K(523776K), 0.0017472 secs] [Times: user=0.00 sys=0.00, real=0.00 secs] 
2018-03-19T13:31:00.392+0530: 4795.495: [GC (Allocation Failure) [PSYoungGen: 173632K->96K(174080K)] 377180K->203668K(523776K), 0.0018703 secs] [Times: user=0.00 sys=0.00, real=0.00 secs] 
2018-03-19T13:31:00.687+0530: 4795.790: [GC (Allocation Failure) [PSYoungGen: 173664K->64K(174080K)] 377236K->203660K(523776K), 0.0016037 secs] [Times: user=0.00 sys=0.00, real=0.00 secs] 
2018-03-19T13:31:00.965+0530: 4796.067: [GC (Allocation Failure) [PSYoungGen: 173632K->96K(174080K)] 377228K->203716K(523776K), 0.0015293 secs] [Times: user=0.00 sys=0.00, real=0.00 secs] 
2018-03-19T13:31:01.243+0530: 4796.346: [GC (Allocation Failure) [PSYoungGen: 173664K->96K(174080K)] 377284K->203740K(523776K), 0.0015106 secs] [Times: user=0.00 sys=0.00, real=0.00 secs] 
2018-03-19T13:31:01.540+0530: 4796.643: [GC (Allocation Failure) [PSYoungGen: 173664K->96K(174080K)] 377308K->203764K(523776K), 0.0018100 secs] [Times: user=0.00 sys=0.00, real=0.00 secs] 
2018-03-19T13:31:01.821+0530: 4796.923: [GC (Allocation Failure) [PSYoungGen: 173664K->96K(174080K)] 377332K->203780K(523776K), 0.0015318 secs] [Times: user=0.01 sys=0.00, real=0.00 secs] 
2018-03-19T13:31:02.098+0530: 4797.201: [GC (Allocation Failure) [PSYoungGen: 173664K->96K(174080K)] 377348K->203804K(523776K), 0.0015642 secs] [Times: user=0.00 sys=0.00, real=0.00 secs] 
2018-03-19T13:31:02.381+0530: 4797.483: [GC (Allocation Failure) [PSYoungGen: 173664K->96K(174080K)] 377372K->203828K(523776K), 0.0015649 secs] [Times: user=0.00 sys=0.00, real=0.00 secs] 
2018-03-19T13:31:02.663+0530: 4797.766: [GC (Allocation Failure) [PSYoungGen: 173664K->96K(174080K)] 377396K->203844K(523776K), 0.0015272 secs] [Times: user=0.00 sys=0.00, real=0.00 secs] 
2018-03-19T13:31:02.943+0530: 4798.046: [GC (Allocation Failure) [PSYoungGen: 173664K->96K(174080K)] 377412K->203868K(523776K), 0.0015222 secs] [Times: user=0.00 sys=0.00, real=0.00 secs] 
2018-03-19T13:31:03.231+0530: 4798.334: [GC (Allocation Failure) [PSYoungGen: 173664K->96K(174080K)] 377436K->203900K(523776K), 0.0017673 secs] [Times: user=0.00 sys=0.00, real=0.00 secs] 
2018-03-19T13:31:03.522+0530: 4798.626: [GC (Allocation Failure) [PSYoungGen: 173664K->64K(174080K)] 377468K->203892K(523776K), 0.0017578 secs] [Times: user=0.00 sys=0.00, real=0.00 secs] 
2018-03-19T13:31:03.813+0530: 4798.916: [GC (Allocation Failure) [PSYoungGen: 173632K->96K(174080K)] 377460K->203948K(523776K), 0.0017920 secs] [Times: user=0.00 sys=0.00, real=0.00 secs] 
2018-03-19T13:31:04.117+0530: 4799.219: [GC (Allocation Failure) [PSYoungGen: 173664K->96K(174080K)] 377516K->203964K(523776K), 0.0016908 secs] [Times: user=0.00 sys=0.00, real=0.00 secs] 
2018-03-19T13:31:04.401+0530: 4799.504: [GC (Allocation Failure) [PSYoungGen: 173664K->96K(174080K)] 377532K->203988K(523776K), 0.0015057 secs] [Times: user=0.00 sys=0.00, real=0.00 secs] 
2018-03-19T13:31:04.695+0530: 4799.797: [GC (Allocation Failure) [PSYoungGen: 173664K->96K(174080K)] 377556K->204020K(523776K), 0.0015099 secs] [Times: user=0.00 sys=0.00, real=0.00 secs] 
2018-03-19T13:31:04.968+0530: 4800.071: [GC (Allocation Failure) [PSYoungGen: 173664K->96K(174080K)] 377588K->204044K(523776K), 0.0016809 secs] [Times: user=0.00 sys=0.00, real=0.00 secs] 
2018-03-19T13:31:05.246+0530: 4800.349: [GC (Allocation Failure) [PSYoungGen: 173664K->64K(174080K)] 377612K->204036K(523776K), 0.0016217 secs] [Times: user=0.00 sys=0.00, real=0.00 secs] 
2018-03-19T13:31:05.531+0530: 4800.633: [GC (Allocation Failure) [PSYoungGen: 173632K->96K(174080K)] 377604K->204084K(523776K), 0.0016450 secs] [Times: user=0.00 sys=0.00, real=0.00 secs] 
2018-03-19T13:31:05.822+0530: 4800.925: [GC (Allocation Failure) [PSYoungGen: 173664K->96K(174080K)] 377652K->204108K(523776K), 0.0017370 secs] [Times: user=0.00 sys=0.00, real=0.00 secs] 
2018-03-19T13:31:06.143+0530: 4801.246: [GC (Allocation Failure) [PSYoungGen: 173664K->96K(174080K)] 377676K->204132K(523776K), 0.0017811 secs] [Times: user=0.00 sys=0.00, real=0.00 secs] 
2018-03-19T13:31:06.425+0530: 4801.528: [GC (Allocation Failure) [PSYoungGen: 173664K->96K(174080K)] 377700K->204148K(523776K), 0.0016545 secs] [Times: user=0.00 sys=0.00, real=0.00 secs] 
2018-03-19T13:31:06.708+0530: 4801.811: [GC (Allocation Failure) [PSYoungGen: 173664K->96K(174080K)] 377716K->204180K(523776K), 0.0016612 secs] [Times: user=0.00 sys=0.00, real=0.00 secs] 
2018-03-19T13:31:06.997+0530: 4802.100: [GC (Allocation Failure) [PSYoungGen: 173664K->96K(174080K)] 377748K->204212K(523776K), 0.0016100 secs] [Times: user=0.00 sys=0.00, real=0.00 secs] 
2018-03-19T13:31:07.280+0530: 4802.382: [GC (Allocation Failure) [PSYoungGen: 173664K->96K(174080K)] 377780K->204236K(523776K), 0.0014761 secs] [Times: user=0.00 sys=0.00, real=0.00 secs] 
2018-03-19T13:31:07.562+0530: 4802.664: [GC (Allocation Failure) [PSYoungGen: 173664K->96K(174080K)] 377804K->204268K(523776K), 0.0015628 secs] [Times: user=0.00 sys=0.00, real=0.00 secs] 
2018-03-19T13:31:07.856+0530: 4802.959: [GC (Allocation Failure) [PSYoungGen: 173664K->96K(174080K)] 377836K->204284K(523776K), 0.0017282 secs] [Times: user=0.00 sys=0.00, real=0.00 secs] 
2018-03-19T13:31:08.150+0530: 4803.252: [GC (Allocation Failure) [PSYoungGen: 173664K->96K(174080K)] 377852K->204308K(523776K), 0.0019362 secs] [Times: user=0.00 sys=0.00, real=0.00 secs] 
2018-03-19T13:31:08.430+0530: 4803.532: [GC (Allocation Failure) [PSYoungGen: 173664K->96K(174080K)] 377876K->204324K(523776K), 0.0016333 secs] [Times: user=0.00 sys=0.00, real=0.00 secs] 
2018-03-19T13:31:08.711+0530: 4803.813: [GC (Allocation Failure) [PSYoungGen: 173664K->96K(174080K)] 377892K->204348K(523776K), 0.0015762 secs] [Times: user=0.00 sys=0.00, real=0.00 secs] 
2018-03-19T13:31:08.989+0530: 4804.091: [GC (Allocation Failure) [PSYoungGen: 173664K->64K(174080K)] 377916K->204340K(523776K), 0.0017278 secs] [Times: user=0.00 sys=0.00, real=0.00 secs] 
2018-03-19T13:31:09.268+0530: 4804.371: [GC (Allocation Failure) [PSYoungGen: 173632K->96K(174080K)] 377908K->204388K(523776K), 0.0017479 secs] [Times: user=0.00 sys=0.00, real=0.00 secs] 
2018-03-19T13:31:09.551+0530: 4804.654: [GC (Allocation Failure) [PSYoungGen: 173664K->96K(174080K)] 377956K->204412K(523776K), 0.0017758 secs] [Times: user=0.00 sys=0.00, real=0.00 secs] 
2018-03-19T13:31:09.852+0530: 4804.955: [GC (Allocation Failure) [PSYoungGen: 173664K->96K(174080K)] 377980K->204436K(523776K), 0.0016379 secs] [Times: user=0.06 sys=0.00, real=0.00 secs] 
2018-03-19T13:31:10.130+0530: 4805.232: [GC (Allocation Failure) [PSYoungGen: 173664K->64K(174080K)] 378004K->204428K(523776K), 0.0016287 secs] [Times: user=0.00 sys=0.00, real=0.00 secs] 
2018-03-19T13:31:10.403+0530: 4805.506: [GC (Allocation Failure) [PSYoungGen: 173632K->64K(174080K)] 377996K->204452K(523776K), 0.0015981 secs] [Times: user=0.00 sys=0.00, real=0.00 secs] 
2018-03-19T13:31:10.696+0530: 4805.798: [GC (Allocation Failure) [PSYoungGen: 173632K->96K(174080K)] 378020K->204508K(523776K), 0.0015533 secs] [Times: user=0.00 sys=0.00, real=0.00 secs] 
2018-03-19T13:31:10.990+0530: 4806.093: [GC (Allocation Failure) [PSYoungGen: 173664K->96K(174080K)] 378076K->204532K(523776K), 0.0017031 secs] [Times: user=0.00 sys=0.00, real=0.00 secs] 
2018-03-19T13:31:11.268+0530: 4806.371: [GC (Allocation Failure) [PSYoungGen: 173664K->96K(174080K)] 378100K->204564K(523776K), 0.0016354 secs] [Times: user=0.00 sys=0.00, real=0.00 secs] 
2018-03-19T13:31:11.562+0530: 4806.665: [GC (Allocation Failure) [PSYoungGen: 173664K->64K(174080K)] 378132K->204548K(523776K), 0.0015356 secs] [Times: user=0.00 sys=0.00, real=0.00 secs] 
2018-03-19T13:31:11.838+0530: 4806.941: [GC (Allocation Failure) [PSYoungGen: 173632K->64K(174080K)] 378116K->204564K(523776K), 0.0025046 secs] [Times: user=0.00 sys=0.00, real=0.00 secs] 
2018-03-19T13:31:12.125+0530: 4807.228: [GC (Allocation Failure) [PSYoungGen: 173632K->96K(174080K)] 378132K->204628K(523776K), 0.0017560 secs] [Times: user=0.00 sys=0.00, real=0.00 secs] 
2018-03-19T13:31:12.397+0530: 4807.500: [GC (Allocation Failure) [PSYoungGen: 173664K->96K(174080K)] 378196K->204652K(523776K), 0.0016957 secs] [Times: user=0.00 sys=0.00, real=0.00 secs] 
2018-03-19T13:31:12.691+0530: 4807.794: [GC (Allocation Failure) [PSYoungGen: 173664K->96K(174080K)] 378220K->204668K(523776K), 0.0016213 secs] [Times: user=0.00 sys=0.00, real=0.00 secs] 
2018-03-19T13:31:12.969+0530: 4808.071: [GC (Allocation Failure) [PSYoungGen: 173664K->96K(174080K)] 378236K->204700K(523776K), 0.0015702 secs] [Times: user=0.00 sys=0.00, real=0.00 secs] 
2018-03-19T13:31:13.250+0530: 4808.353: [GC (Allocation Failure) [PSYoungGen: 173664K->96K(174080K)] 378268K->204724K(523776K), 0.0016541 secs] [Times: user=0.00 sys=0.00, real=0.00 secs] 
2018-03-19T13:31:13.531+0530: 4808.634: [GC (Allocation Failure) [PSYoungGen: 173664K->96K(174080K)] 378292K->204756K(523776K), 0.0015184 secs] [Times: user=0.00 sys=0.00, real=0.00 secs] 
2018-03-19T13:31:13.814+0530: 4808.916: [GC (Allocation Failure) [PSYoungGen: 173664K->96K(174080K)] 378324K->204788K(523776K), 0.0016735 secs] [Times: user=0.00 sys=0.00, real=0.00 secs] 
2018-03-19T13:31:14.117+0530: 4809.220: [GC (Allocation Failure) [PSYoungGen: 173664K->96K(174080K)] 378356K->204804K(523776K), 0.0015127 secs] [Times: user=0.02 sys=0.00, real=0.00 secs] 
2018-03-19T13:31:14.411+0530: 4809.514: [GC (Allocation Failure) [PSYoungGen: 173664K->64K(174080K)] 378372K->204796K(523776K), 0.0016432 secs] [Times: user=0.00 sys=0.00, real=0.00 secs] 
2018-03-19T13:31:14.717+0530: 4809.820: [GC (Allocation Failure) [PSYoungGen: 173632K->96K(174080K)] 378364K->204852K(523776K), 0.0015364 secs] [Times: user=0.00 sys=0.00, real=0.00 secs] 
2018-03-19T13:31:15.050+0530: 4810.153: [GC (Allocation Failure) [PSYoungGen: 173664K->64K(174080K)] 378420K->204844K(523776K), 0.0017363 secs] [Times: user=0.00 sys=0.00, real=0.00 secs] 
2018-03-19T13:31:15.334+0530: 4810.438: [GC (Allocation Failure) [PSYoungGen: 173632K->96K(174080K)] 378412K->204900K(523776K), 0.0016178 secs] [Times: user=0.00 sys=0.00, real=0.00 secs] 
2018-03-19T13:31:15.615+0530: 4810.718: [GC (Allocation Failure) [PSYoungGen: 173664K->96K(174080K)] 378468K->204924K(523776K), 0.0016749 secs] [Times: user=0.00 sys=0.00, real=0.00 secs] 
2018-03-19T13:31:15.932+0530: 4811.034: [GC (Allocation Failure) [PSYoungGen: 173664K->32K(174080K)] 378492K->204876K(523776K), 0.0020219 secs] [Times: user=0.00 sys=0.00, real=0.00 secs] 
2018-03-19T13:31:16.226+0530: 4811.329: [GC (Allocation Failure) [PSYoungGen: 173600K->96K(174080K)] 378444K->204964K(523776K), 0.0016033 secs] [Times: user=0.05 sys=0.00, real=0.00 secs] 
2018-03-19T13:31:16.520+0530: 4811.623: [GC (Allocation Failure) [PSYoungGen: 173664K->96K(174080K)] 378532K->204988K(523776K), 0.0015335 secs] [Times: user=0.00 sys=0.00, real=0.00 secs] 
2018-03-19T13:31:16.804+0530: 4811.907: [GC (Allocation Failure) [PSYoungGen: 173664K->96K(174080K)] 378556K->205012K(523776K), 0.0017698 secs] [Times: user=0.00 sys=0.00, real=0.00 secs] 
2018-03-19T13:31:17.076+0530: 4812.179: [GC (Allocation Failure) [PSYoungGen: 173664K->96K(174080K)] 378580K->205036K(523776K), 0.0018040 secs] [Times: user=0.00 sys=0.00, real=0.00 secs] 
2018-03-19T13:31:17.353+0530: 4812.456: [GC (Allocation Failure) [PSYoungGen: 173664K->96K(174080K)] 378604K->205052K(523776K), 0.0014789 secs] [Times: user=0.00 sys=0.00, real=0.00 secs] 
2018-03-19T13:31:17.640+0530: 4812.744: [GC (Allocation Failure) [PSYoungGen: 173664K->96K(174080K)] 378620K->205076K(523776K), 0.0015903 secs] [Times: user=0.00 sys=0.00, real=0.00 secs] 
2018-03-19T13:31:17.930+0530: 4813.033: [GC (Allocation Failure) [PSYoungGen: 173664K->96K(174080K)] 378644K->205100K(523776K), 0.0015353 secs] [Times: user=0.03 sys=0.00, real=0.00 secs] 
2018-03-19T13:31:18.214+0530: 4813.317: [GC (Allocation Failure) [PSYoungGen: 173664K->96K(174080K)] 378668K->205116K(523776K), 0.0015494 secs] [Times: user=0.00 sys=0.00, real=0.00 secs] 
2018-03-19T13:31:18.492+0530: 4813.595: [GC (Allocation Failure) [PSYoungGen: 173664K->96K(174080K)] 378684K->205140K(523776K), 0.0016086 secs] [Times: user=0.00 sys=0.00, real=0.00 secs] 
2018-03-19T13:31:18.779+0530: 4813.882: [GC (Allocation Failure) [PSYoungGen: 173664K->96K(174080K)] 378708K->205164K(523776K), 0.0015208 secs] [Times: user=0.00 sys=0.00, real=0.00 secs] 
2018-03-19T13:31:19.062+0530: 4814.165: [GC (Allocation Failure) [PSYoungGen: 173664K->64K(174080K)] 378732K->205156K(523776K), 0.0016203 secs] [Times: user=0.00 sys=0.00, real=0.00 secs] 
2018-03-19T13:31:19.340+0530: 4814.444: [GC (Allocation Failure) [PSYoungGen: 173632K->64K(174080K)] 378724K->205180K(523776K), 0.0016301 secs] [Times: user=0.00 sys=0.00, real=0.00 secs] 
2018-03-19T13:31:19.632+0530: 4814.735: [GC (Allocation Failure) [PSYoungGen: 173632K->96K(174080K)] 378748K->205236K(523776K), 0.0014408 secs] [Times: user=0.02 sys=0.00, real=0.00 secs] 
2018-03-19T13:31:19.931+0530: 4815.034: [GC (Allocation Failure) [PSYoungGen: 173664K->64K(174080K)] 378804K->205220K(523776K), 0.0026626 secs] [Times: user=0.00 sys=0.00, real=0.00 secs] 
2018-03-19T13:31:20.223+0530: 4815.326: [GC (Allocation Failure) [PSYoungGen: 173632K->96K(174080K)] 378788K->205276K(523776K), 0.0017098 secs] [Times: user=0.00 sys=0.00, real=0.00 secs] 
2018-03-19T13:31:20.511+0530: 4815.615: [GC (Allocation Failure) [PSYoungGen: 173664K->64K(174080K)] 378844K->205268K(523776K), 0.0014602 secs] [Times: user=0.00 sys=0.00, real=0.00 secs] 
2018-03-19T13:31:20.821+0530: 4815.924: [GC (Allocation Failure) [PSYoungGen: 173632K->96K(174080K)] 378836K->205324K(523776K), 0.0017529 secs] [Times: user=0.00 sys=0.00, real=0.00 secs] 
2018-03-19T13:31:21.106+0530: 4816.209: [GC (Allocation Failure) [PSYoungGen: 173664K->64K(174080K)] 378892K->205316K(523776K), 0.0016809 secs] [Times: user=0.00 sys=0.00, real=0.00 secs] 
2018-03-19T13:31:21.385+0530: 4816.488: [GC (Allocation Failure) [PSYoungGen: 173632K->96K(174080K)] 378884K->205372K(523776K), 0.0016837 secs] [Times: user=0.00 sys=0.00, real=0.00 secs] 
2018-03-19T13:31:21.664+0530: 4816.767: [GC (Allocation Failure) [PSYoungGen: 173664K->64K(174080K)] 378940K->205356K(523776K), 0.0016626 secs] [Times: user=0.00 sys=0.00, real=0.00 secs] 
2018-03-19T13:31:21.944+0530: 4817.046: [GC (Allocation Failure) [PSYoungGen: 173632K->64K(174080K)] 378924K->205380K(523776K), 0.0016390 secs] [Times: user=0.00 sys=0.00, real=0.00 secs] 
2018-03-19T13:31:22.232+0530: 4817.334: [GC (Allocation Failure) [PSYoungGen: 173632K->96K(174080K)] 378948K->205428K(523776K), 0.0018068 secs] [Times: user=0.00 sys=0.00, real=0.00 secs] 
2018-03-19T13:31:22.518+0530: 4817.621: [GC (Allocation Failure) [PSYoungGen: 173664K->64K(174080K)] 378996K->205420K(523776K), 0.0016037 secs] [Times: user=0.00 sys=0.00, real=0.00 secs] 
2018-03-19T13:31:22.797+0530: 4817.900: [GC (Allocation Failure) [PSYoungGen: 173632K->96K(174080K)] 378988K->205476K(523776K), 0.0015776 secs] [Times: user=0.00 sys=0.00, real=0.00 secs] 
2018-03-19T13:31:23.082+0530: 4818.185: [GC (Allocation Failure) [PSYoungGen: 173664K->96K(174080K)] 379044K->205500K(523776K), 0.0015977 secs] [Times: user=0.00 sys=0.00, real=0.00 secs] 
2018-03-19T13:31:23.346+0530: 4818.449: [GC (Allocation Failure) [PSYoungGen: 173664K->96K(174080K)] 379068K->205524K(523776K), 0.0015279 secs] [Times: user=0.00 sys=0.00, real=0.00 secs] 
2018-03-19T13:31:23.631+0530: 4818.734: [GC (Allocation Failure) [PSYoungGen: 173664K->96K(174080K)] 379092K->205556K(523776K), 0.0015794 secs] [Times: user=0.00 sys=0.00, real=0.00 secs] 
2018-03-19T13:31:23.911+0530: 4819.015: [GC (Allocation Failure) [PSYoungGen: 173664K->32K(174080K)] 379124K->205508K(523776K), 0.0021326 secs] [Times: user=0.00 sys=0.00, real=0.00 secs] 
2018-03-19T13:31:24.211+0530: 4819.314: [GC (Allocation Failure) [PSYoungGen: 173600K->96K(174080K)] 379076K->205588K(523776K), 0.0013830 secs] [Times: user=0.02 sys=0.00, real=0.00 secs] 
2018-03-19T13:31:24.497+0530: 4819.600: [GC (Allocation Failure) [PSYoungGen: 173664K->96K(174080K)] 379156K->205612K(523776K), 0.0017098 secs] [Times: user=0.00 sys=0.00, real=0.00 secs] 
2018-03-19T13:31:24.787+0530: 4819.890: [GC (Allocation Failure) [PSYoungGen: 173664K->96K(174080K)] 379180K->205636K(523776K), 0.0016383 secs] [Times: user=0.00 sys=0.00, real=0.00 secs] 
2018-03-19T13:31:25.065+0530: 4820.168: [GC (Allocation Failure) [PSYoungGen: 173664K->96K(174080K)] 379204K->205668K(523776K), 0.0015110 secs] [Times: user=0.00 sys=0.00, real=0.00 secs] 
2018-03-19T13:31:25.343+0530: 4820.446: [GC (Allocation Failure) [PSYoungGen: 173664K->96K(174080K)] 379236K->205684K(523776K), 0.0016718 secs] [Times: user=0.00 sys=0.00, real=0.00 secs] 
2018-03-19T13:31:25.624+0530: 4820.727: [GC (Allocation Failure) [PSYoungGen: 173664K->96K(174080K)] 379252K->205708K(523776K), 0.0016802 secs] [Times: user=0.00 sys=0.00, real=0.00 secs] 
2018-03-19T13:31:25.924+0530: 4821.027: [GC (Allocation Failure) [PSYoungGen: 173664K->96K(174080K)] 379276K->205732K(523776K), 0.0016365 secs] [Times: user=0.00 sys=0.00, real=0.00 secs] 
2018-03-19T13:31:26.206+0530: 4821.309: [GC (Allocation Failure) [PSYoungGen: 173664K->96K(174080K)] 379300K->205756K(523776K), 0.0015554 secs] [Times: user=0.00 sys=0.00, real=0.00 secs] 
2018-03-19T13:31:26.492+0530: 4821.594: [GC (Allocation Failure) [PSYoungGen: 173664K->96K(174080K)] 379324K->205772K(523776K), 0.0015956 secs] [Times: user=0.00 sys=0.00, real=0.00 secs] 
2018-03-19T13:31:26.774+0530: 4821.877: [GC (Allocation Failure) [PSYoungGen: 173664K->128K(174080K)] 379340K->205820K(523776K), 0.0016305 secs] [Times: user=0.06 sys=0.00, real=0.00 secs] 
2018-03-19T13:31:27.051+0530: 4822.154: [GC (Allocation Failure) [PSYoungGen: 173696K->96K(174080K)] 379388K->205812K(523776K), 0.0015864 secs] [Times: user=0.00 sys=0.00, real=0.00 secs] 
2018-03-19T13:31:27.329+0530: 4822.432: [GC (Allocation Failure) [PSYoungGen: 173664K->128K(174080K)] 379380K->205868K(523776K), 0.0019048 secs] [Times: user=0.00 sys=0.00, real=0.00 secs] 
2018-03-19T13:31:27.614+0530: 4822.717: [GC (Allocation Failure) [PSYoungGen: 173696K->96K(174080K)] 379436K->205852K(523776K), 0.0015247 secs] [Times: user=0.00 sys=0.00, real=0.00 secs] 
2018-03-19T13:31:27.904+0530: 4823.007: [GC (Allocation Failure) [PSYoungGen: 173664K->96K(174080K)] 379420K->205876K(523776K), 0.0016756 secs] [Times: user=0.00 sys=0.00, real=0.00 secs] 
2018-03-19T13:31:28.205+0530: 4823.308: [GC (Allocation Failure) [PSYoungGen: 173664K->64K(174080K)] 379444K->205868K(523776K), 0.0017232 secs] [Times: user=0.00 sys=0.00, real=0.00 secs] 
2018-03-19T13:31:28.485+0530: 4823.589: [GC (Allocation Failure) [PSYoungGen: 173632K->96K(174080K)] 379436K->205916K(523776K), 0.0015307 secs] [Times: user=0.00 sys=0.00, real=0.00 secs] 
2018-03-19T13:31:28.764+0530: 4823.868: [GC (Allocation Failure) [PSYoungGen: 173664K->96K(174080K)] 379484K->205940K(523776K), 0.0016837 secs] [Times: user=0.00 sys=0.00, real=0.00 secs] 
2018-03-19T13:31:29.043+0530: 4824.146: [GC (Allocation Failure) [PSYoungGen: 173664K->96K(174080K)] 379508K->205956K(523776K), 0.0017271 secs] [Times: user=0.00 sys=0.00, real=0.00 secs] 
2018-03-19T13:31:29.321+0530: 4824.423: [GC (Allocation Failure) [PSYoungGen: 173664K->96K(174080K)] 379524K->205980K(523776K), 0.0014937 secs] [Times: user=0.00 sys=0.00, real=0.00 secs] 
2018-03-19T13:31:29.608+0530: 4824.711: [GC (Allocation Failure) [PSYoungGen: 173664K->96K(174080K)] 379548K->206004K(523776K), 0.0015603 secs] [Times: user=0.00 sys=0.00, real=0.00 secs] 
2018-03-19T13:31:29.890+0530: 4824.993: [GC (Allocation Failure) [PSYoungGen: 173664K->96K(174080K)] 379572K->206020K(523776K), 0.0015163 secs] [Times: user=0.00 sys=0.00, real=0.00 secs] 
2018-03-19T13:31:30.168+0530: 4825.271: [GC (Allocation Failure) [PSYoungGen: 173664K->96K(174080K)] 379588K->206044K(523776K), 0.0016337 secs] [Times: user=0.00 sys=0.00, real=0.00 secs] 
2018-03-19T13:31:30.450+0530: 4825.553: [GC (Allocation Failure) [PSYoungGen: 173664K->96K(174080K)] 379612K->206068K(523776K), 0.0014947 secs] [Times: user=0.00 sys=0.00, real=0.00 secs] 
2018-03-19T13:31:30.735+0530: 4825.837: [GC (Allocation Failure) [PSYoungGen: 173664K->64K(174080K)] 379636K->206060K(523776K), 0.0015734 secs] [Times: user=0.00 sys=0.00, real=0.00 secs] 
2018-03-19T13:31:31.010+0530: 4826.113: [GC (Allocation Failure) [PSYoungGen: 173632K->96K(174080K)] 379628K->206116K(523776K), 0.0015321 secs] [Times: user=0.00 sys=0.00, real=0.00 secs] 
2018-03-19T13:31:31.293+0530: 4826.396: [GC (Allocation Failure) [PSYoungGen: 173664K->96K(174080K)] 379684K->206132K(523776K), 0.0015522 secs] [Times: user=0.00 sys=0.00, real=0.00 secs] 
2018-03-19T13:31:31.581+0530: 4826.683: [GC (Allocation Failure) [PSYoungGen: 173664K->96K(174080K)] 379700K->206156K(523776K), 0.0016978 secs] [Times: user=0.00 sys=0.00, real=0.00 secs] 
2018-03-19T13:31:31.861+0530: 4826.963: [GC (Allocation Failure) [PSYoungGen: 173664K->96K(174080K)] 379724K->206180K(523776K), 0.0016333 secs] [Times: user=0.00 sys=0.00, real=0.00 secs] 
2018-03-19T13:31:32.155+0530: 4827.258: [GC (Allocation Failure) [PSYoungGen: 173664K->96K(174080K)] 379748K->206204K(523776K), 0.0015134 secs] [Times: user=0.00 sys=0.00, real=0.00 secs] 
2018-03-19T13:31:32.435+0530: 4827.539: [GC (Allocation Failure) [PSYoungGen: 173664K->64K(174080K)] 379772K->206196K(523776K), 0.0016439 secs] [Times: user=0.00 sys=0.00, real=0.00 secs] 
2018-03-19T13:31:32.745+0530: 4827.848: [GC (Allocation Failure) [PSYoungGen: 173632K->96K(174080K)] 379764K->206252K(523776K), 0.0016643 secs] [Times: user=0.00 sys=0.00, real=0.00 secs] 
2018-03-19T13:31:33.022+0530: 4828.125: [GC (Allocation Failure) [PSYoungGen: 173664K->96K(174080K)] 379820K->206276K(523776K), 0.0016682 secs] [Times: user=0.00 sys=0.00, real=0.00 secs] 
2018-03-19T13:31:33.307+0530: 4828.410: [GC (Allocation Failure) [PSYoungGen: 173664K->96K(174080K)] 379844K->206300K(523776K), 0.0016428 secs] [Times: user=0.00 sys=0.00, real=0.00 secs] 
2018-03-19T13:31:33.594+0530: 4828.697: [GC (Allocation Failure) [PSYoungGen: 173664K->64K(174080K)] 379868K->206292K(523776K), 0.0015825 secs] [Times: user=0.00 sys=0.00, real=0.00 secs] 
2018-03-19T13:31:33.873+0530: 4828.976: [GC (Allocation Failure) [PSYoungGen: 173632K->64K(174080K)] 379860K->206316K(523776K), 0.0015568 secs] [Times: user=0.00 sys=0.00, real=0.00 secs] 
2018-03-19T13:31:34.145+0530: 4829.248: [GC (Allocation Failure) [PSYoungGen: 173632K->64K(174080K)] 379884K->206340K(523776K), 0.0015660 secs] [Times: user=0.00 sys=0.00, real=0.00 secs] 
2018-03-19T13:31:34.418+0530: 4829.521: [GC (Allocation Failure) [PSYoungGen: 173632K->96K(174080K)] 379908K->206404K(523776K), 0.0016467 secs] [Times: user=0.00 sys=0.00, real=0.00 secs] 
2018-03-19T13:31:34.708+0530: 4829.811: [GC (Allocation Failure) [PSYoungGen: 173664K->96K(174080K)] 379972K->206428K(523776K), 0.0015247 secs] [Times: user=0.00 sys=0.00, real=0.00 secs] 
2018-03-19T13:31:35.004+0530: 4830.106: [GC (Allocation Failure) [PSYoungGen: 173664K->96K(174080K)] 379996K->206444K(523776K), 0.0015198 secs] [Times: user=0.00 sys=0.00, real=0.00 secs] 
2018-03-19T13:31:35.284+0530: 4830.386: [GC (Allocation Failure) [PSYoungGen: 173664K->96K(174080K)] 380012K->206460K(523776K), 0.0015825 secs] [Times: user=0.00 sys=0.00, real=0.00 secs] 
2018-03-19T13:31:35.572+0530: 4830.674: [GC (Allocation Failure) [PSYoungGen: 173664K->64K(174080K)] 380028K->206444K(523776K), 0.0017204 secs] [Times: user=0.00 sys=0.00, real=0.00 secs] 
2018-03-19T13:31:35.862+0530: 4830.965: [GC (Allocation Failure) [PSYoungGen: 173632K->64K(174080K)] 380012K->206468K(523776K), 0.0017201 secs] [Times: user=0.00 sys=0.00, real=0.00 secs] 
2018-03-19T13:31:36.158+0530: 4831.260: [GC (Allocation Failure) [PSYoungGen: 173632K->96K(174080K)] 380036K->206524K(523776K), 0.0015899 secs] [Times: user=0.00 sys=0.00, real=0.00 secs] 
2018-03-19T13:31:36.435+0530: 4831.537: [GC (Allocation Failure) [PSYoungGen: 173664K->96K(174080K)] 380092K->206548K(523776K), 0.0016175 secs] [Times: user=0.00 sys=0.00, real=0.00 secs] 
2018-03-19T13:31:36.726+0530: 4831.829: [GC (Allocation Failure) [PSYoungGen: 173664K->96K(174080K)] 380116K->206572K(523776K), 0.0015589 secs] [Times: user=0.00 sys=0.00, real=0.00 secs] 
2018-03-19T13:31:36.999+0530: 4832.102: [GC (Allocation Failure) [PSYoungGen: 173664K->96K(174080K)] 380140K->206596K(523776K), 0.0016157 secs] [Times: user=0.00 sys=0.00, real=0.00 secs] 
2018-03-19T13:31:37.278+0530: 4832.381: [GC (Allocation Failure) [PSYoungGen: 173664K->96K(174080K)] 380164K->206612K(523776K), 0.0015180 secs] [Times: user=0.00 sys=0.00, real=0.00 secs] 
2018-03-19T13:31:37.559+0530: 4832.662: [GC (Allocation Failure) [PSYoungGen: 173664K->96K(174080K)] 380180K->206644K(523776K), 0.0014461 secs] [Times: user=0.00 sys=0.00, real=0.00 secs] 
2018-03-19T13:31:37.831+0530: 4832.934: [GC (Allocation Failure) [PSYoungGen: 173664K->128K(174080K)] 380212K->206708K(523776K), 0.0015808 secs] [Times: user=0.00 sys=0.00, real=0.00 secs] 
2018-03-19T13:31:38.109+0530: 4833.211: [GC (Allocation Failure) [PSYoungGen: 173696K->96K(174080K)] 380276K->206700K(523776K), 0.0016069 secs] [Times: user=0.00 sys=0.00, real=0.00 secs] 
2018-03-19T13:31:38.390+0530: 4833.492: [GC (Allocation Failure) [PSYoungGen: 173664K->96K(174080K)] 380268K->206724K(523776K), 0.0014916 secs] [Times: user=0.00 sys=0.00, real=0.00 secs] 
2018-03-19T13:31:38.679+0530: 4833.783: [GC (Allocation Failure) [PSYoungGen: 173664K->96K(174080K)] 380292K->206740K(523776K), 0.0016714 secs] [Times: user=0.02 sys=0.00, real=0.00 secs] 
2018-03-19T13:31:38.960+0530: 4834.063: [GC (Allocation Failure) [PSYoungGen: 173664K->96K(174080K)] 380308K->206756K(523776K), 0.0014662 secs] [Times: user=0.00 sys=0.00, real=0.00 secs] 
2018-03-19T13:31:39.233+0530: 4834.336: [GC (Allocation Failure) [PSYoungGen: 173664K->96K(174080K)] 380324K->206780K(523776K), 0.0015332 secs] [Times: user=0.00 sys=0.00, real=0.00 secs] 
2018-03-19T13:31:39.516+0530: 4834.619: [GC (Allocation Failure) [PSYoungGen: 173664K->64K(174080K)] 380348K->206764K(523776K), 0.0018223 secs] [Times: user=0.00 sys=0.00, real=0.00 secs] 
2018-03-19T13:31:39.802+0530: 4834.905: [GC (Allocation Failure) [PSYoungGen: 173632K->96K(174080K)] 380332K->206820K(523776K), 0.0019627 secs] [Times: user=0.00 sys=0.00, real=0.00 secs] 
2018-03-19T13:31:40.105+0530: 4835.208: [GC (Allocation Failure) [PSYoungGen: 173664K->96K(174080K)] 380388K->206844K(523776K), 0.0016111 secs] [Times: user=0.00 sys=0.00, real=0.00 secs] 
2018-03-19T13:31:40.385+0530: 4835.488: [GC (Allocation Failure) [PSYoungGen: 173664K->128K(174080K)] 380412K->206892K(523776K), 0.0014856 secs] [Times: user=0.00 sys=0.00, real=0.00 secs] 
2018-03-19T13:31:40.663+0530: 4835.766: [GC (Allocation Failure) [PSYoungGen: 173696K->96K(174080K)] 380460K->206892K(523776K), 0.0017038 secs] [Times: user=0.00 sys=0.00, real=0.00 secs] 
2018-03-19T13:31:40.945+0530: 4836.048: [GC (Allocation Failure) [PSYoungGen: 173664K->96K(174080K)] 380460K->206916K(523776K), 0.0015603 secs] [Times: user=0.00 sys=0.00, real=0.00 secs] 
2018-03-19T13:31:41.224+0530: 4836.327: [GC (Allocation Failure) [PSYoungGen: 173664K->96K(174080K)] 380484K->206940K(523776K), 0.0016309 secs] [Times: user=0.00 sys=0.00, real=0.00 secs] 
2018-03-19T13:31:41.506+0530: 4836.609: [GC (Allocation Failure) [PSYoungGen: 173664K->96K(174080K)] 380508K->206972K(523776K), 0.0016203 secs] [Times: user=0.00 sys=0.00, real=0.00 secs] 
2018-03-19T13:31:41.789+0530: 4836.891: [GC (Allocation Failure) [PSYoungGen: 173664K->96K(174080K)] 380540K->206996K(523776K), 0.0017268 secs] [Times: user=0.00 sys=0.00, real=0.00 secs] 
2018-03-19T13:31:42.056+0530: 4837.160: [GC (Allocation Failure) [PSYoungGen: 173664K->96K(174080K)] 380564K->207020K(523776K), 0.0016837 secs] [Times: user=0.00 sys=0.00, real=0.00 secs] 
2018-03-19T13:31:42.344+0530: 4837.446: [GC (Allocation Failure) [PSYoungGen: 173664K->64K(174080K)] 380588K->207012K(523776K), 0.0016428 secs] [Times: user=0.00 sys=0.00, real=0.00 secs] 
2018-03-19T13:31:42.629+0530: 4837.732: [GC (Allocation Failure) [PSYoungGen: 173632K->96K(174080K)] 380580K->207068K(523776K), 0.0016591 secs] [Times: user=0.00 sys=0.00, real=0.00 secs] 
2018-03-19T13:31:42.908+0530: 4838.010: [GC (Allocation Failure) [PSYoungGen: 173664K->64K(174080K)] 380636K->207060K(523776K), 0.0016093 secs] [Times: user=0.00 sys=0.00, real=0.00 secs] 
2018-03-19T13:31:43.188+0530: 4838.291: [GC (Allocation Failure) [PSYoungGen: 173632K->96K(174080K)] 380628K->207124K(523776K), 0.0014930 secs] [Times: user=0.00 sys=0.00, real=0.00 secs] 
2018-03-19T13:31:43.473+0530: 4838.576: [GC (Allocation Failure) [PSYoungGen: 173664K->96K(174080K)] 380692K->207148K(523776K), 0.0016545 secs] [Times: user=0.00 sys=0.00, real=0.00 secs] 
2018-03-19T13:31:43.757+0530: 4838.861: [GC (Allocation Failure) [PSYoungGen: 173664K->96K(174080K)] 380716K->207164K(523776K), 0.0015367 secs] [Times: user=0.00 sys=0.00, real=0.00 secs] 
2018-03-19T13:31:44.059+0530: 4839.162: [GC (Allocation Failure) [PSYoungGen: 173664K->96K(174080K)] 380732K->207180K(523776K), 0.0014619 secs] [Times: user=0.00 sys=0.00, real=0.00 secs] 
2018-03-19T13:31:44.340+0530: 4839.442: [GC (Allocation Failure) [PSYoungGen: 173664K->96K(174080K)] 380748K->207204K(523776K), 0.0016555 secs] [Times: user=0.00 sys=0.00, real=0.00 secs] 
2018-03-19T13:31:44.624+0530: 4839.726: [GC (Allocation Failure) [PSYoungGen: 173664K->96K(174080K)] 380772K->207228K(523776K), 0.0016220 secs] [Times: user=0.00 sys=0.00, real=0.00 secs] 
2018-03-19T13:31:44.913+0530: 4840.016: [GC (Allocation Failure) [PSYoungGen: 173664K->96K(174080K)] 380796K->207252K(523776K), 0.0016189 secs] [Times: user=0.00 sys=0.00, real=0.00 secs] 
2018-03-19T13:31:45.192+0530: 4840.295: [GC (Allocation Failure) [PSYoungGen: 173664K->96K(174080K)] 380820K->207276K(523776K), 0.0015832 secs] [Times: user=0.00 sys=0.00, real=0.00 secs] 
2018-03-19T13:31:45.475+0530: 4840.578: [GC (Allocation Failure) [PSYoungGen: 173664K->96K(174080K)] 380844K->207300K(523776K), 0.0017546 secs] [Times: user=0.00 sys=0.00, real=0.00 secs] 
2018-03-19T13:31:45.768+0530: 4840.870: [GC (Allocation Failure) [PSYoungGen: 173664K->96K(174080K)] 380868K->207324K(523776K), 0.0016298 secs] [Times: user=0.00 sys=0.00, real=0.00 secs] 
2018-03-19T13:31:46.042+0530: 4841.144: [GC (Allocation Failure) [PSYoungGen: 173664K->128K(174080K)] 380892K->207372K(523776K), 0.0014799 secs] [Times: user=0.00 sys=0.00, real=0.00 secs] 
2018-03-19T13:31:46.323+0530: 4841.425: [GC (Allocation Failure) [PSYoungGen: 173696K->96K(174080K)] 380940K->207364K(523776K), 0.0014214 secs] [Times: user=0.00 sys=0.00, real=0.00 secs] 
2018-03-19T13:31:46.605+0530: 4841.708: [GC (Allocation Failure) [PSYoungGen: 173664K->64K(174080K)] 380932K->207356K(523776K), 0.0015346 secs] [Times: user=0.00 sys=0.00, real=0.00 secs] 
2018-03-19T13:31:46.891+0530: 4841.994: [GC (Allocation Failure) [PSYoungGen: 173632K->96K(174080K)] 380924K->207404K(523776K), 0.0017402 secs] [Times: user=0.00 sys=0.00, real=0.00 secs] 
2018-03-19T13:31:47.160+0530: 4842.263: [GC (Allocation Failure) [PSYoungGen: 173664K->96K(174080K)] 380972K->207420K(523776K), 0.0014884 secs] [Times: user=0.00 sys=0.00, real=0.00 secs] 
2018-03-19T13:31:47.440+0530: 4842.543: [GC (Allocation Failure) [PSYoungGen: 173664K->96K(174080K)] 380988K->207444K(523776K), 0.0014838 secs] [Times: user=0.00 sys=0.00, real=0.00 secs] 
2018-03-19T13:31:47.726+0530: 4842.829: [GC (Allocation Failure) [PSYoungGen: 173664K->96K(174080K)] 381012K->207468K(523776K), 0.0016654 secs] [Times: user=0.00 sys=0.00, real=0.00 secs] 
2018-03-19T13:31:48.021+0530: 4843.123: [GC (Allocation Failure) [PSYoungGen: 173664K->96K(174080K)] 381036K->207500K(523776K), 0.0016852 secs] [Times: user=0.00 sys=0.00, real=0.00 secs] 
2018-03-19T13:31:48.297+0530: 4843.400: [GC (Allocation Failure) [PSYoungGen: 173664K->96K(174080K)] 381068K->207516K(523776K), 0.0016118 secs] [Times: user=0.00 sys=0.00, real=0.00 secs] 
2018-03-19T13:31:48.582+0530: 4843.685: [GC (Allocation Failure) [PSYoungGen: 173664K->96K(174080K)] 381084K->207540K(523776K), 0.0016478 secs] [Times: user=0.00 sys=0.00, real=0.00 secs] 
2018-03-19T13:31:48.863+0530: 4843.965: [GC (Allocation Failure) [PSYoungGen: 173664K->96K(174080K)] 381108K->207572K(523776K), 0.0016714 secs] [Times: user=0.00 sys=0.00, real=0.00 secs] 
2018-03-19T13:31:49.146+0530: 4844.249: [GC (Allocation Failure) [PSYoungGen: 173664K->96K(174080K)] 381140K->207596K(523776K), 0.0014753 secs] [Times: user=0.00 sys=0.00, real=0.00 secs] 
2018-03-19T13:31:49.440+0530: 4844.543: [GC (Allocation Failure) [PSYoungGen: 173664K->96K(174080K)] 381164K->207628K(523776K), 0.0015247 secs] [Times: user=0.00 sys=0.00, real=0.00 secs] 
2018-03-19T13:31:49.727+0530: 4844.829: [GC (Allocation Failure) [PSYoungGen: 173664K->96K(174080K)] 381196K->207652K(523776K), 0.0019242 secs] [Times: user=0.00 sys=0.00, real=0.00 secs] 
2018-03-19T13:31:50.021+0530: 4845.124: [GC (Allocation Failure) [PSYoungGen: 173664K->96K(174080K)] 381220K->207676K(523776K), 0.0017680 secs] [Times: user=0.00 sys=0.00, real=0.00 secs] 
2018-03-19T13:31:50.302+0530: 4845.405: [GC (Allocation Failure) [PSYoungGen: 173664K->96K(174080K)] 381244K->207700K(523776K), 0.0015007 secs] [Times: user=0.00 sys=0.00, real=0.00 secs] 
2018-03-19T13:31:50.591+0530: 4845.694: [GC (Allocation Failure) [PSYoungGen: 173664K->96K(174080K)] 381268K->207724K(523776K), 0.0020815 secs] [Times: user=0.00 sys=0.00, real=0.00 secs] 
2018-03-19T13:31:50.880+0530: 4845.983: [GC (Allocation Failure) [PSYoungGen: 173664K->96K(174080K)] 381292K->207756K(523776K), 0.0016242 secs] [Times: user=0.00 sys=0.00, real=0.00 secs] 
2018-03-19T13:31:51.154+0530: 4846.257: [GC (Allocation Failure) [PSYoungGen: 173664K->64K(174080K)] 381324K->207748K(523776K), 0.0017053 secs] [Times: user=0.00 sys=0.00, real=0.00 secs] 
2018-03-19T13:31:51.434+0530: 4846.536: [GC (Allocation Failure) [PSYoungGen: 173632K->96K(174080K)] 381316K->207812K(523776K), 0.0016954 secs] [Times: user=0.00 sys=0.00, real=0.00 secs] 
2018-03-19T13:31:51.705+0530: 4846.808: [GC (Allocation Failure) [PSYoungGen: 173664K->96K(174080K)] 381380K->207828K(523776K), 0.0016146 secs] [Times: user=0.00 sys=0.00, real=0.00 secs] 
2018-03-19T13:31:51.999+0530: 4847.102: [GC (Allocation Failure) [PSYoungGen: 173664K->96K(174080K)] 381396K->207852K(523776K), 0.0015624 secs] [Times: user=0.00 sys=0.00, real=0.00 secs] 
2018-03-19T13:31:52.280+0530: 4847.382: [GC (Allocation Failure) [PSYoungGen: 173664K->64K(174080K)] 381420K->207844K(523776K), 0.0014792 secs] [Times: user=0.00 sys=0.00, real=0.00 secs] 
2018-03-19T13:31:52.564+0530: 4847.667: [GC (Allocation Failure) [PSYoungGen: 173632K->64K(174080K)] 381412K->207876K(523776K), 0.0016033 secs] [Times: user=0.00 sys=0.00, real=0.00 secs] 
2018-03-19T13:31:52.842+0530: 4847.945: [GC (Allocation Failure) [PSYoungGen: 173632K->96K(174080K)] 381444K->207924K(523776K), 0.0015610 secs] [Times: user=0.00 sys=0.00, real=0.00 secs] 
2018-03-19T13:31:53.130+0530: 4848.232: [GC (Allocation Failure) [PSYoungGen: 173664K->96K(174080K)] 381492K->207948K(523776K), 0.0017211 secs] [Times: user=0.00 sys=0.00, real=0.00 secs] 
2018-03-19T13:31:53.409+0530: 4848.511: [GC (Allocation Failure) [PSYoungGen: 173664K->96K(174080K)] 381516K->207972K(523776K), 0.0014549 secs] [Times: user=0.00 sys=0.00, real=0.00 secs] 
2018-03-19T13:31:53.689+0530: 4848.792: [GC (Allocation Failure) [PSYoungGen: 173664K->96K(174080K)] 381540K->208004K(523776K), 0.0014954 secs] [Times: user=0.00 sys=0.00, real=0.00 secs] 
2018-03-19T13:31:53.966+0530: 4849.068: [GC (Allocation Failure) [PSYoungGen: 173664K->96K(174080K)] 381572K->208036K(523776K), 0.0016213 secs] [Times: user=0.00 sys=0.00, real=0.00 secs] 
2018-03-19T13:31:54.242+0530: 4849.344: [GC (Allocation Failure) [PSYoungGen: 173664K->96K(174080K)] 381604K->208060K(523776K), 0.0015177 secs] [Times: user=0.00 sys=0.00, real=0.00 secs] 
2018-03-19T13:31:54.526+0530: 4849.629: [GC (Allocation Failure) [PSYoungGen: 173664K->96K(174080K)] 381628K->208084K(523776K), 0.0017557 secs] [Times: user=0.00 sys=0.00, real=0.00 secs] 
2018-03-19T13:31:54.812+0530: 4849.916: [GC (Allocation Failure) [PSYoungGen: 173664K->96K(174080K)] 381652K->208108K(523776K), 0.0015222 secs] [Times: user=0.00 sys=0.00, real=0.00 secs] 
2018-03-19T13:31:55.099+0530: 4850.202: [GC (Allocation Failure) [PSYoungGen: 173664K->96K(174080K)] 381676K->208132K(523776K), 0.0015603 secs] [Times: user=0.00 sys=0.00, real=0.00 secs] 
2018-03-19T13:31:55.378+0530: 4850.481: [GC (Allocation Failure) [PSYoungGen: 173664K->128K(174080K)] 381700K->208180K(523776K), 0.0015367 secs] [Times: user=0.00 sys=0.00, real=0.00 secs] 
2018-03-19T13:31:55.662+0530: 4850.765: [GC (Allocation Failure) [PSYoungGen: 173696K->96K(174080K)] 381748K->208172K(523776K), 0.0016739 secs] [Times: user=0.00 sys=0.00, real=0.00 secs] 
2018-03-19T13:31:55.972+0530: 4851.076: [GC (Allocation Failure) [PSYoungGen: 173664K->96K(174080K)] 381740K->208196K(523776K), 0.0018816 secs] [Times: user=0.00 sys=0.00, real=0.00 secs] 
2018-03-19T13:31:56.256+0530: 4851.358: [GC (Allocation Failure) [PSYoungGen: 173664K->96K(174080K)] 381764K->208220K(523776K), 0.0017091 secs] [Times: user=0.00 sys=0.00, real=0.00 secs] 
2018-03-19T13:31:56.543+0530: 4851.646: [GC (Allocation Failure) [PSYoungGen: 173664K->96K(174080K)] 381788K->208244K(523776K), 0.0017641 secs] [Times: user=0.00 sys=0.00, real=0.00 secs] 
2018-03-19T13:31:56.825+0530: 4851.929: [GC (Allocation Failure) [PSYoungGen: 173664K->96K(174080K)] 381812K->208268K(523776K), 0.0015155 secs] [Times: user=0.00 sys=0.00, real=0.00 secs] 
2018-03-19T13:31:57.098+0530: 4852.201: [GC (Allocation Failure) [PSYoungGen: 173664K->96K(174080K)] 381836K->208284K(523776K), 0.0016739 secs] [Times: user=0.00 sys=0.00, real=0.00 secs] 
2018-03-19T13:31:57.376+0530: 4852.478: [GC (Allocation Failure) [PSYoungGen: 173664K->64K(174080K)] 381852K->208276K(523776K), 0.0016873 secs] [Times: user=0.00 sys=0.00, real=0.00 secs] 
2018-03-19T13:31:57.666+0530: 4852.769: [GC (Allocation Failure) [PSYoungGen: 173632K->96K(174080K)] 381844K->208332K(523776K), 0.0015861 secs] [Times: user=0.00 sys=0.00, real=0.00 secs] 
2018-03-19T13:31:57.938+0530: 4853.040: [GC (Allocation Failure) [PSYoungGen: 173664K->96K(174080K)] 381900K->208364K(523776K), 0.0016023 secs] [Times: user=0.00 sys=0.00, real=0.00 secs] 
2018-03-19T13:31:58.213+0530: 4853.316: [GC (Allocation Failure) [PSYoungGen: 173664K->96K(174080K)] 381932K->208388K(523776K), 0.0015515 secs] [Times: user=0.00 sys=0.00, real=0.00 secs] 
2018-03-19T13:31:58.502+0530: 4853.604: [GC (Allocation Failure) [PSYoungGen: 173664K->64K(174080K)] 381956K->208380K(523776K), 0.0015773 secs] [Times: user=0.00 sys=0.00, real=0.00 secs] 
2018-03-19T13:31:58.784+0530: 4853.886: [GC (Allocation Failure) [PSYoungGen: 173632K->96K(174080K)] 381948K->208444K(523776K), 0.0017948 secs] [Times: user=0.00 sys=0.00, real=0.00 secs] 
2018-03-19T13:31:59.062+0530: 4854.165: [GC (Allocation Failure) [PSYoungGen: 173664K->96K(174080K)] 382012K->208468K(523776K), 0.0016383 secs] [Times: user=0.00 sys=0.00, real=0.00 secs] 
2018-03-19T13:31:59.341+0530: 4854.444: [GC (Allocation Failure) [PSYoungGen: 173664K->96K(174080K)] 382036K->208484K(523776K), 0.0015018 secs] [Times: user=0.00 sys=0.00, real=0.00 secs] 
2018-03-19T13:31:59.619+0530: 4854.722: [GC (Allocation Failure) [PSYoungGen: 173664K->96K(174080K)] 382052K->208508K(523776K), 0.0016259 secs] [Times: user=0.00 sys=0.00, real=0.00 secs] 
2018-03-19T13:31:59.907+0530: 4855.010: [GC (Allocation Failure) [PSYoungGen: 173664K->32K(174080K)] 382076K->208468K(523776K), 0.0720477 secs] [Times: user=0.06 sys=0.00, real=0.07 secs] 
2018-03-19T13:32:00.295+0530: 4855.397: [GC (Allocation Failure) [PSYoungGen: 173600K->64K(174080K)] 382036K->208524K(523776K), 0.0015494 secs] [Times: user=0.00 sys=0.00, real=0.00 secs] 
2018-03-19T13:32:00.600+0530: 4855.703: [GC (Allocation Failure) [PSYoungGen: 173632K->64K(174080K)] 382092K->208548K(523776K), 0.0018481 secs] [Times: user=0.00 sys=0.00, real=0.00 secs] 
2018-03-19T13:32:00.917+0530: 4856.021: [GC (Allocation Failure) [PSYoungGen: 173632K->64K(174080K)] 382116K->208572K(523776K), 0.0016633 secs] [Times: user=0.00 sys=0.00, real=0.00 secs] 
2018-03-19T13:32:01.222+0530: 4856.324: [GC (Allocation Failure) [PSYoungGen: 173632K->96K(174080K)] 382140K->208620K(523776K), 0.0017204 secs] [Times: user=0.00 sys=0.00, real=0.00 secs] 
2018-03-19T13:32:01.528+0530: 4856.631: [GC (Allocation Failure) [PSYoungGen: 173664K->96K(174080K)] 382188K->208644K(523776K), 0.0016559 secs] [Times: user=0.00 sys=0.00, real=0.00 secs] 
2018-03-19T13:32:01.819+0530: 4856.923: [GC (Allocation Failure) [PSYoungGen: 173664K->96K(174080K)] 382212K->208668K(523776K), 0.0017687 secs] [Times: user=0.00 sys=0.00, real=0.00 secs] 
2018-03-19T13:32:02.134+0530: 4857.237: [GC (Allocation Failure) [PSYoungGen: 173664K->96K(174080K)] 382236K->208684K(523776K), 0.0018967 secs] [Times: user=0.00 sys=0.00, real=0.00 secs] 
2018-03-19T13:32:02.442+0530: 4857.545: [GC (Allocation Failure) [PSYoungGen: 173664K->96K(174080K)] 382252K->208700K(523776K), 0.0016192 secs] [Times: user=0.00 sys=0.00, real=0.00 secs] 
2018-03-19T13:32:02.750+0530: 4857.853: [GC (Allocation Failure) [PSYoungGen: 173664K->96K(174080K)] 382268K->208724K(523776K), 0.0016947 secs] [Times: user=0.00 sys=0.00, real=0.00 secs] 
2018-03-19T13:32:03.046+0530: 4858.149: [GC (Allocation Failure) [PSYoungGen: 173664K->96K(174080K)] 382292K->208740K(523776K), 0.0015674 secs] [Times: user=0.00 sys=0.00, real=0.00 secs] 
2018-03-19T13:32:03.346+0530: 4858.449: [GC (Allocation Failure) [PSYoungGen: 173664K->128K(174080K)] 382308K->208788K(523776K), 0.0015667 secs] [Times: user=0.00 sys=0.00, real=0.00 secs] 
2018-03-19T13:32:03.643+0530: 4858.746: [GC (Allocation Failure) [PSYoungGen: 173696K->96K(174080K)] 382356K->208772K(523776K), 0.0016044 secs] [Times: user=0.00 sys=0.00, real=0.00 secs] 
2018-03-19T13:32:03.952+0530: 4859.055: [GC (Allocation Failure) [PSYoungGen: 173664K->96K(174080K)] 382340K->208788K(523776K), 0.0017730 secs] [Times: user=0.00 sys=0.00, real=0.00 secs] 
2018-03-19T13:32:04.239+0530: 4859.342: [GC (Allocation Failure) [PSYoungGen: 173664K->96K(174080K)] 382356K->208804K(523776K), 0.0017250 secs] [Times: user=0.00 sys=0.00, real=0.00 secs] 
2018-03-19T13:32:04.525+0530: 4859.628: [GC (Allocation Failure) [PSYoungGen: 173664K->96K(174080K)] 382372K->208828K(523776K), 0.0017909 secs] [Times: user=0.00 sys=0.00, real=0.00 secs] 
2018-03-19T13:32:04.816+0530: 4859.918: [GC (Allocation Failure) [PSYoungGen: 173664K->96K(174080K)] 382396K->208844K(523776K), 0.0014782 secs] [Times: user=0.00 sys=0.00, real=0.00 secs] 
2018-03-19T13:32:05.105+0530: 4860.207: [GC (Allocation Failure) [PSYoungGen: 173664K->96K(174080K)] 382412K->208868K(523776K), 0.0016065 secs] [Times: user=0.00 sys=0.00, real=0.00 secs] 
2018-03-19T13:32:05.384+0530: 4860.487: [GC (Allocation Failure) [PSYoungGen: 173664K->96K(174080K)] 382436K->208892K(523776K), 0.0015974 secs] [Times: user=0.02 sys=0.00, real=0.00 secs] 
2018-03-19T13:32:05.676+0530: 4860.778: [GC (Allocation Failure) [PSYoungGen: 173664K->96K(174080K)] 382460K->208908K(523776K), 0.0016940 secs] [Times: user=0.00 sys=0.00, real=0.00 secs] 
2018-03-19T13:32:05.969+0530: 4861.071: [GC (Allocation Failure) [PSYoungGen: 173664K->96K(174080K)] 382476K->208932K(523776K), 0.0016153 secs] [Times: user=0.00 sys=0.00, real=0.00 secs] 
2018-03-19T13:32:06.264+0530: 4861.366: [GC (Allocation Failure) [PSYoungGen: 173664K->128K(174080K)] 382500K->208980K(523776K), 0.0015452 secs] [Times: user=0.00 sys=0.00, real=0.00 secs] 
2018-03-19T13:32:06.558+0530: 4861.661: [GC (Allocation Failure) [PSYoungGen: 173696K->96K(174080K)] 382548K->208972K(523776K), 0.0016781 secs] [Times: user=0.00 sys=0.00, real=0.00 secs] 
2018-03-19T13:32:06.839+0530: 4861.942: [GC (Allocation Failure) [PSYoungGen: 173664K->64K(174080K)] 382540K->208964K(523776K), 0.0017091 secs] [Times: user=0.00 sys=0.00, real=0.00 secs] 
2018-03-19T13:32:07.122+0530: 4862.225: [GC (Allocation Failure) [PSYoungGen: 173632K->64K(174080K)] 382532K->208988K(523776K), 0.0014743 secs] [Times: user=0.00 sys=0.00, real=0.00 secs] 
2018-03-19T13:32:07.404+0530: 4862.507: [GC (Allocation Failure) [PSYoungGen: 173632K->96K(174080K)] 382556K->209036K(523776K), 0.0018590 secs] [Times: user=0.00 sys=0.00, real=0.00 secs] 
2018-03-19T13:32:07.683+0530: 4862.786: [GC (Allocation Failure) [PSYoungGen: 173664K->96K(174080K)] 382604K->209052K(523776K), 0.0017003 secs] [Times: user=0.00 sys=0.00, real=0.00 secs] 
2018-03-19T13:32:07.995+0530: 4863.098: [GC (Allocation Failure) [PSYoungGen: 173664K->64K(174080K)] 382620K->209036K(523776K), 0.0021577 secs] [Times: user=0.00 sys=0.00, real=0.00 secs] 
2018-03-19T13:32:08.290+0530: 4863.393: [GC (Allocation Failure) [PSYoungGen: 173632K->96K(174080K)] 382604K->209092K(523776K), 0.0016640 secs] [Times: user=0.00 sys=0.00, real=0.00 secs] 
2018-03-19T13:32:08.580+0530: 4863.682: [GC (Allocation Failure) [PSYoungGen: 173664K->64K(174080K)] 382660K->209084K(523776K), 0.0017109 secs] [Times: user=0.00 sys=0.00, real=0.00 secs] 
2018-03-19T13:32:08.871+0530: 4863.974: [GC (Allocation Failure) [PSYoungGen: 173632K->64K(174080K)] 382652K->209108K(523776K), 0.0016580 secs] [Times: user=0.00 sys=0.00, real=0.00 secs] 
2018-03-19T13:32:09.147+0530: 4864.250: [GC (Allocation Failure) [PSYoungGen: 173632K->32K(174080K)] 382676K->209100K(523776K), 0.0016097 secs] [Times: user=0.00 sys=0.00, real=0.00 secs] 
2018-03-19T13:32:09.428+0530: 4864.531: [GC (Allocation Failure) [PSYoungGen: 173600K->64K(174080K)] 382668K->209156K(523776K), 0.0016696 secs] [Times: user=0.00 sys=0.00, real=0.00 secs] 
2018-03-19T13:32:09.718+0530: 4864.822: [GC (Allocation Failure) [PSYoungGen: 173632K->96K(174080K)] 382724K->209212K(523776K), 0.0015452 secs] [Times: user=0.00 sys=0.00, real=0.00 secs] 
2018-03-19T13:32:10.004+0530: 4865.106: [GC (Allocation Failure) [PSYoungGen: 173664K->64K(174080K)] 382780K->209204K(523776K), 0.0017409 secs] [Times: user=0.00 sys=0.00, real=0.00 secs] 
2018-03-19T13:32:10.276+0530: 4865.379: [GC (Allocation Failure) [PSYoungGen: 173632K->64K(174080K)] 382772K->209236K(523776K), 0.0016079 secs] [Times: user=0.00 sys=0.00, real=0.00 secs] 
2018-03-19T13:32:10.561+0530: 4865.663: [GC (Allocation Failure) [PSYoungGen: 173632K->64K(174080K)] 382804K->209260K(523776K), 0.0018830 secs] [Times: user=0.00 sys=0.00, real=0.00 secs] 
2018-03-19T13:32:10.863+0530: 4865.966: [GC (Allocation Failure) [PSYoungGen: 173632K->96K(174080K)] 382828K->209308K(523776K), 0.0016143 secs] [Times: user=0.00 sys=0.00, real=0.00 secs] 
2018-03-19T13:32:11.145+0530: 4866.248: [GC (Allocation Failure) [PSYoungGen: 173664K->64K(174080K)] 382876K->209300K(523776K), 0.0017359 secs] [Times: user=0.00 sys=0.00, real=0.00 secs] 
2018-03-19T13:32:11.425+0530: 4866.527: [GC (Allocation Failure) [PSYoungGen: 173632K->96K(174080K)] 382868K->209356K(523776K), 0.0017151 secs] [Times: user=0.00 sys=0.00, real=0.00 secs] 
2018-03-19T13:32:11.707+0530: 4866.810: [GC (Allocation Failure) [PSYoungGen: 173664K->96K(174080K)] 382924K->209380K(523776K), 0.0015959 secs] [Times: user=0.00 sys=0.00, real=0.00 secs] 
2018-03-19T13:32:12.006+0530: 4867.108: [GC (Allocation Failure) [PSYoungGen: 173664K->96K(174080K)] 382948K->209404K(523776K), 0.0016770 secs] [Times: user=0.00 sys=0.00, real=0.00 secs] 
2018-03-19T13:32:12.286+0530: 4867.388: [GC (Allocation Failure) [PSYoungGen: 173664K->96K(174080K)] 382972K->209420K(523776K), 0.0016922 secs] [Times: user=0.00 sys=0.00, real=0.00 secs] 
2018-03-19T13:32:12.564+0530: 4867.667: [GC (Allocation Failure) [PSYoungGen: 173664K->96K(174080K)] 382988K->209452K(523776K), 0.0014919 secs] [Times: user=0.00 sys=0.00, real=0.00 secs] 
2018-03-19T13:32:12.844+0530: 4867.948: [GC (Allocation Failure) [PSYoungGen: 173664K->96K(174080K)] 383020K->209468K(523776K), 0.0015610 secs] [Times: user=0.00 sys=0.00, real=0.00 secs] 
2018-03-19T13:32:13.119+0530: 4868.222: [GC (Allocation Failure) [PSYoungGen: 173664K->96K(174080K)] 383036K->209484K(523776K), 0.0014609 secs] [Times: user=0.00 sys=0.00, real=0.00 secs] 
2018-03-19T13:32:13.397+0530: 4868.500: [GC (Allocation Failure) [PSYoungGen: 173664K->96K(174080K)] 383052K->209508K(523776K), 0.0016171 secs] [Times: user=0.00 sys=0.00, real=0.00 secs] 
2018-03-19T13:32:13.677+0530: 4868.780: [GC (Allocation Failure) [PSYoungGen: 173664K->96K(174080K)] 383076K->209524K(523776K), 0.0015723 secs] [Times: user=0.00 sys=0.00, real=0.00 secs] 
2018-03-19T13:32:13.952+0530: 4869.055: [GC (Allocation Failure) [PSYoungGen: 173664K->96K(174080K)] 383092K->209548K(523776K), 0.0017395 secs] [Times: user=0.00 sys=0.00, real=0.00 secs] 
2018-03-19T13:32:14.233+0530: 4869.335: [GC (Allocation Failure) [PSYoungGen: 173664K->96K(174080K)] 383116K->209580K(523776K), 0.0016471 secs] [Times: user=0.00 sys=0.00, real=0.00 secs] 
2018-03-19T13:32:14.512+0530: 4869.615: [GC (Allocation Failure) [PSYoungGen: 173664K->96K(174080K)] 383148K->209612K(523776K), 0.0016756 secs] [Times: user=0.00 sys=0.00, real=0.00 secs] 
2018-03-19T13:32:14.844+0530: 4869.946: [GC (Allocation Failure) [PSYoungGen: 173664K->96K(174080K)] 383180K->209636K(523776K), 0.0016478 secs] [Times: user=0.00 sys=0.00, real=0.00 secs] 
2018-03-19T13:32:15.135+0530: 4870.238: [GC (Allocation Failure) [PSYoungGen: 173664K->96K(174080K)] 383204K->209652K(523776K), 0.0015730 secs] [Times: user=0.00 sys=0.00, real=0.00 secs] 
2018-03-19T13:32:15.414+0530: 4870.516: [GC (Allocation Failure) [PSYoungGen: 173664K->96K(174080K)] 383220K->209676K(523776K), 0.0015670 secs] [Times: user=0.00 sys=0.00, real=0.00 secs] 
2018-03-19T13:32:15.694+0530: 4870.797: [GC (Allocation Failure) [PSYoungGen: 173664K->96K(174080K)] 383244K->209700K(523776K), 0.0016739 secs] [Times: user=0.00 sys=0.00, real=0.00 secs] 
2018-03-19T13:32:16.012+0530: 4871.115: [GC (Allocation Failure) [PSYoungGen: 173664K->96K(174080K)] 383268K->209732K(523776K), 0.0015610 secs] [Times: user=0.00 sys=0.00, real=0.00 secs] 
2018-03-19T13:32:16.305+0530: 4871.408: [GC (Allocation Failure) [PSYoungGen: 173664K->96K(174080K)] 383300K->209756K(523776K), 0.0014768 secs] [Times: user=0.02 sys=0.00, real=0.00 secs] 
2018-03-19T13:32:16.593+0530: 4871.696: [GC (Allocation Failure) [PSYoungGen: 173664K->96K(174080K)] 383324K->209780K(523776K), 0.0017151 secs] [Times: user=0.00 sys=0.00, real=0.00 secs] 
2018-03-19T13:32:16.873+0530: 4871.976: [GC (Allocation Failure) [PSYoungGen: 173664K->96K(174080K)] 383348K->209812K(523776K), 0.0016679 secs] [Times: user=0.00 sys=0.00, real=0.00 secs] 
2018-03-19T13:32:17.153+0530: 4872.255: [GC (Allocation Failure) [PSYoungGen: 173664K->64K(174080K)] 383380K->209796K(523776K), 0.0014923 secs] [Times: user=0.00 sys=0.00, real=0.00 secs] 
2018-03-19T13:32:17.429+0530: 4872.532: [GC (Allocation Failure) [PSYoungGen: 173632K->64K(174080K)] 383364K->209820K(523776K), 0.0015875 secs] [Times: user=0.00 sys=0.00, real=0.00 secs] 
2018-03-19T13:32:17.713+0530: 4872.817: [GC (Allocation Failure) [PSYoungGen: 173632K->96K(174080K)] 383388K->209876K(523776K), 0.0016337 secs] [Times: user=0.00 sys=0.00, real=0.00 secs] 
2018-03-19T13:32:17.985+0530: 4873.088: [GC (Allocation Failure) [PSYoungGen: 173664K->64K(174080K)] 383444K->209868K(523776K), 0.0014944 secs] [Times: user=0.00 sys=0.00, real=0.00 secs] 
2018-03-19T13:32:18.263+0530: 4873.366: [GC (Allocation Failure) [PSYoungGen: 173632K->96K(174080K)] 383436K->209924K(523776K), 0.0015416 secs] [Times: user=0.00 sys=0.00, real=0.00 secs] 
2018-03-19T13:32:18.548+0530: 4873.650: [GC (Allocation Failure) [PSYoungGen: 173664K->96K(174080K)] 383492K->209948K(523776K), 0.0016598 secs] [Times: user=0.00 sys=0.00, real=0.00 secs] 
2018-03-19T13:32:18.829+0530: 4873.932: [GC (Allocation Failure) [PSYoungGen: 173664K->64K(174080K)] 383516K->209940K(523776K), 0.0015434 secs] [Times: user=0.00 sys=0.00, real=0.00 secs] 
2018-03-19T13:32:19.111+0530: 4874.214: [GC (Allocation Failure) [PSYoungGen: 173632K->96K(174080K)] 383508K->209988K(523776K), 0.0015289 secs] [Times: user=0.00 sys=0.00, real=0.00 secs] 
2018-03-19T13:32:19.389+0530: 4874.492: [GC (Allocation Failure) [PSYoungGen: 173664K->96K(174080K)] 383556K->210020K(523776K), 0.0016453 secs] [Times: user=0.00 sys=0.00, real=0.00 secs] 
2018-03-19T13:32:19.676+0530: 4874.779: [GC (Allocation Failure) [PSYoungGen: 173664K->96K(174080K)] 383588K->210036K(523776K), 0.0015797 secs] [Times: user=0.00 sys=0.00, real=0.00 secs] 
2018-03-19T13:32:19.974+0530: 4875.077: [GC (Allocation Failure) [PSYoungGen: 173664K->96K(174080K)] 383604K->210060K(523776K), 0.0017641 secs] [Times: user=0.00 sys=0.00, real=0.00 secs] 
2018-03-19T13:32:20.270+0530: 4875.372: [GC (Allocation Failure) [PSYoungGen: 173664K->96K(174080K)] 383628K->210084K(523776K), 0.0015430 secs] [Times: user=0.00 sys=0.00, real=0.00 secs] 
2018-03-19T13:32:20.555+0530: 4875.658: [GC (Allocation Failure) [PSYoungGen: 173664K->128K(174080K)] 383652K->210132K(523776K), 0.0014545 secs] [Times: user=0.06 sys=0.00, real=0.00 secs] 
2018-03-19T13:32:20.834+0530: 4875.937: [GC (Allocation Failure) [PSYoungGen: 173696K->96K(174080K)] 383700K->210124K(523776K), 0.0015448 secs] [Times: user=0.00 sys=0.00, real=0.00 secs] 
2018-03-19T13:32:21.109+0530: 4876.212: [GC (Allocation Failure) [PSYoungGen: 173664K->96K(174080K)] 383692K->210148K(523776K), 0.0014560 secs] [Times: user=0.00 sys=0.00, real=0.00 secs] 
2018-03-19T13:32:21.396+0530: 4876.499: [GC (Allocation Failure) [PSYoungGen: 173664K->96K(174080K)] 383716K->210164K(523776K), 0.0016301 secs] [Times: user=0.00 sys=0.00, real=0.00 secs] 
2018-03-19T13:32:21.681+0530: 4876.783: [GC (Allocation Failure) [PSYoungGen: 173664K->96K(174080K)] 383732K->210180K(523776K), 0.0017158 secs] [Times: user=0.00 sys=0.00, real=0.00 secs] 
2018-03-19T13:32:21.967+0530: 4877.070: [GC (Allocation Failure) [PSYoungGen: 173664K->64K(174080K)] 383748K->210172K(523776K), 0.0017218 secs] [Times: user=0.00 sys=0.00, real=0.00 secs] 
2018-03-19T13:32:22.243+0530: 4877.345: [GC (Allocation Failure) [PSYoungGen: 173632K->96K(174080K)] 383740K->210236K(523776K), 0.0016122 secs] [Times: user=0.00 sys=0.00, real=0.00 secs] 
2018-03-19T13:32:22.601+0530: 4877.704: [GC (Allocation Failure) [PSYoungGen: 173664K->96K(174080K)] 383804K->210260K(523776K), 0.0016869 secs] [Times: user=0.02 sys=0.01, real=0.00 secs] 
2018-03-19T13:32:22.911+0530: 4878.014: [GC (Allocation Failure) [PSYoungGen: 173664K->96K(174080K)] 383828K->210284K(523776K), 0.0016883 secs] [Times: user=0.00 sys=0.00, real=0.00 secs] 
2018-03-19T13:32:23.192+0530: 4878.295: [GC (Allocation Failure) [PSYoungGen: 173664K->96K(174080K)] 383852K->210308K(523776K), 0.0015550 secs] [Times: user=0.00 sys=0.00, real=0.00 secs] 
2018-03-19T13:32:23.478+0530: 4878.581: [GC (Allocation Failure) [PSYoungGen: 173664K->96K(174080K)] 383876K->210340K(523776K), 0.0015903 secs] [Times: user=0.00 sys=0.00, real=0.00 secs] 
2018-03-19T13:32:23.770+0530: 4878.873: [GC (Allocation Failure) [PSYoungGen: 173664K->64K(174080K)] 383908K->210332K(523776K), 0.0015166 secs] [Times: user=0.00 sys=0.00, real=0.00 secs] 
2018-03-19T13:32:24.066+0530: 4879.169: [GC (Allocation Failure) [PSYoungGen: 173632K->96K(174080K)] 383900K->210388K(523776K), 0.0016506 secs] [Times: user=0.00 sys=0.00, real=0.00 secs] 
2018-03-19T13:32:24.345+0530: 4879.448: [GC (Allocation Failure) [PSYoungGen: 173664K->96K(174080K)] 383956K->210412K(523776K), 0.0014799 secs] [Times: user=0.00 sys=0.00, real=0.00 secs] 
2018-03-19T13:32:24.625+0530: 4879.727: [GC (Allocation Failure) [PSYoungGen: 173664K->96K(174080K)] 383980K->210436K(523776K), 0.0015300 secs] [Times: user=0.00 sys=0.00, real=0.00 secs] 
2018-03-19T13:32:24.900+0530: 4880.003: [GC (Allocation Failure) [PSYoungGen: 173664K->96K(174080K)] 384004K->210468K(523776K), 0.0014552 secs] [Times: user=0.00 sys=0.00, real=0.00 secs] 
2018-03-19T13:32:25.189+0530: 4880.291: [GC (Allocation Failure) [PSYoungGen: 173664K->64K(174080K)] 384036K->210460K(523776K), 0.0016933 secs] [Times: user=0.00 sys=0.00, real=0.00 secs] 
2018-03-19T13:32:25.474+0530: 4880.577: [GC (Allocation Failure) [PSYoungGen: 173632K->96K(174080K)] 384028K->210524K(523776K), 0.0017134 secs] [Times: user=0.00 sys=0.00, real=0.00 secs] 
2018-03-19T13:32:25.757+0530: 4880.860: [GC (Allocation Failure) [PSYoungGen: 173664K->96K(174080K)] 384092K->210548K(523776K), 0.0015543 secs] [Times: user=0.00 sys=0.00, real=0.00 secs] 
2018-03-19T13:32:26.050+0530: 4881.152: [GC (Allocation Failure) [PSYoungGen: 173664K->96K(174080K)] 384116K->210580K(523776K), 0.0017391 secs] [Times: user=0.00 sys=0.00, real=0.00 secs] 
2018-03-19T13:32:26.330+0530: 4881.432: [GC (Allocation Failure) [PSYoungGen: 173664K->96K(174080K)] 384148K->210596K(523776K), 0.0015318 secs] [Times: user=0.00 sys=0.00, real=0.00 secs] 
2018-03-19T13:32:26.618+0530: 4881.720: [GC (Allocation Failure) [PSYoungGen: 173664K->96K(174080K)] 384164K->210612K(523776K), 0.0017190 secs] [Times: user=0.00 sys=0.00, real=0.00 secs] 
2018-03-19T13:32:26.902+0530: 4882.005: [GC (Allocation Failure) [PSYoungGen: 173664K->96K(174080K)] 384180K->210636K(523776K), 0.0015832 secs] [Times: user=0.00 sys=0.00, real=0.00 secs] 
2018-03-19T13:32:27.182+0530: 4882.285: [GC (Allocation Failure) [PSYoungGen: 173664K->96K(174080K)] 384204K->210660K(523776K), 0.0015508 secs] [Times: user=0.00 sys=0.00, real=0.00 secs] 
2018-03-19T13:32:27.535+0530: 4882.637: [GC (Allocation Failure) [PSYoungGen: 173664K->96K(174080K)] 384228K->210684K(523776K), 0.0016548 secs] [Times: user=0.00 sys=0.00, real=0.00 secs] 
2018-03-19T13:32:27.815+0530: 4882.917: [GC (Allocation Failure) [PSYoungGen: 173664K->96K(174080K)] 384252K->210700K(523776K), 0.0016196 secs] [Times: user=0.00 sys=0.00, real=0.00 secs] 
2018-03-19T13:32:28.109+0530: 4883.212: [GC (Allocation Failure) [PSYoungGen: 173664K->96K(174080K)] 384268K->210724K(523776K), 0.0016668 secs] [Times: user=0.00 sys=0.00, real=0.00 secs] 
2018-03-19T13:32:28.387+0530: 4883.490: [GC (Allocation Failure) [PSYoungGen: 173664K->64K(174080K)] 384292K->210716K(523776K), 0.0015124 secs] [Times: user=0.00 sys=0.00, real=0.00 secs] 
2018-03-19T13:32:28.673+0530: 4883.776: [GC (Allocation Failure) [PSYoungGen: 173632K->96K(174080K)] 384284K->210764K(523776K), 0.0016012 secs] [Times: user=0.00 sys=0.00, real=0.00 secs] 
2018-03-19T13:32:28.955+0530: 4884.057: [GC (Allocation Failure) [PSYoungGen: 173664K->96K(174080K)] 384332K->210788K(523776K), 0.0015709 secs] [Times: user=0.00 sys=0.00, real=0.00 secs] 
2018-03-19T13:32:29.239+0530: 4884.341: [GC (Allocation Failure) [PSYoungGen: 173664K->96K(174080K)] 384356K->210812K(523776K), 0.0015279 secs] [Times: user=0.00 sys=0.00, real=0.00 secs] 
2018-03-19T13:32:29.519+0530: 4884.621: [GC (Allocation Failure) [PSYoungGen: 173664K->64K(174080K)] 384380K->210804K(523776K), 0.0014482 secs] [Times: user=0.00 sys=0.00, real=0.00 secs] 
2018-03-19T13:32:29.798+0530: 4884.901: [GC (Allocation Failure) [PSYoungGen: 173632K->64K(174080K)] 384372K->210820K(523776K), 0.0015691 secs] [Times: user=0.00 sys=0.00, real=0.00 secs] 
2018-03-19T13:32:30.089+0530: 4885.193: [GC (Allocation Failure) [PSYoungGen: 173632K->96K(174080K)] 384388K->210876K(523776K), 0.0019256 secs] [Times: user=0.00 sys=0.00, real=0.00 secs] 
2018-03-19T13:32:30.373+0530: 4885.476: [GC (Allocation Failure) [PSYoungGen: 173664K->96K(174080K)] 384444K->210908K(523776K), 0.0017021 secs] [Times: user=0.00 sys=0.00, real=0.00 secs] 
2018-03-19T13:32:30.666+0530: 4885.769: [GC (Allocation Failure) [PSYoungGen: 173664K->64K(174080K)] 384476K->210900K(523776K), 0.0017053 secs] [Times: user=0.00 sys=0.00, real=0.00 secs] 
2018-03-19T13:32:30.950+0530: 4886.053: [GC (Allocation Failure) [PSYoungGen: 173632K->96K(174080K)] 384468K->210948K(523776K), 0.0015963 secs] [Times: user=0.00 sys=0.00, real=0.00 secs] 
2018-03-19T13:32:31.226+0530: 4886.329: [GC (Allocation Failure) [PSYoungGen: 173664K->96K(174080K)] 384516K->210972K(523776K), 0.0016947 secs] [Times: user=0.00 sys=0.00, real=0.00 secs] 
2018-03-19T13:32:31.506+0530: 4886.609: [GC (Allocation Failure) [PSYoungGen: 173664K->96K(174080K)] 384540K->210988K(523776K), 0.0015388 secs] [Times: user=0.00 sys=0.00, real=0.00 secs] 
2018-03-19T13:32:31.789+0530: 4886.891: [GC (Allocation Failure) [PSYoungGen: 173664K->64K(174080K)] 384556K->210980K(523776K), 0.0015741 secs] [Times: user=0.00 sys=0.00, real=0.00 secs] 
2018-03-19T13:32:32.086+0530: 4887.189: [GC (Allocation Failure) [PSYoungGen: 173632K->96K(174080K)] 384548K->211044K(523776K), 0.0016531 secs] [Times: user=0.00 sys=0.00, real=0.00 secs] 
2018-03-19T13:32:32.366+0530: 4887.469: [GC (Allocation Failure) [PSYoungGen: 173664K->64K(174080K)] 384612K->211036K(523776K), 0.0017229 secs] [Times: user=0.00 sys=0.00, real=0.00 secs] 
2018-03-19T13:32:32.654+0530: 4887.757: [GC (Allocation Failure) [PSYoungGen: 173632K->96K(174080K)] 384604K->211092K(523776K), 0.0014923 secs] [Times: user=0.00 sys=0.00, real=0.00 secs] 
2018-03-19T13:32:32.941+0530: 4888.043: [GC (Allocation Failure) [PSYoungGen: 173664K->96K(174080K)] 384660K->211108K(523776K), 0.0014979 secs] [Times: user=0.00 sys=0.00, real=0.00 secs] 
2018-03-19T13:32:33.217+0530: 4888.319: [GC (Allocation Failure) [PSYoungGen: 173664K->96K(174080K)] 384676K->211132K(523776K), 0.0017077 secs] [Times: user=0.00 sys=0.00, real=0.00 secs] 
2018-03-19T13:32:33.498+0530: 4888.601: [GC (Allocation Failure) [PSYoungGen: 173664K->96K(174080K)] 384700K->211156K(523776K), 0.0016672 secs] [Times: user=0.00 sys=0.00, real=0.00 secs] 
2018-03-19T13:32:33.778+0530: 4888.880: [GC (Allocation Failure) [PSYoungGen: 173664K->96K(174080K)] 384724K->211188K(523776K), 0.0016249 secs] [Times: user=0.00 sys=0.00, real=0.00 secs] 
2018-03-19T13:32:34.055+0530: 4889.157: [GC (Allocation Failure) [PSYoungGen: 173664K->96K(174080K)] 384756K->211212K(523776K), 0.0015617 secs] [Times: user=0.00 sys=0.00, real=0.00 secs] 
2018-03-19T13:32:34.332+0530: 4889.434: [GC (Allocation Failure) [PSYoungGen: 173664K->96K(174080K)] 384780K->211236K(523776K), 0.0015642 secs] [Times: user=0.00 sys=0.00, real=0.00 secs] 
2018-03-19T13:32:34.650+0530: 4889.753: [GC (Allocation Failure) [PSYoungGen: 173664K->96K(174080K)] 384804K->211260K(523776K), 0.0016827 secs] [Times: user=0.00 sys=0.00, real=0.00 secs] 
2018-03-19T13:32:34.929+0530: 4890.032: [GC (Allocation Failure) [PSYoungGen: 173664K->96K(174080K)] 384828K->211276K(523776K), 0.0014916 secs] [Times: user=0.01 sys=0.00, real=0.00 secs] 
2018-03-19T13:32:35.210+0530: 4890.313: [GC (Allocation Failure) [PSYoungGen: 173664K->96K(174080K)] 384844K->211308K(523776K), 0.0017631 secs] [Times: user=0.00 sys=0.00, real=0.00 secs] 
2018-03-19T13:32:35.494+0530: 4890.597: [GC (Allocation Failure) [PSYoungGen: 173664K->96K(174080K)] 384876K->211332K(523776K), 0.0015381 secs] [Times: user=0.00 sys=0.00, real=0.00 secs] 
2018-03-19T13:32:35.770+0530: 4890.873: [GC (Allocation Failure) [PSYoungGen: 173664K->96K(174080K)] 384900K->211356K(523776K), 0.0016964 secs] [Times: user=0.00 sys=0.00, real=0.00 secs] 
2018-03-19T13:32:36.070+0530: 4891.172: [GC (Allocation Failure) [PSYoungGen: 173664K->96K(174080K)] 384924K->211380K(523776K), 0.0015081 secs] [Times: user=0.00 sys=0.00, real=0.00 secs] 
2018-03-19T13:32:36.348+0530: 4891.450: [GC (Allocation Failure) [PSYoungGen: 173664K->96K(174080K)] 384948K->211412K(523776K), 0.0016404 secs] [Times: user=0.00 sys=0.00, real=0.00 secs] 
2018-03-19T13:32:36.633+0530: 4891.736: [GC (Allocation Failure) [PSYoungGen: 173664K->96K(174080K)] 384980K->211428K(523776K), 0.0015430 secs] [Times: user=0.02 sys=0.00, real=0.00 secs] 
2018-03-19T13:32:36.914+0530: 4892.017: [GC (Allocation Failure) [PSYoungGen: 173664K->64K(174080K)] 384996K->211420K(523776K), 0.0017560 secs] [Times: user=0.00 sys=0.00, real=0.00 secs] 
2018-03-19T13:32:37.190+0530: 4892.293: [GC (Allocation Failure) [PSYoungGen: 173632K->96K(174080K)] 384988K->211484K(523776K), 0.0016192 secs] [Times: user=0.00 sys=0.00, real=0.00 secs] 
2018-03-19T13:32:37.467+0530: 4892.570: [GC (Allocation Failure) [PSYoungGen: 173664K->64K(174080K)] 385052K->211468K(523776K), 0.0021210 secs] [Times: user=0.00 sys=0.00, real=0.00 secs] 
2018-03-19T13:32:37.751+0530: 4892.854: [GC (Allocation Failure) [PSYoungGen: 173632K->96K(174080K)] 385036K->211532K(523776K), 0.0016816 secs] [Times: user=0.00 sys=0.00, real=0.00 secs] 
2018-03-19T13:32:38.029+0530: 4893.132: [GC (Allocation Failure) [PSYoungGen: 173664K->96K(174080K)] 385100K->211556K(523776K), 0.0015293 secs] [Times: user=0.00 sys=0.00, real=0.00 secs] 
2018-03-19T13:32:38.313+0530: 4893.416: [GC (Allocation Failure) [PSYoungGen: 173664K->96K(174080K)] 385124K->211588K(523776K), 0.0017120 secs] [Times: user=0.00 sys=0.00, real=0.00 secs] 
2018-03-19T13:32:38.594+0530: 4893.697: [GC (Allocation Failure) [PSYoungGen: 173664K->96K(174080K)] 385156K->211612K(523776K), 0.0017042 secs] [Times: user=0.00 sys=0.00, real=0.00 secs] 
2018-03-19T13:32:38.873+0530: 4893.976: [GC (Allocation Failure) [PSYoungGen: 173664K->64K(174080K)] 385180K->211604K(523776K), 0.0016478 secs] [Times: user=0.00 sys=0.00, real=0.00 secs] 
2018-03-19T13:32:39.153+0530: 4894.256: [GC (Allocation Failure) [PSYoungGen: 173632K->96K(174080K)] 385172K->211668K(523776K), 0.0015755 secs] [Times: user=0.00 sys=0.00, real=0.00 secs] 
2018-03-19T13:32:39.431+0530: 4894.534: [GC (Allocation Failure) [PSYoungGen: 173664K->96K(174080K)] 385236K->211700K(523776K), 0.0016090 secs] [Times: user=0.00 sys=0.00, real=0.00 secs] 
2018-03-19T13:32:39.712+0530: 4894.815: [GC (Allocation Failure) [PSYoungGen: 173664K->96K(174080K)] 385268K->211716K(523776K), 0.0017116 secs] [Times: user=0.00 sys=0.00, real=0.00 secs] 
2018-03-19T13:32:40.008+0530: 4895.111: [GC (Allocation Failure) [PSYoungGen: 173664K->64K(174080K)] 385284K->211708K(523776K), 0.0017134 secs] [Times: user=0.00 sys=0.02, real=0.00 secs] 
2018-03-19T13:32:40.295+0530: 4895.398: [GC (Allocation Failure) [PSYoungGen: 173632K->96K(174080K)] 385276K->211764K(523776K), 0.0015716 secs] [Times: user=0.00 sys=0.00, real=0.00 secs] 
2018-03-19T13:32:40.578+0530: 4895.682: [GC (Allocation Failure) [PSYoungGen: 173664K->96K(174080K)] 385332K->211788K(523776K), 0.0016086 secs] [Times: user=0.00 sys=0.00, real=0.00 secs] 
2018-03-19T13:32:40.861+0530: 4895.964: [GC (Allocation Failure) [PSYoungGen: 173664K->96K(174080K)] 385356K->211812K(523776K), 0.0015392 secs] [Times: user=0.00 sys=0.00, real=0.00 secs] 
2018-03-19T13:32:41.140+0530: 4896.242: [GC (Allocation Failure) [PSYoungGen: 173664K->64K(174080K)] 385380K->211804K(523776K), 0.0016083 secs] [Times: user=0.00 sys=0.00, real=0.00 secs] 
2018-03-19T13:32:41.421+0530: 4896.523: [GC (Allocation Failure) [PSYoungGen: 173632K->96K(174080K)] 385372K->211860K(523776K), 0.0015970 secs] [Times: user=0.00 sys=0.00, real=0.00 secs] 
2018-03-19T13:32:41.706+0530: 4896.809: [GC (Allocation Failure) [PSYoungGen: 173664K->64K(174080K)] 385428K->211852K(523776K), 0.0015318 secs] [Times: user=0.00 sys=0.00, real=0.00 secs] 
2018-03-19T13:32:41.982+0530: 4897.084: [GC (Allocation Failure) [PSYoungGen: 173632K->96K(174080K)] 385420K->211900K(523776K), 0.0016072 secs] [Times: user=0.00 sys=0.00, real=0.00 secs] 
2018-03-19T13:32:42.259+0530: 4897.362: [GC (Allocation Failure) [PSYoungGen: 173664K->96K(174080K)] 385468K->211932K(523776K), 0.0016019 secs] [Times: user=0.00 sys=0.00, real=0.00 secs] 
2018-03-19T13:32:42.547+0530: 4897.650: [GC (Allocation Failure) [PSYoungGen: 173664K->96K(174080K)] 385500K->211956K(523776K), 0.0015494 secs] [Times: user=0.00 sys=0.00, real=0.00 secs] 
2018-03-19T13:32:42.827+0530: 4897.930: [GC (Allocation Failure) [PSYoungGen: 173664K->96K(174080K)] 385524K->211972K(523776K), 0.0016541 secs] [Times: user=0.00 sys=0.00, real=0.00 secs] 
2018-03-19T13:32:43.107+0530: 4898.210: [GC (Allocation Failure) [PSYoungGen: 173664K->96K(174080K)] 385540K->211996K(523776K), 0.0016661 secs] [Times: user=0.00 sys=0.00, real=0.00 secs] 
2018-03-19T13:32:43.381+0530: 4898.484: [GC (Allocation Failure) [PSYoungGen: 173664K->96K(174080K)] 385564K->212012K(523776K), 0.0015582 secs] [Times: user=0.00 sys=0.00, real=0.00 secs] 
2018-03-19T13:32:43.665+0530: 4898.768: [GC (Allocation Failure) [PSYoungGen: 173664K->96K(174080K)] 385580K->212044K(523776K), 0.0014856 secs] [Times: user=0.00 sys=0.00, real=0.00 secs] 
2018-03-19T13:32:43.953+0530: 4899.056: [GC (Allocation Failure) [PSYoungGen: 173664K->96K(174080K)] 385612K->212068K(523776K), 0.0018050 secs] [Times: user=0.00 sys=0.00, real=0.00 secs] 
2018-03-19T13:32:44.236+0530: 4899.339: [GC (Allocation Failure) [PSYoungGen: 173664K->96K(174080K)] 385636K->212084K(523776K), 0.0016816 secs] [Times: user=0.00 sys=0.00, real=0.00 secs] 
2018-03-19T13:32:44.519+0530: 4899.622: [GC (Allocation Failure) [PSYoungGen: 173664K->96K(174080K)] 385652K->212108K(523776K), 0.0015261 secs] [Times: user=0.00 sys=0.00, real=0.00 secs] 
2018-03-19T13:32:44.797+0530: 4899.900: [GC (Allocation Failure) [PSYoungGen: 173664K->96K(174080K)] 385676K->212132K(523776K), 0.0016538 secs] [Times: user=0.00 sys=0.00, real=0.00 secs] 
2018-03-19T13:32:45.074+0530: 4900.177: [GC (Allocation Failure) [PSYoungGen: 173664K->128K(174080K)] 385700K->212180K(523776K), 0.0015392 secs] [Times: user=0.00 sys=0.00, real=0.00 secs] 
2018-03-19T13:32:45.369+0530: 4900.472: [GC (Allocation Failure) [PSYoungGen: 173696K->96K(174080K)] 385748K->212164K(523776K), 0.0016517 secs] [Times: user=0.00 sys=0.00, real=0.00 secs] 
2018-03-19T13:32:45.644+0530: 4900.747: [GC (Allocation Failure) [PSYoungGen: 173664K->96K(174080K)] 385732K->212196K(523776K), 0.0015212 secs] [Times: user=0.00 sys=0.00, real=0.00 secs] 
2018-03-19T13:32:45.981+0530: 4901.085: [GC (Allocation Failure) [PSYoungGen: 173664K->96K(174080K)] 385764K->212220K(523776K), 0.0025265 secs] [Times: user=0.00 sys=0.00, real=0.00 secs] 
2018-03-19T13:32:46.353+0530: 4901.456: [GC (Allocation Failure) [PSYoungGen: 173664K->96K(174080K)] 385788K->212244K(523776K), 0.0018209 secs] [Times: user=0.00 sys=0.00, real=0.00 secs] 
2018-03-19T13:32:46.657+0530: 4901.760: [GC (Allocation Failure) [PSYoungGen: 173664K->96K(174080K)] 385812K->212268K(523776K), 0.0014845 secs] [Times: user=0.00 sys=0.00, real=0.00 secs] 
2018-03-19T13:32:46.938+0530: 4902.041: [GC (Allocation Failure) [PSYoungGen: 173664K->64K(174080K)] 385836K->212260K(523776K), 0.0016633 secs] [Times: user=0.00 sys=0.00, real=0.00 secs] 
2018-03-19T13:32:47.277+0530: 4902.380: [GC (Allocation Failure) [PSYoungGen: 173632K->96K(174080K)] 385828K->212316K(523776K), 0.0018117 secs] [Times: user=0.00 sys=0.00, real=0.00 secs] 
2018-03-19T13:32:47.729+0530: 4902.832: [GC (Allocation Failure) [PSYoungGen: 173664K->96K(174080K)] 385884K->212332K(523776K), 0.0023657 secs] [Times: user=0.00 sys=0.00, real=0.00 secs] 
2018-03-19T13:32:48.200+0530: 4903.302: [GC (Allocation Failure) [PSYoungGen: 173664K->96K(174080K)] 385900K->212356K(523776K), 0.0024038 secs] [Times: user=0.00 sys=0.00, real=0.00 secs] 
2018-03-19T13:32:48.662+0530: 4903.764: [GC (Allocation Failure) [PSYoungGen: 173664K->96K(174080K)] 385924K->212372K(523776K), 0.0023089 secs] [Times: user=0.00 sys=0.00, real=0.00 secs] 
2018-03-19T13:32:49.157+0530: 4904.261: [GC (Allocation Failure) [PSYoungGen: 173664K->96K(174080K)] 385940K->212388K(523776K), 0.0023294 secs] [Times: user=0.00 sys=0.00, real=0.00 secs] 
2018-03-19T13:32:49.585+0530: 4904.689: [GC (Allocation Failure) [PSYoungGen: 173664K->64K(174080K)] 385956K->212380K(523776K), 0.0018124 secs] [Times: user=0.06 sys=0.00, real=0.00 secs] 
2018-03-19T13:32:50.112+0530: 4905.215: [GC (Allocation Failure) [PSYoungGen: 173632K->64K(174080K)] 385948K->212404K(523776K), 0.0023237 secs] [Times: user=0.00 sys=0.00, real=0.00 secs] 
2018-03-19T13:32:50.571+0530: 4905.674: [GC (Allocation Failure) [PSYoungGen: 173632K->64K(174080K)] 385972K->212420K(523776K), 0.0023964 secs] [Times: user=0.05 sys=0.00, real=0.00 secs] 
2018-03-19T13:32:51.025+0530: 4906.128: [GC (Allocation Failure) [PSYoungGen: 173632K->96K(174080K)] 385988K->212468K(523776K), 0.0024408 secs] [Times: user=0.00 sys=0.00, real=0.00 secs] 
2018-03-19T13:32:51.452+0530: 4906.555: [GC (Allocation Failure) [PSYoungGen: 173664K->96K(174080K)] 386036K->212484K(523776K), 0.0017589 secs] [Times: user=0.00 sys=0.00, real=0.00 secs] 
2018-03-19T13:32:51.897+0530: 4907.000: [GC (Allocation Failure) [PSYoungGen: 173664K->128K(174080K)] 386052K->212540K(523776K), 0.0024165 secs] [Times: user=0.02 sys=0.00, real=0.00 secs] 
2018-03-19T13:32:52.340+0530: 4907.443: [GC (Allocation Failure) [PSYoungGen: 173696K->96K(174080K)] 386108K->212532K(523776K), 0.0017120 secs] [Times: user=0.00 sys=0.00, real=0.00 secs] 
2018-03-19T13:32:52.633+0530: 4907.736: [GC (Allocation Failure) [PSYoungGen: 173664K->96K(174080K)] 386100K->212548K(523776K), 0.0015208 secs] [Times: user=0.00 sys=0.00, real=0.00 secs] 
2018-03-19T13:32:52.905+0530: 4908.007: [GC (Allocation Failure) [PSYoungGen: 173664K->96K(174080K)] 386116K->212572K(523776K), 0.0016407 secs] [Times: user=0.00 sys=0.00, real=0.00 secs] 
2018-03-19T13:32:53.184+0530: 4908.287: [GC (Allocation Failure) [PSYoungGen: 173664K->64K(174080K)] 386140K->212564K(523776K), 0.0016742 secs] [Times: user=0.00 sys=0.00, real=0.00 secs] 
2018-03-19T13:32:53.461+0530: 4908.563: [GC (Allocation Failure) [PSYoungGen: 173632K->96K(174080K)] 386132K->212620K(523776K), 0.0015018 secs] [Times: user=0.01 sys=0.00, real=0.00 secs] 
2018-03-19T13:32:53.764+0530: 4908.867: [GC (Allocation Failure) [PSYoungGen: 173664K->96K(174080K)] 386188K->212644K(523776K), 0.0022479 secs] [Times: user=0.00 sys=0.00, real=0.00 secs] 
2018-03-19T13:32:54.052+0530: 4909.155: [GC (Allocation Failure) [PSYoungGen: 173664K->96K(174080K)] 386212K->212660K(523776K), 0.0017377 secs] [Times: user=0.00 sys=0.00, real=0.00 secs] 
2018-03-19T13:32:54.324+0530: 4909.426: [GC (Allocation Failure) [PSYoungGen: 173664K->96K(174080K)] 386228K->212684K(523776K), 0.0013985 secs] [Times: user=0.00 sys=0.00, real=0.00 secs] 
2018-03-19T13:32:54.614+0530: 4909.717: [GC (Allocation Failure) [PSYoungGen: 173664K->64K(174080K)] 386252K->212676K(523776K), 0.0016330 secs] [Times: user=0.00 sys=0.00, real=0.00 secs] 
2018-03-19T13:32:54.898+0530: 4910.000: [GC (Allocation Failure) [PSYoungGen: 173632K->96K(174080K)] 386244K->212732K(523776K), 0.0015773 secs] [Times: user=0.00 sys=0.00, real=0.00 secs] 
2018-03-19T13:32:55.178+0530: 4910.281: [GC (Allocation Failure) [PSYoungGen: 173664K->96K(174080K)] 386300K->212764K(523776K), 0.0019598 secs] [Times: user=0.00 sys=0.00, real=0.00 secs] 
2018-03-19T13:32:55.483+0530: 4910.586: [GC (Allocation Failure) [PSYoungGen: 173664K->96K(174080K)] 386332K->212788K(523776K), 0.0018082 secs] [Times: user=0.00 sys=0.00, real=0.00 secs] 
2018-03-19T13:32:55.767+0530: 4910.871: [GC (Allocation Failure) [PSYoungGen: 173664K->96K(174080K)] 386356K->212812K(523776K), 0.0031048 secs] [Times: user=0.00 sys=0.00, real=0.00 secs] 
2018-03-19T13:32:56.086+0530: 4911.189: [GC (Allocation Failure) [PSYoungGen: 173664K->96K(174080K)] 386380K->212828K(523776K), 0.0017042 secs] [Times: user=0.06 sys=0.00, real=0.00 secs] 
2018-03-19T13:32:56.383+0530: 4911.486: [GC (Allocation Failure) [PSYoungGen: 173664K->96K(174080K)] 386396K->212852K(523776K), 0.0016675 secs] [Times: user=0.06 sys=0.00, real=0.00 secs] 
2018-03-19T13:32:56.673+0530: 4911.775: [GC (Allocation Failure) [PSYoungGen: 173664K->64K(174080K)] 386420K->212844K(523776K), 0.0016890 secs] [Times: user=0.00 sys=0.00, real=0.00 secs] 
2018-03-19T13:32:56.952+0530: 4912.055: [GC (Allocation Failure) [PSYoungGen: 173632K->96K(174080K)] 386412K->212900K(523776K), 0.0016689 secs] [Times: user=0.00 sys=0.00, real=0.00 secs] 
2018-03-19T13:32:57.235+0530: 4912.338: [GC (Allocation Failure) [PSYoungGen: 173664K->96K(174080K)] 386468K->212924K(523776K), 0.0015688 secs] [Times: user=0.00 sys=0.00, real=0.00 secs] 
2018-03-19T13:32:57.522+0530: 4912.625: [GC (Allocation Failure) [PSYoungGen: 173664K->64K(174080K)] 386492K->212916K(523776K), 0.0015914 secs] [Times: user=0.00 sys=0.00, real=0.00 secs] 
2018-03-19T13:32:57.805+0530: 4912.907: [GC (Allocation Failure) [PSYoungGen: 173632K->96K(174080K)] 386484K->212964K(523776K), 0.0015684 secs] [Times: user=0.00 sys=0.00, real=0.00 secs] 
2018-03-19T13:32:58.090+0530: 4913.193: [GC (Allocation Failure) [PSYoungGen: 173664K->96K(174080K)] 386532K->212980K(523776K), 0.0017380 secs] [Times: user=0.00 sys=0.00, real=0.00 secs] 
2018-03-19T13:32:58.368+0530: 4913.471: [GC (Allocation Failure) [PSYoungGen: 173664K->96K(174080K)] 386548K->212996K(523776K), 0.0015078 secs] [Times: user=0.00 sys=0.00, real=0.00 secs] 
2018-03-19T13:32:58.656+0530: 4913.759: [GC (Allocation Failure) [PSYoungGen: 173664K->96K(174080K)] 386564K->213020K(523776K), 0.0017483 secs] [Times: user=0.00 sys=0.00, real=0.00 secs] 
2018-03-19T13:32:58.937+0530: 4914.040: [GC (Allocation Failure) [PSYoungGen: 173664K->128K(174080K)] 386588K->213084K(523776K), 0.0017060 secs] [Times: user=0.00 sys=0.00, real=0.00 secs] 
2018-03-19T13:32:59.214+0530: 4914.317: [GC (Allocation Failure) [PSYoungGen: 173696K->96K(174080K)] 386652K->213068K(523776K), 0.0015356 secs] [Times: user=0.00 sys=0.00, real=0.00 secs] 
2018-03-19T13:32:59.496+0530: 4914.598: [GC (Allocation Failure) [PSYoungGen: 173664K->96K(174080K)] 386636K->213092K(523776K), 0.0017409 secs] [Times: user=0.00 sys=0.00, real=0.00 secs] 
2018-03-19T13:32:59.778+0530: 4914.880: [GC (Allocation Failure) [PSYoungGen: 173664K->96K(174080K)] 386660K->213116K(523776K), 0.0016033 secs] [Times: user=0.00 sys=0.00, real=0.00 secs] 
2018-03-19T13:33:00.099+0530: 4915.202: [GC (Allocation Failure) [PSYoungGen: 173664K->96K(174080K)] 386684K->213140K(523776K), 0.0017208 secs] [Times: user=0.00 sys=0.00, real=0.00 secs] 
2018-03-19T13:33:00.389+0530: 4915.492: [GC (Allocation Failure) [PSYoungGen: 173664K->64K(174080K)] 386708K->213132K(523776K), 0.0016368 secs] [Times: user=0.00 sys=0.00, real=0.00 secs] 
2018-03-19T13:33:00.675+0530: 4915.778: [GC (Allocation Failure) [PSYoungGen: 173632K->96K(174080K)] 386700K->213188K(523776K), 0.0016887 secs] [Times: user=0.00 sys=0.00, real=0.00 secs] 
2018-03-19T13:33:00.945+0530: 4916.049: [GC (Allocation Failure) [PSYoungGen: 173664K->96K(174080K)] 386756K->213212K(523776K), 0.0015519 secs] [Times: user=0.00 sys=0.00, real=0.00 secs] 
2018-03-19T13:33:01.232+0530: 4916.334: [GC (Allocation Failure) [PSYoungGen: 173664K->96K(174080K)] 386780K->213236K(523776K), 0.0016231 secs] [Times: user=0.00 sys=0.00, real=0.00 secs] 
2018-03-19T13:33:01.515+0530: 4916.618: [GC (Allocation Failure) [PSYoungGen: 173664K->96K(174080K)] 386804K->213252K(523776K), 0.0015420 secs] [Times: user=0.00 sys=0.00, real=0.00 secs] 
2018-03-19T13:33:01.803+0530: 4916.905: [GC (Allocation Failure) [PSYoungGen: 173664K->64K(174080K)] 386820K->213244K(523776K), 0.0019440 secs] [Times: user=0.00 sys=0.00, real=0.00 secs] 
2018-03-19T13:33:02.087+0530: 4917.190: [GC (Allocation Failure) [PSYoungGen: 173632K->96K(174080K)] 386812K->213292K(523776K), 0.0016619 secs] [Times: user=0.00 sys=0.00, real=0.00 secs] 
2018-03-19T13:33:02.361+0530: 4917.464: [GC (Allocation Failure) [PSYoungGen: 173664K->64K(174080K)] 386860K->213284K(523776K), 0.0015011 secs] [Times: user=0.00 sys=0.00, real=0.00 secs] 
2018-03-19T13:33:02.646+0530: 4917.749: [GC (Allocation Failure) [PSYoungGen: 173632K->96K(174080K)] 386852K->213332K(523776K), 0.0016234 secs] [Times: user=0.00 sys=0.00, real=0.00 secs] 
2018-03-19T13:33:02.923+0530: 4918.025: [GC (Allocation Failure) [PSYoungGen: 173664K->96K(174080K)] 386900K->213348K(523776K), 0.0014757 secs] [Times: user=0.00 sys=0.00, real=0.00 secs] 
2018-03-19T13:33:03.204+0530: 4918.307: [GC (Allocation Failure) [PSYoungGen: 173664K->96K(174080K)] 386916K->213364K(523776K), 0.0015783 secs] [Times: user=0.00 sys=0.00, real=0.00 secs] 
2018-03-19T13:33:03.496+0530: 4918.598: [GC (Allocation Failure) [PSYoungGen: 173664K->96K(174080K)] 386932K->213388K(523776K), 0.0015163 secs] [Times: user=0.00 sys=0.00, real=0.00 secs] 
2018-03-19T13:33:03.774+0530: 4918.877: [GC (Allocation Failure) [PSYoungGen: 173664K->96K(174080K)] 386956K->213420K(523776K), 0.0016323 secs] [Times: user=0.02 sys=0.00, real=0.00 secs] 
2018-03-19T13:33:04.082+0530: 4919.185: [GC (Allocation Failure) [PSYoungGen: 173664K->96K(174080K)] 386988K->213444K(523776K), 0.0017560 secs] [Times: user=0.00 sys=0.00, real=0.00 secs] 
2018-03-19T13:33:04.362+0530: 4919.465: [GC (Allocation Failure) [PSYoungGen: 173664K->64K(174080K)] 387012K->213436K(523776K), 0.0017098 secs] [Times: user=0.00 sys=0.00, real=0.00 secs] 
2018-03-19T13:33:04.655+0530: 4919.758: [GC (Allocation Failure) [PSYoungGen: 173632K->96K(174080K)] 387004K->213492K(523776K), 0.0016682 secs] [Times: user=0.00 sys=0.00, real=0.00 secs] 
2018-03-19T13:33:04.923+0530: 4920.025: [GC (Allocation Failure) [PSYoungGen: 173664K->96K(174080K)] 387060K->213516K(523776K), 0.0015106 secs] [Times: user=0.00 sys=0.00, real=0.00 secs] 
2018-03-19T13:33:05.203+0530: 4920.306: [GC (Allocation Failure) [PSYoungGen: 173664K->96K(174080K)] 387084K->213540K(523776K), 0.0015988 secs] [Times: user=0.00 sys=0.00, real=0.00 secs] 
2018-03-19T13:33:05.503+0530: 4920.606: [GC (Allocation Failure) [PSYoungGen: 173664K->96K(174080K)] 387108K->213556K(523776K), 0.0015928 secs] [Times: user=0.00 sys=0.00, real=0.00 secs] 
2018-03-19T13:33:05.785+0530: 4920.888: [GC (Allocation Failure) [PSYoungGen: 173664K->96K(174080K)] 387124K->213588K(523776K), 0.0016439 secs] [Times: user=0.00 sys=0.00, real=0.00 secs] 
2018-03-19T13:33:06.077+0530: 4921.179: [GC (Allocation Failure) [PSYoungGen: 173664K->96K(174080K)] 387156K->213604K(523776K), 0.0017328 secs] [Times: user=0.00 sys=0.00, real=0.00 secs] 
2018-03-19T13:33:06.357+0530: 4921.461: [GC (Allocation Failure) [PSYoungGen: 173664K->96K(174080K)] 387172K->213628K(523776K), 0.0016386 secs] [Times: user=0.00 sys=0.00, real=0.00 secs] 
2018-03-19T13:33:06.639+0530: 4921.742: [GC (Allocation Failure) [PSYoungGen: 173664K->96K(174080K)] 387196K->213652K(523776K), 0.0014274 secs] [Times: user=0.00 sys=0.00, real=0.00 secs] 
2018-03-19T13:33:06.922+0530: 4922.025: [GC (Allocation Failure) [PSYoungGen: 173664K->96K(174080K)] 387220K->213668K(523776K), 0.0015300 secs] [Times: user=0.00 sys=0.00, real=0.00 secs] 
2018-03-19T13:33:07.211+0530: 4922.314: [GC (Allocation Failure) [PSYoungGen: 173664K->96K(174080K)] 387236K->213700K(523776K), 0.0016841 secs] [Times: user=0.00 sys=0.00, real=0.00 secs] 
2018-03-19T13:33:07.494+0530: 4922.597: [GC (Allocation Failure) [PSYoungGen: 173664K->96K(174080K)] 387268K->213716K(523776K), 0.0017557 secs] [Times: user=0.00 sys=0.00, real=0.00 secs] 
2018-03-19T13:33:07.775+0530: 4922.878: [GC (Allocation Failure) [PSYoungGen: 173664K->96K(174080K)] 387284K->213740K(523776K), 0.0015314 secs] [Times: user=0.00 sys=0.00, real=0.00 secs] 
2018-03-19T13:33:08.077+0530: 4923.181: [GC (Allocation Failure) [PSYoungGen: 173664K->96K(174080K)] 387308K->213756K(523776K), 0.0014669 secs] [Times: user=0.00 sys=0.00, real=0.00 secs] 
2018-03-19T13:33:08.356+0530: 4923.458: [GC (Allocation Failure) [PSYoungGen: 173664K->96K(174080K)] 387324K->213772K(523776K), 0.0016309 secs] [Times: user=0.00 sys=0.00, real=0.00 secs] 
2018-03-19T13:33:08.637+0530: 4923.739: [GC (Allocation Failure) [PSYoungGen: 173664K->96K(174080K)] 387340K->213796K(523776K), 0.0014560 secs] [Times: user=0.00 sys=0.00, real=0.00 secs] 
2018-03-19T13:33:08.917+0530: 4924.020: [GC (Allocation Failure) [PSYoungGen: 173664K->64K(174080K)] 387364K->213788K(523776K), 0.0016954 secs] [Times: user=0.00 sys=0.00, real=0.00 secs] 
2018-03-19T13:33:09.200+0530: 4924.303: [GC (Allocation Failure) [PSYoungGen: 173632K->64K(174080K)] 387356K->213812K(523776K), 0.0016594 secs] [Times: user=0.00 sys=0.00, real=0.00 secs] 
2018-03-19T13:33:09.485+0530: 4924.587: [GC (Allocation Failure) [PSYoungGen: 173632K->96K(174080K)] 387380K->213860K(523776K), 0.0015899 secs] [Times: user=0.00 sys=0.00, real=0.00 secs] 
2018-03-19T13:33:09.765+0530: 4924.868: [GC (Allocation Failure) [PSYoungGen: 173664K->96K(174080K)] 387428K->213884K(523776K), 0.0016548 secs] [Times: user=0.00 sys=0.00, real=0.00 secs] 
2018-03-19T13:33:10.046+0530: 4925.148: [GC (Allocation Failure) [PSYoungGen: 173664K->96K(174080K)] 387452K->213908K(523776K), 0.0017021 secs] [Times: user=0.00 sys=0.00, real=0.00 secs] 
2018-03-19T13:33:10.320+0530: 4925.422: [GC (Allocation Failure) [PSYoungGen: 173664K->64K(174080K)] 387476K->213900K(523776K), 0.0015233 secs] [Times: user=0.00 sys=0.00, real=0.00 secs] 
2018-03-19T13:33:10.631+0530: 4925.734: [GC (Allocation Failure) [PSYoungGen: 173632K->96K(174080K)] 387468K->213948K(523776K), 0.0016887 secs] [Times: user=0.00 sys=0.00, real=0.00 secs] 
2018-03-19T13:33:10.916+0530: 4926.019: [GC (Allocation Failure) [PSYoungGen: 173664K->96K(174080K)] 387516K->213980K(523776K), 0.0015572 secs] [Times: user=0.00 sys=0.00, real=0.00 secs] 
2018-03-19T13:33:11.194+0530: 4926.297: [GC (Allocation Failure) [PSYoungGen: 173664K->96K(174080K)] 387548K->214004K(523776K), 0.0017402 secs] [Times: user=0.00 sys=0.00, real=0.00 secs] 
2018-03-19T13:33:11.483+0530: 4926.586: [GC (Allocation Failure) [PSYoungGen: 173664K->64K(174080K)] 387572K->213988K(523776K), 0.0017218 secs] [Times: user=0.00 sys=0.00, real=0.00 secs] 
2018-03-19T13:33:11.788+0530: 4926.891: [GC (Allocation Failure) [PSYoungGen: 173632K->96K(174080K)] 387556K->214044K(523776K), 0.0015092 secs] [Times: user=0.00 sys=0.00, real=0.00 secs] 
2018-03-19T13:33:12.095+0530: 4927.198: [GC (Allocation Failure) [PSYoungGen: 173664K->96K(174080K)] 387612K->214068K(523776K), 0.0017525 secs] [Times: user=0.00 sys=0.00, real=0.00 secs] 
2018-03-19T13:33:12.367+0530: 4927.470: [GC (Allocation Failure) [PSYoungGen: 173664K->96K(174080K)] 387636K->214092K(523776K), 0.0015289 secs] [Times: user=0.06 sys=0.00, real=0.00 secs] 
2018-03-19T13:33:12.661+0530: 4927.763: [GC (Allocation Failure) [PSYoungGen: 173664K->96K(174080K)] 387660K->214108K(523776K), 0.0015187 secs] [Times: user=0.00 sys=0.00, real=0.00 secs] 
2018-03-19T13:33:12.940+0530: 4928.043: [GC (Allocation Failure) [PSYoungGen: 173664K->96K(174080K)] 387676K->214124K(523776K), 0.0016665 secs] [Times: user=0.00 sys=0.00, real=0.00 secs] 
2018-03-19T13:33:13.222+0530: 4928.325: [GC (Allocation Failure) [PSYoungGen: 173664K->96K(174080K)] 387692K->214156K(523776K), 0.0016876 secs] [Times: user=0.00 sys=0.00, real=0.00 secs] 
2018-03-19T13:33:13.503+0530: 4928.606: [GC (Allocation Failure) [PSYoungGen: 173664K->96K(174080K)] 387724K->214180K(523776K), 0.0015547 secs] [Times: user=0.00 sys=0.00, real=0.00 secs] 
2018-03-19T13:33:13.786+0530: 4928.888: [GC (Allocation Failure) [PSYoungGen: 173664K->96K(174080K)] 387748K->214196K(523776K), 0.0015226 secs] [Times: user=0.00 sys=0.00, real=0.00 secs] 
2018-03-19T13:33:14.064+0530: 4929.167: [GC (Allocation Failure) [PSYoungGen: 173664K->96K(174080K)] 387764K->214220K(523776K), 0.0018396 secs] [Times: user=0.00 sys=0.00, real=0.00 secs] 
2018-03-19T13:33:14.345+0530: 4929.448: [GC (Allocation Failure) [PSYoungGen: 173664K->96K(174080K)] 387788K->214244K(523776K), 0.0016284 secs] [Times: user=0.00 sys=0.00, real=0.00 secs] 
2018-03-19T13:33:14.625+0530: 4929.728: [GC (Allocation Failure) [PSYoungGen: 173664K->96K(174080K)] 387812K->214276K(523776K), 0.0015074 secs] [Times: user=0.00 sys=0.00, real=0.00 secs] 
2018-03-19T13:33:14.926+0530: 4930.028: [GC (Allocation Failure) [PSYoungGen: 173664K->96K(174080K)] 387844K->214292K(523776K), 0.0021968 secs] [Times: user=0.00 sys=0.00, real=0.00 secs] 
2018-03-19T13:33:15.214+0530: 4930.317: [GC (Allocation Failure) [PSYoungGen: 173664K->96K(174080K)] 387860K->214324K(523776K), 0.0018072 secs] [Times: user=0.00 sys=0.00, real=0.00 secs] 
2018-03-19T13:33:15.511+0530: 4930.613: [GC (Allocation Failure) [PSYoungGen: 173664K->96K(174080K)] 387892K->214348K(523776K), 0.0015942 secs] [Times: user=0.00 sys=0.00, real=0.00 secs] 
2018-03-19T13:33:15.794+0530: 4930.897: [GC (Allocation Failure) [PSYoungGen: 173664K->96K(174080K)] 387916K->214380K(523776K), 0.0015050 secs] [Times: user=0.00 sys=0.00, real=0.00 secs] 
2018-03-19T13:33:16.123+0530: 4931.227: [GC (Allocation Failure) [PSYoungGen: 173664K->96K(174080K)] 387948K->214412K(523776K), 0.0016259 secs] [Times: user=0.00 sys=0.00, real=0.00 secs] 
2018-03-19T13:33:16.394+0530: 4931.497: [GC (Allocation Failure) [PSYoungGen: 173664K->96K(174080K)] 387980K->214428K(523776K), 0.0015677 secs] [Times: user=0.00 sys=0.00, real=0.00 secs] 
2018-03-19T13:33:16.676+0530: 4931.779: [GC (Allocation Failure) [PSYoungGen: 173664K->96K(174080K)] 387996K->214452K(523776K), 0.0017028 secs] [Times: user=0.00 sys=0.00, real=0.00 secs] 
2018-03-19T13:33:16.953+0530: 4932.056: [GC (Allocation Failure) [PSYoungGen: 173664K->128K(174080K)] 388020K->214500K(523776K), 0.0015448 secs] [Times: user=0.00 sys=0.00, real=0.00 secs] 
2018-03-19T13:33:17.230+0530: 4932.333: [GC (Allocation Failure) [PSYoungGen: 173696K->64K(174080K)] 388068K->214460K(523776K), 0.0015208 secs] [Times: user=0.00 sys=0.00, real=0.00 secs] 
2018-03-19T13:33:17.519+0530: 4932.622: [GC (Allocation Failure) [PSYoungGen: 173632K->96K(174080K)] 388028K->214508K(523776K), 0.0016379 secs] [Times: user=0.00 sys=0.00, real=0.00 secs] 
2018-03-19T13:33:17.798+0530: 4932.901: [GC (Allocation Failure) [PSYoungGen: 173664K->96K(174080K)] 388076K->214540K(523776K), 0.0017610 secs] [Times: user=0.00 sys=0.00, real=0.00 secs] 
2018-03-19T13:33:18.086+0530: 4933.190: [GC (Allocation Failure) [PSYoungGen: 173664K->96K(174080K)] 388108K->214556K(523776K), 0.0015797 secs] [Times: user=0.06 sys=0.00, real=0.00 secs] 
2018-03-19T13:33:18.367+0530: 4933.470: [GC (Allocation Failure) [PSYoungGen: 173664K->96K(174080K)] 388124K->214580K(523776K), 0.0016710 secs] [Times: user=0.00 sys=0.00, real=0.00 secs] 
2018-03-19T13:33:18.647+0530: 4933.749: [GC (Allocation Failure) [PSYoungGen: 173664K->96K(174080K)] 388148K->214596K(523776K), 0.0016069 secs] [Times: user=0.00 sys=0.00, real=0.00 secs] 
2018-03-19T13:33:18.924+0530: 4934.027: [GC (Allocation Failure) [PSYoungGen: 173664K->96K(174080K)] 388164K->214620K(523776K), 0.0015526 secs] [Times: user=0.00 sys=0.00, real=0.00 secs] 
2018-03-19T13:33:19.202+0530: 4934.305: [GC (Allocation Failure) [PSYoungGen: 173664K->96K(174080K)] 388188K->214652K(523776K), 0.0016852 secs] [Times: user=0.00 sys=0.00, real=0.00 secs] 
2018-03-19T13:33:19.485+0530: 4934.589: [GC (Allocation Failure) [PSYoungGen: 173664K->96K(174080K)] 388220K->214684K(523776K), 0.0016890 secs] [Times: user=0.00 sys=0.00, real=0.00 secs] 
2018-03-19T13:33:19.771+0530: 4934.874: [GC (Allocation Failure) [PSYoungGen: 173664K->96K(174080K)] 388252K->214708K(523776K), 0.0016129 secs] [Times: user=0.00 sys=0.00, real=0.00 secs] 
2018-03-19T13:33:20.069+0530: 4935.172: [GC (Allocation Failure) [PSYoungGen: 173664K->96K(174080K)] 388276K->214732K(523776K), 0.0015691 secs] [Times: user=0.00 sys=0.00, real=0.00 secs] 
2018-03-19T13:33:20.339+0530: 4935.442: [GC (Allocation Failure) [PSYoungGen: 173664K->64K(174080K)] 388300K->214724K(523776K), 0.0016058 secs] [Times: user=0.00 sys=0.00, real=0.00 secs] 
2018-03-19T13:33:20.637+0530: 4935.739: [GC (Allocation Failure) [PSYoungGen: 173632K->96K(174080K)] 388292K->214780K(523776K), 0.0016753 secs] [Times: user=0.00 sys=0.00, real=0.00 secs] 
2018-03-19T13:33:20.918+0530: 4936.021: [GC (Allocation Failure) [PSYoungGen: 173664K->64K(174080K)] 388348K->214772K(523776K), 0.0016651 secs] [Times: user=0.00 sys=0.00, real=0.00 secs] 
2018-03-19T13:33:21.199+0530: 4936.302: [GC (Allocation Failure) [PSYoungGen: 173632K->96K(174080K)] 388340K->214828K(523776K), 0.0016693 secs] [Times: user=0.00 sys=0.00, real=0.00 secs] 
2018-03-19T13:33:21.491+0530: 4936.595: [GC (Allocation Failure) [PSYoungGen: 173664K->64K(174080K)] 388396K->214820K(523776K), 0.0019232 secs] [Times: user=0.00 sys=0.00, real=0.00 secs] 
2018-03-19T13:33:21.774+0530: 4936.877: [GC (Allocation Failure) [PSYoungGen: 173632K->96K(174080K)] 388388K->214876K(523776K), 0.0017405 secs] [Times: user=0.06 sys=0.00, real=0.00 secs] 
2018-03-19T13:33:22.058+0530: 4937.161: [GC (Allocation Failure) [PSYoungGen: 173664K->96K(174080K)] 388444K->214900K(523776K), 0.0015921 secs] [Times: user=0.00 sys=0.00, real=0.00 secs] 
2018-03-19T13:33:22.334+0530: 4937.436: [GC (Allocation Failure) [PSYoungGen: 173664K->96K(174080K)] 388468K->214924K(523776K), 0.0015998 secs] [Times: user=0.00 sys=0.00, real=0.00 secs] 
2018-03-19T13:33:22.618+0530: 4937.721: [GC (Allocation Failure) [PSYoungGen: 173664K->96K(174080K)] 388492K->214948K(523776K), 0.0015332 secs] [Times: user=0.00 sys=0.00, real=0.00 secs] 
2018-03-19T13:33:22.903+0530: 4938.005: [GC (Allocation Failure) [PSYoungGen: 173664K->96K(174080K)] 388516K->214964K(523776K), 0.0016873 secs] [Times: user=0.00 sys=0.00, real=0.00 secs] 
2018-03-19T13:33:23.182+0530: 4938.285: [GC (Allocation Failure) [PSYoungGen: 173664K->128K(174080K)] 388532K->215012K(523776K), 0.0016816 secs] [Times: user=0.00 sys=0.00, real=0.00 secs] 
2018-03-19T13:33:23.463+0530: 4938.566: [GC (Allocation Failure) [PSYoungGen: 173696K->64K(174080K)] 388580K->214964K(523776K), 0.0031531 secs] [Times: user=0.00 sys=0.00, real=0.00 secs] 
2018-03-19T13:33:23.748+0530: 4938.850: [GC (Allocation Failure) [PSYoungGen: 173632K->96K(174080K)] 388532K->215012K(523776K), 0.0015970 secs] [Times: user=0.00 sys=0.00, real=0.00 secs] 
2018-03-19T13:33:24.045+0530: 4939.148: [GC (Allocation Failure) [PSYoungGen: 173664K->96K(174080K)] 388580K->215036K(523776K), 0.0018308 secs] [Times: user=0.00 sys=0.00, real=0.00 secs] 
2018-03-19T13:33:24.322+0530: 4939.425: [GC (Allocation Failure) [PSYoungGen: 173664K->64K(174080K)] 388604K->215028K(523776K), 0.0015078 secs] [Times: user=0.00 sys=0.00, real=0.00 secs] 
2018-03-19T13:33:24.604+0530: 4939.708: [GC (Allocation Failure) [PSYoungGen: 173632K->96K(174080K)] 388596K->215084K(523776K), 0.0020092 secs] [Times: user=0.00 sys=0.00, real=0.00 secs] 
2018-03-19T13:33:24.886+0530: 4939.989: [GC (Allocation Failure) [PSYoungGen: 173664K->64K(174080K)] 388652K->215068K(523776K), 0.0017990 secs] [Times: user=0.00 sys=0.00, real=0.00 secs] 
2018-03-19T13:33:25.199+0530: 4940.301: [GC (Allocation Failure) [PSYoungGen: 173632K->96K(174080K)] 388636K->215116K(523776K), 0.0016446 secs] [Times: user=0.00 sys=0.00, real=0.00 secs] 
2018-03-19T13:33:25.483+0530: 4940.585: [GC (Allocation Failure) [PSYoungGen: 173664K->96K(174080K)] 388684K->215140K(523776K), 0.0017352 secs] [Times: user=0.00 sys=0.00, real=0.00 secs] 
2018-03-19T13:33:25.782+0530: 4940.885: [GC (Allocation Failure) [PSYoungGen: 173664K->64K(174080K)] 388708K->215132K(523776K), 0.0016968 secs] [Times: user=0.00 sys=0.00, real=0.00 secs] 
2018-03-19T13:33:26.078+0530: 4941.181: [GC (Allocation Failure) [PSYoungGen: 173632K->96K(174080K)] 388700K->215188K(523776K), 0.0016675 secs] [Times: user=0.00 sys=0.00, real=0.00 secs] 
2018-03-19T13:33:26.356+0530: 4941.459: [GC (Allocation Failure) [PSYoungGen: 173664K->96K(174080K)] 388756K->215204K(523776K), 0.0015138 secs] [Times: user=0.00 sys=0.00, real=0.00 secs] 
2018-03-19T13:33:26.636+0530: 4941.739: [GC (Allocation Failure) [PSYoungGen: 173664K->96K(174080K)] 388772K->215220K(523776K), 0.0016559 secs] [Times: user=0.00 sys=0.00, real=0.00 secs] 
2018-03-19T13:33:26.922+0530: 4942.025: [GC (Allocation Failure) [PSYoungGen: 173664K->96K(174080K)] 388788K->215236K(523776K), 0.0017715 secs] [Times: user=0.00 sys=0.00, real=0.00 secs] 
2018-03-19T13:33:27.206+0530: 4942.309: [GC (Allocation Failure) [PSYoungGen: 173664K->64K(174080K)] 388804K->215228K(523776K), 0.0016108 secs] [Times: user=0.00 sys=0.00, real=0.00 secs] 
2018-03-19T13:33:27.478+0530: 4942.580: [GC (Allocation Failure) [PSYoungGen: 173632K->96K(174080K)] 388796K->215284K(523776K), 0.0016940 secs] [Times: user=0.00 sys=0.00, real=0.00 secs] 
2018-03-19T13:33:27.761+0530: 4942.864: [GC (Allocation Failure) [PSYoungGen: 173664K->96K(174080K)] 388852K->215300K(523776K), 0.0016735 secs] [Times: user=0.00 sys=0.00, real=0.00 secs] 
2018-03-19T13:33:28.064+0530: 4943.166: [GC (Allocation Failure) [PSYoungGen: 173664K->64K(174080K)] 388868K->215292K(523776K), 0.0017458 secs] [Times: user=0.00 sys=0.00, real=0.00 secs] 
2018-03-19T13:33:28.341+0530: 4943.443: [GC (Allocation Failure) [PSYoungGen: 173632K->96K(174080K)] 388860K->215348K(523776K), 0.0015099 secs] [Times: user=0.00 sys=0.00, real=0.00 secs] 
2018-03-19T13:33:28.620+0530: 4943.723: [GC (Allocation Failure) [PSYoungGen: 173664K->96K(174080K)] 388916K->215372K(523776K), 0.0015155 secs] [Times: user=0.00 sys=0.00, real=0.00 secs] 
2018-03-19T13:33:28.906+0530: 4944.009: [GC (Allocation Failure) [PSYoungGen: 173664K->128K(174080K)] 388940K->215428K(523776K), 0.0016640 secs] [Times: user=0.00 sys=0.00, real=0.00 secs] 
2018-03-19T13:33:29.185+0530: 4944.287: [GC (Allocation Failure) [PSYoungGen: 173696K->96K(174080K)] 388996K->215420K(523776K), 0.0016869 secs] [Times: user=0.00 sys=0.00, real=0.00 secs] 
2018-03-19T13:33:29.462+0530: 4944.565: [GC (Allocation Failure) [PSYoungGen: 173664K->96K(174080K)] 388988K->215436K(523776K), 0.0015110 secs] [Times: user=0.00 sys=0.00, real=0.00 secs] 
2018-03-19T13:33:29.746+0530: 4944.848: [GC (Allocation Failure) [PSYoungGen: 173664K->96K(174080K)] 389004K->215460K(523776K), 0.0017366 secs] [Times: user=0.00 sys=0.00, real=0.00 secs] 
2018-03-19T13:33:30.022+0530: 4945.125: [GC (Allocation Failure) [PSYoungGen: 173664K->64K(174080K)] 389028K->215452K(523776K), 0.0014898 secs] [Times: user=0.00 sys=0.00, real=0.00 secs] 
2018-03-19T13:33:30.303+0530: 4945.406: [GC (Allocation Failure) [PSYoungGen: 173632K->96K(174080K)] 389020K->215508K(523776K), 0.0017120 secs] [Times: user=0.00 sys=0.00, real=0.00 secs] 
2018-03-19T13:33:30.611+0530: 4945.714: [GC (Allocation Failure) [PSYoungGen: 173664K->64K(174080K)] 389076K->215500K(523776K), 0.0017144 secs] [Times: user=0.00 sys=0.00, real=0.00 secs] 
2018-03-19T13:33:30.881+0530: 4945.984: [GC (Allocation Failure) [PSYoungGen: 173632K->96K(174080K)] 389068K->215548K(523776K), 0.0015956 secs] [Times: user=0.00 sys=0.00, real=0.00 secs] 
2018-03-19T13:33:31.152+0530: 4946.256: [GC (Allocation Failure) [PSYoungGen: 173664K->96K(174080K)] 389116K->215564K(523776K), 0.0017201 secs] [Times: user=0.00 sys=0.00, real=0.00 secs] 
2018-03-19T13:33:31.425+0530: 4946.528: [GC (Allocation Failure) [PSYoungGen: 173664K->96K(174080K)] 389132K->215588K(523776K), 0.0017017 secs] [Times: user=0.00 sys=0.00, real=0.00 secs] 
2018-03-19T13:33:31.714+0530: 4946.816: [GC (Allocation Failure) [PSYoungGen: 173664K->64K(174080K)] 389156K->215580K(523776K), 0.0015885 secs] [Times: user=0.00 sys=0.00, real=0.00 secs] 
2018-03-19T13:33:32.011+0530: 4947.114: [GC (Allocation Failure) [PSYoungGen: 173632K->96K(174080K)] 389148K->215644K(523776K), 0.0017183 secs] [Times: user=0.00 sys=0.00, real=0.00 secs] 
2018-03-19T13:33:32.290+0530: 4947.393: [GC (Allocation Failure) [PSYoungGen: 173664K->96K(174080K)] 389212K->215676K(523776K), 0.0017194 secs] [Times: user=0.00 sys=0.00, real=0.00 secs] 
2018-03-19T13:33:32.578+0530: 4947.681: [GC (Allocation Failure) [PSYoungGen: 173664K->96K(174080K)] 389244K->215700K(523776K), 0.0016749 secs] [Times: user=0.00 sys=0.00, real=0.00 secs] 
2018-03-19T13:33:32.861+0530: 4947.964: [GC (Allocation Failure) [PSYoungGen: 173664K->96K(174080K)] 389268K->215724K(523776K), 0.0016686 secs] [Times: user=0.00 sys=0.00, real=0.00 secs] 
2018-03-19T13:33:33.134+0530: 4948.237: [GC (Allocation Failure) [PSYoungGen: 173664K->96K(174080K)] 389292K->215748K(523776K), 0.0016076 secs] [Times: user=0.00 sys=0.00, real=0.00 secs] 
2018-03-19T13:33:33.412+0530: 4948.515: [GC (Allocation Failure) [PSYoungGen: 173664K->96K(174080K)] 389316K->215764K(523776K), 0.0016527 secs] [Times: user=0.00 sys=0.00, real=0.00 secs] 
2018-03-19T13:33:33.702+0530: 4948.805: [GC (Allocation Failure) [PSYoungGen: 173664K->96K(174080K)] 389332K->215788K(523776K), 0.0016594 secs] [Times: user=0.00 sys=0.00, real=0.00 secs] 
2018-03-19T13:33:33.988+0530: 4949.090: [GC (Allocation Failure) [PSYoungGen: 173664K->96K(174080K)] 389356K->215820K(523776K), 0.0016076 secs] [Times: user=0.00 sys=0.00, real=0.00 secs] 
2018-03-19T13:33:34.271+0530: 4949.374: [GC (Allocation Failure) [PSYoungGen: 173664K->96K(174080K)] 389388K->215836K(523776K), 0.0016837 secs] [Times: user=0.00 sys=0.00, real=0.00 secs] 
2018-03-19T13:33:34.558+0530: 4949.660: [GC (Allocation Failure) [PSYoungGen: 173664K->96K(174080K)] 389404K->215860K(523776K), 0.0015332 secs] [Times: user=0.00 sys=0.00, real=0.00 secs] 
2018-03-19T13:33:34.841+0530: 4949.943: [GC (Allocation Failure) [PSYoungGen: 173664K->96K(174080K)] 389428K->215892K(523776K), 0.0015670 secs] [Times: user=0.00 sys=0.00, real=0.00 secs] 
2018-03-19T13:33:35.121+0530: 4950.224: [GC (Allocation Failure) [PSYoungGen: 173664K->64K(174080K)] 389460K->215884K(523776K), 0.0016703 secs] [Times: user=0.00 sys=0.00, real=0.00 secs] 
2018-03-19T13:33:35.394+0530: 4950.497: [GC (Allocation Failure) [PSYoungGen: 173632K->64K(174080K)] 389452K->215908K(523776K), 0.0015145 secs] [Times: user=0.00 sys=0.00, real=0.00 secs] 
2018-03-19T13:33:35.695+0530: 4950.798: [GC (Allocation Failure) [PSYoungGen: 173632K->96K(174080K)] 389476K->215956K(523776K), 0.0017546 secs] [Times: user=0.00 sys=0.00, real=0.00 secs] 
2018-03-19T13:33:35.996+0530: 4951.099: [GC (Allocation Failure) [PSYoungGen: 173664K->64K(174080K)] 389524K->215940K(523776K), 0.0021436 secs] [Times: user=0.00 sys=0.00, real=0.00 secs] 
2018-03-19T13:33:36.288+0530: 4951.391: [GC (Allocation Failure) [PSYoungGen: 173632K->96K(174080K)] 389508K->215996K(523776K), 0.0017345 secs] [Times: user=0.00 sys=0.00, real=0.00 secs] 
2018-03-19T13:33:36.573+0530: 4951.676: [GC (Allocation Failure) [PSYoungGen: 173664K->96K(174080K)] 389564K->216020K(523776K), 0.0016115 secs] [Times: user=0.00 sys=0.00, real=0.00 secs] 
2018-03-19T13:33:36.853+0530: 4951.957: [GC (Allocation Failure) [PSYoungGen: 173664K->96K(174080K)] 389588K->216044K(523776K), 0.0016658 secs] [Times: user=0.00 sys=0.00, real=0.00 secs] 
2018-03-19T13:33:37.134+0530: 4952.236: [GC (Allocation Failure) [PSYoungGen: 173664K->96K(174080K)] 389612K->216068K(523776K), 0.0015840 secs] [Times: user=0.00 sys=0.00, real=0.00 secs] 
2018-03-19T13:33:37.413+0530: 4952.516: [GC (Allocation Failure) [PSYoungGen: 173664K->96K(174080K)] 389636K->216084K(523776K), 0.0015099 secs] [Times: user=0.00 sys=0.00, real=0.00 secs] 
2018-03-19T13:33:37.696+0530: 4952.798: [GC (Allocation Failure) [PSYoungGen: 173664K->96K(174080K)] 389652K->216100K(523776K), 0.0017398 secs] [Times: user=0.00 sys=0.00, real=0.00 secs] 
2018-03-19T13:33:37.983+0530: 4953.086: [GC (Allocation Failure) [PSYoungGen: 173664K->64K(174080K)] 389668K->216092K(523776K), 0.0016929 secs] [Times: user=0.00 sys=0.00, real=0.00 secs] 
2018-03-19T13:33:38.260+0530: 4953.363: [GC (Allocation Failure) [PSYoungGen: 173632K->64K(174080K)] 389660K->216116K(523776K), 0.0015106 secs] [Times: user=0.00 sys=0.00, real=0.00 secs] 
2018-03-19T13:33:38.546+0530: 4953.649: [GC (Allocation Failure) [PSYoungGen: 173632K->96K(174080K)] 389684K->216172K(523776K), 0.0017112 secs] [Times: user=0.00 sys=0.00, real=0.00 secs] 
2018-03-19T13:33:38.825+0530: 4953.928: [GC (Allocation Failure) [PSYoungGen: 173664K->96K(174080K)] 389740K->216196K(523776K), 0.0014570 secs] [Times: user=0.00 sys=0.00, real=0.00 secs] 
2018-03-19T13:33:39.104+0530: 4954.207: [GC (Allocation Failure) [PSYoungGen: 173664K->96K(174080K)] 389764K->216212K(523776K), 0.0017592 secs] [Times: user=0.00 sys=0.00, real=0.00 secs] 
2018-03-19T13:33:39.378+0530: 4954.480: [GC (Allocation Failure) [PSYoungGen: 173664K->96K(174080K)] 389780K->216228K(523776K), 0.0016037 secs] [Times: user=0.00 sys=0.00, real=0.00 secs] 
2018-03-19T13:33:39.666+0530: 4954.769: [GC (Allocation Failure) [PSYoungGen: 173664K->96K(174080K)] 389796K->216252K(523776K), 0.0016947 secs] [Times: user=0.00 sys=0.00, real=0.00 secs] 
2018-03-19T13:33:39.954+0530: 4955.057: [GC (Allocation Failure) [PSYoungGen: 173664K->96K(174080K)] 389820K->216268K(523776K), 0.0018978 secs] [Times: user=0.00 sys=0.00, real=0.00 secs] 
2018-03-19T13:33:40.238+0530: 4955.341: [GC (Allocation Failure) [PSYoungGen: 173664K->96K(174080K)] 389836K->216300K(523776K), 0.0016111 secs] [Times: user=0.00 sys=0.00, real=0.00 secs] 
2018-03-19T13:33:40.508+0530: 4955.612: [GC (Allocation Failure) [PSYoungGen: 173664K->64K(174080K)] 389868K->216292K(523776K), 0.0015342 secs] [Times: user=0.01 sys=0.00, real=0.00 secs] 
2018-03-19T13:33:40.802+0530: 4955.904: [GC (Allocation Failure) [PSYoungGen: 173632K->96K(174080K)] 389860K->216348K(523776K), 0.0016658 secs] [Times: user=0.00 sys=0.00, real=0.00 secs] 
2018-03-19T13:33:41.079+0530: 4956.182: [GC (Allocation Failure) [PSYoungGen: 173664K->96K(174080K)] 389916K->216372K(523776K), 0.0016167 secs] [Times: user=0.00 sys=0.00, real=0.00 secs] 
2018-03-19T13:33:41.359+0530: 4956.462: [GC (Allocation Failure) [PSYoungGen: 173664K->96K(174080K)] 389940K->216396K(523776K), 0.0016097 secs] [Times: user=0.00 sys=0.00, real=0.00 secs] 
2018-03-19T13:33:41.637+0530: 4956.740: [GC (Allocation Failure) [PSYoungGen: 173664K->64K(174080K)] 389964K->216388K(523776K), 0.0014799 secs] [Times: user=0.00 sys=0.00, real=0.00 secs] 
2018-03-19T13:33:41.916+0530: 4957.018: [GC (Allocation Failure) [PSYoungGen: 173632K->96K(174080K)] 389956K->216444K(523776K), 0.0016488 secs] [Times: user=0.00 sys=0.00, real=0.00 secs] 
2018-03-19T13:33:42.192+0530: 4957.295: [GC (Allocation Failure) [PSYoungGen: 173664K->96K(174080K)] 390012K->216460K(523776K), 0.0015092 secs] [Times: user=0.00 sys=0.00, real=0.00 secs] 
2018-03-19T13:33:42.473+0530: 4957.576: [GC (Allocation Failure) [PSYoungGen: 173664K->96K(174080K)] 390028K->216484K(523776K), 0.0018177 secs] [Times: user=0.00 sys=0.00, real=0.00 secs] 
2018-03-19T13:33:42.761+0530: 4957.863: [GC (Allocation Failure) [PSYoungGen: 173664K->96K(174080K)] 390052K->216516K(523776K), 0.0016880 secs] [Times: user=0.00 sys=0.00, real=0.00 secs] 
2018-03-19T13:33:43.032+0530: 4958.135: [GC (Allocation Failure) [PSYoungGen: 173664K->64K(174080K)] 390084K->216508K(523776K), 0.0016312 secs] [Times: user=0.00 sys=0.00, real=0.00 secs] 
2018-03-19T13:33:43.313+0530: 4958.416: [GC (Allocation Failure) [PSYoungGen: 173632K->96K(174080K)] 390076K->216556K(523776K), 0.0016178 secs] [Times: user=0.00 sys=0.00, real=0.00 secs] 
2018-03-19T13:33:43.592+0530: 4958.694: [GC (Allocation Failure) [PSYoungGen: 173664K->96K(174080K)] 390124K->216572K(523776K), 0.0015201 secs] [Times: user=0.00 sys=0.00, real=0.00 secs] 
2018-03-19T13:33:43.864+0530: 4958.967: [GC (Allocation Failure) [PSYoungGen: 173664K->96K(174080K)] 390140K->216588K(523776K), 0.0015148 secs] [Times: user=0.00 sys=0.00, real=0.00 secs] 
2018-03-19T13:33:44.160+0530: 4959.263: [GC (Allocation Failure) [PSYoungGen: 173664K->96K(174080K)] 390156K->216612K(523776K), 0.0016086 secs] [Times: user=0.00 sys=0.00, real=0.00 secs] 
2018-03-19T13:33:44.441+0530: 4959.544: [GC (Allocation Failure) [PSYoungGen: 173664K->96K(174080K)] 390180K->216644K(523776K), 0.0015078 secs] [Times: user=0.00 sys=0.00, real=0.00 secs] 
2018-03-19T13:33:44.723+0530: 4959.826: [GC (Allocation Failure) [PSYoungGen: 173664K->96K(174080K)] 390212K->216668K(523776K), 0.0016284 secs] [Times: user=0.00 sys=0.00, real=0.00 secs] 
2018-03-19T13:33:45.006+0530: 4960.109: [GC (Allocation Failure) [PSYoungGen: 173664K->96K(174080K)] 390236K->216692K(523776K), 0.0016802 secs] [Times: user=0.00 sys=0.00, real=0.00 secs] 
2018-03-19T13:33:45.287+0530: 4960.390: [GC (Allocation Failure) [PSYoungGen: 173664K->96K(174080K)] 390260K->216716K(523776K), 0.0017317 secs] [Times: user=0.00 sys=0.00, real=0.00 secs] 
2018-03-19T13:33:45.573+0530: 4960.676: [GC (Allocation Failure) [PSYoungGen: 173664K->96K(174080K)] 390284K->216740K(523776K), 0.0018005 secs] [Times: user=0.00 sys=0.00, real=0.00 secs] 
2018-03-19T13:33:45.862+0530: 4960.965: [GC (Allocation Failure) [PSYoungGen: 173664K->96K(174080K)] 390308K->216764K(523776K), 0.0016993 secs] [Times: user=0.00 sys=0.00, real=0.00 secs] 
2018-03-19T13:33:46.153+0530: 4961.257: [GC (Allocation Failure) [PSYoungGen: 173664K->96K(174080K)] 390332K->216788K(523776K), 0.0016869 secs] [Times: user=0.00 sys=0.00, real=0.00 secs] 
2018-03-19T13:33:46.435+0530: 4961.538: [GC (Allocation Failure) [PSYoungGen: 173664K->96K(174080K)] 390356K->216812K(523776K), 0.0016696 secs] [Times: user=0.00 sys=0.00, real=0.00 secs] 
2018-03-19T13:33:46.725+0530: 4961.828: [GC (Allocation Failure) [PSYoungGen: 173664K->96K(174080K)] 390380K->216844K(523776K), 0.0018893 secs] [Times: user=0.00 sys=0.00, real=0.00 secs] 
2018-03-19T13:33:47.013+0530: 4962.115: [GC (Allocation Failure) [PSYoungGen: 173664K->96K(174080K)] 390412K->216860K(523776K), 0.0016206 secs] [Times: user=0.00 sys=0.00, real=0.00 secs] 
2018-03-19T13:33:47.292+0530: 4962.395: [GC (Allocation Failure) [PSYoungGen: 173664K->96K(174080K)] 390428K->216884K(523776K), 0.0016062 secs] [Times: user=0.00 sys=0.00, real=0.00 secs] 
2018-03-19T13:33:47.579+0530: 4962.683: [GC (Allocation Failure) [PSYoungGen: 173664K->96K(174080K)] 390452K->216908K(523776K), 0.0015110 secs] [Times: user=0.00 sys=0.00, real=0.00 secs] 
2018-03-19T13:33:47.858+0530: 4962.961: [GC (Allocation Failure) [PSYoungGen: 173664K->96K(174080K)] 390476K->216932K(523776K), 0.0017045 secs] [Times: user=0.00 sys=0.00, real=0.00 secs] 
2018-03-19T13:33:48.153+0530: 4963.255: [GC (Allocation Failure) [PSYoungGen: 173664K->96K(174080K)] 390500K->216948K(523776K), 0.0016273 secs] [Times: user=0.00 sys=0.00, real=0.00 secs] 
2018-03-19T13:33:48.432+0530: 4963.535: [GC (Allocation Failure) [PSYoungGen: 173664K->96K(174080K)] 390516K->216972K(523776K), 0.0015184 secs] [Times: user=0.00 sys=0.00, real=0.00 secs] 
2018-03-19T13:33:48.724+0530: 4963.827: [GC (Allocation Failure) [PSYoungGen: 173664K->96K(174080K)] 390540K->217004K(523776K), 0.0017426 secs] [Times: user=0.00 sys=0.00, real=0.00 secs] 
2018-03-19T13:33:48.998+0530: 4964.100: [GC (Allocation Failure) [PSYoungGen: 173664K->128K(174080K)] 390572K->217052K(523776K), 0.0015177 secs] [Times: user=0.00 sys=0.00, real=0.00 secs] 
2018-03-19T13:33:49.280+0530: 4964.382: [GC (Allocation Failure) [PSYoungGen: 173696K->96K(174080K)] 390620K->217036K(523776K), 0.0016453 secs] [Times: user=0.00 sys=0.00, real=0.00 secs] 
2018-03-19T13:33:49.562+0530: 4964.665: [GC (Allocation Failure) [PSYoungGen: 173664K->96K(174080K)] 390604K->217052K(523776K), 0.0015751 secs] [Times: user=0.00 sys=0.00, real=0.00 secs] 
2018-03-19T13:33:49.841+0530: 4964.944: [GC (Allocation Failure) [PSYoungGen: 173664K->64K(174080K)] 390620K->217044K(523776K), 0.0016802 secs] [Times: user=0.00 sys=0.00, real=0.00 secs] 
2018-03-19T13:33:50.123+0530: 4965.225: [GC (Allocation Failure) [PSYoungGen: 173632K->96K(174080K)] 390612K->217100K(523776K), 0.0017172 secs] [Times: user=0.00 sys=0.00, real=0.00 secs] 
2018-03-19T13:33:50.400+0530: 4965.503: [GC (Allocation Failure) [PSYoungGen: 173664K->64K(174080K)] 390668K->217092K(523776K), 0.0016622 secs] [Times: user=0.00 sys=0.00, real=0.00 secs] 
2018-03-19T13:33:50.704+0530: 4965.807: [GC (Allocation Failure) [PSYoungGen: 173632K->96K(174080K)] 390660K->217148K(523776K), 0.0018040 secs] [Times: user=0.00 sys=0.00, real=0.00 secs] 
2018-03-19T13:33:50.983+0530: 4966.086: [GC (Allocation Failure) [PSYoungGen: 173664K->96K(174080K)] 390716K->217172K(523776K), 0.0015854 secs] [Times: user=0.00 sys=0.00, real=0.00 secs] 
2018-03-19T13:33:51.261+0530: 4966.364: [GC (Allocation Failure) [PSYoungGen: 173664K->64K(174080K)] 390740K->217172K(523776K), 0.0015311 secs] [Times: user=0.00 sys=0.00, real=0.00 secs] 
2018-03-19T13:33:51.543+0530: 4966.646: [GC (Allocation Failure) [PSYoungGen: 173632K->96K(174080K)] 390740K->217236K(523776K), 0.0016633 secs] [Times: user=0.00 sys=0.00, real=0.00 secs] 
2018-03-19T13:33:51.825+0530: 4966.928: [GC (Allocation Failure) [PSYoungGen: 173664K->96K(174080K)] 390804K->217260K(523776K), 0.0016185 secs] [Times: user=0.00 sys=0.00, real=0.00 secs] 
2018-03-19T13:33:52.124+0530: 4967.227: [GC (Allocation Failure) [PSYoungGen: 173664K->96K(174080K)] 390828K->217284K(523776K), 0.0015427 secs] [Times: user=0.00 sys=0.00, real=0.00 secs] 
2018-03-19T13:33:52.400+0530: 4967.503: [GC (Allocation Failure) [PSYoungGen: 173664K->96K(174080K)] 390852K->217308K(523776K), 0.0015586 secs] [Times: user=0.00 sys=0.00, real=0.00 secs] 
2018-03-19T13:33:52.685+0530: 4967.788: [GC (Allocation Failure) [PSYoungGen: 173664K->96K(174080K)] 390876K->217332K(523776K), 0.0015099 secs] [Times: user=0.00 sys=0.00, real=0.00 secs] 
2018-03-19T13:33:52.962+0530: 4968.065: [GC (Allocation Failure) [PSYoungGen: 173664K->96K(174080K)] 390900K->217356K(523776K), 0.0016996 secs] [Times: user=0.00 sys=0.00, real=0.00 secs] 
2018-03-19T13:33:53.245+0530: 4968.347: [GC (Allocation Failure) [PSYoungGen: 173664K->96K(174080K)] 390924K->217380K(523776K), 0.0016256 secs] [Times: user=0.00 sys=0.00, real=0.00 secs] 
2018-03-19T13:33:53.591+0530: 4968.694: [GC (Allocation Failure) [PSYoungGen: 173664K->64K(174080K)] 390948K->217372K(523776K), 0.0019225 secs] [Times: user=0.00 sys=0.00, real=0.00 secs] 
2018-03-19T13:33:53.877+0530: 4968.980: [GC (Allocation Failure) [PSYoungGen: 173632K->96K(174080K)] 390940K->217428K(523776K), 0.0015773 secs] [Times: user=0.00 sys=0.00, real=0.00 secs] 
2018-03-19T13:33:54.162+0530: 4969.265: [GC (Allocation Failure) [PSYoungGen: 173664K->96K(174080K)] 390996K->217452K(523776K), 0.0016287 secs] [Times: user=0.00 sys=0.00, real=0.00 secs] 
2018-03-19T13:33:54.440+0530: 4969.543: [GC (Allocation Failure) [PSYoungGen: 173664K->96K(174080K)] 391020K->217468K(523776K), 0.0019965 secs] [Times: user=0.00 sys=0.00, real=0.00 secs] 
2018-03-19T13:33:54.747+0530: 4969.849: [GC (Allocation Failure) [PSYoungGen: 173664K->96K(174080K)] 391036K->217492K(523776K), 0.0017564 secs] [Times: user=0.00 sys=0.00, real=0.00 secs] 
2018-03-19T13:33:55.025+0530: 4970.128: [GC (Allocation Failure) [PSYoungGen: 173664K->96K(174080K)] 391060K->217516K(523776K), 0.0014877 secs] [Times: user=0.00 sys=0.00, real=0.00 secs] 
2018-03-19T13:33:55.301+0530: 4970.405: [GC (Allocation Failure) [PSYoungGen: 173664K->96K(174080K)] 391084K->217532K(523776K), 0.0016333 secs] [Times: user=0.00 sys=0.00, real=0.00 secs] 
2018-03-19T13:33:55.584+0530: 4970.687: [GC (Allocation Failure) [PSYoungGen: 173664K->96K(174080K)] 391100K->217564K(523776K), 0.0014761 secs] [Times: user=0.00 sys=0.00, real=0.00 secs] 
2018-03-19T13:33:55.870+0530: 4970.973: [GC (Allocation Failure) [PSYoungGen: 173664K->64K(174080K)] 391132K->217556K(523776K), 0.0017366 secs] [Times: user=0.00 sys=0.00, real=0.00 secs] 
2018-03-19T13:33:56.178+0530: 4971.280: [GC (Allocation Failure) [PSYoungGen: 173632K->96K(174080K)] 391124K->217612K(523776K), 0.0017310 secs] [Times: user=0.00 sys=0.00, real=0.00 secs] 
2018-03-19T13:33:56.448+0530: 4971.551: [GC (Allocation Failure) [PSYoungGen: 173664K->96K(174080K)] 391180K->217628K(523776K), 0.0015466 secs] [Times: user=0.00 sys=0.00, real=0.00 secs] 
2018-03-19T13:33:56.735+0530: 4971.838: [GC (Allocation Failure) [PSYoungGen: 173664K->96K(174080K)] 391196K->217652K(523776K), 0.0017042 secs] [Times: user=0.00 sys=0.00, real=0.00 secs] 
2018-03-19T13:33:57.017+0530: 4972.120: [GC (Allocation Failure) [PSYoungGen: 173664K->96K(174080K)] 391220K->217684K(523776K), 0.0016989 secs] [Times: user=0.00 sys=0.00, real=0.00 secs] 
2018-03-19T13:33:57.298+0530: 4972.401: [GC (Allocation Failure) [PSYoungGen: 173664K->96K(174080K)] 391252K->217708K(523776K), 0.0015448 secs] [Times: user=0.00 sys=0.00, real=0.00 secs] 
2018-03-19T13:33:57.589+0530: 4972.692: [GC (Allocation Failure) [PSYoungGen: 173664K->96K(174080K)] 391276K->217732K(523776K), 0.0015127 secs] [Times: user=0.00 sys=0.00, real=0.00 secs] 
2018-03-19T13:33:57.864+0530: 4972.966: [GC (Allocation Failure) [PSYoungGen: 173664K->96K(174080K)] 391300K->217748K(523776K), 0.0017194 secs] [Times: user=0.00 sys=0.00, real=0.00 secs] 
2018-03-19T13:33:58.141+0530: 4973.244: [GC (Allocation Failure) [PSYoungGen: 173664K->96K(174080K)] 391316K->217772K(523776K), 0.0015476 secs] [Times: user=0.00 sys=0.00, real=0.00 secs] 
2018-03-19T13:33:58.422+0530: 4973.525: [GC (Allocation Failure) [PSYoungGen: 173664K->64K(174080K)] 391340K->217764K(523776K), 0.0016672 secs] [Times: user=0.00 sys=0.00, real=0.00 secs] 
2018-03-19T13:33:58.701+0530: 4973.803: [GC (Allocation Failure) [PSYoungGen: 173632K->96K(174080K)] 391332K->217828K(523776K), 0.0016379 secs] [Times: user=0.00 sys=0.00, real=0.00 secs] 
2018-03-19T13:33:58.977+0530: 4974.080: [GC (Allocation Failure) [PSYoungGen: 173664K->96K(174080K)] 391396K->217844K(523776K), 0.0015374 secs] [Times: user=0.00 sys=0.00, real=0.00 secs] 
2018-03-19T13:33:59.256+0530: 4974.358: [GC (Allocation Failure) [PSYoungGen: 173664K->64K(174080K)] 391412K->217836K(523776K), 0.0017765 secs] [Times: user=0.00 sys=0.00, real=0.00 secs] 
2018-03-19T13:33:59.545+0530: 4974.647: [GC (Allocation Failure) [PSYoungGen: 173632K->96K(174080K)] 391404K->217884K(523776K), 0.0015402 secs] [Times: user=0.00 sys=0.00, real=0.00 secs] 
2018-03-19T13:33:59.823+0530: 4974.926: [GC (Allocation Failure) [PSYoungGen: 173664K->96K(174080K)] 391452K->217908K(523776K), 0.0018534 secs] [Times: user=0.00 sys=0.00, real=0.00 secs] 
2018-03-19T13:34:00.136+0530: 4975.238: [GC (Allocation Failure) [PSYoungGen: 173664K->96K(174080K)] 391476K->217924K(523776K), 0.0016559 secs] [Times: user=0.00 sys=0.00, real=0.00 secs] 
2018-03-19T13:34:00.414+0530: 4975.517: [GC (Allocation Failure) [PSYoungGen: 173664K->96K(174080K)] 391492K->217948K(523776K), 0.0016210 secs] [Times: user=0.00 sys=0.00, real=0.00 secs] 
2018-03-19T13:34:00.705+0530: 4975.809: [GC (Allocation Failure) [PSYoungGen: 173664K->96K(174080K)] 391516K->217972K(523776K), 0.0021689 secs] [Times: user=0.00 sys=0.00, real=0.00 secs] 
2018-03-19T13:34:00.990+0530: 4976.093: [GC (Allocation Failure) [PSYoungGen: 173664K->96K(174080K)] 391540K->217996K(523776K), 0.0016883 secs] [Times: user=0.00 sys=0.00, real=0.00 secs] 
2018-03-19T13:34:01.277+0530: 4976.380: [GC (Allocation Failure) [PSYoungGen: 173664K->96K(174080K)] 391564K->218012K(523776K), 0.0019225 secs] [Times: user=0.00 sys=0.00, real=0.00 secs] 
2018-03-19T13:34:01.564+0530: 4976.667: [GC (Allocation Failure) [PSYoungGen: 173664K->96K(174080K)] 391580K->218028K(523776K), 0.0015409 secs] [Times: user=0.00 sys=0.00, real=0.00 secs] 
2018-03-19T13:34:01.843+0530: 4976.946: [GC (Allocation Failure) [PSYoungGen: 173664K->96K(174080K)] 391596K->218052K(523776K), 0.0017324 secs] [Times: user=0.00 sys=0.00, real=0.00 secs] 
2018-03-19T13:34:02.119+0530: 4977.222: [GC (Allocation Failure) [PSYoungGen: 173664K->96K(174080K)] 391620K->218076K(523776K), 0.0014609 secs] [Times: user=0.00 sys=0.00, real=0.00 secs] 
2018-03-19T13:34:02.394+0530: 4977.496: [GC (Allocation Failure) [PSYoungGen: 173664K->96K(174080K)] 391644K->218092K(523776K), 0.0016076 secs] [Times: user=0.00 sys=0.00, real=0.00 secs] 
2018-03-19T13:34:02.692+0530: 4977.794: [GC (Allocation Failure) [PSYoungGen: 173664K->96K(174080K)] 391660K->218116K(523776K), 0.0016263 secs] [Times: user=0.00 sys=0.00, real=0.00 secs] 
2018-03-19T13:34:02.964+0530: 4978.067: [GC (Allocation Failure) [PSYoungGen: 173664K->96K(174080K)] 391684K->218140K(523776K), 0.0015328 secs] [Times: user=0.00 sys=0.00, real=0.00 secs] 
2018-03-19T13:34:03.248+0530: 4978.350: [GC (Allocation Failure) [PSYoungGen: 173664K->96K(174080K)] 391708K->218164K(523776K), 0.0015783 secs] [Times: user=0.00 sys=0.00, real=0.00 secs] 
2018-03-19T13:34:03.529+0530: 4978.632: [GC (Allocation Failure) [PSYoungGen: 173664K->96K(174080K)] 391732K->218196K(523776K), 0.0016460 secs] [Times: user=0.00 sys=0.00, real=0.00 secs] 
2018-03-19T13:34:03.811+0530: 4978.913: [GC (Allocation Failure) [PSYoungGen: 173664K->64K(174080K)] 391764K->218188K(523776K), 0.0016880 secs] [Times: user=0.00 sys=0.00, real=0.00 secs] 
2018-03-19T13:34:04.102+0530: 4979.205: [GC (Allocation Failure) [PSYoungGen: 173632K->96K(174080K)] 391756K->218244K(523776K), 0.0015191 secs] [Times: user=0.01 sys=0.02, real=0.00 secs] 
2018-03-19T13:34:04.378+0530: 4979.481: [GC (Allocation Failure) [PSYoungGen: 173664K->96K(174080K)] 391812K->218268K(523776K), 0.0015078 secs] [Times: user=0.00 sys=0.00, real=0.00 secs] 
2018-03-19T13:34:04.657+0530: 4979.759: [GC (Allocation Failure) [PSYoungGen: 173664K->96K(174080K)] 391836K->218300K(523776K), 0.0017264 secs] [Times: user=0.00 sys=0.00, real=0.00 secs] 
2018-03-19T13:34:04.933+0530: 4980.036: [GC (Allocation Failure) [PSYoungGen: 173664K->96K(174080K)] 391868K->218332K(523776K), 0.0014359 secs] [Times: user=0.00 sys=0.00, real=0.00 secs] 
2018-03-19T13:34:05.212+0530: 4980.314: [GC (Allocation Failure) [PSYoungGen: 173664K->96K(174080K)] 391900K->218364K(523776K), 0.0016361 secs] [Times: user=0.00 sys=0.00, real=0.00 secs] 
2018-03-19T13:34:05.497+0530: 4980.599: [GC (Allocation Failure) [PSYoungGen: 173664K->96K(174080K)] 391932K->218388K(523776K), 0.0016848 secs] [Times: user=0.00 sys=0.00, real=0.00 secs] 
2018-03-19T13:34:05.786+0530: 4980.889: [GC (Allocation Failure) [PSYoungGen: 173664K->96K(174080K)] 391956K->218404K(523776K), 0.0016435 secs] [Times: user=0.00 sys=0.00, real=0.00 secs] 
2018-03-19T13:34:06.072+0530: 4981.175: [GC (Allocation Failure) [PSYoungGen: 173664K->64K(174080K)] 391972K->218388K(523776K), 0.0022296 secs] [Times: user=0.00 sys=0.00, real=0.00 secs] 
2018-03-19T13:34:06.365+0530: 4981.468: [GC (Allocation Failure) [PSYoungGen: 173632K->64K(174080K)] 391956K->218412K(523776K), 0.0017546 secs] [Times: user=0.00 sys=0.00, real=0.00 secs] 
2018-03-19T13:34:06.658+0530: 4981.761: [GC (Allocation Failure) [PSYoungGen: 173632K->96K(174080K)] 391980K->218476K(523776K), 0.0016933 secs] [Times: user=0.00 sys=0.00, real=0.00 secs] 
2018-03-19T13:34:06.931+0530: 4982.033: [GC (Allocation Failure) [PSYoungGen: 173664K->96K(174080K)] 392044K->218500K(523776K), 0.0016601 secs] [Times: user=0.00 sys=0.00, real=0.00 secs] 
2018-03-19T13:34:07.212+0530: 4982.314: [GC (Allocation Failure) [PSYoungGen: 173664K->96K(174080K)] 392068K->218524K(523776K), 0.0016686 secs] [Times: user=0.00 sys=0.00, real=0.00 secs] 
2018-03-19T13:34:07.499+0530: 4982.601: [GC (Allocation Failure) [PSYoungGen: 173664K->64K(174080K)] 392092K->218516K(523776K), 0.0016862 secs] [Times: user=0.00 sys=0.00, real=0.00 secs] 
2018-03-19T13:34:07.779+0530: 4982.882: [GC (Allocation Failure) [PSYoungGen: 173632K->96K(174080K)] 392084K->218564K(523776K), 0.0015790 secs] [Times: user=0.00 sys=0.00, real=0.00 secs] 
2018-03-19T13:34:08.074+0530: 4983.178: [GC (Allocation Failure) [PSYoungGen: 173664K->96K(174080K)] 392132K->218588K(523776K), 0.0016016 secs] [Times: user=0.00 sys=0.00, real=0.00 secs] 
2018-03-19T13:34:08.349+0530: 4983.452: [GC (Allocation Failure) [PSYoungGen: 173664K->96K(174080K)] 392156K->218604K(523776K), 0.0015134 secs] [Times: user=0.00 sys=0.00, real=0.00 secs] 
2018-03-19T13:34:08.626+0530: 4983.729: [GC (Allocation Failure) [PSYoungGen: 173664K->96K(174080K)] 392172K->218628K(523776K), 0.0016150 secs] [Times: user=0.00 sys=0.00, real=0.00 secs] 
2018-03-19T13:34:08.902+0530: 4984.005: [GC (Allocation Failure) [PSYoungGen: 173664K->64K(174080K)] 392196K->218620K(523776K), 0.0015018 secs] [Times: user=0.00 sys=0.00, real=0.00 secs] 
2018-03-19T13:34:09.183+0530: 4984.286: [GC (Allocation Failure) [PSYoungGen: 173632K->96K(174080K)] 392188K->218668K(523776K), 0.0015314 secs] [Times: user=0.00 sys=0.00, real=0.00 secs] 
2018-03-19T13:34:09.463+0530: 4984.566: [GC (Allocation Failure) [PSYoungGen: 173664K->64K(174080K)] 392236K->218660K(523776K), 0.0028551 secs] [Times: user=0.00 sys=0.00, real=0.00 secs] 
2018-03-19T13:34:09.752+0530: 4984.855: [GC (Allocation Failure) [PSYoungGen: 173632K->64K(174080K)] 392228K->218684K(523776K), 0.0017772 secs] [Times: user=0.00 sys=0.00, real=0.00 secs] 
2018-03-19T13:34:10.048+0530: 4985.151: [GC (Allocation Failure) [PSYoungGen: 173632K->64K(174080K)] 392252K->218708K(523776K), 0.0017447 secs] [Times: user=0.00 sys=0.00, real=0.00 secs] 
2018-03-19T13:34:10.350+0530: 4985.453: [GC (Allocation Failure) [PSYoungGen: 173632K->96K(174080K)] 392276K->218756K(523776K), 0.0017730 secs] [Times: user=0.00 sys=0.00, real=0.00 secs] 
2018-03-19T13:34:10.645+0530: 4985.748: [GC (Allocation Failure) [PSYoungGen: 173664K->64K(174080K)] 392324K->218748K(523776K), 0.0015847 secs] [Times: user=0.00 sys=0.00, real=0.00 secs] 
2018-03-19T13:34:10.959+0530: 4986.061: [GC (Allocation Failure) [PSYoungGen: 173632K->96K(174080K)] 392316K->218804K(523776K), 0.0016351 secs] [Times: user=0.00 sys=0.00, real=0.00 secs] 
2018-03-19T13:34:11.250+0530: 4986.353: [GC (Allocation Failure) [PSYoungGen: 173664K->96K(174080K)] 392372K->218828K(523776K), 0.0016922 secs] [Times: user=0.00 sys=0.00, real=0.00 secs] 
2018-03-19T13:34:11.539+0530: 4986.642: [GC (Allocation Failure) [PSYoungGen: 173664K->96K(174080K)] 392396K->218852K(523776K), 0.0017740 secs] [Times: user=0.02 sys=0.00, real=0.00 secs] 
2018-03-19T13:34:11.813+0530: 4986.916: [GC (Allocation Failure) [PSYoungGen: 173664K->96K(174080K)] 392420K->218876K(523776K), 0.0016763 secs] [Times: user=0.00 sys=0.00, real=0.00 secs] 
2018-03-19T13:34:12.109+0530: 4987.212: [GC (Allocation Failure) [PSYoungGen: 173664K->96K(174080K)] 392444K->218900K(523776K), 0.0017211 secs] [Times: user=0.00 sys=0.00, real=0.00 secs] 
2018-03-19T13:34:12.385+0530: 4987.488: [GC (Allocation Failure) [PSYoungGen: 173664K->96K(174080K)] 392468K->218924K(523776K), 0.0017116 secs] [Times: user=0.00 sys=0.00, real=0.00 secs] 
2018-03-19T13:34:12.673+0530: 4987.776: [GC (Allocation Failure) [PSYoungGen: 173664K->96K(174080K)] 392492K->218948K(523776K), 0.0015847 secs] [Times: user=0.00 sys=0.00, real=0.00 secs] 
2018-03-19T13:34:12.944+0530: 4988.048: [GC (Allocation Failure) [PSYoungGen: 173664K->96K(174080K)] 392516K->218972K(523776K), 0.0016859 secs] [Times: user=0.00 sys=0.00, real=0.00 secs] 
2018-03-19T13:34:13.217+0530: 4988.320: [GC (Allocation Failure) [PSYoungGen: 173664K->96K(174080K)] 392540K->219004K(523776K), 0.0016961 secs] [Times: user=0.00 sys=0.00, real=0.00 secs] 
2018-03-19T13:34:13.502+0530: 4988.604: [GC (Allocation Failure) [PSYoungGen: 173664K->64K(174080K)] 392572K->218996K(523776K), 0.0016827 secs] [Times: user=0.00 sys=0.00, real=0.00 secs] 
2018-03-19T13:34:13.781+0530: 4988.884: [GC (Allocation Failure) [PSYoungGen: 173632K->96K(174080K)] 392564K->219044K(523776K), 0.0016809 secs] [Times: user=0.00 sys=0.00, real=0.00 secs] 
2018-03-19T13:34:14.053+0530: 4989.155: [GC (Allocation Failure) [PSYoungGen: 173664K->96K(174080K)] 392612K->219060K(523776K), 0.0017380 secs] [Times: user=0.00 sys=0.00, real=0.00 secs] 
2018-03-19T13:34:14.327+0530: 4989.430: [GC (Allocation Failure) [PSYoungGen: 173664K->64K(174080K)] 392628K->219052K(523776K), 0.0016612 secs] [Times: user=0.00 sys=0.00, real=0.00 secs] 
2018-03-19T13:34:14.612+0530: 4989.715: [GC (Allocation Failure) [PSYoungGen: 173632K->64K(174080K)] 392620K->219076K(523776K), 0.0015663 secs] [Times: user=0.00 sys=0.00, real=0.00 secs] 
2018-03-19T13:34:14.929+0530: 4990.032: [GC (Allocation Failure) [PSYoungGen: 173632K->96K(174080K)] 392644K->219132K(523776K), 0.0019027 secs] [Times: user=0.00 sys=0.00, real=0.00 secs] 
2018-03-19T13:34:15.210+0530: 4990.313: [GC (Allocation Failure) [PSYoungGen: 173664K->128K(174080K)] 392700K->219180K(523776K), 0.0017356 secs] [Times: user=0.00 sys=0.00, real=0.00 secs] 
2018-03-19T13:34:15.491+0530: 4990.594: [GC (Allocation Failure) [PSYoungGen: 173696K->96K(174080K)] 392748K->219172K(523776K), 0.0017183 secs] [Times: user=0.00 sys=0.00, real=0.00 secs] 
2018-03-19T13:34:15.779+0530: 4990.882: [GC (Allocation Failure) [PSYoungGen: 173664K->96K(174080K)] 392740K->219196K(523776K), 0.0020579 secs] [Times: user=0.00 sys=0.00, real=0.00 secs] 
2018-03-19T13:34:16.099+0530: 4991.201: [GC (Allocation Failure) [PSYoungGen: 173664K->64K(174080K)] 392764K->219180K(523776K), 0.0021009 secs] [Times: user=0.00 sys=0.00, real=0.00 secs] 
2018-03-19T13:34:16.387+0530: 4991.490: [GC (Allocation Failure) [PSYoungGen: 173632K->64K(174080K)] 392748K->219204K(523776K), 0.0016732 secs] [Times: user=0.00 sys=0.00, real=0.00 secs] 
2018-03-19T13:34:16.672+0530: 4991.774: [GC (Allocation Failure) [PSYoungGen: 173632K->96K(174080K)] 392772K->219260K(523776K), 0.0015092 secs] [Times: user=0.00 sys=0.00, real=0.00 secs] 
2018-03-19T13:34:16.953+0530: 4992.056: [GC (Allocation Failure) [PSYoungGen: 173664K->96K(174080K)] 392828K->219284K(523776K), 0.0016291 secs] [Times: user=0.00 sys=0.00, real=0.00 secs] 
2018-03-19T13:34:17.235+0530: 4992.337: [GC (Allocation Failure) [PSYoungGen: 173664K->96K(174080K)] 392852K->219308K(523776K), 0.0016619 secs] [Times: user=0.00 sys=0.00, real=0.00 secs] 
2018-03-19T13:34:17.542+0530: 4992.645: [GC (Allocation Failure) [PSYoungGen: 173664K->96K(174080K)] 392876K->219324K(523776K), 0.0017028 secs] [Times: user=0.00 sys=0.00, real=0.00 secs] 
2018-03-19T13:34:17.825+0530: 4992.927: [GC (Allocation Failure) [PSYoungGen: 173664K->96K(174080K)] 392892K->219340K(523776K), 0.0015617 secs] [Times: user=0.00 sys=0.00, real=0.00 secs] 
2018-03-19T13:34:18.104+0530: 4993.206: [GC (Allocation Failure) [PSYoungGen: 173664K->96K(174080K)] 392908K->219364K(523776K), 0.0016947 secs] [Times: user=0.00 sys=0.00, real=0.00 secs] 
2018-03-19T13:34:18.383+0530: 4993.486: [GC (Allocation Failure) [PSYoungGen: 173664K->96K(174080K)] 392932K->219388K(523776K), 0.0016749 secs] [Times: user=0.02 sys=0.00, real=0.00 secs] 
2018-03-19T13:34:18.670+0530: 4993.773: [GC (Allocation Failure) [PSYoungGen: 173664K->96K(174080K)] 392956K->219412K(523776K), 0.0017120 secs] [Times: user=0.00 sys=0.00, real=0.00 secs] 
2018-03-19T13:34:18.950+0530: 4994.053: [GC (Allocation Failure) [PSYoungGen: 173664K->96K(174080K)] 392980K->219436K(523776K), 0.0016220 secs] [Times: user=0.00 sys=0.00, real=0.00 secs] 
2018-03-19T13:34:19.226+0530: 4994.329: [GC (Allocation Failure) [PSYoungGen: 173664K->64K(174080K)] 393004K->219428K(523776K), 0.0016700 secs] [Times: user=0.00 sys=0.00, real=0.00 secs] 
2018-03-19T13:34:19.517+0530: 4994.619: [GC (Allocation Failure) [PSYoungGen: 173632K->64K(174080K)] 392996K->219452K(523776K), 0.0015621 secs] [Times: user=0.00 sys=0.00, real=0.00 secs] 
2018-03-19T13:34:19.797+0530: 4994.899: [GC (Allocation Failure) [PSYoungGen: 173632K->96K(174080K)] 393020K->219508K(523776K), 0.0016157 secs] [Times: user=0.00 sys=0.00, real=0.00 secs] 
2018-03-19T13:34:20.090+0530: 4995.193: [GC (Allocation Failure) [PSYoungGen: 173664K->96K(174080K)] 393076K->219540K(523776K), 0.0015096 secs] [Times: user=0.00 sys=0.00, real=0.00 secs] 
2018-03-19T13:34:20.365+0530: 4995.467: [GC (Allocation Failure) [PSYoungGen: 173664K->128K(174080K)] 393108K->219596K(523776K), 0.0017867 secs] [Times: user=0.00 sys=0.00, real=0.00 secs] 
2018-03-19T13:34:20.648+0530: 4995.751: [GC (Allocation Failure) [PSYoungGen: 173696K->96K(174080K)] 393164K->219588K(523776K), 0.0017331 secs] [Times: user=0.00 sys=0.00, real=0.00 secs] 
2018-03-19T13:34:20.934+0530: 4996.037: [GC (Allocation Failure) [PSYoungGen: 173664K->96K(174080K)] 393156K->219612K(523776K), 0.0018491 secs] [Times: user=0.00 sys=0.00, real=0.00 secs] 
2018-03-19T13:34:21.211+0530: 4996.314: [GC (Allocation Failure) [PSYoungGen: 173664K->96K(174080K)] 393180K->219628K(523776K), 0.0015593 secs] [Times: user=0.05 sys=0.02, real=0.00 secs] 
2018-03-19T13:34:21.493+0530: 4996.595: [GC (Allocation Failure) [PSYoungGen: 173664K->96K(174080K)] 393196K->219652K(523776K), 0.0016446 secs] [Times: user=0.00 sys=0.00, real=0.00 secs] 
2018-03-19T13:34:21.775+0530: 4996.878: [GC (Allocation Failure) [PSYoungGen: 173664K->96K(174080K)] 393220K->219668K(523776K), 0.0017779 secs] [Times: user=0.00 sys=0.00, real=0.00 secs] 
2018-03-19T13:34:22.043+0530: 4997.145: [GC (Allocation Failure) [PSYoungGen: 173664K->96K(174080K)] 393236K->219692K(523776K), 0.0015674 secs] [Times: user=0.00 sys=0.00, real=0.00 secs] 
2018-03-19T13:34:22.325+0530: 4997.428: [GC (Allocation Failure) [PSYoungGen: 173664K->96K(174080K)] 393260K->219708K(523776K), 0.0018135 secs] [Times: user=0.00 sys=0.00, real=0.00 secs] 
2018-03-19T13:34:22.611+0530: 4997.714: [GC (Allocation Failure) [PSYoungGen: 173664K->96K(174080K)] 393276K->219732K(523776K), 0.0015631 secs] [Times: user=0.00 sys=0.00, real=0.00 secs] 
2018-03-19T13:34:22.888+0530: 4997.991: [GC (Allocation Failure) [PSYoungGen: 173664K->96K(174080K)] 393300K->219756K(523776K), 0.0016076 secs] [Times: user=0.00 sys=0.00, real=0.00 secs] 
2018-03-19T13:34:23.170+0530: 4998.273: [GC (Allocation Failure) [PSYoungGen: 173664K->96K(174080K)] 393324K->219772K(523776K), 0.0015607 secs] [Times: user=0.00 sys=0.00, real=0.00 secs] 
2018-03-19T13:34:23.449+0530: 4998.551: [GC (Allocation Failure) [PSYoungGen: 173664K->96K(174080K)] 393340K->219804K(523776K), 0.0016125 secs] [Times: user=0.00 sys=0.00, real=0.00 secs] 
2018-03-19T13:34:23.734+0530: 4998.837: [GC (Allocation Failure) [PSYoungGen: 173664K->96K(174080K)] 393372K->219820K(523776K), 0.0017536 secs] [Times: user=0.00 sys=0.00, real=0.00 secs] 
2018-03-19T13:34:24.030+0530: 4999.132: [GC (Allocation Failure) [PSYoungGen: 173664K->64K(174080K)] 393388K->219812K(523776K), 0.0016986 secs] [Times: user=0.00 sys=0.00, real=0.00 secs] 
2018-03-19T13:34:24.305+0530: 4999.408: [GC (Allocation Failure) [PSYoungGen: 173632K->96K(174080K)] 393380K->219868K(523776K), 0.0016294 secs] [Times: user=0.00 sys=0.00, real=0.00 secs] 
2018-03-19T13:34:24.586+0530: 4999.689: [GC (Allocation Failure) [PSYoungGen: 173664K->96K(174080K)] 393436K->219892K(523776K), 0.0016626 secs] [Times: user=0.06 sys=0.00, real=0.00 secs] 
2018-03-19T13:34:24.870+0530: 4999.974: [GC (Allocation Failure) [PSYoungGen: 173664K->96K(174080K)] 393460K->219916K(523776K), 0.0015832 secs] [Times: user=0.00 sys=0.00, real=0.00 secs] 
2018-03-19T13:34:25.149+0530: 5000.252: [GC (Allocation Failure) [PSYoungGen: 173664K->96K(174080K)] 393484K->219940K(523776K), 0.0016608 secs] [Times: user=0.06 sys=0.00, real=0.00 secs] 
2018-03-19T13:34:25.429+0530: 5000.532: [GC (Allocation Failure) [PSYoungGen: 173664K->96K(174080K)] 393508K->219956K(523776K), 0.0020364 secs] [Times: user=0.02 sys=0.00, real=0.00 secs] 
2018-03-19T13:34:25.714+0530: 5000.816: [GC (Allocation Failure) [PSYoungGen: 173664K->96K(174080K)] 393524K->219980K(523776K), 0.0016735 secs] [Times: user=0.00 sys=0.00, real=0.00 secs] 
2018-03-19T13:34:26.005+0530: 5001.108: [GC (Allocation Failure) [PSYoungGen: 173664K->128K(174080K)] 393548K->220028K(523776K), 0.0016192 secs] [Times: user=0.00 sys=0.00, real=0.00 secs] 
2018-03-19T13:34:26.295+0530: 5001.398: [GC (Allocation Failure) [PSYoungGen: 173696K->64K(174080K)] 393596K->219988K(523776K), 0.0016446 secs] [Times: user=0.00 sys=0.00, real=0.00 secs] 
2018-03-19T13:34:26.590+0530: 5001.692: [GC (Allocation Failure) [PSYoungGen: 173632K->96K(174080K)] 393556K->220044K(523776K), 0.0015536 secs] [Times: user=0.00 sys=0.00, real=0.00 secs] 
2018-03-19T13:34:26.866+0530: 5001.969: [GC (Allocation Failure) [PSYoungGen: 173664K->96K(174080K)] 393612K->220060K(523776K), 0.0016506 secs] [Times: user=0.00 sys=0.00, real=0.00 secs] 
2018-03-19T13:34:27.190+0530: 5002.292: [GC (Allocation Failure) [PSYoungGen: 173664K->96K(174080K)] 393628K->220084K(523776K), 0.0016231 secs] [Times: user=0.00 sys=0.00, real=0.00 secs] 
2018-03-19T13:34:27.468+0530: 5002.571: [GC (Allocation Failure) [PSYoungGen: 173664K->64K(174080K)] 393652K->220068K(523776K), 0.0023907 secs] [Times: user=0.00 sys=0.00, real=0.09 secs] 
2018-03-19T13:34:27.883+0530: 5002.986: [GC (Allocation Failure) [PSYoungGen: 173632K->96K(174080K)] 393636K->220124K(523776K), 0.0019471 secs] [Times: user=0.06 sys=0.00, real=0.00 secs] 
2018-03-19T13:34:28.230+0530: 5003.333: [GC (Allocation Failure) [PSYoungGen: 173664K->128K(174080K)] 393692K->220180K(523776K), 0.0017539 secs] [Times: user=0.00 sys=0.00, real=0.00 secs] 
2018-03-19T13:34:28.544+0530: 5003.647: [GC (Allocation Failure) [PSYoungGen: 173696K->96K(174080K)] 393748K->220172K(523776K), 0.0020353 secs] [Times: user=0.00 sys=0.00, real=0.00 secs] 
2018-03-19T13:34:28.842+0530: 5003.944: [GC (Allocation Failure) [PSYoungGen: 173664K->96K(174080K)] 393740K->220188K(523776K), 0.0016033 secs] [Times: user=0.00 sys=0.00, real=0.00 secs] 
2018-03-19T13:34:29.134+0530: 5004.237: [GC (Allocation Failure) [PSYoungGen: 173664K->96K(174080K)] 393756K->220212K(523776K), 0.0016439 secs] [Times: user=0.00 sys=0.00, real=0.00 secs] 
2018-03-19T13:34:29.424+0530: 5004.527: [GC (Allocation Failure) [PSYoungGen: 173664K->64K(174080K)] 393780K->220204K(523776K), 0.0017497 secs] [Times: user=0.00 sys=0.00, real=0.00 secs] 
2018-03-19T13:34:29.721+0530: 5004.824: [GC (Allocation Failure) [PSYoungGen: 173632K->96K(174080K)] 393772K->220260K(523776K), 0.0018110 secs] [Times: user=0.00 sys=0.00, real=0.00 secs] 
2018-03-19T13:34:30.019+0530: 5005.122: [GC (Allocation Failure) [PSYoungGen: 173664K->96K(174080K)] 393828K->220292K(523776K), 0.0017236 secs] [Times: user=0.00 sys=0.00, real=0.00 secs] 
2018-03-19T13:34:30.315+0530: 5005.417: [GC (Allocation Failure) [PSYoungGen: 173664K->96K(174080K)] 393860K->220316K(523776K), 0.0016333 secs] [Times: user=0.00 sys=0.00, real=0.00 secs] 
2018-03-19T13:34:30.629+0530: 5005.732: [GC (Allocation Failure) [PSYoungGen: 173664K->96K(174080K)] 393884K->220340K(523776K), 0.0018184 secs] [Times: user=0.00 sys=0.00, real=0.00 secs] 
2018-03-19T13:34:30.924+0530: 5006.027: [GC (Allocation Failure) [PSYoungGen: 173664K->96K(174080K)] 393908K->220356K(523776K), 0.0018043 secs] [Times: user=0.00 sys=0.00, real=0.00 secs] 
2018-03-19T13:34:31.216+0530: 5006.319: [GC (Allocation Failure) [PSYoungGen: 173664K->64K(174080K)] 393924K->220348K(523776K), 0.0016301 secs] [Times: user=0.00 sys=0.00, real=0.00 secs] 
2018-03-19T13:34:31.519+0530: 5006.623: [GC (Allocation Failure) [PSYoungGen: 173632K->96K(174080K)] 393916K->220396K(523776K), 0.0018371 secs] [Times: user=0.00 sys=0.00, real=0.00 secs] 
2018-03-19T13:34:31.800+0530: 5006.904: [GC (Allocation Failure) [PSYoungGen: 173664K->96K(174080K)] 393964K->220420K(523776K), 0.0015505 secs] [Times: user=0.00 sys=0.00, real=0.00 secs] 
2018-03-19T13:34:32.097+0530: 5007.200: [GC (Allocation Failure) [PSYoungGen: 173664K->64K(174080K)] 393988K->220412K(523776K), 0.0015469 secs] [Times: user=0.00 sys=0.00, real=0.00 secs] 
2018-03-19T13:34:32.374+0530: 5007.476: [GC (Allocation Failure) [PSYoungGen: 173632K->96K(174080K)] 393980K->220468K(523776K), 0.0017098 secs] [Times: user=0.00 sys=0.00, real=0.00 secs] 
2018-03-19T13:34:32.662+0530: 5007.765: [GC (Allocation Failure) [PSYoungGen: 173664K->96K(174080K)] 394036K->220492K(523776K), 0.0014972 secs] [Times: user=0.00 sys=0.00, real=0.00 secs] 
2018-03-19T13:34:32.945+0530: 5008.048: [GC (Allocation Failure) [PSYoungGen: 173664K->96K(174080K)] 394060K->220516K(523776K), 0.0014665 secs] [Times: user=0.00 sys=0.00, real=0.00 secs] 
2018-03-19T13:34:33.227+0530: 5008.330: [GC (Allocation Failure) [PSYoungGen: 173664K->96K(174080K)] 394084K->220540K(523776K), 0.0016820 secs] [Times: user=0.00 sys=0.00, real=0.00 secs] 
2018-03-19T13:34:33.513+0530: 5008.615: [GC (Allocation Failure) [PSYoungGen: 173664K->96K(174080K)] 394108K->220556K(523776K), 0.0015198 secs] [Times: user=0.00 sys=0.00, real=0.00 secs] 
2018-03-19T13:34:33.792+0530: 5008.895: [GC (Allocation Failure) [PSYoungGen: 173664K->64K(174080K)] 394124K->220548K(523776K), 0.0016301 secs] [Times: user=0.00 sys=0.00, real=0.00 secs] 
2018-03-19T13:34:34.084+0530: 5009.186: [GC (Allocation Failure) [PSYoungGen: 173632K->64K(174080K)] 394116K->220572K(523776K), 0.0017328 secs] [Times: user=0.00 sys=0.00, real=0.00 secs] 
2018-03-19T13:34:34.362+0530: 5009.466: [GC (Allocation Failure) [PSYoungGen: 173632K->96K(174080K)] 394140K->220628K(523776K), 0.0015332 secs] [Times: user=0.00 sys=0.00, real=0.00 secs] 
2018-03-19T13:34:34.652+0530: 5009.755: [GC (Allocation Failure) [PSYoungGen: 173664K->96K(174080K)] 394196K->220644K(523776K), 0.0017539 secs] [Times: user=0.00 sys=0.00, real=0.00 secs] 
2018-03-19T13:34:34.932+0530: 5010.035: [GC (Allocation Failure) [PSYoungGen: 173664K->96K(174080K)] 394212K->220668K(523776K), 0.0016386 secs] [Times: user=0.00 sys=0.00, real=0.00 secs] 
2018-03-19T13:34:35.213+0530: 5010.316: [GC (Allocation Failure) [PSYoungGen: 173664K->96K(174080K)] 394236K->220692K(523776K), 0.0017973 secs] [Times: user=0.00 sys=0.00, real=0.00 secs] 
2018-03-19T13:34:35.505+0530: 5010.608: [GC (Allocation Failure) [PSYoungGen: 173664K->96K(174080K)] 394260K->220716K(523776K), 0.0015561 secs] [Times: user=0.00 sys=0.00, real=0.00 secs] 
2018-03-19T13:34:35.794+0530: 5010.897: [GC (Allocation Failure) [PSYoungGen: 173664K->96K(174080K)] 394284K->220740K(523776K), 0.0014947 secs] [Times: user=0.00 sys=0.00, real=0.00 secs] 
2018-03-19T13:34:36.102+0530: 5011.204: [GC (Allocation Failure) [PSYoungGen: 173664K->96K(174080K)] 394308K->220764K(523776K), 0.0015656 secs] [Times: user=0.02 sys=0.00, real=0.00 secs] 
2018-03-19T13:34:36.393+0530: 5011.495: [GC (Allocation Failure) [PSYoungGen: 173664K->96K(174080K)] 394332K->220788K(523776K), 0.0015494 secs] [Times: user=0.00 sys=0.00, real=0.00 secs] 
2018-03-19T13:34:36.681+0530: 5011.784: [GC (Allocation Failure) [PSYoungGen: 173664K->64K(174080K)] 394356K->220780K(523776K), 0.0016615 secs] [Times: user=0.00 sys=0.00, real=0.00 secs] 
2018-03-19T13:34:36.959+0530: 5012.062: [GC (Allocation Failure) [PSYoungGen: 173632K->96K(174080K)] 394348K->220836K(523776K), 0.0016093 secs] [Times: user=0.00 sys=0.00, real=0.00 secs] 
2018-03-19T13:34:37.222+0530: 5012.324: [GC (Allocation Failure) [PSYoungGen: 173664K->96K(174080K)] 394404K->220860K(523776K), 0.0016146 secs] [Times: user=0.00 sys=0.00, real=0.00 secs] 
2018-03-19T13:34:37.516+0530: 5012.619: [GC (Allocation Failure) [PSYoungGen: 173664K->96K(174080K)] 394428K->220876K(523776K), 0.0015593 secs] [Times: user=0.00 sys=0.00, real=0.00 secs] 
2018-03-19T13:34:37.797+0530: 5012.900: [GC (Allocation Failure) [PSYoungGen: 173664K->96K(174080K)] 394444K->220900K(523776K), 0.0015808 secs] [Times: user=0.00 sys=0.00, real=0.00 secs] 
2018-03-19T13:34:38.073+0530: 5013.176: [GC (Allocation Failure) [PSYoungGen: 173664K->96K(174080K)] 394468K->220916K(523776K), 0.0016668 secs] [Times: user=0.00 sys=0.00, real=0.00 secs] 
2018-03-19T13:34:38.361+0530: 5013.464: [GC (Allocation Failure) [PSYoungGen: 173664K->96K(174080K)] 394484K->220940K(523776K), 0.0016474 secs] [Times: user=0.00 sys=0.00, real=0.00 secs] 
2018-03-19T13:34:38.647+0530: 5013.750: [GC (Allocation Failure) [PSYoungGen: 173664K->96K(174080K)] 394508K->220964K(523776K), 0.0014619 secs] [Times: user=0.00 sys=0.00, real=0.00 secs] 
2018-03-19T13:34:38.929+0530: 5014.031: [GC (Allocation Failure) [PSYoungGen: 173664K->96K(174080K)] 394532K->220996K(523776K), 0.0017388 secs] [Times: user=0.00 sys=0.00, real=0.00 secs] 
2018-03-19T13:34:39.197+0530: 5014.300: [GC (Allocation Failure) [PSYoungGen: 173664K->96K(174080K)] 394564K->221012K(523776K), 0.0016887 secs] [Times: user=0.00 sys=0.00, real=0.00 secs] 
2018-03-19T13:34:39.482+0530: 5014.585: [GC (Allocation Failure) [PSYoungGen: 173664K->96K(174080K)] 394580K->221036K(523776K), 0.0016964 secs] [Times: user=0.00 sys=0.00, real=0.00 secs] 
2018-03-19T13:34:39.766+0530: 5014.869: [GC (Allocation Failure) [PSYoungGen: 173664K->96K(174080K)] 394604K->221052K(523776K), 0.0017264 secs] [Times: user=0.00 sys=0.00, real=0.00 secs] 
2018-03-19T13:34:40.057+0530: 5015.160: [GC (Allocation Failure) [PSYoungGen: 173664K->96K(174080K)] 394620K->221076K(523776K), 0.0016206 secs] [Times: user=0.00 sys=0.00, real=0.00 secs] 
2018-03-19T13:34:40.340+0530: 5015.443: [GC (Allocation Failure) [PSYoungGen: 173664K->96K(174080K)] 394644K->221100K(523776K), 0.0018065 secs] [Times: user=0.00 sys=0.00, real=0.00 secs] 
2018-03-19T13:34:40.626+0530: 5015.728: [GC (Allocation Failure) [PSYoungGen: 173664K->96K(174080K)] 394668K->221116K(523776K), 0.0016305 secs] [Times: user=0.00 sys=0.00, real=0.00 secs] 
2018-03-19T13:34:40.905+0530: 5016.008: [GC (Allocation Failure) [PSYoungGen: 173664K->96K(174080K)] 394684K->221148K(523776K), 0.0017832 secs] [Times: user=0.00 sys=0.00, real=0.00 secs] 
2018-03-19T13:34:41.196+0530: 5016.299: [GC (Allocation Failure) [PSYoungGen: 173664K->96K(174080K)] 394716K->221164K(523776K), 0.0016968 secs] [Times: user=0.00 sys=0.00, real=0.00 secs] 
2018-03-19T13:34:41.480+0530: 5016.582: [GC (Allocation Failure) [PSYoungGen: 173664K->32K(174080K)] 394732K->221124K(523776K), 0.0018593 secs] [Times: user=0.00 sys=0.00, real=0.00 secs] 
2018-03-19T13:34:41.764+0530: 5016.867: [GC (Allocation Failure) [PSYoungGen: 173600K->96K(174080K)] 394692K->221212K(523776K), 0.0018731 secs] [Times: user=0.00 sys=0.00, real=0.00 secs] 
2018-03-19T13:34:42.043+0530: 5017.146: [GC (Allocation Failure) [PSYoungGen: 173664K->96K(174080K)] 394780K->221236K(523776K), 0.0017268 secs] [Times: user=0.00 sys=0.00, real=0.00 secs] 
2018-03-19T13:34:42.324+0530: 5017.426: [GC (Allocation Failure) [PSYoungGen: 173664K->96K(174080K)] 394804K->221260K(523776K), 0.0016122 secs] [Times: user=0.00 sys=0.00, real=0.00 secs] 
2018-03-19T13:34:42.608+0530: 5017.711: [GC (Allocation Failure) [PSYoungGen: 173664K->96K(174080K)] 394828K->221284K(523776K), 0.0015349 secs] [Times: user=0.00 sys=0.00, real=0.00 secs] 
2018-03-19T13:34:42.889+0530: 5017.992: [GC (Allocation Failure) [PSYoungGen: 173664K->64K(174080K)] 394852K->221276K(523776K), 0.0016316 secs] [Times: user=0.00 sys=0.00, real=0.00 secs] 
2018-03-19T13:34:43.168+0530: 5018.270: [GC (Allocation Failure) [PSYoungGen: 173632K->96K(174080K)] 394844K->221332K(523776K), 0.0016301 secs] [Times: user=0.00 sys=0.00, real=0.00 secs] 
2018-03-19T13:34:43.448+0530: 5018.550: [GC (Allocation Failure) [PSYoungGen: 173664K->64K(174080K)] 394900K->221324K(523776K), 0.0017500 secs] [Times: user=0.00 sys=0.00, real=0.00 secs] 
2018-03-19T13:34:43.736+0530: 5018.839: [GC (Allocation Failure) [PSYoungGen: 173632K->128K(174080K)] 394892K->221412K(523776K), 0.0017201 secs] [Times: user=0.00 sys=0.00, real=0.00 secs] 
2018-03-19T13:34:44.035+0530: 5019.138: [GC (Allocation Failure) [PSYoungGen: 173696K->96K(174080K)] 394980K->221396K(523776K), 0.0017740 secs] [Times: user=0.00 sys=0.00, real=0.00 secs] 
2018-03-19T13:34:44.319+0530: 5019.422: [GC (Allocation Failure) [PSYoungGen: 173664K->96K(174080K)] 394964K->221420K(523776K), 0.0016517 secs] [Times: user=0.00 sys=0.00, real=0.00 secs] 
2018-03-19T13:34:44.606+0530: 5019.709: [GC (Allocation Failure) [PSYoungGen: 173664K->96K(174080K)] 394988K->221444K(523776K), 0.0017698 secs] [Times: user=0.00 sys=0.00, real=0.00 secs] 
2018-03-19T13:34:44.887+0530: 5019.989: [GC (Allocation Failure) [PSYoungGen: 173664K->64K(174080K)] 395012K->221436K(523776K), 0.0015878 secs] [Times: user=0.00 sys=0.00, real=0.00 secs] 
2018-03-19T13:34:45.168+0530: 5020.271: [GC (Allocation Failure) [PSYoungGen: 173632K->64K(174080K)] 395004K->221460K(523776K), 0.0016947 secs] [Times: user=0.00 sys=0.00, real=0.00 secs] 
2018-03-19T13:34:45.448+0530: 5020.551: [GC (Allocation Failure) [PSYoungGen: 173632K->96K(174080K)] 395028K->221516K(523776K), 0.0016361 secs] [Times: user=0.00 sys=0.00, real=0.00 secs] 
2018-03-19T13:34:45.735+0530: 5020.838: [GC (Allocation Failure) [PSYoungGen: 173664K->64K(174080K)] 395084K->221508K(523776K), 0.0015501 secs] [Times: user=0.00 sys=0.00, real=0.00 secs] 
2018-03-19T13:34:46.011+0530: 5021.114: [GC (Allocation Failure) [PSYoungGen: 173632K->96K(174080K)] 395076K->221564K(523776K), 0.0017056 secs] [Times: user=0.00 sys=0.00, real=0.00 secs] 
2018-03-19T13:34:46.310+0530: 5021.413: [GC (Allocation Failure) [PSYoungGen: 173664K->96K(174080K)] 395132K->221588K(523776K), 0.0018043 secs] [Times: user=0.00 sys=0.00, real=0.00 secs] 
2018-03-19T13:34:46.605+0530: 5021.707: [GC (Allocation Failure) [PSYoungGen: 173664K->96K(174080K)] 395156K->221612K(523776K), 0.0016432 secs] [Times: user=0.00 sys=0.00, real=0.00 secs] 
2018-03-19T13:34:46.887+0530: 5021.989: [GC (Allocation Failure) [PSYoungGen: 173664K->96K(174080K)] 395180K->221644K(523776K), 0.0016340 secs] [Times: user=0.00 sys=0.00, real=0.00 secs] 
2018-03-19T13:34:47.163+0530: 5022.266: [GC (Allocation Failure) [PSYoungGen: 173664K->64K(174080K)] 395212K->221636K(523776K), 0.0017377 secs] [Times: user=0.00 sys=0.00, real=0.00 secs] 
2018-03-19T13:34:47.441+0530: 5022.543: [GC (Allocation Failure) [PSYoungGen: 173632K->96K(174080K)] 395204K->221692K(523776K), 0.0016115 secs] [Times: user=0.00 sys=0.00, real=0.00 secs] 
2018-03-19T13:34:47.727+0530: 5022.829: [GC (Allocation Failure) [PSYoungGen: 173664K->96K(174080K)] 395260K->221716K(523776K), 0.0017574 secs] [Times: user=0.00 sys=0.00, real=0.00 secs] 
2018-03-19T13:34:48.019+0530: 5023.122: [GC (Allocation Failure) [PSYoungGen: 173664K->96K(174080K)] 395284K->221732K(523776K), 0.0016044 secs] [Times: user=0.00 sys=0.00, real=0.00 secs] 
2018-03-19T13:34:48.308+0530: 5023.411: [GC (Allocation Failure) [PSYoungGen: 173664K->96K(174080K)] 395300K->221756K(523776K), 0.0016940 secs] [Times: user=0.00 sys=0.00, real=0.00 secs] 
2018-03-19T13:34:48.591+0530: 5023.694: [GC (Allocation Failure) [PSYoungGen: 173664K->96K(174080K)] 395324K->221780K(523776K), 0.0017091 secs] [Times: user=0.00 sys=0.00, real=0.00 secs] 
2018-03-19T13:34:48.874+0530: 5023.977: [GC (Allocation Failure) [PSYoungGen: 173664K->64K(174080K)] 395348K->221772K(523776K), 0.0015254 secs] [Times: user=0.00 sys=0.00, real=0.00 secs] 
2018-03-19T13:34:49.157+0530: 5024.260: [GC (Allocation Failure) [PSYoungGen: 173632K->96K(174080K)] 395340K->221828K(523776K), 0.0015797 secs] [Times: user=0.00 sys=0.00, real=0.00 secs] 
2018-03-19T13:34:49.427+0530: 5024.530: [GC (Allocation Failure) [PSYoungGen: 173664K->64K(174080K)] 395396K->221820K(523776K), 0.0017832 secs] [Times: user=0.00 sys=0.00, real=0.00 secs] 
2018-03-19T13:34:49.709+0530: 5024.812: [GC (Allocation Failure) [PSYoungGen: 173632K->96K(174080K)] 395388K->221876K(523776K), 0.0017331 secs] [Times: user=0.00 sys=0.00, real=0.00 secs] 
2018-03-19T13:34:49.989+0530: 5025.092: [GC (Allocation Failure) [PSYoungGen: 173664K->96K(174080K)] 395444K->221900K(523776K), 0.0015406 secs] [Times: user=0.00 sys=0.00, real=0.00 secs] 
2018-03-19T13:34:50.258+0530: 5025.361: [GC (Allocation Failure) [PSYoungGen: 173664K->96K(174080K)] 395468K->221924K(523776K), 0.0015332 secs] [Times: user=0.02 sys=0.00, real=0.00 secs] 
2018-03-19T13:34:50.539+0530: 5025.642: [GC (Allocation Failure) [PSYoungGen: 173664K->96K(174080K)] 395492K->221948K(523776K), 0.0017398 secs] [Times: user=0.06 sys=0.00, real=0.00 secs] 
2018-03-19T13:34:50.837+0530: 5025.940: [GC (Allocation Failure) [PSYoungGen: 173664K->96K(174080K)] 395516K->221964K(523776K), 0.0015614 secs] [Times: user=0.00 sys=0.00, real=0.00 secs] 
2018-03-19T13:34:51.135+0530: 5026.238: [GC (Allocation Failure) [PSYoungGen: 173664K->64K(174080K)] 395532K->221956K(523776K), 0.0015674 secs] [Times: user=0.00 sys=0.00, real=0.00 secs] 
2018-03-19T13:34:51.407+0530: 5026.509: [GC (Allocation Failure) [PSYoungGen: 173632K->96K(174080K)] 395524K->222004K(523776K), 0.0015117 secs] [Times: user=0.00 sys=0.00, real=0.00 secs] 
2018-03-19T13:34:51.688+0530: 5026.791: [GC (Allocation Failure) [PSYoungGen: 173664K->64K(174080K)] 395572K->221996K(523776K), 0.0014595 secs] [Times: user=0.00 sys=0.00, real=0.00 secs] 
2018-03-19T13:34:51.982+0530: 5027.085: [GC (Allocation Failure) [PSYoungGen: 173632K->96K(174080K)] 395564K->222044K(523776K), 0.0015360 secs] [Times: user=0.00 sys=0.00, real=0.00 secs] 
2018-03-19T13:34:52.263+0530: 5027.365: [GC (Allocation Failure) [PSYoungGen: 173664K->64K(174080K)] 395612K->222028K(523776K), 0.0015053 secs] [Times: user=0.00 sys=0.00, real=0.00 secs] 
2018-03-19T13:34:52.549+0530: 5027.651: [GC (Allocation Failure) [PSYoungGen: 173632K->96K(174080K)] 395596K->222084K(523776K), 0.0016830 secs] [Times: user=0.00 sys=0.00, real=0.00 secs] 
2018-03-19T13:34:52.828+0530: 5027.930: [GC (Allocation Failure) [PSYoungGen: 173664K->96K(174080K)] 395652K->222108K(523776K), 0.0015621 secs] [Times: user=0.00 sys=0.00, real=0.00 secs] 
2018-03-19T13:34:53.107+0530: 5028.209: [GC (Allocation Failure) [PSYoungGen: 173664K->96K(174080K)] 395676K->222124K(523776K), 0.0017673 secs] [Times: user=0.00 sys=0.00, real=0.00 secs] 
2018-03-19T13:34:53.385+0530: 5028.488: [GC (Allocation Failure) [PSYoungGen: 173664K->64K(174080K)] 395692K->222116K(523776K), 0.0016534 secs] [Times: user=0.00 sys=0.00, real=0.00 secs] 
2018-03-19T13:34:53.674+0530: 5028.777: [GC (Allocation Failure) [PSYoungGen: 173632K->96K(174080K)] 395684K->222172K(523776K), 0.0016605 secs] [Times: user=0.00 sys=0.00, real=0.00 secs] 
2018-03-19T13:34:53.959+0530: 5029.062: [GC (Allocation Failure) [PSYoungGen: 173664K->96K(174080K)] 395740K->222188K(523776K), 0.0015780 secs] [Times: user=0.00 sys=0.00, real=0.00 secs] 
2018-03-19T13:34:54.238+0530: 5029.341: [GC (Allocation Failure) [PSYoungGen: 173664K->96K(174080K)] 395756K->222212K(523776K), 0.0017617 secs] [Times: user=0.00 sys=0.00, real=0.00 secs] 
2018-03-19T13:34:54.520+0530: 5029.623: [GC (Allocation Failure) [PSYoungGen: 173664K->96K(174080K)] 395780K->222236K(523776K), 0.0016065 secs] [Times: user=0.00 sys=0.00, real=0.00 secs] 
2018-03-19T13:34:54.796+0530: 5029.898: [GC (Allocation Failure) [PSYoungGen: 173664K->96K(174080K)] 395804K->222252K(523776K), 0.0015568 secs] [Times: user=0.00 sys=0.00, real=0.00 secs] 
2018-03-19T13:34:55.073+0530: 5030.176: [GC (Allocation Failure) [PSYoungGen: 173664K->64K(174080K)] 395820K->222244K(523776K), 0.0016242 secs] [Times: user=0.00 sys=0.00, real=0.00 secs] 
2018-03-19T13:34:55.349+0530: 5030.452: [GC (Allocation Failure) [PSYoungGen: 173632K->96K(174080K)] 395812K->222292K(523776K), 0.0015600 secs] [Times: user=0.00 sys=0.00, real=0.00 secs] 
2018-03-19T13:34:55.631+0530: 5030.734: [GC (Allocation Failure) [PSYoungGen: 173664K->96K(174080K)] 395860K->222316K(523776K), 0.0015300 secs] [Times: user=0.00 sys=0.00, real=0.00 secs] 
2018-03-19T13:34:55.900+0530: 5031.004: [GC (Allocation Failure) [PSYoungGen: 173664K->96K(174080K)] 395884K->222340K(523776K), 0.0018149 secs] [Times: user=0.00 sys=0.00, real=0.00 secs] 
2018-03-19T13:34:56.210+0530: 5031.313: [GC (Allocation Failure) [PSYoungGen: 173664K->96K(174080K)] 395908K->222372K(523776K), 0.0019479 secs] [Times: user=0.00 sys=0.00, real=0.00 secs] 
2018-03-19T13:34:56.492+0530: 5031.594: [GC (Allocation Failure) [PSYoungGen: 173664K->64K(174080K)] 395940K->222364K(523776K), 0.0017363 secs] [Times: user=0.00 sys=0.00, real=0.00 secs] 
2018-03-19T13:34:56.768+0530: 5031.871: [GC (Allocation Failure) [PSYoungGen: 173632K->64K(174080K)] 395932K->222388K(523776K), 0.0017952 secs] [Times: user=0.00 sys=0.00, real=0.00 secs] 
2018-03-19T13:34:57.044+0530: 5032.147: [GC (Allocation Failure) [PSYoungGen: 173632K->96K(174080K)] 395956K->222444K(523776K), 0.0016478 secs] [Times: user=0.00 sys=0.00, real=0.00 secs] 
2018-03-19T13:34:57.327+0530: 5032.430: [GC (Allocation Failure) [PSYoungGen: 173664K->96K(174080K)] 396012K->222476K(523776K), 0.0015194 secs] [Times: user=0.00 sys=0.00, real=0.00 secs] 
2018-03-19T13:34:57.608+0530: 5032.711: [GC (Allocation Failure) [PSYoungGen: 173664K->96K(174080K)] 396044K->222500K(523776K), 0.0015339 secs] [Times: user=0.00 sys=0.00, real=0.00 secs] 
2018-03-19T13:34:57.889+0530: 5032.991: [GC (Allocation Failure) [PSYoungGen: 173664K->96K(174080K)] 396068K->222524K(523776K), 0.0017289 secs] [Times: user=0.00 sys=0.00, real=0.00 secs] 
2018-03-19T13:34:58.174+0530: 5033.277: [GC (Allocation Failure) [PSYoungGen: 173664K->96K(174080K)] 396092K->222548K(523776K), 0.0018301 secs] [Times: user=0.00 sys=0.00, real=0.00 secs] 
2018-03-19T13:34:58.452+0530: 5033.555: [GC (Allocation Failure) [PSYoungGen: 173664K->96K(174080K)] 396116K->222580K(523776K), 0.0017236 secs] [Times: user=0.00 sys=0.00, real=0.00 secs] 
2018-03-19T13:34:58.734+0530: 5033.836: [GC (Allocation Failure) [PSYoungGen: 173664K->96K(174080K)] 396148K->222604K(523776K), 0.0016777 secs] [Times: user=0.00 sys=0.00, real=0.00 secs] 
2018-03-19T13:34:59.016+0530: 5034.119: [GC (Allocation Failure) [PSYoungGen: 173664K->96K(174080K)] 396172K->222636K(523776K), 0.0015780 secs] [Times: user=0.00 sys=0.00, real=0.00 secs] 
2018-03-19T13:34:59.296+0530: 5034.399: [GC (Allocation Failure) [PSYoungGen: 173664K->96K(174080K)] 396204K->222660K(523776K), 0.0015935 secs] [Times: user=0.00 sys=0.00, real=0.00 secs] 
2018-03-19T13:34:59.582+0530: 5034.685: [GC (Allocation Failure) [PSYoungGen: 173664K->64K(174080K)] 396228K->222652K(523776K), 0.0016904 secs] [Times: user=0.00 sys=0.00, real=0.00 secs] 
2018-03-19T13:34:59.860+0530: 5034.963: [GC (Allocation Failure) [PSYoungGen: 173632K->64K(174080K)] 396220K->222676K(523776K), 0.0015875 secs] [Times: user=0.00 sys=0.00, real=0.00 secs] 
2018-03-19T13:35:00.184+0530: 5035.287: [GC (Allocation Failure) [PSYoungGen: 173632K->96K(174080K)] 396244K->222740K(523776K), 0.0016418 secs] [Times: user=0.00 sys=0.00, real=0.00 secs] 
2018-03-19T13:35:00.455+0530: 5035.558: [GC (Allocation Failure) [PSYoungGen: 173664K->64K(174080K)] 396308K->222732K(523776K), 0.0016827 secs] [Times: user=0.00 sys=0.00, real=0.00 secs] 
2018-03-19T13:35:00.738+0530: 5035.841: [GC (Allocation Failure) [PSYoungGen: 173632K->96K(174080K)] 396300K->222788K(523776K), 0.0017172 secs] [Times: user=0.00 sys=0.00, real=0.00 secs] 
2018-03-19T13:35:01.023+0530: 5036.126: [GC (Allocation Failure) [PSYoungGen: 173664K->96K(174080K)] 396356K->222804K(523776K), 0.0016488 secs] [Times: user=0.00 sys=0.00, real=0.00 secs] 
2018-03-19T13:35:01.318+0530: 5036.421: [GC (Allocation Failure) [PSYoungGen: 173664K->96K(174080K)] 396372K->222836K(523776K), 0.0016890 secs] [Times: user=0.00 sys=0.00, real=0.00 secs] 
2018-03-19T13:35:01.612+0530: 5036.715: [GC (Allocation Failure) [PSYoungGen: 173664K->96K(174080K)] 396404K->222860K(523776K), 0.0016883 secs] [Times: user=0.00 sys=0.00, real=0.00 secs] 
2018-03-19T13:35:01.894+0530: 5036.996: [GC (Allocation Failure) [PSYoungGen: 173664K->96K(174080K)] 396428K->222884K(523776K), 0.0017038 secs] [Times: user=0.00 sys=0.00, real=0.00 secs] 
2018-03-19T13:35:02.160+0530: 5037.263: [GC (Allocation Failure) [PSYoungGen: 173664K->96K(174080K)] 396452K->222908K(523776K), 0.0015014 secs] [Times: user=0.00 sys=0.00, real=0.00 secs] 
2018-03-19T13:35:02.437+0530: 5037.540: [GC (Allocation Failure) [PSYoungGen: 173664K->96K(174080K)] 396476K->222932K(523776K), 0.0016986 secs] [Times: user=0.00 sys=0.00, real=0.00 secs] 
2018-03-19T13:35:02.728+0530: 5037.831: [GC (Allocation Failure) [PSYoungGen: 173664K->96K(174080K)] 396500K->222956K(523776K), 0.0016220 secs] [Times: user=0.00 sys=0.00, real=0.00 secs] 
2018-03-19T13:35:03.010+0530: 5038.112: [GC (Allocation Failure) [PSYoungGen: 173664K->96K(174080K)] 396524K->222972K(523776K), 0.0017109 secs] [Times: user=0.00 sys=0.00, real=0.00 secs] 
2018-03-19T13:35:03.291+0530: 5038.393: [GC (Allocation Failure) [PSYoungGen: 173664K->96K(174080K)] 396540K->222996K(523776K), 0.0015233 secs] [Times: user=0.00 sys=0.00, real=0.00 secs] 
2018-03-19T13:35:03.581+0530: 5038.683: [GC (Allocation Failure) [PSYoungGen: 173664K->96K(174080K)] 396564K->223020K(523776K), 0.0016541 secs] [Times: user=0.00 sys=0.00, real=0.00 secs] 
2018-03-19T13:35:03.862+0530: 5038.965: [GC (Allocation Failure) [PSYoungGen: 173664K->96K(174080K)] 396588K->223036K(523776K), 0.0016425 secs] [Times: user=0.00 sys=0.00, real=0.00 secs] 
2018-03-19T13:35:04.157+0530: 5039.260: [GC (Allocation Failure) [PSYoungGen: 173664K->96K(174080K)] 396604K->223052K(523776K), 0.0016774 secs] [Times: user=0.00 sys=0.00, real=0.00 secs] 
2018-03-19T13:35:04.444+0530: 5039.547: [GC (Allocation Failure) [PSYoungGen: 173664K->64K(174080K)] 396620K->223044K(523776K), 0.0017504 secs] [Times: user=0.00 sys=0.00, real=0.00 secs] 
2018-03-19T13:35:04.738+0530: 5039.841: [GC (Allocation Failure) [PSYoungGen: 173632K->64K(174080K)] 396612K->223068K(523776K), 0.0017067 secs] [Times: user=0.00 sys=0.00, real=0.00 secs] 
2018-03-19T13:35:05.012+0530: 5040.115: [GC (Allocation Failure) [PSYoungGen: 173632K->96K(174080K)] 396636K->223116K(523776K), 0.0018121 secs] [Times: user=0.00 sys=0.00, real=0.00 secs] 
2018-03-19T13:35:05.291+0530: 5040.394: [GC (Allocation Failure) [PSYoungGen: 173664K->96K(174080K)] 396684K->223140K(523776K), 0.0015438 secs] [Times: user=0.00 sys=0.00, real=0.00 secs] 
2018-03-19T13:35:05.575+0530: 5040.679: [GC (Allocation Failure) [PSYoungGen: 173664K->64K(174080K)] 396708K->223132K(523776K), 0.0017761 secs] [Times: user=0.00 sys=0.00, real=0.00 secs] 
2018-03-19T13:35:05.937+0530: 5041.040: [GC (Allocation Failure) [PSYoungGen: 173632K->96K(174080K)] 396700K->223188K(523776K), 0.0017155 secs] [Times: user=0.00 sys=0.00, real=0.00 secs] 
2018-03-19T13:35:06.229+0530: 5041.331: [GC (Allocation Failure) [PSYoungGen: 173664K->96K(174080K)] 396756K->223212K(523776K), 0.0017437 secs] [Times: user=0.00 sys=0.00, real=0.00 secs] 
2018-03-19T13:35:06.529+0530: 5041.632: [GC (Allocation Failure) [PSYoungGen: 173664K->96K(174080K)] 396780K->223236K(523776K), 0.0016450 secs] [Times: user=0.00 sys=0.00, real=0.00 secs] 
2018-03-19T13:35:06.808+0530: 5041.912: [GC (Allocation Failure) [PSYoungGen: 173664K->96K(174080K)] 396804K->223260K(523776K), 0.0015237 secs] [Times: user=0.00 sys=0.00, real=0.00 secs] 
2018-03-19T13:35:07.090+0530: 5042.192: [GC (Allocation Failure) [PSYoungGen: 173664K->64K(174080K)] 396828K->223252K(523776K), 0.0016510 secs] [Times: user=0.00 sys=0.00, real=0.00 secs] 
2018-03-19T13:35:07.368+0530: 5042.471: [GC (Allocation Failure) [PSYoungGen: 173632K->96K(174080K)] 396820K->223308K(523776K), 0.0017708 secs] [Times: user=0.00 sys=0.00, real=0.00 secs] 
2018-03-19T13:35:07.649+0530: 5042.751: [GC (Allocation Failure) [PSYoungGen: 173664K->64K(174080K)] 396876K->223292K(523776K), 0.0017031 secs] [Times: user=0.06 sys=0.00, real=0.00 secs] 
2018-03-19T13:35:07.940+0530: 5043.043: [GC (Allocation Failure) [PSYoungGen: 173632K->32K(174080K)] 396860K->223276K(523776K), 0.0024376 secs] [Times: user=0.00 sys=0.00, real=0.00 secs] 
2018-03-19T13:35:08.231+0530: 5043.334: [GC (Allocation Failure) [PSYoungGen: 173600K->96K(174080K)] 396844K->223364K(523776K), 0.0015720 secs] [Times: user=0.00 sys=0.00, real=0.00 secs] 
2018-03-19T13:35:08.517+0530: 5043.620: [GC (Allocation Failure) [PSYoungGen: 173664K->64K(174080K)] 396932K->223356K(523776K), 0.0016806 secs] [Times: user=0.00 sys=0.00, real=0.00 secs] 
2018-03-19T13:35:08.789+0530: 5043.892: [GC (Allocation Failure) [PSYoungGen: 173632K->96K(174080K)] 396924K->223420K(523776K), 0.0014690 secs] [Times: user=0.02 sys=0.00, real=0.00 secs] 
2018-03-19T13:35:09.070+0530: 5044.173: [GC (Allocation Failure) [PSYoungGen: 173664K->96K(174080K)] 396988K->223444K(523776K), 0.0017067 secs] [Times: user=0.02 sys=0.00, real=0.00 secs] 
2018-03-19T13:35:09.350+0530: 5044.452: [GC (Allocation Failure) [PSYoungGen: 173664K->96K(174080K)] 397012K->223460K(523776K), 0.0016481 secs] [Times: user=0.00 sys=0.00, real=0.00 secs] 
2018-03-19T13:35:09.635+0530: 5044.738: [GC (Allocation Failure) [PSYoungGen: 173664K->96K(174080K)] 397028K->223492K(523776K), 0.0016023 secs] [Times: user=0.00 sys=0.00, real=0.00 secs] 
2018-03-19T13:35:09.918+0530: 5045.021: [GC (Allocation Failure) [PSYoungGen: 173664K->128K(174080K)] 397060K->223540K(523776K), 0.0017412 secs] [Times: user=0.00 sys=0.00, real=0.00 secs] 
2018-03-19T13:35:10.197+0530: 5045.300: [GC (Allocation Failure) [PSYoungGen: 173696K->96K(174080K)] 397108K->223524K(523776K), 0.0017952 secs] [Times: user=0.00 sys=0.00, real=0.00 secs] 
2018-03-19T13:35:10.480+0530: 5045.583: [GC (Allocation Failure) [PSYoungGen: 173664K->96K(174080K)] 397092K->223548K(523776K), 0.0017250 secs] [Times: user=0.00 sys=0.00, real=0.00 secs] 
2018-03-19T13:35:10.772+0530: 5045.875: [GC (Allocation Failure) [PSYoungGen: 173664K->96K(174080K)] 397116K->223564K(523776K), 0.0015628 secs] [Times: user=0.00 sys=0.00, real=0.00 secs] 
2018-03-19T13:35:11.049+0530: 5046.152: [GC (Allocation Failure) [PSYoungGen: 173664K->96K(174080K)] 397132K->223588K(523776K), 0.0016732 secs] [Times: user=0.00 sys=0.00, real=0.00 secs] 
2018-03-19T13:35:11.332+0530: 5046.435: [GC (Allocation Failure) [PSYoungGen: 173664K->64K(174080K)] 397156K->223580K(523776K), 0.0018174 secs] [Times: user=0.00 sys=0.00, real=0.00 secs] 
2018-03-19T13:35:11.617+0530: 5046.720: [GC (Allocation Failure) [PSYoungGen: 173632K->96K(174080K)] 397148K->223636K(523776K), 0.0017857 secs] [Times: user=0.01 sys=0.02, real=0.00 secs] 
2018-03-19T13:35:11.900+0530: 5047.003: [GC (Allocation Failure) [PSYoungGen: 173664K->128K(174080K)] 397204K->223700K(523776K), 0.0017232 secs] [Times: user=0.00 sys=0.00, real=0.00 secs] 
2018-03-19T13:35:12.203+0530: 5047.306: [GC (Allocation Failure) [PSYoungGen: 173696K->96K(174080K)] 397268K->223684K(523776K), 0.0015568 secs] [Times: user=0.00 sys=0.00, real=0.00 secs] 
2018-03-19T13:35:12.484+0530: 5047.587: [GC (Allocation Failure) [PSYoungGen: 173664K->96K(174080K)] 397252K->223708K(523776K), 0.0018590 secs] [Times: user=0.00 sys=0.00, real=0.00 secs] 
2018-03-19T13:35:12.766+0530: 5047.869: [GC (Allocation Failure) [PSYoungGen: 173664K->64K(174080K)] 397276K->223700K(523776K), 0.0015378 secs] [Times: user=0.00 sys=0.00, real=0.00 secs] 
2018-03-19T13:35:13.044+0530: 5048.147: [GC (Allocation Failure) [PSYoungGen: 173632K->96K(174080K)] 397268K->223756K(523776K), 0.0016280 secs] [Times: user=0.00 sys=0.00, real=0.00 secs] 
2018-03-19T13:35:13.322+0530: 5048.425: [GC (Allocation Failure) [PSYoungGen: 173664K->128K(174080K)] 397324K->223804K(523776K), 0.0017045 secs] [Times: user=0.00 sys=0.00, real=0.00 secs] 
2018-03-19T13:35:13.615+0530: 5048.718: [GC (Allocation Failure) [PSYoungGen: 173696K->96K(174080K)] 397372K->223796K(523776K), 0.0015903 secs] [Times: user=0.00 sys=0.00, real=0.00 secs] 
2018-03-19T13:35:13.894+0530: 5048.997: [GC (Allocation Failure) [PSYoungGen: 173664K->32K(174080K)] 397364K->223748K(523776K), 0.0018569 secs] [Times: user=0.00 sys=0.00, real=0.00 secs] 
2018-03-19T13:35:14.180+0530: 5049.282: [GC (Allocation Failure) [PSYoungGen: 173600K->96K(174080K)] 397316K->223828K(523776K), 0.0017754 secs] [Times: user=0.06 sys=0.00, real=0.00 secs] 
2018-03-19T13:35:14.472+0530: 5049.575: [GC (Allocation Failure) [PSYoungGen: 173664K->64K(174080K)] 397396K->223812K(523776K), 0.0026749 secs] [Times: user=0.00 sys=0.00, real=0.00 secs] 
2018-03-19T13:35:14.791+0530: 5049.894: [GC (Allocation Failure) [PSYoungGen: 173632K->64K(174080K)] 397380K->223836K(523776K), 0.0018752 secs] [Times: user=0.00 sys=0.00, real=0.00 secs] 
2018-03-19T13:35:15.067+0530: 5050.170: [GC (Allocation Failure) [PSYoungGen: 173632K->96K(174080K)] 397404K->223892K(523776K), 0.0014739 secs] [Times: user=0.00 sys=0.00, real=0.00 secs] 
2018-03-19T13:35:15.346+0530: 5050.449: [GC (Allocation Failure) [PSYoungGen: 173664K->96K(174080K)] 397460K->223916K(523776K), 0.0017303 secs] [Times: user=0.00 sys=0.00, real=0.00 secs] 
2018-03-19T13:35:15.632+0530: 5050.735: [GC (Allocation Failure) [PSYoungGen: 173664K->96K(174080K)] 397484K->223940K(523776K), 0.0018280 secs] [Times: user=0.02 sys=0.01, real=0.00 secs] 
2018-03-19T13:35:15.907+0530: 5051.010: [GC (Allocation Failure) [PSYoungGen: 173664K->64K(174080K)] 397508K->223924K(523776K), 0.0023241 secs] [Times: user=0.00 sys=0.00, real=0.00 secs] 
2018-03-19T13:35:16.215+0530: 5051.318: [GC (Allocation Failure) [PSYoungGen: 173632K->96K(174080K)] 397492K->223980K(523776K), 0.0019218 secs] [Times: user=0.00 sys=0.00, real=0.00 secs] 
2018-03-19T13:35:16.523+0530: 5051.626: [GC (Allocation Failure) [PSYoungGen: 173664K->64K(174080K)] 397548K->223972K(523776K), 0.0016330 secs] [Times: user=0.06 sys=0.00, real=0.00 secs] 
2018-03-19T13:35:16.805+0530: 5051.908: [GC (Allocation Failure) [PSYoungGen: 173632K->96K(174080K)] 397540K->224028K(523776K), 0.0016587 secs] [Times: user=0.06 sys=0.00, real=0.00 secs] 
2018-03-19T13:35:17.078+0530: 5052.181: [GC (Allocation Failure) [PSYoungGen: 173664K->96K(174080K)] 397596K->224044K(523776K), 0.0015688 secs] [Times: user=0.00 sys=0.00, real=0.00 secs] 
2018-03-19T13:35:17.358+0530: 5052.461: [GC (Allocation Failure) [PSYoungGen: 173664K->96K(174080K)] 397612K->224068K(523776K), 0.0016249 secs] [Times: user=0.00 sys=0.00, real=0.00 secs] 
2018-03-19T13:35:17.641+0530: 5052.744: [GC (Allocation Failure) [PSYoungGen: 173664K->96K(174080K)] 397636K->224100K(523776K), 0.0016957 secs] [Times: user=0.00 sys=0.00, real=0.00 secs] 
2018-03-19T13:35:17.919+0530: 5053.021: [GC (Allocation Failure) [PSYoungGen: 173664K->96K(174080K)] 397668K->224124K(523776K), 0.0015445 secs] [Times: user=0.00 sys=0.00, real=0.00 secs] 
2018-03-19T13:35:18.198+0530: 5053.300: [GC (Allocation Failure) [PSYoungGen: 173664K->64K(174080K)] 397692K->224116K(523776K), 0.0016887 secs] [Times: user=0.00 sys=0.00, real=0.00 secs] 
2018-03-19T13:35:18.480+0530: 5053.583: [GC (Allocation Failure) [PSYoungGen: 173632K->96K(174080K)] 397684K->224172K(523776K), 0.0016876 secs] [Times: user=0.00 sys=0.00, real=0.00 secs] 
2018-03-19T13:35:18.756+0530: 5053.859: [GC (Allocation Failure) [PSYoungGen: 173664K->96K(174080K)] 397740K->224196K(523776K), 0.0016199 secs] [Times: user=0.00 sys=0.00, real=0.00 secs] 
2018-03-19T13:35:19.045+0530: 5054.148: [GC (Allocation Failure) [PSYoungGen: 173664K->96K(174080K)] 397764K->224220K(523776K), 0.0016118 secs] [Times: user=0.00 sys=0.00, real=0.00 secs] 
2018-03-19T13:35:19.324+0530: 5054.426: [GC (Allocation Failure) [PSYoungGen: 173664K->96K(174080K)] 397788K->224244K(523776K), 0.0015304 secs] [Times: user=0.00 sys=0.00, real=0.00 secs] 
2018-03-19T13:35:19.615+0530: 5054.718: [GC (Allocation Failure) [PSYoungGen: 173664K->64K(174080K)] 397812K->224236K(523776K), 0.0016030 secs] [Times: user=0.00 sys=0.00, real=0.00 secs] 
2018-03-19T13:35:19.892+0530: 5054.995: [GC (Allocation Failure) [PSYoungGen: 173632K->96K(174080K)] 397804K->224284K(523776K), 0.0015515 secs] [Times: user=0.00 sys=0.00, real=0.00 secs] 
2018-03-19T13:35:20.182+0530: 5055.285: [GC (Allocation Failure) [PSYoungGen: 173664K->96K(174080K)] 397852K->224308K(523776K), 0.0014859 secs] [Times: user=0.00 sys=0.00, real=0.00 secs] 
2018-03-19T13:35:20.461+0530: 5055.563: [GC (Allocation Failure) [PSYoungGen: 173664K->96K(174080K)] 397876K->224332K(523776K), 0.0016400 secs] [Times: user=0.00 sys=0.00, real=0.00 secs] 
2018-03-19T13:35:20.753+0530: 5055.855: [GC (Allocation Failure) [PSYoungGen: 173664K->96K(174080K)] 397900K->224348K(523776K), 0.0018368 secs] [Times: user=0.00 sys=0.00, real=0.00 secs] 
2018-03-19T13:35:21.032+0530: 5056.135: [GC (Allocation Failure) [PSYoungGen: 173664K->96K(174080K)] 397916K->224372K(523776K), 0.0015910 secs] [Times: user=0.00 sys=0.00, real=0.00 secs] 
2018-03-19T13:35:21.336+0530: 5056.439: [GC (Allocation Failure) [PSYoungGen: 173664K->128K(174080K)] 397940K->224420K(523776K), 0.0019136 secs] [Times: user=0.06 sys=0.00, real=0.00 secs] 
2018-03-19T13:35:21.628+0530: 5056.731: [GC (Allocation Failure) [PSYoungGen: 173696K->96K(174080K)] 397988K->224412K(523776K), 0.0016795 secs] [Times: user=0.00 sys=0.00, real=0.00 secs] 
2018-03-19T13:35:21.907+0530: 5057.010: [GC (Allocation Failure) [PSYoungGen: 173664K->96K(174080K)] 397980K->224436K(523776K), 0.0017980 secs] [Times: user=0.00 sys=0.00, real=0.00 secs] 
2018-03-19T13:35:22.185+0530: 5057.288: [GC (Allocation Failure) [PSYoungGen: 173664K->96K(174080K)] 398004K->224460K(523776K), 0.0016978 secs] [Times: user=0.00 sys=0.00, real=0.00 secs] 
2018-03-19T13:35:22.475+0530: 5057.577: [GC (Allocation Failure) [PSYoungGen: 173664K->96K(174080K)] 398028K->224476K(523776K), 0.0015790 secs] [Times: user=0.00 sys=0.00, real=0.00 secs] 
2018-03-19T13:35:22.756+0530: 5057.859: [GC (Allocation Failure) [PSYoungGen: 173664K->96K(174080K)] 398044K->224500K(523776K), 0.0017077 secs] [Times: user=0.00 sys=0.00, real=0.00 secs] 
2018-03-19T13:35:23.035+0530: 5058.138: [GC (Allocation Failure) [PSYoungGen: 173664K->64K(174080K)] 398068K->224484K(523776K), 0.0017938 secs] [Times: user=0.00 sys=0.00, real=0.00 secs] 
2018-03-19T13:35:23.306+0530: 5058.409: [GC (Allocation Failure) [PSYoungGen: 173632K->96K(174080K)] 398052K->224548K(523776K), 0.0015120 secs] [Times: user=0.00 sys=0.00, real=0.00 secs] 
2018-03-19T13:35:23.595+0530: 5058.698: [GC (Allocation Failure) [PSYoungGen: 173664K->96K(174080K)] 398116K->224572K(523776K), 0.0016044 secs] [Times: user=0.00 sys=0.00, real=0.00 secs] 
2018-03-19T13:35:23.876+0530: 5058.979: [GC (Allocation Failure) [PSYoungGen: 173664K->96K(174080K)] 398140K->224588K(523776K), 0.0016249 secs] [Times: user=0.00 sys=0.00, real=0.00 secs] 
2018-03-19T13:35:24.177+0530: 5059.280: [GC (Allocation Failure) [PSYoungGen: 173664K->96K(174080K)] 398156K->224604K(523776K), 0.0017370 secs] [Times: user=0.00 sys=0.00, real=0.00 secs] 
2018-03-19T13:35:24.468+0530: 5059.571: [GC (Allocation Failure) [PSYoungGen: 173664K->64K(174080K)] 398172K->224596K(523776K), 0.0019062 secs] [Times: user=0.00 sys=0.00, real=0.00 secs] 
2018-03-19T13:35:24.748+0530: 5059.851: [GC (Allocation Failure) [PSYoungGen: 173632K->96K(174080K)] 398164K->224644K(523776K), 0.0015314 secs] [Times: user=0.00 sys=0.00, real=0.00 secs] 
2018-03-19T13:35:25.025+0530: 5060.128: [GC (Allocation Failure) [PSYoungGen: 173664K->96K(174080K)] 398212K->224660K(523776K), 0.0016714 secs] [Times: user=0.00 sys=0.00, real=0.00 secs] 
2018-03-19T13:35:25.296+0530: 5060.398: [GC (Allocation Failure) [PSYoungGen: 173664K->96K(174080K)] 398228K->224684K(523776K), 0.0016668 secs] [Times: user=0.00 sys=0.00, real=0.00 secs] 
2018-03-19T13:35:25.591+0530: 5060.694: [GC (Allocation Failure) [PSYoungGen: 173664K->96K(174080K)] 398252K->224708K(523776K), 0.0015314 secs] [Times: user=0.00 sys=0.00, real=0.00 secs] 
2018-03-19T13:35:25.868+0530: 5060.971: [GC (Allocation Failure) [PSYoungGen: 173664K->96K(174080K)] 398276K->224732K(523776K), 0.0017359 secs] [Times: user=0.06 sys=0.00, real=0.00 secs] 
2018-03-19T13:35:26.133+0530: 5061.236: [GC (Allocation Failure) [PSYoungGen: 173664K->96K(174080K)] 398300K->224756K(523776K), 0.0014394 secs] [Times: user=0.02 sys=0.00, real=0.00 secs] 
2018-03-19T13:35:26.422+0530: 5061.525: [GC (Allocation Failure) [PSYoungGen: 173664K->64K(174080K)] 398324K->224748K(523776K), 0.0019722 secs] [Times: user=0.00 sys=0.00, real=0.00 secs] 
2018-03-19T13:35:26.707+0530: 5061.810: [GC (Allocation Failure) [PSYoungGen: 173632K->64K(174080K)] 398316K->224772K(523776K), 0.0017067 secs] [Times: user=0.00 sys=0.00, real=0.00 secs] 
2018-03-19T13:35:26.988+0530: 5062.091: [GC (Allocation Failure) [PSYoungGen: 173632K->64K(174080K)] 398340K->224796K(523776K), 0.0016964 secs] [Times: user=0.00 sys=0.00, real=0.00 secs] 
2018-03-19T13:35:27.269+0530: 5062.372: [GC (Allocation Failure) [PSYoungGen: 173632K->96K(174080K)] 398364K->224852K(523776K), 0.0015843 secs] [Times: user=0.00 sys=0.00, real=0.00 secs] 
2018-03-19T13:35:27.563+0530: 5062.666: [GC (Allocation Failure) [PSYoungGen: 173664K->96K(174080K)] 398420K->224884K(523776K), 0.0015709 secs] [Times: user=0.00 sys=0.00, real=0.00 secs] 
2018-03-19T13:35:27.837+0530: 5062.939: [GC (Allocation Failure) [PSYoungGen: 173664K->96K(174080K)] 398452K->224908K(523776K), 0.0016940 secs] [Times: user=0.00 sys=0.00, real=0.00 secs] 
2018-03-19T13:35:28.187+0530: 5063.290: [GC (Allocation Failure) [PSYoungGen: 173664K->96K(174080K)] 398476K->224932K(523776K), 0.0017684 secs] [Times: user=0.00 sys=0.00, real=0.00 secs] 
2018-03-19T13:35:28.473+0530: 5063.576: [GC (Allocation Failure) [PSYoungGen: 173664K->96K(174080K)] 398500K->224956K(523776K), 0.0383305 secs] [Times: user=0.00 sys=0.00, real=0.04 secs] 
2018-03-19T13:35:28.821+0530: 5063.924: [GC (Allocation Failure) [PSYoungGen: 173664K->64K(174080K)] 398524K->224948K(523776K), 0.0017712 secs] [Times: user=0.00 sys=0.00, real=0.00 secs] 
2018-03-19T13:35:29.142+0530: 5064.245: [GC (Allocation Failure) [PSYoungGen: 173632K->96K(174080K)] 398516K->225004K(523776K), 0.0017151 secs] [Times: user=0.00 sys=0.00, real=0.00 secs] 
2018-03-19T13:35:29.444+0530: 5064.546: [GC (Allocation Failure) [PSYoungGen: 173664K->96K(174080K)] 398572K->225028K(523776K), 0.0017849 secs] [Times: user=0.00 sys=0.00, real=0.00 secs] 
2018-03-19T13:35:29.753+0530: 5064.856: [GC (Allocation Failure) [PSYoungGen: 173664K->96K(174080K)] 398596K->225060K(523776K), 0.0019549 secs] [Times: user=0.00 sys=0.00, real=0.00 secs] 
2018-03-19T13:35:30.053+0530: 5065.156: [GC (Allocation Failure) [PSYoungGen: 173664K->96K(174080K)] 398628K->225076K(523776K), 0.0016414 secs] [Times: user=0.00 sys=0.00, real=0.00 secs] 
2018-03-19T13:35:30.353+0530: 5065.456: [GC (Allocation Failure) [PSYoungGen: 173664K->64K(174080K)] 398644K->225068K(523776K), 0.0016767 secs] [Times: user=0.00 sys=0.00, real=0.00 secs] 
2018-03-19T13:35:30.682+0530: 5065.785: [GC (Allocation Failure) [PSYoungGen: 173632K->96K(174080K)] 398636K->225124K(523776K), 0.0016280 secs] [Times: user=0.00 sys=0.00, real=0.00 secs] 
2018-03-19T13:35:30.982+0530: 5066.085: [GC (Allocation Failure) [PSYoungGen: 173664K->96K(174080K)] 398692K->225140K(523776K), 0.0016125 secs] [Times: user=0.00 sys=0.00, real=0.00 secs] 
2018-03-19T13:35:31.280+0530: 5066.383: [GC (Allocation Failure) [PSYoungGen: 173664K->96K(174080K)] 398708K->225164K(523776K), 0.0016213 secs] [Times: user=0.00 sys=0.00, real=0.00 secs] 
2018-03-19T13:35:31.585+0530: 5066.688: [GC (Allocation Failure) [PSYoungGen: 173664K->96K(174080K)] 398732K->225188K(523776K), 0.0017980 secs] [Times: user=0.00 sys=0.00, real=0.00 secs] 
2018-03-19T13:35:31.879+0530: 5066.982: [GC (Allocation Failure) [PSYoungGen: 173664K->64K(174080K)] 398756K->225180K(523776K), 0.0017388 secs] [Times: user=0.00 sys=0.00, real=0.00 secs] 
2018-03-19T13:35:32.182+0530: 5067.285: [GC (Allocation Failure) [PSYoungGen: 173632K->96K(174080K)] 398748K->225236K(523776K), 0.0015720 secs] [Times: user=0.00 sys=0.00, real=0.00 secs] 
2018-03-19T13:35:32.473+0530: 5067.576: [GC (Allocation Failure) [PSYoungGen: 173664K->64K(174080K)] 398804K->225220K(523776K), 0.0026690 secs] [Times: user=0.00 sys=0.00, real=0.00 secs] 
2018-03-19T13:35:32.770+0530: 5067.872: [GC (Allocation Failure) [PSYoungGen: 173632K->96K(174080K)] 398788K->225268K(523776K), 0.0015515 secs] [Times: user=0.00 sys=0.00, real=0.00 secs] 
2018-03-19T13:35:33.048+0530: 5068.151: [GC (Allocation Failure) [PSYoungGen: 173664K->96K(174080K)] 398836K->225300K(523776K), 0.0016580 secs] [Times: user=0.00 sys=0.00, real=0.00 secs] 
2018-03-19T13:35:33.337+0530: 5068.440: [GC (Allocation Failure) [PSYoungGen: 173664K->96K(174080K)] 398868K->225316K(523776K), 0.0018287 secs] [Times: user=0.00 sys=0.00, real=0.00 secs] 
2018-03-19T13:35:33.630+0530: 5068.733: [GC (Allocation Failure) [PSYoungGen: 173664K->96K(174080K)] 398884K->225348K(523776K), 0.0017250 secs] [Times: user=0.00 sys=0.00, real=0.00 secs] 
2018-03-19T13:35:33.910+0530: 5069.013: [GC (Allocation Failure) [PSYoungGen: 173664K->96K(174080K)] 398916K->225364K(523776K), 0.0016887 secs] [Times: user=0.00 sys=0.00, real=0.00 secs] 
2018-03-19T13:35:34.189+0530: 5069.292: [GC (Allocation Failure) [PSYoungGen: 173664K->96K(174080K)] 398932K->225388K(523776K), 0.0015572 secs] [Times: user=0.00 sys=0.00, real=0.00 secs] 
2018-03-19T13:35:34.472+0530: 5069.574: [GC (Allocation Failure) [PSYoungGen: 173664K->96K(174080K)] 398956K->225412K(523776K), 0.0020357 secs] [Times: user=0.00 sys=0.00, real=0.00 secs] 
2018-03-19T13:35:34.757+0530: 5069.859: [GC (Allocation Failure) [PSYoungGen: 173664K->96K(174080K)] 398980K->225428K(523776K), 0.0017063 secs] [Times: user=0.00 sys=0.00, real=0.00 secs] 
2018-03-19T13:35:35.025+0530: 5070.128: [GC (Allocation Failure) [PSYoungGen: 173664K->96K(174080K)] 398996K->225452K(523776K), 0.0015579 secs] [Times: user=0.00 sys=0.00, real=0.00 secs] 
2018-03-19T13:35:35.315+0530: 5070.417: [GC (Allocation Failure) [PSYoungGen: 173664K->64K(174080K)] 399020K->225444K(523776K), 0.0016411 secs] [Times: user=0.00 sys=0.00, real=0.00 secs] 
2018-03-19T13:35:35.611+0530: 5070.714: [GC (Allocation Failure) [PSYoungGen: 173632K->96K(174080K)] 399012K->225500K(523776K), 0.0017648 secs] [Times: user=0.00 sys=0.00, real=0.00 secs] 
2018-03-19T13:35:35.885+0530: 5070.988: [GC (Allocation Failure) [PSYoungGen: 173664K->96K(174080K)] 399068K->225516K(523776K), 0.0016587 secs] [Times: user=0.00 sys=0.00, real=0.00 secs] 
2018-03-19T13:35:36.190+0530: 5071.293: [GC (Allocation Failure) [PSYoungGen: 173664K->64K(174080K)] 399084K->225508K(523776K), 0.0016986 secs] [Times: user=0.00 sys=0.00, real=0.00 secs] 
2018-03-19T13:35:36.497+0530: 5071.599: [GC (Allocation Failure) [PSYoungGen: 173632K->96K(174080K)] 399076K->225564K(523776K), 0.0016774 secs] [Times: user=0.00 sys=0.00, real=0.00 secs] 
2018-03-19T13:35:36.777+0530: 5071.880: [GC (Allocation Failure) [PSYoungGen: 173664K->96K(174080K)] 399132K->225580K(523776K), 0.0018220 secs] [Times: user=0.00 sys=0.00, real=0.00 secs] 
2018-03-19T13:35:37.064+0530: 5072.167: [GC (Allocation Failure) [PSYoungGen: 173664K->96K(174080K)] 399148K->225596K(523776K), 0.0018431 secs] [Times: user=0.00 sys=0.00, real=0.00 secs] 
2018-03-19T13:35:37.344+0530: 5072.447: [GC (Allocation Failure) [PSYoungGen: 173664K->96K(174080K)] 399164K->225620K(523776K), 0.0016432 secs] [Times: user=0.00 sys=0.00, real=0.00 secs] 
2018-03-19T13:35:37.621+0530: 5072.724: [GC (Allocation Failure) [PSYoungGen: 173664K->64K(174080K)] 399188K->225620K(523776K), 0.0017095 secs] [Times: user=0.00 sys=0.00, real=0.00 secs] 
2018-03-19T13:35:37.899+0530: 5073.001: [GC (Allocation Failure) [PSYoungGen: 173632K->96K(174080K)] 399188K->225676K(523776K), 0.0016813 secs] [Times: user=0.00 sys=0.02, real=0.00 secs] 
2018-03-19T13:35:38.175+0530: 5073.278: [GC (Allocation Failure) [PSYoungGen: 173664K->64K(174080K)] 399244K->225668K(523776K), 0.0015857 secs] [Times: user=0.00 sys=0.00, real=0.00 secs] 
2018-03-19T13:35:38.444+0530: 5073.547: [GC (Allocation Failure) [PSYoungGen: 173632K->96K(174080K)] 399236K->225724K(523776K), 0.0016654 secs] [Times: user=0.00 sys=0.00, real=0.00 secs] 
2018-03-19T13:35:38.729+0530: 5073.832: [GC (Allocation Failure) [PSYoungGen: 173664K->96K(174080K)] 399292K->225748K(523776K), 0.0015279 secs] [Times: user=0.00 sys=0.00, real=0.00 secs] 
2018-03-19T13:35:39.015+0530: 5074.118: [GC (Allocation Failure) [PSYoungGen: 173664K->96K(174080K)] 399316K->225764K(523776K), 0.0017179 secs] [Times: user=0.00 sys=0.00, real=0.00 secs] 
2018-03-19T13:35:39.293+0530: 5074.396: [GC (Allocation Failure) [PSYoungGen: 173664K->96K(174080K)] 399332K->225780K(523776K), 0.0017148 secs] [Times: user=0.00 sys=0.00, real=0.00 secs] 
2018-03-19T13:35:39.580+0530: 5074.683: [GC (Allocation Failure) [PSYoungGen: 173664K->96K(174080K)] 399348K->225804K(523776K), 0.0018043 secs] [Times: user=0.00 sys=0.00, real=0.00 secs] 
2018-03-19T13:35:39.844+0530: 5074.947: [GC (Allocation Failure) [PSYoungGen: 173664K->64K(174080K)] 399372K->225796K(523776K), 0.0015177 secs] [Times: user=0.00 sys=0.00, real=0.00 secs] 
2018-03-19T13:35:40.145+0530: 5075.249: [GC (Allocation Failure) [PSYoungGen: 173632K->96K(174080K)] 399364K->225852K(523776K), 0.0017705 secs] [Times: user=0.00 sys=0.00, real=0.00 secs] 
2018-03-19T13:35:40.424+0530: 5075.526: [GC (Allocation Failure) [PSYoungGen: 173664K->96K(174080K)] 399420K->225884K(523776K), 0.0017423 secs] [Times: user=0.00 sys=0.00, real=0.00 secs] 
2018-03-19T13:35:40.719+0530: 5075.822: [GC (Allocation Failure) [PSYoungGen: 173664K->96K(174080K)] 399452K->225900K(523776K), 0.0017077 secs] [Times: user=0.00 sys=0.00, real=0.00 secs] 
2018-03-19T13:35:41.000+0530: 5076.103: [GC (Allocation Failure) [PSYoungGen: 173664K->96K(174080K)] 399468K->225916K(523776K), 0.0017758 secs] [Times: user=0.00 sys=0.00, real=0.00 secs] 
2018-03-19T13:35:41.280+0530: 5076.383: [GC (Allocation Failure) [PSYoungGen: 173664K->96K(174080K)] 399484K->225940K(523776K), 0.0016471 secs] [Times: user=0.00 sys=0.00, real=0.00 secs] 
2018-03-19T13:35:41.571+0530: 5076.675: [GC (Allocation Failure) [PSYoungGen: 173664K->96K(174080K)] 399508K->225956K(523776K), 0.0016065 secs] [Times: user=0.01 sys=0.00, real=0.00 secs] 
2018-03-19T13:35:41.853+0530: 5076.956: [GC (Allocation Failure) [PSYoungGen: 173664K->96K(174080K)] 399524K->225988K(523776K), 0.0018015 secs] [Times: user=0.00 sys=0.00, real=0.00 secs] 
2018-03-19T13:35:42.140+0530: 5077.243: [GC (Allocation Failure) [PSYoungGen: 173664K->128K(174080K)] 399556K->226044K(523776K), 0.0018971 secs] [Times: user=0.00 sys=0.00, real=0.00 secs] 
2018-03-19T13:35:42.437+0530: 5077.540: [GC (Allocation Failure) [PSYoungGen: 173696K->96K(174080K)] 399612K->226036K(523776K), 0.0017391 secs] [Times: user=0.00 sys=0.00, real=0.00 secs] 
2018-03-19T13:35:42.730+0530: 5077.833: [GC (Allocation Failure) [PSYoungGen: 173664K->96K(174080K)] 399604K->226060K(523776K), 0.0017793 secs] [Times: user=0.00 sys=0.00, real=0.00 secs] 
2018-03-19T13:35:43.032+0530: 5078.135: [GC (Allocation Failure) [PSYoungGen: 173664K->96K(174080K)] 399628K->226084K(523776K), 0.0017035 secs] [Times: user=0.00 sys=0.00, real=0.00 secs] 
2018-03-19T13:35:43.333+0530: 5078.436: [GC (Allocation Failure) [PSYoungGen: 173664K->64K(174080K)] 399652K->226068K(523776K), 0.0019189 secs] [Times: user=0.00 sys=0.00, real=0.00 secs] 
2018-03-19T13:35:43.640+0530: 5078.743: [GC (Allocation Failure) [PSYoungGen: 173632K->64K(174080K)] 399636K->226092K(523776K), 0.0017183 secs] [Times: user=0.00 sys=0.00, real=0.00 secs] 
2018-03-19T13:35:43.944+0530: 5079.047: [GC (Allocation Failure) [PSYoungGen: 173632K->32K(174080K)] 399660K->226076K(523776K), 0.0030314 secs] [Times: user=0.02 sys=0.00, real=0.00 secs] 
2018-03-19T13:35:44.249+0530: 5079.352: [GC (Allocation Failure) [PSYoungGen: 173600K->96K(174080K)] 399644K->226172K(523776K), 0.0016407 secs] [Times: user=0.00 sys=0.00, real=0.00 secs] 
2018-03-19T13:35:44.547+0530: 5079.651: [GC (Allocation Failure) [PSYoungGen: 173664K->64K(174080K)] 399740K->226164K(523776K), 0.0019327 secs] [Times: user=0.00 sys=0.00, real=0.00 secs] 
2018-03-19T13:35:44.829+0530: 5079.932: [GC (Allocation Failure) [PSYoungGen: 173632K->64K(174080K)] 399732K->226188K(523776K), 0.0016298 secs] [Times: user=0.00 sys=0.00, real=0.00 secs] 
2018-03-19T13:35:45.123+0530: 5080.226: [GC (Allocation Failure) [PSYoungGen: 173632K->96K(174080K)] 399756K->226236K(523776K), 0.0016182 secs] [Times: user=0.00 sys=0.00, real=0.00 secs] 
2018-03-19T13:35:45.413+0530: 5080.516: [GC (Allocation Failure) [PSYoungGen: 173664K->128K(174080K)] 399804K->226292K(523776K), 0.0017359 secs] [Times: user=0.00 sys=0.00, real=0.00 secs] 
2018-03-19T13:35:45.717+0530: 5080.820: [GC (Allocation Failure) [PSYoungGen: 173696K->64K(174080K)] 399860K->226252K(523776K), 0.0016855 secs] [Times: user=0.00 sys=0.00, real=0.00 secs] 
2018-03-19T13:35:46.005+0530: 5081.108: [GC (Allocation Failure) [PSYoungGen: 173632K->64K(174080K)] 399820K->226268K(523776K), 0.0020677 secs] [Times: user=0.00 sys=0.00, real=0.00 secs] 
2018-03-19T13:35:46.307+0530: 5081.410: [GC (Allocation Failure) [PSYoungGen: 173632K->64K(174080K)] 399836K->226284K(523776K), 0.0023096 secs] [Times: user=0.00 sys=0.00, real=0.00 secs] 
2018-03-19T13:35:46.626+0530: 5081.729: [GC (Allocation Failure) [PSYoungGen: 173632K->96K(174080K)] 399852K->226340K(523776K), 0.0015367 secs] [Times: user=0.00 sys=0.00, real=0.00 secs] 
2018-03-19T13:35:46.927+0530: 5082.030: [GC (Allocation Failure) [PSYoungGen: 173664K->96K(174080K)] 399908K->226364K(523776K), 0.0016837 secs] [Times: user=0.00 sys=0.00, real=0.00 secs] 
2018-03-19T13:35:47.222+0530: 5082.325: [GC (Allocation Failure) [PSYoungGen: 173664K->96K(174080K)] 399932K->226388K(523776K), 0.0018491 secs] [Times: user=0.00 sys=0.00, real=0.00 secs] 
2018-03-19T13:35:47.511+0530: 5082.614: [GC (Allocation Failure) [PSYoungGen: 173664K->96K(174080K)] 399956K->226404K(523776K), 0.0017916 secs] [Times: user=0.00 sys=0.00, real=0.00 secs] 
2018-03-19T13:35:47.808+0530: 5082.911: [GC (Allocation Failure) [PSYoungGen: 173664K->96K(174080K)] 399972K->226428K(523776K), 0.0016270 secs] [Times: user=0.00 sys=0.00, real=0.00 secs] 
2018-03-19T13:35:48.127+0530: 5083.229: [GC (Allocation Failure) [PSYoungGen: 173664K->96K(174080K)] 399996K->226452K(523776K), 0.0016647 secs] [Times: user=0.00 sys=0.00, real=0.00 secs] 
2018-03-19T13:35:48.423+0530: 5083.526: [GC (Allocation Failure) [PSYoungGen: 173664K->96K(174080K)] 400020K->226468K(523776K), 0.0017409 secs] [Times: user=0.00 sys=0.00, real=0.00 secs] 
2018-03-19T13:35:48.720+0530: 5083.823: [GC (Allocation Failure) [PSYoungGen: 173664K->96K(174080K)] 400036K->226492K(523776K), 0.0017701 secs] [Times: user=0.00 sys=0.00, real=0.00 secs] 
2018-03-19T13:35:49.016+0530: 5084.119: [GC (Allocation Failure) [PSYoungGen: 173664K->96K(174080K)] 400060K->226516K(523776K), 0.0015349 secs] [Times: user=0.00 sys=0.00, real=0.00 secs] 
2018-03-19T13:35:49.297+0530: 5084.400: [GC (Allocation Failure) [PSYoungGen: 173664K->96K(174080K)] 400084K->226532K(523776K), 0.0017705 secs] [Times: user=0.00 sys=0.00, real=0.00 secs] 
2018-03-19T13:35:49.601+0530: 5084.704: [GC (Allocation Failure) [PSYoungGen: 173664K->96K(174080K)] 400100K->226556K(523776K), 0.0016245 secs] [Times: user=0.00 sys=0.00, real=0.00 secs] 
2018-03-19T13:35:49.899+0530: 5085.002: [GC (Allocation Failure) [PSYoungGen: 173664K->96K(174080K)] 400124K->226580K(523776K), 0.0016679 secs] [Times: user=0.06 sys=0.00, real=0.00 secs] 
2018-03-19T13:35:50.200+0530: 5085.303: [GC (Allocation Failure) [PSYoungGen: 173664K->64K(174080K)] 400148K->226572K(523776K), 0.0015991 secs] [Times: user=0.00 sys=0.00, real=0.00 secs] 
2018-03-19T13:35:50.503+0530: 5085.606: [GC (Allocation Failure) [PSYoungGen: 173632K->96K(174080K)] 400140K->226628K(523776K), 0.0016961 secs] [Times: user=0.00 sys=0.00, real=0.00 secs] 
2018-03-19T13:35:50.804+0530: 5085.907: [GC (Allocation Failure) [PSYoungGen: 173664K->96K(174080K)] 400196K->226652K(523776K), 0.0015737 secs] [Times: user=0.00 sys=0.00, real=0.00 secs] 
2018-03-19T13:35:51.090+0530: 5086.193: [GC (Allocation Failure) [PSYoungGen: 173664K->96K(174080K)] 400220K->226676K(523776K), 0.0017342 secs] [Times: user=0.00 sys=0.00, real=0.00 secs] 
2018-03-19T13:35:51.371+0530: 5086.474: [GC (Allocation Failure) [PSYoungGen: 173664K->128K(174080K)] 400244K->226724K(523776K), 0.0016950 secs] [Times: user=0.00 sys=0.00, real=0.00 secs] 
2018-03-19T13:35:51.674+0530: 5086.777: [GC (Allocation Failure) [PSYoungGen: 173696K->96K(174080K)] 400292K->226708K(523776K), 0.0016922 secs] [Times: user=0.00 sys=0.00, real=0.00 secs] 
2018-03-19T13:35:51.958+0530: 5087.062: [GC (Allocation Failure) [PSYoungGen: 173664K->64K(174080K)] 400276K->226692K(523776K), 0.0024331 secs] [Times: user=0.00 sys=0.00, real=0.00 secs] 
2018-03-19T13:35:52.233+0530: 5087.336: [GC (Allocation Failure) [PSYoungGen: 173632K->96K(174080K)] 400260K->226740K(523776K), 0.0016432 secs] [Times: user=0.00 sys=0.00, real=0.00 secs] 
2018-03-19T13:35:52.526+0530: 5087.629: [GC (Allocation Failure) [PSYoungGen: 173664K->96K(174080K)] 400308K->226764K(523776K), 0.0016217 secs] [Times: user=0.00 sys=0.00, real=0.00 secs] 
2018-03-19T13:35:52.809+0530: 5087.911: [GC (Allocation Failure) [PSYoungGen: 173664K->96K(174080K)] 400332K->226788K(523776K), 0.0015981 secs] [Times: user=0.00 sys=0.00, real=0.00 secs] 
2018-03-19T13:35:53.099+0530: 5088.202: [GC (Allocation Failure) [PSYoungGen: 173664K->96K(174080K)] 400356K->226812K(523776K), 0.0016227 secs] [Times: user=0.00 sys=0.00, real=0.00 secs] 
2018-03-19T13:35:53.387+0530: 5088.490: [GC (Allocation Failure) [PSYoungGen: 173664K->96K(174080K)] 400380K->226836K(523776K), 0.0017557 secs] [Times: user=0.00 sys=0.00, real=0.00 secs] 
2018-03-19T13:35:53.675+0530: 5088.778: [GC (Allocation Failure) [PSYoungGen: 173664K->96K(174080K)] 400404K->226860K(523776K), 0.0015409 secs] [Times: user=0.00 sys=0.00, real=0.00 secs] 
2018-03-19T13:35:53.951+0530: 5089.055: [GC (Allocation Failure) [PSYoungGen: 173664K->96K(174080K)] 400428K->226884K(523776K), 0.0015533 secs] [Times: user=0.00 sys=0.00, real=0.00 secs] 
2018-03-19T13:35:54.231+0530: 5089.334: [GC (Allocation Failure) [PSYoungGen: 173664K->96K(174080K)] 400452K->226900K(523776K), 0.0015748 secs] [Times: user=0.00 sys=0.00, real=0.00 secs] 
2018-03-19T13:35:54.519+0530: 5089.622: [GC (Allocation Failure) [PSYoungGen: 173664K->96K(174080K)] 400468K->226916K(523776K), 0.0015452 secs] [Times: user=0.00 sys=0.00, real=0.00 secs] 
2018-03-19T13:35:54.805+0530: 5089.908: [GC (Allocation Failure) [PSYoungGen: 173664K->96K(174080K)] 400484K->226940K(523776K), 0.0017747 secs] [Times: user=0.06 sys=0.00, real=0.00 secs] 
2018-03-19T13:35:55.086+0530: 5090.189: [GC (Allocation Failure) [PSYoungGen: 173664K->96K(174080K)] 400508K->226956K(523776K), 0.0017560 secs] [Times: user=0.06 sys=0.00, real=0.00 secs] 
2018-03-19T13:35:55.366+0530: 5090.468: [GC (Allocation Failure) [PSYoungGen: 173664K->96K(174080K)] 400524K->226972K(523776K), 0.0016069 secs] [Times: user=0.00 sys=0.00, real=0.00 secs] 
2018-03-19T13:35:55.646+0530: 5090.749: [GC (Allocation Failure) [PSYoungGen: 173664K->128K(174080K)] 400540K->227020K(523776K), 0.0016337 secs] [Times: user=0.00 sys=0.00, real=0.00 secs] 
2018-03-19T13:35:55.925+0530: 5091.029: [GC (Allocation Failure) [PSYoungGen: 173696K->96K(174080K)] 400588K->227012K(523776K), 0.0017652 secs] [Times: user=0.00 sys=0.00, real=0.00 secs] 
2018-03-19T13:35:56.219+0530: 5091.322: [GC (Allocation Failure) [PSYoungGen: 173664K->96K(174080K)] 400580K->227028K(523776K), 0.0018273 secs] [Times: user=0.00 sys=0.00, real=0.00 secs] 
2018-03-19T13:35:56.527+0530: 5091.630: [GC (Allocation Failure) [PSYoungGen: 173664K->96K(174080K)] 400596K->227044K(523776K), 0.0017483 secs] [Times: user=0.00 sys=0.00, real=0.00 secs] 
2018-03-19T13:35:56.804+0530: 5091.907: [GC (Allocation Failure) [PSYoungGen: 173664K->96K(174080K)] 400612K->227068K(523776K), 0.0017592 secs] [Times: user=0.00 sys=0.03, real=0.00 secs] 
2018-03-19T13:35:57.089+0530: 5092.191: [GC (Allocation Failure) [PSYoungGen: 173664K->96K(174080K)] 400636K->227092K(523776K), 0.0016594 secs] [Times: user=0.00 sys=0.00, real=0.00 secs] 
2018-03-19T13:35:57.368+0530: 5092.471: [GC (Allocation Failure) [PSYoungGen: 173664K->64K(174080K)] 400660K->227084K(523776K), 0.0017698 secs] [Times: user=0.00 sys=0.00, real=0.00 secs] 
2018-03-19T13:35:57.669+0530: 5092.772: [GC (Allocation Failure) [PSYoungGen: 173632K->64K(174080K)] 400652K->227100K(523776K), 0.0022430 secs] [Times: user=0.00 sys=0.00, real=0.00 secs] 
2018-03-19T13:35:57.963+0530: 5093.066: [GC (Allocation Failure) [PSYoungGen: 173632K->64K(174080K)] 400668K->227124K(523776K), 0.0016880 secs] [Times: user=0.00 sys=0.00, real=0.00 secs] 
2018-03-19T13:35:58.235+0530: 5093.338: [GC (Allocation Failure) [PSYoungGen: 173632K->64K(174080K)] 400692K->227148K(523776K), 0.0017518 secs] [Times: user=0.00 sys=0.00, real=0.00 secs] 
2018-03-19T13:35:58.526+0530: 5093.630: [GC (Allocation Failure) [PSYoungGen: 173632K->96K(174080K)] 400716K->227196K(523776K), 0.0018107 secs] [Times: user=0.00 sys=0.00, real=0.00 secs] 
2018-03-19T13:35:58.810+0530: 5093.913: [GC (Allocation Failure) [PSYoungGen: 173664K->96K(174080K)] 400764K->227220K(523776K), 0.0015628 secs] [Times: user=0.00 sys=0.00, real=0.00 secs] 
2018-03-19T13:35:59.091+0530: 5094.194: [GC (Allocation Failure) [PSYoungGen: 173664K->64K(174080K)] 400788K->227212K(523776K), 0.0018128 secs] [Times: user=0.00 sys=0.00, real=0.00 secs] 
2018-03-19T13:35:59.372+0530: 5094.475: [GC (Allocation Failure) [PSYoungGen: 173632K->96K(174080K)] 400780K->227260K(523776K), 0.0015265 secs] [Times: user=0.00 sys=0.00, real=0.00 secs] 
2018-03-19T13:35:59.659+0530: 5094.762: [GC (Allocation Failure) [PSYoungGen: 173664K->96K(174080K)] 400828K->227284K(523776K), 0.0015476 secs] [Times: user=0.00 sys=0.00, real=0.00 secs] 
2018-03-19T13:35:59.942+0530: 5095.045: [GC (Allocation Failure) [PSYoungGen: 173664K->64K(174080K)] 400852K->227268K(523776K), 0.0021799 secs] [Times: user=0.00 sys=0.00, real=0.00 secs] 
2018-03-19T13:36:00.258+0530: 5095.361: [GC (Allocation Failure) [PSYoungGen: 173632K->96K(174080K)] 400836K->227324K(523776K), 0.0017825 secs] [Times: user=0.06 sys=0.00, real=0.00 secs] 
2018-03-19T13:36:00.559+0530: 5095.661: [GC (Allocation Failure) [PSYoungGen: 173664K->96K(174080K)] 400892K->227356K(523776K), 0.0018132 secs] [Times: user=0.00 sys=0.00, real=0.00 secs] 
2018-03-19T13:36:00.854+0530: 5095.957: [GC (Allocation Failure) [PSYoungGen: 173664K->64K(174080K)] 400924K->227348K(523776K), 0.0016601 secs] [Times: user=0.00 sys=0.00, real=0.00 secs] 
2018-03-19T13:36:01.142+0530: 5096.245: [GC (Allocation Failure) [PSYoungGen: 173632K->96K(174080K)] 400916K->227396K(523776K), 0.0016855 secs] [Times: user=0.00 sys=0.00, real=0.00 secs] 
2018-03-19T13:36:01.441+0530: 5096.544: [GC (Allocation Failure) [PSYoungGen: 173664K->96K(174080K)] 400964K->227420K(523776K), 0.0016612 secs] [Times: user=0.00 sys=0.00, real=0.00 secs] 
2018-03-19T13:36:01.761+0530: 5096.864: [GC (Allocation Failure) [PSYoungGen: 173664K->96K(174080K)] 400988K->227452K(523776K), 0.0017842 secs] [Times: user=0.00 sys=0.00, real=0.00 secs] 
2018-03-19T13:36:02.062+0530: 5097.165: [GC (Allocation Failure) [PSYoungGen: 173664K->96K(174080K)] 401020K->227476K(523776K), 0.0018139 secs] [Times: user=0.00 sys=0.00, real=0.00 secs] 
2018-03-19T13:36:02.367+0530: 5097.471: [GC (Allocation Failure) [PSYoungGen: 173664K->96K(174080K)] 401044K->227500K(523776K), 0.0016471 secs] [Times: user=0.00 sys=0.02, real=0.00 secs] 
2018-03-19T13:36:02.674+0530: 5097.777: [GC (Allocation Failure) [PSYoungGen: 173664K->96K(174080K)] 401068K->227524K(523776K), 0.0018477 secs] [Times: user=0.00 sys=0.00, real=0.00 secs] 
2018-03-19T13:36:02.978+0530: 5098.080: [GC (Allocation Failure) [PSYoungGen: 173664K->96K(174080K)] 401092K->227548K(523776K), 0.0015561 secs] [Times: user=0.00 sys=0.00, real=0.00 secs] 
2018-03-19T13:36:03.281+0530: 5098.384: [GC (Allocation Failure) [PSYoungGen: 173664K->96K(174080K)] 401116K->227572K(523776K), 0.0017980 secs] [Times: user=0.00 sys=0.00, real=0.00 secs] 
2018-03-19T13:36:03.589+0530: 5098.691: [GC (Allocation Failure) [PSYoungGen: 173664K->64K(174080K)] 401140K->227556K(523776K), 0.0024500 secs] [Times: user=0.00 sys=0.00, real=0.00 secs] 
2018-03-19T13:36:03.886+0530: 5098.988: [GC (Allocation Failure) [PSYoungGen: 173632K->96K(174080K)] 401124K->227604K(523776K), 0.0021841 secs] [Times: user=0.00 sys=0.00, real=0.00 secs] 
2018-03-19T13:36:04.205+0530: 5099.309: [GC (Allocation Failure) [PSYoungGen: 173664K->96K(174080K)] 401172K->227620K(523776K), 0.0020170 secs] [Times: user=0.00 sys=0.00, real=0.00 secs] 
2018-03-19T13:36:04.506+0530: 5099.609: [GC (Allocation Failure) [PSYoungGen: 173664K->96K(174080K)] 401188K->227644K(523776K), 0.0016982 secs] [Times: user=0.00 sys=0.00, real=0.00 secs] 
2018-03-19T13:36:04.814+0530: 5099.917: [GC (Allocation Failure) [PSYoungGen: 173664K->96K(174080K)] 401212K->227660K(523776K), 0.0017800 secs] [Times: user=0.00 sys=0.00, real=0.00 secs] 
2018-03-19T13:36:05.092+0530: 5100.195: [GC (Allocation Failure) [PSYoungGen: 173664K->96K(174080K)] 401228K->227692K(523776K), 0.0017373 secs] [Times: user=0.00 sys=0.00, real=0.00 secs] 
2018-03-19T13:36:05.381+0530: 5100.484: [GC (Allocation Failure) [PSYoungGen: 173664K->96K(174080K)] 401260K->227716K(523776K), 0.0015899 secs] [Times: user=0.00 sys=0.00, real=0.00 secs] 
2018-03-19T13:36:05.663+0530: 5100.766: [GC (Allocation Failure) [PSYoungGen: 173664K->64K(174080K)] 401284K->227708K(523776K), 0.0016615 secs] [Times: user=0.00 sys=0.00, real=0.00 secs] 
2018-03-19T13:36:05.947+0530: 5101.049: [GC (Allocation Failure) [PSYoungGen: 173632K->96K(174080K)] 401276K->227764K(523776K), 0.0016844 secs] [Times: user=0.00 sys=0.00, real=0.00 secs] 
2018-03-19T13:36:06.229+0530: 5101.332: [GC (Allocation Failure) [PSYoungGen: 173664K->96K(174080K)] 401332K->227788K(523776K), 0.0016270 secs] [Times: user=0.00 sys=0.00, real=0.00 secs] 
2018-03-19T13:36:06.524+0530: 5101.627: [GC (Allocation Failure) [PSYoungGen: 173664K->64K(174080K)] 401356K->227772K(523776K), 0.0017804 secs] [Times: user=0.05 sys=0.00, real=0.00 secs] 
2018-03-19T13:36:06.835+0530: 5101.938: [GC (Allocation Failure) [PSYoungGen: 173632K->96K(174080K)] 401340K->227828K(523776K), 0.0017638 secs] [Times: user=0.00 sys=0.00, real=0.00 secs] 
2018-03-19T13:36:07.130+0530: 5102.233: [GC (Allocation Failure) [PSYoungGen: 173664K->96K(174080K)] 401396K->227844K(523776K), 0.0017137 secs] [Times: user=0.00 sys=0.00, real=0.00 secs] 
2018-03-19T13:36:07.429+0530: 5102.531: [GC (Allocation Failure) [PSYoungGen: 173664K->64K(174080K)] 401412K->227836K(523776K), 0.0023809 secs] [Times: user=0.02 sys=0.00, real=0.00 secs] 
2018-03-19T13:36:07.728+0530: 5102.831: [GC (Allocation Failure) [PSYoungGen: 173632K->96K(174080K)] 401404K->227892K(523776K), 0.0016446 secs] [Times: user=0.00 sys=0.00, real=0.00 secs] 
2018-03-19T13:36:08.061+0530: 5103.164: [GC (Allocation Failure) [PSYoungGen: 173664K->96K(174080K)] 401460K->227908K(523776K), 0.0016294 secs] [Times: user=0.00 sys=0.00, real=0.00 secs] 
2018-03-19T13:36:08.363+0530: 5103.465: [GC (Allocation Failure) [PSYoungGen: 173664K->96K(174080K)] 401476K->227924K(523776K), 0.0016471 secs] [Times: user=0.00 sys=0.00, real=0.00 secs] 
2018-03-19T13:36:08.665+0530: 5103.768: [GC (Allocation Failure) [PSYoungGen: 173664K->96K(174080K)] 401492K->227948K(523776K), 0.0016471 secs] [Times: user=0.06 sys=0.00, real=0.00 secs] 
2018-03-19T13:36:08.965+0530: 5104.068: [GC (Allocation Failure) [PSYoungGen: 173664K->32K(174080K)] 401516K->227900K(523776K), 0.0023262 secs] [Times: user=0.00 sys=0.00, real=0.00 secs] 
2018-03-19T13:36:09.263+0530: 5104.367: [GC (Allocation Failure) [PSYoungGen: 173600K->96K(174080K)] 401468K->227996K(523776K), 0.0017127 secs] [Times: user=0.00 sys=0.00, real=0.00 secs] 
2018-03-19T13:36:09.568+0530: 5104.670: [GC (Allocation Failure) [PSYoungGen: 173664K->64K(174080K)] 401564K->227988K(523776K), 0.0016569 secs] [Times: user=0.00 sys=0.00, real=0.00 secs] 
2018-03-19T13:36:09.866+0530: 5104.968: [GC (Allocation Failure) [PSYoungGen: 173632K->64K(174080K)] 401556K->228012K(523776K), 0.0017169 secs] [Times: user=0.00 sys=0.00, real=0.00 secs] 
2018-03-19T13:36:10.151+0530: 5105.254: [GC (Allocation Failure) [PSYoungGen: 173632K->96K(174080K)] 401580K->228068K(523776K), 0.0017634 secs] [Times: user=0.00 sys=0.00, real=0.00 secs] 
2018-03-19T13:36:10.454+0530: 5105.556: [GC (Allocation Failure) [PSYoungGen: 173664K->96K(174080K)] 401636K->228100K(523776K), 0.0017511 secs] [Times: user=0.00 sys=0.00, real=0.00 secs] 
2018-03-19T13:36:10.758+0530: 5105.861: [GC (Allocation Failure) [PSYoungGen: 173664K->64K(174080K)] 401668K->228092K(523776K), 0.0015716 secs] [Times: user=0.06 sys=0.00, real=0.00 secs] 
2018-03-19T13:36:11.042+0530: 5106.145: [GC (Allocation Failure) [PSYoungGen: 173632K->96K(174080K)] 401660K->228148K(523776K), 0.0015783 secs] [Times: user=0.00 sys=0.00, real=0.00 secs] 
2018-03-19T13:36:11.338+0530: 5106.441: [GC (Allocation Failure) [PSYoungGen: 173664K->64K(174080K)] 401716K->228140K(523776K), 0.0015963 secs] [Times: user=0.00 sys=0.00, real=0.00 secs] 
2018-03-19T13:36:11.640+0530: 5106.743: [GC (Allocation Failure) [PSYoungGen: 173632K->96K(174080K)] 401708K->228188K(523776K), 0.0018269 secs] [Times: user=0.00 sys=0.00, real=0.00 secs] 
2018-03-19T13:36:11.930+0530: 5107.033: [GC (Allocation Failure) [PSYoungGen: 173664K->96K(174080K)] 401756K->228212K(523776K), 0.0017324 secs] [Times: user=0.06 sys=0.00, real=0.00 secs] 
2018-03-19T13:36:12.218+0530: 5107.321: [GC (Allocation Failure) [PSYoungGen: 173664K->64K(174080K)] 401780K->228204K(523776K), 0.0016788 secs] [Times: user=0.00 sys=0.00, real=0.00 secs] 
2018-03-19T13:36:12.500+0530: 5107.603: [GC (Allocation Failure) [PSYoungGen: 173632K->64K(174080K)] 401772K->228228K(523776K), 0.0017775 secs] [Times: user=0.00 sys=0.00, real=0.00 secs] 
2018-03-19T13:36:12.804+0530: 5107.908: [GC (Allocation Failure) [PSYoungGen: 173632K->96K(174080K)] 401796K->228292K(523776K), 0.0016760 secs] [Times: user=0.06 sys=0.00, real=0.00 secs] 
2018-03-19T13:36:13.106+0530: 5108.209: [GC (Allocation Failure) [PSYoungGen: 173664K->96K(174080K)] 401860K->228316K(523776K), 0.0016633 secs] [Times: user=0.00 sys=0.00, real=0.00 secs] 
2018-03-19T13:36:13.404+0530: 5108.507: [GC (Allocation Failure) [PSYoungGen: 173664K->96K(174080K)] 401884K->228340K(523776K), 0.0016651 secs] [Times: user=0.00 sys=0.00, real=0.00 secs] 
2018-03-19T13:36:13.706+0530: 5108.808: [GC (Allocation Failure) [PSYoungGen: 173664K->96K(174080K)] 401908K->228364K(523776K), 0.0015931 secs] [Times: user=0.00 sys=0.00, real=0.00 secs] 
2018-03-19T13:36:13.990+0530: 5109.093: [GC (Allocation Failure) [PSYoungGen: 173664K->96K(174080K)] 401932K->228388K(523776K), 0.0018047 secs] [Times: user=0.00 sys=0.00, real=0.00 secs] 
2018-03-19T13:36:14.285+0530: 5109.388: [GC (Allocation Failure) [PSYoungGen: 173664K->32K(174080K)] 401956K->228348K(523776K), 0.0020015 secs] [Times: user=0.00 sys=0.00, real=0.00 secs] 
2018-03-19T13:36:14.596+0530: 5109.699: [GC (Allocation Failure) [PSYoungGen: 173600K->96K(174080K)] 401916K->228444K(523776K), 0.0019397 secs] [Times: user=0.00 sys=0.00, real=0.00 secs] 
2018-03-19T13:36:14.877+0530: 5109.979: [GC (Allocation Failure) [PSYoungGen: 173664K->64K(174080K)] 402012K->228428K(523776K), 0.0022737 secs] [Times: user=0.00 sys=0.00, real=0.00 secs] 
2018-03-19T13:36:15.213+0530: 5110.317: [GC (Allocation Failure) [PSYoungGen: 173632K->32K(174080K)] 401996K->228412K(523776K), 0.0015367 secs] [Times: user=0.00 sys=0.00, real=0.00 secs] 
2018-03-19T13:36:15.510+0530: 5110.613: [GC (Allocation Failure) [PSYoungGen: 173600K->128K(174080K)] 401980K->228532K(523776K), 0.0016460 secs] [Times: user=0.00 sys=0.00, real=0.00 secs] 
2018-03-19T13:36:15.803+0530: 5110.906: [GC (Allocation Failure) [PSYoungGen: 173696K->64K(174080K)] 402100K->228492K(523776K), 0.0017324 secs] [Times: user=0.00 sys=0.00, real=0.00 secs] 
2018-03-19T13:36:16.119+0530: 5111.222: [GC (Allocation Failure) [PSYoungGen: 173632K->96K(174080K)] 402060K->228548K(523776K), 0.0018354 secs] [Times: user=0.00 sys=0.00, real=0.00 secs] 
2018-03-19T13:36:16.420+0530: 5111.523: [GC (Allocation Failure) [PSYoungGen: 173664K->96K(174080K)] 402116K->228572K(523776K), 0.0019824 secs] [Times: user=0.00 sys=0.00, real=0.00 secs] 
2018-03-19T13:36:16.742+0530: 5111.845: [GC (Allocation Failure) [PSYoungGen: 173664K->96K(174080K)] 402140K->228588K(523776K), 0.0018791 secs] [Times: user=0.06 sys=0.00, real=0.00 secs] 
2018-03-19T13:36:17.022+0530: 5112.124: [GC (Allocation Failure) [PSYoungGen: 173664K->96K(174080K)] 402156K->228604K(523776K), 0.0016636 secs] [Times: user=0.00 sys=0.00, real=0.00 secs] 
2018-03-19T13:36:17.313+0530: 5112.416: [GC (Allocation Failure) [PSYoungGen: 173664K->96K(174080K)] 402172K->228628K(523776K), 0.0017289 secs] [Times: user=0.00 sys=0.00, real=0.00 secs] 
2018-03-19T13:36:17.603+0530: 5112.707: [GC (Allocation Failure) [PSYoungGen: 173664K->96K(174080K)] 402196K->228644K(523776K), 0.0015466 secs] [Times: user=0.00 sys=0.00, real=0.00 secs] 
2018-03-19T13:36:17.883+0530: 5112.986: [GC (Allocation Failure) [PSYoungGen: 173664K->96K(174080K)] 402212K->228660K(523776K), 0.0018142 secs] [Times: user=0.06 sys=0.00, real=0.00 secs] 
2018-03-19T13:36:18.158+0530: 5113.260: [GC (Allocation Failure) [PSYoungGen: 173664K->96K(174080K)] 402228K->228676K(523776K), 0.0017278 secs] [Times: user=0.00 sys=0.00, real=0.00 secs] 
2018-03-19T13:36:18.442+0530: 5113.544: [GC (Allocation Failure) [PSYoungGen: 173664K->96K(174080K)] 402244K->228708K(523776K), 0.0018054 secs] [Times: user=0.00 sys=0.00, real=0.00 secs] 
2018-03-19T13:36:18.745+0530: 5113.847: [GC (Allocation Failure) [PSYoungGen: 173664K->96K(174080K)] 402276K->228732K(523776K), 0.0016926 secs] [Times: user=0.00 sys=0.00, real=0.00 secs] 
2018-03-19T13:36:19.042+0530: 5114.144: [GC (Allocation Failure) [PSYoungGen: 173664K->96K(174080K)] 402300K->228756K(523776K), 0.0016249 secs] [Times: user=0.00 sys=0.00, real=0.00 secs] 
2018-03-19T13:36:19.339+0530: 5114.441: [GC (Allocation Failure) [PSYoungGen: 173664K->96K(174080K)] 402324K->228780K(523776K), 0.0016605 secs] [Times: user=0.00 sys=0.00, real=0.00 secs] 
2018-03-19T13:36:19.636+0530: 5114.739: [GC (Allocation Failure) [PSYoungGen: 173664K->96K(174080K)] 402348K->228804K(523776K), 0.0015226 secs] [Times: user=0.00 sys=0.00, real=0.00 secs] 
2018-03-19T13:36:19.915+0530: 5115.019: [GC (Allocation Failure) [PSYoungGen: 173664K->96K(174080K)] 402372K->228828K(523776K), 0.0021192 secs] [Times: user=0.00 sys=0.00, real=0.00 secs] 
2018-03-19T13:36:20.228+0530: 5115.330: [GC (Allocation Failure) [PSYoungGen: 173664K->96K(174080K)] 402396K->228852K(523776K), 0.0017874 secs] [Times: user=0.00 sys=0.00, real=0.00 secs] 
2018-03-19T13:36:20.544+0530: 5115.647: [GC (Allocation Failure) [PSYoungGen: 173664K->96K(174080K)] 402420K->228884K(523776K), 0.0016961 secs] [Times: user=0.00 sys=0.00, real=0.00 secs] 
2018-03-19T13:36:20.852+0530: 5115.955: [GC (Allocation Failure) [PSYoungGen: 173664K->64K(174080K)] 402452K->228868K(523776K), 0.0020177 secs] [Times: user=0.03 sys=0.00, real=0.00 secs] 
2018-03-19T13:36:21.150+0530: 5116.253: [GC (Allocation Failure) [PSYoungGen: 173632K->96K(174080K)] 402436K->228924K(523776K), 0.0016830 secs] [Times: user=0.00 sys=0.00, real=0.00 secs] 
2018-03-19T13:36:21.447+0530: 5116.550: [GC (Allocation Failure) [PSYoungGen: 173664K->96K(174080K)] 402492K->228956K(523776K), 0.0017641 secs] [Times: user=0.00 sys=0.00, real=0.00 secs] 
2018-03-19T13:36:21.746+0530: 5116.849: [GC (Allocation Failure) [PSYoungGen: 173664K->96K(174080K)] 402524K->228972K(523776K), 0.0015854 secs] [Times: user=0.00 sys=0.00, real=0.00 secs] 
2018-03-19T13:36:22.028+0530: 5117.131: [GC (Allocation Failure) [PSYoungGen: 173664K->64K(174080K)] 402540K->228964K(523776K), 0.0016584 secs] [Times: user=0.00 sys=0.00, real=0.00 secs] 
2018-03-19T13:36:22.307+0530: 5117.410: [GC (Allocation Failure) [PSYoungGen: 173632K->96K(174080K)] 402532K->229020K(523776K), 0.0015289 secs] [Times: user=0.00 sys=0.00, real=0.00 secs] 
2018-03-19T13:36:22.592+0530: 5117.695: [GC (Allocation Failure) [PSYoungGen: 173664K->96K(174080K)] 402588K->229044K(523776K), 0.0015871 secs] [Times: user=0.00 sys=0.00, real=0.00 secs] 
2018-03-19T13:36:22.882+0530: 5117.986: [GC (Allocation Failure) [PSYoungGen: 173664K->96K(174080K)] 402612K->229068K(523776K), 0.0016122 secs] [Times: user=0.02 sys=0.00, real=0.00 secs] 
2018-03-19T13:36:23.189+0530: 5118.292: [GC (Allocation Failure) [PSYoungGen: 173664K->96K(174080K)] 402636K->229084K(523776K), 0.0016041 secs] [Times: user=0.00 sys=0.00, real=0.00 secs] 
2018-03-19T13:36:23.479+0530: 5118.582: [GC (Allocation Failure) [PSYoungGen: 173664K->96K(174080K)] 402652K->229116K(523776K), 0.0018036 secs] [Times: user=0.00 sys=0.00, real=0.00 secs] 
2018-03-19T13:36:23.772+0530: 5118.874: [GC (Allocation Failure) [PSYoungGen: 173664K->96K(174080K)] 402684K->229132K(523776K), 0.0017067 secs] [Times: user=0.00 sys=0.00, real=0.00 secs] 
2018-03-19T13:36:24.087+0530: 5119.189: [GC (Allocation Failure) [PSYoungGen: 173664K->96K(174080K)] 402700K->229148K(523776K), 0.0017631 secs] [Times: user=0.00 sys=0.00, real=0.00 secs] 
2018-03-19T13:36:24.367+0530: 5119.470: [GC (Allocation Failure) [PSYoungGen: 173664K->96K(174080K)] 402716K->229172K(523776K), 0.0015452 secs] [Times: user=0.00 sys=0.00, real=0.00 secs] 
2018-03-19T13:36:24.651+0530: 5119.753: [GC (Allocation Failure) [PSYoungGen: 173664K->96K(174080K)] 402740K->229204K(523776K), 0.0016654 secs] [Times: user=0.00 sys=0.00, real=0.00 secs] 
2018-03-19T13:36:24.929+0530: 5120.032: [GC (Allocation Failure) [PSYoungGen: 173664K->96K(174080K)] 402772K->229228K(523776K), 0.0015801 secs] [Times: user=0.00 sys=0.00, real=0.00 secs] 
2018-03-19T13:36:25.206+0530: 5120.308: [GC (Allocation Failure) [PSYoungGen: 173664K->96K(174080K)] 402796K->229260K(523776K), 0.0017395 secs] [Times: user=0.00 sys=0.00, real=0.00 secs] 
2018-03-19T13:36:25.496+0530: 5120.599: [GC (Allocation Failure) [PSYoungGen: 173664K->96K(174080K)] 402828K->229284K(523776K), 0.0016961 secs] [Times: user=0.00 sys=0.00, real=0.00 secs] 
2018-03-19T13:36:25.780+0530: 5120.883: [GC (Allocation Failure) [PSYoungGen: 173664K->96K(174080K)] 402852K->229308K(523776K), 0.0015921 secs] [Times: user=0.00 sys=0.00, real=0.00 secs] 
2018-03-19T13:36:26.063+0530: 5121.165: [GC (Allocation Failure) [PSYoungGen: 173664K->96K(174080K)] 402876K->229332K(523776K), 0.0016435 secs] [Times: user=0.00 sys=0.00, real=0.00 secs] 
2018-03-19T13:36:26.341+0530: 5121.443: [GC (Allocation Failure) [PSYoungGen: 173664K->64K(174080K)] 402900K->229324K(523776K), 0.0017730 secs] [Times: user=0.00 sys=0.00, real=0.00 secs] 
2018-03-19T13:36:26.658+0530: 5121.761: [GC (Allocation Failure) [PSYoungGen: 173632K->64K(174080K)] 402892K->229348K(523776K), 0.0017447 secs] [Times: user=0.00 sys=0.00, real=0.00 secs] 
2018-03-19T13:36:26.973+0530: 5122.075: [GC (Allocation Failure) [PSYoungGen: 173632K->32K(174080K)] 402916K->229332K(523776K), 0.0023865 secs] [Times: user=0.00 sys=0.00, real=0.00 secs] 
2018-03-19T13:36:27.264+0530: 5122.367: [GC (Allocation Failure) [PSYoungGen: 173600K->96K(174080K)] 402900K->229412K(523776K), 0.0018149 secs] [Times: user=0.00 sys=0.00, real=0.00 secs] 
2018-03-19T13:36:27.566+0530: 5122.669: [GC (Allocation Failure) [PSYoungGen: 173664K->96K(174080K)] 402980K->229436K(523776K), 0.0017553 secs] [Times: user=0.00 sys=0.00, real=0.00 secs] 
2018-03-19T13:36:27.862+0530: 5122.965: [GC (Allocation Failure) [PSYoungGen: 173664K->96K(174080K)] 403004K->229460K(523776K), 0.0017271 secs] [Times: user=0.00 sys=0.00, real=0.00 secs] 
2018-03-19T13:36:28.158+0530: 5123.261: [GC (Allocation Failure) [PSYoungGen: 173664K->96K(174080K)] 403028K->229484K(523776K), 0.0016125 secs] [Times: user=0.00 sys=0.00, real=0.00 secs] 
2018-03-19T13:36:28.435+0530: 5123.538: [GC (Allocation Failure) [PSYoungGen: 173664K->96K(174080K)] 403052K->229508K(523776K), 0.0017282 secs] [Times: user=0.00 sys=0.00, real=0.00 secs] 
2018-03-19T13:36:28.716+0530: 5123.818: [GC (Allocation Failure) [PSYoungGen: 173664K->96K(174080K)] 403076K->229532K(523776K), 0.0017469 secs] [Times: user=0.00 sys=0.00, real=0.00 secs] 
2018-03-19T13:36:28.993+0530: 5124.095: [GC (Allocation Failure) [PSYoungGen: 173664K->96K(174080K)] 403100K->229556K(523776K), 0.0015988 secs] [Times: user=0.01 sys=0.00, real=0.00 secs] 
2018-03-19T13:36:29.271+0530: 5124.374: [GC (Allocation Failure) [PSYoungGen: 173664K->96K(174080K)] 403124K->229580K(523776K), 0.0016524 secs] [Times: user=0.00 sys=0.00, real=0.00 secs] 
2018-03-19T13:36:29.559+0530: 5124.663: [GC (Allocation Failure) [PSYoungGen: 173664K->96K(174080K)] 403148K->229604K(523776K), 0.0016897 secs] [Times: user=0.00 sys=0.00, real=0.00 secs] 
2018-03-19T13:36:29.851+0530: 5124.953: [GC (Allocation Failure) [PSYoungGen: 173664K->96K(174080K)] 403172K->229628K(523776K), 0.0015624 secs] [Times: user=0.00 sys=0.00, real=0.00 secs] 
2018-03-19T13:36:30.130+0530: 5125.232: [GC (Allocation Failure) [PSYoungGen: 173664K->96K(174080K)] 403196K->229652K(523776K), 0.0015864 secs] [Times: user=0.00 sys=0.00, real=0.00 secs] 
2018-03-19T13:36:30.407+0530: 5125.509: [GC (Allocation Failure) [PSYoungGen: 173664K->96K(174080K)] 403220K->229676K(523776K), 0.0015907 secs] [Times: user=0.00 sys=0.00, real=0.00 secs] 
2018-03-19T13:36:30.712+0530: 5125.814: [GC (Allocation Failure) [PSYoungGen: 173664K->64K(174080K)] 403244K->229668K(523776K), 0.0018276 secs] [Times: user=0.00 sys=0.00, real=0.00 secs] 
2018-03-19T13:36:30.993+0530: 5126.096: [GC (Allocation Failure) [PSYoungGen: 173632K->96K(174080K)] 403236K->229724K(523776K), 0.0015466 secs] [Times: user=0.00 sys=0.00, real=0.00 secs] 
2018-03-19T13:36:31.276+0530: 5126.379: [GC (Allocation Failure) [PSYoungGen: 173664K->96K(174080K)] 403292K->229748K(523776K), 0.0015399 secs] [Times: user=0.00 sys=0.00, real=0.00 secs] 
2018-03-19T13:36:31.555+0530: 5126.658: [GC (Allocation Failure) [PSYoungGen: 173664K->64K(174080K)] 403316K->229740K(523776K), 0.0017708 secs] [Times: user=0.00 sys=0.00, real=0.00 secs] 
2018-03-19T13:36:31.841+0530: 5126.944: [GC (Allocation Failure) [PSYoungGen: 173632K->64K(174080K)] 403308K->229756K(523776K), 0.0016182 secs] [Times: user=0.00 sys=0.00, real=0.00 secs] 
2018-03-19T13:36:32.144+0530: 5127.247: [GC (Allocation Failure) [PSYoungGen: 173632K->64K(174080K)] 403324K->229780K(523776K), 0.0018608 secs] [Times: user=0.00 sys=0.00, real=0.00 secs] 
2018-03-19T13:36:32.423+0530: 5127.526: [GC (Allocation Failure) [PSYoungGen: 173632K->96K(174080K)] 403348K->229836K(523776K), 0.0017176 secs] [Times: user=0.00 sys=0.00, real=0.00 secs] 
2018-03-19T13:36:32.711+0530: 5127.815: [GC (Allocation Failure) [PSYoungGen: 173664K->96K(174080K)] 403404K->229852K(523776K), 0.0016196 secs] [Times: user=0.06 sys=0.00, real=0.00 secs] 
2018-03-19T13:36:32.989+0530: 5128.092: [GC (Allocation Failure) [PSYoungGen: 173664K->64K(174080K)] 403420K->229844K(523776K), 0.0016788 secs] [Times: user=0.00 sys=0.00, real=0.00 secs] 
2018-03-19T13:36:33.275+0530: 5128.377: [GC (Allocation Failure) [PSYoungGen: 173632K->96K(174080K)] 403412K->229900K(523776K), 0.0016319 secs] [Times: user=0.00 sys=0.00, real=0.00 secs] 
2018-03-19T13:36:33.559+0530: 5128.661: [GC (Allocation Failure) [PSYoungGen: 173664K->96K(174080K)] 403468K->229924K(523776K), 0.0017786 secs] [Times: user=0.00 sys=0.00, real=0.00 secs] 
2018-03-19T13:36:33.831+0530: 5128.934: [GC (Allocation Failure) [PSYoungGen: 173664K->96K(174080K)] 403492K->229956K(523776K), 0.0016460 secs] [Times: user=0.00 sys=0.00, real=0.00 secs] 
2018-03-19T13:36:34.110+0530: 5129.212: [GC (Allocation Failure) [PSYoungGen: 173664K->64K(174080K)] 403524K->229948K(523776K), 0.0015497 secs] [Times: user=0.00 sys=0.00, real=0.00 secs] 
2018-03-19T13:36:34.387+0530: 5129.490: [GC (Allocation Failure) [PSYoungGen: 173632K->96K(174080K)] 403516K->230004K(523776K), 0.0017447 secs] [Times: user=0.00 sys=0.00, real=0.00 secs] 
2018-03-19T13:36:34.670+0530: 5129.773: [GC (Allocation Failure) [PSYoungGen: 173664K->96K(174080K)] 403572K->230028K(523776K), 0.0015642 secs] [Times: user=0.00 sys=0.00, real=0.00 secs] 
2018-03-19T13:36:34.955+0530: 5130.057: [GC (Allocation Failure) [PSYoungGen: 173664K->96K(174080K)] 403596K->230052K(523776K), 0.0015385 secs] [Times: user=0.00 sys=0.00, real=0.00 secs] 
2018-03-19T13:36:35.236+0530: 5130.339: [GC (Allocation Failure) [PSYoungGen: 173664K->96K(174080K)] 403620K->230076K(523776K), 0.0017024 secs] [Times: user=0.00 sys=0.00, real=0.00 secs] 
2018-03-19T13:36:35.521+0530: 5130.624: [GC (Allocation Failure) [PSYoungGen: 173664K->96K(174080K)] 403644K->230100K(523776K), 0.0016407 secs] [Times: user=0.00 sys=0.00, real=0.00 secs] 
2018-03-19T13:36:35.801+0530: 5130.903: [GC (Allocation Failure) [PSYoungGen: 173664K->96K(174080K)] 403668K->230116K(523776K), 0.0015286 secs] [Times: user=0.00 sys=0.00, real=0.00 secs] 
2018-03-19T13:36:36.093+0530: 5131.196: [GC (Allocation Failure) [PSYoungGen: 173664K->96K(174080K)] 403684K->230140K(523776K), 0.0016023 secs] [Times: user=0.00 sys=0.00, real=0.00 secs] 
2018-03-19T13:36:36.373+0530: 5131.475: [GC (Allocation Failure) [PSYoungGen: 173664K->96K(174080K)] 403708K->230164K(523776K), 0.0015540 secs] [Times: user=0.00 sys=0.00, real=0.00 secs] 
2018-03-19T13:36:36.670+0530: 5131.773: [GC (Allocation Failure) [PSYoungGen: 173664K->64K(174080K)] 403732K->230156K(523776K), 0.0015836 secs] [Times: user=0.00 sys=0.00, real=0.00 secs] 
2018-03-19T13:36:36.959+0530: 5132.062: [GC (Allocation Failure) [PSYoungGen: 173632K->96K(174080K)] 403724K->230212K(523776K), 0.0016041 secs] [Times: user=0.00 sys=0.00, real=0.00 secs] 
2018-03-19T13:36:37.242+0530: 5132.345: [GC (Allocation Failure) [PSYoungGen: 173664K->96K(174080K)] 403780K->230236K(523776K), 0.0017546 secs] [Times: user=0.06 sys=0.00, real=0.00 secs] 
2018-03-19T13:36:37.513+0530: 5132.616: [GC (Allocation Failure) [PSYoungGen: 173664K->96K(174080K)] 403804K->230268K(523776K), 0.0017476 secs] [Times: user=0.00 sys=0.00, real=0.00 secs] 
2018-03-19T13:36:37.794+0530: 5132.896: [GC (Allocation Failure) [PSYoungGen: 173664K->96K(174080K)] 403836K->230284K(523776K), 0.0016957 secs] [Times: user=0.00 sys=0.00, real=0.00 secs] 
2018-03-19T13:36:38.073+0530: 5133.175: [GC (Allocation Failure) [PSYoungGen: 173664K->96K(174080K)] 403852K->230308K(523776K), 0.0018657 secs] [Times: user=0.00 sys=0.00, real=0.00 secs] 
2018-03-19T13:36:38.354+0530: 5133.457: [GC (Allocation Failure) [PSYoungGen: 173664K->96K(174080K)] 403876K->230332K(523776K), 0.0016030 secs] [Times: user=0.00 sys=0.00, real=0.00 secs] 
2018-03-19T13:36:38.641+0530: 5133.743: [GC (Allocation Failure) [PSYoungGen: 173664K->96K(174080K)] 403900K->230364K(523776K), 0.0015642 secs] [Times: user=0.00 sys=0.00, real=0.00 secs] 
2018-03-19T13:36:38.908+0530: 5134.010: [GC (Allocation Failure) [PSYoungGen: 173664K->96K(174080K)] 403932K->230388K(523776K), 0.0016069 secs] [Times: user=0.00 sys=0.00, real=0.00 secs] 
2018-03-19T13:36:39.182+0530: 5134.285: [GC (Allocation Failure) [PSYoungGen: 173664K->64K(174080K)] 403956K->230380K(523776K), 0.0017550 secs] [Times: user=0.00 sys=0.00, real=0.00 secs] 
2018-03-19T13:36:39.454+0530: 5134.557: [GC (Allocation Failure) [PSYoungGen: 173632K->64K(174080K)] 403948K->230404K(523776K), 0.0015959 secs] [Times: user=0.00 sys=0.00, real=0.00 secs] 
2018-03-19T13:36:39.739+0530: 5134.841: [GC (Allocation Failure) [PSYoungGen: 173632K->96K(174080K)] 403972K->230468K(523776K), 0.0015251 secs] [Times: user=0.00 sys=0.00, real=0.00 secs] 
2018-03-19T13:36:40.037+0530: 5135.139: [GC (Allocation Failure) [PSYoungGen: 173664K->128K(174080K)] 404036K->230516K(523776K), 0.0019412 secs] [Times: user=0.00 sys=0.00, real=0.00 secs] 
2018-03-19T13:36:40.320+0530: 5135.423: [GC (Allocation Failure) [PSYoungGen: 173696K->96K(174080K)] 404084K->230500K(523776K), 0.0018258 secs] [Times: user=0.00 sys=0.00, real=0.00 secs] 
2018-03-19T13:36:40.605+0530: 5135.708: [GC (Allocation Failure) [PSYoungGen: 173664K->64K(174080K)] 404068K->230492K(523776K), 0.0015572 secs] [Times: user=0.00 sys=0.00, real=0.00 secs] 
2018-03-19T13:36:40.883+0530: 5135.986: [GC (Allocation Failure) [PSYoungGen: 173632K->96K(174080K)] 404060K->230556K(523776K), 0.0017395 secs] [Times: user=0.06 sys=0.00, real=0.00 secs] 
2018-03-19T13:36:41.167+0530: 5136.270: [GC (Allocation Failure) [PSYoungGen: 173664K->96K(174080K)] 404124K->230572K(523776K), 0.0015575 secs] [Times: user=0.00 sys=0.00, real=0.00 secs] 
2018-03-19T13:36:41.446+0530: 5136.550: [GC (Allocation Failure) [PSYoungGen: 173664K->96K(174080K)] 404140K->230596K(523776K), 0.0017656 secs] [Times: user=0.00 sys=0.02, real=0.00 secs] 
2018-03-19T13:36:41.738+0530: 5136.842: [GC (Allocation Failure) [PSYoungGen: 173664K->96K(174080K)] 404164K->230620K(523776K), 0.0016975 secs] [Times: user=0.00 sys=0.00, real=0.00 secs] 
2018-03-19T13:36:42.030+0530: 5137.133: [GC (Allocation Failure) [PSYoungGen: 173664K->96K(174080K)] 404188K->230644K(523776K), 0.0015624 secs] [Times: user=0.00 sys=0.00, real=0.00 secs] 
2018-03-19T13:36:42.312+0530: 5137.415: [GC (Allocation Failure) [PSYoungGen: 173664K->96K(174080K)] 404212K->230668K(523776K), 0.0017172 secs] [Times: user=0.00 sys=0.00, real=0.00 secs] 
2018-03-19T13:36:42.601+0530: 5137.704: [GC (Allocation Failure) [PSYoungGen: 173664K->96K(174080K)] 404236K->230692K(523776K), 0.0015603 secs] [Times: user=0.00 sys=0.02, real=0.00 secs] 
2018-03-19T13:36:42.880+0530: 5137.983: [GC (Allocation Failure) [PSYoungGen: 173664K->96K(174080K)] 404260K->230716K(523776K), 0.0016883 secs] [Times: user=0.00 sys=0.00, real=0.00 secs] 
2018-03-19T13:36:43.159+0530: 5138.262: [GC (Allocation Failure) [PSYoungGen: 173664K->96K(174080K)] 404284K->230732K(523776K), 0.0016372 secs] [Times: user=0.00 sys=0.00, real=0.00 secs] 
2018-03-19T13:36:43.440+0530: 5138.543: [GC (Allocation Failure) [PSYoungGen: 173664K->96K(174080K)] 404300K->230756K(523776K), 0.0074487 secs] [Times: user=0.06 sys=0.00, real=0.01 secs] 
2018-03-19T13:36:43.733+0530: 5138.836: [GC (Allocation Failure) [PSYoungGen: 173664K->96K(174080K)] 404324K->230780K(523776K), 0.0015483 secs] [Times: user=0.00 sys=0.00, real=0.00 secs] 
2018-03-19T13:36:44.027+0530: 5139.130: [GC (Allocation Failure) [PSYoungGen: 173664K->96K(174080K)] 404348K->230812K(523776K), 0.0016351 secs] [Times: user=0.00 sys=0.00, real=0.00 secs] 
2018-03-19T13:36:44.308+0530: 5139.411: [GC (Allocation Failure) [PSYoungGen: 173664K->96K(174080K)] 404380K->230836K(523776K), 0.0017698 secs] [Times: user=0.00 sys=0.00, real=0.00 secs] 
2018-03-19T13:36:44.594+0530: 5139.697: [GC (Allocation Failure) [PSYoungGen: 173664K->96K(174080K)] 404404K->230852K(523776K), 0.0016227 secs] [Times: user=0.00 sys=0.00, real=0.00 secs] 
2018-03-19T13:36:44.869+0530: 5139.972: [GC (Allocation Failure) [PSYoungGen: 173664K->96K(174080K)] 404420K->230876K(523776K), 0.0016675 secs] [Times: user=0.00 sys=0.00, real=0.00 secs] 
2018-03-19T13:36:45.152+0530: 5140.254: [GC (Allocation Failure) [PSYoungGen: 173664K->96K(174080K)] 404444K->230892K(523776K), 0.0015843 secs] [Times: user=0.00 sys=0.00, real=0.00 secs] 
2018-03-19T13:36:45.430+0530: 5140.533: [GC (Allocation Failure) [PSYoungGen: 173664K->96K(174080K)] 404460K->230908K(523776K), 0.0017941 secs] [Times: user=0.00 sys=0.00, real=0.00 secs] 
2018-03-19T13:36:45.713+0530: 5140.816: [GC (Allocation Failure) [PSYoungGen: 173664K->96K(174080K)] 404476K->230924K(523776K), 0.0017652 secs] [Times: user=0.00 sys=0.00, real=0.00 secs] 
2018-03-19T13:36:45.993+0530: 5141.096: [GC (Allocation Failure) [PSYoungGen: 173664K->96K(174080K)] 404492K->230940K(523776K), 0.0015610 secs] [Times: user=0.06 sys=0.00, real=0.00 secs] 
2018-03-19T13:36:46.270+0530: 5141.372: [GC (Allocation Failure) [PSYoungGen: 173664K->64K(174080K)] 404508K->230932K(523776K), 0.0016421 secs] [Times: user=0.00 sys=0.00, real=0.00 secs] 
2018-03-19T13:36:46.565+0530: 5141.668: [GC (Allocation Failure) [PSYoungGen: 173632K->128K(174080K)] 404500K->231020K(523776K), 0.0018756 secs] [Times: user=0.00 sys=0.00, real=0.00 secs] 
2018-03-19T13:36:46.850+0530: 5141.953: [GC (Allocation Failure) [PSYoungGen: 173696K->96K(174080K)] 404588K->231020K(523776K), 0.0018142 secs] [Times: user=0.00 sys=0.00, real=0.00 secs] 
2018-03-19T13:36:47.133+0530: 5142.237: [GC (Allocation Failure) [PSYoungGen: 173664K->96K(174080K)] 404588K->231044K(523776K), 0.0015572 secs] [Times: user=0.00 sys=0.00, real=0.00 secs] 
2018-03-19T13:36:47.411+0530: 5142.514: [GC (Allocation Failure) [PSYoungGen: 173664K->96K(174080K)] 404612K->231076K(523776K), 0.0016943 secs] [Times: user=0.00 sys=0.00, real=0.00 secs] 
2018-03-19T13:36:47.701+0530: 5142.804: [GC (Allocation Failure) [PSYoungGen: 173664K->96K(174080K)] 404644K->231100K(523776K), 0.0016950 secs] [Times: user=0.00 sys=0.00, real=0.00 secs] 
2018-03-19T13:36:47.998+0530: 5143.101: [GC (Allocation Failure) [PSYoungGen: 173664K->96K(174080K)] 404668K->231124K(523776K), 0.0017585 secs] [Times: user=0.00 sys=0.00, real=0.00 secs] 
2018-03-19T13:36:48.281+0530: 5143.383: [GC (Allocation Failure) [PSYoungGen: 173664K->96K(174080K)] 404692K->231140K(523776K), 0.0017902 secs] [Times: user=0.00 sys=0.00, real=0.00 secs] 
2018-03-19T13:36:48.567+0530: 5143.670: [GC (Allocation Failure) [PSYoungGen: 173664K->96K(174080K)] 404708K->231164K(523776K), 0.0018181 secs] [Times: user=0.00 sys=0.00, real=0.00 secs] 
2018-03-19T13:36:48.848+0530: 5143.950: [GC (Allocation Failure) [PSYoungGen: 173664K->96K(174080K)] 404732K->231188K(523776K), 0.0015325 secs] [Times: user=0.00 sys=0.00, real=0.00 secs] 
2018-03-19T13:36:49.119+0530: 5144.222: [GC (Allocation Failure) [PSYoungGen: 173664K->96K(174080K)] 404756K->231220K(523776K), 0.0016361 secs] [Times: user=0.00 sys=0.00, real=0.00 secs] 
2018-03-19T13:36:49.403+0530: 5144.506: [GC (Allocation Failure) [PSYoungGen: 173664K->96K(174080K)] 404788K->231236K(523776K), 0.0016365 secs] [Times: user=0.00 sys=0.00, real=0.00 secs] 
2018-03-19T13:36:49.685+0530: 5144.788: [GC (Allocation Failure) [PSYoungGen: 173664K->96K(174080K)] 404804K->231260K(523776K), 0.0015529 secs] [Times: user=0.00 sys=0.00, real=0.00 secs] 
2018-03-19T13:36:49.966+0530: 5145.069: [GC (Allocation Failure) [PSYoungGen: 173664K->64K(174080K)] 404828K->231252K(523776K), 0.0017179 secs] [Times: user=0.00 sys=0.00, real=0.00 secs] 
2018-03-19T13:36:50.241+0530: 5145.344: [GC (Allocation Failure) [PSYoungGen: 173632K->64K(174080K)] 404820K->231276K(523776K), 0.0017571 secs] [Times: user=0.00 sys=0.00, real=0.00 secs] 
2018-03-19T13:36:50.524+0530: 5145.627: [GC (Allocation Failure) [PSYoungGen: 173632K->64K(174080K)] 404844K->231300K(523776K), 0.0016725 secs] [Times: user=0.00 sys=0.00, real=0.00 secs] 
2018-03-19T13:36:50.820+0530: 5145.922: [GC (Allocation Failure) [PSYoungGen: 173632K->96K(174080K)] 404868K->231356K(523776K), 0.0016777 secs] [Times: user=0.00 sys=0.00, real=0.00 secs] 
2018-03-19T13:36:51.106+0530: 5146.209: [GC (Allocation Failure) [PSYoungGen: 173664K->96K(174080K)] 404924K->231380K(523776K), 0.0018114 secs] [Times: user=0.00 sys=0.00, real=0.00 secs] 
2018-03-19T13:36:51.388+0530: 5146.491: [GC (Allocation Failure) [PSYoungGen: 173664K->128K(174080K)] 404948K->231436K(523776K), 0.0016065 secs] [Times: user=0.00 sys=0.00, real=0.00 secs] 
2018-03-19T13:36:51.671+0530: 5146.773: [GC (Allocation Failure) [PSYoungGen: 173696K->96K(174080K)] 405004K->231436K(523776K), 0.0015776 secs] [Times: user=0.00 sys=0.00, real=0.00 secs] 
2018-03-19T13:36:51.985+0530: 5147.088: [GC (Allocation Failure) [PSYoungGen: 173664K->96K(174080K)] 405004K->231452K(523776K), 0.0018262 secs] [Times: user=0.00 sys=0.00, real=0.00 secs] 
2018-03-19T13:36:52.261+0530: 5147.363: [GC (Allocation Failure) [PSYoungGen: 173664K->96K(174080K)] 405020K->231476K(523776K), 0.0015935 secs] [Times: user=0.00 sys=0.00, real=0.00 secs] 
2018-03-19T13:36:52.543+0530: 5147.646: [GC (Allocation Failure) [PSYoungGen: 173664K->96K(174080K)] 405044K->231500K(523776K), 0.0017377 secs] [Times: user=0.00 sys=0.00, real=0.00 secs] 
2018-03-19T13:36:52.818+0530: 5147.921: [GC (Allocation Failure) [PSYoungGen: 173664K->96K(174080K)] 405068K->231524K(523776K), 0.0014828 secs] [Times: user=0.00 sys=0.00, real=0.00 secs] 
2018-03-19T13:36:53.101+0530: 5148.204: [GC (Allocation Failure) [PSYoungGen: 173664K->96K(174080K)] 405092K->231548K(523776K), 0.0017077 secs] [Times: user=0.00 sys=0.02, real=0.00 secs] 
2018-03-19T13:36:53.382+0530: 5148.484: [GC (Allocation Failure) [PSYoungGen: 173664K->96K(174080K)] 405116K->231564K(523776K), 0.0015868 secs] [Times: user=0.00 sys=0.00, real=0.00 secs] 
2018-03-19T13:36:53.658+0530: 5148.761: [GC (Allocation Failure) [PSYoungGen: 173664K->64K(174080K)] 405132K->231556K(523776K), 0.0016781 secs] [Times: user=0.00 sys=0.00, real=0.00 secs] 
2018-03-19T13:36:53.937+0530: 5149.040: [GC (Allocation Failure) [PSYoungGen: 173632K->96K(174080K)] 405124K->231612K(523776K), 0.0018653 secs] [Times: user=0.00 sys=0.00, real=0.00 secs] 
2018-03-19T13:36:54.215+0530: 5149.317: [GC (Allocation Failure) [PSYoungGen: 173664K->96K(174080K)] 405180K->231636K(523776K), 0.0015635 secs] [Times: user=0.00 sys=0.00, real=0.00 secs] 
2018-03-19T13:36:54.496+0530: 5149.599: [GC (Allocation Failure) [PSYoungGen: 173664K->96K(174080K)] 405204K->231660K(523776K), 0.0017335 secs] [Times: user=0.00 sys=0.00, real=0.00 secs] 
2018-03-19T13:36:54.782+0530: 5149.885: [GC (Allocation Failure) [PSYoungGen: 173664K->96K(174080K)] 405228K->231684K(523776K), 0.0016580 secs] [Times: user=0.00 sys=0.00, real=0.00 secs] 
2018-03-19T13:36:55.060+0530: 5150.163: [GC (Allocation Failure) [PSYoungGen: 173664K->96K(174080K)] 405252K->231700K(523776K), 0.0018135 secs] [Times: user=0.00 sys=0.00, real=0.00 secs] 
2018-03-19T13:36:55.341+0530: 5150.444: [GC (Allocation Failure) [PSYoungGen: 173664K->96K(174080K)] 405268K->231732K(523776K), 0.0017511 secs] [Times: user=0.00 sys=0.00, real=0.00 secs] 
2018-03-19T13:36:55.623+0530: 5150.726: [GC (Allocation Failure) [PSYoungGen: 173664K->96K(174080K)] 405300K->231756K(523776K), 0.0015621 secs] [Times: user=0.00 sys=0.00, real=0.00 secs] 
2018-03-19T13:36:55.898+0530: 5151.001: [GC (Allocation Failure) [PSYoungGen: 173664K->96K(174080K)] 405324K->231780K(523776K), 0.0015367 secs] [Times: user=0.02 sys=0.00, real=0.00 secs] 
2018-03-19T13:36:56.196+0530: 5151.299: [GC (Allocation Failure) [PSYoungGen: 173664K->96K(174080K)] 405348K->231804K(523776K), 0.0017514 secs] [Times: user=0.06 sys=0.00, real=0.00 secs] 
2018-03-19T13:36:56.474+0530: 5151.576: [GC (Allocation Failure) [PSYoungGen: 173664K->64K(174080K)] 405372K->231788K(523776K), 0.0026862 secs] [Times: user=0.00 sys=0.00, real=0.00 secs] 
2018-03-19T13:36:56.764+0530: 5151.866: [GC (Allocation Failure) [PSYoungGen: 173632K->96K(174080K)] 405356K->231852K(523776K), 0.0016587 secs] [Times: user=0.00 sys=0.00, real=0.00 secs] 
2018-03-19T13:36:57.059+0530: 5152.161: [GC (Allocation Failure) [PSYoungGen: 173664K->96K(174080K)] 405420K->231876K(523776K), 0.0017938 secs] [Times: user=0.00 sys=0.00, real=0.00 secs] 
2018-03-19T13:36:57.343+0530: 5152.446: [GC (Allocation Failure) [PSYoungGen: 173664K->96K(174080K)] 405444K->231900K(523776K), 0.0016756 secs] [Times: user=0.00 sys=0.00, real=0.00 secs] 
2018-03-19T13:36:57.629+0530: 5152.732: [GC (Allocation Failure) [PSYoungGen: 173664K->96K(174080K)] 405468K->231916K(523776K), 0.0016337 secs] [Times: user=0.00 sys=0.00, real=0.00 secs] 
2018-03-19T13:36:57.906+0530: 5153.009: [GC (Allocation Failure) [PSYoungGen: 173664K->96K(174080K)] 405484K->231948K(523776K), 0.0015300 secs] [Times: user=0.00 sys=0.00, real=0.00 secs] 
2018-03-19T13:36:58.176+0530: 5153.278: [GC (Allocation Failure) [PSYoungGen: 173664K->64K(174080K)] 405516K->231940K(523776K), 0.0016478 secs] [Times: user=0.00 sys=0.00, real=0.00 secs] 
2018-03-19T13:36:58.461+0530: 5153.564: [GC (Allocation Failure) [PSYoungGen: 173632K->64K(174080K)] 405508K->231956K(523776K), 0.0016929 secs] [Times: user=0.00 sys=0.00, real=0.00 secs] 
2018-03-19T13:36:58.749+0530: 5153.851: [GC (Allocation Failure) [PSYoungGen: 173632K->96K(174080K)] 405524K->232020K(523776K), 0.0017335 secs] [Times: user=0.00 sys=0.00, real=0.00 secs] 
2018-03-19T13:36:59.025+0530: 5154.129: [GC (Allocation Failure) [PSYoungGen: 173664K->96K(174080K)] 405588K->232044K(523776K), 0.0016975 secs] [Times: user=0.00 sys=0.00, real=0.00 secs] 
2018-03-19T13:36:59.304+0530: 5154.407: [GC (Allocation Failure) [PSYoungGen: 173664K->128K(174080K)] 405612K->232092K(523776K), 0.0016093 secs] [Times: user=0.00 sys=0.00, real=0.00 secs] 
2018-03-19T13:36:59.593+0530: 5154.696: [GC (Allocation Failure) [PSYoungGen: 173696K->96K(174080K)] 405660K->232084K(523776K), 0.0018632 secs] [Times: user=0.00 sys=0.00, real=0.00 secs] 
2018-03-19T13:36:59.897+0530: 5155.000: [GC (Allocation Failure) [PSYoungGen: 173664K->96K(174080K)] 405652K->232100K(523776K), 0.0018678 secs] [Times: user=0.00 sys=0.00, real=0.00 secs] 
2018-03-19T13:37:00.224+0530: 5155.328: [GC (Allocation Failure) [PSYoungGen: 173664K->96K(174080K)] 405668K->232124K(523776K), 0.0015706 secs] [Times: user=0.00 sys=0.00, real=0.00 secs] 
2018-03-19T13:37:00.507+0530: 5155.610: [GC (Allocation Failure) [PSYoungGen: 173664K->96K(174080K)] 405692K->232148K(523776K), 0.0016651 secs] [Times: user=0.01 sys=0.02, real=0.00 secs] 
2018-03-19T13:37:00.788+0530: 5155.891: [GC (Allocation Failure) [PSYoungGen: 173664K->64K(174080K)] 405716K->232140K(523776K), 0.0015325 secs] [Times: user=0.00 sys=0.00, real=0.00 secs] 
2018-03-19T13:37:01.063+0530: 5156.166: [GC (Allocation Failure) [PSYoungGen: 173632K->64K(174080K)] 405708K->232164K(523776K), 0.0016964 secs] [Times: user=0.00 sys=0.00, real=0.00 secs] 
2018-03-19T13:37:01.343+0530: 5156.445: [GC (Allocation Failure) [PSYoungGen: 173632K->64K(174080K)] 405732K->232188K(523776K), 0.0018072 secs] [Times: user=0.00 sys=0.00, real=0.00 secs] 
2018-03-19T13:37:01.631+0530: 5156.733: [GC (Allocation Failure) [PSYoungGen: 173632K->96K(174080K)] 405756K->232244K(523776K), 0.0016686 secs] [Times: user=0.00 sys=0.00, real=0.00 secs] 
2018-03-19T13:37:01.911+0530: 5157.014: [GC (Allocation Failure) [PSYoungGen: 173664K->96K(174080K)] 405812K->232268K(523776K), 0.0017821 secs] [Times: user=0.00 sys=0.00, real=0.00 secs] 
2018-03-19T13:37:02.198+0530: 5157.300: [GC (Allocation Failure) [PSYoungGen: 173664K->96K(174080K)] 405836K->232292K(523776K), 0.0015494 secs] [Times: user=0.00 sys=0.00, real=0.00 secs] 
2018-03-19T13:37:02.478+0530: 5157.581: [GC (Allocation Failure) [PSYoungGen: 173664K->96K(174080K)] 405860K->232316K(523776K), 0.0017772 secs] [Times: user=0.00 sys=0.00, real=0.00 secs] 
2018-03-19T13:37:02.753+0530: 5157.856: [GC (Allocation Failure) [PSYoungGen: 173664K->96K(174080K)] 405884K->232332K(523776K), 0.0018005 secs] [Times: user=0.00 sys=0.00, real=0.00 secs] 
2018-03-19T13:37:03.032+0530: 5158.135: [GC (Allocation Failure) [PSYoungGen: 173664K->96K(174080K)] 405900K->232356K(523776K), 0.0017070 secs] [Times: user=0.00 sys=0.00, real=0.00 secs] 
2018-03-19T13:37:03.313+0530: 5158.416: [GC (Allocation Failure) [PSYoungGen: 173664K->64K(174080K)] 405924K->232348K(523776K), 0.0017049 secs] [Times: user=0.00 sys=0.00, real=0.00 secs] 
2018-03-19T13:37:03.597+0530: 5158.700: [GC (Allocation Failure) [PSYoungGen: 173632K->128K(174080K)] 405916K->232428K(523776K), 0.0016710 secs] [Times: user=0.00 sys=0.00, real=0.00 secs] 
2018-03-19T13:37:03.879+0530: 5158.982: [GC (Allocation Failure) [PSYoungGen: 173696K->96K(174080K)] 405996K->232428K(523776K), 0.0018601 secs] [Times: user=0.00 sys=0.00, real=0.00 secs] 
2018-03-19T13:37:04.178+0530: 5159.281: [GC (Allocation Failure) [PSYoungGen: 173664K->96K(174080K)] 405996K->232460K(523776K), 0.0015706 secs] [Times: user=0.00 sys=0.00, real=0.00 secs] 
2018-03-19T13:37:04.454+0530: 5159.557: [GC (Allocation Failure) [PSYoungGen: 173664K->96K(174080K)] 406028K->232492K(523776K), 0.0016869 secs] [Times: user=0.00 sys=0.00, real=0.00 secs] 
2018-03-19T13:37:04.737+0530: 5159.840: [GC (Allocation Failure) [PSYoungGen: 173664K->96K(174080K)] 406060K->232516K(523776K), 0.0018361 secs] [Times: user=0.00 sys=0.00, real=0.00 secs] 
2018-03-19T13:37:05.014+0530: 5160.117: [GC (Allocation Failure) [PSYoungGen: 173664K->96K(174080K)] 406084K->232540K(523776K), 0.0016559 secs] [Times: user=0.00 sys=0.00, real=0.00 secs] 
2018-03-19T13:37:05.292+0530: 5160.395: [GC (Allocation Failure) [PSYoungGen: 173664K->64K(174080K)] 406108K->232524K(523776K), 0.0015438 secs] [Times: user=0.00 sys=0.00, real=0.00 secs] 
2018-03-19T13:37:05.577+0530: 5160.680: [GC (Allocation Failure) [PSYoungGen: 173632K->96K(174080K)] 406092K->232572K(523776K), 0.0016633 secs] [Times: user=0.00 sys=0.00, real=0.00 secs] 
2018-03-19T13:37:05.856+0530: 5160.958: [GC (Allocation Failure) [PSYoungGen: 173664K->64K(174080K)] 406140K->232564K(523776K), 0.0016457 secs] [Times: user=0.00 sys=0.00, real=0.00 secs] 
2018-03-19T13:37:06.135+0530: 5161.237: [GC (Allocation Failure) [PSYoungGen: 173632K->96K(174080K)] 406132K->232620K(523776K), 0.0015289 secs] [Times: user=0.00 sys=0.00, real=0.00 secs] 
2018-03-19T13:37:06.413+0530: 5161.516: [GC (Allocation Failure) [PSYoungGen: 173664K->64K(174080K)] 406188K->232612K(523776K), 0.0017053 secs] [Times: user=0.00 sys=0.00, real=0.00 secs] 
2018-03-19T13:37:06.711+0530: 5161.815: [GC (Allocation Failure) [PSYoungGen: 173632K->96K(174080K)] 406180K->232668K(523776K), 0.0016351 secs] [Times: user=0.02 sys=0.00, real=0.00 secs] 
2018-03-19T13:37:06.993+0530: 5162.096: [GC (Allocation Failure) [PSYoungGen: 173664K->96K(174080K)] 406236K->232692K(523776K), 0.0017095 secs] [Times: user=0.06 sys=0.00, real=0.00 secs] 
2018-03-19T13:37:07.276+0530: 5162.379: [GC (Allocation Failure) [PSYoungGen: 173664K->128K(174080K)] 406260K->232748K(523776K), 0.0017211 secs] [Times: user=0.00 sys=0.00, real=0.00 secs] 
2018-03-19T13:37:07.569+0530: 5162.672: [GC (Allocation Failure) [PSYoungGen: 173696K->96K(174080K)] 406316K->232732K(523776K), 0.0015268 secs] [Times: user=0.00 sys=0.00, real=0.00 secs] 
2018-03-19T13:37:07.844+0530: 5162.947: [GC (Allocation Failure) [PSYoungGen: 173664K->96K(174080K)] 406300K->232748K(523776K), 0.0016541 secs] [Times: user=0.00 sys=0.00, real=0.00 secs] 
2018-03-19T13:37:08.155+0530: 5163.258: [GC (Allocation Failure) [PSYoungGen: 173664K->96K(174080K)] 406316K->232772K(523776K), 0.0018407 secs] [Times: user=0.00 sys=0.00, real=0.00 secs] 
2018-03-19T13:37:08.433+0530: 5163.536: [GC (Allocation Failure) [PSYoungGen: 173664K->64K(174080K)] 406340K->232764K(523776K), 0.0017359 secs] [Times: user=0.00 sys=0.00, real=0.00 secs] 
2018-03-19T13:37:08.712+0530: 5163.815: [GC (Allocation Failure) [PSYoungGen: 173632K->96K(174080K)] 406332K->232820K(523776K), 0.0015476 secs] [Times: user=0.00 sys=0.00, real=0.00 secs] 
2018-03-19T13:37:08.987+0530: 5164.089: [GC (Allocation Failure) [PSYoungGen: 173664K->96K(174080K)] 406388K->232836K(523776K), 0.0017412 secs] [Times: user=0.00 sys=0.00, real=0.00 secs] 
2018-03-19T13:37:09.265+0530: 5164.368: [GC (Allocation Failure) [PSYoungGen: 173664K->96K(174080K)] 406404K->232852K(523776K), 0.0016368 secs] [Times: user=0.00 sys=0.00, real=0.00 secs] 
2018-03-19T13:37:09.546+0530: 5164.649: [GC (Allocation Failure) [PSYoungGen: 173664K->96K(174080K)] 406420K->232868K(523776K), 0.0016259 secs] [Times: user=0.00 sys=0.00, real=0.00 secs] 
2018-03-19T13:37:09.823+0530: 5164.926: [GC (Allocation Failure) [PSYoungGen: 173664K->96K(174080K)] 406436K->232892K(523776K), 0.0017504 secs] [Times: user=0.00 sys=0.00, real=0.00 secs] 
2018-03-19T13:37:10.138+0530: 5165.240: [GC (Allocation Failure) [PSYoungGen: 173664K->96K(174080K)] 406460K->232916K(523776K), 0.0017571 secs] [Times: user=0.00 sys=0.00, real=0.00 secs] 
2018-03-19T13:37:10.417+0530: 5165.520: [GC (Allocation Failure) [PSYoungGen: 173664K->96K(174080K)] 406484K->232948K(523776K), 0.0015593 secs] [Times: user=0.00 sys=0.00, real=0.00 secs] 
2018-03-19T13:37:10.763+0530: 5165.865: [GC (Allocation Failure) [PSYoungGen: 173664K->64K(174080K)] 406516K->232940K(523776K), 0.0018322 secs] [Times: user=0.00 sys=0.00, real=0.00 secs] 
2018-03-19T13:37:11.051+0530: 5166.154: [GC (Allocation Failure) [PSYoungGen: 173632K->96K(174080K)] 406508K->232996K(523776K), 0.0016883 secs] [Times: user=0.00 sys=0.00, real=0.00 secs] 
2018-03-19T13:37:11.330+0530: 5166.432: [GC (Allocation Failure) [PSYoungGen: 173664K->64K(174080K)] 406564K->232988K(523776K), 0.0017885 secs] [Times: user=0.00 sys=0.00, real=0.00 secs] 
2018-03-19T13:37:11.620+0530: 5166.723: [GC (Allocation Failure) [PSYoungGen: 173632K->64K(174080K)] 406556K->233012K(523776K), 0.0015483 secs] [Times: user=0.00 sys=0.00, real=0.00 secs] 
2018-03-19T13:37:11.898+0530: 5167.001: [GC (Allocation Failure) [PSYoungGen: 173632K->96K(174080K)] 406580K->233076K(523776K), 0.0017254 secs] [Times: user=0.00 sys=0.00, real=0.00 secs] 
2018-03-19T13:37:12.195+0530: 5167.298: [GC (Allocation Failure) [PSYoungGen: 173664K->64K(174080K)] 406644K->233068K(523776K), 0.0016252 secs] [Times: user=0.00 sys=0.00, real=0.00 secs] 
2018-03-19T13:37:12.480+0530: 5167.583: [GC (Allocation Failure) [PSYoungGen: 173632K->96K(174080K)] 406636K->233124K(523776K), 0.0016643 secs] [Times: user=0.00 sys=0.00, real=0.00 secs] 
2018-03-19T13:37:12.763+0530: 5167.867: [GC (Allocation Failure) [PSYoungGen: 173664K->96K(174080K)] 406692K->233148K(523776K), 0.0018329 secs] [Times: user=0.00 sys=0.00, real=0.00 secs] 
2018-03-19T13:37:13.046+0530: 5168.149: [GC (Allocation Failure) [PSYoungGen: 173664K->96K(174080K)] 406716K->233172K(523776K), 0.0016368 secs] [Times: user=0.00 sys=0.00, real=0.00 secs] 
2018-03-19T13:37:13.328+0530: 5168.431: [GC (Allocation Failure) [PSYoungGen: 173664K->96K(174080K)] 406740K->233196K(523776K), 0.0016767 secs] [Times: user=0.00 sys=0.00, real=0.00 secs] 
2018-03-19T13:37:13.612+0530: 5168.714: [GC (Allocation Failure) [PSYoungGen: 173664K->64K(174080K)] 406764K->233188K(523776K), 0.0017335 secs] [Times: user=0.00 sys=0.00, real=0.00 secs] 
2018-03-19T13:37:13.892+0530: 5168.994: [GC (Allocation Failure) [PSYoungGen: 173632K->96K(174080K)] 406756K->233252K(523776K), 0.0017268 secs] [Times: user=0.00 sys=0.00, real=0.00 secs] 
2018-03-19T13:37:14.170+0530: 5169.273: [GC (Allocation Failure) [PSYoungGen: 173664K->64K(174080K)] 406820K->233244K(523776K), 0.0018195 secs] [Times: user=0.00 sys=0.00, real=0.00 secs] 
