Java HotSpot(TM) 64-Bit Server VM (25.92-b14) for windows-amd64 JRE (1.8.0_92-b14), built on Mar 31 2016 21:03:04 by "java_re" with MS VC++ 10.0 (VS2010)
Memory: 4k page, physical 8284632k(4292172k free), swap 15464140k(7929500k free)
CommandLine flags: -XX:InitialHeapSize=33554432 -XX:MaxHeapSize=536870912 -XX:MaxNewSize=178958336 -XX:MaxTenuringThreshold=6 -XX:OldPLABSize=16 -XX:+PrintGC -XX:+PrintGCDateStamps -XX:+PrintGCDetails -XX:+PrintGCTimeStamps -XX:+UseCompressedClassPointers -XX:+UseCompressedOops -XX:+UseConcMarkSweepGC -XX:-UseLargePagesIndividualAllocation -XX:+UseParNewGC 
2018-03-26T17:06:42.482+0530: 0.429: [GC (Allocation Failure) 2018-03-26T17:06:42.482+0530: 0.430: [ParNew: 8704K->1088K(9792K), 0.0847211 secs] 8704K->3874K(31680K), 0.0869080 secs] [Times: user=0.30 sys=0.01, real=0.09 secs] 
2018-03-26T17:06:42.595+0530: 0.543: [GC (Allocation Failure) 2018-03-26T17:06:42.596+0530: 0.543: [ParNew: 9792K->1088K(9792K), 0.0395103 secs] 12578K->7662K(31680K), 0.0397148 secs] [Times: user=0.16 sys=0.00, real=0.04 secs] 
2018-03-26T17:08:22.647+0530: 100.594: [GC (Allocation Failure) 2018-03-26T17:08:22.647+0530: 100.594: [ParNew: 9792K->1088K(9792K), 0.0436183 secs] 16366K->12298K(31680K), 0.0438087 secs] [Times: user=0.13 sys=0.00, real=0.04 secs] 
2018-03-26T17:08:22.691+0530: 100.638: [GC (CMS Initial Mark) [1 CMS-initial-mark: 11210K(21888K)] 12471K(31680K), 0.0018262 secs] [Times: user=0.00 sys=0.00, real=0.00 secs] 
2018-03-26T17:08:22.693+0530: 100.640: [CMS-concurrent-mark-start]
2018-03-26T17:08:22.714+0530: 100.661: [GC (Allocation Failure) 2018-03-26T17:08:22.714+0530: 100.662: [ParNew: 9792K->1088K(9792K), 0.0486103 secs] 21002K->16481K(31680K), 0.0487736 secs] [Times: user=0.19 sys=0.00, real=0.05 secs] 
2018-03-26T17:08:22.805+0530: 100.753: [CMS-concurrent-mark: 0.064/0.113 secs] [Times: user=0.28 sys=0.00, real=0.11 secs] 
2018-03-26T17:08:22.806+0530: 100.753: [CMS-concurrent-preclean-start]
2018-03-26T17:08:22.806+0530: 100.753: [CMS-concurrent-preclean: 0.000/0.000 secs] [Times: user=0.00 sys=0.00, real=0.00 secs] 
2018-03-26T17:08:22.806+0530: 100.753: [CMS-concurrent-abortable-preclean-start]
 CMS: abort preclean due to time 2018-03-26T17:08:27.893+0530: 105.840: [CMS-concurrent-abortable-preclean: 1.190/5.087 secs] [Times: user=1.13 sys=0.00, real=5.09 secs] 
2018-03-26T17:08:27.894+0530: 105.841: [GC (CMS Final Remark) [YG occupancy: 4386 K (9792 K)]2018-03-26T17:08:27.894+0530: 105.841: [Rescan (parallel) , 0.0050128 secs]2018-03-26T17:08:27.899+0530: 105.846: [weak refs processing, 0.0001054 secs]2018-03-26T17:08:27.899+0530: 105.846: [class unloading, 0.0004986 secs]2018-03-26T17:08:27.899+0530: 105.846: [scrub symbol table, 0.0010973 secs]2018-03-26T17:08:27.900+0530: 105.847: [scrub string table, 0.0002796 secs][1 CMS-remark: 15393K(21888K)] 19780K(31680K), 0.0072988 secs] [Times: user=0.05 sys=0.00, real=0.01 secs] 
2018-03-26T17:08:27.901+0530: 105.848: [CMS-concurrent-sweep-start]
2018-03-26T17:08:27.921+0530: 105.869: [CMS-concurrent-sweep: 0.021/0.021 secs] [Times: user=0.02 sys=0.00, real=0.02 secs] 
2018-03-26T17:08:27.921+0530: 105.869: [CMS-concurrent-reset-start]
2018-03-26T17:08:27.922+0530: 105.870: [CMS-concurrent-reset: 0.001/0.001 secs] [Times: user=0.00 sys=0.00, real=0.00 secs] 
2018-03-26T17:08:29.923+0530: 107.870: [GC (CMS Initial Mark) [1 CMS-initial-mark: 15391K(25656K)] 19778K(35448K), 0.0039264 secs] [Times: user=0.00 sys=0.00, real=0.00 secs] 
2018-03-26T17:08:29.927+0530: 107.874: [CMS-concurrent-mark-start]
2018-03-26T17:08:29.973+0530: 107.921: [CMS-concurrent-mark: 0.047/0.047 secs] [Times: user=0.03 sys=0.00, real=0.05 secs] 
2018-03-26T17:08:29.973+0530: 107.921: [CMS-concurrent-preclean-start]
2018-03-26T17:08:29.974+0530: 107.921: [CMS-concurrent-preclean: 0.000/0.000 secs] [Times: user=0.02 sys=0.00, real=0.00 secs] 
2018-03-26T17:08:29.974+0530: 107.921: [CMS-concurrent-abortable-preclean-start]
 CMS: abort preclean due to time 2018-03-26T17:08:35.032+0530: 112.980: [CMS-concurrent-abortable-preclean: 1.167/5.059 secs] [Times: user=1.11 sys=0.02, real=5.06 secs] 
2018-03-26T17:08:35.033+0530: 112.980: [GC (CMS Final Remark) [YG occupancy: 4386 K (9792 K)]2018-03-26T17:08:35.033+0530: 112.980: [Rescan (parallel) , 0.0045205 secs]2018-03-26T17:08:35.038+0530: 112.985: [weak refs processing, 0.0000571 secs]2018-03-26T17:08:35.038+0530: 112.985: [class unloading, 0.0004157 secs]2018-03-26T17:08:35.038+0530: 112.986: [scrub symbol table, 0.0007789 secs]2018-03-26T17:08:35.039+0530: 112.986: [scrub string table, 0.0002701 secs][1 CMS-remark: 15391K(25656K)] 19778K(35448K), 0.0063009 secs] [Times: user=0.06 sys=0.00, real=0.01 secs] 
2018-03-26T17:08:35.039+0530: 112.987: [CMS-concurrent-sweep-start]
2018-03-26T17:08:35.059+0530: 113.007: [CMS-concurrent-sweep: 0.020/0.020 secs] [Times: user=0.01 sys=0.00, real=0.02 secs] 
2018-03-26T17:08:35.059+0530: 113.007: [CMS-concurrent-reset-start]
2018-03-26T17:08:35.060+0530: 113.008: [CMS-concurrent-reset: 0.001/0.001 secs] [Times: user=0.00 sys=0.00, real=0.00 secs] 
2018-03-26T17:08:37.060+0530: 115.007: [GC (CMS Initial Mark) [1 CMS-initial-mark: 15391K(25656K)] 19778K(35448K), 0.0040660 secs] [Times: user=0.00 sys=0.00, real=0.01 secs] 
2018-03-26T17:08:37.065+0530: 115.012: [CMS-concurrent-mark-start]
2018-03-26T17:08:37.114+0530: 115.061: [CMS-concurrent-mark: 0.049/0.049 secs] [Times: user=0.05 sys=0.00, real=0.05 secs] 
2018-03-26T17:08:37.114+0530: 115.061: [CMS-concurrent-preclean-start]
2018-03-26T17:08:37.114+0530: 115.061: [CMS-concurrent-preclean: 0.000/0.000 secs] [Times: user=0.00 sys=0.00, real=0.00 secs] 
2018-03-26T17:08:37.114+0530: 115.061: [CMS-concurrent-abortable-preclean-start]
 CMS: abort preclean due to time 2018-03-26T17:08:42.164+0530: 120.111: [CMS-concurrent-abortable-preclean: 1.158/5.050 secs] [Times: user=1.20 sys=0.00, real=5.05 secs] 
2018-03-26T17:08:42.164+0530: 120.112: [GC (CMS Final Remark) [YG occupancy: 4386 K (9792 K)]2018-03-26T17:08:42.164+0530: 120.112: [Rescan (parallel) , 0.0051598 secs]2018-03-26T17:08:42.170+0530: 120.117: [weak refs processing, 0.0000561 secs]2018-03-26T17:08:42.170+0530: 120.117: [class unloading, 0.0006160 secs]2018-03-26T17:08:42.170+0530: 120.118: [scrub symbol table, 0.0010931 secs]2018-03-26T17:08:42.172+0530: 120.119: [scrub string table, 0.0002807 secs][1 CMS-remark: 15391K(25656K)] 19778K(35448K), 0.0075255 secs] [Times: user=0.00 sys=0.00, real=0.01 secs] 
2018-03-26T17:08:42.172+0530: 120.119: [CMS-concurrent-sweep-start]
2018-03-26T17:08:42.199+0530: 120.146: [CMS-concurrent-sweep: 0.027/0.027 secs] [Times: user=0.03 sys=0.00, real=0.03 secs] 
2018-03-26T17:08:42.199+0530: 120.146: [CMS-concurrent-reset-start]
2018-03-26T17:08:42.200+0530: 120.148: [CMS-concurrent-reset: 0.001/0.001 secs] [Times: user=0.00 sys=0.00, real=0.00 secs] 
2018-03-26T17:08:44.200+0530: 122.147: [GC (CMS Initial Mark) [1 CMS-initial-mark: 15391K(25656K)] 19778K(35448K), 0.0037212 secs] [Times: user=0.00 sys=0.00, real=0.00 secs] 
2018-03-26T17:08:44.204+0530: 122.151: [CMS-concurrent-mark-start]
2018-03-26T17:08:44.247+0530: 122.195: [CMS-concurrent-mark: 0.044/0.044 secs] [Times: user=0.05 sys=0.00, real=0.04 secs] 
2018-03-26T17:08:44.248+0530: 122.195: [CMS-concurrent-preclean-start]
2018-03-26T17:08:44.248+0530: 122.196: [CMS-concurrent-preclean: 0.000/0.000 secs] [Times: user=0.00 sys=0.00, real=0.00 secs] 
2018-03-26T17:08:44.248+0530: 122.196: [CMS-concurrent-abortable-preclean-start]
 CMS: abort preclean due to time 2018-03-26T17:08:49.255+0530: 127.203: [CMS-concurrent-abortable-preclean: 1.204/5.008 secs] [Times: user=1.09 sys=0.00, real=5.01 secs] 
2018-03-26T17:08:49.256+0530: 127.204: [GC (CMS Final Remark) [YG occupancy: 4386 K (9792 K)]2018-03-26T17:08:49.256+0530: 127.204: [Rescan (parallel) , 0.0043273 secs]2018-03-26T17:08:49.260+0530: 127.208: [weak refs processing, 0.0000504 secs]2018-03-26T17:08:49.260+0530: 127.208: [class unloading, 0.0005536 secs]2018-03-26T17:08:49.261+0530: 127.209: [scrub symbol table, 0.0007888 secs]2018-03-26T17:08:49.262+0530: 127.210: [scrub string table, 0.0002493 secs][1 CMS-remark: 15391K(25656K)] 19778K(35448K), 0.0062642 secs] [Times: user=0.00 sys=0.00, real=0.01 secs] 
2018-03-26T17:08:49.263+0530: 127.210: [CMS-concurrent-sweep-start]
2018-03-26T17:08:49.281+0530: 127.227: [CMS-concurrent-sweep: 0.017/0.017 secs] [Times: user=0.02 sys=0.00, real=0.02 secs] 
2018-03-26T17:08:49.281+0530: 127.228: [CMS-concurrent-reset-start]
2018-03-26T17:08:49.282+0530: 127.229: [CMS-concurrent-reset: 0.001/0.001 secs] [Times: user=0.00 sys=0.00, real=0.00 secs] 
2018-03-26T17:08:51.281+0530: 129.228: [GC (CMS Initial Mark) [1 CMS-initial-mark: 15391K(25656K)] 19778K(35448K), 0.0037420 secs] [Times: user=0.00 sys=0.00, real=0.00 secs] 
2018-03-26T17:08:51.285+0530: 129.232: [CMS-concurrent-mark-start]
2018-03-26T17:08:51.328+0530: 129.276: [CMS-concurrent-mark: 0.043/0.043 secs] [Times: user=0.05 sys=0.00, real=0.04 secs] 
2018-03-26T17:08:51.328+0530: 129.276: [CMS-concurrent-preclean-start]
2018-03-26T17:08:51.328+0530: 129.276: [CMS-concurrent-preclean: 0.000/0.000 secs] [Times: user=0.00 sys=0.00, real=0.00 secs] 
2018-03-26T17:08:51.328+0530: 129.276: [CMS-concurrent-abortable-preclean-start]
 CMS: abort preclean due to time 2018-03-26T17:08:56.451+0530: 134.398: [CMS-concurrent-abortable-preclean: 1.129/5.122 secs] [Times: user=1.23 sys=0.00, real=5.12 secs] 
2018-03-26T17:08:56.451+0530: 134.399: [GC (CMS Final Remark) [YG occupancy: 4386 K (9792 K)]2018-03-26T17:08:56.451+0530: 134.399: [Rescan (parallel) , 0.0044832 secs]2018-03-26T17:08:56.456+0530: 134.403: [weak refs processing, 0.0000596 secs]2018-03-26T17:08:56.456+0530: 134.403: [class unloading, 0.0005349 secs]2018-03-26T17:08:56.457+0530: 134.404: [scrub symbol table, 0.0011323 secs]2018-03-26T17:08:56.458+0530: 134.405: [scrub string table, 0.0004746 secs][1 CMS-remark: 15391K(25656K)] 19778K(35448K), 0.0069924 secs] [Times: user=0.00 sys=0.00, real=0.01 secs] 
2018-03-26T17:08:56.458+0530: 134.406: [CMS-concurrent-sweep-start]
2018-03-26T17:08:56.489+0530: 134.437: [CMS-concurrent-sweep: 0.031/0.031 secs] [Times: user=0.03 sys=0.00, real=0.03 secs] 
2018-03-26T17:08:56.490+0530: 134.437: [CMS-concurrent-reset-start]
2018-03-26T17:08:56.491+0530: 134.438: [CMS-concurrent-reset: 0.001/0.001 secs] [Times: user=0.02 sys=0.00, real=0.00 secs] 
2018-03-26T17:08:58.491+0530: 136.438: [GC (CMS Initial Mark) [1 CMS-initial-mark: 15391K(25656K)] 19778K(35448K), 0.0034080 secs] [Times: user=0.00 sys=0.00, real=0.00 secs] 
2018-03-26T17:08:58.494+0530: 136.442: [CMS-concurrent-mark-start]
2018-03-26T17:08:58.557+0530: 136.505: [CMS-concurrent-mark: 0.063/0.063 secs] [Times: user=0.06 sys=0.00, real=0.06 secs] 
2018-03-26T17:08:58.557+0530: 136.505: [CMS-concurrent-preclean-start]
2018-03-26T17:08:58.558+0530: 136.505: [CMS-concurrent-preclean: 0.000/0.000 secs] [Times: user=0.00 sys=0.00, real=0.00 secs] 
2018-03-26T17:08:58.558+0530: 136.505: [CMS-concurrent-abortable-preclean-start]
 CMS: abort preclean due to time 2018-03-26T17:09:03.623+0530: 141.570: [CMS-concurrent-abortable-preclean: 1.171/5.065 secs] [Times: user=1.09 sys=0.00, real=5.06 secs] 
2018-03-26T17:09:03.623+0530: 141.571: [GC (CMS Final Remark) [YG occupancy: 4386 K (9792 K)]2018-03-26T17:09:03.623+0530: 141.571: [Rescan (parallel) , 0.0050177 secs]2018-03-26T17:09:03.628+0530: 141.576: [weak refs processing, 0.0000384 secs]2018-03-26T17:09:03.628+0530: 141.576: [class unloading, 0.0004087 secs]2018-03-26T17:09:03.629+0530: 141.576: [scrub symbol table, 0.0007232 secs]2018-03-26T17:09:03.629+0530: 141.577: [scrub string table, 0.0002588 secs][1 CMS-remark: 15391K(25656K)] 19778K(35448K), 0.0067177 secs] [Times: user=0.02 sys=0.00, real=0.01 secs] 
2018-03-26T17:09:03.631+0530: 141.578: [CMS-concurrent-sweep-start]
2018-03-26T17:09:03.648+0530: 141.595: [CMS-concurrent-sweep: 0.017/0.017 secs] [Times: user=0.02 sys=0.00, real=0.02 secs] 
2018-03-26T17:09:03.648+0530: 141.595: [CMS-concurrent-reset-start]
2018-03-26T17:09:03.649+0530: 141.597: [CMS-concurrent-reset: 0.001/0.001 secs] [Times: user=0.00 sys=0.00, real=0.00 secs] 
2018-03-26T17:09:05.649+0530: 143.596: [GC (CMS Initial Mark) [1 CMS-initial-mark: 15391K(25656K)] 19778K(35448K), 0.0036538 secs] [Times: user=0.00 sys=0.00, real=0.00 secs] 
2018-03-26T17:09:05.653+0530: 143.600: [CMS-concurrent-mark-start]
2018-03-26T17:09:05.695+0530: 143.643: [CMS-concurrent-mark: 0.043/0.043 secs] [Times: user=0.05 sys=0.00, real=0.04 secs] 
2018-03-26T17:09:05.695+0530: 143.643: [CMS-concurrent-preclean-start]
2018-03-26T17:09:05.695+0530: 143.643: [CMS-concurrent-preclean: 0.000/0.000 secs] [Times: user=0.00 sys=0.00, real=0.00 secs] 
2018-03-26T17:09:05.695+0530: 143.643: [CMS-concurrent-abortable-preclean-start]
 CMS: abort preclean due to time 2018-03-26T17:09:10.710+0530: 148.657: [CMS-concurrent-abortable-preclean: 1.123/5.014 secs] [Times: user=1.13 sys=0.00, real=5.02 secs] 
2018-03-26T17:09:10.710+0530: 148.658: [GC (CMS Final Remark) [YG occupancy: 4386 K (9792 K)]2018-03-26T17:09:10.710+0530: 148.658: [Rescan (parallel) , 0.0040544 secs]2018-03-26T17:09:10.715+0530: 148.662: [weak refs processing, 0.0000342 secs]2018-03-26T17:09:10.715+0530: 148.662: [class unloading, 0.0003509 secs]2018-03-26T17:09:10.715+0530: 148.662: [scrub symbol table, 0.0006827 secs]2018-03-26T17:09:10.716+0530: 148.663: [scrub string table, 0.0002567 secs][1 CMS-remark: 15391K(25656K)] 19778K(35448K), 0.0055826 secs] [Times: user=0.00 sys=0.00, real=0.01 secs] 
2018-03-26T17:09:10.716+0530: 148.664: [CMS-concurrent-sweep-start]
2018-03-26T17:09:10.731+0530: 148.679: [CMS-concurrent-sweep: 0.015/0.015 secs] [Times: user=0.02 sys=0.00, real=0.01 secs] 
2018-03-26T17:09:10.731+0530: 148.679: [CMS-concurrent-reset-start]
2018-03-26T17:09:10.732+0530: 148.680: [CMS-concurrent-reset: 0.001/0.001 secs] [Times: user=0.00 sys=0.00, real=0.00 secs] 
2018-03-26T17:09:12.732+0530: 150.679: [GC (CMS Initial Mark) [1 CMS-initial-mark: 15391K(25656K)] 19778K(35448K), 0.0037064 secs] [Times: user=0.00 sys=0.00, real=0.00 secs] 
2018-03-26T17:09:12.736+0530: 150.683: [CMS-concurrent-mark-start]
2018-03-26T17:09:12.780+0530: 150.728: [CMS-concurrent-mark: 0.045/0.045 secs] [Times: user=0.05 sys=0.00, real=0.04 secs] 
2018-03-26T17:09:12.780+0530: 150.728: [CMS-concurrent-preclean-start]
2018-03-26T17:09:12.780+0530: 150.728: [CMS-concurrent-preclean: 0.000/0.000 secs] [Times: user=0.00 sys=0.00, real=0.00 secs] 
2018-03-26T17:09:12.780+0530: 150.728: [CMS-concurrent-abortable-preclean-start]
 CMS: abort preclean due to time 2018-03-26T17:09:17.886+0530: 155.834: [CMS-concurrent-abortable-preclean: 1.116/5.105 secs] [Times: user=1.00 sys=0.00, real=5.11 secs] 
2018-03-26T17:09:17.887+0530: 155.834: [GC (CMS Final Remark) [YG occupancy: 4386 K (9792 K)]2018-03-26T17:09:17.887+0530: 155.834: [Rescan (parallel) , 0.0076006 secs]2018-03-26T17:09:17.894+0530: 155.842: [weak refs processing, 0.0000652 secs]2018-03-26T17:09:17.894+0530: 155.842: [class unloading, 0.0005684 secs]2018-03-26T17:09:17.895+0530: 155.842: [scrub symbol table, 0.0008502 secs]2018-03-26T17:09:17.896+0530: 155.843: [scrub string table, 0.0004485 secs][1 CMS-remark: 15391K(25656K)] 19778K(35448K), 0.0098923 secs] [Times: user=0.02 sys=0.00, real=0.01 secs] 
2018-03-26T17:09:17.897+0530: 155.844: [CMS-concurrent-sweep-start]
2018-03-26T17:09:17.920+0530: 155.868: [CMS-concurrent-sweep: 0.023/0.023 secs] [Times: user=0.02 sys=0.00, real=0.02 secs] 
2018-03-26T17:09:17.920+0530: 155.868: [CMS-concurrent-reset-start]
2018-03-26T17:09:17.921+0530: 155.869: [CMS-concurrent-reset: 0.001/0.001 secs] [Times: user=0.00 sys=0.00, real=0.00 secs] 
2018-03-26T17:09:19.922+0530: 157.870: [GC (CMS Initial Mark) [1 CMS-initial-mark: 15391K(25656K)] 19778K(35448K), 0.0037004 secs] [Times: user=0.00 sys=0.00, real=0.00 secs] 
2018-03-26T17:09:19.926+0530: 157.873: [CMS-concurrent-mark-start]
2018-03-26T17:09:19.971+0530: 157.918: [CMS-concurrent-mark: 0.045/0.045 secs] [Times: user=0.05 sys=0.00, real=0.04 secs] 
2018-03-26T17:09:19.971+0530: 157.918: [CMS-concurrent-preclean-start]
2018-03-26T17:09:19.972+0530: 157.919: [CMS-concurrent-preclean: 0.000/0.000 secs] [Times: user=0.00 sys=0.00, real=0.00 secs] 
2018-03-26T17:09:19.972+0530: 157.919: [CMS-concurrent-abortable-preclean-start]
 CMS: abort preclean due to time 2018-03-26T17:09:25.034+0530: 162.981: [CMS-concurrent-abortable-preclean: 1.166/5.063 secs] [Times: user=1.13 sys=0.00, real=5.06 secs] 
2018-03-26T17:09:25.035+0530: 162.982: [GC (CMS Final Remark) [YG occupancy: 4386 K (9792 K)]2018-03-26T17:09:25.035+0530: 162.982: [Rescan (parallel) , 0.0047103 secs]2018-03-26T17:09:25.040+0530: 162.987: [weak refs processing, 0.0000663 secs]2018-03-26T17:09:25.040+0530: 162.987: [class unloading, 0.0005592 secs]2018-03-26T17:09:25.040+0530: 162.987: [scrub symbol table, 0.0011273 secs]2018-03-26T17:09:25.041+0530: 162.989: [scrub string table, 0.0005413 secs][1 CMS-remark: 15391K(25656K)] 19778K(35448K), 0.0073640 secs] [Times: user=0.06 sys=0.00, real=0.01 secs] 
2018-03-26T17:09:25.042+0530: 162.989: [CMS-concurrent-sweep-start]
2018-03-26T17:09:25.069+0530: 163.016: [CMS-concurrent-sweep: 0.027/0.027 secs] [Times: user=0.03 sys=0.00, real=0.03 secs] 
2018-03-26T17:09:25.069+0530: 163.016: [CMS-concurrent-reset-start]
2018-03-26T17:09:25.070+0530: 163.017: [CMS-concurrent-reset: 0.001/0.001 secs] [Times: user=0.00 sys=0.00, real=0.00 secs] 
2018-03-26T17:09:27.070+0530: 165.017: [GC (CMS Initial Mark) [1 CMS-initial-mark: 15391K(25656K)] 19778K(35448K), 0.0036538 secs] [Times: user=0.00 sys=0.00, real=0.00 secs] 
2018-03-26T17:09:27.074+0530: 165.021: [CMS-concurrent-mark-start]
2018-03-26T17:09:27.116+0530: 165.064: [CMS-concurrent-mark: 0.043/0.043 secs] [Times: user=0.05 sys=0.00, real=0.04 secs] 
2018-03-26T17:09:27.116+0530: 165.064: [CMS-concurrent-preclean-start]
2018-03-26T17:09:27.116+0530: 165.064: [CMS-concurrent-preclean: 0.000/0.000 secs] [Times: user=0.00 sys=0.00, real=0.00 secs] 
2018-03-26T17:09:27.116+0530: 165.064: [CMS-concurrent-abortable-preclean-start]
 CMS: abort preclean due to time 2018-03-26T17:09:32.201+0530: 170.148: [CMS-concurrent-abortable-preclean: 1.288/5.084 secs] [Times: user=1.22 sys=0.02, real=5.09 secs] 
2018-03-26T17:09:32.201+0530: 170.149: [GC (CMS Final Remark) [YG occupancy: 4386 K (9792 K)]2018-03-26T17:09:32.201+0530: 170.149: [Rescan (parallel) , 0.0060788 secs]2018-03-26T17:09:32.208+0530: 170.155: [weak refs processing, 0.0000532 secs]2018-03-26T17:09:32.208+0530: 170.155: [class unloading, 0.0005769 secs]2018-03-26T17:09:32.208+0530: 170.155: [scrub symbol table, 0.0007825 secs]2018-03-26T17:09:32.209+0530: 170.156: [scrub string table, 0.0002810 secs][1 CMS-remark: 15391K(25656K)] 19778K(35448K), 0.0080464 secs] [Times: user=0.02 sys=0.00, real=0.01 secs] 
2018-03-26T17:09:32.210+0530: 170.157: [CMS-concurrent-sweep-start]
2018-03-26T17:09:32.233+0530: 170.180: [CMS-concurrent-sweep: 0.023/0.023 secs] [Times: user=0.01 sys=0.00, real=0.02 secs] 
2018-03-26T17:09:32.233+0530: 170.180: [CMS-concurrent-reset-start]
2018-03-26T17:09:32.234+0530: 170.181: [CMS-concurrent-reset: 0.001/0.001 secs] [Times: user=0.00 sys=0.00, real=0.00 secs] 
2018-03-26T17:09:34.234+0530: 172.181: [GC (CMS Initial Mark) [1 CMS-initial-mark: 15391K(25656K)] 19778K(35448K), 0.0035142 secs] [Times: user=0.00 sys=0.00, real=0.00 secs] 
2018-03-26T17:09:34.237+0530: 172.185: [CMS-concurrent-mark-start]
2018-03-26T17:09:34.283+0530: 172.231: [CMS-concurrent-mark: 0.046/0.046 secs] [Times: user=0.05 sys=0.00, real=0.05 secs] 
2018-03-26T17:09:34.284+0530: 172.231: [CMS-concurrent-preclean-start]
2018-03-26T17:09:34.284+0530: 172.231: [CMS-concurrent-preclean: 0.000/0.000 secs] [Times: user=0.00 sys=0.00, real=0.00 secs] 
2018-03-26T17:09:34.284+0530: 172.231: [CMS-concurrent-abortable-preclean-start]
 CMS: abort preclean due to time 2018-03-26T17:09:39.398+0530: 177.345: [CMS-concurrent-abortable-preclean: 1.116/5.114 secs] [Times: user=1.08 sys=0.00, real=5.11 secs] 
2018-03-26T17:09:39.399+0530: 177.346: [GC (CMS Final Remark) [YG occupancy: 4386 K (9792 K)]2018-03-26T17:09:39.399+0530: 177.346: [Rescan (parallel) , 0.0042540 secs]2018-03-26T17:09:39.403+0530: 177.350: [weak refs processing, 0.0000487 secs]2018-03-26T17:09:39.403+0530: 177.350: [class unloading, 0.0004997 secs]2018-03-26T17:09:39.404+0530: 177.351: [scrub symbol table, 0.0007204 secs]2018-03-26T17:09:39.404+0530: 177.351: [scrub string table, 0.0002549 secs][1 CMS-remark: 15391K(25656K)] 19778K(35448K), 0.0060008 secs] [Times: user=0.00 sys=0.00, real=0.01 secs] 
2018-03-26T17:09:39.405+0530: 177.352: [CMS-concurrent-sweep-start]
2018-03-26T17:09:39.421+0530: 177.369: [CMS-concurrent-sweep: 0.017/0.017 secs] [Times: user=0.02 sys=0.00, real=0.02 secs] 
2018-03-26T17:09:39.422+0530: 177.369: [CMS-concurrent-reset-start]
2018-03-26T17:09:39.422+0530: 177.370: [CMS-concurrent-reset: 0.001/0.001 secs] [Times: user=0.00 sys=0.00, real=0.00 secs] 
2018-03-26T17:09:41.423+0530: 179.370: [GC (CMS Initial Mark) [1 CMS-initial-mark: 15391K(25656K)] 19778K(35448K), 0.0046782 secs] [Times: user=0.02 sys=0.00, real=0.00 secs] 
2018-03-26T17:09:41.427+0530: 179.375: [CMS-concurrent-mark-start]
2018-03-26T17:09:41.471+0530: 179.418: [CMS-concurrent-mark: 0.043/0.043 secs] [Times: user=0.03 sys=0.00, real=0.04 secs] 
2018-03-26T17:09:41.471+0530: 179.418: [CMS-concurrent-preclean-start]
2018-03-26T17:09:41.471+0530: 179.418: [CMS-concurrent-preclean: 0.000/0.000 secs] [Times: user=0.00 sys=0.00, real=0.00 secs] 
2018-03-26T17:09:41.471+0530: 179.419: [CMS-concurrent-abortable-preclean-start]
 CMS: abort preclean due to time 2018-03-26T17:09:46.527+0530: 184.475: [CMS-concurrent-abortable-preclean: 1.065/5.056 secs] [Times: user=1.05 sys=0.00, real=5.06 secs] 
2018-03-26T17:09:46.528+0530: 184.475: [GC (CMS Final Remark) [YG occupancy: 4386 K (9792 K)]2018-03-26T17:09:46.528+0530: 184.475: [Rescan (parallel) , 0.0040410 secs]2018-03-26T17:09:46.532+0530: 184.479: [weak refs processing, 0.0000346 secs]2018-03-26T17:09:46.532+0530: 184.479: [class unloading, 0.0003322 secs]2018-03-26T17:09:46.532+0530: 184.480: [scrub symbol table, 0.0006421 secs]2018-03-26T17:09:46.533+0530: 184.480: [scrub string table, 0.0002916 secs][1 CMS-remark: 15391K(25656K)] 19778K(35448K), 0.0055428 secs] [Times: user=0.00 sys=0.00, real=0.00 secs] 
2018-03-26T17:09:46.534+0530: 184.481: [CMS-concurrent-sweep-start]
2018-03-26T17:09:46.549+0530: 184.497: [CMS-concurrent-sweep: 0.016/0.016 secs] [Times: user=0.01 sys=0.00, real=0.02 secs] 
2018-03-26T17:09:46.549+0530: 184.497: [CMS-concurrent-reset-start]
2018-03-26T17:09:46.550+0530: 184.498: [CMS-concurrent-reset: 0.001/0.001 secs] [Times: user=0.00 sys=0.00, real=0.00 secs] 
2018-03-26T17:09:48.551+0530: 186.498: [GC (CMS Initial Mark) [1 CMS-initial-mark: 15391K(25656K)] 19778K(35448K), 0.0037681 secs] [Times: user=0.06 sys=0.00, real=0.00 secs] 
2018-03-26T17:09:48.555+0530: 186.502: [CMS-concurrent-mark-start]
2018-03-26T17:09:48.594+0530: 186.541: [CMS-concurrent-mark: 0.039/0.039 secs] [Times: user=0.03 sys=0.00, real=0.04 secs] 
2018-03-26T17:09:48.594+0530: 186.541: [CMS-concurrent-preclean-start]
2018-03-26T17:09:48.594+0530: 186.541: [CMS-concurrent-preclean: 0.000/0.000 secs] [Times: user=0.00 sys=0.00, real=0.00 secs] 
2018-03-26T17:09:48.594+0530: 186.541: [CMS-concurrent-abortable-preclean-start]
 CMS: abort preclean due to time 2018-03-26T17:09:53.665+0530: 191.613: [CMS-concurrent-abortable-preclean: 1.076/5.071 secs] [Times: user=1.09 sys=0.00, real=5.07 secs] 
2018-03-26T17:09:53.665+0530: 191.613: [GC (CMS Final Remark) [YG occupancy: 4386 K (9792 K)]2018-03-26T17:09:53.665+0530: 191.613: [Rescan (parallel) , 0.0039895 secs]2018-03-26T17:09:53.669+0530: 191.617: [weak refs processing, 0.0000346 secs]2018-03-26T17:09:53.669+0530: 191.617: [class unloading, 0.0003505 secs]2018-03-26T17:09:53.670+0530: 191.618: [scrub symbol table, 0.0006827 secs]2018-03-26T17:09:53.671+0530: 191.618: [scrub string table, 0.0002687 secs][1 CMS-remark: 15391K(25656K)] 19778K(35448K), 0.0055311 secs] [Times: user=0.00 sys=0.00, real=0.01 secs] 
2018-03-26T17:09:53.671+0530: 191.619: [CMS-concurrent-sweep-start]
2018-03-26T17:09:53.687+0530: 191.635: [CMS-concurrent-sweep: 0.016/0.016 secs] [Times: user=0.02 sys=0.00, real=0.02 secs] 
2018-03-26T17:09:53.687+0530: 191.635: [CMS-concurrent-reset-start]
2018-03-26T17:09:53.688+0530: 191.636: [CMS-concurrent-reset: 0.001/0.001 secs] [Times: user=0.00 sys=0.00, real=0.00 secs] 
2018-03-26T17:09:55.689+0530: 193.636: [GC (CMS Initial Mark) [1 CMS-initial-mark: 15391K(25656K)] 19778K(35448K), 0.0037314 secs] [Times: user=0.01 sys=0.00, real=0.00 secs] 
2018-03-26T17:09:55.693+0530: 193.640: [CMS-concurrent-mark-start]
2018-03-26T17:09:55.732+0530: 193.679: [CMS-concurrent-mark: 0.039/0.039 secs] [Times: user=0.03 sys=0.00, real=0.04 secs] 
2018-03-26T17:09:55.732+0530: 193.680: [CMS-concurrent-preclean-start]
2018-03-26T17:09:55.732+0530: 193.680: [CMS-concurrent-preclean: 0.000/0.000 secs] [Times: user=0.00 sys=0.00, real=0.00 secs] 
2018-03-26T17:09:55.732+0530: 193.680: [CMS-concurrent-abortable-preclean-start]
 CMS: abort preclean due to time 2018-03-26T17:10:00.802+0530: 198.749: [CMS-concurrent-abortable-preclean: 1.071/5.069 secs] [Times: user=1.11 sys=0.00, real=5.07 secs] 
2018-03-26T17:10:00.802+0530: 198.749: [GC (CMS Final Remark) [YG occupancy: 4386 K (9792 K)]2018-03-26T17:10:00.802+0530: 198.749: [Rescan (parallel) , 0.0039740 secs]2018-03-26T17:10:00.806+0530: 198.753: [weak refs processing, 0.0000374 secs]2018-03-26T17:10:00.806+0530: 198.753: [class unloading, 0.0003762 secs]2018-03-26T17:10:00.806+0530: 198.754: [scrub symbol table, 0.0008558 secs]2018-03-26T17:10:00.807+0530: 198.755: [scrub string table, 0.0002528 secs][1 CMS-remark: 15391K(25656K)] 19778K(35448K), 0.0057388 secs] [Times: user=0.00 sys=0.00, real=0.01 secs] 
2018-03-26T17:10:00.808+0530: 198.755: [CMS-concurrent-sweep-start]
2018-03-26T17:10:00.825+0530: 198.772: [CMS-concurrent-sweep: 0.017/0.017 secs] [Times: user=0.01 sys=0.00, real=0.02 secs] 
2018-03-26T17:10:00.825+0530: 198.772: [CMS-concurrent-reset-start]
2018-03-26T17:10:00.825+0530: 198.773: [CMS-concurrent-reset: 0.001/0.001 secs] [Times: user=0.00 sys=0.00, real=0.00 secs] 
2018-03-26T17:10:02.773+0530: 200.720: [GC (Allocation Failure) 2018-03-26T17:10:02.773+0530: 200.720: [ParNew: 9792K->1086K(9792K), 0.0617855 secs] 25183K->25067K(35448K), 0.0619597 secs] [Times: user=0.20 sys=0.00, real=0.06 secs] 
2018-03-26T17:10:02.836+0530: 200.783: [GC (CMS Initial Mark) [1 CMS-initial-mark: 23980K(25656K)] 25240K(35448K), 0.0012557 secs] [Times: user=0.00 sys=0.00, real=0.00 secs] 
2018-03-26T17:10:02.837+0530: 200.784: [CMS-concurrent-mark-start]
2018-03-26T17:10:02.901+0530: 200.849: [CMS-concurrent-mark: 0.065/0.065 secs] [Times: user=0.06 sys=0.00, real=0.06 secs] 
2018-03-26T17:10:02.901+0530: 200.849: [CMS-concurrent-preclean-start]
2018-03-26T17:10:02.902+0530: 200.849: [CMS-concurrent-preclean: 0.000/0.000 secs] [Times: user=0.00 sys=0.00, real=0.00 secs] 
2018-03-26T17:10:02.902+0530: 200.849: [CMS-concurrent-abortable-preclean-start]
 CMS: abort preclean due to time 2018-03-26T17:10:07.946+0530: 205.894: [CMS-concurrent-abortable-preclean: 1.052/5.045 secs] [Times: user=1.03 sys=0.00, real=5.04 secs] 
2018-03-26T17:10:07.947+0530: 205.894: [GC (CMS Final Remark) [YG occupancy: 4214 K (9792 K)]2018-03-26T17:10:07.947+0530: 205.894: [Rescan (parallel) , 0.0032444 secs]2018-03-26T17:10:07.950+0530: 205.898: [weak refs processing, 0.0000346 secs]2018-03-26T17:10:07.950+0530: 205.898: [class unloading, 0.0003406 secs]2018-03-26T17:10:07.950+0530: 205.898: [scrub symbol table, 0.0006573 secs]2018-03-26T17:10:07.951+0530: 205.899: [scrub string table, 0.0002274 secs][1 CMS-remark: 23980K(25656K)] 28195K(35448K), 0.0047032 secs] [Times: user=0.00 sys=0.00, real=0.00 secs] 
2018-03-26T17:10:07.951+0530: 205.899: [CMS-concurrent-sweep-start]
2018-03-26T17:10:07.977+0530: 205.924: [CMS-concurrent-sweep: 0.025/0.025 secs] [Times: user=0.03 sys=0.00, real=0.03 secs] 
2018-03-26T17:10:07.977+0530: 205.924: [CMS-concurrent-reset-start]
2018-03-26T17:10:07.978+0530: 205.925: [CMS-concurrent-reset: 0.001/0.001 secs] [Times: user=0.00 sys=0.00, real=0.00 secs] 
2018-03-26T17:10:09.978+0530: 207.925: [GC (CMS Initial Mark) [1 CMS-initial-mark: 23980K(39968K)] 28195K(49760K), 0.0033111 secs] [Times: user=0.00 sys=0.00, real=0.00 secs] 
2018-03-26T17:10:09.981+0530: 207.928: [CMS-concurrent-mark-start]
2018-03-26T17:10:10.045+0530: 207.992: [CMS-concurrent-mark: 0.063/0.063 secs] [Times: user=0.06 sys=0.00, real=0.06 secs] 
2018-03-26T17:10:10.045+0530: 207.992: [CMS-concurrent-preclean-start]
2018-03-26T17:10:10.045+0530: 207.992: [CMS-concurrent-preclean: 0.000/0.000 secs] [Times: user=0.00 sys=0.00, real=0.00 secs] 
2018-03-26T17:10:10.045+0530: 207.992: [CMS-concurrent-abortable-preclean-start]
 CMS: abort preclean due to time 2018-03-26T17:10:15.052+0530: 212.999: [CMS-concurrent-abortable-preclean: 1.018/5.007 secs] [Times: user=1.09 sys=0.00, real=5.01 secs] 
2018-03-26T17:10:15.053+0530: 213.000: [GC (CMS Final Remark) [YG occupancy: 4214 K (9792 K)]2018-03-26T17:10:15.053+0530: 213.000: [Rescan (parallel) , 0.0030533 secs]2018-03-26T17:10:15.056+0530: 213.003: [weak refs processing, 0.0000522 secs]2018-03-26T17:10:15.056+0530: 213.003: [class unloading, 0.0003445 secs]2018-03-26T17:10:15.056+0530: 213.003: [scrub symbol table, 0.0006474 secs]2018-03-26T17:10:15.057+0530: 213.004: [scrub string table, 0.0002165 secs][1 CMS-remark: 23980K(39968K)] 28195K(49760K), 0.0045082 secs] [Times: user=0.00 sys=0.00, real=0.00 secs] 
2018-03-26T17:10:15.057+0530: 213.004: [CMS-concurrent-sweep-start]
2018-03-26T17:10:15.080+0530: 213.028: [CMS-concurrent-sweep: 0.023/0.023 secs] [Times: user=0.02 sys=0.00, real=0.02 secs] 
2018-03-26T17:10:15.080+0530: 213.028: [CMS-concurrent-reset-start]
2018-03-26T17:10:15.080+0530: 213.028: [CMS-concurrent-reset: 0.001/0.001 secs] [Times: user=0.00 sys=0.00, real=0.00 secs] 
2018-03-26T17:10:17.081+0530: 215.028: [GC (CMS Initial Mark) [1 CMS-initial-mark: 23980K(39968K)] 28195K(49760K), 0.0047589 secs] [Times: user=0.03 sys=0.00, real=0.00 secs] 
2018-03-26T17:10:17.086+0530: 215.033: [CMS-concurrent-mark-start]
2018-03-26T17:10:17.156+0530: 215.103: [CMS-concurrent-mark: 0.070/0.070 secs] [Times: user=0.06 sys=0.00, real=0.07 secs] 
2018-03-26T17:10:17.156+0530: 215.103: [CMS-concurrent-preclean-start]
2018-03-26T17:10:17.156+0530: 215.103: [CMS-concurrent-preclean: 0.000/0.000 secs] [Times: user=0.00 sys=0.00, real=0.00 secs] 
2018-03-26T17:10:17.156+0530: 215.103: [CMS-concurrent-abortable-preclean-start]
 CMS: abort preclean due to time 2018-03-26T17:10:22.289+0530: 220.236: [CMS-concurrent-abortable-preclean: 1.341/5.132 secs] [Times: user=1.26 sys=0.00, real=5.13 secs] 
2018-03-26T17:10:22.289+0530: 220.236: [GC (CMS Final Remark) [YG occupancy: 4214 K (9792 K)]2018-03-26T17:10:22.289+0530: 220.236: [Rescan (parallel) , 0.0034951 secs]2018-03-26T17:10:22.293+0530: 220.240: [weak refs processing, 0.0000388 secs]2018-03-26T17:10:22.293+0530: 220.240: [class unloading, 0.0003836 secs]2018-03-26T17:10:22.293+0530: 220.240: [scrub symbol table, 0.0006975 secs]2018-03-26T17:10:22.294+0530: 220.241: [scrub string table, 0.0002768 secs][1 CMS-remark: 23980K(39968K)] 28195K(49760K), 0.0051334 secs] [Times: user=0.00 sys=0.00, real=0.00 secs] 
2018-03-26T17:10:22.294+0530: 220.242: [CMS-concurrent-sweep-start]
2018-03-26T17:10:22.325+0530: 220.273: [CMS-concurrent-sweep: 0.031/0.031 secs] [Times: user=0.03 sys=0.00, real=0.03 secs] 
2018-03-26T17:10:22.325+0530: 220.273: [CMS-concurrent-reset-start]
2018-03-26T17:10:22.326+0530: 220.274: [CMS-concurrent-reset: 0.001/0.001 secs] [Times: user=0.00 sys=0.00, real=0.00 secs] 
2018-03-26T17:10:24.326+0530: 222.273: [GC (CMS Initial Mark) [1 CMS-initial-mark: 23980K(39968K)] 28195K(49760K), 0.0041242 secs] [Times: user=0.00 sys=0.00, real=0.00 secs] 
2018-03-26T17:10:24.330+0530: 222.277: [CMS-concurrent-mark-start]
2018-03-26T17:10:24.396+0530: 222.343: [CMS-concurrent-mark: 0.066/0.066 secs] [Times: user=0.08 sys=0.00, real=0.07 secs] 
2018-03-26T17:10:24.396+0530: 222.343: [CMS-concurrent-preclean-start]
2018-03-26T17:10:24.397+0530: 222.344: [CMS-concurrent-preclean: 0.000/0.000 secs] [Times: user=0.00 sys=0.00, real=0.00 secs] 
2018-03-26T17:10:24.397+0530: 222.344: [CMS-concurrent-abortable-preclean-start]
 CMS: abort preclean due to time 2018-03-26T17:10:29.481+0530: 227.428: [CMS-concurrent-abortable-preclean: 1.289/5.084 secs] [Times: user=1.25 sys=0.00, real=5.08 secs] 
2018-03-26T17:10:29.481+0530: 227.428: [GC (CMS Final Remark) [YG occupancy: 4214 K (9792 K)]2018-03-26T17:10:29.481+0530: 227.428: [Rescan (parallel) , 0.0033477 secs]2018-03-26T17:10:29.484+0530: 227.431: [weak refs processing, 0.0000388 secs]2018-03-26T17:10:29.484+0530: 227.431: [class unloading, 0.0003868 secs]2018-03-26T17:10:29.485+0530: 227.432: [scrub symbol table, 0.0007042 secs]2018-03-26T17:10:29.485+0530: 227.433: [scrub string table, 0.0002803 secs][1 CMS-remark: 23980K(39968K)] 28195K(49760K), 0.0049645 secs] [Times: user=0.00 sys=0.00, real=0.01 secs] 
2018-03-26T17:10:29.486+0530: 227.433: [CMS-concurrent-sweep-start]
2018-03-26T17:10:29.517+0530: 227.464: [CMS-concurrent-sweep: 0.031/0.031 secs] [Times: user=0.03 sys=0.00, real=0.03 secs] 
2018-03-26T17:10:29.517+0530: 227.464: [CMS-concurrent-reset-start]
2018-03-26T17:10:29.518+0530: 227.465: [CMS-concurrent-reset: 0.001/0.001 secs] [Times: user=0.00 sys=0.00, real=0.00 secs] 
2018-03-26T17:10:31.518+0530: 229.465: [GC (CMS Initial Mark) [1 CMS-initial-mark: 23980K(39968K)] 28195K(49760K), 0.0032899 secs] [Times: user=0.00 sys=0.00, real=0.00 secs] 
2018-03-26T17:10:31.522+0530: 229.469: [CMS-concurrent-mark-start]
2018-03-26T17:10:31.587+0530: 229.534: [CMS-concurrent-mark: 0.066/0.066 secs] [Times: user=0.06 sys=0.00, real=0.06 secs] 
2018-03-26T17:10:31.587+0530: 229.534: [CMS-concurrent-preclean-start]
2018-03-26T17:10:31.587+0530: 229.535: [CMS-concurrent-preclean: 0.000/0.000 secs] [Times: user=0.00 sys=0.00, real=0.00 secs] 
2018-03-26T17:10:31.587+0530: 229.535: [CMS-concurrent-abortable-preclean-start]
 CMS: abort preclean due to time 2018-03-26T17:10:36.592+0530: 234.539: [CMS-concurrent-abortable-preclean: 1.013/5.005 secs] [Times: user=1.03 sys=0.00, real=5.01 secs] 
2018-03-26T17:10:36.593+0530: 234.540: [GC (CMS Final Remark) [YG occupancy: 4214 K (9792 K)]2018-03-26T17:10:36.593+0530: 234.540: [Rescan (parallel) , 0.0030099 secs]2018-03-26T17:10:36.595+0530: 234.543: [weak refs processing, 0.0000430 secs]2018-03-26T17:10:36.596+0530: 234.543: [class unloading, 0.0003353 secs]2018-03-26T17:10:36.596+0530: 234.543: [scrub symbol table, 0.0006499 secs]2018-03-26T17:10:36.597+0530: 234.544: [scrub string table, 0.0002176 secs][1 CMS-remark: 23980K(39968K)] 28195K(49760K), 0.0044518 secs] [Times: user=0.00 sys=0.00, real=0.00 secs] 
2018-03-26T17:10:36.597+0530: 234.544: [CMS-concurrent-sweep-start]
2018-03-26T17:10:36.621+0530: 234.568: [CMS-concurrent-sweep: 0.024/0.024 secs] [Times: user=0.01 sys=0.00, real=0.02 secs] 
2018-03-26T17:10:36.621+0530: 234.568: [CMS-concurrent-reset-start]
2018-03-26T17:10:36.621+0530: 234.569: [CMS-concurrent-reset: 0.001/0.001 secs] [Times: user=0.00 sys=0.00, real=0.00 secs] 
2018-03-26T17:10:38.621+0530: 236.568: [GC (CMS Initial Mark) [1 CMS-initial-mark: 23980K(39968K)] 28195K(49760K), 0.0038061 secs] [Times: user=0.00 sys=0.00, real=0.00 secs] 
2018-03-26T17:10:38.624+0530: 236.572: [CMS-concurrent-mark-start]
2018-03-26T17:10:38.690+0530: 236.637: [CMS-concurrent-mark: 0.064/0.064 secs] [Times: user=0.06 sys=0.00, real=0.07 secs] 
2018-03-26T17:10:38.690+0530: 236.637: [CMS-concurrent-preclean-start]
2018-03-26T17:10:38.690+0530: 236.637: [CMS-concurrent-preclean: 0.000/0.000 secs] [Times: user=0.00 sys=0.00, real=0.00 secs] 
2018-03-26T17:10:38.690+0530: 236.637: [CMS-concurrent-abortable-preclean-start]
 CMS: abort preclean due to time 2018-03-26T17:10:43.694+0530: 241.642: [CMS-concurrent-abortable-preclean: 1.014/5.005 secs] [Times: user=0.92 sys=0.00, real=5.00 secs] 
2018-03-26T17:10:43.695+0530: 241.642: [GC (CMS Final Remark) [YG occupancy: 4214 K (9792 K)]2018-03-26T17:10:43.695+0530: 241.642: [Rescan (parallel) , 0.0030558 secs]2018-03-26T17:10:43.698+0530: 241.645: [weak refs processing, 0.0000335 secs]2018-03-26T17:10:43.698+0530: 241.645: [class unloading, 0.0003509 secs]2018-03-26T17:10:43.698+0530: 241.645: [scrub symbol table, 0.0006277 secs]2018-03-26T17:10:43.699+0530: 241.646: [scrub string table, 0.0002162 secs][1 CMS-remark: 23980K(39968K)] 28195K(49760K), 0.0044779 secs] [Times: user=0.00 sys=0.00, real=0.00 secs] 
2018-03-26T17:10:43.700+0530: 241.647: [CMS-concurrent-sweep-start]
2018-03-26T17:10:43.723+0530: 241.670: [CMS-concurrent-sweep: 0.024/0.024 secs] [Times: user=0.01 sys=0.00, real=0.02 secs] 
2018-03-26T17:10:43.723+0530: 241.670: [CMS-concurrent-reset-start]
2018-03-26T17:10:43.724+0530: 241.671: [CMS-concurrent-reset: 0.001/0.001 secs] [Times: user=0.02 sys=0.00, real=0.00 secs] 
2018-03-26T17:10:45.724+0530: 243.671: [GC (CMS Initial Mark) [1 CMS-initial-mark: 23980K(39968K)] 28195K(49760K), 0.0031482 secs] [Times: user=0.00 sys=0.00, real=0.00 secs] 
2018-03-26T17:10:45.727+0530: 243.674: [CMS-concurrent-mark-start]
2018-03-26T17:10:45.791+0530: 243.738: [CMS-concurrent-mark: 0.064/0.064 secs] [Times: user=0.06 sys=0.00, real=0.06 secs] 
2018-03-26T17:10:45.791+0530: 243.738: [CMS-concurrent-preclean-start]
2018-03-26T17:10:45.791+0530: 243.738: [CMS-concurrent-preclean: 0.000/0.000 secs] [Times: user=0.00 sys=0.00, real=0.00 secs] 
2018-03-26T17:10:45.791+0530: 243.738: [CMS-concurrent-abortable-preclean-start]
 CMS: abort preclean due to time 2018-03-26T17:10:50.821+0530: 248.768: [CMS-concurrent-abortable-preclean: 1.039/5.030 secs] [Times: user=1.00 sys=0.00, real=5.03 secs] 
2018-03-26T17:10:50.822+0530: 248.769: [GC (CMS Final Remark) [YG occupancy: 4214 K (9792 K)]2018-03-26T17:10:50.822+0530: 248.769: [Rescan (parallel) , 0.0037934 secs]2018-03-26T17:10:50.825+0530: 248.773: [weak refs processing, 0.0000367 secs]2018-03-26T17:10:50.825+0530: 248.773: [class unloading, 0.0003614 secs]2018-03-26T17:10:50.826+0530: 248.773: [scrub symbol table, 0.0006855 secs]2018-03-26T17:10:50.826+0530: 248.774: [scrub string table, 0.0002497 secs][1 CMS-remark: 23980K(39968K)] 28195K(49760K), 0.0053428 secs] [Times: user=0.00 sys=0.00, real=0.00 secs] 
2018-03-26T17:10:50.827+0530: 248.774: [CMS-concurrent-sweep-start]
2018-03-26T17:10:50.852+0530: 248.799: [CMS-concurrent-sweep: 0.025/0.025 secs] [Times: user=0.03 sys=0.00, real=0.03 secs] 
2018-03-26T17:10:50.852+0530: 248.799: [CMS-concurrent-reset-start]
2018-03-26T17:10:50.853+0530: 248.800: [CMS-concurrent-reset: 0.001/0.001 secs] [Times: user=0.00 sys=0.00, real=0.00 secs] 
2018-03-26T17:10:52.853+0530: 250.800: [GC (CMS Initial Mark) [1 CMS-initial-mark: 23980K(39968K)] 28195K(49760K), 0.0059046 secs] [Times: user=0.00 sys=0.00, real=0.01 secs] 
2018-03-26T17:10:52.859+0530: 250.806: [CMS-concurrent-mark-start]
2018-03-26T17:10:52.985+0530: 250.933: [CMS-concurrent-mark: 0.127/0.127 secs] [Times: user=0.13 sys=0.00, real=0.13 secs] 
2018-03-26T17:10:52.986+0530: 250.933: [CMS-concurrent-preclean-start]
2018-03-26T17:10:52.986+0530: 250.934: [CMS-concurrent-preclean: 0.000/0.000 secs] [Times: user=0.00 sys=0.00, real=0.00 secs] 
2018-03-26T17:10:52.986+0530: 250.934: [CMS-concurrent-abortable-preclean-start]
 CMS: abort preclean due to time 2018-03-26T17:10:58.027+0530: 255.974: [CMS-concurrent-abortable-preclean: 1.248/5.041 secs] [Times: user=1.19 sys=0.00, real=5.04 secs] 
2018-03-26T17:10:58.028+0530: 255.975: [GC (CMS Final Remark) [YG occupancy: 4214 K (9792 K)]2018-03-26T17:10:58.028+0530: 255.975: [Rescan (parallel) , 0.0043375 secs]2018-03-26T17:10:58.032+0530: 255.979: [weak refs processing, 0.0000494 secs]2018-03-26T17:10:58.032+0530: 255.979: [class unloading, 0.0004658 secs]2018-03-26T17:10:58.032+0530: 255.980: [scrub symbol table, 0.0008752 secs]2018-03-26T17:10:58.033+0530: 255.981: [scrub string table, 0.0003071 secs][1 CMS-remark: 23980K(39968K)] 28195K(49760K), 0.0063171 secs] [Times: user=0.00 sys=0.00, real=0.01 secs] 
2018-03-26T17:10:58.035+0530: 255.981: [CMS-concurrent-sweep-start]
2018-03-26T17:10:58.070+0530: 256.017: [CMS-concurrent-sweep: 0.036/0.036 secs] [Times: user=0.05 sys=0.00, real=0.03 secs] 
2018-03-26T17:10:58.071+0530: 256.018: [CMS-concurrent-reset-start]
2018-03-26T17:10:58.072+0530: 256.019: [CMS-concurrent-reset: 0.001/0.001 secs] [Times: user=0.00 sys=0.00, real=0.00 secs] 
2018-03-26T17:11:00.071+0530: 258.018: [GC (CMS Initial Mark) [1 CMS-initial-mark: 23980K(39968K)] 28195K(49760K), 0.0034239 secs] [Times: user=0.00 sys=0.00, real=0.00 secs] 
2018-03-26T17:11:00.074+0530: 258.022: [CMS-concurrent-mark-start]
2018-03-26T17:11:00.164+0530: 258.111: [CMS-concurrent-mark: 0.090/0.090 secs] [Times: user=0.09 sys=0.00, real=0.09 secs] 
2018-03-26T17:11:00.164+0530: 258.112: [CMS-concurrent-preclean-start]
2018-03-26T17:11:00.164+0530: 258.112: [CMS-concurrent-preclean: 0.000/0.000 secs] [Times: user=0.00 sys=0.00, real=0.00 secs] 
2018-03-26T17:11:00.164+0530: 258.112: [CMS-concurrent-abortable-preclean-start]
 CMS: abort preclean due to time 2018-03-26T17:11:05.185+0530: 263.132: [CMS-concurrent-abortable-preclean: 1.423/5.020 secs] [Times: user=1.30 sys=0.00, real=5.02 secs] 
2018-03-26T17:11:05.185+0530: 263.133: [GC (CMS Final Remark) [YG occupancy: 4214 K (9792 K)]2018-03-26T17:11:05.185+0530: 263.133: [Rescan (parallel) , 0.0053404 secs]2018-03-26T17:11:05.191+0530: 263.138: [weak refs processing, 0.0000585 secs]2018-03-26T17:11:05.191+0530: 263.138: [class unloading, 0.0006379 secs]2018-03-26T17:11:05.192+0530: 263.139: [scrub symbol table, 0.0012500 secs]2018-03-26T17:11:05.193+0530: 263.140: [scrub string table, 0.0005631 secs][1 CMS-remark: 23980K(39968K)] 28195K(49760K), 0.0082220 secs] [Times: user=0.01 sys=0.00, real=0.01 secs] 
2018-03-26T17:11:05.194+0530: 263.141: [CMS-concurrent-sweep-start]
2018-03-26T17:11:05.231+0530: 263.179: [CMS-concurrent-sweep: 0.038/0.038 secs] [Times: user=0.03 sys=0.00, real=0.04 secs] 
2018-03-26T17:11:05.232+0530: 263.179: [CMS-concurrent-reset-start]
2018-03-26T17:11:05.233+0530: 263.180: [CMS-concurrent-reset: 0.001/0.001 secs] [Times: user=0.00 sys=0.00, real=0.00 secs] 
2018-03-26T17:11:07.233+0530: 265.180: [GC (CMS Initial Mark) [1 CMS-initial-mark: 23980K(39968K)] 28195K(49760K), 0.0036788 secs] [Times: user=0.00 sys=0.00, real=0.00 secs] 
2018-03-26T17:11:07.237+0530: 265.184: [CMS-concurrent-mark-start]
2018-03-26T17:11:07.312+0530: 265.259: [CMS-concurrent-mark: 0.075/0.075 secs] [Times: user=0.08 sys=0.00, real=0.08 secs] 
2018-03-26T17:11:07.312+0530: 265.259: [CMS-concurrent-preclean-start]
2018-03-26T17:11:07.312+0530: 265.259: [CMS-concurrent-preclean: 0.000/0.000 secs] [Times: user=0.00 sys=0.00, real=0.00 secs] 
2018-03-26T17:11:07.312+0530: 265.259: [CMS-concurrent-abortable-preclean-start]
 CMS: abort preclean due to time 2018-03-26T17:11:12.403+0530: 270.351: [CMS-concurrent-abortable-preclean: 1.104/5.091 secs] [Times: user=1.19 sys=0.00, real=5.09 secs] 
2018-03-26T17:11:12.404+0530: 270.351: [GC (CMS Final Remark) [YG occupancy: 4214 K (9792 K)]2018-03-26T17:11:12.404+0530: 270.351: [Rescan (parallel) , 0.0030589 secs]2018-03-26T17:11:12.407+0530: 270.354: [weak refs processing, 0.0000374 secs]2018-03-26T17:11:12.407+0530: 270.354: [class unloading, 0.0003226 secs]2018-03-26T17:11:12.407+0530: 270.355: [scrub symbol table, 0.0006411 secs]2018-03-26T17:11:12.408+0530: 270.355: [scrub string table, 0.0002162 secs][1 CMS-remark: 23980K(39968K)] 28195K(49760K), 0.0044733 secs] [Times: user=0.00 sys=0.00, real=0.00 secs] 
2018-03-26T17:11:12.409+0530: 270.356: [CMS-concurrent-sweep-start]
2018-03-26T17:11:12.433+0530: 270.381: [CMS-concurrent-sweep: 0.025/0.025 secs] [Times: user=0.03 sys=0.00, real=0.02 secs] 
2018-03-26T17:11:12.433+0530: 270.381: [CMS-concurrent-reset-start]
2018-03-26T17:11:12.434+0530: 270.382: [CMS-concurrent-reset: 0.001/0.001 secs] [Times: user=0.00 sys=0.00, real=0.00 secs] 
2018-03-26T17:11:14.435+0530: 272.382: [GC (CMS Initial Mark) [1 CMS-initial-mark: 23980K(39968K)] 28195K(49760K), 0.0032081 secs] [Times: user=0.00 sys=0.00, real=0.00 secs] 
2018-03-26T17:11:14.439+0530: 272.386: [CMS-concurrent-mark-start]
2018-03-26T17:11:14.500+0530: 272.447: [CMS-concurrent-mark: 0.062/0.062 secs] [Times: user=0.06 sys=0.00, real=0.06 secs] 
2018-03-26T17:11:14.500+0530: 272.447: [CMS-concurrent-preclean-start]
2018-03-26T17:11:14.500+0530: 272.448: [CMS-concurrent-preclean: 0.000/0.000 secs] [Times: user=0.00 sys=0.00, real=0.00 secs] 
2018-03-26T17:11:14.500+0530: 272.448: [CMS-concurrent-abortable-preclean-start]
 CMS: abort preclean due to time 2018-03-26T17:11:19.518+0530: 277.465: [CMS-concurrent-abortable-preclean: 1.026/5.017 secs] [Times: user=0.83 sys=0.00, real=5.02 secs] 
2018-03-26T17:11:19.518+0530: 277.465: [GC (CMS Final Remark) [YG occupancy: 4214 K (9792 K)]2018-03-26T17:11:19.518+0530: 277.465: [Rescan (parallel) , 0.0030262 secs]2018-03-26T17:11:19.520+0530: 277.468: [weak refs processing, 0.0000391 secs]2018-03-26T17:11:19.521+0530: 277.468: [class unloading, 0.0003371 secs]2018-03-26T17:11:19.521+0530: 277.469: [scrub symbol table, 0.0006284 secs]2018-03-26T17:11:19.522+0530: 277.469: [scrub string table, 0.0002296 secs][1 CMS-remark: 23980K(39968K)] 28195K(49760K), 0.0044514 secs] [Times: user=0.02 sys=0.00, real=0.00 secs] 
2018-03-26T17:11:19.523+0530: 277.470: [CMS-concurrent-sweep-start]
2018-03-26T17:11:19.546+0530: 277.493: [CMS-concurrent-sweep: 0.023/0.023 secs] [Times: user=0.01 sys=0.00, real=0.02 secs] 
2018-03-26T17:11:19.546+0530: 277.493: [CMS-concurrent-reset-start]
2018-03-26T17:11:19.546+0530: 277.494: [CMS-concurrent-reset: 0.001/0.001 secs] [Times: user=0.00 sys=0.00, real=0.00 secs] 
2018-03-26T17:11:21.546+0530: 279.493: [GC (CMS Initial Mark) [1 CMS-initial-mark: 23980K(39968K)] 28195K(49760K), 0.0034997 secs] [Times: user=0.00 sys=0.00, real=0.00 secs] 
2018-03-26T17:11:21.550+0530: 279.497: [CMS-concurrent-mark-start]
2018-03-26T17:11:21.614+0530: 279.561: [CMS-concurrent-mark: 0.065/0.065 secs] [Times: user=0.06 sys=0.00, real=0.06 secs] 
2018-03-26T17:11:21.614+0530: 279.562: [CMS-concurrent-preclean-start]
2018-03-26T17:11:21.614+0530: 279.562: [CMS-concurrent-preclean: 0.000/0.000 secs] [Times: user=0.00 sys=0.00, real=0.00 secs] 
2018-03-26T17:11:21.614+0530: 279.562: [CMS-concurrent-abortable-preclean-start]
 CMS: abort preclean due to time 2018-03-26T17:11:26.644+0530: 284.591: [CMS-concurrent-abortable-preclean: 1.033/5.029 secs] [Times: user=1.06 sys=0.00, real=5.03 secs] 
2018-03-26T17:11:26.644+0530: 284.591: [GC (CMS Final Remark) [YG occupancy: 4214 K (9792 K)]2018-03-26T17:11:26.644+0530: 284.591: [Rescan (parallel) , 0.0030247 secs]2018-03-26T17:11:26.647+0530: 284.594: [weak refs processing, 0.0000363 secs]2018-03-26T17:11:26.648+0530: 284.595: [class unloading, 0.0003498 secs]2018-03-26T17:11:26.648+0530: 284.595: [scrub symbol table, 0.0006238 secs]2018-03-26T17:11:26.649+0530: 284.596: [scrub string table, 0.0002253 secs][1 CMS-remark: 23980K(39968K)] 28195K(49760K), 0.0044486 secs] [Times: user=0.06 sys=0.00, real=0.00 secs] 
2018-03-26T17:11:26.649+0530: 284.596: [CMS-concurrent-sweep-start]
2018-03-26T17:11:26.671+0530: 284.619: [CMS-concurrent-sweep: 0.023/0.023 secs] [Times: user=0.02 sys=0.00, real=0.02 secs] 
2018-03-26T17:11:26.671+0530: 284.619: [CMS-concurrent-reset-start]
2018-03-26T17:11:26.672+0530: 284.619: [CMS-concurrent-reset: 0.001/0.001 secs] [Times: user=0.00 sys=0.00, real=0.00 secs] 
2018-03-26T17:11:28.672+0530: 286.619: [GC (CMS Initial Mark) [1 CMS-initial-mark: 23980K(39968K)] 28195K(49760K), 0.0031531 secs] [Times: user=0.00 sys=0.00, real=0.00 secs] 
2018-03-26T17:11:28.676+0530: 286.623: [CMS-concurrent-mark-start]
2018-03-26T17:11:28.739+0530: 286.686: [CMS-concurrent-mark: 0.063/0.063 secs] [Times: user=0.06 sys=0.00, real=0.06 secs] 
2018-03-26T17:11:28.739+0530: 286.686: [CMS-concurrent-preclean-start]
2018-03-26T17:11:28.739+0530: 286.686: [CMS-concurrent-preclean: 0.000/0.000 secs] [Times: user=0.00 sys=0.00, real=0.00 secs] 
2018-03-26T17:11:28.739+0530: 286.686: [CMS-concurrent-abortable-preclean-start]
 CMS: abort preclean due to time 2018-03-26T17:11:33.748+0530: 291.695: [CMS-concurrent-abortable-preclean: 1.019/5.009 secs] [Times: user=0.95 sys=0.00, real=5.01 secs] 
2018-03-26T17:11:33.749+0530: 291.696: [GC (CMS Final Remark) [YG occupancy: 4214 K (9792 K)]2018-03-26T17:11:33.749+0530: 291.696: [Rescan (parallel) , 0.0030061 secs]2018-03-26T17:11:33.751+0530: 291.699: [weak refs processing, 0.0000409 secs]2018-03-26T17:11:33.752+0530: 291.699: [class unloading, 0.0003212 secs]2018-03-26T17:11:33.752+0530: 291.699: [scrub symbol table, 0.0006382 secs]2018-03-26T17:11:33.752+0530: 291.700: [scrub string table, 0.0002214 secs][1 CMS-remark: 23980K(39968K)] 28195K(49760K), 0.0044327 secs] [Times: user=0.00 sys=0.00, real=0.00 secs] 
2018-03-26T17:11:33.754+0530: 291.700: [CMS-concurrent-sweep-start]
2018-03-26T17:11:33.778+0530: 291.725: [CMS-concurrent-sweep: 0.025/0.025 secs] [Times: user=0.03 sys=0.00, real=0.02 secs] 
2018-03-26T17:11:33.778+0530: 291.725: [CMS-concurrent-reset-start]
2018-03-26T17:11:33.779+0530: 291.726: [CMS-concurrent-reset: 0.001/0.001 secs] [Times: user=0.00 sys=0.00, real=0.00 secs] 
2018-03-26T17:11:35.778+0530: 293.725: [GC (CMS Initial Mark) [1 CMS-initial-mark: 23980K(39968K)] 28195K(49760K), 0.0033340 secs] [Times: user=0.00 sys=0.00, real=0.00 secs] 
2018-03-26T17:11:35.782+0530: 293.729: [CMS-concurrent-mark-start]
2018-03-26T17:11:35.846+0530: 293.793: [CMS-concurrent-mark: 0.065/0.065 secs] [Times: user=0.06 sys=0.00, real=0.06 secs] 
2018-03-26T17:11:35.846+0530: 293.793: [CMS-concurrent-preclean-start]
2018-03-26T17:11:35.846+0530: 293.793: [CMS-concurrent-preclean: 0.000/0.000 secs] [Times: user=0.00 sys=0.00, real=0.00 secs] 
2018-03-26T17:11:35.846+0530: 293.794: [CMS-concurrent-abortable-preclean-start]
 CMS: abort preclean due to time 2018-03-26T17:11:40.848+0530: 298.795: [CMS-concurrent-abortable-preclean: 1.014/5.002 secs] [Times: user=0.94 sys=0.00, real=5.00 secs] 
2018-03-26T17:11:40.849+0530: 298.796: [GC (CMS Final Remark) [YG occupancy: 4214 K (9792 K)]2018-03-26T17:11:40.849+0530: 298.796: [Rescan (parallel) , 0.0030424 secs]2018-03-26T17:11:40.851+0530: 298.799: [weak refs processing, 0.0000388 secs]2018-03-26T17:11:40.852+0530: 298.799: [class unloading, 0.0003353 secs]2018-03-26T17:11:40.852+0530: 298.799: [scrub symbol table, 0.0006421 secs]2018-03-26T17:11:40.853+0530: 298.800: [scrub string table, 0.0002176 secs][1 CMS-remark: 23980K(39968K)] 28195K(49760K), 0.0044652 secs] [Times: user=0.00 sys=0.00, real=0.00 secs] 
2018-03-26T17:11:40.853+0530: 298.800: [CMS-concurrent-sweep-start]
2018-03-26T17:11:40.878+0530: 298.825: [CMS-concurrent-sweep: 0.025/0.025 secs] [Times: user=0.02 sys=0.00, real=0.03 secs] 
2018-03-26T17:11:40.878+0530: 298.825: [CMS-concurrent-reset-start]
2018-03-26T17:11:40.878+0530: 298.826: [CMS-concurrent-reset: 0.001/0.001 secs] [Times: user=0.00 sys=0.00, real=0.00 secs] 
2018-03-26T17:11:42.844+0530: 300.791: [GC (Allocation Failure) 2018-03-26T17:11:42.844+0530: 300.791: [ParNew: 9790K->1086K(9792K), 0.0684767 secs] 33771K->33962K(49760K), 0.0686449 secs] [Times: user=0.27 sys=0.00, real=0.07 secs] 
2018-03-26T17:11:42.913+0530: 300.860: [GC (CMS Initial Mark) [1 CMS-initial-mark: 32875K(39968K)] 34135K(49760K), 0.0013893 secs] [Times: user=0.00 sys=0.00, real=0.00 secs] 
2018-03-26T17:11:42.914+0530: 300.862: [CMS-concurrent-mark-start]
2018-03-26T17:11:43.000+0530: 300.948: [CMS-concurrent-mark: 0.086/0.086 secs] [Times: user=0.08 sys=0.00, real=0.09 secs] 
2018-03-26T17:11:43.000+0530: 300.948: [CMS-concurrent-preclean-start]
2018-03-26T17:11:43.000+0530: 300.948: [CMS-concurrent-preclean: 0.000/0.000 secs] [Times: user=0.00 sys=0.00, real=0.00 secs] 
2018-03-26T17:11:43.001+0530: 300.948: [CMS-concurrent-abortable-preclean-start]
 CMS: abort preclean due to time 2018-03-26T17:11:48.080+0530: 306.028: [CMS-concurrent-abortable-preclean: 1.090/5.080 secs] [Times: user=1.00 sys=0.00, real=5.08 secs] 
2018-03-26T17:11:48.081+0530: 306.028: [GC (CMS Final Remark) [YG occupancy: 4216 K (9792 K)]2018-03-26T17:11:48.081+0530: 306.029: [Rescan (parallel) , 0.0029747 secs]2018-03-26T17:11:48.084+0530: 306.032: [weak refs processing, 0.0000346 secs]2018-03-26T17:11:48.084+0530: 306.032: [class unloading, 0.0003473 secs]2018-03-26T17:11:48.085+0530: 306.032: [scrub symbol table, 0.0006238 secs]2018-03-26T17:11:48.086+0530: 306.033: [scrub string table, 0.0002341 secs][1 CMS-remark: 32875K(39968K)] 37091K(49760K), 0.0044243 secs] [Times: user=0.06 sys=0.00, real=0.00 secs] 
2018-03-26T17:11:48.086+0530: 306.033: [CMS-concurrent-sweep-start]
2018-03-26T17:11:48.120+0530: 306.068: [CMS-concurrent-sweep: 0.035/0.035 secs] [Times: user=0.03 sys=0.00, real=0.03 secs] 
2018-03-26T17:11:48.121+0530: 306.069: [CMS-concurrent-reset-start]
2018-03-26T17:11:48.122+0530: 306.069: [CMS-concurrent-reset: 0.001/0.001 secs] [Times: user=0.00 sys=0.00, real=0.00 secs] 
2018-03-26T17:13:22.971+0530: 400.918: [GC (Allocation Failure) 2018-03-26T17:13:22.971+0530: 400.918: [ParNew: 9790K->1086K(9792K), 0.1136032 secs] 42666K->42664K(64588K), 0.1138496 secs] [Times: user=0.30 sys=0.00, real=0.11 secs] 
2018-03-26T17:13:23.085+0530: 401.033: [GC (CMS Initial Mark) [1 CMS-initial-mark: 41577K(54796K)] 42838K(64588K), 0.0037272 secs] [Times: user=0.00 sys=0.00, real=0.00 secs] 
2018-03-26T17:13:23.089+0530: 401.036: [CMS-concurrent-mark-start]
2018-03-26T17:13:23.226+0530: 401.173: [CMS-concurrent-mark: 0.137/0.137 secs] [Times: user=0.14 sys=0.00, real=0.14 secs] 
2018-03-26T17:13:23.227+0530: 401.174: [CMS-concurrent-preclean-start]
2018-03-26T17:13:23.227+0530: 401.174: [CMS-concurrent-preclean: 0.000/0.000 secs] [Times: user=0.00 sys=0.00, real=0.00 secs] 
2018-03-26T17:13:23.227+0530: 401.174: [CMS-concurrent-abortable-preclean-start]
 CMS: abort preclean due to time 2018-03-26T17:13:28.343+0530: 406.290: [CMS-concurrent-abortable-preclean: 1.714/5.116 secs] [Times: user=1.50 sys=0.00, real=5.12 secs] 
2018-03-26T17:13:28.343+0530: 406.290: [GC (CMS Final Remark) [YG occupancy: 4043 K (9792 K)]2018-03-26T17:13:28.343+0530: 406.290: [Rescan (parallel) , 0.0018047 secs]2018-03-26T17:13:28.345+0530: 406.292: [weak refs processing, 0.0000197 secs]2018-03-26T17:13:28.345+0530: 406.292: [class unloading, 0.0002250 secs]2018-03-26T17:13:28.345+0530: 406.292: [scrub symbol table, 0.0003812 secs]2018-03-26T17:13:28.345+0530: 406.293: [scrub string table, 0.0001298 secs][1 CMS-remark: 41577K(54796K)] 45621K(64588K), 0.0026926 secs] [Times: user=0.00 sys=0.00, real=0.00 secs] 
2018-03-26T17:13:28.346+0530: 406.293: [CMS-concurrent-sweep-start]
2018-03-26T17:13:28.395+0530: 406.342: [CMS-concurrent-sweep: 0.049/0.049 secs] [Times: user=0.05 sys=0.00, real=0.05 secs] 
2018-03-26T17:13:28.395+0530: 406.342: [CMS-concurrent-reset-start]
2018-03-26T17:13:28.395+0530: 406.343: [CMS-concurrent-reset: 0.000/0.000 secs] [Times: user=0.00 sys=0.00, real=0.00 secs] 
2018-03-26T17:15:03.101+0530: 501.048: [GC (Allocation Failure) 2018-03-26T17:15:03.101+0530: 501.048: [ParNew: 9790K->1086K(9792K), 0.0719539 secs] 51368K->51829K(79092K), 0.0721168 secs] [Times: user=0.25 sys=0.00, real=0.07 secs] 
2018-03-26T17:15:03.173+0530: 501.120: [GC (CMS Initial Mark) [1 CMS-initial-mark: 50742K(69300K)] 52003K(79092K), 0.0016777 secs] [Times: user=0.00 sys=0.00, real=0.00 secs] 
2018-03-26T17:15:03.175+0530: 501.122: [CMS-concurrent-mark-start]
2018-03-26T17:15:03.306+0530: 501.253: [CMS-concurrent-mark: 0.131/0.131 secs] [Times: user=0.16 sys=0.00, real=0.13 secs] 
2018-03-26T17:15:03.306+0530: 501.253: [CMS-concurrent-preclean-start]
2018-03-26T17:15:03.307+0530: 501.254: [CMS-concurrent-preclean: 0.000/0.000 secs] [Times: user=0.00 sys=0.00, real=0.00 secs] 
2018-03-26T17:15:03.307+0530: 501.254: [CMS-concurrent-abortable-preclean-start]
 CMS: abort preclean due to time 2018-03-26T17:15:08.327+0530: 506.275: [CMS-concurrent-abortable-preclean: 1.029/5.021 secs] [Times: user=0.78 sys=0.00, real=5.02 secs] 
2018-03-26T17:15:08.328+0530: 506.275: [GC (CMS Final Remark) [YG occupancy: 3870 K (9792 K)]2018-03-26T17:15:08.328+0530: 506.275: [Rescan (parallel) , 0.0028527 secs]2018-03-26T17:15:08.331+0530: 506.278: [weak refs processing, 0.0000388 secs]2018-03-26T17:15:08.331+0530: 506.278: [class unloading, 0.0003290 secs]2018-03-26T17:15:08.332+0530: 506.279: [scrub symbol table, 0.0006280 secs]2018-03-26T17:15:08.332+0530: 506.279: [scrub string table, 0.0002253 secs][1 CMS-remark: 50742K(69300K)] 54613K(79092K), 0.0042716 secs] [Times: user=0.00 sys=0.00, real=0.00 secs] 
2018-03-26T17:15:08.333+0530: 506.280: [CMS-concurrent-sweep-start]
2018-03-26T17:15:08.379+0530: 506.326: [CMS-concurrent-sweep: 0.046/0.046 secs] [Times: user=0.05 sys=0.00, real=0.05 secs] 
2018-03-26T17:15:08.379+0530: 506.326: [CMS-concurrent-reset-start]
2018-03-26T17:15:08.380+0530: 506.327: [CMS-concurrent-reset: 0.001/0.001 secs] [Times: user=0.02 sys=0.00, real=0.00 secs] 
2018-03-26T17:16:43.182+0530: 601.129: [GC (Allocation Failure) 2018-03-26T17:16:43.182+0530: 601.129: [ParNew: 9790K->1086K(9792K), 0.0651177 secs] 60521K->60522K(94344K), 0.0653070 secs] [Times: user=0.23 sys=0.02, real=0.07 secs] 
2018-03-26T17:18:23.255+0530: 701.202: [GC (Allocation Failure) 2018-03-26T17:18:23.255+0530: 701.202: [ParNew: 9790K->1086K(9792K), 0.0691418 secs] 69226K->69828K(94344K), 0.0693290 secs] [Times: user=0.25 sys=0.00, real=0.07 secs] 
2018-03-26T17:18:23.324+0530: 701.272: [GC (CMS Initial Mark) [1 CMS-initial-mark: 68742K(84552K)] 70002K(94344K), 0.0015462 secs] [Times: user=0.00 sys=0.00, real=0.00 secs] 
2018-03-26T17:18:23.326+0530: 701.273: [CMS-concurrent-mark-start]
2018-03-26T17:18:23.519+0530: 701.466: [CMS-concurrent-mark: 0.192/0.192 secs] [Times: user=0.19 sys=0.00, real=0.19 secs] 
2018-03-26T17:18:23.519+0530: 701.466: [CMS-concurrent-preclean-start]
2018-03-26T17:18:23.519+0530: 701.466: [CMS-concurrent-preclean: 0.000/0.000 secs] [Times: user=0.00 sys=0.00, real=0.00 secs] 
2018-03-26T17:18:23.519+0530: 701.466: [CMS-concurrent-abortable-preclean-start]
 CMS: abort preclean due to time 2018-03-26T17:18:28.579+0530: 706.526: [CMS-concurrent-abortable-preclean: 1.072/5.060 secs] [Times: user=1.02 sys=0.00, real=5.06 secs] 
2018-03-26T17:18:28.580+0530: 706.527: [GC (CMS Final Remark) [YG occupancy: 3697 K (9792 K)]2018-03-26T17:18:28.580+0530: 706.527: [Rescan (parallel) , 0.0028156 secs]2018-03-26T17:18:28.582+0530: 706.529: [weak refs processing, 0.0000335 secs]2018-03-26T17:18:28.582+0530: 706.529: [class unloading, 0.0003382 secs]2018-03-26T17:18:28.583+0530: 706.530: [scrub symbol table, 0.0006224 secs]2018-03-26T17:18:28.583+0530: 706.530: [scrub string table, 0.0002271 secs][1 CMS-remark: 68742K(84552K)] 72439K(94344K), 0.0042300 secs] [Times: user=0.02 sys=0.00, real=0.00 secs] 
2018-03-26T17:18:28.584+0530: 706.531: [CMS-concurrent-sweep-start]
2018-03-26T17:18:28.650+0530: 706.598: [CMS-concurrent-sweep: 0.067/0.067 secs] [Times: user=0.06 sys=0.00, real=0.07 secs] 
2018-03-26T17:18:28.651+0530: 706.598: [CMS-concurrent-reset-start]
2018-03-26T17:18:28.651+0530: 706.599: [CMS-concurrent-reset: 0.001/0.001 secs] [Times: user=0.00 sys=0.00, real=0.00 secs] 
2018-03-26T17:20:03.333+0530: 801.281: [GC (Allocation Failure) 2018-03-26T17:20:03.333+0530: 801.281: [ParNew: 9790K->1086K(9792K), 0.0689679 secs] 78532K->78539K(124364K), 0.0691386 secs] [Times: user=0.25 sys=0.00, real=0.07 secs] 
2018-03-26T17:21:43.413+0530: 901.361: [GC (Allocation Failure) 2018-03-26T17:21:43.413+0530: 901.361: [ParNew: 9790K->1086K(9792K), 0.1086327 secs] 87243K->87528K(124364K), 0.1088771 secs] [Times: user=0.34 sys=0.00, real=0.11 secs] 
2018-03-26T17:23:23.531+0530: 1001.478: [GC (Allocation Failure) 2018-03-26T17:23:23.531+0530: 1001.478: [ParNew: 9790K->1086K(9792K), 0.0688050 secs] 96232K->96230K(124364K), 0.0689640 secs] [Times: user=0.26 sys=0.00, real=0.07 secs] 
2018-03-26T17:23:23.599+0530: 1001.547: [GC (CMS Initial Mark) [1 CMS-initial-mark: 95144K(114572K)] 96404K(124364K), 0.0012268 secs] [Times: user=0.00 sys=0.00, real=0.00 secs] 
2018-03-26T17:23:23.601+0530: 1001.549: [CMS-concurrent-mark-start]
2018-03-26T17:23:23.855+0530: 1001.803: [CMS-concurrent-mark: 0.254/0.254 secs] [Times: user=0.25 sys=0.00, real=0.25 secs] 
2018-03-26T17:23:23.855+0530: 1001.803: [CMS-concurrent-preclean-start]
2018-03-26T17:23:23.856+0530: 1001.803: [CMS-concurrent-preclean: 0.000/0.000 secs] [Times: user=0.00 sys=0.00, real=0.00 secs] 
2018-03-26T17:23:23.856+0530: 1001.803: [CMS-concurrent-abortable-preclean-start]
 CMS: abort preclean due to time 2018-03-26T17:23:28.873+0530: 1006.820: [CMS-concurrent-abortable-preclean: 1.026/5.017 secs] [Times: user=0.77 sys=0.00, real=5.02 secs] 
2018-03-26T17:23:28.873+0530: 1006.821: [GC (CMS Final Remark) [YG occupancy: 3348 K (9792 K)]2018-03-26T17:23:28.873+0530: 1006.821: [Rescan (parallel) , 0.0022966 secs]2018-03-26T17:23:28.876+0530: 1006.823: [weak refs processing, 0.0000441 secs]2018-03-26T17:23:28.876+0530: 1006.823: [class unloading, 0.0003311 secs]2018-03-26T17:23:28.876+0530: 1006.824: [scrub symbol table, 0.0006252 secs]2018-03-26T17:23:28.877+0530: 1006.824: [scrub string table, 0.0002221 secs][1 CMS-remark: 95144K(114572K)] 98493K(124364K), 0.0037148 secs] [Times: user=0.00 sys=0.00, real=0.00 secs] 
2018-03-26T17:23:28.877+0530: 1006.825: [CMS-concurrent-sweep-start]
2018-03-26T17:23:28.973+0530: 1006.920: [CMS-concurrent-sweep: 0.095/0.095 secs] [Times: user=0.09 sys=0.00, real=0.10 secs] 
2018-03-26T17:23:28.973+0530: 1006.921: [CMS-concurrent-reset-start]
2018-03-26T17:23:28.974+0530: 1006.922: [CMS-concurrent-reset: 0.001/0.001 secs] [Times: user=0.01 sys=0.00, real=0.00 secs] 
2018-03-26T17:25:03.607+0530: 1101.555: [GC (Allocation Failure) 2018-03-26T17:25:03.608+0530: 1101.555: [ParNew: 9790K->1088K(9792K), 0.0616733 secs] 104934K->104978K(168368K), 0.0618532 secs] [Times: user=0.24 sys=0.02, real=0.06 secs] 
2018-03-26T17:26:43.676+0530: 1201.623: [GC (Allocation Failure) 2018-03-26T17:26:43.676+0530: 1201.623: [ParNew: 9792K->1087K(9792K), 0.0631684 secs] 113682K->113680K(168368K), 0.0633264 secs] [Times: user=0.25 sys=0.02, real=0.06 secs] 
2018-03-26T17:28:23.750+0530: 1301.697: [GC (Allocation Failure) 2018-03-26T17:28:23.750+0530: 1301.697: [ParNew: 9791K->1087K(9792K), 0.0594021 secs] 122384K->122382K(168368K), 0.0595717 secs] [Times: user=0.25 sys=0.00, real=0.06 secs] 
2018-03-26T19:07:41.920+0530: 7264.708: [GC (Allocation Failure) 2018-03-26T19:07:41.920+0530: 7264.708: [ParNew: 9791K->1087K(9792K), 0.0465644 secs] 131086K->131084K(168368K), 0.0466914 secs] [Times: user=0.13 sys=0.03, real=0.05 secs] 
2018-03-26T19:09:21.983+0530: 7364.771: [GC (Allocation Failure) 2018-03-26T19:09:21.983+0530: 7364.771: [ParNew: 9791K->1087K(9792K), 0.1003846 secs] 139788K->139787K(168368K), 0.1006576 secs] [Times: user=0.31 sys=0.00, real=0.10 secs] 
2018-03-26T19:11:02.098+0530: 7464.885: [GC (Allocation Failure) 2018-03-26T19:11:02.098+0530: 7464.885: [ParNew: 9791K->1087K(9792K), 0.0996015 secs] 148491K->148489K(168368K), 0.0998109 secs] [Times: user=0.28 sys=0.00, real=0.10 secs] 
2018-03-26T19:11:02.198+0530: 7464.985: [GC (CMS Initial Mark) [1 CMS-initial-mark: 147402K(158576K)] 148489K(168368K), 0.0024306 secs] [Times: user=0.00 sys=0.00, real=0.00 secs] 
2018-03-26T19:11:02.201+0530: 7464.988: [CMS-concurrent-mark-start]
2018-03-26T19:11:02.945+0530: 7465.732: [CMS-concurrent-mark: 0.744/0.744 secs] [Times: user=0.67 sys=0.01, real=0.74 secs] 
2018-03-26T19:11:02.945+0530: 7465.732: [CMS-concurrent-preclean-start]
2018-03-26T19:11:02.947+0530: 7465.733: [CMS-concurrent-preclean: 0.001/0.001 secs] [Times: user=0.00 sys=0.00, real=0.00 secs] 
2018-03-26T19:11:02.947+0530: 7465.734: [GC (CMS Final Remark) [YG occupancy: 2653 K (9792 K)]2018-03-26T19:11:02.947+0530: 7465.734: [Rescan (parallel) , 0.0032053 secs]2018-03-26T19:11:02.950+0530: 7465.737: [weak refs processing, 0.0000607 secs]2018-03-26T19:11:02.950+0530: 7465.737: [class unloading, 0.0008710 secs]2018-03-26T19:11:02.951+0530: 7465.738: [scrub symbol table, 0.0012324 secs]2018-03-26T19:11:02.953+0530: 7465.739: [scrub string table, 0.0005240 secs][1 CMS-remark: 147402K(158576K)] 150056K(168368K), 0.0062625 secs] [Times: user=0.00 sys=0.00, real=0.01 secs] 
2018-03-26T19:11:02.953+0530: 7465.740: [CMS-concurrent-sweep-start]
2018-03-26T19:11:03.324+0530: 7466.111: [CMS-concurrent-sweep: 0.371/0.371 secs] [Times: user=0.38 sys=0.00, real=0.37 secs] 
2018-03-26T19:11:03.328+0530: 7466.114: [CMS-concurrent-reset-start]
2018-03-26T19:11:03.329+0530: 7466.115: [CMS-concurrent-reset: 0.001/0.001 secs] [Times: user=0.00 sys=0.00, real=0.00 secs] 
2018-03-26T19:12:42.218+0530: 7565.005: [GC (Allocation Failure) 2018-03-26T19:12:42.219+0530: 7565.005: [ParNew: 9791K->1086K(9792K), 0.1289885 secs] 157193K->157211K(255464K), 0.1292114 secs] [Times: user=0.31 sys=0.02, real=0.13 secs] 
2018-03-26T19:14:22.364+0530: 7665.151: [GC (Allocation Failure) 2018-03-26T19:14:22.364+0530: 7665.151: [ParNew: 9790K->1086K(9792K), 0.0940210 secs] 165915K->165914K(255464K), 0.0942791 secs] [Times: user=0.30 sys=0.03, real=0.10 secs] 
2018-03-26T19:16:02.469+0530: 7765.256: [GC (Allocation Failure) 2018-03-26T19:16:02.469+0530: 7765.256: [ParNew: 9790K->1086K(9792K), 0.0766595 secs] 174618K->174616K(255464K), 0.0768662 secs] [Times: user=0.30 sys=0.02, real=0.08 secs] 
2018-03-26T19:17:42.555+0530: 7865.341: [GC (Allocation Failure) 2018-03-26T19:17:42.555+0530: 7865.342: [ParNew: 9790K->1086K(9792K), 0.0755280 secs] 183320K->183317K(255464K), 0.0757463 secs] [Times: user=0.25 sys=0.02, real=0.08 secs] 
2018-03-26T19:19:22.639+0530: 7965.426: [GC (Allocation Failure) 2018-03-26T19:19:22.639+0530: 7965.426: [ParNew: 9790K->1086K(9792K), 0.0696985 secs] 192021K->192019K(255464K), 0.0698611 secs] [Times: user=0.25 sys=0.01, real=0.07 secs] 
2018-03-26T19:21:02.717+0530: 8065.504: [GC (Allocation Failure) 2018-03-26T19:21:02.717+0530: 8065.504: [ParNew: 9790K->1086K(9792K), 0.0683089 secs] 200723K->200722K(255464K), 0.0684721 secs] [Times: user=0.23 sys=0.02, real=0.07 secs] 
2018-03-26T19:22:42.793+0530: 8165.580: [GC (Allocation Failure) 2018-03-26T19:22:42.793+0530: 8165.580: [ParNew: 9790K->1086K(9792K), 0.0702592 secs] 209426K->209424K(255464K), 0.0704200 secs] [Times: user=0.20 sys=0.03, real=0.07 secs] 
2018-03-26T19:24:22.871+0530: 8265.659: [GC (Allocation Failure) 2018-03-26T19:24:22.872+0530: 8265.659: [ParNew: 9790K->1086K(9792K), 0.1045187 secs] 218128K->218128K(255464K), 0.1047109 secs] [Times: user=0.33 sys=0.05, real=0.11 secs] 
2018-03-26T19:26:02.986+0530: 8365.773: [GC (Allocation Failure) 2018-03-26T19:26:02.986+0530: 8365.773: [ParNew: 9790K->1086K(9792K), 0.1095618 secs] 226832K->226830K(255464K), 0.1097607 secs] [Times: user=0.34 sys=0.00, real=0.11 secs] 
2018-03-26T19:27:43.107+0530: 8465.895: [GC (Allocation Failure) 2018-03-26T19:27:43.107+0530: 8465.895: [ParNew: 9790K->1086K(9792K), 0.0841079 secs] 235534K->235533K(255464K), 0.0843286 secs] [Times: user=0.26 sys=0.00, real=0.08 secs] 
2018-03-26T19:27:43.193+0530: 8465.980: [GC (CMS Initial Mark) [1 CMS-initial-mark: 234446K(245672K)] 235707K(255464K), 0.0014560 secs] [Times: user=0.00 sys=0.00, real=0.00 secs] 
2018-03-26T19:27:43.194+0530: 8465.981: [CMS-concurrent-mark-start]
2018-03-26T19:27:43.984+0530: 8466.771: [CMS-concurrent-mark: 0.790/0.790 secs] [Times: user=0.78 sys=0.00, real=0.79 secs] 
2018-03-26T19:27:43.984+0530: 8466.771: [CMS-concurrent-preclean-start]
2018-03-26T19:27:43.985+0530: 8466.772: [CMS-concurrent-preclean: 0.001/0.001 secs] [Times: user=0.00 sys=0.00, real=0.00 secs] 
2018-03-26T19:27:43.986+0530: 8466.773: [GC (CMS Final Remark) [YG occupancy: 1434 K (9792 K)]2018-03-26T19:27:43.986+0530: 8466.773: [Rescan (parallel) , 0.0021488 secs]2018-03-26T19:27:43.988+0530: 8466.775: [weak refs processing, 0.0000621 secs]2018-03-26T19:27:43.988+0530: 8466.775: [class unloading, 0.0010772 secs]2018-03-26T19:27:43.989+0530: 8466.776: [scrub symbol table, 0.0010180 secs]2018-03-26T19:27:43.990+0530: 8466.777: [scrub string table, 0.0002757 secs][1 CMS-remark: 234446K(245672K)] 235881K(255464K), 0.0048612 secs] [Times: user=0.02 sys=0.00, real=0.00 secs] 
2018-03-26T19:27:43.991+0530: 8466.778: [CMS-concurrent-sweep-start]
2018-03-26T19:27:44.293+0530: 8467.080: [CMS-concurrent-sweep: 0.302/0.302 secs] [Times: user=0.30 sys=0.00, real=0.30 secs] 
2018-03-26T19:27:44.295+0530: 8467.082: [CMS-concurrent-reset-start]
2018-03-26T19:27:44.296+0530: 8467.083: [CMS-concurrent-reset: 0.001/0.001 secs] [Times: user=0.00 sys=0.00, real=0.00 secs] 
2018-03-26T19:29:23.212+0530: 8565.999: [GC (Allocation Failure) 2018-03-26T19:29:23.212+0530: 8565.999: [ParNew: 9790K->1088K(9792K), 0.1513095 secs] 244237K->244235K(359360K), 0.1515652 secs] [Times: user=0.28 sys=0.03, real=0.15 secs] 
2018-03-26T19:31:03.383+0530: 8666.170: [GC (Allocation Failure) 2018-03-26T19:31:03.383+0530: 8666.170: [ParNew: 9792K->1087K(9792K), 0.1446835 secs] 252939K->252937K(359360K), 0.1449490 secs] [Times: user=0.36 sys=0.00, real=0.15 secs] 
2018-03-26T19:34:23.548+0530: 8866.334: [GC (Allocation Failure) 2018-03-26T19:34:23.548+0530: 8866.335: [ParNew: 9791K->1087K(9792K), 0.1396256 secs] 261641K->261638K(359360K), 0.1398579 secs] [Times: user=0.33 sys=0.00, real=0.14 secs] 
2018-03-26T19:36:03.700+0530: 8966.487: [GC (Allocation Failure) 2018-03-26T19:36:03.700+0530: 8966.487: [ParNew: 9791K->1087K(9792K), 0.0878184 secs] 270342K->270361K(359360K), 0.0880473 secs] [Times: user=0.31 sys=0.00, real=0.09 secs] 
2018-03-26T19:37:43.797+0530: 9066.584: [GC (Allocation Failure) 2018-03-26T19:37:43.797+0530: 9066.584: [ParNew: 9791K->1087K(9792K), 0.1267561 secs] 279065K->279064K(359360K), 0.1270181 secs] [Times: user=0.28 sys=0.00, real=0.13 secs] 
2018-03-26T19:39:23.948+0530: 9166.735: [GC (Allocation Failure) 2018-03-26T19:39:23.948+0530: 9166.735: [ParNew: 9791K->1086K(9792K), 0.1181353 secs] 287768K->287765K(359360K), 0.1184044 secs] [Times: user=0.30 sys=0.00, real=0.12 secs] 
2018-03-26T19:41:04.084+0530: 9266.871: [GC (Allocation Failure) 2018-03-26T19:41:04.084+0530: 9266.871: [ParNew: 9790K->1086K(9792K), 0.0953630 secs] 296469K->296468K(359360K), 0.0955742 secs] [Times: user=0.20 sys=0.00, real=0.10 secs] 
2018-03-26T19:42:44.196+0530: 9366.983: [GC (Allocation Failure) 2018-03-26T19:42:44.196+0530: 9366.983: [ParNew: 9790K->1086K(9792K), 0.0640940 secs] 305172K->305170K(359360K), 0.0642312 secs] [Times: user=0.23 sys=0.00, real=0.06 secs] 
2018-03-26T19:44:24.271+0530: 9467.058: [GC (Allocation Failure) 2018-03-26T19:44:24.272+0530: 9467.058: [ParNew: 9790K->1086K(9792K), 0.0811180 secs] 313874K->313903K(359360K), 0.0814072 secs] [Times: user=0.22 sys=0.00, real=0.08 secs] 
2018-03-26T19:46:04.367+0530: 9567.155: [GC (Allocation Failure) 2018-03-26T19:46:04.367+0530: 9567.155: [ParNew: 9790K->1086K(9792K), 0.1062867 secs] 322607K->322605K(359360K), 0.1065113 secs] [Times: user=0.28 sys=0.02, real=0.11 secs] 
2018-03-26T19:47:44.496+0530: 9667.283: [GC (Allocation Failure) 2018-03-26T19:47:44.497+0530: 9667.283: [ParNew: 9790K->1086K(9792K), 0.0967107 secs] 331309K->331307K(359360K), 0.0969710 secs] [Times: user=0.31 sys=0.03, real=0.10 secs] 
2018-03-26T19:47:44.594+0530: 9667.381: [GC (CMS Initial Mark) [1 CMS-initial-mark: 330220K(349568K)] 331481K(359360K), 0.0020064 secs] [Times: user=0.00 sys=0.00, real=0.00 secs] 
2018-03-26T19:47:44.596+0530: 9667.383: [CMS-concurrent-mark-start]
2018-03-26T19:47:45.999+0530: 9668.786: [CMS-concurrent-mark: 1.403/1.403 secs] [Times: user=1.39 sys=0.00, real=1.40 secs] 
2018-03-26T19:47:46.000+0530: 9668.786: [CMS-concurrent-preclean-start]
2018-03-26T19:47:46.001+0530: 9668.787: [CMS-concurrent-preclean: 0.001/0.001 secs] [Times: user=0.00 sys=0.00, real=0.00 secs] 
2018-03-26T19:47:46.001+0530: 9668.787: [CMS-concurrent-abortable-preclean-start]
 CMS: abort preclean due to time 2018-03-26T19:47:51.084+0530: 9673.871: [CMS-concurrent-abortable-preclean: 1.482/5.083 secs] [Times: user=1.52 sys=0.00, real=5.08 secs] 
2018-03-26T19:47:51.085+0530: 9673.871: [GC (CMS Final Remark) [YG occupancy: 8745 K (9792 K)]2018-03-26T19:47:51.085+0530: 9673.871: [Rescan (parallel) , 0.0100619 secs]2018-03-26T19:47:51.095+0530: 9673.882: [weak refs processing, 0.0000522 secs]2018-03-26T19:47:51.095+0530: 9673.882: [class unloading, 0.0009923 secs]2018-03-26T19:47:51.096+0530: 9673.883: [scrub symbol table, 0.0011044 secs]2018-03-26T19:47:51.097+0530: 9673.884: [scrub string table, 0.0002951 secs][1 CMS-remark: 330220K(349568K)] 338966K(359360K), 0.0128352 secs] [Times: user=0.00 sys=0.00, real=0.01 secs] 
2018-03-26T19:47:51.098+0530: 9673.884: [CMS-concurrent-sweep-start]
2018-03-26T19:47:51.686+0530: 9674.473: [CMS-concurrent-sweep: 0.588/0.588 secs] [Times: user=0.59 sys=0.00, real=0.59 secs] 
2018-03-26T19:47:51.686+0530: 9674.473: [CMS-concurrent-reset-start]
2018-03-26T19:47:51.687+0530: 9674.474: [CMS-concurrent-reset: 0.001/0.001 secs] [Times: user=0.00 sys=0.00, real=0.00 secs] 
2018-03-26T19:47:53.687+0530: 9676.473: [GC (CMS Initial Mark) [1 CMS-initial-mark: 330220K(349568K)] 338966K(359360K), 0.0093821 secs] [Times: user=0.05 sys=0.00, real=0.01 secs] 
2018-03-26T19:47:53.696+0530: 9676.483: [CMS-concurrent-mark-start]
2018-03-26T19:47:54.780+0530: 9677.567: [CMS-concurrent-mark: 1.084/1.084 secs] [Times: user=1.08 sys=0.00, real=1.08 secs] 
2018-03-26T19:47:54.780+0530: 9677.567: [CMS-concurrent-preclean-start]
2018-03-26T19:47:54.781+0530: 9677.568: [CMS-concurrent-preclean: 0.001/0.001 secs] [Times: user=0.00 sys=0.00, real=0.00 secs] 
2018-03-26T19:47:54.781+0530: 9677.568: [CMS-concurrent-abortable-preclean-start]
 CMS: abort preclean due to time 2018-03-26T19:47:59.784+0530: 9682.571: [CMS-concurrent-abortable-preclean: 1.407/5.003 secs] [Times: user=1.39 sys=0.00, real=5.00 secs] 
2018-03-26T19:47:59.785+0530: 9682.572: [GC (CMS Final Remark) [YG occupancy: 8745 K (9792 K)]2018-03-26T19:47:59.785+0530: 9682.572: [Rescan (parallel) , 0.0163276 secs]2018-03-26T19:47:59.801+0530: 9682.588: [weak refs processing, 0.0000437 secs]2018-03-26T19:47:59.801+0530: 9682.588: [class unloading, 0.0004443 secs]2018-03-26T19:47:59.802+0530: 9682.589: [scrub symbol table, 0.0008678 secs]2018-03-26T19:47:59.803+0530: 9682.590: [scrub string table, 0.0003241 secs][1 CMS-remark: 330220K(349568K)] 338966K(359360K), 0.0183110 secs] [Times: user=0.05 sys=0.00, real=0.02 secs] 
2018-03-26T19:47:59.803+0530: 9682.590: [CMS-concurrent-sweep-start]
2018-03-26T19:48:00.439+0530: 9683.226: [CMS-concurrent-sweep: 0.635/0.635 secs] [Times: user=0.63 sys=0.00, real=0.64 secs] 
2018-03-26T19:48:00.439+0530: 9683.226: [CMS-concurrent-reset-start]
2018-03-26T19:48:00.440+0530: 9683.227: [CMS-concurrent-reset: 0.001/0.001 secs] [Times: user=0.00 sys=0.00, real=0.00 secs] 
2018-03-26T19:48:02.440+0530: 9685.226: [GC (CMS Initial Mark) [1 CMS-initial-mark: 330220K(349568K)] 338966K(359360K), 0.0084515 secs] [Times: user=0.06 sys=0.00, real=0.01 secs] 
2018-03-26T19:48:02.448+0530: 9685.235: [CMS-concurrent-mark-start]
2018-03-26T19:48:03.680+0530: 9686.466: [CMS-concurrent-mark: 1.231/1.231 secs] [Times: user=1.22 sys=0.00, real=1.23 secs] 
2018-03-26T19:48:03.680+0530: 9686.466: [CMS-concurrent-preclean-start]
2018-03-26T19:48:03.682+0530: 9686.469: [CMS-concurrent-preclean: 0.002/0.002 secs] [Times: user=0.00 sys=0.00, real=0.00 secs] 
2018-03-26T19:48:03.682+0530: 9686.469: [CMS-concurrent-abortable-preclean-start]
 CMS: abort preclean due to time 2018-03-26T19:48:08.801+0530: 9691.589: [CMS-concurrent-abortable-preclean: 1.517/5.120 secs] [Times: user=1.47 sys=0.00, real=5.12 secs] 
2018-03-26T19:48:08.802+0530: 9691.589: [GC (CMS Final Remark) [YG occupancy: 8745 K (9792 K)]2018-03-26T19:48:08.802+0530: 9691.589: [Rescan (parallel) , 0.0102858 secs]2018-03-26T19:48:08.813+0530: 9691.599: [weak refs processing, 0.0000423 secs]2018-03-26T19:48:08.813+0530: 9691.599: [class unloading, 0.0004418 secs]2018-03-26T19:48:08.813+0530: 9691.600: [scrub symbol table, 0.0007835 secs]2018-03-26T19:48:08.814+0530: 9691.601: [scrub string table, 0.0002863 secs][1 CMS-remark: 330220K(349568K)] 338966K(359360K), 0.0121113 secs] [Times: user=0.00 sys=0.00, real=0.01 secs] 
2018-03-26T19:48:08.814+0530: 9691.601: [CMS-concurrent-sweep-start]
2018-03-26T19:48:09.414+0530: 9692.201: [CMS-concurrent-sweep: 0.600/0.600 secs] [Times: user=0.61 sys=0.00, real=0.60 secs] 
2018-03-26T19:48:09.415+0530: 9692.202: [CMS-concurrent-reset-start]
2018-03-26T19:48:09.416+0530: 9692.203: [CMS-concurrent-reset: 0.001/0.001 secs] [Times: user=0.00 sys=0.00, real=0.00 secs] 
2018-03-26T19:48:11.416+0530: 9694.202: [GC (CMS Initial Mark) [1 CMS-initial-mark: 330220K(349568K)] 338966K(359360K), 0.0065125 secs] [Times: user=0.00 sys=0.00, real=0.01 secs] 
2018-03-26T19:48:11.422+0530: 9694.209: [CMS-concurrent-mark-start]
2018-03-26T19:48:12.510+0530: 9695.297: [CMS-concurrent-mark: 1.088/1.088 secs] [Times: user=1.08 sys=0.00, real=1.09 secs] 
2018-03-26T19:48:12.511+0530: 9695.297: [CMS-concurrent-preclean-start]
2018-03-26T19:48:12.512+0530: 9695.298: [CMS-concurrent-preclean: 0.001/0.001 secs] [Times: user=0.00 sys=0.00, real=0.00 secs] 
2018-03-26T19:48:12.512+0530: 9695.299: [CMS-concurrent-abortable-preclean-start]
 CMS: abort preclean due to time 2018-03-26T19:48:17.520+0530: 9700.307: [CMS-concurrent-abortable-preclean: 1.504/5.008 secs] [Times: user=1.50 sys=0.00, real=5.01 secs] 
2018-03-26T19:48:17.520+0530: 9700.307: [GC (CMS Final Remark) [YG occupancy: 8745 K (9792 K)]2018-03-26T19:48:17.520+0530: 9700.307: [Rescan (parallel) , 0.0043936 secs]2018-03-26T19:48:17.525+0530: 9700.311: [weak refs processing, 0.0000296 secs]2018-03-26T19:48:17.525+0530: 9700.312: [class unloading, 0.0004471 secs]2018-03-26T19:48:17.525+0530: 9700.312: [scrub symbol table, 0.0005772 secs]2018-03-26T19:48:17.526+0530: 9700.313: [scrub string table, 0.0002447 secs][1 CMS-remark: 330220K(349568K)] 338966K(359360K), 0.0058605 secs] [Times: user=0.00 sys=0.02, real=0.01 secs] 
2018-03-26T19:48:17.526+0530: 9700.313: [CMS-concurrent-sweep-start]
2018-03-26T19:48:17.810+0530: 9700.597: [CMS-concurrent-sweep: 0.284/0.284 secs] [Times: user=0.28 sys=0.00, real=0.28 secs] 
2018-03-26T19:48:17.810+0530: 9700.597: [CMS-concurrent-reset-start]
2018-03-26T19:48:17.811+0530: 9700.597: [CMS-concurrent-reset: 0.001/0.001 secs] [Times: user=0.00 sys=0.00, real=0.00 secs] 
2018-03-26T19:48:19.811+0530: 9702.598: [GC (CMS Initial Mark) [1 CMS-initial-mark: 330220K(349568K)] 338966K(359360K), 0.0125792 secs] [Times: user=0.05 sys=0.00, real=0.01 secs] 
2018-03-26T19:48:19.824+0530: 9702.611: [CMS-concurrent-mark-start]
2018-03-26T19:48:21.566+0530: 9704.353: [CMS-concurrent-mark: 1.742/1.742 secs] [Times: user=1.64 sys=0.00, real=1.74 secs] 
2018-03-26T19:48:21.566+0530: 9704.353: [CMS-concurrent-preclean-start]
2018-03-26T19:48:21.567+0530: 9704.354: [CMS-concurrent-preclean: 0.001/0.001 secs] [Times: user=0.00 sys=0.00, real=0.00 secs] 
2018-03-26T19:48:21.567+0530: 9704.354: [CMS-concurrent-abortable-preclean-start]
 CMS: abort preclean due to time 2018-03-26T19:48:26.682+0530: 9709.469: [CMS-concurrent-abortable-preclean: 1.520/5.115 secs] [Times: user=1.48 sys=0.01, real=5.12 secs] 
2018-03-26T19:48:26.683+0530: 9709.470: [GC (CMS Final Remark) [YG occupancy: 8745 K (9792 K)]2018-03-26T19:48:26.683+0530: 9709.470: [Rescan (parallel) , 0.0127778 secs]2018-03-26T19:48:26.696+0530: 9709.483: [weak refs processing, 0.0000670 secs]2018-03-26T19:48:26.696+0530: 9709.483: [class unloading, 0.0007416 secs]2018-03-26T19:48:26.697+0530: 9709.484: [scrub symbol table, 0.0014126 secs]2018-03-26T19:48:26.698+0530: 9709.485: [scrub string table, 0.0005734 secs][1 CMS-remark: 330220K(349568K)] 338966K(359360K), 0.0160155 secs] [Times: user=0.05 sys=0.00, real=0.02 secs] 
2018-03-26T19:48:26.699+0530: 9709.486: [CMS-concurrent-sweep-start]
2018-03-26T19:48:27.366+0530: 9710.153: [CMS-concurrent-sweep: 0.667/0.667 secs] [Times: user=0.61 sys=0.00, real=0.67 secs] 
2018-03-26T19:48:27.366+0530: 9710.153: [CMS-concurrent-reset-start]
2018-03-26T19:48:27.367+0530: 9710.154: [CMS-concurrent-reset: 0.001/0.001 secs] [Times: user=0.00 sys=0.00, real=0.00 secs] 
2018-03-26T19:48:29.367+0530: 9712.154: [GC (CMS Initial Mark) [1 CMS-initial-mark: 330220K(349568K)] 338966K(359360K), 0.0082579 secs] [Times: user=0.00 sys=0.00, real=0.01 secs] 
2018-03-26T19:48:29.375+0530: 9712.162: [CMS-concurrent-mark-start]
2018-03-26T19:48:30.397+0530: 9713.184: [CMS-concurrent-mark: 1.022/1.022 secs] [Times: user=1.03 sys=0.00, real=1.02 secs] 
2018-03-26T19:48:30.397+0530: 9713.184: [CMS-concurrent-preclean-start]
2018-03-26T19:48:30.398+0530: 9713.186: [CMS-concurrent-preclean: 0.001/0.001 secs] [Times: user=0.00 sys=0.00, real=0.00 secs] 
2018-03-26T19:48:30.398+0530: 9713.186: [CMS-concurrent-abortable-preclean-start]
 CMS: abort preclean due to time 2018-03-26T19:48:35.476+0530: 9718.263: [CMS-concurrent-abortable-preclean: 1.378/5.077 secs] [Times: user=1.33 sys=0.00, real=5.08 secs] 
2018-03-26T19:48:35.476+0530: 9718.263: [GC (CMS Final Remark) [YG occupancy: 8745 K (9792 K)]2018-03-26T19:48:35.476+0530: 9718.263: [Rescan (parallel) , 0.0095316 secs]2018-03-26T19:48:35.486+0530: 9718.273: [weak refs processing, 0.0000843 secs]2018-03-26T19:48:35.486+0530: 9718.273: [class unloading, 0.0006016 secs]2018-03-26T19:48:35.487+0530: 9718.274: [scrub symbol table, 0.0011686 secs]2018-03-26T19:48:35.488+0530: 9718.275: [scrub string table, 0.0005155 secs][1 CMS-remark: 330220K(349568K)] 338966K(359360K), 0.0122376 secs] [Times: user=0.00 sys=0.00, real=0.01 secs] 
2018-03-26T19:48:35.489+0530: 9718.276: [CMS-concurrent-sweep-start]
2018-03-26T19:48:36.166+0530: 9718.953: [CMS-concurrent-sweep: 0.678/0.678 secs] [Times: user=0.66 sys=0.00, real=0.68 secs] 
2018-03-26T19:48:36.167+0530: 9718.954: [CMS-concurrent-reset-start]
2018-03-26T19:48:36.168+0530: 9718.955: [CMS-concurrent-reset: 0.001/0.001 secs] [Times: user=0.00 sys=0.00, real=0.00 secs] 
2018-03-26T19:48:38.167+0530: 9720.954: [GC (CMS Initial Mark) [1 CMS-initial-mark: 330220K(349568K)] 338966K(359360K), 0.0067244 secs] [Times: user=0.00 sys=0.00, real=0.01 secs] 
2018-03-26T19:48:38.174+0530: 9720.961: [CMS-concurrent-mark-start]
2018-03-26T19:48:39.389+0530: 9722.176: [CMS-concurrent-mark: 1.215/1.215 secs] [Times: user=1.19 sys=0.00, real=1.21 secs] 
2018-03-26T19:48:39.389+0530: 9722.176: [CMS-concurrent-preclean-start]
2018-03-26T19:48:39.390+0530: 9722.177: [CMS-concurrent-preclean: 0.001/0.001 secs] [Times: user=0.00 sys=0.00, real=0.00 secs] 
2018-03-26T19:48:39.390+0530: 9722.177: [CMS-concurrent-abortable-preclean-start]
 CMS: abort preclean due to time 2018-03-26T19:48:44.425+0530: 9727.212: [CMS-concurrent-abortable-preclean: 1.534/5.035 secs] [Times: user=1.47 sys=0.00, real=5.03 secs] 
2018-03-26T19:48:44.426+0530: 9727.212: [GC (CMS Final Remark) [YG occupancy: 8745 K (9792 K)]2018-03-26T19:48:44.426+0530: 9727.212: [Rescan (parallel) , 0.0084907 secs]2018-03-26T19:48:44.434+0530: 9727.221: [weak refs processing, 0.0000578 secs]2018-03-26T19:48:44.434+0530: 9727.221: [class unloading, 0.0005511 secs]2018-03-26T19:48:44.435+0530: 9727.222: [scrub symbol table, 0.0011414 secs]2018-03-26T19:48:44.436+0530: 9727.223: [scrub string table, 0.0004725 secs][1 CMS-remark: 330220K(349568K)] 338966K(359360K), 0.0110690 secs] [Times: user=0.06 sys=0.00, real=0.01 secs] 
2018-03-26T19:48:44.437+0530: 9727.224: [CMS-concurrent-sweep-start]
2018-03-26T19:48:44.885+0530: 9727.672: [CMS-concurrent-sweep: 0.448/0.448 secs] [Times: user=0.45 sys=0.00, real=0.45 secs] 
2018-03-26T19:48:44.885+0530: 9727.672: [CMS-concurrent-reset-start]
2018-03-26T19:48:44.886+0530: 9727.673: [CMS-concurrent-reset: 0.001/0.001 secs] [Times: user=0.00 sys=0.00, real=0.00 secs] 
2018-03-26T19:48:46.887+0530: 9729.673: [GC (CMS Initial Mark) [1 CMS-initial-mark: 330220K(349568K)] 338966K(359360K), 0.0140338 secs] [Times: user=0.03 sys=0.00, real=0.01 secs] 
2018-03-26T19:48:46.901+0530: 9729.688: [CMS-concurrent-mark-start]
2018-03-26T19:48:48.301+0530: 9731.088: [CMS-concurrent-mark: 1.401/1.401 secs] [Times: user=1.38 sys=0.00, real=1.40 secs] 
2018-03-26T19:48:48.301+0530: 9731.088: [CMS-concurrent-preclean-start]
2018-03-26T19:48:48.302+0530: 9731.089: [CMS-concurrent-preclean: 0.001/0.001 secs] [Times: user=0.02 sys=0.00, real=0.00 secs] 
2018-03-26T19:48:48.302+0530: 9731.089: [CMS-concurrent-abortable-preclean-start]
 CMS: abort preclean due to time 2018-03-26T19:48:53.328+0530: 9736.115: [CMS-concurrent-abortable-preclean: 1.323/5.026 secs] [Times: user=1.28 sys=0.00, real=5.03 secs] 
2018-03-26T19:48:53.328+0530: 9736.115: [GC (CMS Final Remark) [YG occupancy: 8745 K (9792 K)]2018-03-26T19:48:53.328+0530: 9736.115: [Rescan (parallel) , 0.0108786 secs]2018-03-26T19:48:53.339+0530: 9736.126: [weak refs processing, 0.0000857 secs]2018-03-26T19:48:53.340+0530: 9736.126: [class unloading, 0.0006386 secs]2018-03-26T19:48:53.340+0530: 9736.127: [scrub symbol table, 0.0013202 secs]2018-03-26T19:48:53.342+0530: 9736.128: [scrub string table, 0.0005113 secs][1 CMS-remark: 330220K(349568K)] 338966K(359360K), 0.0138554 secs] [Times: user=0.05 sys=0.00, real=0.01 secs] 
2018-03-26T19:48:53.342+0530: 9736.129: [CMS-concurrent-sweep-start]
2018-03-26T19:48:53.982+0530: 9736.768: [CMS-concurrent-sweep: 0.639/0.639 secs] [Times: user=0.63 sys=0.00, real=0.64 secs] 
2018-03-26T19:48:53.982+0530: 9736.769: [CMS-concurrent-reset-start]
2018-03-26T19:48:53.983+0530: 9736.770: [CMS-concurrent-reset: 0.001/0.001 secs] [Times: user=0.00 sys=0.00, real=0.00 secs] 
2018-03-26T19:48:55.983+0530: 9738.770: [GC (CMS Initial Mark) [1 CMS-initial-mark: 330220K(349568K)] 338966K(359360K), 0.0111649 secs] [Times: user=0.05 sys=0.00, real=0.01 secs] 
2018-03-26T19:48:55.994+0530: 9738.781: [CMS-concurrent-mark-start]
2018-03-26T19:48:57.311+0530: 9740.098: [CMS-concurrent-mark: 1.317/1.317 secs] [Times: user=1.28 sys=0.00, real=1.32 secs] 
2018-03-26T19:48:57.311+0530: 9740.098: [CMS-concurrent-preclean-start]
2018-03-26T19:48:57.313+0530: 9740.100: [CMS-concurrent-preclean: 0.001/0.001 secs] [Times: user=0.00 sys=0.00, real=0.00 secs] 
2018-03-26T19:48:57.313+0530: 9740.100: [CMS-concurrent-abortable-preclean-start]
 CMS: abort preclean due to time 2018-03-26T19:49:02.419+0530: 9745.206: [CMS-concurrent-abortable-preclean: 1.509/5.106 secs] [Times: user=1.52 sys=0.00, real=5.11 secs] 
2018-03-26T19:49:02.419+0530: 9745.206: [GC (CMS Final Remark) [YG occupancy: 8745 K (9792 K)]2018-03-26T19:49:02.419+0530: 9745.206: [Rescan (parallel) , 0.0115253 secs]2018-03-26T19:49:02.431+0530: 9745.218: [weak refs processing, 0.0000585 secs]2018-03-26T19:49:02.431+0530: 9745.218: [class unloading, 0.0004387 secs]2018-03-26T19:49:02.431+0530: 9745.218: [scrub symbol table, 0.0007669 secs]2018-03-26T19:49:02.432+0530: 9745.219: [scrub string table, 0.0003269 secs][1 CMS-remark: 330220K(349568K)] 338966K(359360K), 0.0133977 secs] [Times: user=0.05 sys=0.00, real=0.01 secs] 
2018-03-26T19:49:02.432+0530: 9745.220: [CMS-concurrent-sweep-start]
2018-03-26T19:49:02.894+0530: 9745.681: [CMS-concurrent-sweep: 0.461/0.461 secs] [Times: user=0.45 sys=0.00, real=0.46 secs] 
2018-03-26T19:49:02.894+0530: 9745.681: [CMS-concurrent-reset-start]
2018-03-26T19:49:02.895+0530: 9745.682: [CMS-concurrent-reset: 0.001/0.001 secs] [Times: user=0.00 sys=0.00, real=0.00 secs] 
2018-03-26T19:49:04.895+0530: 9747.682: [GC (CMS Initial Mark) [1 CMS-initial-mark: 330220K(349568K)] 338966K(359360K), 0.0067984 secs] [Times: user=0.06 sys=0.00, real=0.01 secs] 
2018-03-26T19:49:04.902+0530: 9747.689: [CMS-concurrent-mark-start]
2018-03-26T19:49:06.025+0530: 9748.812: [CMS-concurrent-mark: 1.123/1.123 secs] [Times: user=1.13 sys=0.00, real=1.12 secs] 
2018-03-26T19:49:06.025+0530: 9748.812: [CMS-concurrent-preclean-start]
2018-03-26T19:49:06.026+0530: 9748.813: [CMS-concurrent-preclean: 0.001/0.001 secs] [Times: user=0.00 sys=0.00, real=0.00 secs] 
2018-03-26T19:49:06.027+0530: 9748.813: [CMS-concurrent-abortable-preclean-start]
 CMS: abort preclean due to time 2018-03-26T19:49:11.042+0530: 9753.829: [CMS-concurrent-abortable-preclean: 1.605/5.014 secs] [Times: user=1.53 sys=0.00, real=5.02 secs] 
2018-03-26T19:49:11.042+0530: 9753.829: [GC (CMS Final Remark) [YG occupancy: 8745 K (9792 K)]2018-03-26T19:49:11.042+0530: 9753.830: [Rescan (parallel) , 0.0123571 secs]2018-03-26T19:49:11.055+0530: 9753.842: [weak refs processing, 0.0000691 secs]2018-03-26T19:49:11.056+0530: 9753.842: [class unloading, 0.0006037 secs]2018-03-26T19:49:11.056+0530: 9753.843: [scrub symbol table, 0.0011552 secs]2018-03-26T19:49:11.057+0530: 9753.844: [scrub string table, 0.0004584 secs][1 CMS-remark: 330220K(349568K)] 338966K(359360K), 0.0149851 secs] [Times: user=0.05 sys=0.00, real=0.02 secs] 
2018-03-26T19:49:11.058+0530: 9753.845: [CMS-concurrent-sweep-start]
2018-03-26T19:49:11.606+0530: 9754.393: [CMS-concurrent-sweep: 0.548/0.548 secs] [Times: user=0.55 sys=0.00, real=0.55 secs] 
2018-03-26T19:49:11.606+0530: 9754.393: [CMS-concurrent-reset-start]
2018-03-26T19:49:11.607+0530: 9754.394: [CMS-concurrent-reset: 0.001/0.001 secs] [Times: user=0.00 sys=0.00, real=0.00 secs] 
2018-03-26T19:49:13.607+0530: 9756.394: [GC (CMS Initial Mark) [1 CMS-initial-mark: 330220K(349568K)] 338966K(359360K), 0.0089840 secs] [Times: user=0.05 sys=0.00, real=0.01 secs] 
2018-03-26T19:49:13.616+0530: 9756.403: [CMS-concurrent-mark-start]
2018-03-26T19:49:14.586+0530: 9757.373: [CMS-concurrent-mark: 0.970/0.970 secs] [Times: user=0.95 sys=0.00, real=0.97 secs] 
2018-03-26T19:49:14.586+0530: 9757.373: [CMS-concurrent-preclean-start]
2018-03-26T19:49:14.587+0530: 9757.374: [CMS-concurrent-preclean: 0.001/0.001 secs] [Times: user=0.00 sys=0.00, real=0.00 secs] 
2018-03-26T19:49:14.587+0530: 9757.374: [CMS-concurrent-abortable-preclean-start]
 CMS: abort preclean due to time 2018-03-26T19:49:19.633+0530: 9762.420: [CMS-concurrent-abortable-preclean: 1.349/5.046 secs] [Times: user=1.30 sys=0.00, real=5.05 secs] 
2018-03-26T19:49:19.634+0530: 9762.420: [GC (CMS Final Remark) [YG occupancy: 8745 K (9792 K)]2018-03-26T19:49:19.634+0530: 9762.420: [Rescan (parallel) , 0.0085400 secs]2018-03-26T19:49:19.642+0530: 9762.429: [weak refs processing, 0.0000543 secs]2018-03-26T19:49:19.642+0530: 9762.429: [class unloading, 0.0005846 secs]2018-03-26T19:49:19.643+0530: 9762.430: [scrub symbol table, 0.0010818 secs]2018-03-26T19:49:19.644+0530: 9762.431: [scrub string table, 0.0004792 secs][1 CMS-remark: 330220K(349568K)] 338966K(359360K), 0.0110715 secs] [Times: user=0.00 sys=0.00, real=0.01 secs] 
2018-03-26T19:49:19.645+0530: 9762.432: [CMS-concurrent-sweep-start]
2018-03-26T19:49:20.014+0530: 9762.802: [CMS-concurrent-sweep: 0.370/0.370 secs] [Times: user=0.38 sys=0.00, real=0.37 secs] 
2018-03-26T19:49:20.015+0530: 9762.802: [CMS-concurrent-reset-start]
2018-03-26T19:49:20.015+0530: 9762.803: [CMS-concurrent-reset: 0.001/0.001 secs] [Times: user=0.00 sys=0.00, real=0.00 secs] 
2018-03-26T19:49:22.017+0530: 9764.803: [GC (CMS Initial Mark) [1 CMS-initial-mark: 330220K(349568K)] 338966K(359360K), 0.0078930 secs] [Times: user=0.06 sys=0.00, real=0.01 secs] 
2018-03-26T19:49:22.024+0530: 9764.811: [CMS-concurrent-mark-start]
2018-03-26T19:49:23.013+0530: 9765.800: [CMS-concurrent-mark: 0.989/0.989 secs] [Times: user=0.98 sys=0.00, real=0.99 secs] 
2018-03-26T19:49:23.013+0530: 9765.800: [CMS-concurrent-preclean-start]
2018-03-26T19:49:23.014+0530: 9765.801: [CMS-concurrent-preclean: 0.001/0.001 secs] [Times: user=0.00 sys=0.00, real=0.00 secs] 
2018-03-26T19:49:23.014+0530: 9765.801: [CMS-concurrent-abortable-preclean-start]
2018-03-26T19:49:24.631+0530: 9767.418: [GC (Allocation Failure) 2018-03-26T19:49:24.631+0530: 9767.418: [ParNew: 9790K->1086K(9792K), 0.1194002 secs] 340011K->340008K(359360K), 0.1196340 secs] [Times: user=0.39 sys=0.00, real=0.12 secs] 
2018-03-26T19:49:24.798+0530: 9767.585: [CMS-concurrent-abortable-preclean: 0.563/1.783 secs] [Times: user=1.00 sys=0.00, real=1.78 secs] 
2018-03-26T19:49:24.798+0530: 9767.585: [GC (CMS Final Remark) [YG occupancy: 8571 K (9792 K)]2018-03-26T19:49:24.799+0530: 9767.585: [Rescan (parallel) , 0.0123391 secs]2018-03-26T19:49:24.811+0530: 9767.598: [weak refs processing, 0.0001347 secs]2018-03-26T19:49:24.811+0530: 9767.598: [class unloading, 0.0011044 secs]2018-03-26T19:49:24.812+0530: 9767.599: [scrub symbol table, 0.0012782 secs]2018-03-26T19:49:24.814+0530: 9767.600: [scrub string table, 0.0005748 secs][1 CMS-remark: 338922K(349568K)] 347494K(359360K), 0.0159280 secs] [Times: user=0.05 sys=0.00, real=0.02 secs] 
2018-03-26T19:49:24.815+0530: 9767.602: [CMS-concurrent-sweep-start]
2018-03-26T19:49:25.662+0530: 9768.449: [CMS-concurrent-sweep: 0.847/0.847 secs] [Times: user=0.84 sys=0.00, real=0.85 secs] 
2018-03-26T19:49:25.662+0530: 9768.449: [CMS-concurrent-reset-start]
2018-03-26T19:49:25.663+0530: 9768.450: [CMS-concurrent-reset: 0.001/0.001 secs] [Times: user=0.00 sys=0.00, real=0.00 secs] 
2018-03-26T19:49:27.664+0530: 9770.450: [GC (CMS Initial Mark) [1 CMS-initial-mark: 338922K(349568K)] 347494K(359360K), 0.0072836 secs] [Times: user=0.00 sys=0.00, real=0.01 secs] 
2018-03-26T19:49:27.671+0530: 9770.458: [CMS-concurrent-mark-start]
2018-03-26T19:49:29.318+0530: 9772.105: [CMS-concurrent-mark: 1.647/1.647 secs] [Times: user=1.59 sys=0.00, real=1.65 secs] 
2018-03-26T19:49:29.318+0530: 9772.105: [CMS-concurrent-preclean-start]
2018-03-26T19:49:29.320+0530: 9772.106: [CMS-concurrent-preclean: 0.001/0.001 secs] [Times: user=0.00 sys=0.00, real=0.00 secs] 
2018-03-26T19:49:29.320+0530: 9772.106: [CMS-concurrent-abortable-preclean-start]
 CMS: abort preclean due to time 2018-03-26T19:49:34.329+0530: 9777.116: [CMS-concurrent-abortable-preclean: 1.412/5.009 secs] [Times: user=1.44 sys=0.00, real=5.01 secs] 
2018-03-26T19:49:34.329+0530: 9777.116: [GC (CMS Final Remark) [YG occupancy: 8571 K (9792 K)]2018-03-26T19:49:34.329+0530: 9777.116: [Rescan (parallel) , 0.0096973 secs]2018-03-26T19:49:34.339+0530: 9777.126: [weak refs processing, 0.0000755 secs]2018-03-26T19:49:34.339+0530: 9777.126: [class unloading, 0.0006883 secs]2018-03-26T19:49:34.340+0530: 9777.127: [scrub symbol table, 0.0012807 secs]2018-03-26T19:49:34.341+0530: 9777.128: [scrub string table, 0.0005709 secs][1 CMS-remark: 338922K(349568K)] 347494K(359360K), 0.0127411 secs] [Times: user=0.06 sys=0.00, real=0.01 secs] 
2018-03-26T19:49:34.342+0530: 9777.129: [CMS-concurrent-sweep-start]
2018-03-26T19:49:35.014+0530: 9777.801: [CMS-concurrent-sweep: 0.672/0.672 secs] [Times: user=0.67 sys=0.00, real=0.67 secs] 
2018-03-26T19:49:35.014+0530: 9777.801: [CMS-concurrent-reset-start]
2018-03-26T19:49:35.015+0530: 9777.802: [CMS-concurrent-reset: 0.001/0.001 secs] [Times: user=0.00 sys=0.00, real=0.00 secs] 
2018-03-26T19:49:37.015+0530: 9779.802: [GC (CMS Initial Mark) [1 CMS-initial-mark: 338922K(349568K)] 347494K(359360K), 0.0070513 secs] [Times: user=0.06 sys=0.00, real=0.01 secs] 
2018-03-26T19:49:37.022+0530: 9779.809: [CMS-concurrent-mark-start]
2018-03-26T19:49:38.169+0530: 9780.956: [CMS-concurrent-mark: 1.147/1.147 secs] [Times: user=1.14 sys=0.00, real=1.15 secs] 
2018-03-26T19:49:38.169+0530: 9780.956: [CMS-concurrent-preclean-start]
2018-03-26T19:49:38.170+0530: 9780.957: [CMS-concurrent-preclean: 0.001/0.001 secs] [Times: user=0.00 sys=0.00, real=0.00 secs] 
2018-03-26T19:49:38.170+0530: 9780.957: [CMS-concurrent-abortable-preclean-start]
 CMS: abort preclean due to time 2018-03-26T19:49:43.220+0530: 9786.008: [CMS-concurrent-abortable-preclean: 1.449/5.050 secs] [Times: user=1.38 sys=0.00, real=5.05 secs] 
2018-03-26T19:49:43.221+0530: 9786.008: [GC (CMS Final Remark) [YG occupancy: 8571 K (9792 K)]2018-03-26T19:49:43.221+0530: 9786.008: [Rescan (parallel) , 0.0109918 secs]2018-03-26T19:49:43.232+0530: 9786.019: [weak refs processing, 0.0000779 secs]2018-03-26T19:49:43.232+0530: 9786.019: [class unloading, 0.0006516 secs]2018-03-26T19:49:43.233+0530: 9786.020: [scrub symbol table, 0.0008964 secs]2018-03-26T19:49:43.234+0530: 9786.021: [scrub string table, 0.0002966 secs][1 CMS-remark: 338922K(349568K)] 347494K(359360K), 0.0132884 secs] [Times: user=0.05 sys=0.00, real=0.01 secs] 
2018-03-26T19:49:43.235+0530: 9786.021: [CMS-concurrent-sweep-start]
2018-03-26T19:49:43.707+0530: 9786.494: [CMS-concurrent-sweep: 0.473/0.473 secs] [Times: user=0.47 sys=0.00, real=0.47 secs] 
2018-03-26T19:49:43.707+0530: 9786.494: [CMS-concurrent-reset-start]
2018-03-26T19:49:43.708+0530: 9786.495: [CMS-concurrent-reset: 0.001/0.001 secs] [Times: user=0.00 sys=0.00, real=0.00 secs] 
2018-03-26T19:49:45.708+0530: 9788.495: [GC (CMS Initial Mark) [1 CMS-initial-mark: 338922K(349568K)] 347494K(359360K), 0.0061316 secs] [Times: user=0.00 sys=0.00, real=0.01 secs] 
2018-03-26T19:49:45.714+0530: 9788.501: [CMS-concurrent-mark-start]
2018-03-26T19:49:46.487+0530: 9789.274: [CMS-concurrent-mark: 0.773/0.773 secs] [Times: user=0.77 sys=0.00, real=0.77 secs] 
2018-03-26T19:49:46.488+0530: 9789.274: [CMS-concurrent-preclean-start]
2018-03-26T19:49:46.489+0530: 9789.275: [CMS-concurrent-preclean: 0.001/0.001 secs] [Times: user=0.00 sys=0.00, real=0.00 secs] 
2018-03-26T19:49:46.489+0530: 9789.275: [CMS-concurrent-abortable-preclean-start]
 CMS: abort preclean due to time 2018-03-26T19:49:51.537+0530: 9794.324: [CMS-concurrent-abortable-preclean: 1.151/5.048 secs] [Times: user=1.16 sys=0.00, real=5.05 secs] 
2018-03-26T19:49:51.537+0530: 9794.324: [GC (CMS Final Remark) [YG occupancy: 8571 K (9792 K)]2018-03-26T19:49:51.537+0530: 9794.324: [Rescan (parallel) , 0.0064818 secs]2018-03-26T19:49:51.544+0530: 9794.331: [weak refs processing, 0.0000497 secs]2018-03-26T19:49:51.544+0530: 9794.331: [class unloading, 0.0003960 secs]2018-03-26T19:49:51.544+0530: 9794.331: [scrub symbol table, 0.0006636 secs]2018-03-26T19:49:51.545+0530: 9794.332: [scrub string table, 0.0002158 secs][1 CMS-remark: 338922K(349568K)] 347494K(359360K), 0.0080224 secs] [Times: user=0.00 sys=0.00, real=0.01 secs] 
2018-03-26T19:49:51.546+0530: 9794.332: [CMS-concurrent-sweep-start]
2018-03-26T19:49:51.861+0530: 9794.648: [CMS-concurrent-sweep: 0.316/0.316 secs] [Times: user=0.31 sys=0.00, real=0.32 secs] 
2018-03-26T19:49:51.862+0530: 9794.648: [CMS-concurrent-reset-start]
2018-03-26T19:49:51.862+0530: 9794.649: [CMS-concurrent-reset: 0.001/0.001 secs] [Times: user=0.00 sys=0.00, real=0.00 secs] 
2018-03-26T19:49:53.862+0530: 9796.649: [GC (CMS Initial Mark) [1 CMS-initial-mark: 338922K(349568K)] 347494K(359360K), 0.0058355 secs] [Times: user=0.06 sys=0.00, real=0.01 secs] 
2018-03-26T19:49:53.868+0530: 9796.655: [CMS-concurrent-mark-start]
2018-03-26T19:49:54.626+0530: 9797.413: [CMS-concurrent-mark: 0.758/0.758 secs] [Times: user=0.73 sys=0.00, real=0.76 secs] 
2018-03-26T19:49:54.627+0530: 9797.413: [CMS-concurrent-preclean-start]
2018-03-26T19:49:54.628+0530: 9797.414: [CMS-concurrent-preclean: 0.001/0.001 secs] [Times: user=0.00 sys=0.00, real=0.00 secs] 
2018-03-26T19:49:54.628+0530: 9797.415: [CMS-concurrent-abortable-preclean-start]
 CMS: abort preclean due to time 2018-03-26T19:49:59.739+0530: 9802.526: [CMS-concurrent-abortable-preclean: 1.218/5.112 secs] [Times: user=1.06 sys=0.00, real=5.11 secs] 
2018-03-26T19:49:59.740+0530: 9802.527: [GC (CMS Final Remark) [YG occupancy: 8571 K (9792 K)]2018-03-26T19:49:59.740+0530: 9802.527: [Rescan (parallel) , 0.0101518 secs]2018-03-26T19:49:59.750+0530: 9802.537: [weak refs processing, 0.0001696 secs]2018-03-26T19:49:59.750+0530: 9802.537: [class unloading, 0.0016799 secs]2018-03-26T19:49:59.752+0530: 9802.539: [scrub symbol table, 0.0015554 secs]2018-03-26T19:49:59.753+0530: 9802.541: [scrub string table, 0.0002793 secs][1 CMS-remark: 338922K(349568K)] 347494K(359360K), 0.0145077 secs] [Times: user=0.00 sys=0.00, real=0.01 secs] 
2018-03-26T19:49:59.755+0530: 9802.541: [CMS-concurrent-sweep-start]
2018-03-26T19:50:00.260+0530: 9803.047: [CMS-concurrent-sweep: 0.506/0.506 secs] [Times: user=0.52 sys=0.00, real=0.50 secs] 
2018-03-26T19:50:00.260+0530: 9803.047: [CMS-concurrent-reset-start]
2018-03-26T19:50:00.261+0530: 9803.048: [CMS-concurrent-reset: 0.001/0.001 secs] [Times: user=0.00 sys=0.00, real=0.00 secs] 
2018-03-26T19:50:02.262+0530: 9805.048: [GC (CMS Initial Mark) [1 CMS-initial-mark: 338922K(349568K)] 347494K(359360K), 0.0064783 secs] [Times: user=0.00 sys=0.00, real=0.01 secs] 
2018-03-26T19:50:02.268+0530: 9805.055: [CMS-concurrent-mark-start]
2018-03-26T19:50:03.096+0530: 9805.883: [CMS-concurrent-mark: 0.828/0.828 secs] [Times: user=0.83 sys=0.00, real=0.83 secs] 
2018-03-26T19:50:03.096+0530: 9805.883: [CMS-concurrent-preclean-start]
2018-03-26T19:50:03.097+0530: 9805.884: [CMS-concurrent-preclean: 0.001/0.001 secs] [Times: user=0.00 sys=0.00, real=0.00 secs] 
2018-03-26T19:50:03.097+0530: 9805.884: [CMS-concurrent-abortable-preclean-start]
 CMS: abort preclean due to time 2018-03-26T19:50:08.225+0530: 9811.012: [CMS-concurrent-abortable-preclean: 1.226/5.128 secs] [Times: user=1.16 sys=0.02, real=5.13 secs] 
2018-03-26T19:50:08.225+0530: 9811.012: [GC (CMS Final Remark) [YG occupancy: 8571 K (9792 K)]2018-03-26T19:50:08.225+0530: 9811.012: [Rescan (parallel) , 0.0085340 secs]2018-03-26T19:50:08.234+0530: 9811.021: [weak refs processing, 0.0000441 secs]2018-03-26T19:50:08.234+0530: 9811.021: [class unloading, 0.0004196 secs]2018-03-26T19:50:08.234+0530: 9811.022: [scrub symbol table, 0.0007546 secs]2018-03-26T19:50:08.235+0530: 9811.022: [scrub string table, 0.0002631 secs][1 CMS-remark: 338922K(349568K)] 347494K(359360K), 0.0102675 secs] [Times: user=0.00 sys=0.00, real=0.01 secs] 
2018-03-26T19:50:08.236+0530: 9811.023: [CMS-concurrent-sweep-start]
2018-03-26T19:50:08.664+0530: 9811.451: [CMS-concurrent-sweep: 0.428/0.428 secs] [Times: user=0.44 sys=0.00, real=0.43 secs] 
2018-03-26T19:50:08.664+0530: 9811.451: [CMS-concurrent-reset-start]
2018-03-26T19:50:08.665+0530: 9811.452: [CMS-concurrent-reset: 0.001/0.001 secs] [Times: user=0.00 sys=0.00, real=0.00 secs] 
2018-03-26T19:50:10.665+0530: 9813.452: [GC (CMS Initial Mark) [1 CMS-initial-mark: 338922K(349568K)] 347494K(359360K), 0.0062082 secs] [Times: user=0.00 sys=0.00, real=0.01 secs] 
2018-03-26T19:50:10.672+0530: 9813.458: [CMS-concurrent-mark-start]
2018-03-26T19:50:11.779+0530: 9814.566: [CMS-concurrent-mark: 1.107/1.107 secs] [Times: user=1.09 sys=0.00, real=1.11 secs] 
2018-03-26T19:50:11.779+0530: 9814.566: [CMS-concurrent-preclean-start]
2018-03-26T19:50:11.780+0530: 9814.567: [CMS-concurrent-preclean: 0.001/0.001 secs] [Times: user=0.00 sys=0.00, real=0.00 secs] 
2018-03-26T19:50:11.780+0530: 9814.567: [CMS-concurrent-abortable-preclean-start]
 CMS: abort preclean due to time 2018-03-26T19:50:16.811+0530: 9819.599: [CMS-concurrent-abortable-preclean: 1.329/5.032 secs] [Times: user=1.31 sys=0.00, real=5.03 secs] 
2018-03-26T19:50:16.812+0530: 9819.599: [GC (CMS Final Remark) [YG occupancy: 8571 K (9792 K)]2018-03-26T19:50:16.812+0530: 9819.599: [Rescan (parallel) , 0.0105126 secs]2018-03-26T19:50:16.822+0530: 9819.610: [weak refs processing, 0.0000437 secs]2018-03-26T19:50:16.822+0530: 9819.610: [class unloading, 0.0008558 secs]2018-03-26T19:50:16.823+0530: 9819.611: [scrub symbol table, 0.0008777 secs]2018-03-26T19:50:16.824+0530: 9819.612: [scrub string table, 0.0002659 secs][1 CMS-remark: 338922K(349568K)] 347494K(359360K), 0.0128405 secs] [Times: user=0.06 sys=0.00, real=0.01 secs] 
2018-03-26T19:50:16.825+0530: 9819.612: [CMS-concurrent-sweep-start]
2018-03-26T19:50:17.428+0530: 9820.216: [CMS-concurrent-sweep: 0.604/0.604 secs] [Times: user=0.56 sys=0.00, real=0.60 secs] 
2018-03-26T19:50:17.429+0530: 9820.216: [CMS-concurrent-reset-start]
2018-03-26T19:50:17.430+0530: 9820.217: [CMS-concurrent-reset: 0.001/0.001 secs] [Times: user=0.00 sys=0.00, real=0.00 secs] 
2018-03-26T19:50:19.431+0530: 9822.218: [GC (CMS Initial Mark) [1 CMS-initial-mark: 338922K(349568K)] 347494K(359360K), 0.0070227 secs] [Times: user=0.00 sys=0.00, real=0.01 secs] 
2018-03-26T19:50:19.438+0530: 9822.225: [CMS-concurrent-mark-start]
2018-03-26T19:50:20.918+0530: 9823.705: [CMS-concurrent-mark: 1.480/1.480 secs] [Times: user=1.47 sys=0.00, real=1.48 secs] 
2018-03-26T19:50:20.918+0530: 9823.705: [CMS-concurrent-preclean-start]
2018-03-26T19:50:20.919+0530: 9823.706: [CMS-concurrent-preclean: 0.001/0.001 secs] [Times: user=0.00 sys=0.00, real=0.00 secs] 
2018-03-26T19:50:20.919+0530: 9823.706: [CMS-concurrent-abortable-preclean-start]
 CMS: abort preclean due to time 2018-03-26T19:50:26.025+0530: 9828.812: [CMS-concurrent-abortable-preclean: 1.304/5.105 secs] [Times: user=1.30 sys=0.00, real=5.11 secs] 
2018-03-26T19:50:26.025+0530: 9828.812: [GC (CMS Final Remark) [YG occupancy: 8571 K (9792 K)]2018-03-26T19:50:26.025+0530: 9828.812: [Rescan (parallel) , 0.0073623 secs]2018-03-26T19:50:26.033+0530: 9828.819: [weak refs processing, 0.0000465 secs]2018-03-26T19:50:26.033+0530: 9828.819: [class unloading, 0.0005543 secs]2018-03-26T19:50:26.033+0530: 9828.820: [scrub symbol table, 0.0011608 secs]2018-03-26T19:50:26.035+0530: 9828.821: [scrub string table, 0.0003427 secs][1 CMS-remark: 338922K(349568K)] 347494K(359360K), 0.0097410 secs] [Times: user=0.00 sys=0.00, real=0.01 secs] 
2018-03-26T19:50:26.035+0530: 9828.822: [CMS-concurrent-sweep-start]
2018-03-26T19:50:26.497+0530: 9829.284: [CMS-concurrent-sweep: 0.462/0.462 secs] [Times: user=0.47 sys=0.00, real=0.46 secs] 
2018-03-26T19:50:26.497+0530: 9829.284: [CMS-concurrent-reset-start]
2018-03-26T19:50:26.498+0530: 9829.285: [CMS-concurrent-reset: 0.001/0.001 secs] [Times: user=0.00 sys=0.00, real=0.00 secs] 
2018-03-26T19:50:28.498+0530: 9831.285: [GC (CMS Initial Mark) [1 CMS-initial-mark: 338922K(349568K)] 347494K(359360K), 0.0067858 secs] [Times: user=0.00 sys=0.00, real=0.01 secs] 
2018-03-26T19:50:28.505+0530: 9831.292: [CMS-concurrent-mark-start]
2018-03-26T19:50:29.596+0530: 9832.383: [CMS-concurrent-mark: 1.091/1.091 secs] [Times: user=1.09 sys=0.00, real=1.09 secs] 
2018-03-26T19:50:29.596+0530: 9832.383: [CMS-concurrent-preclean-start]
2018-03-26T19:50:29.597+0530: 9832.384: [CMS-concurrent-preclean: 0.001/0.001 secs] [Times: user=0.00 sys=0.00, real=0.00 secs] 
2018-03-26T19:50:29.597+0530: 9832.384: [CMS-concurrent-abortable-preclean-start]
 CMS: abort preclean due to time 2018-03-26T19:50:34.650+0530: 9837.437: [CMS-concurrent-abortable-preclean: 1.249/5.053 secs] [Times: user=1.31 sys=0.00, real=5.05 secs] 
2018-03-26T19:50:34.650+0530: 9837.437: [GC (CMS Final Remark) [YG occupancy: 8571 K (9792 K)]2018-03-26T19:50:34.650+0530: 9837.437: [Rescan (parallel) , 0.0103793 secs]2018-03-26T19:50:34.661+0530: 9837.448: [weak refs processing, 0.0000638 secs]2018-03-26T19:50:34.661+0530: 9837.448: [class unloading, 0.0006287 secs]2018-03-26T19:50:34.662+0530: 9837.449: [scrub symbol table, 0.0011051 secs]2018-03-26T19:50:34.663+0530: 9837.450: [scrub string table, 0.0004644 secs][1 CMS-remark: 338922K(349568K)] 347494K(359360K), 0.0129936 secs] [Times: user=0.02 sys=0.00, real=0.01 secs] 
2018-03-26T19:50:34.664+0530: 9837.450: [CMS-concurrent-sweep-start]
2018-03-26T19:50:35.360+0530: 9838.147: [CMS-concurrent-sweep: 0.696/0.696 secs] [Times: user=0.64 sys=0.00, real=0.70 secs] 
2018-03-26T19:50:35.360+0530: 9838.147: [CMS-concurrent-reset-start]
2018-03-26T19:50:35.361+0530: 9838.148: [CMS-concurrent-reset: 0.001/0.001 secs] [Times: user=0.00 sys=0.00, real=0.00 secs] 
2018-03-26T19:50:37.361+0530: 9840.148: [GC (CMS Initial Mark) [1 CMS-initial-mark: 338922K(349568K)] 347494K(359360K), 0.0067607 secs] [Times: user=0.06 sys=0.00, real=0.01 secs] 
2018-03-26T19:50:37.368+0530: 9840.155: [CMS-concurrent-mark-start]
2018-03-26T19:50:38.700+0530: 9841.487: [CMS-concurrent-mark: 1.332/1.332 secs] [Times: user=1.30 sys=0.00, real=1.33 secs] 
2018-03-26T19:50:38.700+0530: 9841.487: [CMS-concurrent-preclean-start]
2018-03-26T19:50:38.702+0530: 9841.489: [CMS-concurrent-preclean: 0.001/0.001 secs] [Times: user=0.00 sys=0.00, real=0.00 secs] 
2018-03-26T19:50:38.702+0530: 9841.489: [CMS-concurrent-abortable-preclean-start]
 CMS: abort preclean due to time 2018-03-26T19:50:43.796+0530: 9846.583: [CMS-concurrent-abortable-preclean: 1.294/5.094 secs] [Times: user=1.39 sys=0.00, real=5.09 secs] 
2018-03-26T19:50:43.797+0530: 9846.584: [GC (CMS Final Remark) [YG occupancy: 8571 K (9792 K)]2018-03-26T19:50:43.797+0530: 9846.584: [Rescan (parallel) , 0.0097075 secs]2018-03-26T19:50:43.807+0530: 9846.594: [weak refs processing, 0.0000688 secs]2018-03-26T19:50:43.807+0530: 9846.594: [class unloading, 0.0005659 secs]2018-03-26T19:50:43.807+0530: 9846.594: [scrub symbol table, 0.0020861 secs]2018-03-26T19:50:43.809+0530: 9846.596: [scrub string table, 0.0007359 secs][1 CMS-remark: 338922K(349568K)] 347494K(359360K), 0.0138025 secs] [Times: user=0.05 sys=0.00, real=0.01 secs] 
2018-03-26T19:50:43.811+0530: 9846.598: [CMS-concurrent-sweep-start]
2018-03-26T19:50:44.364+0530: 9847.151: [CMS-concurrent-sweep: 0.553/0.553 secs] [Times: user=0.55 sys=0.00, real=0.55 secs] 
2018-03-26T19:50:44.364+0530: 9847.151: [CMS-concurrent-reset-start]
2018-03-26T19:50:44.365+0530: 9847.152: [CMS-concurrent-reset: 0.001/0.001 secs] [Times: user=0.02 sys=0.00, real=0.00 secs] 
2018-03-26T19:50:46.365+0530: 9849.152: [GC (CMS Initial Mark) [1 CMS-initial-mark: 338922K(349568K)] 347494K(359360K), 0.0065231 secs] [Times: user=0.00 sys=0.00, real=0.01 secs] 
2018-03-26T19:50:46.372+0530: 9849.159: [CMS-concurrent-mark-start]
2018-03-26T19:50:47.313+0530: 9850.100: [CMS-concurrent-mark: 0.941/0.941 secs] [Times: user=0.92 sys=0.02, real=0.94 secs] 
2018-03-26T19:50:47.313+0530: 9850.100: [CMS-concurrent-preclean-start]
2018-03-26T19:50:47.314+0530: 9850.101: [CMS-concurrent-preclean: 0.001/0.001 secs] [Times: user=0.00 sys=0.00, real=0.00 secs] 
2018-03-26T19:50:47.314+0530: 9850.101: [CMS-concurrent-abortable-preclean-start]
 CMS: abort preclean due to time 2018-03-26T19:50:52.327+0530: 9855.114: [CMS-concurrent-abortable-preclean: 1.214/5.013 secs] [Times: user=1.25 sys=0.00, real=5.01 secs] 
2018-03-26T19:50:52.327+0530: 9855.114: [GC (CMS Final Remark) [YG occupancy: 8571 K (9792 K)]2018-03-26T19:50:52.327+0530: 9855.114: [Rescan (parallel) , 0.0074497 secs]2018-03-26T19:50:52.334+0530: 9855.122: [weak refs processing, 0.0000554 secs]2018-03-26T19:50:52.334+0530: 9855.122: [class unloading, 0.0005444 secs]2018-03-26T19:50:52.336+0530: 9855.122: [scrub symbol table, 0.0010452 secs]2018-03-26T19:50:52.337+0530: 9855.123: [scrub string table, 0.0004267 secs][1 CMS-remark: 338922K(349568K)] 347494K(359360K), 0.0097915 secs] [Times: user=0.06 sys=0.00, real=0.01 secs] 
2018-03-26T19:50:52.338+0530: 9855.124: [CMS-concurrent-sweep-start]
2018-03-26T19:50:52.726+0530: 9855.512: [CMS-concurrent-sweep: 0.388/0.388 secs] [Times: user=0.39 sys=0.00, real=0.39 secs] 
2018-03-26T19:50:52.726+0530: 9855.513: [CMS-concurrent-reset-start]
2018-03-26T19:50:52.726+0530: 9855.513: [CMS-concurrent-reset: 0.001/0.001 secs] [Times: user=0.00 sys=0.00, real=0.00 secs] 
2018-03-26T19:50:54.726+0530: 9857.513: [GC (CMS Initial Mark) [1 CMS-initial-mark: 338922K(349568K)] 347494K(359360K), 0.0086652 secs] [Times: user=0.00 sys=0.00, real=0.01 secs] 
2018-03-26T19:50:54.735+0530: 9857.522: [CMS-concurrent-mark-start]
2018-03-26T19:50:55.644+0530: 9858.430: [CMS-concurrent-mark: 0.908/0.908 secs] [Times: user=0.91 sys=0.00, real=0.91 secs] 
2018-03-26T19:50:55.644+0530: 9858.430: [CMS-concurrent-preclean-start]
2018-03-26T19:50:55.645+0530: 9858.431: [CMS-concurrent-preclean: 0.001/0.001 secs] [Times: user=0.00 sys=0.00, real=0.00 secs] 
2018-03-26T19:50:55.645+0530: 9858.432: [CMS-concurrent-abortable-preclean-start]
 CMS: abort preclean due to time 2018-03-26T19:51:00.676+0530: 9863.463: [CMS-concurrent-abortable-preclean: 1.136/5.031 secs] [Times: user=1.14 sys=0.00, real=5.03 secs] 
2018-03-26T19:51:00.676+0530: 9863.463: [GC (CMS Final Remark) [YG occupancy: 8571 K (9792 K)]2018-03-26T19:51:00.676+0530: 9863.463: [Rescan (parallel) , 0.0118387 secs]2018-03-26T19:51:00.688+0530: 9863.475: [weak refs processing, 0.0000624 secs]2018-03-26T19:51:00.688+0530: 9863.475: [class unloading, 0.0006174 secs]2018-03-26T19:51:00.689+0530: 9863.476: [scrub symbol table, 0.0011753 secs]2018-03-26T19:51:00.690+0530: 9863.477: [scrub string table, 0.0005191 secs][1 CMS-remark: 338922K(349568K)] 347494K(359360K), 0.0146131 secs] [Times: user=0.05 sys=0.00, real=0.01 secs] 
2018-03-26T19:51:00.691+0530: 9863.478: [CMS-concurrent-sweep-start]
2018-03-26T19:51:01.069+0530: 9863.856: [CMS-concurrent-sweep: 0.378/0.378 secs] [Times: user=0.38 sys=0.00, real=0.38 secs] 
2018-03-26T19:51:01.069+0530: 9863.856: [CMS-concurrent-reset-start]
2018-03-26T19:51:01.070+0530: 9863.857: [CMS-concurrent-reset: 0.001/0.001 secs] [Times: user=0.00 sys=0.00, real=0.00 secs] 
2018-03-26T19:51:03.070+0530: 9865.857: [GC (CMS Initial Mark) [1 CMS-initial-mark: 338922K(349568K)] 347494K(359360K), 0.0066659 secs] [Times: user=0.00 sys=0.00, real=0.01 secs] 
2018-03-26T19:51:03.077+0530: 9865.864: [CMS-concurrent-mark-start]
2018-03-26T19:51:04.115+0530: 9866.902: [CMS-concurrent-mark: 1.038/1.038 secs] [Times: user=1.05 sys=0.00, real=1.04 secs] 
2018-03-26T19:51:04.115+0530: 9866.902: [CMS-concurrent-preclean-start]
2018-03-26T19:51:04.116+0530: 9866.903: [CMS-concurrent-preclean: 0.001/0.001 secs] [Times: user=0.00 sys=0.00, real=0.00 secs] 
2018-03-26T19:51:04.116+0530: 9866.903: [CMS-concurrent-abortable-preclean-start]
2018-03-26T19:51:04.775+0530: 9867.563: [GC (Allocation Failure) 2018-03-26T19:51:04.775+0530: 9867.563: [ParNew: 9790K->1086K(9792K), 0.0824400 secs] 348712K->348743K(359360K), 0.0825962 secs] [Times: user=0.28 sys=0.03, real=0.08 secs] 
2018-03-26T19:51:04.887+0530: 9867.675: [CMS-concurrent-abortable-preclean: 0.188/0.771 secs] [Times: user=0.48 sys=0.03, real=0.77 secs] 
2018-03-26T19:51:04.888+0530: 9867.675: [GC (CMS Final Remark) [YG occupancy: 8571 K (9792 K)]2018-03-26T19:51:04.888+0530: 9867.675: [Rescan (parallel) , 0.0093972 secs]2018-03-26T19:51:04.898+0530: 9867.685: [weak refs processing, 0.0000451 secs]2018-03-26T19:51:04.898+0530: 9867.685: [class unloading, 0.0004372 secs]2018-03-26T19:51:04.898+0530: 9867.685: [scrub symbol table, 0.0007705 secs]2018-03-26T19:51:04.899+0530: 9867.686: [scrub string table, 0.0002623 secs][1 CMS-remark: 347657K(349568K)] 356228K(359360K), 0.0111730 secs] [Times: user=0.05 sys=0.00, real=0.01 secs] 
2018-03-26T19:51:04.900+0530: 9867.686: [CMS-concurrent-sweep-start]
2018-03-26T19:51:05.545+0530: 9868.332: [CMS-concurrent-sweep: 0.645/0.645 secs] [Times: user=0.61 sys=0.00, real=0.64 secs] 
2018-03-26T19:51:05.545+0530: 9868.332: [CMS-concurrent-reset-start]
2018-03-26T19:51:05.546+0530: 9868.333: [CMS-concurrent-reset: 0.001/0.001 secs] [Times: user=0.00 sys=0.00, real=0.00 secs] 
2018-03-26T19:51:07.548+0530: 9870.334: [GC (CMS Initial Mark) [1 CMS-initial-mark: 347657K(349568K)] 356228K(359360K), 0.0066500 secs] [Times: user=0.05 sys=0.00, real=0.01 secs] 
2018-03-26T19:51:07.555+0530: 9870.341: [CMS-concurrent-mark-start]
2018-03-26T19:51:08.930+0530: 9871.717: [CMS-concurrent-mark: 1.376/1.376 secs] [Times: user=1.36 sys=0.00, real=1.38 secs] 
2018-03-26T19:51:08.931+0530: 9871.717: [CMS-concurrent-preclean-start]
2018-03-26T19:51:08.932+0530: 9871.719: [CMS-concurrent-preclean: 0.002/0.002 secs] [Times: user=0.00 sys=0.00, real=0.00 secs] 
2018-03-26T19:51:08.932+0530: 9871.719: [CMS-concurrent-abortable-preclean-start]
2018-03-26T19:51:08.932+0530: 9871.719: [CMS-concurrent-abortable-preclean: 0.000/0.000 secs] [Times: user=0.00 sys=0.00, real=0.00 secs] 
2018-03-26T19:51:08.933+0530: 9871.720: [GC (CMS Final Remark) [YG occupancy: 8571 K (9792 K)]2018-03-26T19:51:08.933+0530: 9871.720: [Rescan (parallel) , 0.0100972 secs]2018-03-26T19:51:08.943+0530: 9871.730: [weak refs processing, 0.0000621 secs]2018-03-26T19:51:08.943+0530: 9871.730: [class unloading, 0.0006894 secs]2018-03-26T19:51:08.944+0530: 9871.731: [scrub symbol table, 0.0012923 secs]2018-03-26T19:51:08.945+0530: 9871.732: [scrub string table, 0.0004944 secs][1 CMS-remark: 347657K(349568K)] 356228K(359360K), 0.0130295 secs] [Times: user=0.06 sys=0.00, real=0.01 secs] 
2018-03-26T19:51:08.946+0530: 9871.733: [CMS-concurrent-sweep-start]
2018-03-26T19:51:09.593+0530: 9872.380: [CMS-concurrent-sweep: 0.646/0.646 secs] [Times: user=0.64 sys=0.00, real=0.65 secs] 
2018-03-26T19:51:09.593+0530: 9872.380: [CMS-concurrent-reset-start]
2018-03-26T19:51:09.594+0530: 9872.381: [CMS-concurrent-reset: 0.001/0.001 secs] [Times: user=0.00 sys=0.00, real=0.00 secs] 
2018-03-26T19:51:11.594+0530: 9874.381: [GC (CMS Initial Mark) [1 CMS-initial-mark: 347657K(349568K)] 356228K(359360K), 0.0092036 secs] [Times: user=0.05 sys=0.00, real=0.01 secs] 
2018-03-26T19:51:11.603+0530: 9874.390: [CMS-concurrent-mark-start]
2018-03-26T19:51:12.956+0530: 9875.743: [CMS-concurrent-mark: 1.353/1.353 secs] [Times: user=1.33 sys=0.00, real=1.35 secs] 
2018-03-26T19:51:12.956+0530: 9875.743: [CMS-concurrent-preclean-start]
2018-03-26T19:51:12.958+0530: 9875.745: [CMS-concurrent-preclean: 0.002/0.002 secs] [Times: user=0.01 sys=0.00, real=0.00 secs] 
2018-03-26T19:51:12.958+0530: 9875.745: [CMS-concurrent-abortable-preclean-start]
2018-03-26T19:51:12.958+0530: 9875.745: [CMS-concurrent-abortable-preclean: 0.000/0.000 secs] [Times: user=0.00 sys=0.00, real=0.00 secs] 
2018-03-26T19:51:12.959+0530: 9875.746: [GC (CMS Final Remark) [YG occupancy: 8571 K (9792 K)]2018-03-26T19:51:12.959+0530: 9875.746: [Rescan (parallel) , 0.0108126 secs]2018-03-26T19:51:12.970+0530: 9875.757: [weak refs processing, 0.0000589 secs]2018-03-26T19:51:12.970+0530: 9875.757: [class unloading, 0.0005575 secs]2018-03-26T19:51:12.971+0530: 9875.757: [scrub symbol table, 0.0011051 secs]2018-03-26T19:51:12.972+0530: 9875.758: [scrub string table, 0.0005007 secs][1 CMS-remark: 347657K(349568K)] 356228K(359360K), 0.0133695 secs] [Times: user=0.00 sys=0.00, real=0.01 secs] 
2018-03-26T19:51:12.972+0530: 9875.759: [CMS-concurrent-sweep-start]
2018-03-26T19:51:13.577+0530: 9876.364: [CMS-concurrent-sweep: 0.605/0.605 secs] [Times: user=0.61 sys=0.00, real=0.61 secs] 
2018-03-26T19:51:13.578+0530: 9876.364: [CMS-concurrent-reset-start]
2018-03-26T19:51:13.579+0530: 9876.366: [CMS-concurrent-reset: 0.002/0.002 secs] [Times: user=0.00 sys=0.00, real=0.00 secs] 
2018-03-26T19:51:15.579+0530: 9878.365: [GC (CMS Initial Mark) [1 CMS-initial-mark: 347657K(349568K)] 356228K(359360K), 0.0071246 secs] [Times: user=0.06 sys=0.00, real=0.01 secs] 
2018-03-26T19:51:15.586+0530: 9878.373: [CMS-concurrent-mark-start]
2018-03-26T19:51:16.908+0530: 9879.695: [CMS-concurrent-mark: 1.322/1.322 secs] [Times: user=1.31 sys=0.00, real=1.32 secs] 
2018-03-26T19:51:16.909+0530: 9879.695: [CMS-concurrent-preclean-start]
2018-03-26T19:51:16.911+0530: 9879.698: [CMS-concurrent-preclean: 0.002/0.002 secs] [Times: user=0.00 sys=0.00, real=0.00 secs] 
2018-03-26T19:51:16.911+0530: 9879.698: [CMS-concurrent-abortable-preclean-start]
2018-03-26T19:51:16.911+0530: 9879.698: [CMS-concurrent-abortable-preclean: 0.000/0.000 secs] [Times: user=0.00 sys=0.00, real=0.00 secs] 
2018-03-26T19:51:16.911+0530: 9879.698: [GC (CMS Final Remark) [YG occupancy: 8571 K (9792 K)]2018-03-26T19:51:16.911+0530: 9879.698: [Rescan (parallel) , 0.0101871 secs]2018-03-26T19:51:16.922+0530: 9879.708: [weak refs processing, 0.0000599 secs]2018-03-26T19:51:16.922+0530: 9879.708: [class unloading, 0.0006894 secs]2018-03-26T19:51:16.923+0530: 9879.709: [scrub symbol table, 0.0010924 secs]2018-03-26T19:51:16.924+0530: 9879.710: [scrub string table, 0.0004651 secs][1 CMS-remark: 347657K(349568K)] 356228K(359360K), 0.0129093 secs] [Times: user=0.01 sys=0.00, real=0.01 secs] 
2018-03-26T19:51:16.924+0530: 9879.711: [CMS-concurrent-sweep-start]
2018-03-26T19:51:17.458+0530: 9880.244: [CMS-concurrent-sweep: 0.533/0.533 secs] [Times: user=0.53 sys=0.00, real=0.53 secs] 
2018-03-26T19:51:17.458+0530: 9880.244: [CMS-concurrent-reset-start]
2018-03-26T19:51:17.459+0530: 9880.245: [CMS-concurrent-reset: 0.001/0.001 secs] [Times: user=0.02 sys=0.00, real=0.00 secs] 
2018-03-26T19:51:19.459+0530: 9882.245: [GC (CMS Initial Mark) [1 CMS-initial-mark: 347657K(349568K)] 356228K(359360K), 0.0071296 secs] [Times: user=0.00 sys=0.00, real=0.01 secs] 
2018-03-26T19:51:19.466+0530: 9882.253: [CMS-concurrent-mark-start]
2018-03-26T19:51:21.175+0530: 9883.962: [CMS-concurrent-mark: 1.709/1.709 secs] [Times: user=1.59 sys=0.00, real=1.71 secs] 
2018-03-26T19:51:21.176+0530: 9883.962: [CMS-concurrent-preclean-start]
2018-03-26T19:51:21.177+0530: 9883.963: [CMS-concurrent-preclean: 0.001/0.001 secs] [Times: user=0.00 sys=0.00, real=0.00 secs] 
2018-03-26T19:51:21.177+0530: 9883.964: [CMS-concurrent-abortable-preclean-start]
2018-03-26T19:51:21.177+0530: 9883.964: [CMS-concurrent-abortable-preclean: 0.000/0.000 secs] [Times: user=0.01 sys=0.00, real=0.00 secs] 
2018-03-26T19:51:21.177+0530: 9883.964: [GC (CMS Final Remark) [YG occupancy: 8571 K (9792 K)]2018-03-26T19:51:21.177+0530: 9883.964: [Rescan (parallel) , 0.0109586 secs]2018-03-26T19:51:21.188+0530: 9883.975: [weak refs processing, 0.0000712 secs]2018-03-26T19:51:21.188+0530: 9883.975: [class unloading, 0.0005508 secs]2018-03-26T19:51:21.189+0530: 9883.976: [scrub symbol table, 0.0008699 secs]2018-03-26T19:51:21.190+0530: 9883.977: [scrub string table, 0.0003403 secs][1 CMS-remark: 347657K(349568K)] 356228K(359360K), 0.0131385 secs] [Times: user=0.00 sys=0.00, real=0.01 secs] 
2018-03-26T19:51:21.191+0530: 9883.977: [CMS-concurrent-sweep-start]
2018-03-26T19:51:21.746+0530: 9884.533: [CMS-concurrent-sweep: 0.556/0.556 secs] [Times: user=0.56 sys=0.00, real=0.56 secs] 
2018-03-26T19:51:21.746+0530: 9884.533: [CMS-concurrent-reset-start]
2018-03-26T19:51:21.747+0530: 9884.534: [CMS-concurrent-reset: 0.001/0.001 secs] [Times: user=0.00 sys=0.00, real=0.00 secs] 
2018-03-26T19:51:23.747+0530: 9886.534: [GC (CMS Initial Mark) [1 CMS-initial-mark: 347657K(349568K)] 356228K(359360K), 0.0084124 secs] [Times: user=0.00 sys=0.00, real=0.01 secs] 
2018-03-26T19:51:23.755+0530: 9886.542: [CMS-concurrent-mark-start]
2018-03-26T19:51:25.246+0530: 9888.033: [CMS-concurrent-mark: 1.491/1.491 secs] [Times: user=1.48 sys=0.00, real=1.49 secs] 
2018-03-26T19:51:25.246+0530: 9888.033: [CMS-concurrent-preclean-start]
2018-03-26T19:51:25.248+0530: 9888.035: [CMS-concurrent-preclean: 0.001/0.001 secs] [Times: user=0.00 sys=0.00, real=0.00 secs] 
2018-03-26T19:51:25.248+0530: 9888.035: [CMS-concurrent-abortable-preclean-start]
2018-03-26T19:51:25.248+0530: 9888.035: [CMS-concurrent-abortable-preclean: 0.000/0.000 secs] [Times: user=0.00 sys=0.00, real=0.00 secs] 
2018-03-26T19:51:25.248+0530: 9888.035: [GC (CMS Final Remark) [YG occupancy: 8571 K (9792 K)]2018-03-26T19:51:25.248+0530: 9888.035: [Rescan (parallel) , 0.0116064 secs]2018-03-26T19:51:25.260+0530: 9888.047: [weak refs processing, 0.0000807 secs]2018-03-26T19:51:25.260+0530: 9888.047: [class unloading, 0.0007793 secs]2018-03-26T19:51:25.261+0530: 9888.048: [scrub symbol table, 0.0010452 secs]2018-03-26T19:51:25.262+0530: 9888.049: [scrub string table, 0.0003075 secs][1 CMS-remark: 347657K(349568K)] 356228K(359360K), 0.0141801 secs] [Times: user=0.06 sys=0.00, real=0.01 secs] 
2018-03-26T19:51:25.262+0530: 9888.049: [CMS-concurrent-sweep-start]
2018-03-26T19:51:25.948+0530: 9888.736: [CMS-concurrent-sweep: 0.686/0.686 secs] [Times: user=0.67 sys=0.00, real=0.69 secs] 
2018-03-26T19:51:25.949+0530: 9888.736: [CMS-concurrent-reset-start]
2018-03-26T19:51:25.950+0530: 9888.738: [CMS-concurrent-reset: 0.001/0.001 secs] [Times: user=0.00 sys=0.00, real=0.00 secs] 
2018-03-26T19:51:27.950+0530: 9890.737: [GC (CMS Initial Mark) [1 CMS-initial-mark: 347657K(349568K)] 356228K(359360K), 0.0076550 secs] [Times: user=0.02 sys=0.02, real=0.01 secs] 
2018-03-26T19:51:27.959+0530: 9890.745: [CMS-concurrent-mark-start]
2018-03-26T19:51:29.387+0530: 9892.174: [CMS-concurrent-mark: 1.428/1.428 secs] [Times: user=1.34 sys=0.00, real=1.43 secs] 
2018-03-26T19:51:29.387+0530: 9892.174: [CMS-concurrent-preclean-start]
2018-03-26T19:51:29.388+0530: 9892.175: [CMS-concurrent-preclean: 0.001/0.001 secs] [Times: user=0.00 sys=0.00, real=0.00 secs] 
2018-03-26T19:51:29.388+0530: 9892.175: [CMS-concurrent-abortable-preclean-start]
2018-03-26T19:51:29.388+0530: 9892.175: [CMS-concurrent-abortable-preclean: 0.000/0.000 secs] [Times: user=0.00 sys=0.00, real=0.00 secs] 
2018-03-26T19:51:29.388+0530: 9892.175: [GC (CMS Final Remark) [YG occupancy: 8571 K (9792 K)]2018-03-26T19:51:29.388+0530: 9892.175: [Rescan (parallel) , 0.0087043 secs]2018-03-26T19:51:29.397+0530: 9892.184: [weak refs processing, 0.0000448 secs]2018-03-26T19:51:29.397+0530: 9892.184: [class unloading, 0.0004404 secs]2018-03-26T19:51:29.398+0530: 9892.185: [scrub symbol table, 0.0008107 secs]2018-03-26T19:51:29.399+0530: 9892.186: [scrub string table, 0.0002616 secs][1 CMS-remark: 347657K(349568K)] 356228K(359360K), 0.0105284 secs] [Times: user=0.06 sys=0.00, real=0.01 secs] 
2018-03-26T19:51:29.399+0530: 9892.186: [CMS-concurrent-sweep-start]
2018-03-26T19:51:29.968+0530: 9892.756: [CMS-concurrent-sweep: 0.569/0.569 secs] [Times: user=0.56 sys=0.00, real=0.57 secs] 
2018-03-26T19:51:29.969+0530: 9892.756: [CMS-concurrent-reset-start]
2018-03-26T19:51:29.969+0530: 9892.756: [CMS-concurrent-reset: 0.001/0.001 secs] [Times: user=0.00 sys=0.00, real=0.00 secs] 
2018-03-26T19:51:31.969+0530: 9894.756: [GC (CMS Initial Mark) [1 CMS-initial-mark: 347657K(349568K)] 356228K(359360K), 0.0063485 secs] [Times: user=0.06 sys=0.00, real=0.01 secs] 
2018-03-26T19:51:31.975+0530: 9894.763: [CMS-concurrent-mark-start]
2018-03-26T19:51:33.276+0530: 9896.063: [CMS-concurrent-mark: 1.301/1.301 secs] [Times: user=1.30 sys=0.00, real=1.30 secs] 
2018-03-26T19:51:33.276+0530: 9896.063: [CMS-concurrent-preclean-start]
2018-03-26T19:51:33.279+0530: 9896.066: [CMS-concurrent-preclean: 0.003/0.003 secs] [Times: user=0.00 sys=0.00, real=0.00 secs] 
2018-03-26T19:51:33.279+0530: 9896.066: [CMS-concurrent-abortable-preclean-start]
2018-03-26T19:51:33.279+0530: 9896.066: [CMS-concurrent-abortable-preclean: 0.000/0.000 secs] [Times: user=0.00 sys=0.00, real=0.00 secs] 
2018-03-26T19:51:33.280+0530: 9896.066: [GC (CMS Final Remark) [YG occupancy: 8571 K (9792 K)]2018-03-26T19:51:33.280+0530: 9896.067: [Rescan (parallel) , 0.0109537 secs]2018-03-26T19:51:33.291+0530: 9896.078: [weak refs processing, 0.0000617 secs]2018-03-26T19:51:33.291+0530: 9896.078: [class unloading, 0.0005578 secs]2018-03-26T19:51:33.291+0530: 9896.078: [scrub symbol table, 0.0011231 secs]2018-03-26T19:51:33.293+0530: 9896.079: [scrub string table, 0.0004651 secs][1 CMS-remark: 347657K(349568K)] 356228K(359360K), 0.0135020 secs] [Times: user=0.05 sys=0.00, real=0.01 secs] 
2018-03-26T19:51:33.293+0530: 9896.080: [CMS-concurrent-sweep-start]
2018-03-26T19:51:34.089+0530: 9896.875: [CMS-concurrent-sweep: 0.795/0.795 secs] [Times: user=0.70 sys=0.01, real=0.80 secs] 
2018-03-26T19:51:34.089+0530: 9896.876: [CMS-concurrent-reset-start]
2018-03-26T19:51:34.090+0530: 9896.876: [CMS-concurrent-reset: 0.001/0.001 secs] [Times: user=0.00 sys=0.00, real=0.00 secs] 
2018-03-26T19:51:36.090+0530: 9898.876: [GC (CMS Initial Mark) [1 CMS-initial-mark: 347657K(349568K)] 356228K(359360K), 0.0070918 secs] [Times: user=0.00 sys=0.00, real=0.01 secs] 
2018-03-26T19:51:36.097+0530: 9898.884: [CMS-concurrent-mark-start]
2018-03-26T19:51:37.368+0530: 9900.155: [CMS-concurrent-mark: 1.271/1.271 secs] [Times: user=1.25 sys=0.00, real=1.27 secs] 
2018-03-26T19:51:37.368+0530: 9900.155: [CMS-concurrent-preclean-start]
2018-03-26T19:51:37.369+0530: 9900.156: [CMS-concurrent-preclean: 0.001/0.001 secs] [Times: user=0.00 sys=0.00, real=0.00 secs] 
2018-03-26T19:51:37.369+0530: 9900.156: [CMS-concurrent-abortable-preclean-start]
2018-03-26T19:51:37.370+0530: 9900.156: [CMS-concurrent-abortable-preclean: 0.000/0.000 secs] [Times: user=0.00 sys=0.00, real=0.00 secs] 
2018-03-26T19:51:37.370+0530: 9900.157: [GC (CMS Final Remark) [YG occupancy: 8571 K (9792 K)]2018-03-26T19:51:37.370+0530: 9900.157: [Rescan (parallel) , 0.0089836 secs]2018-03-26T19:51:37.379+0530: 9900.166: [weak refs processing, 0.0000451 secs]2018-03-26T19:51:37.379+0530: 9900.166: [class unloading, 0.0004291 secs]2018-03-26T19:51:37.379+0530: 9900.166: [scrub symbol table, 0.0008128 secs]2018-03-26T19:51:37.380+0530: 9900.167: [scrub string table, 0.0002638 secs][1 CMS-remark: 347657K(349568K)] 356228K(359360K), 0.0108147 secs] [Times: user=0.02 sys=0.00, real=0.01 secs] 
2018-03-26T19:51:37.381+0530: 9900.168: [CMS-concurrent-sweep-start]
2018-03-26T19:51:37.936+0530: 9900.723: [CMS-concurrent-sweep: 0.555/0.555 secs] [Times: user=0.55 sys=0.00, real=0.56 secs] 
2018-03-26T19:51:37.936+0530: 9900.723: [CMS-concurrent-reset-start]
2018-03-26T19:51:37.937+0530: 9900.724: [CMS-concurrent-reset: 0.001/0.001 secs] [Times: user=0.00 sys=0.00, real=0.00 secs] 
2018-03-26T19:51:39.937+0530: 9902.724: [GC (CMS Initial Mark) [1 CMS-initial-mark: 347657K(349568K)] 356228K(359360K), 0.0050417 secs] [Times: user=0.00 sys=0.00, real=0.00 secs] 
2018-03-26T19:51:39.942+0530: 9902.729: [CMS-concurrent-mark-start]
2018-03-26T19:51:41.089+0530: 9903.876: [CMS-concurrent-mark: 1.147/1.147 secs] [Times: user=1.09 sys=0.00, real=1.15 secs] 
2018-03-26T19:51:41.089+0530: 9903.876: [CMS-concurrent-preclean-start]
2018-03-26T19:51:41.090+0530: 9903.877: [CMS-concurrent-preclean: 0.001/0.001 secs] [Times: user=0.00 sys=0.00, real=0.00 secs] 
2018-03-26T19:51:41.090+0530: 9903.877: [CMS-concurrent-abortable-preclean-start]
2018-03-26T19:51:41.090+0530: 9903.877: [CMS-concurrent-abortable-preclean: 0.000/0.000 secs] [Times: user=0.00 sys=0.00, real=0.00 secs] 
2018-03-26T19:51:41.091+0530: 9903.877: [GC (CMS Final Remark) [YG occupancy: 8571 K (9792 K)]2018-03-26T19:51:41.091+0530: 9903.877: [Rescan (parallel) , 0.0075040 secs]2018-03-26T19:51:41.098+0530: 9903.885: [weak refs processing, 0.0000342 secs]2018-03-26T19:51:41.098+0530: 9903.885: [class unloading, 0.0004009 secs]2018-03-26T19:51:41.099+0530: 9903.885: [scrub symbol table, 0.0007645 secs]2018-03-26T19:51:41.099+0530: 9903.886: [scrub string table, 0.0003755 secs][1 CMS-remark: 347657K(349568K)] 356228K(359360K), 0.0093567 secs] [Times: user=0.02 sys=0.00, real=0.01 secs] 
2018-03-26T19:51:41.100+0530: 9903.887: [CMS-concurrent-sweep-start]
2018-03-26T19:51:41.616+0530: 9904.402: [CMS-concurrent-sweep: 0.515/0.515 secs] [Times: user=0.50 sys=0.00, real=0.52 secs] 
2018-03-26T19:51:41.616+0530: 9904.403: [CMS-concurrent-reset-start]
2018-03-26T19:51:41.617+0530: 9904.403: [CMS-concurrent-reset: 0.001/0.001 secs] [Times: user=0.00 sys=0.00, real=0.00 secs] 
2018-03-26T19:51:43.617+0530: 9906.404: [GC (CMS Initial Mark) [1 CMS-initial-mark: 347657K(349568K)] 356228K(359360K), 0.0054091 secs] [Times: user=0.00 sys=0.00, real=0.00 secs] 
2018-03-26T19:51:43.622+0530: 9906.409: [CMS-concurrent-mark-start]
2018-03-26T19:51:44.619+0530: 9907.406: [CMS-concurrent-mark: 0.996/0.996 secs] [Times: user=1.00 sys=0.00, real=1.00 secs] 
2018-03-26T19:51:44.619+0530: 9907.406: [CMS-concurrent-preclean-start]
2018-03-26T19:51:44.620+0530: 9907.407: [CMS-concurrent-preclean: 0.001/0.001 secs] [Times: user=0.00 sys=0.00, real=0.00 secs] 
2018-03-26T19:51:44.620+0530: 9907.407: [CMS-concurrent-abortable-preclean-start]
2018-03-26T19:51:44.620+0530: 9907.407: [CMS-concurrent-abortable-preclean: 0.000/0.000 secs] [Times: user=0.00 sys=0.00, real=0.00 secs] 
2018-03-26T19:51:44.621+0530: 9907.407: [GC (CMS Final Remark) [YG occupancy: 8571 K (9792 K)]2018-03-26T19:51:44.621+0530: 9907.407: [Rescan (parallel) , 0.0063898 secs]2018-03-26T19:51:44.627+0530: 9907.414: [weak refs processing, 0.0000331 secs]2018-03-26T19:51:44.627+0530: 9907.414: [class unloading, 0.0003350 secs]2018-03-26T19:51:44.627+0530: 9907.414: [scrub symbol table, 0.0005875 secs]2018-03-26T19:51:44.628+0530: 9907.415: [scrub string table, 0.0002095 secs][1 CMS-remark: 347657K(349568K)] 356228K(359360K), 0.0077463 secs] [Times: user=0.00 sys=0.00, real=0.01 secs] 
2018-03-26T19:51:44.629+0530: 9907.415: [CMS-concurrent-sweep-start]
2018-03-26T19:51:45.007+0530: 9907.793: [CMS-concurrent-sweep: 0.378/0.378 secs] [Times: user=0.39 sys=0.00, real=0.38 secs] 
2018-03-26T19:51:45.007+0530: 9907.794: [CMS-concurrent-reset-start]
2018-03-26T19:51:45.008+0530: 9907.794: [CMS-concurrent-reset: 0.001/0.001 secs] [Times: user=0.00 sys=0.00, real=0.00 secs] 
2018-03-26T19:51:47.007+0530: 9909.794: [GC (CMS Initial Mark) [1 CMS-initial-mark: 347657K(349568K)] 356228K(359360K), 0.0091232 secs] [Times: user=0.00 sys=0.00, real=0.01 secs] 
2018-03-26T19:51:47.016+0530: 9909.803: [CMS-concurrent-mark-start]
2018-03-26T19:51:48.159+0530: 9910.945: [CMS-concurrent-mark: 1.142/1.142 secs] [Times: user=1.13 sys=0.00, real=1.14 secs] 
2018-03-26T19:51:48.159+0530: 9910.945: [CMS-concurrent-preclean-start]
2018-03-26T19:51:48.160+0530: 9910.946: [CMS-concurrent-preclean: 0.001/0.001 secs] [Times: user=0.00 sys=0.00, real=0.00 secs] 
2018-03-26T19:51:48.160+0530: 9910.946: [CMS-concurrent-abortable-preclean-start]
2018-03-26T19:51:48.160+0530: 9910.946: [CMS-concurrent-abortable-preclean: 0.000/0.000 secs] [Times: user=0.00 sys=0.00, real=0.00 secs] 
2018-03-26T19:51:48.160+0530: 9910.947: [GC (CMS Final Remark) [YG occupancy: 8571 K (9792 K)]2018-03-26T19:51:48.160+0530: 9910.947: [Rescan (parallel) , 0.0073059 secs]2018-03-26T19:51:48.167+0530: 9910.954: [weak refs processing, 0.0000437 secs]2018-03-26T19:51:48.167+0530: 9910.954: [class unloading, 0.0004027 secs]2018-03-26T19:51:48.168+0530: 9910.955: [scrub symbol table, 0.0007532 secs]2018-03-26T19:51:48.169+0530: 9910.955: [scrub string table, 0.0004090 secs][1 CMS-remark: 347657K(349568K)] 356228K(359360K), 0.0091994 secs] [Times: user=0.06 sys=0.00, real=0.01 secs] 
2018-03-26T19:51:48.169+0530: 9910.956: [CMS-concurrent-sweep-start]
2018-03-26T19:51:48.547+0530: 9911.334: [CMS-concurrent-sweep: 0.377/0.377 secs] [Times: user=0.38 sys=0.00, real=0.38 secs] 
2018-03-26T19:51:48.547+0530: 9911.334: [CMS-concurrent-reset-start]
2018-03-26T19:51:48.548+0530: 9911.335: [CMS-concurrent-reset: 0.001/0.001 secs] [Times: user=0.00 sys=0.00, real=0.00 secs] 
2018-03-26T19:51:50.548+0530: 9913.334: [GC (CMS Initial Mark) [1 CMS-initial-mark: 347657K(349568K)] 356228K(359360K), 0.0068168 secs] [Times: user=0.06 sys=0.00, real=0.01 secs] 
2018-03-26T19:51:50.554+0530: 9913.341: [CMS-concurrent-mark-start]
2018-03-26T19:51:51.558+0530: 9914.345: [CMS-concurrent-mark: 1.004/1.004 secs] [Times: user=1.00 sys=0.00, real=1.01 secs] 
2018-03-26T19:51:51.559+0530: 9914.345: [CMS-concurrent-preclean-start]
2018-03-26T19:51:51.560+0530: 9914.346: [CMS-concurrent-preclean: 0.001/0.001 secs] [Times: user=0.00 sys=0.00, real=0.00 secs] 
2018-03-26T19:51:51.560+0530: 9914.347: [CMS-concurrent-abortable-preclean-start]
2018-03-26T19:51:51.560+0530: 9914.347: [CMS-concurrent-abortable-preclean: 0.000/0.000 secs] [Times: user=0.00 sys=0.00, real=0.00 secs] 
2018-03-26T19:51:51.560+0530: 9914.347: [GC (CMS Final Remark) [YG occupancy: 8571 K (9792 K)]2018-03-26T19:51:51.560+0530: 9914.347: [Rescan (parallel) , 0.0069695 secs]2018-03-26T19:51:51.567+0530: 9914.354: [weak refs processing, 0.0000353 secs]2018-03-26T19:51:51.567+0530: 9914.354: [class unloading, 0.0003808 secs]2018-03-26T19:51:51.568+0530: 9914.354: [scrub symbol table, 0.0012574 secs]2018-03-26T19:51:51.569+0530: 9914.356: [scrub string table, 0.0002200 secs][1 CMS-remark: 347657K(349568K)] 356228K(359360K), 0.0090587 secs] [Times: user=0.02 sys=0.00, real=0.01 secs] 
2018-03-26T19:51:51.570+0530: 9914.356: [CMS-concurrent-sweep-start]
2018-03-26T19:51:51.973+0530: 9914.760: [CMS-concurrent-sweep: 0.404/0.404 secs] [Times: user=0.39 sys=0.00, real=0.40 secs] 
2018-03-26T19:51:51.973+0530: 9914.760: [CMS-concurrent-reset-start]
2018-03-26T19:51:51.974+0530: 9914.761: [CMS-concurrent-reset: 0.001/0.001 secs] [Times: user=0.02 sys=0.00, real=0.00 secs] 
2018-03-26T19:51:53.973+0530: 9916.760: [GC (CMS Initial Mark) [1 CMS-initial-mark: 347657K(349568K)] 356228K(359360K), 0.0073894 secs] [Times: user=0.01 sys=0.02, real=0.01 secs] 
2018-03-26T19:51:53.981+0530: 9916.768: [CMS-concurrent-mark-start]
2018-03-26T19:51:55.327+0530: 9918.114: [CMS-concurrent-mark: 1.346/1.346 secs] [Times: user=1.33 sys=0.00, real=1.35 secs] 
2018-03-26T19:51:55.327+0530: 9918.114: [CMS-concurrent-preclean-start]
2018-03-26T19:51:55.328+0530: 9918.115: [CMS-concurrent-preclean: 0.001/0.001 secs] [Times: user=0.00 sys=0.00, real=0.00 secs] 
2018-03-26T19:51:55.328+0530: 9918.116: [CMS-concurrent-abortable-preclean-start]
2018-03-26T19:51:55.328+0530: 9918.116: [CMS-concurrent-abortable-preclean: 0.000/0.000 secs] [Times: user=0.00 sys=0.00, real=0.00 secs] 
2018-03-26T19:51:55.329+0530: 9918.116: [GC (CMS Final Remark) [YG occupancy: 8571 K (9792 K)]2018-03-26T19:51:55.329+0530: 9918.116: [Rescan (parallel) , 0.0080739 secs]2018-03-26T19:51:55.337+0530: 9918.124: [weak refs processing, 0.0000448 secs]2018-03-26T19:51:55.337+0530: 9918.124: [class unloading, 0.0006100 secs]2018-03-26T19:51:55.337+0530: 9918.125: [scrub symbol table, 0.0008075 secs]2018-03-26T19:51:55.338+0530: 9918.125: [scrub string table, 0.0002623 secs][1 CMS-remark: 347657K(349568K)] 356228K(359360K), 0.0100584 secs] [Times: user=0.06 sys=0.00, real=0.01 secs] 
2018-03-26T19:51:55.339+0530: 9918.126: [CMS-concurrent-sweep-start]
2018-03-26T19:51:55.847+0530: 9918.634: [CMS-concurrent-sweep: 0.508/0.508 secs] [Times: user=0.50 sys=0.00, real=0.51 secs] 
2018-03-26T19:51:55.848+0530: 9918.635: [CMS-concurrent-reset-start]
2018-03-26T19:51:55.849+0530: 9918.636: [CMS-concurrent-reset: 0.001/0.001 secs] [Times: user=0.02 sys=0.00, real=0.00 secs] 
2018-03-26T19:51:57.849+0530: 9920.635: [GC (CMS Initial Mark) [1 CMS-initial-mark: 347657K(349568K)] 356228K(359360K), 0.0094018 secs] [Times: user=0.03 sys=0.00, real=0.01 secs] 
2018-03-26T19:51:57.858+0530: 9920.645: [CMS-concurrent-mark-start]
2018-03-26T19:51:58.960+0530: 9921.747: [CMS-concurrent-mark: 1.102/1.102 secs] [Times: user=1.11 sys=0.00, real=1.10 secs] 
2018-03-26T19:51:58.961+0530: 9921.747: [CMS-concurrent-preclean-start]
2018-03-26T19:51:58.962+0530: 9921.749: [CMS-concurrent-preclean: 0.001/0.001 secs] [Times: user=0.00 sys=0.00, real=0.00 secs] 
2018-03-26T19:51:58.962+0530: 9921.749: [CMS-concurrent-abortable-preclean-start]
2018-03-26T19:51:58.962+0530: 9921.749: [CMS-concurrent-abortable-preclean: 0.000/0.000 secs] [Times: user=0.00 sys=0.00, real=0.00 secs] 
2018-03-26T19:51:58.962+0530: 9921.749: [GC (CMS Final Remark) [YG occupancy: 8571 K (9792 K)]2018-03-26T19:51:58.962+0530: 9921.749: [Rescan (parallel) , 0.0087054 secs]2018-03-26T19:51:58.971+0530: 9921.758: [weak refs processing, 0.0000628 secs]2018-03-26T19:51:58.971+0530: 9921.758: [class unloading, 0.0006139 secs]2018-03-26T19:51:58.971+0530: 9921.759: [scrub symbol table, 0.0007324 secs]2018-03-26T19:51:58.972+0530: 9921.759: [scrub string table, 0.0002380 secs][1 CMS-remark: 347657K(349568K)] 356228K(359360K), 0.0106339 secs] [Times: user=0.00 sys=0.00, real=0.01 secs] 
2018-03-26T19:51:58.973+0530: 9921.760: [CMS-concurrent-sweep-start]
2018-03-26T19:51:59.402+0530: 9922.188: [CMS-concurrent-sweep: 0.429/0.429 secs] [Times: user=0.44 sys=0.00, real=0.43 secs] 
2018-03-26T19:51:59.402+0530: 9922.189: [CMS-concurrent-reset-start]
2018-03-26T19:51:59.402+0530: 9922.189: [CMS-concurrent-reset: 0.001/0.001 secs] [Times: user=0.00 sys=0.00, real=0.00 secs] 
2018-03-26T19:52:01.402+0530: 9924.189: [GC (CMS Initial Mark) [1 CMS-initial-mark: 347657K(349568K)] 356228K(359360K), 0.0061637 secs] [Times: user=0.00 sys=0.00, real=0.01 secs] 
2018-03-26T19:52:01.409+0530: 9924.195: [CMS-concurrent-mark-start]
2018-03-26T19:52:02.251+0530: 9925.038: [CMS-concurrent-mark: 0.842/0.842 secs] [Times: user=0.83 sys=0.00, real=0.84 secs] 
2018-03-26T19:52:02.251+0530: 9925.038: [CMS-concurrent-preclean-start]
2018-03-26T19:52:02.252+0530: 9925.039: [CMS-concurrent-preclean: 0.001/0.001 secs] [Times: user=0.00 sys=0.00, real=0.00 secs] 
2018-03-26T19:52:02.252+0530: 9925.039: [CMS-concurrent-abortable-preclean-start]
2018-03-26T19:52:02.252+0530: 9925.039: [CMS-concurrent-abortable-preclean: 0.000/0.000 secs] [Times: user=0.00 sys=0.00, real=0.00 secs] 
2018-03-26T19:52:02.253+0530: 9925.039: [GC (CMS Final Remark) [YG occupancy: 8571 K (9792 K)]2018-03-26T19:52:02.253+0530: 9925.039: [Rescan (parallel) , 0.0072029 secs]2018-03-26T19:52:02.260+0530: 9925.047: [weak refs processing, 0.0000547 secs]2018-03-26T19:52:02.260+0530: 9925.047: [class unloading, 0.0003632 secs]2018-03-26T19:52:02.260+0530: 9925.047: [scrub symbol table, 0.0006361 secs]2018-03-26T19:52:02.261+0530: 9925.048: [scrub string table, 0.0002796 secs][1 CMS-remark: 347657K(349568K)] 356228K(359360K), 0.0087632 secs] [Times: user=0.06 sys=0.00, real=0.01 secs] 
2018-03-26T19:52:02.261+0530: 9925.048: [CMS-concurrent-sweep-start]
2018-03-26T19:52:02.754+0530: 9925.541: [CMS-concurrent-sweep: 0.493/0.493 secs] [Times: user=0.49 sys=0.00, real=0.49 secs] 
2018-03-26T19:52:02.754+0530: 9925.541: [CMS-concurrent-reset-start]
2018-03-26T19:52:02.756+0530: 9925.543: [CMS-concurrent-reset: 0.001/0.001 secs] [Times: user=0.01 sys=0.00, real=0.00 secs] 
2018-03-26T19:52:04.755+0530: 9927.542: [GC (CMS Initial Mark) [1 CMS-initial-mark: 347657K(349568K)] 356228K(359360K), 0.0073253 secs] [Times: user=0.00 sys=0.00, real=0.01 secs] 
2018-03-26T19:52:04.762+0530: 9927.549: [CMS-concurrent-mark-start]
2018-03-26T19:52:05.964+0530: 9928.751: [CMS-concurrent-mark: 1.201/1.201 secs] [Times: user=1.19 sys=0.00, real=1.20 secs] 
2018-03-26T19:52:05.964+0530: 9928.751: [CMS-concurrent-preclean-start]
2018-03-26T19:52:05.965+0530: 9928.752: [CMS-concurrent-preclean: 0.001/0.001 secs] [Times: user=0.00 sys=0.00, real=0.00 secs] 
2018-03-26T19:52:05.965+0530: 9928.752: [CMS-concurrent-abortable-preclean-start]
2018-03-26T19:52:05.965+0530: 9928.752: [CMS-concurrent-abortable-preclean: 0.000/0.000 secs] [Times: user=0.00 sys=0.00, real=0.00 secs] 
2018-03-26T19:52:05.966+0530: 9928.752: [GC (CMS Final Remark) [YG occupancy: 8571 K (9792 K)]2018-03-26T19:52:05.966+0530: 9928.752: [Rescan (parallel) , 0.0085954 secs]2018-03-26T19:52:05.974+0530: 9928.761: [weak refs processing, 0.0000532 secs]2018-03-26T19:52:05.974+0530: 9928.761: [class unloading, 0.0004489 secs]2018-03-26T19:52:05.975+0530: 9928.761: [scrub symbol table, 0.0011524 secs]2018-03-26T19:52:05.976+0530: 9928.763: [scrub string table, 0.0003223 secs][1 CMS-remark: 347657K(349568K)] 356228K(359360K), 0.0109156 secs] [Times: user=0.06 sys=0.00, real=0.01 secs] 
2018-03-26T19:52:05.976+0530: 9928.763: [CMS-concurrent-sweep-start]
2018-03-26T19:52:06.626+0530: 9929.413: [CMS-concurrent-sweep: 0.650/0.650 secs] [Times: user=0.61 sys=0.00, real=0.65 secs] 
2018-03-26T19:52:06.626+0530: 9929.414: [CMS-concurrent-reset-start]
2018-03-26T19:52:06.628+0530: 9929.415: [CMS-concurrent-reset: 0.001/0.001 secs] [Times: user=0.00 sys=0.00, real=0.00 secs] 
2018-03-26T19:52:08.628+0530: 9931.415: [GC (CMS Initial Mark) [1 CMS-initial-mark: 347657K(349568K)] 356228K(359360K), 0.0071172 secs] [Times: user=0.06 sys=0.00, real=0.01 secs] 
2018-03-26T19:52:08.635+0530: 9931.422: [CMS-concurrent-mark-start]
2018-03-26T19:52:10.350+0530: 9933.137: [CMS-concurrent-mark: 1.715/1.715 secs] [Times: user=1.67 sys=0.00, real=1.71 secs] 
2018-03-26T19:52:10.350+0530: 9933.137: [CMS-concurrent-preclean-start]
2018-03-26T19:52:10.352+0530: 9933.140: [CMS-concurrent-preclean: 0.002/0.002 secs] [Times: user=0.00 sys=0.00, real=0.00 secs] 
2018-03-26T19:52:10.352+0530: 9933.140: [CMS-concurrent-abortable-preclean-start]
2018-03-26T19:52:10.352+0530: 9933.140: [CMS-concurrent-abortable-preclean: 0.000/0.000 secs] [Times: user=0.00 sys=0.00, real=0.00 secs] 
2018-03-26T19:52:10.353+0530: 9933.140: [GC (CMS Final Remark) [YG occupancy: 8571 K (9792 K)]2018-03-26T19:52:10.353+0530: 9933.140: [Rescan (parallel) , 0.0101881 secs]2018-03-26T19:52:10.363+0530: 9933.150: [weak refs processing, 0.0000501 secs]2018-03-26T19:52:10.363+0530: 9933.150: [class unloading, 0.0004612 secs]2018-03-26T19:52:10.363+0530: 9933.151: [scrub symbol table, 0.0008960 secs]2018-03-26T19:52:10.364+0530: 9933.152: [scrub string table, 0.0004231 secs][1 CMS-remark: 347657K(349568K)] 356228K(359360K), 0.0123479 secs] [Times: user=0.02 sys=0.00, real=0.01 secs] 
2018-03-26T19:52:10.365+0530: 9933.153: [CMS-concurrent-sweep-start]
2018-03-26T19:52:11.013+0530: 9933.800: [CMS-concurrent-sweep: 0.647/0.647 secs] [Times: user=0.64 sys=0.00, real=0.65 secs] 
2018-03-26T19:52:11.013+0530: 9933.800: [CMS-concurrent-reset-start]
2018-03-26T19:52:11.014+0530: 9933.801: [CMS-concurrent-reset: 0.001/0.001 secs] [Times: user=0.00 sys=0.00, real=0.00 secs] 
2018-03-26T19:52:13.014+0530: 9935.801: [GC (CMS Initial Mark) [1 CMS-initial-mark: 347657K(349568K)] 356228K(359360K), 0.0093962 secs] [Times: user=0.05 sys=0.00, real=0.01 secs] 
2018-03-26T19:52:13.024+0530: 9935.811: [CMS-concurrent-mark-start]
2018-03-26T19:52:14.616+0530: 9937.403: [CMS-concurrent-mark: 1.592/1.592 secs] [Times: user=1.47 sys=0.01, real=1.59 secs] 
2018-03-26T19:52:14.616+0530: 9937.403: [CMS-concurrent-preclean-start]
2018-03-26T19:52:14.617+0530: 9937.404: [CMS-concurrent-preclean: 0.001/0.001 secs] [Times: user=0.00 sys=0.00, real=0.00 secs] 
2018-03-26T19:52:14.617+0530: 9937.404: [CMS-concurrent-abortable-preclean-start]
2018-03-26T19:52:14.617+0530: 9937.404: [CMS-concurrent-abortable-preclean: 0.000/0.000 secs] [Times: user=0.00 sys=0.00, real=0.00 secs] 
2018-03-26T19:52:14.618+0530: 9937.405: [GC (CMS Final Remark) [YG occupancy: 8571 K (9792 K)]2018-03-26T19:52:14.618+0530: 9937.405: [Rescan (parallel) , 0.0096116 secs]2018-03-26T19:52:14.628+0530: 9937.414: [weak refs processing, 0.0000504 secs]2018-03-26T19:52:14.628+0530: 9937.414: [class unloading, 0.0004781 secs]2018-03-26T19:52:14.628+0530: 9937.415: [scrub symbol table, 0.0008787 secs]2018-03-26T19:52:14.629+0530: 9937.416: [scrub string table, 0.0002958 secs][1 CMS-remark: 347657K(349568K)] 356228K(359360K), 0.0116170 secs] [Times: user=0.00 sys=0.00, real=0.01 secs] 
2018-03-26T19:52:14.630+0530: 9937.416: [CMS-concurrent-sweep-start]
2018-03-26T19:52:15.159+0530: 9937.945: [CMS-concurrent-sweep: 0.529/0.529 secs] [Times: user=0.52 sys=0.00, real=0.53 secs] 
2018-03-26T19:52:15.159+0530: 9937.946: [CMS-concurrent-reset-start]
2018-03-26T19:52:15.160+0530: 9937.947: [CMS-concurrent-reset: 0.001/0.001 secs] [Times: user=0.00 sys=0.00, real=0.00 secs] 
2018-03-26T19:52:17.160+0530: 9939.946: [GC (CMS Initial Mark) [1 CMS-initial-mark: 347657K(349568K)] 356228K(359360K), 0.0076729 secs] [Times: user=0.06 sys=0.00, real=0.01 secs] 
2018-03-26T19:52:17.167+0530: 9939.954: [CMS-concurrent-mark-start]
2018-03-26T19:52:18.228+0530: 9941.015: [CMS-concurrent-mark: 1.061/1.061 secs] [Times: user=1.05 sys=0.00, real=1.06 secs] 
2018-03-26T19:52:18.228+0530: 9941.015: [CMS-concurrent-preclean-start]
2018-03-26T19:52:18.229+0530: 9941.016: [CMS-concurrent-preclean: 0.001/0.001 secs] [Times: user=0.00 sys=0.00, real=0.00 secs] 
2018-03-26T19:52:18.229+0530: 9941.016: [CMS-concurrent-abortable-preclean-start]
2018-03-26T19:52:18.229+0530: 9941.016: [CMS-concurrent-abortable-preclean: 0.000/0.000 secs] [Times: user=0.00 sys=0.00, real=0.00 secs] 
2018-03-26T19:52:18.230+0530: 9941.017: [GC (CMS Final Remark) [YG occupancy: 8571 K (9792 K)]2018-03-26T19:52:18.230+0530: 9941.017: [Rescan (parallel) , 0.0086271 secs]2018-03-26T19:52:18.238+0530: 9941.026: [weak refs processing, 0.0002440 secs]2018-03-26T19:52:18.238+0530: 9941.026: [class unloading, 0.0013978 secs]2018-03-26T19:52:18.240+0530: 9941.028: [scrub symbol table, 0.0014126 secs]2018-03-26T19:52:18.241+0530: 9941.029: [scrub string table, 0.0002740 secs][1 CMS-remark: 347657K(349568K)] 356228K(359360K), 0.0124943 secs] [Times: user=0.02 sys=0.00, real=0.01 secs] 
2018-03-26T19:52:18.242+0530: 9941.030: [CMS-concurrent-sweep-start]
2018-03-26T19:52:18.648+0530: 9941.435: [CMS-concurrent-sweep: 0.405/0.405 secs] [Times: user=0.41 sys=0.00, real=0.41 secs] 
2018-03-26T19:52:18.648+0530: 9941.435: [CMS-concurrent-reset-start]
2018-03-26T19:52:18.649+0530: 9941.435: [CMS-concurrent-reset: 0.001/0.001 secs] [Times: user=0.00 sys=0.00, real=0.00 secs] 
2018-03-26T19:52:20.649+0530: 9943.435: [GC (CMS Initial Mark) [1 CMS-initial-mark: 347657K(349568K)] 356228K(359360K), 0.0061115 secs] [Times: user=0.00 sys=0.00, real=0.01 secs] 
2018-03-26T19:52:20.655+0530: 9943.442: [CMS-concurrent-mark-start]
2018-03-26T19:52:21.664+0530: 9944.451: [CMS-concurrent-mark: 1.010/1.010 secs] [Times: user=0.95 sys=0.00, real=1.01 secs] 
2018-03-26T19:52:21.664+0530: 9944.451: [CMS-concurrent-preclean-start]
2018-03-26T19:52:21.666+0530: 9944.453: [CMS-concurrent-preclean: 0.002/0.002 secs] [Times: user=0.00 sys=0.00, real=0.00 secs] 
2018-03-26T19:52:21.666+0530: 9944.453: [CMS-concurrent-abortable-preclean-start]
2018-03-26T19:52:21.666+0530: 9944.453: [CMS-concurrent-abortable-preclean: 0.000/0.000 secs] [Times: user=0.00 sys=0.00, real=0.00 secs] 
2018-03-26T19:52:21.666+0530: 9944.454: [GC (CMS Final Remark) [YG occupancy: 8571 K (9792 K)]2018-03-26T19:52:21.666+0530: 9944.454: [Rescan (parallel) , 0.0114569 secs]2018-03-26T19:52:21.678+0530: 9944.465: [weak refs processing, 0.0001449 secs]2018-03-26T19:52:21.678+0530: 9944.465: [class unloading, 0.0006541 secs]2018-03-26T19:52:21.679+0530: 9944.466: [scrub symbol table, 0.0011548 secs]2018-03-26T19:52:21.680+0530: 9944.467: [scrub string table, 0.0005571 secs][1 CMS-remark: 347657K(349568K)] 356228K(359360K), 0.0144238 secs] [Times: user=0.05 sys=0.00, real=0.02 secs] 
2018-03-26T19:52:21.681+0530: 9944.468: [CMS-concurrent-sweep-start]
2018-03-26T19:52:22.170+0530: 9944.957: [CMS-concurrent-sweep: 0.489/0.489 secs] [Times: user=0.48 sys=0.00, real=0.49 secs] 
2018-03-26T19:52:22.170+0530: 9944.957: [CMS-concurrent-reset-start]
2018-03-26T19:52:22.171+0530: 9944.958: [CMS-concurrent-reset: 0.001/0.001 secs] [Times: user=0.00 sys=0.00, real=0.00 secs] 
2018-03-26T19:52:24.172+0530: 9946.958: [GC (CMS Initial Mark) [1 CMS-initial-mark: 347657K(349568K)] 356228K(359360K), 0.0062558 secs] [Times: user=0.06 sys=0.00, real=0.01 secs] 
2018-03-26T19:52:24.178+0530: 9946.965: [CMS-concurrent-mark-start]
2018-03-26T19:52:25.495+0530: 9948.283: [CMS-concurrent-mark: 1.318/1.318 secs] [Times: user=1.30 sys=0.00, real=1.32 secs] 
2018-03-26T19:52:25.495+0530: 9948.283: [CMS-concurrent-preclean-start]
2018-03-26T19:52:25.497+0530: 9948.285: [CMS-concurrent-preclean: 0.002/0.002 secs] [Times: user=0.00 sys=0.00, real=0.00 secs] 
2018-03-26T19:52:25.497+0530: 9948.285: [CMS-concurrent-abortable-preclean-start]
2018-03-26T19:52:25.497+0530: 9948.285: [CMS-concurrent-abortable-preclean: 0.000/0.000 secs] [Times: user=0.00 sys=0.00, real=0.00 secs] 
2018-03-26T19:52:25.498+0530: 9948.285: [GC (CMS Final Remark) [YG occupancy: 8571 K (9792 K)]2018-03-26T19:52:25.498+0530: 9948.285: [Rescan (parallel) , 0.0089438 secs]2018-03-26T19:52:25.507+0530: 9948.294: [weak refs processing, 0.0000769 secs]2018-03-26T19:52:25.507+0530: 9948.294: [class unloading, 0.0004203 secs]2018-03-26T19:52:25.507+0530: 9948.295: [scrub symbol table, 0.0008463 secs]2018-03-26T19:52:25.508+0530: 9948.296: [scrub string table, 0.0003142 secs][1 CMS-remark: 347657K(349568K)] 356228K(359360K), 0.0109657 secs] [Times: user=0.06 sys=0.00, real=0.01 secs] 
2018-03-26T19:52:25.509+0530: 9948.296: [CMS-concurrent-sweep-start]
2018-03-26T19:52:26.163+0530: 9948.950: [CMS-concurrent-sweep: 0.654/0.654 secs] [Times: user=0.66 sys=0.00, real=0.65 secs] 
2018-03-26T19:52:26.163+0530: 9948.950: [CMS-concurrent-reset-start]
2018-03-26T19:52:26.164+0530: 9948.951: [CMS-concurrent-reset: 0.001/0.001 secs] [Times: user=0.00 sys=0.00, real=0.00 secs] 
2018-03-26T19:52:28.164+0530: 9950.951: [GC (CMS Initial Mark) [1 CMS-initial-mark: 347657K(349568K)] 356228K(359360K), 0.0061831 secs] [Times: user=0.00 sys=0.00, real=0.01 secs] 
2018-03-26T19:52:28.171+0530: 9950.957: [CMS-concurrent-mark-start]
2018-03-26T19:52:29.087+0530: 9951.874: [CMS-concurrent-mark: 0.916/0.916 secs] [Times: user=0.92 sys=0.00, real=0.92 secs] 
2018-03-26T19:52:29.087+0530: 9951.874: [CMS-concurrent-preclean-start]
2018-03-26T19:52:29.088+0530: 9951.875: [CMS-concurrent-preclean: 0.001/0.001 secs] [Times: user=0.00 sys=0.00, real=0.00 secs] 
2018-03-26T19:52:29.088+0530: 9951.875: [CMS-concurrent-abortable-preclean-start]
2018-03-26T19:52:29.088+0530: 9951.875: [CMS-concurrent-abortable-preclean: 0.000/0.000 secs] [Times: user=0.00 sys=0.00, real=0.00 secs] 
2018-03-26T19:52:29.088+0530: 9951.875: [GC (CMS Final Remark) [YG occupancy: 8571 K (9792 K)]2018-03-26T19:52:29.089+0530: 9951.875: [Rescan (parallel) , 0.0082142 secs]2018-03-26T19:52:29.097+0530: 9951.884: [weak refs processing, 0.0000769 secs]2018-03-26T19:52:29.097+0530: 9951.884: [class unloading, 0.0005839 secs]2018-03-26T19:52:29.098+0530: 9951.884: [scrub symbol table, 0.0007278 secs]2018-03-26T19:52:29.098+0530: 9951.885: [scrub string table, 0.0002486 secs][1 CMS-remark: 347657K(349568K)] 356228K(359360K), 0.0101427 secs] [Times: user=0.02 sys=0.00, real=0.01 secs] 
2018-03-26T19:52:29.099+0530: 9951.886: [CMS-concurrent-sweep-start]
2018-03-26T19:52:29.471+0530: 9952.258: [CMS-concurrent-sweep: 0.373/0.373 secs] [Times: user=0.34 sys=0.00, real=0.37 secs] 
2018-03-26T19:52:29.471+0530: 9952.258: [CMS-concurrent-reset-start]
2018-03-26T19:52:29.472+0530: 9952.259: [CMS-concurrent-reset: 0.001/0.001 secs] [Times: user=0.00 sys=0.00, real=0.00 secs] 
2018-03-26T19:52:31.472+0530: 9954.259: [GC (CMS Initial Mark) [1 CMS-initial-mark: 347657K(349568K)] 356228K(359360K), 0.0072727 secs] [Times: user=0.05 sys=0.00, real=0.01 secs] 
2018-03-26T19:52:31.479+0530: 9954.267: [CMS-concurrent-mark-start]
2018-03-26T19:52:32.614+0530: 9955.401: [CMS-concurrent-mark: 1.134/1.134 secs] [Times: user=1.11 sys=0.00, real=1.13 secs] 
2018-03-26T19:52:32.614+0530: 9955.401: [CMS-concurrent-preclean-start]
2018-03-26T19:52:32.615+0530: 9955.402: [CMS-concurrent-preclean: 0.001/0.001 secs] [Times: user=0.02 sys=0.00, real=0.00 secs] 
2018-03-26T19:52:32.615+0530: 9955.402: [CMS-concurrent-abortable-preclean-start]
2018-03-26T19:52:32.615+0530: 9955.402: [CMS-concurrent-abortable-preclean: 0.000/0.000 secs] [Times: user=0.00 sys=0.00, real=0.00 secs] 
2018-03-26T19:52:32.616+0530: 9955.402: [GC (CMS Final Remark) [YG occupancy: 8571 K (9792 K)]2018-03-26T19:52:32.616+0530: 9955.402: [Rescan (parallel) , 0.0064042 secs]2018-03-26T19:52:32.622+0530: 9955.409: [weak refs processing, 0.0000310 secs]2018-03-26T19:52:32.622+0530: 9955.409: [class unloading, 0.0003413 secs]2018-03-26T19:52:32.622+0530: 9955.409: [scrub symbol table, 0.0006252 secs]2018-03-26T19:52:32.623+0530: 9955.410: [scrub string table, 0.0001985 secs][1 CMS-remark: 347657K(349568K)] 356228K(359360K), 0.0077964 secs] [Times: user=0.00 sys=0.00, real=0.01 secs] 
2018-03-26T19:52:32.624+0530: 9955.410: [CMS-concurrent-sweep-start]
2018-03-26T19:52:32.964+0530: 9955.751: [CMS-concurrent-sweep: 0.341/0.341 secs] [Times: user=0.34 sys=0.00, real=0.34 secs] 
2018-03-26T19:52:32.964+0530: 9955.751: [CMS-concurrent-reset-start]
2018-03-26T19:52:32.965+0530: 9955.752: [CMS-concurrent-reset: 0.001/0.001 secs] [Times: user=0.00 sys=0.00, real=0.00 secs] 
2018-03-26T19:52:34.965+0530: 9957.752: [GC (CMS Initial Mark) [1 CMS-initial-mark: 347657K(349568K)] 356228K(359360K), 0.0060742 secs] [Times: user=0.00 sys=0.00, real=0.01 secs] 
2018-03-26T19:52:34.972+0530: 9957.758: [CMS-concurrent-mark-start]
2018-03-26T19:52:35.860+0530: 9958.647: [CMS-concurrent-mark: 0.889/0.889 secs] [Times: user=0.89 sys=0.00, real=0.89 secs] 
2018-03-26T19:52:35.860+0530: 9958.647: [CMS-concurrent-preclean-start]
2018-03-26T19:52:35.861+0530: 9958.648: [CMS-concurrent-preclean: 0.001/0.001 secs] [Times: user=0.00 sys=0.00, real=0.00 secs] 
2018-03-26T19:52:35.861+0530: 9958.648: [CMS-concurrent-abortable-preclean-start]
2018-03-26T19:52:35.861+0530: 9958.648: [CMS-concurrent-abortable-preclean: 0.000/0.000 secs] [Times: user=0.00 sys=0.00, real=0.00 secs] 
2018-03-26T19:52:35.862+0530: 9958.648: [GC (CMS Final Remark) [YG occupancy: 8571 K (9792 K)]2018-03-26T19:52:35.862+0530: 9958.648: [Rescan (parallel) , 0.0063062 secs]2018-03-26T19:52:35.868+0530: 9958.655: [weak refs processing, 0.0000324 secs]2018-03-26T19:52:35.868+0530: 9958.655: [class unloading, 0.0003353 secs]2018-03-26T19:52:35.869+0530: 9958.655: [scrub symbol table, 0.0006178 secs]2018-03-26T19:52:35.869+0530: 9958.656: [scrub string table, 0.0001975 secs][1 CMS-remark: 347657K(349568K)] 356228K(359360K), 0.0076881 secs] [Times: user=0.06 sys=0.00, real=0.01 secs] 
2018-03-26T19:52:35.870+0530: 9958.656: [CMS-concurrent-sweep-start]
2018-03-26T19:52:36.238+0530: 9959.025: [CMS-concurrent-sweep: 0.369/0.369 secs] [Times: user=0.36 sys=0.00, real=0.37 secs] 
2018-03-26T19:52:36.238+0530: 9959.025: [CMS-concurrent-reset-start]
2018-03-26T19:52:36.239+0530: 9959.026: [CMS-concurrent-reset: 0.001/0.001 secs] [Times: user=0.00 sys=0.02, real=0.00 secs] 
2018-03-26T19:52:38.240+0530: 9961.026: [GC (CMS Initial Mark) [1 CMS-initial-mark: 347657K(349568K)] 356228K(359360K), 0.0083979 secs] [Times: user=0.00 sys=0.00, real=0.01 secs] 
2018-03-26T19:52:38.248+0530: 9961.035: [CMS-concurrent-mark-start]
2018-03-26T19:52:39.132+0530: 9961.919: [CMS-concurrent-mark: 0.884/0.884 secs] [Times: user=0.89 sys=0.00, real=0.88 secs] 
2018-03-26T19:52:39.132+0530: 9961.919: [CMS-concurrent-preclean-start]
2018-03-26T19:52:39.134+0530: 9961.921: [CMS-concurrent-preclean: 0.002/0.002 secs] [Times: user=0.00 sys=0.00, real=0.00 secs] 
2018-03-26T19:52:39.134+0530: 9961.921: [CMS-concurrent-abortable-preclean-start]
2018-03-26T19:52:39.134+0530: 9961.921: [CMS-concurrent-abortable-preclean: 0.000/0.000 secs] [Times: user=0.00 sys=0.00, real=0.00 secs] 
2018-03-26T19:52:39.134+0530: 9961.921: [GC (CMS Final Remark) [YG occupancy: 8571 K (9792 K)]2018-03-26T19:52:39.134+0530: 9961.921: [Rescan (parallel) , 0.0091959 secs]2018-03-26T19:52:39.143+0530: 9961.930: [weak refs processing, 0.0000536 secs]2018-03-26T19:52:39.143+0530: 9961.930: [class unloading, 0.0005441 secs]2018-03-26T19:52:39.144+0530: 9961.931: [scrub symbol table, 0.0010335 secs]2018-03-26T19:52:39.145+0530: 9961.932: [scrub string table, 0.0004267 secs][1 CMS-remark: 347657K(349568K)] 356228K(359360K), 0.0116392 secs] [Times: user=0.00 sys=0.02, real=0.01 secs] 
2018-03-26T19:52:39.146+0530: 9961.933: [CMS-concurrent-sweep-start]
2018-03-26T19:52:39.774+0530: 9962.561: [CMS-concurrent-sweep: 0.628/0.628 secs] [Times: user=0.61 sys=0.00, real=0.63 secs] 
2018-03-26T19:52:39.774+0530: 9962.561: [CMS-concurrent-reset-start]
2018-03-26T19:52:39.776+0530: 9962.562: [CMS-concurrent-reset: 0.001/0.001 secs] [Times: user=0.00 sys=0.00, real=0.00 secs] 
2018-03-26T19:52:41.776+0530: 9964.563: [GC (CMS Initial Mark) [1 CMS-initial-mark: 347657K(349568K)] 356228K(359360K), 0.0071856 secs] [Times: user=0.00 sys=0.00, real=0.01 secs] 
2018-03-26T19:52:41.783+0530: 9964.570: [CMS-concurrent-mark-start]
2018-03-26T19:52:42.816+0530: 9965.603: [CMS-concurrent-mark: 1.033/1.033 secs] [Times: user=1.03 sys=0.00, real=1.03 secs] 
2018-03-26T19:52:42.816+0530: 9965.604: [CMS-concurrent-preclean-start]
2018-03-26T19:52:42.817+0530: 9965.605: [CMS-concurrent-preclean: 0.001/0.001 secs] [Times: user=0.02 sys=0.00, real=0.00 secs] 
2018-03-26T19:52:42.817+0530: 9965.605: [CMS-concurrent-abortable-preclean-start]
2018-03-26T19:52:42.817+0530: 9965.605: [CMS-concurrent-abortable-preclean: 0.000/0.000 secs] [Times: user=0.00 sys=0.00, real=0.00 secs] 
2018-03-26T19:52:42.817+0530: 9965.605: [GC (CMS Final Remark) [YG occupancy: 8571 K (9792 K)]2018-03-26T19:52:42.818+0530: 9965.605: [Rescan (parallel) , 0.0079035 secs]2018-03-26T19:52:42.826+0530: 9965.613: [weak refs processing, 0.0000532 secs]2018-03-26T19:52:42.826+0530: 9965.613: [class unloading, 0.0004478 secs]2018-03-26T19:52:42.827+0530: 9965.614: [scrub symbol table, 0.0008971 secs]2018-03-26T19:52:42.828+0530: 9965.614: [scrub string table, 0.0003092 secs][1 CMS-remark: 347657K(349568K)] 356228K(359360K), 0.0099113 secs] [Times: user=0.00 sys=0.00, real=0.01 secs] 
2018-03-26T19:52:42.828+0530: 9965.615: [CMS-concurrent-sweep-start]
2018-03-26T19:52:43.216+0530: 9966.003: [CMS-concurrent-sweep: 0.388/0.388 secs] [Times: user=0.39 sys=0.00, real=0.39 secs] 
2018-03-26T19:52:43.216+0530: 9966.003: [CMS-concurrent-reset-start]
2018-03-26T19:52:43.217+0530: 9966.004: [CMS-concurrent-reset: 0.001/0.001 secs] [Times: user=0.00 sys=0.00, real=0.00 secs] 
2018-03-26T19:52:44.870+0530: 9967.656: [GC (Allocation Failure) 2018-03-26T19:52:44.870+0530: 9967.656: [ParNew: 9790K->9790K(9792K), 0.0000624 secs]2018-03-26T19:52:44.870+0530: 9967.656: [CMS: 347657K->349567K(349568K), 2.2582310 secs] 357447K->353644K(359360K), [Metaspace: 2605K->2605K(1056768K)], 2.2676356 secs] [Times: user=2.19 sys=0.06, real=2.27 secs] 
2018-03-26T19:52:47.138+0530: 9969.924: [GC (CMS Initial Mark) [1 CMS-initial-mark: 349567K(349568K)] 356439K(506816K), 0.0059359 secs] [Times: user=0.00 sys=0.00, real=0.01 secs] 
2018-03-26T19:52:47.144+0530: 9969.930: [CMS-concurrent-mark-start]
2018-03-26T19:52:47.919+0530: 9970.706: [CMS-concurrent-mark: 0.775/0.775 secs] [Times: user=0.78 sys=0.00, real=0.77 secs] 
2018-03-26T19:52:47.919+0530: 9970.706: [CMS-concurrent-preclean-start]
2018-03-26T19:52:48.602+0530: 9971.389: [CMS-concurrent-preclean: 0.683/0.683 secs] [Times: user=0.69 sys=0.00, real=0.68 secs] 
2018-03-26T19:52:48.602+0530: 9971.389: [CMS-concurrent-abortable-preclean-start]
2018-03-26T19:52:48.602+0530: 9971.389: [CMS-concurrent-abortable-preclean: 0.000/0.000 secs] [Times: user=0.00 sys=0.00, real=0.00 secs] 
2018-03-26T19:52:48.602+0530: 9971.389: [GC (CMS Final Remark) [YG occupancy: 12461 K (157248 K)]2018-03-26T19:52:48.602+0530: 9971.389: [Rescan (parallel) , 0.0089353 secs]2018-03-26T19:52:48.611+0530: 9971.398: [weak refs processing, 0.0000314 secs]2018-03-26T19:52:48.611+0530: 9971.398: [class unloading, 0.0003487 secs]2018-03-26T19:52:48.612+0530: 9971.398: [scrub symbol table, 0.0006178 secs]2018-03-26T19:52:48.612+0530: 9971.399: [scrub string table, 0.0002468 secs][1 CMS-remark: 349567K(349568K)] 362029K(506816K), 0.0103602 secs] [Times: user=0.00 sys=0.00, real=0.01 secs] 
2018-03-26T19:52:48.613+0530: 9971.400: [CMS-concurrent-sweep-start]
2018-03-26T19:52:48.949+0530: 9971.736: [CMS-concurrent-sweep: 0.336/0.336 secs] [Times: user=0.34 sys=0.00, real=0.34 secs] 
2018-03-26T19:52:48.949+0530: 9971.736: [CMS-concurrent-reset-start]
2018-03-26T19:52:48.950+0530: 9971.736: [CMS-concurrent-reset: 0.001/0.001 secs] [Times: user=0.00 sys=0.00, real=0.00 secs] 
2018-03-26T19:52:50.950+0530: 9973.737: [GC (CMS Initial Mark) [1 CMS-initial-mark: 349567K(349568K)] 362029K(506816K), 0.0100242 secs] [Times: user=0.02 sys=0.00, real=0.01 secs] 
2018-03-26T19:52:50.960+0530: 9973.747: [CMS-concurrent-mark-start]
2018-03-26T19:52:51.838+0530: 9974.625: [CMS-concurrent-mark: 0.878/0.878 secs] [Times: user=0.88 sys=0.00, real=0.88 secs] 
2018-03-26T19:52:51.838+0530: 9974.625: [CMS-concurrent-preclean-start]
2018-03-26T19:52:51.839+0530: 9974.626: [CMS-concurrent-preclean: 0.001/0.001 secs] [Times: user=0.00 sys=0.00, real=0.00 secs] 
2018-03-26T19:52:51.839+0530: 9974.626: [CMS-concurrent-abortable-preclean-start]
2018-03-26T19:52:51.839+0530: 9974.626: [CMS-concurrent-abortable-preclean: 0.000/0.000 secs] [Times: user=0.00 sys=0.00, real=0.00 secs] 
2018-03-26T19:52:51.840+0530: 9974.627: [GC (CMS Final Remark) [YG occupancy: 12461 K (157248 K)]2018-03-26T19:52:51.840+0530: 9974.627: [Rescan (parallel) , 0.0105009 secs]2018-03-26T19:52:51.850+0530: 9974.637: [weak refs processing, 0.0000776 secs]2018-03-26T19:52:51.851+0530: 9974.637: [class unloading, 0.0005258 secs]2018-03-26T19:52:51.851+0530: 9974.638: [scrub symbol table, 0.0007140 secs]2018-03-26T19:52:51.852+0530: 9974.639: [scrub string table, 0.0002542 secs][1 CMS-remark: 349567K(349568K)] 362029K(506816K), 0.0123373 secs] [Times: user=0.06 sys=0.00, real=0.01 secs] 
2018-03-26T19:52:51.853+0530: 9974.639: [CMS-concurrent-sweep-start]
2018-03-26T19:52:52.205+0530: 9974.992: [CMS-concurrent-sweep: 0.352/0.352 secs] [Times: user=0.34 sys=0.00, real=0.35 secs] 
2018-03-26T19:52:52.205+0530: 9974.992: [CMS-concurrent-reset-start]
2018-03-26T19:52:52.206+0530: 9974.992: [CMS-concurrent-reset: 0.001/0.001 secs] [Times: user=0.00 sys=0.00, real=0.00 secs] 
2018-03-26T19:52:54.206+0530: 9976.992: [GC (CMS Initial Mark) [1 CMS-initial-mark: 349567K(349568K)] 362029K(506816K), 0.0101233 secs] [Times: user=0.06 sys=0.00, real=0.01 secs] 
2018-03-26T19:52:54.216+0530: 9977.003: [CMS-concurrent-mark-start]
2018-03-26T19:52:55.056+0530: 9977.843: [CMS-concurrent-mark: 0.840/0.840 secs] [Times: user=0.84 sys=0.00, real=0.84 secs] 
2018-03-26T19:52:55.056+0530: 9977.843: [CMS-concurrent-preclean-start]
2018-03-26T19:52:55.057+0530: 9977.844: [CMS-concurrent-preclean: 0.001/0.001 secs] [Times: user=0.00 sys=0.00, real=0.00 secs] 
2018-03-26T19:52:55.057+0530: 9977.844: [CMS-concurrent-abortable-preclean-start]
2018-03-26T19:52:55.057+0530: 9977.844: [CMS-concurrent-abortable-preclean: 0.000/0.000 secs] [Times: user=0.00 sys=0.00, real=0.00 secs] 
2018-03-26T19:52:55.058+0530: 9977.844: [GC (CMS Final Remark) [YG occupancy: 12461 K (157248 K)]2018-03-26T19:52:55.058+0530: 9977.844: [Rescan (parallel) , 0.0105256 secs]2018-03-26T19:52:55.068+0530: 9977.855: [weak refs processing, 0.0000349 secs]2018-03-26T19:52:55.068+0530: 9977.855: [class unloading, 0.0003745 secs]2018-03-26T19:52:55.069+0530: 9977.855: [scrub symbol table, 0.0006291 secs]2018-03-26T19:52:55.069+0530: 9977.856: [scrub string table, 0.0002158 secs][1 CMS-remark: 349567K(349568K)] 362029K(506816K), 0.0119868 secs] [Times: user=0.06 sys=0.00, real=0.01 secs] 
2018-03-26T19:52:55.070+0530: 9977.856: [CMS-concurrent-sweep-start]
2018-03-26T19:52:55.558+0530: 9978.345: [CMS-concurrent-sweep: 0.489/0.489 secs] [Times: user=0.45 sys=0.00, real=0.49 secs] 
2018-03-26T19:52:55.558+0530: 9978.345: [CMS-concurrent-reset-start]
2018-03-26T19:52:55.559+0530: 9978.346: [CMS-concurrent-reset: 0.001/0.001 secs] [Times: user=0.00 sys=0.00, real=0.00 secs] 
2018-03-26T19:52:57.560+0530: 9980.347: [GC (CMS Initial Mark) [1 CMS-initial-mark: 349567K(349568K)] 362029K(506816K), 0.0102492 secs] [Times: user=0.03 sys=0.00, real=0.01 secs] 
2018-03-26T19:52:57.571+0530: 9980.357: [CMS-concurrent-mark-start]
2018-03-26T19:52:58.537+0530: 9981.323: [CMS-concurrent-mark: 0.966/0.966 secs] [Times: user=0.94 sys=0.02, real=0.97 secs] 
2018-03-26T19:52:58.537+0530: 9981.323: [CMS-concurrent-preclean-start]
2018-03-26T19:52:58.538+0530: 9981.325: [CMS-concurrent-preclean: 0.001/0.001 secs] [Times: user=0.00 sys=0.00, real=0.00 secs] 
2018-03-26T19:52:58.538+0530: 9981.325: [CMS-concurrent-abortable-preclean-start]
2018-03-26T19:52:58.538+0530: 9981.325: [CMS-concurrent-abortable-preclean: 0.000/0.000 secs] [Times: user=0.00 sys=0.00, real=0.00 secs] 
2018-03-26T19:52:58.538+0530: 9981.325: [GC (CMS Final Remark) [YG occupancy: 12461 K (157248 K)]2018-03-26T19:52:58.538+0530: 9981.325: [Rescan (parallel) , 0.0114724 secs]2018-03-26T19:52:58.550+0530: 9981.337: [weak refs processing, 0.0000434 secs]2018-03-26T19:52:58.550+0530: 9981.337: [class unloading, 0.0005134 secs]2018-03-26T19:52:58.550+0530: 9981.337: [scrub symbol table, 0.0007557 secs]2018-03-26T19:52:58.550+0530: 9981.338: [scrub string table, 0.0003544 secs][1 CMS-remark: 349567K(349568K)] 362029K(506816K), 0.0134054 secs] [Times: user=0.00 sys=0.00, real=0.01 secs] 
2018-03-26T19:52:58.551+0530: 9981.339: [CMS-concurrent-sweep-start]
2018-03-26T19:52:59.045+0530: 9981.832: [CMS-concurrent-sweep: 0.493/0.493 secs] [Times: user=0.50 sys=0.00, real=0.49 secs] 
2018-03-26T19:52:59.045+0530: 9981.832: [CMS-concurrent-reset-start]
2018-03-26T19:52:59.046+0530: 9981.833: [CMS-concurrent-reset: 0.001/0.001 secs] [Times: user=0.00 sys=0.00, real=0.00 secs] 
2018-03-26T19:53:01.046+0530: 9983.833: [GC (CMS Initial Mark) [1 CMS-initial-mark: 349567K(349568K)] 362029K(506816K), 0.0151361 secs] [Times: user=0.05 sys=0.00, real=0.02 secs] 
2018-03-26T19:53:01.061+0530: 9983.848: [CMS-concurrent-mark-start]
2018-03-26T19:53:01.962+0530: 9984.750: [CMS-concurrent-mark: 0.901/0.901 secs] [Times: user=0.91 sys=0.00, real=0.90 secs] 
2018-03-26T19:53:01.962+0530: 9984.750: [CMS-concurrent-preclean-start]
2018-03-26T19:53:01.963+0530: 9984.751: [CMS-concurrent-preclean: 0.001/0.001 secs] [Times: user=0.00 sys=0.00, real=0.00 secs] 
2018-03-26T19:53:01.963+0530: 9984.751: [CMS-concurrent-abortable-preclean-start]
2018-03-26T19:53:01.963+0530: 9984.751: [CMS-concurrent-abortable-preclean: 0.000/0.000 secs] [Times: user=0.00 sys=0.00, real=0.00 secs] 
2018-03-26T19:53:01.964+0530: 9984.751: [GC (CMS Final Remark) [YG occupancy: 12461 K (157248 K)]2018-03-26T19:53:01.964+0530: 9984.751: [Rescan (parallel) , 0.0119234 secs]2018-03-26T19:53:01.977+0530: 9984.763: [weak refs processing, 0.0000384 secs]2018-03-26T19:53:01.977+0530: 9984.763: [class unloading, 0.0003727 secs]2018-03-26T19:53:01.977+0530: 9984.764: [scrub symbol table, 0.0007680 secs]2018-03-26T19:53:01.978+0530: 9984.764: [scrub string table, 0.0003808 secs][1 CMS-remark: 349567K(349568K)] 362029K(506816K), 0.0137774 secs] [Times: user=0.06 sys=0.00, real=0.01 secs] 
2018-03-26T19:53:01.978+0530: 9984.765: [CMS-concurrent-sweep-start]
2018-03-26T19:53:02.383+0530: 9985.170: [CMS-concurrent-sweep: 0.405/0.405 secs] [Times: user=0.38 sys=0.00, real=0.40 secs] 
2018-03-26T19:53:02.383+0530: 9985.170: [CMS-concurrent-reset-start]
2018-03-26T19:53:02.383+0530: 9985.171: [CMS-concurrent-reset: 0.001/0.001 secs] [Times: user=0.00 sys=0.00, real=0.00 secs] 
2018-03-26T19:53:04.384+0530: 9987.171: [GC (CMS Initial Mark) [1 CMS-initial-mark: 349567K(349568K)] 362029K(506816K), 0.0088895 secs] [Times: user=0.00 sys=0.00, real=0.01 secs] 
2018-03-26T19:53:04.393+0530: 9987.180: [CMS-concurrent-mark-start]
2018-03-26T19:53:05.430+0530: 9988.217: [CMS-concurrent-mark: 1.038/1.038 secs] [Times: user=1.03 sys=0.00, real=1.04 secs] 
2018-03-26T19:53:05.430+0530: 9988.217: [CMS-concurrent-preclean-start]
2018-03-26T19:53:05.431+0530: 9988.219: [CMS-concurrent-preclean: 0.001/0.001 secs] [Times: user=0.00 sys=0.00, real=0.00 secs] 
2018-03-26T19:53:05.431+0530: 9988.219: [CMS-concurrent-abortable-preclean-start]
2018-03-26T19:53:05.431+0530: 9988.219: [CMS-concurrent-abortable-preclean: 0.000/0.000 secs] [Times: user=0.00 sys=0.00, real=0.00 secs] 
2018-03-26T19:53:05.432+0530: 9988.219: [GC (CMS Final Remark) [YG occupancy: 12461 K (157248 K)]2018-03-26T19:53:05.432+0530: 9988.219: [Rescan (parallel) , 0.0114142 secs]2018-03-26T19:53:05.444+0530: 9988.231: [weak refs processing, 0.0000398 secs]2018-03-26T19:53:05.444+0530: 9988.231: [class unloading, 0.0004087 secs]2018-03-26T19:53:05.444+0530: 9988.231: [scrub symbol table, 0.0007588 secs]2018-03-26T19:53:05.445+0530: 9988.232: [scrub string table, 0.0002370 secs][1 CMS-remark: 349567K(349568K)] 362029K(506816K), 0.0130824 secs] [Times: user=0.00 sys=0.00, real=0.01 secs] 
2018-03-26T19:53:05.446+0530: 9988.232: [CMS-concurrent-sweep-start]
2018-03-26T19:53:05.825+0530: 9988.611: [CMS-concurrent-sweep: 0.379/0.379 secs] [Times: user=0.38 sys=0.00, real=0.38 secs] 
2018-03-26T19:53:05.825+0530: 9988.611: [CMS-concurrent-reset-start]
2018-03-26T19:53:05.825+0530: 9988.612: [CMS-concurrent-reset: 0.001/0.001 secs] [Times: user=0.00 sys=0.00, real=0.00 secs] 
2018-03-26T19:53:07.825+0530: 9990.612: [GC (CMS Initial Mark) [1 CMS-initial-mark: 349567K(349568K)] 362029K(506816K), 0.0092706 secs] [Times: user=0.02 sys=0.00, real=0.01 secs] 
2018-03-26T19:53:07.834+0530: 9990.621: [CMS-concurrent-mark-start]
2018-03-26T19:53:09.414+0530: 9992.201: [CMS-concurrent-mark: 1.579/1.579 secs] [Times: user=1.52 sys=0.00, real=1.58 secs] 
2018-03-26T19:53:09.414+0530: 9992.201: [CMS-concurrent-preclean-start]
2018-03-26T19:53:09.416+0530: 9992.203: [CMS-concurrent-preclean: 0.002/0.002 secs] [Times: user=0.00 sys=0.00, real=0.00 secs] 
2018-03-26T19:53:09.416+0530: 9992.203: [CMS-concurrent-abortable-preclean-start]
2018-03-26T19:53:09.416+0530: 9992.203: [CMS-concurrent-abortable-preclean: 0.000/0.000 secs] [Times: user=0.00 sys=0.00, real=0.00 secs] 
2018-03-26T19:53:09.416+0530: 9992.203: [GC (CMS Final Remark) [YG occupancy: 12461 K (157248 K)]2018-03-26T19:53:09.417+0530: 9992.203: [Rescan (parallel) , 0.0242209 secs]2018-03-26T19:53:09.441+0530: 9992.228: [weak refs processing, 0.0000716 secs]2018-03-26T19:53:09.441+0530: 9992.228: [class unloading, 0.0006601 secs]2018-03-26T19:53:09.442+0530: 9992.229: [scrub symbol table, 0.0012959 secs]2018-03-26T19:53:09.443+0530: 9992.230: [scrub string table, 0.0005592 secs][1 CMS-remark: 349567K(349568K)] 362029K(506816K), 0.0271977 secs] [Times: user=0.05 sys=0.00, real=0.03 secs] 
2018-03-26T19:53:09.444+0530: 9992.231: [CMS-concurrent-sweep-start]
2018-03-26T19:53:09.947+0530: 9992.734: [CMS-concurrent-sweep: 0.503/0.503 secs] [Times: user=0.50 sys=0.00, real=0.50 secs] 
2018-03-26T19:53:09.947+0530: 9992.734: [CMS-concurrent-reset-start]
2018-03-26T19:53:09.948+0530: 9992.735: [CMS-concurrent-reset: 0.001/0.001 secs] [Times: user=0.00 sys=0.00, real=0.00 secs] 
2018-03-26T19:53:11.948+0530: 9994.735: [GC (CMS Initial Mark) [1 CMS-initial-mark: 349567K(349568K)] 362029K(506816K), 0.0106384 secs] [Times: user=0.01 sys=0.00, real=0.01 secs] 
2018-03-26T19:53:11.959+0530: 9994.746: [CMS-concurrent-mark-start]
2018-03-26T19:53:12.986+0530: 9995.773: [CMS-concurrent-mark: 1.027/1.027 secs] [Times: user=1.00 sys=0.00, real=1.03 secs] 
2018-03-26T19:53:12.986+0530: 9995.773: [CMS-concurrent-preclean-start]
2018-03-26T19:53:12.987+0530: 9995.774: [CMS-concurrent-preclean: 0.001/0.001 secs] [Times: user=0.00 sys=0.00, real=0.00 secs] 
2018-03-26T19:53:12.987+0530: 9995.774: [CMS-concurrent-abortable-preclean-start]
2018-03-26T19:53:12.987+0530: 9995.774: [CMS-concurrent-abortable-preclean: 0.000/0.000 secs] [Times: user=0.00 sys=0.00, real=0.00 secs] 
2018-03-26T19:53:12.988+0530: 9995.774: [GC (CMS Final Remark) [YG occupancy: 12461 K (157248 K)]2018-03-26T19:53:12.988+0530: 9995.775: [Rescan (parallel) , 0.0117682 secs]2018-03-26T19:53:13.000+0530: 9995.786: [weak refs processing, 0.0000420 secs]2018-03-26T19:53:13.000+0530: 9995.786: [class unloading, 0.0004263 secs]2018-03-26T19:53:13.000+0530: 9995.787: [scrub symbol table, 0.0008371 secs]2018-03-26T19:53:13.001+0530: 9995.788: [scrub string table, 0.0003519 secs][1 CMS-remark: 349567K(349568K)] 362029K(506816K), 0.0136889 secs] [Times: user=0.06 sys=0.00, real=0.01 secs] 
2018-03-26T19:53:13.002+0530: 9995.788: [CMS-concurrent-sweep-start]
2018-03-26T19:53:13.367+0530: 9996.154: [CMS-concurrent-sweep: 0.366/0.366 secs] [Times: user=0.38 sys=0.00, real=0.37 secs] 
2018-03-26T19:53:13.367+0530: 9996.154: [CMS-concurrent-reset-start]
2018-03-26T19:53:13.368+0530: 9996.155: [CMS-concurrent-reset: 0.001/0.001 secs] [Times: user=0.00 sys=0.00, real=0.00 secs] 
2018-03-26T19:53:15.369+0530: 9998.156: [GC (CMS Initial Mark) [1 CMS-initial-mark: 349567K(349568K)] 362029K(506816K), 0.0128328 secs] [Times: user=0.02 sys=0.00, real=0.01 secs] 
2018-03-26T19:53:15.382+0530: 9998.169: [CMS-concurrent-mark-start]
2018-03-26T19:53:16.298+0530: 9999.085: [CMS-concurrent-mark: 0.916/0.916 secs] [Times: user=0.91 sys=0.00, real=0.92 secs] 
2018-03-26T19:53:16.298+0530: 9999.085: [CMS-concurrent-preclean-start]
2018-03-26T19:53:16.299+0530: 9999.086: [CMS-concurrent-preclean: 0.001/0.001 secs] [Times: user=0.00 sys=0.00, real=0.00 secs] 
2018-03-26T19:53:16.299+0530: 9999.086: [CMS-concurrent-abortable-preclean-start]
2018-03-26T19:53:16.299+0530: 9999.086: [CMS-concurrent-abortable-preclean: 0.000/0.000 secs] [Times: user=0.00 sys=0.00, real=0.00 secs] 
2018-03-26T19:53:16.299+0530: 9999.086: [GC (CMS Final Remark) [YG occupancy: 12461 K (157248 K)]2018-03-26T19:53:16.299+0530: 9999.086: [Rescan (parallel) , 0.0093313 secs]2018-03-26T19:53:16.309+0530: 9999.095: [weak refs processing, 0.0000324 secs]2018-03-26T19:53:16.309+0530: 9999.096: [class unloading, 0.0003332 secs]2018-03-26T19:53:16.309+0530: 9999.096: [scrub symbol table, 0.0005942 secs]2018-03-26T19:53:16.310+0530: 9999.096: [scrub string table, 0.0001992 secs][1 CMS-remark: 349567K(349568K)] 362029K(506816K), 0.0106815 secs] [Times: user=0.06 sys=0.00, real=0.01 secs] 
2018-03-26T19:53:16.310+0530: 9999.097: [CMS-concurrent-sweep-start]
2018-03-26T19:53:16.653+0530: 9999.439: [CMS-concurrent-sweep: 0.342/0.342 secs] [Times: user=0.34 sys=0.00, real=0.34 secs] 
2018-03-26T19:53:16.653+0530: 9999.439: [CMS-concurrent-reset-start]
2018-03-26T19:53:16.653+0530: 9999.440: [CMS-concurrent-reset: 0.001/0.001 secs] [Times: user=0.00 sys=0.00, real=0.00 secs] 
2018-03-26T19:53:18.653+0530: 10001.440: [GC (CMS Initial Mark) [1 CMS-initial-mark: 349567K(349568K)] 362029K(506816K), 0.0105954 secs] [Times: user=0.05 sys=0.00, real=0.01 secs] 
2018-03-26T19:53:18.663+0530: 10001.451: [CMS-concurrent-mark-start]
2018-03-26T19:53:19.662+0530: 10002.449: [CMS-concurrent-mark: 0.998/0.998 secs] [Times: user=1.00 sys=0.00, real=1.00 secs] 
2018-03-26T19:53:19.662+0530: 10002.449: [CMS-concurrent-preclean-start]
2018-03-26T19:53:19.663+0530: 10002.450: [CMS-concurrent-preclean: 0.001/0.001 secs] [Times: user=0.00 sys=0.00, real=0.00 secs] 
2018-03-26T19:53:19.663+0530: 10002.450: [CMS-concurrent-abortable-preclean-start]
2018-03-26T19:53:19.663+0530: 10002.450: [CMS-concurrent-abortable-preclean: 0.000/0.000 secs] [Times: user=0.00 sys=0.00, real=0.00 secs] 
2018-03-26T19:53:19.663+0530: 10002.450: [GC (CMS Final Remark) [YG occupancy: 12461 K (157248 K)]2018-03-26T19:53:19.663+0530: 10002.450: [Rescan (parallel) , 0.0112865 secs]2018-03-26T19:53:19.675+0530: 10002.462: [weak refs processing, 0.0000582 secs]2018-03-26T19:53:19.675+0530: 10002.462: [class unloading, 0.0005201 secs]2018-03-26T19:53:19.676+0530: 10002.462: [scrub symbol table, 0.0008205 secs]2018-03-26T19:53:19.677+0530: 10002.463: [scrub string table, 0.0002419 secs][1 CMS-remark: 349567K(349568K)] 362029K(506816K), 0.0132252 secs] [Times: user=0.00 sys=0.00, real=0.01 secs] 
2018-03-26T19:53:19.677+0530: 10002.464: [CMS-concurrent-sweep-start]
2018-03-26T19:53:20.049+0530: 10002.836: [CMS-concurrent-sweep: 0.372/0.372 secs] [Times: user=0.36 sys=0.00, real=0.37 secs] 
2018-03-26T19:53:20.049+0530: 10002.836: [CMS-concurrent-reset-start]
2018-03-26T19:53:20.050+0530: 10002.837: [CMS-concurrent-reset: 0.001/0.001 secs] [Times: user=0.00 sys=0.00, real=0.00 secs] 
2018-03-26T19:53:22.050+0530: 10004.837: [GC (CMS Initial Mark) [1 CMS-initial-mark: 349567K(349568K)] 362029K(506816K), 0.0117908 secs] [Times: user=0.03 sys=0.00, real=0.01 secs] 
2018-03-26T19:53:22.063+0530: 10004.849: [CMS-concurrent-mark-start]
2018-03-26T19:53:23.075+0530: 10005.863: [CMS-concurrent-mark: 1.013/1.013 secs] [Times: user=1.01 sys=0.00, real=1.01 secs] 
2018-03-26T19:53:23.076+0530: 10005.863: [CMS-concurrent-preclean-start]
2018-03-26T19:53:23.077+0530: 10005.864: [CMS-concurrent-preclean: 0.001/0.001 secs] [Times: user=0.00 sys=0.00, real=0.00 secs] 
2018-03-26T19:53:23.077+0530: 10005.864: [CMS-concurrent-abortable-preclean-start]
2018-03-26T19:53:23.077+0530: 10005.864: [CMS-concurrent-abortable-preclean: 0.000/0.000 secs] [Times: user=0.00 sys=0.00, real=0.00 secs] 
2018-03-26T19:53:23.077+0530: 10005.864: [GC (CMS Final Remark) [YG occupancy: 12461 K (157248 K)]2018-03-26T19:53:23.077+0530: 10005.864: [Rescan (parallel) , 0.0122425 secs]2018-03-26T19:53:23.089+0530: 10005.876: [weak refs processing, 0.0000409 secs]2018-03-26T19:53:23.090+0530: 10005.876: [class unloading, 0.0003741 secs]2018-03-26T19:53:23.090+0530: 10005.877: [scrub symbol table, 0.0007973 secs]2018-03-26T19:53:23.091+0530: 10005.878: [scrub string table, 0.0002384 secs][1 CMS-remark: 349567K(349568K)] 362029K(506816K), 0.0139319 secs] [Times: user=0.06 sys=0.00, real=0.01 secs] 
2018-03-26T19:53:23.092+0530: 10005.878: [CMS-concurrent-sweep-start]
2018-03-26T19:53:23.552+0530: 10006.340: [CMS-concurrent-sweep: 0.461/0.461 secs] [Times: user=0.45 sys=0.00, real=0.46 secs] 
2018-03-26T19:53:23.552+0530: 10006.340: [CMS-concurrent-reset-start]
2018-03-26T19:53:23.553+0530: 10006.341: [CMS-concurrent-reset: 0.001/0.001 secs] [Times: user=0.00 sys=0.00, real=0.00 secs] 
2018-03-26T19:53:25.554+0530: 10008.341: [GC (CMS Initial Mark) [1 CMS-initial-mark: 349567K(349568K)] 362029K(506816K), 0.0100926 secs] [Times: user=0.00 sys=0.00, real=0.01 secs] 
2018-03-26T19:53:25.564+0530: 10008.351: [CMS-concurrent-mark-start]
2018-03-26T19:53:26.410+0530: 10009.197: [CMS-concurrent-mark: 0.846/0.846 secs] [Times: user=0.84 sys=0.00, real=0.85 secs] 
2018-03-26T19:53:26.410+0530: 10009.197: [CMS-concurrent-preclean-start]
2018-03-26T19:53:26.411+0530: 10009.198: [CMS-concurrent-preclean: 0.001/0.001 secs] [Times: user=0.01 sys=0.00, real=0.00 secs] 
2018-03-26T19:53:26.411+0530: 10009.198: [CMS-concurrent-abortable-preclean-start]
2018-03-26T19:53:26.411+0530: 10009.198: [CMS-concurrent-abortable-preclean: 0.000/0.000 secs] [Times: user=0.00 sys=0.00, real=0.00 secs] 
2018-03-26T19:53:26.412+0530: 10009.199: [GC (CMS Final Remark) [YG occupancy: 12461 K (157248 K)]2018-03-26T19:53:26.412+0530: 10009.199: [Rescan (parallel) , 0.0117273 secs]2018-03-26T19:53:26.424+0530: 10009.210: [weak refs processing, 0.0000398 secs]2018-03-26T19:53:26.424+0530: 10009.211: [class unloading, 0.0003801 secs]2018-03-26T19:53:26.424+0530: 10009.211: [scrub symbol table, 0.0007271 secs]2018-03-26T19:53:26.425+0530: 10009.212: [scrub string table, 0.0002370 secs][1 CMS-remark: 349567K(349568K)] 362029K(506816K), 0.0133317 secs] [Times: user=0.00 sys=0.00, real=0.01 secs] 
2018-03-26T19:53:26.426+0530: 10009.212: [CMS-concurrent-sweep-start]
2018-03-26T19:53:26.822+0530: 10009.608: [CMS-concurrent-sweep: 0.396/0.396 secs] [Times: user=0.41 sys=0.00, real=0.40 secs] 
2018-03-26T19:53:26.822+0530: 10009.609: [CMS-concurrent-reset-start]
2018-03-26T19:53:26.823+0530: 10009.610: [CMS-concurrent-reset: 0.001/0.001 secs] [Times: user=0.00 sys=0.00, real=0.00 secs] 
2018-03-26T19:53:28.822+0530: 10011.609: [GC (CMS Initial Mark) [1 CMS-initial-mark: 349567K(349568K)] 362029K(506816K), 0.0113768 secs] [Times: user=0.02 sys=0.00, real=0.01 secs] 
2018-03-26T19:53:28.834+0530: 10011.621: [CMS-concurrent-mark-start]
2018-03-26T19:53:29.668+0530: 10012.455: [CMS-concurrent-mark: 0.834/0.834 secs] [Times: user=0.83 sys=0.00, real=0.83 secs] 
2018-03-26T19:53:29.668+0530: 10012.455: [CMS-concurrent-preclean-start]
2018-03-26T19:53:29.669+0530: 10012.456: [CMS-concurrent-preclean: 0.001/0.001 secs] [Times: user=0.00 sys=0.00, real=0.00 secs] 
2018-03-26T19:53:29.669+0530: 10012.456: [CMS-concurrent-abortable-preclean-start]
2018-03-26T19:53:29.669+0530: 10012.456: [CMS-concurrent-abortable-preclean: 0.000/0.000 secs] [Times: user=0.00 sys=0.00, real=0.00 secs] 
2018-03-26T19:53:29.670+0530: 10012.456: [GC (CMS Final Remark) [YG occupancy: 12461 K (157248 K)]2018-03-26T19:53:29.670+0530: 10012.456: [Rescan (parallel) , 0.0103091 secs]2018-03-26T19:53:29.680+0530: 10012.467: [weak refs processing, 0.0000367 secs]2018-03-26T19:53:29.680+0530: 10012.467: [class unloading, 0.0004394 secs]2018-03-26T19:53:29.681+0530: 10012.467: [scrub symbol table, 0.0006950 secs]2018-03-26T19:53:29.681+0530: 10012.468: [scrub string table, 0.0002719 secs][1 CMS-remark: 349567K(349568K)] 362029K(506816K), 0.0120055 secs] [Times: user=0.06 sys=0.00, real=0.01 secs] 
2018-03-26T19:53:29.682+0530: 10012.469: [CMS-concurrent-sweep-start]
2018-03-26T19:53:30.047+0530: 10012.835: [CMS-concurrent-sweep: 0.366/0.366 secs] [Times: user=0.36 sys=0.00, real=0.37 secs] 
2018-03-26T19:53:30.048+0530: 10012.835: [CMS-concurrent-reset-start]
2018-03-26T19:53:30.048+0530: 10012.836: [CMS-concurrent-reset: 0.001/0.001 secs] [Times: user=0.00 sys=0.00, real=0.00 secs] 
2018-03-26T19:53:32.049+0530: 10014.836: [GC (CMS Initial Mark) [1 CMS-initial-mark: 349567K(349568K)] 362029K(506816K), 0.0097784 secs] [Times: user=0.05 sys=0.00, real=0.01 secs] 
2018-03-26T19:53:32.059+0530: 10014.846: [CMS-concurrent-mark-start]
2018-03-26T19:53:32.828+0530: 10015.615: [CMS-concurrent-mark: 0.769/0.769 secs] [Times: user=0.77 sys=0.00, real=0.77 secs] 
2018-03-26T19:53:32.828+0530: 10015.615: [CMS-concurrent-preclean-start]
2018-03-26T19:53:32.829+0530: 10015.616: [CMS-concurrent-preclean: 0.001/0.001 secs] [Times: user=0.00 sys=0.00, real=0.00 secs] 
2018-03-26T19:53:32.829+0530: 10015.616: [CMS-concurrent-abortable-preclean-start]
2018-03-26T19:53:32.829+0530: 10015.616: [CMS-concurrent-abortable-preclean: 0.000/0.000 secs] [Times: user=0.00 sys=0.00, real=0.00 secs] 
2018-03-26T19:53:32.830+0530: 10015.616: [GC (CMS Final Remark) [YG occupancy: 12461 K (157248 K)]2018-03-26T19:53:32.830+0530: 10015.616: [Rescan (parallel) , 0.0093394 secs]2018-03-26T19:53:32.839+0530: 10015.626: [weak refs processing, 0.0000324 secs]2018-03-26T19:53:32.839+0530: 10015.626: [class unloading, 0.0003244 secs]2018-03-26T19:53:32.839+0530: 10015.626: [scrub symbol table, 0.0006016 secs]2018-03-26T19:53:32.840+0530: 10015.627: [scrub string table, 0.0001999 secs][1 CMS-remark: 349567K(349568K)] 362029K(506816K), 0.0106762 secs] [Times: user=0.06 sys=0.00, real=0.01 secs] 
2018-03-26T19:53:32.841+0530: 10015.627: [CMS-concurrent-sweep-start]
2018-03-26T19:53:33.187+0530: 10015.974: [CMS-concurrent-sweep: 0.347/0.347 secs] [Times: user=0.34 sys=0.00, real=0.35 secs] 
2018-03-26T19:53:33.187+0530: 10015.974: [CMS-concurrent-reset-start]
2018-03-26T19:53:33.188+0530: 10015.975: [CMS-concurrent-reset: 0.001/0.001 secs] [Times: user=0.00 sys=0.00, real=0.00 secs] 
2018-03-26T19:53:35.189+0530: 10017.976: [GC (CMS Initial Mark) [1 CMS-initial-mark: 349567K(349568K)] 362029K(506816K), 0.0083933 secs] [Times: user=0.06 sys=0.00, real=0.01 secs] 
2018-03-26T19:53:35.197+0530: 10017.984: [CMS-concurrent-mark-start]
2018-03-26T19:53:36.073+0530: 10018.859: [CMS-concurrent-mark: 0.875/0.875 secs] [Times: user=0.88 sys=0.00, real=0.88 secs] 
2018-03-26T19:53:36.073+0530: 10018.859: [CMS-concurrent-preclean-start]
2018-03-26T19:53:36.074+0530: 10018.860: [CMS-concurrent-preclean: 0.001/0.001 secs] [Times: user=0.00 sys=0.00, real=0.00 secs] 
2018-03-26T19:53:36.074+0530: 10018.860: [CMS-concurrent-abortable-preclean-start]
2018-03-26T19:53:36.074+0530: 10018.860: [CMS-concurrent-abortable-preclean: 0.000/0.000 secs] [Times: user=0.00 sys=0.00, real=0.00 secs] 
2018-03-26T19:53:36.074+0530: 10018.861: [GC (CMS Final Remark) [YG occupancy: 12461 K (157248 K)]2018-03-26T19:53:36.074+0530: 10018.861: [Rescan (parallel) , 0.0102752 secs]2018-03-26T19:53:36.084+0530: 10018.871: [weak refs processing, 0.0000346 secs]2018-03-26T19:53:36.084+0530: 10018.871: [class unloading, 0.0003685 secs]2018-03-26T19:53:36.085+0530: 10018.871: [scrub symbol table, 0.0006911 secs]2018-03-26T19:53:36.085+0530: 10018.872: [scrub string table, 0.0002348 secs][1 CMS-remark: 349567K(349568K)] 362029K(506816K), 0.0117943 secs] [Times: user=0.06 sys=0.00, real=0.01 secs] 
2018-03-26T19:53:36.086+0530: 10018.873: [CMS-concurrent-sweep-start]
2018-03-26T19:53:36.417+0530: 10019.204: [CMS-concurrent-sweep: 0.332/0.332 secs] [Times: user=0.33 sys=0.00, real=0.33 secs] 
2018-03-26T19:53:36.418+0530: 10019.204: [CMS-concurrent-reset-start]
2018-03-26T19:53:36.418+0530: 10019.205: [CMS-concurrent-reset: 0.001/0.001 secs] [Times: user=0.00 sys=0.00, real=0.00 secs] 
2018-03-26T19:53:38.418+0530: 10021.205: [GC (CMS Initial Mark) [1 CMS-initial-mark: 349567K(349568K)] 362029K(506816K), 0.0086458 secs] [Times: user=0.00 sys=0.00, real=0.01 secs] 
2018-03-26T19:53:38.427+0530: 10021.214: [CMS-concurrent-mark-start]
2018-03-26T19:53:39.384+0530: 10022.170: [CMS-concurrent-mark: 0.956/0.956 secs] [Times: user=0.97 sys=0.00, real=0.96 secs] 
2018-03-26T19:53:39.384+0530: 10022.170: [CMS-concurrent-preclean-start]
2018-03-26T19:53:39.385+0530: 10022.172: [CMS-concurrent-preclean: 0.001/0.001 secs] [Times: user=0.00 sys=0.00, real=0.00 secs] 
2018-03-26T19:53:39.385+0530: 10022.172: [CMS-concurrent-abortable-preclean-start]
2018-03-26T19:53:39.385+0530: 10022.172: [CMS-concurrent-abortable-preclean: 0.000/0.000 secs] [Times: user=0.00 sys=0.00, real=0.00 secs] 
2018-03-26T19:53:39.385+0530: 10022.172: [GC (CMS Final Remark) [YG occupancy: 12461 K (157248 K)]2018-03-26T19:53:39.385+0530: 10022.172: [Rescan (parallel) , 0.0115214 secs]2018-03-26T19:53:39.397+0530: 10022.184: [weak refs processing, 0.0000487 secs]2018-03-26T19:53:39.397+0530: 10022.184: [class unloading, 0.0004034 secs]2018-03-26T19:53:39.397+0530: 10022.184: [scrub symbol table, 0.0007666 secs]2018-03-26T19:53:39.398+0530: 10022.185: [scrub string table, 0.0002694 secs][1 CMS-remark: 349567K(349568K)] 362029K(506816K), 0.0132721 secs] [Times: user=0.05 sys=0.00, real=0.01 secs] 
2018-03-26T19:53:39.399+0530: 10022.186: [CMS-concurrent-sweep-start]
2018-03-26T19:53:39.862+0530: 10022.650: [CMS-concurrent-sweep: 0.464/0.464 secs] [Times: user=0.42 sys=0.00, real=0.46 secs] 
2018-03-26T19:53:39.862+0530: 10022.650: [CMS-concurrent-reset-start]
2018-03-26T19:53:39.863+0530: 10022.650: [CMS-concurrent-reset: 0.001/0.001 secs] [Times: user=0.00 sys=0.00, real=0.00 secs] 
2018-03-26T19:53:41.863+0530: 10024.650: [GC (CMS Initial Mark) [1 CMS-initial-mark: 349567K(349568K)] 362029K(506816K), 0.0096945 secs] [Times: user=0.06 sys=0.00, real=0.01 secs] 
2018-03-26T19:53:41.873+0530: 10024.660: [CMS-concurrent-mark-start]
2018-03-26T19:53:42.769+0530: 10025.556: [CMS-concurrent-mark: 0.896/0.896 secs] [Times: user=0.89 sys=0.00, real=0.90 secs] 
2018-03-26T19:53:42.769+0530: 10025.556: [CMS-concurrent-preclean-start]
2018-03-26T19:53:42.770+0530: 10025.557: [CMS-concurrent-preclean: 0.001/0.001 secs] [Times: user=0.01 sys=0.00, real=0.00 secs] 
2018-03-26T19:53:42.770+0530: 10025.557: [CMS-concurrent-abortable-preclean-start]
2018-03-26T19:53:42.770+0530: 10025.557: [CMS-concurrent-abortable-preclean: 0.000/0.000 secs] [Times: user=0.00 sys=0.00, real=0.00 secs] 
2018-03-26T19:53:42.771+0530: 10025.557: [GC (CMS Final Remark) [YG occupancy: 12461 K (157248 K)]2018-03-26T19:53:42.771+0530: 10025.557: [Rescan (parallel) , 0.0107372 secs]2018-03-26T19:53:42.782+0530: 10025.568: [weak refs processing, 0.0000638 secs]2018-03-26T19:53:42.782+0530: 10025.568: [class unloading, 0.0004246 secs]2018-03-26T19:53:42.782+0530: 10025.569: [scrub symbol table, 0.0006971 secs]2018-03-26T19:53:42.783+0530: 10025.570: [scrub string table, 0.0003279 secs][1 CMS-remark: 349567K(349568K)] 362029K(506816K), 0.0125091 secs] [Times: user=0.00 sys=0.00, real=0.01 secs] 
2018-03-26T19:53:42.783+0530: 10025.570: [CMS-concurrent-sweep-start]
2018-03-26T19:53:43.273+0530: 10026.060: [CMS-concurrent-sweep: 0.490/0.490 secs] [Times: user=0.47 sys=0.01, real=0.49 secs] 
2018-03-26T19:53:43.273+0530: 10026.060: [CMS-concurrent-reset-start]
2018-03-26T19:53:43.275+0530: 10026.062: [CMS-concurrent-reset: 0.002/0.002 secs] [Times: user=0.00 sys=0.00, real=0.00 secs] 
2018-03-26T19:53:45.274+0530: 10028.061: [GC (CMS Initial Mark) [1 CMS-initial-mark: 349567K(349568K)] 362029K(506816K), 0.0110143 secs] [Times: user=0.00 sys=0.00, real=0.01 secs] 
2018-03-26T19:53:45.285+0530: 10028.072: [CMS-concurrent-mark-start]
2018-03-26T19:53:46.809+0530: 10029.595: [CMS-concurrent-mark: 1.523/1.523 secs] [Times: user=1.47 sys=0.00, real=1.52 secs] 
2018-03-26T19:53:46.809+0530: 10029.595: [CMS-concurrent-preclean-start]
2018-03-26T19:53:46.810+0530: 10029.597: [CMS-concurrent-preclean: 0.001/0.001 secs] [Times: user=0.00 sys=0.00, real=0.00 secs] 
2018-03-26T19:53:46.810+0530: 10029.597: [CMS-concurrent-abortable-preclean-start]
2018-03-26T19:53:46.810+0530: 10029.597: [CMS-concurrent-abortable-preclean: 0.000/0.000 secs] [Times: user=0.00 sys=0.00, real=0.00 secs] 
2018-03-26T19:53:46.810+0530: 10029.597: [GC (CMS Final Remark) [YG occupancy: 12461 K (157248 K)]2018-03-26T19:53:46.810+0530: 10029.597: [Rescan (parallel) , 0.0143162 secs]2018-03-26T19:53:46.825+0530: 10029.612: [weak refs processing, 0.0000652 secs]2018-03-26T19:53:46.825+0530: 10029.612: [class unloading, 0.0006259 secs]2018-03-26T19:53:46.826+0530: 10029.612: [scrub symbol table, 0.0013181 secs]2018-03-26T19:53:46.827+0530: 10029.614: [scrub string table, 0.0005409 secs][1 CMS-remark: 349567K(349568K)] 362029K(506816K), 0.0172154 secs] [Times: user=0.06 sys=0.00, real=0.02 secs] 
2018-03-26T19:53:46.828+0530: 10029.615: [CMS-concurrent-sweep-start]
2018-03-26T19:53:47.542+0530: 10030.328: [CMS-concurrent-sweep: 0.714/0.714 secs] [Times: user=0.70 sys=0.00, real=0.71 secs] 
2018-03-26T19:53:47.542+0530: 10030.329: [CMS-concurrent-reset-start]
2018-03-26T19:53:47.543+0530: 10030.329: [CMS-concurrent-reset: 0.001/0.001 secs] [Times: user=0.00 sys=0.00, real=0.00 secs] 
2018-03-26T19:53:49.542+0530: 10032.329: [GC (CMS Initial Mark) [1 CMS-initial-mark: 349567K(349568K)] 362029K(506816K), 0.0110796 secs] [Times: user=0.02 sys=0.00, real=0.01 secs] 
2018-03-26T19:53:49.553+0530: 10032.340: [CMS-concurrent-mark-start]
2018-03-26T19:53:50.689+0530: 10033.476: [CMS-concurrent-mark: 1.136/1.136 secs] [Times: user=1.13 sys=0.00, real=1.14 secs] 
2018-03-26T19:53:50.722+0530: 10033.510: [CMS-concurrent-preclean-start]
2018-03-26T19:53:50.724+0530: 10033.511: [CMS-concurrent-preclean: 0.002/0.002 secs] [Times: user=0.02 sys=0.00, real=0.00 secs] 
2018-03-26T19:53:50.725+0530: 10033.512: [CMS-concurrent-abortable-preclean-start]
2018-03-26T19:53:50.725+0530: 10033.512: [CMS-concurrent-abortable-preclean: 0.000/0.000 secs] [Times: user=0.00 sys=0.00, real=0.00 secs] 
2018-03-26T19:53:50.725+0530: 10033.512: [GC (CMS Final Remark) [YG occupancy: 12461 K (157248 K)]2018-03-26T19:53:50.725+0530: 10033.512: [Rescan (parallel) , 0.0122122 secs]2018-03-26T19:53:50.738+0530: 10033.524: [weak refs processing, 0.0000434 secs]2018-03-26T19:53:50.738+0530: 10033.524: [class unloading, 0.0004048 secs]2018-03-26T19:53:50.738+0530: 10033.525: [scrub symbol table, 0.0007684 secs]2018-03-26T19:53:50.739+0530: 10033.526: [scrub string table, 0.0003985 secs][1 CMS-remark: 349567K(349568K)] 362029K(506816K), 0.0140719 secs] [Times: user=0.00 sys=0.00, real=0.01 secs] 
2018-03-26T19:53:50.740+0530: 10033.526: [CMS-concurrent-sweep-start]
2018-03-26T19:53:51.120+0530: 10033.907: [CMS-concurrent-sweep: 0.381/0.381 secs] [Times: user=0.38 sys=0.00, real=0.38 secs] 
2018-03-26T19:53:51.121+0530: 10033.907: [CMS-concurrent-reset-start]
2018-03-26T19:53:51.121+0530: 10033.908: [CMS-concurrent-reset: 0.001/0.001 secs] [Times: user=0.00 sys=0.00, real=0.00 secs] 
2018-03-26T19:53:53.121+0530: 10035.908: [GC (CMS Initial Mark) [1 CMS-initial-mark: 349567K(349568K)] 362029K(506816K), 0.0134834 secs] [Times: user=0.03 sys=0.00, real=0.01 secs] 
2018-03-26T19:53:53.135+0530: 10035.922: [CMS-concurrent-mark-start]
2018-03-26T19:53:54.137+0530: 10036.923: [CMS-concurrent-mark: 1.002/1.002 secs] [Times: user=1.00 sys=0.00, real=1.00 secs] 
2018-03-26T19:53:54.137+0530: 10036.923: [CMS-concurrent-preclean-start]
2018-03-26T19:53:54.138+0530: 10036.924: [CMS-concurrent-preclean: 0.001/0.001 secs] [Times: user=0.00 sys=0.00, real=0.00 secs] 
2018-03-26T19:53:54.138+0530: 10036.924: [CMS-concurrent-abortable-preclean-start]
2018-03-26T19:53:54.138+0530: 10036.924: [CMS-concurrent-abortable-preclean: 0.000/0.000 secs] [Times: user=0.00 sys=0.00, real=0.00 secs] 
2018-03-26T19:53:54.138+0530: 10036.925: [GC (CMS Final Remark) [YG occupancy: 12461 K (157248 K)]2018-03-26T19:53:54.138+0530: 10036.925: [Rescan (parallel) , 0.0091680 secs]2018-03-26T19:53:54.147+0530: 10036.934: [weak refs processing, 0.0000324 secs]2018-03-26T19:53:54.147+0530: 10036.934: [class unloading, 0.0003424 secs]2018-03-26T19:53:54.148+0530: 10036.934: [scrub symbol table, 0.0006640 secs]2018-03-26T19:53:54.148+0530: 10036.935: [scrub string table, 0.0002211 secs][1 CMS-remark: 349567K(349568K)] 362029K(506816K), 0.0106138 secs] [Times: user=0.06 sys=0.00, real=0.01 secs] 
2018-03-26T19:53:54.149+0530: 10036.936: [CMS-concurrent-sweep-start]
2018-03-26T19:53:54.476+0530: 10037.263: [CMS-concurrent-sweep: 0.327/0.327 secs] [Times: user=0.33 sys=0.00, real=0.33 secs] 
2018-03-26T19:53:54.476+0530: 10037.263: [CMS-concurrent-reset-start]
2018-03-26T19:53:54.477+0530: 10037.263: [CMS-concurrent-reset: 0.001/0.001 secs] [Times: user=0.00 sys=0.00, real=0.00 secs] 
2018-03-26T19:53:56.476+0530: 10039.263: [GC (CMS Initial Mark) [1 CMS-initial-mark: 349567K(349568K)] 362029K(506816K), 0.0120270 secs] [Times: user=0.00 sys=0.00, real=0.01 secs] 
2018-03-26T19:53:56.488+0530: 10039.275: [CMS-concurrent-mark-start]
2018-03-26T19:53:58.001+0530: 10040.787: [CMS-concurrent-mark: 1.512/1.512 secs] [Times: user=1.45 sys=0.00, real=1.51 secs] 
2018-03-26T19:53:58.001+0530: 10040.788: [CMS-concurrent-preclean-start]
2018-03-26T19:53:58.002+0530: 10040.789: [CMS-concurrent-preclean: 0.001/0.001 secs] [Times: user=0.00 sys=0.00, real=0.00 secs] 
2018-03-26T19:53:58.002+0530: 10040.789: [CMS-concurrent-abortable-preclean-start]
2018-03-26T19:53:58.002+0530: 10040.789: [CMS-concurrent-abortable-preclean: 0.000/0.000 secs] [Times: user=0.00 sys=0.00, real=0.00 secs] 
2018-03-26T19:53:58.003+0530: 10040.789: [GC (CMS Final Remark) [YG occupancy: 12461 K (157248 K)]2018-03-26T19:53:58.003+0530: 10040.789: [Rescan (parallel) , 0.0136575 secs]2018-03-26T19:53:58.016+0530: 10040.803: [weak refs processing, 0.0000709 secs]2018-03-26T19:53:58.016+0530: 10040.803: [class unloading, 0.0009609 secs]2018-03-26T19:53:58.017+0530: 10040.804: [scrub symbol table, 0.0013618 secs]2018-03-26T19:53:58.018+0530: 10040.806: [scrub string table, 0.0004080 secs][1 CMS-remark: 349567K(349568K)] 362029K(506816K), 0.0168413 secs] [Times: user=0.05 sys=0.00, real=0.02 secs] 
2018-03-26T19:53:58.019+0530: 10040.806: [CMS-concurrent-sweep-start]
2018-03-26T19:53:58.555+0530: 10041.342: [CMS-concurrent-sweep: 0.536/0.536 secs] [Times: user=0.55 sys=0.00, real=0.54 secs] 
2018-03-26T19:53:58.555+0530: 10041.342: [CMS-concurrent-reset-start]
2018-03-26T19:53:58.556+0530: 10041.343: [CMS-concurrent-reset: 0.001/0.001 secs] [Times: user=0.00 sys=0.00, real=0.00 secs] 
2018-03-26T19:54:00.556+0530: 10043.343: [GC (CMS Initial Mark) [1 CMS-initial-mark: 349567K(349568K)] 362029K(506816K), 0.0115937 secs] [Times: user=0.02 sys=0.00, real=0.01 secs] 
2018-03-26T19:54:00.568+0530: 10043.355: [CMS-concurrent-mark-start]
2018-03-26T19:54:01.533+0530: 10044.320: [CMS-concurrent-mark: 0.965/0.965 secs] [Times: user=0.95 sys=0.00, real=0.96 secs] 
2018-03-26T19:54:01.533+0530: 10044.320: [CMS-concurrent-preclean-start]
2018-03-26T19:54:01.534+0530: 10044.321: [CMS-concurrent-preclean: 0.001/0.001 secs] [Times: user=0.00 sys=0.00, real=0.00 secs] 
2018-03-26T19:54:01.534+0530: 10044.321: [CMS-concurrent-abortable-preclean-start]
2018-03-26T19:54:01.534+0530: 10044.321: [CMS-concurrent-abortable-preclean: 0.000/0.000 secs] [Times: user=0.00 sys=0.00, real=0.00 secs] 
2018-03-26T19:54:01.535+0530: 10044.321: [GC (CMS Final Remark) [YG occupancy: 12461 K (157248 K)]2018-03-26T19:54:01.535+0530: 10044.321: [Rescan (parallel) , 0.0116275 secs]2018-03-26T19:54:01.546+0530: 10044.333: [weak refs processing, 0.0000427 secs]2018-03-26T19:54:01.546+0530: 10044.333: [class unloading, 0.0003967 secs]2018-03-26T19:54:01.547+0530: 10044.333: [scrub symbol table, 0.0007250 secs]2018-03-26T19:54:01.547+0530: 10044.334: [scrub string table, 0.0002846 secs][1 CMS-remark: 349567K(349568K)] 362029K(506816K), 0.0133169 secs] [Times: user=0.06 sys=0.00, real=0.01 secs] 
2018-03-26T19:54:01.548+0530: 10044.335: [CMS-concurrent-sweep-start]
2018-03-26T19:54:01.927+0530: 10044.714: [CMS-concurrent-sweep: 0.379/0.379 secs] [Times: user=0.38 sys=0.00, real=0.38 secs] 
2018-03-26T19:54:01.927+0530: 10044.714: [CMS-concurrent-reset-start]
2018-03-26T19:54:01.928+0530: 10044.714: [CMS-concurrent-reset: 0.001/0.001 secs] [Times: user=0.00 sys=0.00, real=0.00 secs] 
2018-03-26T19:54:03.927+0530: 10046.714: [GC (CMS Initial Mark) [1 CMS-initial-mark: 349567K(349568K)] 362029K(506816K), 0.0093891 secs] [Times: user=0.00 sys=0.00, real=0.01 secs] 
2018-03-26T19:54:03.936+0530: 10046.724: [CMS-concurrent-mark-start]
2018-03-26T19:54:04.744+0530: 10047.531: [CMS-concurrent-mark: 0.808/0.808 secs] [Times: user=0.81 sys=0.00, real=0.81 secs] 
2018-03-26T19:54:04.744+0530: 10047.532: [CMS-concurrent-preclean-start]
2018-03-26T19:54:04.745+0530: 10047.532: [CMS-concurrent-preclean: 0.001/0.001 secs] [Times: user=0.00 sys=0.00, real=0.00 secs] 
2018-03-26T19:54:04.745+0530: 10047.532: [CMS-concurrent-abortable-preclean-start]
2018-03-26T19:54:04.745+0530: 10047.533: [CMS-concurrent-abortable-preclean: 0.000/0.000 secs] [Times: user=0.00 sys=0.00, real=0.00 secs] 
2018-03-26T19:54:04.746+0530: 10047.533: [GC (CMS Final Remark) [YG occupancy: 12461 K (157248 K)]2018-03-26T19:54:04.746+0530: 10047.533: [Rescan (parallel) , 0.0093493 secs]2018-03-26T19:54:04.755+0530: 10047.542: [weak refs processing, 0.0000455 secs]2018-03-26T19:54:04.755+0530: 10047.542: [class unloading, 0.0005325 secs]2018-03-26T19:54:04.756+0530: 10047.543: [scrub symbol table, 0.0008988 secs]2018-03-26T19:54:04.757+0530: 10047.544: [scrub string table, 0.0003353 secs][1 CMS-remark: 349567K(349568K)] 362029K(506816K), 0.0113839 secs] [Times: user=0.05 sys=0.00, real=0.01 secs] 
2018-03-26T19:54:04.757+0530: 10047.544: [CMS-concurrent-sweep-start]
2018-03-26T19:54:05.095+0530: 10047.882: [CMS-concurrent-sweep: 0.338/0.338 secs] [Times: user=0.33 sys=0.00, real=0.34 secs] 
2018-03-26T19:54:05.095+0530: 10047.882: [CMS-concurrent-reset-start]
2018-03-26T19:54:05.096+0530: 10047.883: [CMS-concurrent-reset: 0.001/0.001 secs] [Times: user=0.00 sys=0.00, real=0.00 secs] 
2018-03-26T19:54:07.095+0530: 10049.882: [GC (CMS Initial Mark) [1 CMS-initial-mark: 349567K(349568K)] 362029K(506816K), 0.0090175 secs] [Times: user=0.06 sys=0.00, real=0.01 secs] 
2018-03-26T19:54:07.105+0530: 10049.891: [CMS-concurrent-mark-start]
2018-03-26T19:54:08.173+0530: 10050.960: [CMS-concurrent-mark: 1.069/1.069 secs] [Times: user=1.03 sys=0.00, real=1.07 secs] 
2018-03-26T19:54:08.173+0530: 10050.960: [CMS-concurrent-preclean-start]
2018-03-26T19:54:08.175+0530: 10050.961: [CMS-concurrent-preclean: 0.001/0.001 secs] [Times: user=0.00 sys=0.00, real=0.00 secs] 
2018-03-26T19:54:08.175+0530: 10050.962: [CMS-concurrent-abortable-preclean-start]
2018-03-26T19:54:08.175+0530: 10050.962: [CMS-concurrent-abortable-preclean: 0.000/0.000 secs] [Times: user=0.00 sys=0.00, real=0.00 secs] 
2018-03-26T19:54:08.175+0530: 10050.962: [GC (CMS Final Remark) [YG occupancy: 12461 K (157248 K)]2018-03-26T19:54:08.175+0530: 10050.962: [Rescan (parallel) , 0.0113056 secs]2018-03-26T19:54:08.187+0530: 10050.973: [weak refs processing, 0.0000384 secs]2018-03-26T19:54:08.187+0530: 10050.973: [class unloading, 0.0003949 secs]2018-03-26T19:54:08.187+0530: 10050.974: [scrub symbol table, 0.0007215 secs]2018-03-26T19:54:08.188+0530: 10050.975: [scrub string table, 0.0002888 secs][1 CMS-remark: 349567K(349568K)] 362029K(506816K), 0.0129731 secs] [Times: user=0.06 sys=0.00, real=0.01 secs] 
2018-03-26T19:54:08.189+0530: 10050.975: [CMS-concurrent-sweep-start]
2018-03-26T19:54:08.612+0530: 10051.399: [CMS-concurrent-sweep: 0.424/0.424 secs] [Times: user=0.42 sys=0.00, real=0.42 secs] 
2018-03-26T19:54:08.613+0530: 10051.399: [CMS-concurrent-reset-start]
2018-03-26T19:54:08.613+0530: 10051.400: [CMS-concurrent-reset: 0.001/0.001 secs] [Times: user=0.00 sys=0.00, real=0.00 secs] 
2018-03-26T19:54:10.613+0530: 10053.399: [GC (CMS Initial Mark) [1 CMS-initial-mark: 349567K(349568K)] 362029K(506816K), 0.0108267 secs] [Times: user=0.05 sys=0.00, real=0.01 secs] 
2018-03-26T19:54:10.624+0530: 10053.410: [CMS-concurrent-mark-start]
2018-03-26T19:54:11.618+0530: 10054.406: [CMS-concurrent-mark: 0.995/0.995 secs] [Times: user=1.00 sys=0.00, real=0.99 secs] 
2018-03-26T19:54:11.619+0530: 10054.406: [CMS-concurrent-preclean-start]
2018-03-26T19:54:11.620+0530: 10054.407: [CMS-concurrent-preclean: 0.001/0.001 secs] [Times: user=0.00 sys=0.00, real=0.00 secs] 
2018-03-26T19:54:11.620+0530: 10054.407: [CMS-concurrent-abortable-preclean-start]
2018-03-26T19:54:11.620+0530: 10054.407: [CMS-concurrent-abortable-preclean: 0.000/0.000 secs] [Times: user=0.00 sys=0.00, real=0.00 secs] 
2018-03-26T19:54:11.621+0530: 10054.407: [GC (CMS Final Remark) [YG occupancy: 12461 K (157248 K)]2018-03-26T19:54:11.621+0530: 10054.407: [Rescan (parallel) , 0.0116268 secs]2018-03-26T19:54:11.632+0530: 10054.419: [weak refs processing, 0.0000434 secs]2018-03-26T19:54:11.632+0530: 10054.419: [class unloading, 0.0003759 secs]2018-03-26T19:54:11.632+0530: 10054.420: [scrub symbol table, 0.0006858 secs]2018-03-26T19:54:11.633+0530: 10054.420: [scrub string table, 0.0002373 secs][1 CMS-remark: 349567K(349568K)] 362029K(506816K), 0.0132319 secs] [Times: user=0.06 sys=0.00, real=0.01 secs] 
2018-03-26T19:54:11.634+0530: 10054.421: [CMS-concurrent-sweep-start]
2018-03-26T19:54:12.081+0530: 10054.868: [CMS-concurrent-sweep: 0.447/0.447 secs] [Times: user=0.44 sys=0.00, real=0.45 secs] 
2018-03-26T19:54:12.081+0530: 10054.868: [CMS-concurrent-reset-start]
2018-03-26T19:54:12.081+0530: 10054.868: [CMS-concurrent-reset: 0.001/0.001 secs] [Times: user=0.00 sys=0.00, real=0.00 secs] 
2018-03-26T19:54:14.082+0530: 10056.869: [GC (CMS Initial Mark) [1 CMS-initial-mark: 349567K(349568K)] 362029K(506816K), 0.0097026 secs] [Times: user=0.06 sys=0.00, real=0.01 secs] 
2018-03-26T19:54:14.092+0530: 10056.878: [CMS-concurrent-mark-start]
2018-03-26T19:54:14.893+0530: 10057.680: [CMS-concurrent-mark: 0.802/0.802 secs] [Times: user=0.78 sys=0.00, real=0.80 secs] 
2018-03-26T19:54:14.893+0530: 10057.680: [CMS-concurrent-preclean-start]
2018-03-26T19:54:14.894+0530: 10057.681: [CMS-concurrent-preclean: 0.001/0.001 secs] [Times: user=0.00 sys=0.00, real=0.00 secs] 
2018-03-26T19:54:14.894+0530: 10057.681: [CMS-concurrent-abortable-preclean-start]
2018-03-26T19:54:14.894+0530: 10057.681: [CMS-concurrent-abortable-preclean: 0.000/0.000 secs] [Times: user=0.00 sys=0.00, real=0.00 secs] 
2018-03-26T19:54:14.895+0530: 10057.682: [GC (CMS Final Remark) [YG occupancy: 12461 K (157248 K)]2018-03-26T19:54:14.895+0530: 10057.682: [Rescan (parallel) , 0.0097682 secs]2018-03-26T19:54:14.905+0530: 10057.692: [weak refs processing, 0.0000367 secs]2018-03-26T19:54:14.905+0530: 10057.692: [class unloading, 0.0004411 secs]2018-03-26T19:54:14.905+0530: 10057.692: [scrub symbol table, 0.0006798 secs]2018-03-26T19:54:14.906+0530: 10057.693: [scrub string table, 0.0002687 secs][1 CMS-remark: 349567K(349568K)] 362029K(506816K), 0.0113990 secs] [Times: user=0.06 sys=0.00, real=0.01 secs] 
2018-03-26T19:54:14.906+0530: 10057.693: [CMS-concurrent-sweep-start]
2018-03-26T19:54:15.242+0530: 10058.029: [CMS-concurrent-sweep: 0.335/0.335 secs] [Times: user=0.34 sys=0.00, real=0.34 secs] 
2018-03-26T19:54:15.242+0530: 10058.029: [CMS-concurrent-reset-start]
2018-03-26T19:54:15.243+0530: 10058.029: [CMS-concurrent-reset: 0.001/0.001 secs] [Times: user=0.00 sys=0.00, real=0.00 secs] 
2018-03-26T19:54:17.242+0530: 10060.029: [GC (CMS Initial Mark) [1 CMS-initial-mark: 349567K(349568K)] 362029K(506816K), 0.0086525 secs] [Times: user=0.00 sys=0.00, real=0.01 secs] 
2018-03-26T19:54:17.251+0530: 10060.038: [CMS-concurrent-mark-start]
2018-03-26T19:54:18.024+0530: 10060.811: [CMS-concurrent-mark: 0.773/0.773 secs] [Times: user=0.77 sys=0.00, real=0.77 secs] 
2018-03-26T19:54:18.024+0530: 10060.811: [CMS-concurrent-preclean-start]
2018-03-26T19:54:18.025+0530: 10060.812: [CMS-concurrent-preclean: 0.001/0.001 secs] [Times: user=0.00 sys=0.00, real=0.00 secs] 
2018-03-26T19:54:18.025+0530: 10060.812: [CMS-concurrent-abortable-preclean-start]
2018-03-26T19:54:18.025+0530: 10060.812: [CMS-concurrent-abortable-preclean: 0.000/0.000 secs] [Times: user=0.00 sys=0.00, real=0.00 secs] 
2018-03-26T19:54:18.026+0530: 10060.812: [GC (CMS Final Remark) [YG occupancy: 12461 K (157248 K)]2018-03-26T19:54:18.026+0530: 10060.812: [Rescan (parallel) , 0.0095154 secs]2018-03-26T19:54:18.035+0530: 10060.822: [weak refs processing, 0.0000430 secs]2018-03-26T19:54:18.035+0530: 10060.822: [class unloading, 0.0003808 secs]2018-03-26T19:54:18.035+0530: 10060.822: [scrub symbol table, 0.0006636 secs]2018-03-26T19:54:18.036+0530: 10060.823: [scrub string table, 0.0002394 secs][1 CMS-remark: 349567K(349568K)] 362029K(506816K), 0.0110817 secs] [Times: user=0.02 sys=0.00, real=0.01 secs] 
2018-03-26T19:54:18.037+0530: 10060.824: [CMS-concurrent-sweep-start]
2018-03-26T19:54:18.380+0530: 10061.167: [CMS-concurrent-sweep: 0.344/0.344 secs] [Times: user=0.34 sys=0.00, real=0.34 secs] 
2018-03-26T19:54:18.380+0530: 10061.167: [CMS-concurrent-reset-start]
2018-03-26T19:54:18.381+0530: 10061.168: [CMS-concurrent-reset: 0.001/0.001 secs] [Times: user=0.00 sys=0.00, real=0.00 secs] 
2018-03-26T19:54:20.381+0530: 10063.168: [GC (CMS Initial Mark) [1 CMS-initial-mark: 349567K(349568K)] 362029K(506816K), 0.0080100 secs] [Times: user=0.00 sys=0.00, real=0.01 secs] 
2018-03-26T19:54:20.389+0530: 10063.176: [CMS-concurrent-mark-start]
2018-03-26T19:54:21.195+0530: 10063.982: [CMS-concurrent-mark: 0.805/0.805 secs] [Times: user=0.81 sys=0.00, real=0.81 secs] 
2018-03-26T19:54:21.195+0530: 10063.982: [CMS-concurrent-preclean-start]
2018-03-26T19:54:21.196+0530: 10063.983: [CMS-concurrent-preclean: 0.001/0.001 secs] [Times: user=0.00 sys=0.00, real=0.00 secs] 
2018-03-26T19:54:21.196+0530: 10063.983: [CMS-concurrent-abortable-preclean-start]
2018-03-26T19:54:21.196+0530: 10063.983: [CMS-concurrent-abortable-preclean: 0.000/0.000 secs] [Times: user=0.00 sys=0.00, real=0.00 secs] 
2018-03-26T19:54:21.196+0530: 10063.983: [GC (CMS Final Remark) [YG occupancy: 12461 K (157248 K)]2018-03-26T19:54:21.196+0530: 10063.983: [Rescan (parallel) , 0.0100330 secs]2018-03-26T19:54:21.207+0530: 10063.993: [weak refs processing, 0.0000363 secs]2018-03-26T19:54:21.207+0530: 10063.993: [class unloading, 0.0003625 secs]2018-03-26T19:54:21.207+0530: 10063.994: [scrub symbol table, 0.0007500 secs]2018-03-26T19:54:21.208+0530: 10063.994: [scrub string table, 0.0002352 secs][1 CMS-remark: 349567K(349568K)] 362029K(506816K), 0.0116332 secs] [Times: user=0.01 sys=0.00, real=0.01 secs] 
2018-03-26T19:54:21.208+0530: 10063.995: [CMS-concurrent-sweep-start]
2018-03-26T19:54:21.560+0530: 10064.347: [CMS-concurrent-sweep: 0.352/0.352 secs] [Times: user=0.34 sys=0.00, real=0.35 secs] 
2018-03-26T19:54:21.560+0530: 10064.347: [CMS-concurrent-reset-start]
2018-03-26T19:54:21.561+0530: 10064.348: [CMS-concurrent-reset: 0.001/0.001 secs] [Times: user=0.00 sys=0.00, real=0.00 secs] 
2018-03-26T19:54:23.562+0530: 10066.348: [GC (CMS Initial Mark) [1 CMS-initial-mark: 349567K(349568K)] 362029K(506816K), 0.0091120 secs] [Times: user=0.05 sys=0.00, real=0.01 secs] 
2018-03-26T19:54:23.570+0530: 10066.358: [CMS-concurrent-mark-start]
2018-03-26T19:54:24.311+0530: 10067.097: [CMS-concurrent-mark: 0.740/0.740 secs] [Times: user=0.73 sys=0.00, real=0.74 secs] 
2018-03-26T19:54:24.311+0530: 10067.097: [CMS-concurrent-preclean-start]
2018-03-26T19:54:24.312+0530: 10067.098: [CMS-concurrent-preclean: 0.001/0.001 secs] [Times: user=0.00 sys=0.00, real=0.00 secs] 
2018-03-26T19:54:24.312+0530: 10067.098: [CMS-concurrent-abortable-preclean-start]
2018-03-26T19:54:24.312+0530: 10067.098: [CMS-concurrent-abortable-preclean: 0.000/0.000 secs] [Times: user=0.00 sys=0.00, real=0.00 secs] 
2018-03-26T19:54:24.312+0530: 10067.099: [GC (CMS Final Remark) [YG occupancy: 12461 K (157248 K)]2018-03-26T19:54:24.312+0530: 10067.099: [Rescan (parallel) , 0.0093450 secs]2018-03-26T19:54:24.322+0530: 10067.108: [weak refs processing, 0.0000349 secs]2018-03-26T19:54:24.322+0530: 10067.108: [class unloading, 0.0003233 secs]2018-03-26T19:54:24.322+0530: 10067.108: [scrub symbol table, 0.0005984 secs]2018-03-26T19:54:24.323+0530: 10067.109: [scrub string table, 0.0002003 secs][1 CMS-remark: 349567K(349568K)] 362029K(506816K), 0.0106910 secs] [Times: user=0.06 sys=0.00, real=0.01 secs] 
2018-03-26T19:54:24.323+0530: 10067.110: [CMS-concurrent-sweep-start]
2018-03-26T19:54:24.659+0530: 10067.446: [CMS-concurrent-sweep: 0.336/0.336 secs] [Times: user=0.33 sys=0.00, real=0.34 secs] 
2018-03-26T19:54:24.659+0530: 10067.446: [CMS-concurrent-reset-start]
2018-03-26T19:54:24.660+0530: 10067.447: [CMS-concurrent-reset: 0.001/0.001 secs] [Times: user=0.00 sys=0.00, real=0.00 secs] 
2018-03-26T19:54:26.659+0530: 10069.446: [GC (CMS Initial Mark) [1 CMS-initial-mark: 349567K(349568K)] 362029K(506816K), 0.0090601 secs] [Times: user=0.06 sys=0.00, real=0.01 secs] 
2018-03-26T19:54:26.669+0530: 10069.455: [CMS-concurrent-mark-start]
2018-03-26T19:54:27.435+0530: 10070.222: [CMS-concurrent-mark: 0.766/0.766 secs] [Times: user=0.78 sys=0.00, real=0.77 secs] 
2018-03-26T19:54:27.435+0530: 10070.222: [CMS-concurrent-preclean-start]
2018-03-26T19:54:27.436+0530: 10070.223: [CMS-concurrent-preclean: 0.001/0.001 secs] [Times: user=0.00 sys=0.00, real=0.00 secs] 
2018-03-26T19:54:27.436+0530: 10070.223: [CMS-concurrent-abortable-preclean-start]
2018-03-26T19:54:27.436+0530: 10070.223: [CMS-concurrent-abortable-preclean: 0.000/0.000 secs] [Times: user=0.00 sys=0.00, real=0.00 secs] 
2018-03-26T19:54:27.436+0530: 10070.223: [GC (CMS Final Remark) [YG occupancy: 20846 K (157248 K)]2018-03-26T19:54:27.436+0530: 10070.223: [Rescan (parallel) , 0.0135955 secs]2018-03-26T19:54:27.450+0530: 10070.237: [weak refs processing, 0.0000582 secs]2018-03-26T19:54:27.450+0530: 10070.237: [class unloading, 0.0003565 secs]2018-03-26T19:54:27.450+0530: 10070.237: [scrub symbol table, 0.0006925 secs]2018-03-26T19:54:27.451+0530: 10070.238: [scrub string table, 0.0002165 secs][1 CMS-remark: 349567K(349568K)] 370414K(506816K), 0.0151406 secs] [Times: user=0.06 sys=0.00, real=0.01 secs] 
2018-03-26T19:54:27.452+0530: 10070.238: [CMS-concurrent-sweep-start]
2018-03-26T19:54:27.783+0530: 10070.570: [CMS-concurrent-sweep: 0.332/0.332 secs] [Times: user=0.33 sys=0.00, real=0.33 secs] 
2018-03-26T19:54:27.783+0530: 10070.570: [CMS-concurrent-reset-start]
2018-03-26T19:54:27.784+0530: 10070.571: [CMS-concurrent-reset: 0.001/0.001 secs] [Times: user=0.00 sys=0.00, real=0.00 secs] 
2018-03-26T19:54:29.785+0530: 10072.572: [GC (CMS Initial Mark) [1 CMS-initial-mark: 349567K(349568K)] 370414K(506816K), 0.0134114 secs] [Times: user=0.06 sys=0.00, real=0.01 secs] 
2018-03-26T19:54:29.799+0530: 10072.585: [CMS-concurrent-mark-start]
2018-03-26T19:54:30.547+0530: 10073.334: [CMS-concurrent-mark: 0.749/0.749 secs] [Times: user=0.75 sys=0.00, real=0.75 secs] 
2018-03-26T19:54:30.548+0530: 10073.334: [CMS-concurrent-preclean-start]
2018-03-26T19:54:30.548+0530: 10073.335: [CMS-concurrent-preclean: 0.001/0.001 secs] [Times: user=0.00 sys=0.00, real=0.00 secs] 
2018-03-26T19:54:30.548+0530: 10073.335: [CMS-concurrent-abortable-preclean-start]
2018-03-26T19:54:30.548+0530: 10073.335: [CMS-concurrent-abortable-preclean: 0.000/0.000 secs] [Times: user=0.00 sys=0.00, real=0.00 secs] 
2018-03-26T19:54:30.549+0530: 10073.336: [GC (CMS Final Remark) [YG occupancy: 20846 K (157248 K)]2018-03-26T19:54:30.549+0530: 10073.336: [Rescan (parallel) , 0.0130881 secs]2018-03-26T19:54:30.562+0530: 10073.349: [weak refs processing, 0.0000388 secs]2018-03-26T19:54:30.562+0530: 10073.349: [class unloading, 0.0003304 secs]2018-03-26T19:54:30.562+0530: 10073.349: [scrub symbol table, 0.0006319 secs]2018-03-26T19:54:30.563+0530: 10073.350: [scrub string table, 0.0002003 secs][1 CMS-remark: 349567K(349568K)] 370414K(506816K), 0.0144739 secs] [Times: user=0.06 sys=0.00, real=0.01 secs] 
2018-03-26T19:54:30.564+0530: 10073.350: [CMS-concurrent-sweep-start]
2018-03-26T19:54:30.894+0530: 10073.681: [CMS-concurrent-sweep: 0.330/0.330 secs] [Times: user=0.33 sys=0.00, real=0.33 secs] 
2018-03-26T19:54:30.894+0530: 10073.681: [CMS-concurrent-reset-start]
2018-03-26T19:54:30.895+0530: 10073.682: [CMS-concurrent-reset: 0.001/0.001 secs] [Times: user=0.00 sys=0.00, real=0.00 secs] 
2018-03-26T19:54:32.895+0530: 10075.682: [GC (CMS Initial Mark) [1 CMS-initial-mark: 349567K(349568K)] 370414K(506816K), 0.0151770 secs] [Times: user=0.03 sys=0.00, real=0.02 secs] 
2018-03-26T19:54:32.911+0530: 10075.697: [CMS-concurrent-mark-start]
2018-03-26T19:54:34.466+0530: 10077.253: [CMS-concurrent-mark: 1.555/1.555 secs] [Times: user=1.48 sys=0.00, real=1.56 secs] 
2018-03-26T19:54:34.466+0530: 10077.253: [CMS-concurrent-preclean-start]
2018-03-26T19:54:34.468+0530: 10077.255: [CMS-concurrent-preclean: 0.002/0.002 secs] [Times: user=0.00 sys=0.00, real=0.00 secs] 
2018-03-26T19:54:34.468+0530: 10077.255: [CMS-concurrent-abortable-preclean-start]
2018-03-26T19:54:34.468+0530: 10077.255: [CMS-concurrent-abortable-preclean: 0.000/0.000 secs] [Times: user=0.00 sys=0.00, real=0.00 secs] 
2018-03-26T19:54:34.469+0530: 10077.256: [GC (CMS Final Remark) [YG occupancy: 20846 K (157248 K)]2018-03-26T19:54:34.469+0530: 10077.256: [Rescan (parallel) , 0.0200202 secs]2018-03-26T19:54:34.489+0530: 10077.276: [weak refs processing, 0.0000681 secs]2018-03-26T19:54:34.489+0530: 10077.276: [class unloading, 0.0006467 secs]2018-03-26T19:54:34.490+0530: 10077.276: [scrub symbol table, 0.0012825 secs]2018-03-26T19:54:34.491+0530: 10077.278: [scrub string table, 0.0005575 secs][1 CMS-remark: 349567K(349568K)] 370414K(506816K), 0.0229857 secs] [Times: user=0.08 sys=0.00, real=0.02 secs] 
2018-03-26T19:54:34.492+0530: 10077.279: [CMS-concurrent-sweep-start]
2018-03-26T19:54:35.000+0530: 10077.787: [CMS-concurrent-sweep: 0.508/0.508 secs] [Times: user=0.50 sys=0.00, real=0.51 secs] 
2018-03-26T19:54:35.000+0530: 10077.787: [CMS-concurrent-reset-start]
2018-03-26T19:54:35.001+0530: 10077.788: [CMS-concurrent-reset: 0.001/0.001 secs] [Times: user=0.00 sys=0.00, real=0.00 secs] 
2018-03-26T19:54:37.002+0530: 10079.789: [GC (CMS Initial Mark) [1 CMS-initial-mark: 349567K(349568K)] 370414K(506816K), 0.0178925 secs] [Times: user=0.06 sys=0.00, real=0.02 secs] 
2018-03-26T19:54:37.020+0530: 10079.807: [CMS-concurrent-mark-start]
2018-03-26T19:54:38.009+0530: 10080.795: [CMS-concurrent-mark: 0.989/0.989 secs] [Times: user=0.98 sys=0.00, real=0.99 secs] 
2018-03-26T19:54:38.009+0530: 10080.796: [CMS-concurrent-preclean-start]
2018-03-26T19:54:38.010+0530: 10080.797: [CMS-concurrent-preclean: 0.001/0.001 secs] [Times: user=0.00 sys=0.00, real=0.00 secs] 
2018-03-26T19:54:38.010+0530: 10080.797: [CMS-concurrent-abortable-preclean-start]
2018-03-26T19:54:38.010+0530: 10080.797: [CMS-concurrent-abortable-preclean: 0.000/0.000 secs] [Times: user=0.00 sys=0.00, real=0.00 secs] 
2018-03-26T19:54:38.010+0530: 10080.797: [GC (CMS Final Remark) [YG occupancy: 20846 K (157248 K)]2018-03-26T19:54:38.010+0530: 10080.797: [Rescan (parallel) , 0.0171202 secs]2018-03-26T19:54:38.028+0530: 10080.814: [weak refs processing, 0.0000430 secs]2018-03-26T19:54:38.028+0530: 10080.814: [class unloading, 0.0004401 secs]2018-03-26T19:54:38.028+0530: 10080.815: [scrub symbol table, 0.0007821 secs]2018-03-26T19:54:38.029+0530: 10080.816: [scrub string table, 0.0002708 secs][1 CMS-remark: 349567K(349568K)] 370414K(506816K), 0.0188911 secs] [Times: user=0.06 sys=0.00, real=0.02 secs] 
2018-03-26T19:54:38.030+0530: 10080.816: [CMS-concurrent-sweep-start]
2018-03-26T19:54:38.501+0530: 10081.288: [CMS-concurrent-sweep: 0.472/0.472 secs] [Times: user=0.47 sys=0.00, real=0.47 secs] 
2018-03-26T19:54:38.502+0530: 10081.288: [CMS-concurrent-reset-start]
2018-03-26T19:54:38.502+0530: 10081.289: [CMS-concurrent-reset: 0.001/0.001 secs] [Times: user=0.00 sys=0.00, real=0.00 secs] 
2018-03-26T19:54:40.503+0530: 10083.290: [GC (CMS Initial Mark) [1 CMS-initial-mark: 349567K(349568K)] 370414K(506816K), 0.0161710 secs] [Times: user=0.06 sys=0.00, real=0.02 secs] 
2018-03-26T19:54:40.519+0530: 10083.306: [CMS-concurrent-mark-start]
2018-03-26T19:54:41.773+0530: 10084.559: [CMS-concurrent-mark: 1.253/1.253 secs] [Times: user=1.25 sys=0.00, real=1.25 secs] 
2018-03-26T19:54:41.773+0530: 10084.560: [CMS-concurrent-preclean-start]
2018-03-26T19:54:41.774+0530: 10084.561: [CMS-concurrent-preclean: 0.001/0.001 secs] [Times: user=0.00 sys=0.00, real=0.00 secs] 
2018-03-26T19:54:41.774+0530: 10084.561: [CMS-concurrent-abortable-preclean-start]
2018-03-26T19:54:41.774+0530: 10084.561: [CMS-concurrent-abortable-preclean: 0.000/0.000 secs] [Times: user=0.00 sys=0.00, real=0.00 secs] 
2018-03-26T19:54:41.774+0530: 10084.561: [GC (CMS Final Remark) [YG occupancy: 20846 K (157248 K)]2018-03-26T19:54:41.774+0530: 10084.561: [Rescan (parallel) , 0.0183837 secs]2018-03-26T19:54:41.793+0530: 10084.580: [weak refs processing, 0.0000455 secs]2018-03-26T19:54:41.793+0530: 10084.580: [class unloading, 0.0004457 secs]2018-03-26T19:54:41.794+0530: 10084.580: [scrub symbol table, 0.0008036 secs]2018-03-26T19:54:41.794+0530: 10084.581: [scrub string table, 0.0002860 secs][1 CMS-remark: 349567K(349568K)] 370414K(506816K), 0.0202183 secs] [Times: user=0.06 sys=0.00, real=0.02 secs] 
2018-03-26T19:54:41.795+0530: 10084.582: [CMS-concurrent-sweep-start]
2018-03-26T19:54:42.195+0530: 10084.982: [CMS-concurrent-sweep: 0.400/0.400 secs] [Times: user=0.41 sys=0.00, real=0.40 secs] 
2018-03-26T19:54:42.195+0530: 10084.982: [CMS-concurrent-reset-start]
2018-03-26T19:54:42.196+0530: 10084.983: [CMS-concurrent-reset: 0.001/0.001 secs] [Times: user=0.00 sys=0.00, real=0.00 secs] 
2018-03-26T19:54:44.196+0530: 10086.983: [GC (CMS Initial Mark) [1 CMS-initial-mark: 349567K(349568K)] 370414K(506816K), 0.0149421 secs] [Times: user=0.05 sys=0.00, real=0.01 secs] 
2018-03-26T19:54:44.210+0530: 10086.998: [CMS-concurrent-mark-start]
2018-03-26T19:54:45.373+0530: 10088.160: [CMS-concurrent-mark: 1.162/1.162 secs] [Times: user=1.09 sys=0.00, real=1.16 secs] 
2018-03-26T19:54:45.373+0530: 10088.160: [CMS-concurrent-preclean-start]
2018-03-26T19:54:45.374+0530: 10088.161: [CMS-concurrent-preclean: 0.001/0.001 secs] [Times: user=0.00 sys=0.00, real=0.00 secs] 
2018-03-26T19:54:45.374+0530: 10088.161: [CMS-concurrent-abortable-preclean-start]
2018-03-26T19:54:45.374+0530: 10088.161: [CMS-concurrent-abortable-preclean: 0.000/0.000 secs] [Times: user=0.00 sys=0.00, real=0.00 secs] 
2018-03-26T19:54:45.375+0530: 10088.162: [GC (CMS Final Remark) [YG occupancy: 20846 K (157248 K)]2018-03-26T19:54:45.375+0530: 10088.162: [Rescan (parallel) , 0.0148561 secs]2018-03-26T19:54:45.389+0530: 10088.177: [weak refs processing, 0.0000494 secs]2018-03-26T19:54:45.389+0530: 10088.177: [class unloading, 0.0004059 secs]2018-03-26T19:54:45.390+0530: 10088.177: [scrub symbol table, 0.0007631 secs]2018-03-26T19:54:45.391+0530: 10088.178: [scrub string table, 0.0002521 secs][1 CMS-remark: 349567K(349568K)] 370414K(506816K), 0.0165398 secs] [Times: user=0.06 sys=0.00, real=0.02 secs] 
2018-03-26T19:54:45.392+0530: 10088.178: [CMS-concurrent-sweep-start]
2018-03-26T19:54:45.772+0530: 10088.559: [CMS-concurrent-sweep: 0.380/0.380 secs] [Times: user=0.39 sys=0.00, real=0.38 secs] 
2018-03-26T19:54:45.772+0530: 10088.559: [CMS-concurrent-reset-start]
2018-03-26T19:54:45.773+0530: 10088.560: [CMS-concurrent-reset: 0.001/0.001 secs] [Times: user=0.00 sys=0.00, real=0.00 secs] 
2018-03-26T19:54:47.773+0530: 10090.560: [GC (CMS Initial Mark) [1 CMS-initial-mark: 349567K(349568K)] 370414K(506816K), 0.0211207 secs] [Times: user=0.05 sys=0.00, real=0.02 secs] 
2018-03-26T19:54:47.794+0530: 10090.581: [CMS-concurrent-mark-start]
2018-03-26T19:54:49.295+0530: 10092.082: [CMS-concurrent-mark: 1.500/1.500 secs] [Times: user=1.48 sys=0.00, real=1.50 secs] 
2018-03-26T19:54:49.295+0530: 10092.082: [CMS-concurrent-preclean-start]
2018-03-26T19:54:49.296+0530: 10092.083: [CMS-concurrent-preclean: 0.001/0.001 secs] [Times: user=0.00 sys=0.00, real=0.00 secs] 
2018-03-26T19:54:49.296+0530: 10092.083: [CMS-concurrent-abortable-preclean-start]
2018-03-26T19:54:49.296+0530: 10092.083: [CMS-concurrent-abortable-preclean: 0.000/0.000 secs] [Times: user=0.00 sys=0.00, real=0.00 secs] 
2018-03-26T19:54:49.297+0530: 10092.084: [GC (CMS Final Remark) [YG occupancy: 20846 K (157248 K)]2018-03-26T19:54:49.297+0530: 10092.084: [Rescan (parallel) , 0.0244123 secs]2018-03-26T19:54:49.321+0530: 10092.108: [weak refs processing, 0.0000804 secs]2018-03-26T19:54:49.321+0530: 10092.108: [class unloading, 0.0007620 secs]2018-03-26T19:54:49.322+0530: 10092.109: [scrub symbol table, 0.0011985 secs]2018-03-26T19:54:49.324+0530: 10092.110: [scrub string table, 0.0005550 secs][1 CMS-remark: 349567K(349568K)] 370414K(506816K), 0.0275016 secs] [Times: user=0.06 sys=0.00, real=0.03 secs] 
2018-03-26T19:54:49.324+0530: 10092.111: [CMS-concurrent-sweep-start]
2018-03-26T19:54:50.052+0530: 10092.839: [CMS-concurrent-sweep: 0.727/0.727 secs] [Times: user=0.72 sys=0.00, real=0.73 secs] 
2018-03-26T19:54:50.052+0530: 10092.839: [CMS-concurrent-reset-start]
2018-03-26T19:54:50.053+0530: 10092.840: [CMS-concurrent-reset: 0.001/0.001 secs] [Times: user=0.00 sys=0.00, real=0.00 secs] 
2018-03-26T19:54:52.053+0530: 10094.840: [GC (CMS Initial Mark) [1 CMS-initial-mark: 349567K(349568K)] 370414K(506816K), 0.0156248 secs] [Times: user=0.03 sys=0.00, real=0.02 secs] 
2018-03-26T19:54:52.069+0530: 10094.856: [CMS-concurrent-mark-start]
2018-03-26T19:54:52.991+0530: 10095.779: [CMS-concurrent-mark: 0.923/0.923 secs] [Times: user=0.92 sys=0.00, real=0.92 secs] 
2018-03-26T19:54:52.991+0530: 10095.779: [CMS-concurrent-preclean-start]
2018-03-26T19:54:52.992+0530: 10095.780: [CMS-concurrent-preclean: 0.001/0.001 secs] [Times: user=0.00 sys=0.00, real=0.00 secs] 
2018-03-26T19:54:52.992+0530: 10095.780: [CMS-concurrent-abortable-preclean-start]
2018-03-26T19:54:52.992+0530: 10095.780: [CMS-concurrent-abortable-preclean: 0.000/0.000 secs] [Times: user=0.00 sys=0.00, real=0.00 secs] 
2018-03-26T19:54:52.994+0530: 10095.780: [GC (CMS Final Remark) [YG occupancy: 20846 K (157248 K)]2018-03-26T19:54:52.994+0530: 10095.780: [Rescan (parallel) , 0.0145490 secs]2018-03-26T19:54:53.008+0530: 10095.795: [weak refs processing, 0.0000511 secs]2018-03-26T19:54:53.008+0530: 10095.795: [class unloading, 0.0005095 secs]2018-03-26T19:54:53.009+0530: 10095.796: [scrub symbol table, 0.0006961 secs]2018-03-26T19:54:53.009+0530: 10095.796: [scrub string table, 0.0002437 secs][1 CMS-remark: 349567K(349568K)] 370414K(506816K), 0.0163043 secs] [Times: user=0.06 sys=0.00, real=0.02 secs] 
2018-03-26T19:54:53.010+0530: 10095.797: [CMS-concurrent-sweep-start]
2018-03-26T19:54:53.458+0530: 10096.245: [CMS-concurrent-sweep: 0.448/0.448 secs] [Times: user=0.44 sys=0.00, real=0.45 secs] 
2018-03-26T19:54:53.458+0530: 10096.245: [CMS-concurrent-reset-start]
2018-03-26T19:54:53.459+0530: 10096.246: [CMS-concurrent-reset: 0.001/0.001 secs] [Times: user=0.00 sys=0.00, real=0.00 secs] 
2018-03-26T19:54:55.459+0530: 10098.246: [GC (CMS Initial Mark) [1 CMS-initial-mark: 349567K(349568K)] 370414K(506816K), 0.0156174 secs] [Times: user=0.05 sys=0.00, real=0.02 secs] 
2018-03-26T19:54:55.475+0530: 10098.262: [CMS-concurrent-mark-start]
2018-03-26T19:54:56.537+0530: 10099.324: [CMS-concurrent-mark: 1.062/1.062 secs] [Times: user=1.06 sys=0.00, real=1.06 secs] 
2018-03-26T19:54:56.537+0530: 10099.324: [CMS-concurrent-preclean-start]
2018-03-26T19:54:56.539+0530: 10099.326: [CMS-concurrent-preclean: 0.001/0.001 secs] [Times: user=0.00 sys=0.00, real=0.00 secs] 
2018-03-26T19:54:56.539+0530: 10099.326: [CMS-concurrent-abortable-preclean-start]
2018-03-26T19:54:56.539+0530: 10099.326: [CMS-concurrent-abortable-preclean: 0.000/0.000 secs] [Times: user=0.00 sys=0.00, real=0.00 secs] 
2018-03-26T19:54:56.539+0530: 10099.326: [GC (CMS Final Remark) [YG occupancy: 20846 K (157248 K)]2018-03-26T19:54:56.539+0530: 10099.326: [Rescan (parallel) , 0.0165159 secs]2018-03-26T19:54:56.556+0530: 10099.343: [weak refs processing, 0.0000423 secs]2018-03-26T19:54:56.556+0530: 10099.343: [class unloading, 0.0003773 secs]2018-03-26T19:54:56.556+0530: 10099.343: [scrub symbol table, 0.0009284 secs]2018-03-26T19:54:56.557+0530: 10099.344: [scrub string table, 0.0002631 secs][1 CMS-remark: 349567K(349568K)] 370414K(506816K), 0.0183833 secs] [Times: user=0.06 sys=0.00, real=0.02 secs] 
2018-03-26T19:54:56.558+0530: 10099.344: [CMS-concurrent-sweep-start]
2018-03-26T19:54:57.017+0530: 10099.804: [CMS-concurrent-sweep: 0.459/0.459 secs] [Times: user=0.45 sys=0.00, real=0.46 secs] 
2018-03-26T19:54:57.017+0530: 10099.804: [CMS-concurrent-reset-start]
2018-03-26T19:54:57.018+0530: 10099.805: [CMS-concurrent-reset: 0.001/0.001 secs] [Times: user=0.00 sys=0.00, real=0.00 secs] 
2018-03-26T19:54:59.018+0530: 10101.805: [GC (CMS Initial Mark) [1 CMS-initial-mark: 349567K(349568K)] 370414K(506816K), 0.0168776 secs] [Times: user=0.06 sys=0.00, real=0.02 secs] 
2018-03-26T19:54:59.036+0530: 10101.822: [CMS-concurrent-mark-start]
2018-03-26T19:55:00.385+0530: 10103.172: [CMS-concurrent-mark: 1.350/1.350 secs] [Times: user=1.34 sys=0.00, real=1.35 secs] 
2018-03-26T19:55:00.385+0530: 10103.172: [CMS-concurrent-preclean-start]
2018-03-26T19:55:00.387+0530: 10103.174: [CMS-concurrent-preclean: 0.002/0.002 secs] [Times: user=0.00 sys=0.00, real=0.00 secs] 
2018-03-26T19:55:00.387+0530: 10103.174: [CMS-concurrent-abortable-preclean-start]
2018-03-26T19:55:00.387+0530: 10103.174: [CMS-concurrent-abortable-preclean: 0.000/0.000 secs] [Times: user=0.00 sys=0.00, real=0.00 secs] 
2018-03-26T19:55:00.388+0530: 10103.175: [GC (CMS Final Remark) [YG occupancy: 20846 K (157248 K)]2018-03-26T19:55:00.388+0530: 10103.175: [Rescan (parallel) , 0.0290916 secs]2018-03-26T19:55:00.417+0530: 10103.204: [weak refs processing, 0.0000903 secs]2018-03-26T19:55:00.417+0530: 10103.204: [class unloading, 0.0006502 secs]2018-03-26T19:55:00.418+0530: 10103.205: [scrub symbol table, 0.0011612 secs]2018-03-26T19:55:00.419+0530: 10103.206: [scrub string table, 0.0003029 secs][1 CMS-remark: 349567K(349568K)] 370414K(506816K), 0.0316480 secs] [Times: user=0.08 sys=0.00, real=0.03 secs] 
2018-03-26T19:55:00.419+0530: 10103.206: [CMS-concurrent-sweep-start]
2018-03-26T19:55:01.164+0530: 10103.951: [CMS-concurrent-sweep: 0.745/0.745 secs] [Times: user=0.74 sys=0.00, real=0.75 secs] 
2018-03-26T19:55:01.164+0530: 10103.951: [CMS-concurrent-reset-start]
2018-03-26T19:55:01.166+0530: 10103.953: [CMS-concurrent-reset: 0.001/0.001 secs] [Times: user=0.00 sys=0.00, real=0.00 secs] 
2018-03-26T19:55:03.165+0530: 10105.952: [GC (CMS Initial Mark) [1 CMS-initial-mark: 349567K(349568K)] 370414K(506816K), 0.0208403 secs] [Times: user=0.05 sys=0.00, real=0.02 secs] 
2018-03-26T19:55:03.186+0530: 10105.973: [CMS-concurrent-mark-start]
2018-03-26T19:55:04.713+0530: 10107.500: [CMS-concurrent-mark: 1.527/1.527 secs] [Times: user=1.45 sys=0.00, real=1.53 secs] 
2018-03-26T19:55:04.713+0530: 10107.500: [CMS-concurrent-preclean-start]
2018-03-26T19:55:04.715+0530: 10107.502: [CMS-concurrent-preclean: 0.002/0.002 secs] [Times: user=0.00 sys=0.00, real=0.00 secs] 
2018-03-26T19:55:04.715+0530: 10107.502: [CMS-concurrent-abortable-preclean-start]
2018-03-26T19:55:04.715+0530: 10107.502: [CMS-concurrent-abortable-preclean: 0.000/0.000 secs] [Times: user=0.00 sys=0.00, real=0.00 secs] 
2018-03-26T19:55:04.715+0530: 10107.502: [GC (CMS Final Remark) [YG occupancy: 20846 K (157248 K)]2018-03-26T19:55:04.715+0530: 10107.502: [Rescan (parallel) , 0.0222938 secs]2018-03-26T19:55:04.738+0530: 10107.524: [weak refs processing, 0.0000740 secs]2018-03-26T19:55:04.738+0530: 10107.525: [class unloading, 0.0006566 secs]2018-03-26T19:55:04.739+0530: 10107.525: [scrub symbol table, 0.0011858 secs]2018-03-26T19:55:04.740+0530: 10107.527: [scrub string table, 0.0005233 secs][1 CMS-remark: 349567K(349568K)] 370414K(506816K), 0.0251133 secs] [Times: user=0.08 sys=0.00, real=0.03 secs] 
2018-03-26T19:55:04.741+0530: 10107.527: [CMS-concurrent-sweep-start]
2018-03-26T19:55:05.290+0530: 10108.077: [CMS-concurrent-sweep: 0.549/0.549 secs] [Times: user=0.55 sys=0.00, real=0.55 secs] 
2018-03-26T19:55:05.290+0530: 10108.077: [CMS-concurrent-reset-start]
2018-03-26T19:55:05.291+0530: 10108.078: [CMS-concurrent-reset: 0.001/0.001 secs] [Times: user=0.00 sys=0.00, real=0.00 secs] 
2018-03-26T19:55:07.292+0530: 10110.079: [GC (CMS Initial Mark) [1 CMS-initial-mark: 349567K(349568K)] 370414K(506816K), 0.0250337 secs] [Times: user=0.08 sys=0.00, real=0.02 secs] 
2018-03-26T19:55:07.317+0530: 10110.104: [CMS-concurrent-mark-start]
2018-03-26T19:55:09.059+0530: 10111.846: [CMS-concurrent-mark: 1.741/1.741 secs] [Times: user=1.66 sys=0.00, real=1.74 secs] 
2018-03-26T19:55:09.059+0530: 10111.846: [CMS-concurrent-preclean-start]
2018-03-26T19:55:09.061+0530: 10111.848: [CMS-concurrent-preclean: 0.002/0.002 secs] [Times: user=0.00 sys=0.00, real=0.00 secs] 
2018-03-26T19:55:09.061+0530: 10111.848: [CMS-concurrent-abortable-preclean-start]
2018-03-26T19:55:09.061+0530: 10111.848: [CMS-concurrent-abortable-preclean: 0.000/0.000 secs] [Times: user=0.00 sys=0.00, real=0.00 secs] 
2018-03-26T19:55:09.061+0530: 10111.848: [GC (CMS Final Remark) [YG occupancy: 20846 K (157248 K)]2018-03-26T19:55:09.061+0530: 10111.848: [Rescan (parallel) , 0.0177052 secs]2018-03-26T19:55:09.079+0530: 10111.866: [weak refs processing, 0.0000673 secs]2018-03-26T19:55:09.080+0530: 10111.866: [class unloading, 0.0005878 secs]2018-03-26T19:55:09.080+0530: 10111.867: [scrub symbol table, 0.0011696 secs]2018-03-26T19:55:09.081+0530: 10111.868: [scrub string table, 0.0004852 secs][1 CMS-remark: 349567K(349568K)] 370414K(506816K), 0.0203897 secs] [Times: user=0.06 sys=0.00, real=0.02 secs] 
2018-03-26T19:55:09.082+0530: 10111.869: [CMS-concurrent-sweep-start]
2018-03-26T19:55:09.693+0530: 10112.479: [CMS-concurrent-sweep: 0.611/0.611 secs] [Times: user=0.63 sys=0.00, real=0.61 secs] 
2018-03-26T19:55:09.693+0530: 10112.480: [CMS-concurrent-reset-start]
2018-03-26T19:55:09.694+0530: 10112.480: [CMS-concurrent-reset: 0.001/0.001 secs] [Times: user=0.00 sys=0.00, real=0.00 secs] 
2018-03-26T19:55:11.693+0530: 10114.480: [GC (CMS Initial Mark) [1 CMS-initial-mark: 349567K(349568K)] 370414K(506816K), 0.0148212 secs] [Times: user=0.02 sys=0.02, real=0.01 secs] 
2018-03-26T19:55:11.708+0530: 10114.495: [CMS-concurrent-mark-start]
2018-03-26T19:55:12.846+0530: 10115.633: [CMS-concurrent-mark: 1.137/1.137 secs] [Times: user=1.11 sys=0.00, real=1.14 secs] 
2018-03-26T19:55:12.846+0530: 10115.633: [CMS-concurrent-preclean-start]
2018-03-26T19:55:12.847+0530: 10115.634: [CMS-concurrent-preclean: 0.001/0.001 secs] [Times: user=0.00 sys=0.00, real=0.00 secs] 
2018-03-26T19:55:12.847+0530: 10115.634: [CMS-concurrent-abortable-preclean-start]
2018-03-26T19:55:12.847+0530: 10115.634: [CMS-concurrent-abortable-preclean: 0.000/0.000 secs] [Times: user=0.00 sys=0.00, real=0.00 secs] 
2018-03-26T19:55:12.847+0530: 10115.634: [GC (CMS Final Remark) [YG occupancy: 20846 K (157248 K)]2018-03-26T19:55:12.847+0530: 10115.634: [Rescan (parallel) , 0.0141011 secs]2018-03-26T19:55:12.861+0530: 10115.648: [weak refs processing, 0.0000402 secs]2018-03-26T19:55:12.862+0530: 10115.648: [class unloading, 0.0003805 secs]2018-03-26T19:55:12.862+0530: 10115.649: [scrub symbol table, 0.0007028 secs]2018-03-26T19:55:12.863+0530: 10115.649: [scrub string table, 0.0002387 secs][1 CMS-remark: 349567K(349568K)] 370414K(506816K), 0.0156900 secs] [Times: user=0.06 sys=0.00, real=0.02 secs] 
2018-03-26T19:55:12.863+0530: 10115.650: [CMS-concurrent-sweep-start]
2018-03-26T19:55:13.280+0530: 10116.067: [CMS-concurrent-sweep: 0.417/0.417 secs] [Times: user=0.41 sys=0.00, real=0.42 secs] 
2018-03-26T19:55:13.280+0530: 10116.067: [CMS-concurrent-reset-start]
2018-03-26T19:55:13.281+0530: 10116.068: [CMS-concurrent-reset: 0.001/0.001 secs] [Times: user=0.00 sys=0.00, real=0.00 secs] 
2018-03-26T19:55:15.281+0530: 10118.068: [GC (CMS Initial Mark) [1 CMS-initial-mark: 349567K(349568K)] 370414K(506816K), 0.0161989 secs] [Times: user=0.03 sys=0.00, real=0.02 secs] 
2018-03-26T19:55:15.298+0530: 10118.085: [CMS-concurrent-mark-start]
2018-03-26T19:55:16.546+0530: 10119.333: [CMS-concurrent-mark: 1.248/1.248 secs] [Times: user=1.24 sys=0.00, real=1.25 secs] 
2018-03-26T19:55:16.546+0530: 10119.333: [CMS-concurrent-preclean-start]
2018-03-26T19:55:16.547+0530: 10119.334: [CMS-concurrent-preclean: 0.001/0.001 secs] [Times: user=0.00 sys=0.00, real=0.00 secs] 
2018-03-26T19:55:16.547+0530: 10119.334: [CMS-concurrent-abortable-preclean-start]
2018-03-26T19:55:16.547+0530: 10119.334: [CMS-concurrent-abortable-preclean: 0.000/0.000 secs] [Times: user=0.00 sys=0.00, real=0.00 secs] 
2018-03-26T19:55:16.548+0530: 10119.334: [GC (CMS Final Remark) [YG occupancy: 20846 K (157248 K)]2018-03-26T19:55:16.548+0530: 10119.334: [Rescan (parallel) , 0.0209606 secs]2018-03-26T19:55:16.569+0530: 10119.356: [weak refs processing, 0.0002073 secs]2018-03-26T19:55:16.569+0530: 10119.356: [class unloading, 0.0005772 secs]2018-03-26T19:55:16.570+0530: 10119.356: [scrub symbol table, 0.0011428 secs]2018-03-26T19:55:16.571+0530: 10119.358: [scrub string table, 0.0005399 secs][1 CMS-remark: 349567K(349568K)] 370414K(506816K), 0.0238228 secs] [Times: user=0.11 sys=0.00, real=0.02 secs] 
2018-03-26T19:55:16.572+0530: 10119.359: [CMS-concurrent-sweep-start]
2018-03-26T19:55:17.138+0530: 10119.925: [CMS-concurrent-sweep: 0.566/0.566 secs] [Times: user=0.53 sys=0.00, real=0.57 secs] 
2018-03-26T19:55:17.138+0530: 10119.925: [CMS-concurrent-reset-start]
2018-03-26T19:55:17.139+0530: 10119.926: [CMS-concurrent-reset: 0.001/0.001 secs] [Times: user=0.00 sys=0.00, real=0.00 secs] 
2018-03-26T19:55:19.139+0530: 10121.925: [GC (CMS Initial Mark) [1 CMS-initial-mark: 349567K(349568K)] 370414K(506816K), 0.0229391 secs] [Times: user=0.05 sys=0.02, real=0.02 secs] 
2018-03-26T19:55:19.162+0530: 10121.948: [CMS-concurrent-mark-start]
2018-03-26T19:55:20.839+0530: 10123.626: [CMS-concurrent-mark: 1.677/1.677 secs] [Times: user=1.61 sys=0.00, real=1.68 secs] 
2018-03-26T19:55:20.839+0530: 10123.626: [CMS-concurrent-preclean-start]
2018-03-26T19:55:20.841+0530: 10123.627: [CMS-concurrent-preclean: 0.001/0.001 secs] [Times: user=0.00 sys=0.00, real=0.00 secs] 
2018-03-26T19:55:20.841+0530: 10123.627: [CMS-concurrent-abortable-preclean-start]
2018-03-26T19:55:20.841+0530: 10123.627: [CMS-concurrent-abortable-preclean: 0.000/0.000 secs] [Times: user=0.00 sys=0.00, real=0.00 secs] 
2018-03-26T19:55:20.841+0530: 10123.628: [GC (CMS Final Remark) [YG occupancy: 20846 K (157248 K)]2018-03-26T19:55:20.841+0530: 10123.628: [Rescan (parallel) , 0.0211341 secs]2018-03-26T19:55:20.862+0530: 10123.649: [weak refs processing, 0.0000800 secs]2018-03-26T19:55:20.862+0530: 10123.649: [class unloading, 0.0007952 secs]2018-03-26T19:55:20.863+0530: 10123.650: [scrub symbol table, 0.0014091 secs]2018-03-26T19:55:20.864+0530: 10123.651: [scrub string table, 0.0005875 secs][1 CMS-remark: 349567K(349568K)] 370414K(506816K), 0.0244536 secs] [Times: user=0.08 sys=0.00, real=0.02 secs] 
2018-03-26T19:55:20.865+0530: 10123.652: [CMS-concurrent-sweep-start]
2018-03-26T19:55:21.620+0530: 10124.407: [CMS-concurrent-sweep: 0.755/0.755 secs] [Times: user=0.73 sys=0.00, real=0.75 secs] 
2018-03-26T19:55:21.620+0530: 10124.407: [CMS-concurrent-reset-start]
2018-03-26T19:55:21.621+0530: 10124.408: [CMS-concurrent-reset: 0.001/0.001 secs] [Times: user=0.00 sys=0.00, real=0.00 secs] 
2018-03-26T19:55:23.621+0530: 10126.408: [GC (CMS Initial Mark) [1 CMS-initial-mark: 349567K(349568K)] 370414K(506816K), 0.0215498 secs] [Times: user=0.06 sys=0.00, real=0.02 secs] 
2018-03-26T19:55:23.643+0530: 10126.430: [CMS-concurrent-mark-start]
2018-03-26T19:55:25.222+0530: 10128.009: [CMS-concurrent-mark: 1.579/1.579 secs] [Times: user=1.50 sys=0.00, real=1.58 secs] 
2018-03-26T19:55:25.222+0530: 10128.009: [CMS-concurrent-preclean-start]
2018-03-26T19:55:25.224+0530: 10128.011: [CMS-concurrent-preclean: 0.001/0.001 secs] [Times: user=0.02 sys=0.00, real=0.00 secs] 
2018-03-26T19:55:25.224+0530: 10128.011: [CMS-concurrent-abortable-preclean-start]
2018-03-26T19:55:25.224+0530: 10128.011: [CMS-concurrent-abortable-preclean: 0.000/0.000 secs] [Times: user=0.00 sys=0.00, real=0.00 secs] 
2018-03-26T19:55:25.224+0530: 10128.011: [GC (CMS Final Remark) [YG occupancy: 20846 K (157248 K)]2018-03-26T19:55:25.224+0530: 10128.011: [Rescan (parallel) , 0.0185727 secs]2018-03-26T19:55:25.242+0530: 10128.030: [weak refs processing, 0.0000416 secs]2018-03-26T19:55:25.242+0530: 10128.030: [class unloading, 0.0004207 secs]2018-03-26T19:55:25.244+0530: 10128.030: [scrub symbol table, 0.0007511 secs]2018-03-26T19:55:25.244+0530: 10128.031: [scrub string table, 0.0002690 secs][1 CMS-remark: 349567K(349568K)] 370414K(506816K), 0.0202924 secs] [Times: user=0.06 sys=0.00, real=0.02 secs] 
2018-03-26T19:55:25.245+0530: 10128.032: [CMS-concurrent-sweep-start]
2018-03-26T19:55:25.666+0530: 10128.453: [CMS-concurrent-sweep: 0.421/0.421 secs] [Times: user=0.42 sys=0.00, real=0.42 secs] 
2018-03-26T19:55:25.666+0530: 10128.453: [CMS-concurrent-reset-start]
2018-03-26T19:55:25.667+0530: 10128.454: [CMS-concurrent-reset: 0.001/0.001 secs] [Times: user=0.00 sys=0.00, real=0.00 secs] 
2018-03-26T19:55:27.666+0530: 10130.453: [GC (CMS Initial Mark) [1 CMS-initial-mark: 349567K(349568K)] 370414K(506816K), 0.0153758 secs] [Times: user=0.06 sys=0.00, real=0.02 secs] 
2018-03-26T19:55:27.681+0530: 10130.469: [CMS-concurrent-mark-start]
2018-03-26T19:55:28.935+0530: 10131.722: [CMS-concurrent-mark: 1.254/1.254 secs] [Times: user=1.19 sys=0.00, real=1.25 secs] 
2018-03-26T19:55:28.935+0530: 10131.722: [CMS-concurrent-preclean-start]
2018-03-26T19:55:28.936+0530: 10131.723: [CMS-concurrent-preclean: 0.001/0.001 secs] [Times: user=0.00 sys=0.00, real=0.00 secs] 
2018-03-26T19:55:28.937+0530: 10131.723: [CMS-concurrent-abortable-preclean-start]
2018-03-26T19:55:28.937+0530: 10131.724: [CMS-concurrent-abortable-preclean: 0.000/0.000 secs] [Times: user=0.00 sys=0.00, real=0.00 secs] 
2018-03-26T19:55:28.937+0530: 10131.724: [GC (CMS Final Remark) [YG occupancy: 20846 K (157248 K)]2018-03-26T19:55:28.937+0530: 10131.724: [Rescan (parallel) , 0.0180804 secs]2018-03-26T19:55:28.955+0530: 10131.742: [weak refs processing, 0.0000582 secs]2018-03-26T19:55:28.955+0530: 10131.742: [class unloading, 0.0005504 secs]2018-03-26T19:55:28.956+0530: 10131.743: [scrub symbol table, 0.0007782 secs]2018-03-26T19:55:28.957+0530: 10131.744: [scrub string table, 0.0002422 secs][1 CMS-remark: 349567K(349568K)] 370414K(506816K), 0.0200815 secs] [Times: user=0.06 sys=0.00, real=0.02 secs] 
2018-03-26T19:55:28.957+0530: 10131.744: [CMS-concurrent-sweep-start]
2018-03-26T19:55:29.337+0530: 10132.123: [CMS-concurrent-sweep: 0.379/0.379 secs] [Times: user=0.39 sys=0.00, real=0.38 secs] 
2018-03-26T19:55:29.337+0530: 10132.124: [CMS-concurrent-reset-start]
2018-03-26T19:55:29.338+0530: 10132.124: [CMS-concurrent-reset: 0.001/0.001 secs] [Times: user=0.00 sys=0.00, real=0.00 secs] 
2018-03-26T19:55:31.338+0530: 10134.125: [GC (CMS Initial Mark) [1 CMS-initial-mark: 349567K(349568K)] 370414K(506816K), 0.0249864 secs] [Times: user=0.05 sys=0.00, real=0.02 secs] 
2018-03-26T19:55:31.363+0530: 10134.150: [CMS-concurrent-mark-start]
2018-03-26T19:55:32.525+0530: 10135.312: [CMS-concurrent-mark: 1.162/1.162 secs] [Times: user=1.17 sys=0.00, real=1.16 secs] 
2018-03-26T19:55:32.526+0530: 10135.312: [CMS-concurrent-preclean-start]
2018-03-26T19:55:32.527+0530: 10135.313: [CMS-concurrent-preclean: 0.001/0.001 secs] [Times: user=0.00 sys=0.00, real=0.00 secs] 
2018-03-26T19:55:32.527+0530: 10135.313: [CMS-concurrent-abortable-preclean-start]
2018-03-26T19:55:32.527+0530: 10135.313: [CMS-concurrent-abortable-preclean: 0.000/0.000 secs] [Times: user=0.00 sys=0.00, real=0.00 secs] 
2018-03-26T19:55:32.527+0530: 10135.314: [GC (CMS Final Remark) [YG occupancy: 20846 K (157248 K)]2018-03-26T19:55:32.527+0530: 10135.314: [Rescan (parallel) , 0.0160412 secs]2018-03-26T19:55:32.543+0530: 10135.330: [weak refs processing, 0.0000451 secs]2018-03-26T19:55:32.543+0530: 10135.330: [class unloading, 0.0003985 secs]2018-03-26T19:55:32.544+0530: 10135.330: [scrub symbol table, 0.0007098 secs]2018-03-26T19:55:32.544+0530: 10135.331: [scrub string table, 0.0002430 secs][1 CMS-remark: 349567K(349568K)] 370414K(506816K), 0.0176929 secs] [Times: user=0.06 sys=0.00, real=0.02 secs] 
2018-03-26T19:55:32.545+0530: 10135.332: [CMS-concurrent-sweep-start]
2018-03-26T19:55:33.008+0530: 10135.795: [CMS-concurrent-sweep: 0.464/0.464 secs] [Times: user=0.47 sys=0.00, real=0.46 secs] 
2018-03-26T19:55:33.008+0530: 10135.796: [CMS-concurrent-reset-start]
2018-03-26T19:55:33.009+0530: 10135.796: [CMS-concurrent-reset: 0.001/0.001 secs] [Times: user=0.00 sys=0.00, real=0.00 secs] 
2018-03-26T19:55:35.009+0530: 10137.796: [GC (CMS Initial Mark) [1 CMS-initial-mark: 349567K(349568K)] 370414K(506816K), 0.0155825 secs] [Times: user=0.05 sys=0.00, real=0.02 secs] 
2018-03-26T19:55:35.025+0530: 10137.811: [CMS-concurrent-mark-start]
2018-03-26T19:55:35.937+0530: 10138.723: [CMS-concurrent-mark: 0.912/0.912 secs] [Times: user=0.89 sys=0.00, real=0.91 secs] 
2018-03-26T19:55:35.937+0530: 10138.723: [CMS-concurrent-preclean-start]
2018-03-26T19:55:35.938+0530: 10138.724: [CMS-concurrent-preclean: 0.001/0.001 secs] [Times: user=0.00 sys=0.00, real=0.00 secs] 
2018-03-26T19:55:35.938+0530: 10138.724: [CMS-concurrent-abortable-preclean-start]
2018-03-26T19:55:35.938+0530: 10138.724: [CMS-concurrent-abortable-preclean: 0.000/0.000 secs] [Times: user=0.00 sys=0.00, real=0.00 secs] 
2018-03-26T19:55:35.938+0530: 10138.725: [GC (CMS Final Remark) [YG occupancy: 20846 K (157248 K)]2018-03-26T19:55:35.938+0530: 10138.725: [Rescan (parallel) , 0.0155264 secs]2018-03-26T19:55:35.954+0530: 10138.740: [weak refs processing, 0.0000571 secs]2018-03-26T19:55:35.954+0530: 10138.740: [class unloading, 0.0004933 secs]2018-03-26T19:55:35.954+0530: 10138.741: [scrub symbol table, 0.0008054 secs]2018-03-26T19:55:35.955+0530: 10138.742: [scrub string table, 0.0002500 secs][1 CMS-remark: 349567K(349568K)] 370414K(506816K), 0.0174133 secs] [Times: user=0.05 sys=0.00, real=0.02 secs] 
2018-03-26T19:55:35.956+0530: 10138.742: [CMS-concurrent-sweep-start]
2018-03-26T19:55:36.423+0530: 10139.210: [CMS-concurrent-sweep: 0.467/0.467 secs] [Times: user=0.47 sys=0.00, real=0.47 secs] 
2018-03-26T19:55:36.423+0530: 10139.210: [CMS-concurrent-reset-start]
2018-03-26T19:55:36.424+0530: 10139.211: [CMS-concurrent-reset: 0.001/0.001 secs] [Times: user=0.00 sys=0.00, real=0.00 secs] 
2018-03-26T19:55:38.423+0530: 10141.210: [GC (CMS Initial Mark) [1 CMS-initial-mark: 349567K(349568K)] 370414K(506816K), 0.0174619 secs] [Times: user=0.03 sys=0.00, real=0.02 secs] 
2018-03-26T19:55:38.440+0530: 10141.228: [CMS-concurrent-mark-start]
2018-03-26T19:55:39.499+0530: 10142.286: [CMS-concurrent-mark: 1.058/1.058 secs] [Times: user=1.03 sys=0.00, real=1.06 secs] 
2018-03-26T19:55:39.499+0530: 10142.286: [CMS-concurrent-preclean-start]
2018-03-26T19:55:39.500+0530: 10142.287: [CMS-concurrent-preclean: 0.001/0.001 secs] [Times: user=0.00 sys=0.00, real=0.00 secs] 
2018-03-26T19:55:39.500+0530: 10142.287: [CMS-concurrent-abortable-preclean-start]
2018-03-26T19:55:39.500+0530: 10142.287: [CMS-concurrent-abortable-preclean: 0.000/0.000 secs] [Times: user=0.00 sys=0.00, real=0.00 secs] 
2018-03-26T19:55:39.501+0530: 10142.288: [GC (CMS Final Remark) [YG occupancy: 20846 K (157248 K)]2018-03-26T19:55:39.501+0530: 10142.288: [Rescan (parallel) , 0.0241468 secs]2018-03-26T19:55:39.525+0530: 10142.312: [weak refs processing, 0.0000705 secs]2018-03-26T19:55:39.525+0530: 10142.312: [class unloading, 0.0021118 secs]2018-03-26T19:55:39.527+0530: 10142.314: [scrub symbol table, 0.0018593 secs]2018-03-26T19:55:39.529+0530: 10142.316: [scrub string table, 0.0002832 secs][1 CMS-remark: 349567K(349568K)] 370414K(506816K), 0.0289103 secs] [Times: user=0.09 sys=0.00, real=0.03 secs] 
2018-03-26T19:55:39.530+0530: 10142.317: [CMS-concurrent-sweep-start]
2018-03-26T19:55:39.959+0530: 10142.746: [CMS-concurrent-sweep: 0.429/0.429 secs] [Times: user=0.44 sys=0.00, real=0.43 secs] 
2018-03-26T19:55:39.959+0530: 10142.746: [CMS-concurrent-reset-start]
2018-03-26T19:55:39.960+0530: 10142.747: [CMS-concurrent-reset: 0.001/0.001 secs] [Times: user=0.00 sys=0.00, real=0.00 secs] 
2018-03-26T19:55:41.960+0530: 10144.747: [GC (CMS Initial Mark) [1 CMS-initial-mark: 349567K(349568K)] 370414K(506816K), 0.0148437 secs] [Times: user=0.03 sys=0.00, real=0.01 secs] 
2018-03-26T19:55:41.975+0530: 10144.762: [CMS-concurrent-mark-start]
2018-03-26T19:55:42.933+0530: 10145.719: [CMS-concurrent-mark: 0.957/0.957 secs] [Times: user=0.94 sys=0.00, real=0.96 secs] 
2018-03-26T19:55:42.933+0530: 10145.719: [CMS-concurrent-preclean-start]
2018-03-26T19:55:42.934+0530: 10145.720: [CMS-concurrent-preclean: 0.001/0.001 secs] [Times: user=0.00 sys=0.00, real=0.00 secs] 
2018-03-26T19:55:42.934+0530: 10145.720: [CMS-concurrent-abortable-preclean-start]
2018-03-26T19:55:42.934+0530: 10145.720: [CMS-concurrent-abortable-preclean: 0.000/0.000 secs] [Times: user=0.00 sys=0.00, real=0.00 secs] 
2018-03-26T19:55:42.934+0530: 10145.721: [GC (CMS Final Remark) [YG occupancy: 20846 K (157248 K)]2018-03-26T19:55:42.934+0530: 10145.721: [Rescan (parallel) , 0.0161019 secs]2018-03-26T19:55:42.950+0530: 10145.737: [weak refs processing, 0.0000536 secs]2018-03-26T19:55:42.950+0530: 10145.737: [class unloading, 0.0005952 secs]2018-03-26T19:55:42.950+0530: 10145.738: [scrub symbol table, 0.0008597 secs]2018-03-26T19:55:42.951+0530: 10145.739: [scrub string table, 0.0002236 secs][1 CMS-remark: 349567K(349568K)] 370414K(506816K), 0.0181287 secs] [Times: user=0.05 sys=0.00, real=0.02 secs] 
2018-03-26T19:55:42.952+0530: 10145.739: [CMS-concurrent-sweep-start]
2018-03-26T19:55:43.341+0530: 10146.128: [CMS-concurrent-sweep: 0.389/0.389 secs] [Times: user=0.39 sys=0.00, real=0.39 secs] 
2018-03-26T19:55:43.341+0530: 10146.128: [CMS-concurrent-reset-start]
2018-03-26T19:55:43.342+0530: 10146.129: [CMS-concurrent-reset: 0.001/0.001 secs] [Times: user=0.00 sys=0.00, real=0.00 secs] 
2018-03-26T19:55:45.342+0530: 10148.129: [GC (CMS Initial Mark) [1 CMS-initial-mark: 349567K(349568K)] 370414K(506816K), 0.0221337 secs] [Times: user=0.03 sys=0.00, real=0.02 secs] 
2018-03-26T19:55:45.364+0530: 10148.151: [CMS-concurrent-mark-start]
2018-03-26T19:55:46.407+0530: 10149.195: [CMS-concurrent-mark: 1.044/1.044 secs] [Times: user=1.03 sys=0.00, real=1.04 secs] 
2018-03-26T19:55:46.408+0530: 10149.195: [CMS-concurrent-preclean-start]
2018-03-26T19:55:46.409+0530: 10149.196: [CMS-concurrent-preclean: 0.001/0.001 secs] [Times: user=0.00 sys=0.00, real=0.00 secs] 
2018-03-26T19:55:46.409+0530: 10149.196: [CMS-concurrent-abortable-preclean-start]
2018-03-26T19:55:46.409+0530: 10149.196: [CMS-concurrent-abortable-preclean: 0.000/0.000 secs] [Times: user=0.00 sys=0.00, real=0.00 secs] 
2018-03-26T19:55:46.409+0530: 10149.196: [GC (CMS Final Remark) [YG occupancy: 20846 K (157248 K)]2018-03-26T19:55:46.409+0530: 10149.197: [Rescan (parallel) , 0.0195487 secs]2018-03-26T19:55:46.429+0530: 10149.216: [weak refs processing, 0.0000458 secs]2018-03-26T19:55:46.429+0530: 10149.216: [class unloading, 0.0004281 secs]2018-03-26T19:55:46.429+0530: 10149.217: [scrub symbol table, 0.0008237 secs]2018-03-26T19:55:46.430+0530: 10149.218: [scrub string table, 0.0003653 secs][1 CMS-remark: 349567K(349568K)] 370414K(506816K), 0.0215227 secs] [Times: user=0.09 sys=0.00, real=0.02 secs] 
2018-03-26T19:55:46.431+0530: 10149.218: [CMS-concurrent-sweep-start]
2018-03-26T19:55:46.936+0530: 10149.722: [CMS-concurrent-sweep: 0.504/0.504 secs] [Times: user=0.50 sys=0.00, real=0.51 secs] 
2018-03-26T19:55:46.936+0530: 10149.722: [CMS-concurrent-reset-start]
2018-03-26T19:55:46.937+0530: 10149.723: [CMS-concurrent-reset: 0.001/0.001 secs] [Times: user=0.00 sys=0.00, real=0.00 secs] 
2018-03-26T19:55:48.936+0530: 10151.723: [GC (CMS Initial Mark) [1 CMS-initial-mark: 349567K(349568K)] 370414K(506816K), 0.0151837 secs] [Times: user=0.06 sys=0.00, real=0.02 secs] 
2018-03-26T19:55:48.952+0530: 10151.738: [CMS-concurrent-mark-start]
2018-03-26T19:55:49.880+0530: 10152.667: [CMS-concurrent-mark: 0.929/0.929 secs] [Times: user=0.91 sys=0.00, real=0.93 secs] 
2018-03-26T19:55:49.880+0530: 10152.667: [CMS-concurrent-preclean-start]
2018-03-26T19:55:49.881+0530: 10152.668: [CMS-concurrent-preclean: 0.001/0.001 secs] [Times: user=0.00 sys=0.00, real=0.00 secs] 
2018-03-26T19:55:49.881+0530: 10152.668: [CMS-concurrent-abortable-preclean-start]
2018-03-26T19:55:49.881+0530: 10152.668: [CMS-concurrent-abortable-preclean: 0.000/0.000 secs] [Times: user=0.00 sys=0.00, real=0.00 secs] 
2018-03-26T19:55:49.882+0530: 10152.669: [GC (CMS Final Remark) [YG occupancy: 20846 K (157248 K)]2018-03-26T19:55:49.882+0530: 10152.669: [Rescan (parallel) , 0.0161604 secs]2018-03-26T19:55:49.898+0530: 10152.685: [weak refs processing, 0.0000388 secs]2018-03-26T19:55:49.898+0530: 10152.685: [class unloading, 0.0004059 secs]2018-03-26T19:55:49.898+0530: 10152.685: [scrub symbol table, 0.0007927 secs]2018-03-26T19:55:49.899+0530: 10152.686: [scrub string table, 0.0002391 secs][1 CMS-remark: 349567K(349568K)] 370414K(506816K), 0.0178660 secs] [Times: user=0.06 sys=0.00, real=0.02 secs] 
2018-03-26T19:55:49.900+0530: 10152.687: [CMS-concurrent-sweep-start]
2018-03-26T19:55:50.346+0530: 10153.133: [CMS-concurrent-sweep: 0.446/0.446 secs] [Times: user=0.41 sys=0.02, real=0.45 secs] 
2018-03-26T19:55:50.346+0530: 10153.133: [CMS-concurrent-reset-start]
2018-03-26T19:55:50.348+0530: 10153.134: [CMS-concurrent-reset: 0.001/0.001 secs] [Times: user=0.00 sys=0.00, real=0.00 secs] 
2018-03-26T19:55:52.347+0530: 10155.134: [GC (CMS Initial Mark) [1 CMS-initial-mark: 349567K(349568K)] 370414K(506816K), 0.0152612 secs] [Times: user=0.05 sys=0.00, real=0.02 secs] 
2018-03-26T19:55:52.362+0530: 10155.149: [CMS-concurrent-mark-start]
2018-03-26T19:55:53.322+0530: 10156.109: [CMS-concurrent-mark: 0.960/0.960 secs] [Times: user=0.97 sys=0.00, real=0.96 secs] 
2018-03-26T19:55:53.322+0530: 10156.109: [CMS-concurrent-preclean-start]
2018-03-26T19:55:53.324+0530: 10156.110: [CMS-concurrent-preclean: 0.001/0.001 secs] [Times: user=0.00 sys=0.00, real=0.00 secs] 
2018-03-26T19:55:53.324+0530: 10156.110: [CMS-concurrent-abortable-preclean-start]
2018-03-26T19:55:53.324+0530: 10156.110: [CMS-concurrent-abortable-preclean: 0.000/0.000 secs] [Times: user=0.00 sys=0.00, real=0.00 secs] 
2018-03-26T19:55:53.324+0530: 10156.111: [GC (CMS Final Remark) [YG occupancy: 20846 K (157248 K)]2018-03-26T19:55:53.324+0530: 10156.111: [Rescan (parallel) , 0.0175261 secs]2018-03-26T19:55:53.342+0530: 10156.128: [weak refs processing, 0.0011897 secs]2018-03-26T19:55:53.343+0530: 10156.130: [class unloading, 0.0006114 secs]2018-03-26T19:55:53.344+0530: 10156.130: [scrub symbol table, 0.0008279 secs]2018-03-26T19:55:53.344+0530: 10156.131: [scrub string table, 0.0004499 secs][1 CMS-remark: 349567K(349568K)] 370414K(506816K), 0.0210586 secs] [Times: user=0.06 sys=0.00, real=0.02 secs] 
2018-03-26T19:55:53.345+0530: 10156.132: [CMS-concurrent-sweep-start]
2018-03-26T19:55:53.790+0530: 10156.577: [CMS-concurrent-sweep: 0.445/0.445 secs] [Times: user=0.45 sys=0.00, real=0.44 secs] 
2018-03-26T19:55:53.790+0530: 10156.577: [CMS-concurrent-reset-start]
2018-03-26T19:55:53.791+0530: 10156.578: [CMS-concurrent-reset: 0.001/0.001 secs] [Times: user=0.00 sys=0.00, real=0.00 secs] 
2018-03-26T19:55:55.791+0530: 10158.578: [GC (CMS Initial Mark) [1 CMS-initial-mark: 349567K(349568K)] 370414K(506816K), 0.0184087 secs] [Times: user=0.06 sys=0.00, real=0.02 secs] 
2018-03-26T19:55:55.809+0530: 10158.597: [CMS-concurrent-mark-start]
2018-03-26T19:55:57.509+0530: 10160.297: [CMS-concurrent-mark: 1.700/1.700 secs] [Times: user=1.67 sys=0.00, real=1.70 secs] 
2018-03-26T19:55:57.509+0530: 10160.297: [CMS-concurrent-preclean-start]
2018-03-26T19:55:57.510+0530: 10160.298: [CMS-concurrent-preclean: 0.001/0.001 secs] [Times: user=0.00 sys=0.00, real=0.00 secs] 
2018-03-26T19:55:57.510+0530: 10160.298: [CMS-concurrent-abortable-preclean-start]
2018-03-26T19:55:57.510+0530: 10160.298: [CMS-concurrent-abortable-preclean: 0.000/0.000 secs] [Times: user=0.00 sys=0.00, real=0.00 secs] 
2018-03-26T19:55:57.511+0530: 10160.298: [GC (CMS Final Remark) [YG occupancy: 20846 K (157248 K)]2018-03-26T19:55:57.511+0530: 10160.298: [Rescan (parallel) , 0.0167443 secs]2018-03-26T19:55:57.528+0530: 10160.315: [weak refs processing, 0.0000406 secs]2018-03-26T19:55:57.528+0530: 10160.315: [class unloading, 0.0003960 secs]2018-03-26T19:55:57.528+0530: 10160.315: [scrub symbol table, 0.0007743 secs]2018-03-26T19:55:57.529+0530: 10160.316: [scrub string table, 0.0002754 secs][1 CMS-remark: 349567K(349568K)] 370414K(506816K), 0.0184863 secs] [Times: user=0.06 sys=0.00, real=0.02 secs] 
2018-03-26T19:55:57.530+0530: 10160.317: [CMS-concurrent-sweep-start]
2018-03-26T19:55:57.942+0530: 10160.729: [CMS-concurrent-sweep: 0.412/0.412 secs] [Times: user=0.41 sys=0.00, real=0.41 secs] 
2018-03-26T19:55:57.942+0530: 10160.729: [CMS-concurrent-reset-start]
2018-03-26T19:55:57.943+0530: 10160.730: [CMS-concurrent-reset: 0.001/0.001 secs] [Times: user=0.02 sys=0.00, real=0.00 secs] 
2018-03-26T19:55:59.943+0530: 10162.730: [GC (CMS Initial Mark) [1 CMS-initial-mark: 349567K(349568K)] 370414K(506816K), 0.0150081 secs] [Times: user=0.03 sys=0.00, real=0.01 secs] 
2018-03-26T19:55:59.958+0530: 10162.745: [CMS-concurrent-mark-start]
2018-03-26T19:56:01.309+0530: 10164.096: [CMS-concurrent-mark: 1.351/1.351 secs] [Times: user=1.33 sys=0.02, real=1.35 secs] 
2018-03-26T19:56:01.309+0530: 10164.096: [CMS-concurrent-preclean-start]
2018-03-26T19:56:01.311+0530: 10164.098: [CMS-concurrent-preclean: 0.002/0.002 secs] [Times: user=0.00 sys=0.00, real=0.00 secs] 
2018-03-26T19:56:01.311+0530: 10164.098: [CMS-concurrent-abortable-preclean-start]
2018-03-26T19:56:01.311+0530: 10164.098: [CMS-concurrent-abortable-preclean: 0.000/0.000 secs] [Times: user=0.00 sys=0.00, real=0.00 secs] 
2018-03-26T19:56:01.311+0530: 10164.098: [GC (CMS Final Remark) [YG occupancy: 20846 K (157248 K)]2018-03-26T19:56:01.311+0530: 10164.098: [Rescan (parallel) , 0.0195734 secs]2018-03-26T19:56:01.331+0530: 10164.118: [weak refs processing, 0.0000473 secs]2018-03-26T19:56:01.331+0530: 10164.118: [class unloading, 0.0004309 secs]2018-03-26T19:56:01.331+0530: 10164.118: [scrub symbol table, 0.0008114 secs]2018-03-26T19:56:01.332+0530: 10164.119: [scrub string table, 0.0002623 secs][1 CMS-remark: 349567K(349568K)] 370414K(506816K), 0.0214176 secs] [Times: user=0.08 sys=0.00, real=0.02 secs] 
2018-03-26T19:56:01.333+0530: 10164.120: [CMS-concurrent-sweep-start]
2018-03-26T19:56:01.978+0530: 10164.765: [CMS-concurrent-sweep: 0.645/0.645 secs] [Times: user=0.64 sys=0.00, real=0.64 secs] 
2018-03-26T19:56:01.978+0530: 10164.765: [CMS-concurrent-reset-start]
2018-03-26T19:56:01.979+0530: 10164.766: [CMS-concurrent-reset: 0.001/0.001 secs] [Times: user=0.00 sys=0.00, real=0.00 secs] 
2018-03-26T19:56:03.979+0530: 10166.766: [GC (CMS Initial Mark) [1 CMS-initial-mark: 349567K(349568K)] 370414K(506816K), 0.0188287 secs] [Times: user=0.06 sys=0.00, real=0.02 secs] 
2018-03-26T19:56:03.998+0530: 10166.785: [CMS-concurrent-mark-start]
2018-03-26T19:56:05.356+0530: 10168.142: [CMS-concurrent-mark: 1.357/1.357 secs] [Times: user=1.33 sys=0.00, real=1.36 secs] 
2018-03-26T19:56:05.356+0530: 10168.142: [CMS-concurrent-preclean-start]
2018-03-26T19:56:05.357+0530: 10168.144: [CMS-concurrent-preclean: 0.001/0.001 secs] [Times: user=0.00 sys=0.00, real=0.00 secs] 
2018-03-26T19:56:05.357+0530: 10168.144: [CMS-concurrent-abortable-preclean-start]
2018-03-26T19:56:05.357+0530: 10168.144: [CMS-concurrent-abortable-preclean: 0.000/0.000 secs] [Times: user=0.00 sys=0.00, real=0.00 secs] 
2018-03-26T19:56:05.357+0530: 10168.144: [GC (CMS Final Remark) [YG occupancy: 20846 K (157248 K)]2018-03-26T19:56:05.357+0530: 10168.144: [Rescan (parallel) , 0.0156541 secs]2018-03-26T19:56:05.373+0530: 10168.160: [weak refs processing, 0.0000430 secs]2018-03-26T19:56:05.373+0530: 10168.160: [class unloading, 0.0004422 secs]2018-03-26T19:56:05.374+0530: 10168.160: [scrub symbol table, 0.0008431 secs]2018-03-26T19:56:05.374+0530: 10168.161: [scrub string table, 0.0002835 secs][1 CMS-remark: 349567K(349568K)] 370414K(506816K), 0.0175092 secs] [Times: user=0.06 sys=0.00, real=0.02 secs] 
2018-03-26T19:56:05.375+0530: 10168.162: [CMS-concurrent-sweep-start]
2018-03-26T19:56:05.778+0530: 10168.565: [CMS-concurrent-sweep: 0.403/0.403 secs] [Times: user=0.41 sys=0.00, real=0.40 secs] 
2018-03-26T19:56:05.778+0530: 10168.565: [CMS-concurrent-reset-start]
2018-03-26T19:56:05.779+0530: 10168.566: [CMS-concurrent-reset: 0.001/0.001 secs] [Times: user=0.00 sys=0.00, real=0.00 secs] 
2018-03-26T19:56:07.779+0530: 10170.566: [GC (CMS Initial Mark) [1 CMS-initial-mark: 349567K(349568K)] 378799K(506816K), 0.0268711 secs] [Times: user=0.09 sys=0.00, real=0.03 secs] 
2018-03-26T19:56:07.806+0530: 10170.593: [CMS-concurrent-mark-start]
2018-03-26T19:56:08.671+0530: 10171.458: [CMS-concurrent-mark: 0.865/0.865 secs] [Times: user=0.86 sys=0.00, real=0.87 secs] 
2018-03-26T19:56:08.671+0530: 10171.458: [CMS-concurrent-preclean-start]
2018-03-26T19:56:08.672+0530: 10171.459: [CMS-concurrent-preclean: 0.001/0.001 secs] [Times: user=0.00 sys=0.00, real=0.00 secs] 
2018-03-26T19:56:08.672+0530: 10171.459: [CMS-concurrent-abortable-preclean-start]
2018-03-26T19:56:08.672+0530: 10171.459: [CMS-concurrent-abortable-preclean: 0.000/0.000 secs] [Times: user=0.00 sys=0.00, real=0.00 secs] 
2018-03-26T19:56:08.673+0530: 10171.460: [GC (CMS Final Remark) [YG occupancy: 29231 K (157248 K)]2018-03-26T19:56:08.673+0530: 10171.460: [Rescan (parallel) , 0.0296811 secs]2018-03-26T19:56:08.702+0530: 10171.489: [weak refs processing, 0.0000744 secs]2018-03-26T19:56:08.703+0530: 10171.489: [class unloading, 0.0005007 secs]2018-03-26T19:56:08.703+0530: 10171.490: [scrub symbol table, 0.0007740 secs]2018-03-26T19:56:08.704+0530: 10171.491: [scrub string table, 0.0002426 secs][1 CMS-remark: 349567K(349568K)] 378799K(506816K), 0.0316029 secs] [Times: user=0.09 sys=0.00, real=0.03 secs] 
2018-03-26T19:56:08.704+0530: 10171.491: [CMS-concurrent-sweep-start]
2018-03-26T19:56:09.093+0530: 10171.880: [CMS-concurrent-sweep: 0.389/0.389 secs] [Times: user=0.39 sys=0.00, real=0.39 secs] 
2018-03-26T19:56:09.093+0530: 10171.880: [CMS-concurrent-reset-start]
2018-03-26T19:56:09.094+0530: 10171.881: [CMS-concurrent-reset: 0.001/0.001 secs] [Times: user=0.00 sys=0.00, real=0.00 secs] 
2018-03-26T19:56:11.094+0530: 10173.880: [GC (CMS Initial Mark) [1 CMS-initial-mark: 349567K(349568K)] 378799K(506816K), 0.0213640 secs] [Times: user=0.06 sys=0.00, real=0.02 secs] 
2018-03-26T19:56:11.115+0530: 10173.902: [CMS-concurrent-mark-start]
2018-03-26T19:56:12.124+0530: 10174.911: [CMS-concurrent-mark: 1.009/1.009 secs] [Times: user=1.00 sys=0.00, real=1.01 secs] 
2018-03-26T19:56:12.124+0530: 10174.911: [CMS-concurrent-preclean-start]
2018-03-26T19:56:12.125+0530: 10174.912: [CMS-concurrent-preclean: 0.001/0.001 secs] [Times: user=0.00 sys=0.00, real=0.00 secs] 
2018-03-26T19:56:12.125+0530: 10174.912: [CMS-concurrent-abortable-preclean-start]
2018-03-26T19:56:12.125+0530: 10174.912: [CMS-concurrent-abortable-preclean: 0.000/0.000 secs] [Times: user=0.00 sys=0.00, real=0.00 secs] 
2018-03-26T19:56:12.126+0530: 10174.912: [GC (CMS Final Remark) [YG occupancy: 29231 K (157248 K)]2018-03-26T19:56:12.126+0530: 10174.912: [Rescan (parallel) , 0.0265072 secs]2018-03-26T19:56:12.152+0530: 10174.939: [weak refs processing, 0.0000448 secs]2018-03-26T19:56:12.152+0530: 10174.939: [class unloading, 0.0004461 secs]2018-03-26T19:56:12.153+0530: 10174.940: [scrub symbol table, 0.0008399 secs]2018-03-26T19:56:12.153+0530: 10174.940: [scrub string table, 0.0002856 secs][1 CMS-remark: 349567K(349568K)] 378799K(506816K), 0.0283722 secs] [Times: user=0.13 sys=0.00, real=0.03 secs] 
2018-03-26T19:56:12.154+0530: 10174.941: [CMS-concurrent-sweep-start]
2018-03-26T19:56:12.638+0530: 10175.425: [CMS-concurrent-sweep: 0.484/0.484 secs] [Times: user=0.48 sys=0.00, real=0.48 secs] 
2018-03-26T19:56:12.638+0530: 10175.425: [CMS-concurrent-reset-start]
2018-03-26T19:56:12.639+0530: 10175.425: [CMS-concurrent-reset: 0.001/0.001 secs] [Times: user=0.00 sys=0.00, real=0.00 secs] 
2018-03-26T19:56:14.638+0530: 10177.425: [GC (CMS Initial Mark) [1 CMS-initial-mark: 349567K(349568K)] 378799K(506816K), 0.0216168 secs] [Times: user=0.06 sys=0.00, real=0.02 secs] 
2018-03-26T19:56:14.660+0530: 10177.447: [CMS-concurrent-mark-start]
2018-03-26T19:56:15.632+0530: 10178.419: [CMS-concurrent-mark: 0.972/0.972 secs] [Times: user=0.97 sys=0.00, real=0.97 secs] 
2018-03-26T19:56:15.632+0530: 10178.419: [CMS-concurrent-preclean-start]
2018-03-26T19:56:15.633+0530: 10178.420: [CMS-concurrent-preclean: 0.001/0.001 secs] [Times: user=0.00 sys=0.00, real=0.00 secs] 
2018-03-26T19:56:15.633+0530: 10178.420: [CMS-concurrent-abortable-preclean-start]
2018-03-26T19:56:15.633+0530: 10178.420: [CMS-concurrent-abortable-preclean: 0.000/0.000 secs] [Times: user=0.00 sys=0.00, real=0.00 secs] 
2018-03-26T19:56:15.633+0530: 10178.420: [GC (CMS Final Remark) [YG occupancy: 29231 K (157248 K)]2018-03-26T19:56:15.633+0530: 10178.420: [Rescan (parallel) , 0.0216440 secs]2018-03-26T19:56:15.655+0530: 10178.442: [weak refs processing, 0.0000363 secs]2018-03-26T19:56:15.655+0530: 10178.442: [class unloading, 0.0003674 secs]2018-03-26T19:56:15.655+0530: 10178.443: [scrub symbol table, 0.0006643 secs]2018-03-26T19:56:15.656+0530: 10178.443: [scrub string table, 0.0002514 secs][1 CMS-remark: 349567K(349568K)] 378799K(506816K), 0.0232149 secs] [Times: user=0.06 sys=0.00, real=0.02 secs] 
2018-03-26T19:56:15.656+0530: 10178.444: [CMS-concurrent-sweep-start]
2018-03-26T19:56:16.027+0530: 10178.814: [CMS-concurrent-sweep: 0.370/0.370 secs] [Times: user=0.38 sys=0.00, real=0.37 secs] 
2018-03-26T19:56:16.028+0530: 10178.814: [CMS-concurrent-reset-start]
2018-03-26T19:56:16.028+0530: 10178.815: [CMS-concurrent-reset: 0.001/0.001 secs] [Times: user=0.00 sys=0.00, real=0.00 secs] 
2018-03-26T19:56:18.029+0530: 10180.815: [GC (CMS Initial Mark) [1 CMS-initial-mark: 349567K(349568K)] 378799K(506816K), 0.0262787 secs] [Times: user=0.08 sys=0.00, real=0.03 secs] 
2018-03-26T19:56:18.055+0530: 10180.842: [CMS-concurrent-mark-start]
2018-03-26T19:56:19.672+0530: 10182.459: [CMS-concurrent-mark: 1.617/1.617 secs] [Times: user=1.47 sys=0.03, real=1.62 secs] 
2018-03-26T19:56:19.672+0530: 10182.459: [CMS-concurrent-preclean-start]
2018-03-26T19:56:19.674+0530: 10182.461: [CMS-concurrent-preclean: 0.002/0.002 secs] [Times: user=0.00 sys=0.00, real=0.00 secs] 
2018-03-26T19:56:19.674+0530: 10182.462: [CMS-concurrent-abortable-preclean-start]
2018-03-26T19:56:19.674+0530: 10182.462: [CMS-concurrent-abortable-preclean: 0.000/0.000 secs] [Times: user=0.00 sys=0.00, real=0.00 secs] 
2018-03-26T19:56:19.675+0530: 10182.462: [GC (CMS Final Remark) [YG occupancy: 29231 K (157248 K)]2018-03-26T19:56:19.675+0530: 10182.462: [Rescan (parallel) , 0.0289921 secs]2018-03-26T19:56:19.704+0530: 10182.491: [weak refs processing, 0.0000829 secs]2018-03-26T19:56:19.704+0530: 10182.491: [class unloading, 0.0007081 secs]2018-03-26T19:56:19.705+0530: 10182.492: [scrub symbol table, 0.0011763 secs]2018-03-26T19:56:19.706+0530: 10182.493: [scrub string table, 0.0004806 secs][1 CMS-remark: 349567K(349568K)] 378799K(506816K), 0.0318399 secs] [Times: user=0.13 sys=0.00, real=0.03 secs] 
2018-03-26T19:56:19.707+0530: 10182.494: [CMS-concurrent-sweep-start]
2018-03-26T19:56:20.258+0530: 10183.044: [CMS-concurrent-sweep: 0.550/0.550 secs] [Times: user=0.56 sys=0.00, real=0.55 secs] 
2018-03-26T19:56:20.258+0530: 10183.044: [CMS-concurrent-reset-start]
2018-03-26T19:56:20.259+0530: 10183.045: [CMS-concurrent-reset: 0.001/0.001 secs] [Times: user=0.00 sys=0.00, real=0.00 secs] 
2018-03-26T19:56:22.259+0530: 10185.046: [GC (CMS Initial Mark) [1 CMS-initial-mark: 349567K(349568K)] 378799K(506816K), 0.0226137 secs] [Times: user=0.06 sys=0.00, real=0.02 secs] 
2018-03-26T19:56:22.282+0530: 10185.068: [CMS-concurrent-mark-start]
2018-03-26T19:56:23.113+0530: 10185.900: [CMS-concurrent-mark: 0.832/0.832 secs] [Times: user=0.83 sys=0.00, real=0.83 secs] 
2018-03-26T19:56:23.113+0530: 10185.901: [CMS-concurrent-preclean-start]
2018-03-26T19:56:23.115+0530: 10185.902: [CMS-concurrent-preclean: 0.001/0.001 secs] [Times: user=0.02 sys=0.00, real=0.00 secs] 
2018-03-26T19:56:23.115+0530: 10185.902: [CMS-concurrent-abortable-preclean-start]
2018-03-26T19:56:23.115+0530: 10185.902: [CMS-concurrent-abortable-preclean: 0.000/0.000 secs] [Times: user=0.00 sys=0.00, real=0.00 secs] 
2018-03-26T19:56:23.116+0530: 10185.902: [GC (CMS Final Remark) [YG occupancy: 29231 K (157248 K)]2018-03-26T19:56:23.116+0530: 10185.902: [Rescan (parallel) , 0.0209504 secs]2018-03-26T19:56:23.136+0530: 10185.923: [weak refs processing, 0.0000349 secs]2018-03-26T19:56:23.136+0530: 10185.923: [class unloading, 0.0003745 secs]2018-03-26T19:56:23.137+0530: 10185.924: [scrub symbol table, 0.0006664 secs]2018-03-26T19:56:23.137+0530: 10185.924: [scrub string table, 0.0002232 secs][1 CMS-remark: 349567K(349568K)] 378799K(506816K), 0.0224613 secs] [Times: user=0.06 sys=0.00, real=0.02 secs] 
2018-03-26T19:56:23.138+0530: 10185.925: [CMS-concurrent-sweep-start]
2018-03-26T19:56:23.499+0530: 10186.286: [CMS-concurrent-sweep: 0.361/0.361 secs] [Times: user=0.36 sys=0.00, real=0.36 secs] 
2018-03-26T19:56:23.499+0530: 10186.286: [CMS-concurrent-reset-start]
2018-03-26T19:56:23.500+0530: 10186.287: [CMS-concurrent-reset: 0.001/0.001 secs] [Times: user=0.00 sys=0.00, real=0.00 secs] 
2018-03-26T19:56:25.500+0530: 10188.287: [GC (CMS Initial Mark) [1 CMS-initial-mark: 349567K(349568K)] 378799K(506816K), 0.0284290 secs] [Times: user=0.09 sys=0.00, real=0.03 secs] 
2018-03-26T19:56:25.528+0530: 10188.315: [CMS-concurrent-mark-start]
2018-03-26T19:56:26.988+0530: 10189.775: [CMS-concurrent-mark: 1.460/1.460 secs] [Times: user=1.41 sys=0.00, real=1.46 secs] 
2018-03-26T19:56:26.988+0530: 10189.776: [CMS-concurrent-preclean-start]
2018-03-26T19:56:26.991+0530: 10189.778: [CMS-concurrent-preclean: 0.002/0.002 secs] [Times: user=0.02 sys=0.00, real=0.00 secs] 
2018-03-26T19:56:26.991+0530: 10189.778: [CMS-concurrent-abortable-preclean-start]
2018-03-26T19:56:26.991+0530: 10189.778: [CMS-concurrent-abortable-preclean: 0.000/0.000 secs] [Times: user=0.00 sys=0.00, real=0.00 secs] 
2018-03-26T19:56:26.991+0530: 10189.778: [GC (CMS Final Remark) [YG occupancy: 29231 K (157248 K)]2018-03-26T19:56:26.991+0530: 10189.778: [Rescan (parallel) , 0.0513188 secs]2018-03-26T19:56:27.042+0530: 10189.830: [weak refs processing, 0.0001238 secs]2018-03-26T19:56:27.043+0530: 10189.830: [class unloading, 0.0006114 secs]2018-03-26T19:56:27.043+0530: 10189.831: [scrub symbol table, 0.0013692 secs]2018-03-26T19:56:27.045+0530: 10189.832: [scrub string table, 0.0008188 secs][1 CMS-remark: 349567K(349568K)] 378799K(506816K), 0.0546824 secs] [Times: user=0.14 sys=0.00, real=0.06 secs] 
2018-03-26T19:56:27.046+0530: 10189.833: [CMS-concurrent-sweep-start]
2018-03-26T19:56:27.830+0530: 10190.617: [CMS-concurrent-sweep: 0.784/0.784 secs] [Times: user=0.75 sys=0.00, real=0.78 secs] 
2018-03-26T19:56:27.830+0530: 10190.617: [CMS-concurrent-reset-start]
2018-03-26T19:56:27.831+0530: 10190.618: [CMS-concurrent-reset: 0.001/0.001 secs] [Times: user=0.00 sys=0.00, real=0.00 secs] 
2018-03-26T19:56:29.832+0530: 10192.619: [GC (CMS Initial Mark) [1 CMS-initial-mark: 349567K(349568K)] 378799K(506816K), 0.0221242 secs] [Times: user=0.11 sys=0.00, real=0.02 secs] 
2018-03-26T19:56:29.854+0530: 10192.641: [CMS-concurrent-mark-start]
2018-03-26T19:56:30.758+0530: 10193.545: [CMS-concurrent-mark: 0.904/0.904 secs] [Times: user=0.91 sys=0.00, real=0.90 secs] 
2018-03-26T19:56:30.758+0530: 10193.545: [CMS-concurrent-preclean-start]
2018-03-26T19:56:30.759+0530: 10193.546: [CMS-concurrent-preclean: 0.001/0.001 secs] [Times: user=0.00 sys=0.00, real=0.00 secs] 
2018-03-26T19:56:30.759+0530: 10193.546: [CMS-concurrent-abortable-preclean-start]
2018-03-26T19:56:30.759+0530: 10193.546: [CMS-concurrent-abortable-preclean: 0.000/0.000 secs] [Times: user=0.00 sys=0.00, real=0.00 secs] 
2018-03-26T19:56:30.760+0530: 10193.546: [GC (CMS Final Remark) [YG occupancy: 29231 K (157248 K)]2018-03-26T19:56:30.760+0530: 10193.546: [Rescan (parallel) , 0.0274399 secs]2018-03-26T19:56:30.787+0530: 10193.574: [weak refs processing, 0.0000515 secs]2018-03-26T19:56:30.787+0530: 10193.574: [class unloading, 0.0003854 secs]2018-03-26T19:56:30.787+0530: 10193.574: [scrub symbol table, 0.0007193 secs]2018-03-26T19:56:30.788+0530: 10193.575: [scrub string table, 0.0002712 secs][1 CMS-remark: 349567K(349568K)] 378799K(506816K), 0.0291067 secs] [Times: user=0.13 sys=0.00, real=0.03 secs] 
2018-03-26T19:56:30.789+0530: 10193.576: [CMS-concurrent-sweep-start]
2018-03-26T19:56:31.141+0530: 10193.927: [CMS-concurrent-sweep: 0.352/0.352 secs] [Times: user=0.34 sys=0.00, real=0.35 secs] 
2018-03-26T19:56:31.141+0530: 10193.927: [CMS-concurrent-reset-start]
2018-03-26T19:56:31.141+0530: 10193.928: [CMS-concurrent-reset: 0.001/0.001 secs] [Times: user=0.00 sys=0.00, real=0.00 secs] 
2018-03-26T19:56:33.142+0530: 10195.929: [GC (CMS Initial Mark) [1 CMS-initial-mark: 349567K(349568K)] 378799K(506816K), 0.0270757 secs] [Times: user=0.09 sys=0.00, real=0.03 secs] 
2018-03-26T19:56:33.168+0530: 10195.956: [CMS-concurrent-mark-start]
2018-03-26T19:56:34.889+0530: 10197.676: [CMS-concurrent-mark: 1.720/1.720 secs] [Times: user=1.66 sys=0.00, real=1.72 secs] 
2018-03-26T19:56:34.889+0530: 10197.676: [CMS-concurrent-preclean-start]
2018-03-26T19:56:34.890+0530: 10197.678: [CMS-concurrent-preclean: 0.001/0.001 secs] [Times: user=0.00 sys=0.00, real=0.00 secs] 
2018-03-26T19:56:34.890+0530: 10197.678: [CMS-concurrent-abortable-preclean-start]
2018-03-26T19:56:34.890+0530: 10197.678: [CMS-concurrent-abortable-preclean: 0.000/0.000 secs] [Times: user=0.00 sys=0.00, real=0.00 secs] 
2018-03-26T19:56:34.890+0530: 10197.678: [GC (CMS Final Remark) [YG occupancy: 29231 K (157248 K)]2018-03-26T19:56:34.891+0530: 10197.678: [Rescan (parallel) , 0.0315676 secs]2018-03-26T19:56:34.922+0530: 10197.710: [weak refs processing, 0.0000853 secs]2018-03-26T19:56:34.922+0530: 10197.710: [class unloading, 0.0005265 secs]2018-03-26T19:56:34.923+0530: 10197.710: [scrub symbol table, 0.0009027 secs]2018-03-26T19:56:34.924+0530: 10197.711: [scrub string table, 0.0004887 secs][1 CMS-remark: 349567K(349568K)] 378799K(506816K), 0.0339503 secs] [Times: user=0.11 sys=0.00, real=0.03 secs] 
2018-03-26T19:56:34.925+0530: 10197.712: [CMS-concurrent-sweep-start]
2018-03-26T19:56:35.693+0530: 10198.479: [CMS-concurrent-sweep: 0.767/0.767 secs] [Times: user=0.78 sys=0.00, real=0.77 secs] 
2018-03-26T19:56:35.693+0530: 10198.479: [CMS-concurrent-reset-start]
2018-03-26T19:56:35.694+0530: 10198.481: [CMS-concurrent-reset: 0.001/0.001 secs] [Times: user=0.00 sys=0.00, real=0.00 secs] 
2018-03-26T19:56:37.694+0530: 10200.481: [GC (CMS Initial Mark) [1 CMS-initial-mark: 349567K(349568K)] 378799K(506816K), 0.0291815 secs] [Times: user=0.02 sys=0.02, real=0.03 secs] 
2018-03-26T19:56:37.724+0530: 10200.511: [CMS-concurrent-mark-start]
2018-03-26T19:56:39.277+0530: 10202.064: [CMS-concurrent-mark: 1.554/1.554 secs] [Times: user=1.44 sys=0.00, real=1.55 secs] 
2018-03-26T19:56:39.277+0530: 10202.064: [CMS-concurrent-preclean-start]
2018-03-26T19:56:39.278+0530: 10202.065: [CMS-concurrent-preclean: 0.001/0.001 secs] [Times: user=0.00 sys=0.00, real=0.00 secs] 
2018-03-26T19:56:39.278+0530: 10202.065: [CMS-concurrent-abortable-preclean-start]
2018-03-26T19:56:39.278+0530: 10202.065: [CMS-concurrent-abortable-preclean: 0.000/0.000 secs] [Times: user=0.00 sys=0.00, real=0.00 secs] 
2018-03-26T19:56:39.279+0530: 10202.066: [GC (CMS Final Remark) [YG occupancy: 29231 K (157248 K)]2018-03-26T19:56:39.279+0530: 10202.066: [Rescan (parallel) , 0.0227670 secs]2018-03-26T19:56:39.301+0530: 10202.088: [weak refs processing, 0.0000395 secs]2018-03-26T19:56:39.302+0530: 10202.089: [class unloading, 0.0003710 secs]2018-03-26T19:56:39.302+0530: 10202.089: [scrub symbol table, 0.0006795 secs]2018-03-26T19:56:39.303+0530: 10202.090: [scrub string table, 0.0002006 secs][1 CMS-remark: 349567K(349568K)] 378799K(506816K), 0.0242893 secs] [Times: user=0.05 sys=0.01, real=0.02 secs] 
2018-03-26T19:56:39.303+0530: 10202.090: [CMS-concurrent-sweep-start]
2018-03-26T19:56:39.688+0530: 10202.476: [CMS-concurrent-sweep: 0.385/0.385 secs] [Times: user=0.38 sys=0.00, real=0.39 secs] 
2018-03-26T19:56:39.689+0530: 10202.476: [CMS-concurrent-reset-start]
2018-03-26T19:56:39.690+0530: 10202.477: [CMS-concurrent-reset: 0.001/0.001 secs] [Times: user=0.00 sys=0.00, real=0.00 secs] 
2018-03-26T19:56:41.689+0530: 10204.476: [GC (CMS Initial Mark) [1 CMS-initial-mark: 349567K(349568K)] 378799K(506816K), 0.0285919 secs] [Times: user=0.09 sys=0.00, real=0.03 secs] 
2018-03-26T19:56:41.719+0530: 10204.505: [CMS-concurrent-mark-start]
2018-03-26T19:56:43.416+0530: 10206.203: [CMS-concurrent-mark: 1.698/1.698 secs] [Times: user=1.63 sys=0.02, real=1.70 secs] 
2018-03-26T19:56:43.417+0530: 10206.203: [CMS-concurrent-preclean-start]
2018-03-26T19:56:43.419+0530: 10206.206: [CMS-concurrent-preclean: 0.003/0.003 secs] [Times: user=0.00 sys=0.00, real=0.00 secs] 
2018-03-26T19:56:43.419+0530: 10206.206: [CMS-concurrent-abortable-preclean-start]
2018-03-26T19:56:43.419+0530: 10206.206: [CMS-concurrent-abortable-preclean: 0.000/0.000 secs] [Times: user=0.00 sys=0.00, real=0.00 secs] 
2018-03-26T19:56:43.420+0530: 10206.207: [GC (CMS Final Remark) [YG occupancy: 29231 K (157248 K)]2018-03-26T19:56:43.420+0530: 10206.207: [Rescan (parallel) , 0.0334721 secs]2018-03-26T19:56:43.453+0530: 10206.240: [weak refs processing, 0.0000691 secs]2018-03-26T19:56:43.454+0530: 10206.240: [class unloading, 0.0006795 secs]2018-03-26T19:56:43.454+0530: 10206.241: [scrub symbol table, 0.0013890 secs]2018-03-26T19:56:43.456+0530: 10206.243: [scrub string table, 0.0005293 secs][1 CMS-remark: 349567K(349568K)] 378799K(506816K), 0.0367508 secs] [Times: user=0.13 sys=0.00, real=0.04 secs] 
2018-03-26T19:56:43.457+0530: 10206.244: [CMS-concurrent-sweep-start]
2018-03-26T19:56:44.097+0530: 10206.884: [CMS-concurrent-sweep: 0.640/0.640 secs] [Times: user=0.63 sys=0.00, real=0.64 secs] 
2018-03-26T19:56:44.097+0530: 10206.885: [CMS-concurrent-reset-start]
2018-03-26T19:56:44.099+0530: 10206.886: [CMS-concurrent-reset: 0.001/0.001 secs] [Times: user=0.02 sys=0.00, real=0.00 secs] 
2018-03-26T19:56:46.098+0530: 10208.885: [GC (CMS Initial Mark) [1 CMS-initial-mark: 349567K(349568K)] 378799K(506816K), 0.0323434 secs] [Times: user=0.14 sys=0.00, real=0.03 secs] 
2018-03-26T19:56:46.131+0530: 10208.918: [CMS-concurrent-mark-start]
2018-03-26T19:56:48.011+0530: 10210.798: [CMS-concurrent-mark: 1.880/1.880 secs] [Times: user=1.84 sys=0.00, real=1.88 secs] 
2018-03-26T19:56:48.011+0530: 10210.798: [CMS-concurrent-preclean-start]
2018-03-26T19:56:48.013+0530: 10210.800: [CMS-concurrent-preclean: 0.002/0.002 secs] [Times: user=0.00 sys=0.00, real=0.00 secs] 
2018-03-26T19:56:48.013+0530: 10210.800: [CMS-concurrent-abortable-preclean-start]
2018-03-26T19:56:48.013+0530: 10210.800: [CMS-concurrent-abortable-preclean: 0.000/0.000 secs] [Times: user=0.00 sys=0.00, real=0.00 secs] 
2018-03-26T19:56:48.013+0530: 10210.800: [GC (CMS Final Remark) [YG occupancy: 29231 K (157248 K)]2018-03-26T19:56:48.014+0530: 10210.801: [Rescan (parallel) , 0.0349838 secs]2018-03-26T19:56:48.049+0530: 10210.836: [weak refs processing, 0.0000889 secs]2018-03-26T19:56:48.049+0530: 10210.836: [class unloading, 0.0005191 secs]2018-03-26T19:56:48.050+0530: 10210.836: [scrub symbol table, 0.0009129 secs]2018-03-26T19:56:48.051+0530: 10210.837: [scrub string table, 0.0005776 secs][1 CMS-remark: 349567K(349568K)] 378799K(506816K), 0.0374747 secs] [Times: user=0.06 sys=0.00, real=0.04 secs] 
2018-03-26T19:56:48.052+0530: 10210.838: [CMS-concurrent-sweep-start]
2018-03-26T19:56:48.803+0530: 10211.589: [CMS-concurrent-sweep: 0.751/0.751 secs] [Times: user=0.73 sys=0.00, real=0.75 secs] 
2018-03-26T19:56:48.803+0530: 10211.590: [CMS-concurrent-reset-start]
2018-03-26T19:56:48.804+0530: 10211.591: [CMS-concurrent-reset: 0.001/0.001 secs] [Times: user=0.00 sys=0.00, real=0.00 secs] 
2018-03-26T19:56:50.804+0530: 10213.591: [GC (CMS Initial Mark) [1 CMS-initial-mark: 349567K(349568K)] 378799K(506816K), 0.0297460 secs] [Times: user=0.05 sys=0.00, real=0.03 secs] 
2018-03-26T19:56:50.834+0530: 10213.621: [CMS-concurrent-mark-start]
2018-03-26T19:56:52.904+0530: 10215.692: [CMS-concurrent-mark: 2.071/2.071 secs] [Times: user=1.92 sys=0.00, real=2.07 secs] 
2018-03-26T19:56:52.904+0530: 10215.692: [CMS-concurrent-preclean-start]
2018-03-26T19:56:52.906+0530: 10215.693: [CMS-concurrent-preclean: 0.002/0.002 secs] [Times: user=0.00 sys=0.00, real=0.00 secs] 
2018-03-26T19:56:52.906+0530: 10215.693: [CMS-concurrent-abortable-preclean-start]
2018-03-26T19:56:52.906+0530: 10215.694: [CMS-concurrent-abortable-preclean: 0.000/0.000 secs] [Times: user=0.00 sys=0.00, real=0.00 secs] 
2018-03-26T19:56:52.906+0530: 10215.694: [GC (CMS Final Remark) [YG occupancy: 29231 K (157248 K)]2018-03-26T19:56:52.906+0530: 10215.694: [Rescan (parallel) , 0.0260129 secs]2018-03-26T19:56:52.933+0530: 10215.720: [weak refs processing, 0.0000635 secs]2018-03-26T19:56:52.933+0530: 10215.720: [class unloading, 0.0010445 secs]2018-03-26T19:56:52.934+0530: 10215.721: [scrub symbol table, 0.0012373 secs]2018-03-26T19:56:52.935+0530: 10215.722: [scrub string table, 0.0005511 secs][1 CMS-remark: 349567K(349568K)] 378799K(506816K), 0.0294029 secs] [Times: user=0.13 sys=0.00, real=0.03 secs] 
2018-03-26T19:56:52.936+0530: 10215.723: [CMS-concurrent-sweep-start]
2018-03-26T19:56:53.546+0530: 10216.333: [CMS-concurrent-sweep: 0.610/0.610 secs] [Times: user=0.59 sys=0.00, real=0.61 secs] 
2018-03-26T19:56:53.546+0530: 10216.333: [CMS-concurrent-reset-start]
2018-03-26T19:56:53.547+0530: 10216.334: [CMS-concurrent-reset: 0.001/0.001 secs] [Times: user=0.00 sys=0.00, real=0.00 secs] 
2018-03-26T19:56:55.547+0530: 10218.334: [GC (CMS Initial Mark) [1 CMS-initial-mark: 349567K(349568K)] 378799K(506816K), 0.0239455 secs] [Times: user=0.09 sys=0.00, real=0.02 secs] 
2018-03-26T19:56:55.571+0530: 10218.358: [CMS-concurrent-mark-start]
2018-03-26T19:56:56.848+0530: 10219.635: [CMS-concurrent-mark: 1.277/1.277 secs] [Times: user=1.22 sys=0.00, real=1.28 secs] 
2018-03-26T19:56:56.848+0530: 10219.635: [CMS-concurrent-preclean-start]
2018-03-26T19:56:56.850+0530: 10219.637: [CMS-concurrent-preclean: 0.001/0.001 secs] [Times: user=0.02 sys=0.00, real=0.00 secs] 
2018-03-26T19:56:56.850+0530: 10219.637: [CMS-concurrent-abortable-preclean-start]
2018-03-26T19:56:56.850+0530: 10219.637: [CMS-concurrent-abortable-preclean: 0.000/0.000 secs] [Times: user=0.00 sys=0.00, real=0.00 secs] 
2018-03-26T19:56:56.850+0530: 10219.637: [GC (CMS Final Remark) [YG occupancy: 29231 K (157248 K)]2018-03-26T19:56:56.850+0530: 10219.637: [Rescan (parallel) , 0.0235833 secs]2018-03-26T19:56:56.874+0530: 10219.661: [weak refs processing, 0.0000423 secs]2018-03-26T19:56:56.874+0530: 10219.661: [class unloading, 0.0003985 secs]2018-03-26T19:56:56.875+0530: 10219.661: [scrub symbol table, 0.0007116 secs]2018-03-26T19:56:56.875+0530: 10219.662: [scrub string table, 0.0002863 secs][1 CMS-remark: 349567K(349568K)] 378799K(506816K), 0.0252692 secs] [Times: user=0.06 sys=0.00, real=0.03 secs] 
2018-03-26T19:56:56.876+0530: 10219.662: [CMS-concurrent-sweep-start]
2018-03-26T19:56:57.379+0530: 10220.166: [CMS-concurrent-sweep: 0.503/0.503 secs] [Times: user=0.50 sys=0.00, real=0.50 secs] 
2018-03-26T19:56:57.379+0530: 10220.166: [CMS-concurrent-reset-start]
2018-03-26T19:56:57.380+0530: 10220.167: [CMS-concurrent-reset: 0.001/0.001 secs] [Times: user=0.02 sys=0.00, real=0.00 secs] 
2018-03-26T19:56:59.379+0530: 10222.166: [GC (CMS Initial Mark) [1 CMS-initial-mark: 349567K(349568K)] 378799K(506816K), 0.0311537 secs] [Times: user=0.06 sys=0.00, real=0.03 secs] 
2018-03-26T19:56:59.411+0530: 10222.198: [CMS-concurrent-mark-start]
2018-03-26T19:57:00.605+0530: 10223.392: [CMS-concurrent-mark: 1.194/1.194 secs] [Times: user=1.20 sys=0.00, real=1.19 secs] 
2018-03-26T19:57:00.605+0530: 10223.392: [CMS-concurrent-preclean-start]
2018-03-26T19:57:00.607+0530: 10223.394: [CMS-concurrent-preclean: 0.002/0.002 secs] [Times: user=0.00 sys=0.00, real=0.00 secs] 
2018-03-26T19:57:00.607+0530: 10223.394: [CMS-concurrent-abortable-preclean-start]
2018-03-26T19:57:00.607+0530: 10223.394: [CMS-concurrent-abortable-preclean: 0.000/0.000 secs] [Times: user=0.00 sys=0.00, real=0.00 secs] 
2018-03-26T19:57:00.607+0530: 10223.394: [GC (CMS Final Remark) [YG occupancy: 29231 K (157248 K)]2018-03-26T19:57:00.607+0530: 10223.394: [Rescan (parallel) , 0.0301526 secs]2018-03-26T19:57:00.637+0530: 10223.424: [weak refs processing, 0.0000769 secs]2018-03-26T19:57:00.638+0530: 10223.425: [class unloading, 0.0007172 secs]2018-03-26T19:57:00.638+0530: 10223.425: [scrub symbol table, 0.0011386 secs]2018-03-26T19:57:00.640+0530: 10223.426: [scrub string table, 0.0005303 secs][1 CMS-remark: 349567K(349568K)] 378799K(506816K), 0.0330261 secs] [Times: user=0.09 sys=0.00, real=0.03 secs] 
2018-03-26T19:57:00.640+0530: 10223.427: [CMS-concurrent-sweep-start]
2018-03-26T19:57:01.273+0530: 10224.059: [CMS-concurrent-sweep: 0.632/0.632 secs] [Times: user=0.63 sys=0.00, real=0.63 secs] 
2018-03-26T19:57:01.273+0530: 10224.059: [CMS-concurrent-reset-start]
2018-03-26T19:57:01.274+0530: 10224.060: [CMS-concurrent-reset: 0.001/0.001 secs] [Times: user=0.00 sys=0.00, real=0.00 secs] 
2018-03-26T19:57:03.273+0530: 10226.060: [GC (CMS Initial Mark) [1 CMS-initial-mark: 349567K(349568K)] 378799K(506816K), 0.0265823 secs] [Times: user=0.06 sys=0.00, real=0.03 secs] 
2018-03-26T19:57:03.300+0530: 10226.087: [CMS-concurrent-mark-start]
2018-03-26T19:57:04.471+0530: 10227.257: [CMS-concurrent-mark: 1.171/1.171 secs] [Times: user=1.17 sys=0.00, real=1.17 secs] 
2018-03-26T19:57:04.471+0530: 10227.257: [CMS-concurrent-preclean-start]
2018-03-26T19:57:04.472+0530: 10227.259: [CMS-concurrent-preclean: 0.001/0.001 secs] [Times: user=0.00 sys=0.00, real=0.00 secs] 
2018-03-26T19:57:04.472+0530: 10227.259: [CMS-concurrent-abortable-preclean-start]
2018-03-26T19:57:04.472+0530: 10227.259: [CMS-concurrent-abortable-preclean: 0.000/0.000 secs] [Times: user=0.00 sys=0.00, real=0.00 secs] 
2018-03-26T19:57:04.472+0530: 10227.259: [GC (CMS Final Remark) [YG occupancy: 29231 K (157248 K)]2018-03-26T19:57:04.472+0530: 10227.259: [Rescan (parallel) , 0.0262181 secs]2018-03-26T19:57:04.499+0530: 10227.285: [weak refs processing, 0.0000434 secs]2018-03-26T19:57:04.499+0530: 10227.286: [class unloading, 0.0004327 secs]2018-03-26T19:57:04.499+0530: 10227.286: [scrub symbol table, 0.0008456 secs]2018-03-26T19:57:04.500+0530: 10227.287: [scrub string table, 0.0002645 secs][1 CMS-remark: 349567K(349568K)] 378799K(506816K), 0.0280492 secs] [Times: user=0.13 sys=0.00, real=0.03 secs] 
2018-03-26T19:57:04.501+0530: 10227.287: [CMS-concurrent-sweep-start]
2018-03-26T19:57:04.945+0530: 10227.731: [CMS-concurrent-sweep: 0.444/0.444 secs] [Times: user=0.45 sys=0.00, real=0.44 secs] 
2018-03-26T19:57:04.945+0530: 10227.731: [CMS-concurrent-reset-start]
2018-03-26T19:57:04.946+0530: 10227.732: [CMS-concurrent-reset: 0.001/0.001 secs] [Times: user=0.00 sys=0.00, real=0.00 secs] 
2018-03-26T19:57:06.945+0530: 10229.732: [GC (CMS Initial Mark) [1 CMS-initial-mark: 349567K(349568K)] 378799K(506816K), 0.0227815 secs] [Times: user=0.06 sys=0.00, real=0.02 secs] 
2018-03-26T19:57:06.968+0530: 10229.755: [CMS-concurrent-mark-start]
2018-03-26T19:57:08.207+0530: 10230.994: [CMS-concurrent-mark: 1.239/1.239 secs] [Times: user=1.22 sys=0.02, real=1.24 secs] 
2018-03-26T19:57:08.207+0530: 10230.994: [CMS-concurrent-preclean-start]
2018-03-26T19:57:08.208+0530: 10230.995: [CMS-concurrent-preclean: 0.001/0.001 secs] [Times: user=0.00 sys=0.00, real=0.00 secs] 
2018-03-26T19:57:08.208+0530: 10230.995: [CMS-concurrent-abortable-preclean-start]
2018-03-26T19:57:08.208+0530: 10230.995: [CMS-concurrent-abortable-preclean: 0.000/0.000 secs] [Times: user=0.00 sys=0.00, real=0.00 secs] 
2018-03-26T19:57:08.208+0530: 10230.995: [GC (CMS Final Remark) [YG occupancy: 29231 K (157248 K)]2018-03-26T19:57:08.208+0530: 10230.995: [Rescan (parallel) , 0.0205181 secs]2018-03-26T19:57:08.229+0530: 10231.016: [weak refs processing, 0.0000360 secs]2018-03-26T19:57:08.229+0530: 10231.016: [class unloading, 0.0003653 secs]2018-03-26T19:57:08.229+0530: 10231.016: [scrub symbol table, 0.0006798 secs]2018-03-26T19:57:08.230+0530: 10231.017: [scrub string table, 0.0002662 secs][1 CMS-remark: 349567K(349568K)] 378799K(506816K), 0.0220537 secs] [Times: user=0.06 sys=0.00, real=0.02 secs] 
2018-03-26T19:57:08.231+0530: 10231.017: [CMS-concurrent-sweep-start]
2018-03-26T19:57:08.590+0530: 10231.377: [CMS-concurrent-sweep: 0.360/0.360 secs] [Times: user=0.36 sys=0.00, real=0.36 secs] 
2018-03-26T19:57:08.591+0530: 10231.377: [CMS-concurrent-reset-start]
2018-03-26T19:57:08.591+0530: 10231.378: [CMS-concurrent-reset: 0.001/0.001 secs] [Times: user=0.00 sys=0.00, real=0.00 secs] 
2018-03-26T19:57:10.592+0530: 10233.379: [GC (CMS Initial Mark) [1 CMS-initial-mark: 349567K(349568K)] 378799K(506816K), 0.0290997 secs] [Times: user=0.09 sys=0.00, real=0.03 secs] 
2018-03-26T19:57:10.621+0530: 10233.408: [CMS-concurrent-mark-start]
2018-03-26T19:57:11.608+0530: 10234.395: [CMS-concurrent-mark: 0.986/0.986 secs] [Times: user=0.98 sys=0.00, real=0.99 secs] 
2018-03-26T19:57:11.608+0530: 10234.395: [CMS-concurrent-preclean-start]
2018-03-26T19:57:11.609+0530: 10234.396: [CMS-concurrent-preclean: 0.001/0.001 secs] [Times: user=0.00 sys=0.00, real=0.00 secs] 
2018-03-26T19:57:11.609+0530: 10234.396: [CMS-concurrent-abortable-preclean-start]
2018-03-26T19:57:11.609+0530: 10234.396: [CMS-concurrent-abortable-preclean: 0.000/0.000 secs] [Times: user=0.00 sys=0.00, real=0.00 secs] 
2018-03-26T19:57:11.610+0530: 10234.396: [GC (CMS Final Remark) [YG occupancy: 29231 K (157248 K)]2018-03-26T19:57:11.610+0530: 10234.396: [Rescan (parallel) , 0.0236849 secs]2018-03-26T19:57:11.633+0530: 10234.420: [weak refs processing, 0.0000473 secs]2018-03-26T19:57:11.633+0530: 10234.420: [class unloading, 0.0003882 secs]2018-03-26T19:57:11.634+0530: 10234.421: [scrub symbol table, 0.0006837 secs]2018-03-26T19:57:11.634+0530: 10234.421: [scrub string table, 0.0002895 secs][1 CMS-remark: 349567K(349568K)] 378799K(506816K), 0.0253711 secs] [Times: user=0.13 sys=0.00, real=0.03 secs] 
2018-03-26T19:57:11.635+0530: 10234.422: [CMS-concurrent-sweep-start]
2018-03-26T19:57:12.029+0530: 10234.816: [CMS-concurrent-sweep: 0.394/0.394 secs] [Times: user=0.39 sys=0.00, real=0.39 secs] 
2018-03-26T19:57:12.029+0530: 10234.816: [CMS-concurrent-reset-start]
2018-03-26T19:57:12.030+0530: 10234.817: [CMS-concurrent-reset: 0.001/0.001 secs] [Times: user=0.00 sys=0.00, real=0.00 secs] 
2018-03-26T19:57:14.030+0530: 10236.817: [GC (CMS Initial Mark) [1 CMS-initial-mark: 349567K(349568K)] 378799K(506816K), 0.0219310 secs] [Times: user=0.06 sys=0.00, real=0.02 secs] 
2018-03-26T19:57:14.052+0530: 10236.839: [CMS-concurrent-mark-start]
2018-03-26T19:57:14.955+0530: 10237.742: [CMS-concurrent-mark: 0.903/0.903 secs] [Times: user=0.89 sys=0.00, real=0.90 secs] 
2018-03-26T19:57:14.955+0530: 10237.742: [CMS-concurrent-preclean-start]
2018-03-26T19:57:14.956+0530: 10237.743: [CMS-concurrent-preclean: 0.001/0.001 secs] [Times: user=0.00 sys=0.00, real=0.00 secs] 
2018-03-26T19:57:14.956+0530: 10237.743: [CMS-concurrent-abortable-preclean-start]
2018-03-26T19:57:14.956+0530: 10237.743: [CMS-concurrent-abortable-preclean: 0.000/0.000 secs] [Times: user=0.00 sys=0.00, real=0.00 secs] 
2018-03-26T19:57:14.957+0530: 10237.743: [GC (CMS Final Remark) [YG occupancy: 29231 K (157248 K)]2018-03-26T19:57:14.957+0530: 10237.743: [Rescan (parallel) , 0.0264198 secs]2018-03-26T19:57:14.983+0530: 10237.770: [weak refs processing, 0.0000420 secs]2018-03-26T19:57:14.983+0530: 10237.770: [class unloading, 0.0003851 secs]2018-03-26T19:57:14.984+0530: 10237.770: [scrub symbol table, 0.0007433 secs]2018-03-26T19:57:14.985+0530: 10237.771: [scrub string table, 0.0002363 secs][1 CMS-remark: 349567K(349568K)] 378799K(506816K), 0.0280623 secs] [Times: user=0.09 sys=0.00, real=0.03 secs] 
2018-03-26T19:57:14.985+0530: 10237.772: [CMS-concurrent-sweep-start]
2018-03-26T19:57:15.364+0530: 10238.150: [CMS-concurrent-sweep: 0.379/0.379 secs] [Times: user=0.38 sys=0.00, real=0.38 secs] 
2018-03-26T19:57:15.364+0530: 10238.150: [CMS-concurrent-reset-start]
2018-03-26T19:57:15.365+0530: 10238.151: [CMS-concurrent-reset: 0.001/0.001 secs] [Times: user=0.02 sys=0.00, real=0.00 secs] 
2018-03-26T19:57:17.364+0530: 10240.150: [GC (CMS Initial Mark) [1 CMS-initial-mark: 349567K(349568K)] 378799K(506816K), 0.0232053 secs] [Times: user=0.13 sys=0.00, real=0.02 secs] 
2018-03-26T19:57:17.387+0530: 10240.174: [CMS-concurrent-mark-start]
2018-03-26T19:57:19.048+0530: 10241.835: [CMS-concurrent-mark: 1.661/1.661 secs] [Times: user=1.58 sys=0.00, real=1.66 secs] 
2018-03-26T19:57:19.048+0530: 10241.835: [CMS-concurrent-preclean-start]
2018-03-26T19:57:19.051+0530: 10241.837: [CMS-concurrent-preclean: 0.002/0.002 secs] [Times: user=0.00 sys=0.00, real=0.00 secs] 
2018-03-26T19:57:19.051+0530: 10241.837: [CMS-concurrent-abortable-preclean-start]
2018-03-26T19:57:19.051+0530: 10241.837: [CMS-concurrent-abortable-preclean: 0.000/0.000 secs] [Times: user=0.00 sys=0.00, real=0.00 secs] 
2018-03-26T19:57:19.051+0530: 10241.838: [GC (CMS Final Remark) [YG occupancy: 29231 K (157248 K)]2018-03-26T19:57:19.051+0530: 10241.838: [Rescan (parallel) , 0.0262269 secs]2018-03-26T19:57:19.077+0530: 10241.864: [weak refs processing, 0.0000458 secs]2018-03-26T19:57:19.077+0530: 10241.864: [class unloading, 0.0004394 secs]2018-03-26T19:57:19.078+0530: 10241.865: [scrub symbol table, 0.0008075 secs]2018-03-26T19:57:19.079+0530: 10241.865: [scrub string table, 0.0003431 secs][1 CMS-remark: 349567K(349568K)] 378799K(506816K), 0.0281518 secs] [Times: user=0.09 sys=0.00, real=0.03 secs] 
2018-03-26T19:57:19.079+0530: 10241.866: [CMS-concurrent-sweep-start]
2018-03-26T19:57:19.613+0530: 10242.400: [CMS-concurrent-sweep: 0.534/0.534 secs] [Times: user=0.52 sys=0.00, real=0.53 secs] 
2018-03-26T19:57:19.613+0530: 10242.400: [CMS-concurrent-reset-start]
2018-03-26T19:57:19.614+0530: 10242.401: [CMS-concurrent-reset: 0.001/0.001 secs] [Times: user=0.00 sys=0.00, real=0.00 secs] 
2018-03-26T19:57:21.614+0530: 10244.400: [GC (CMS Initial Mark) [1 CMS-initial-mark: 349567K(349568K)] 378799K(506816K), 0.0253330 secs] [Times: user=0.13 sys=0.00, real=0.02 secs] 
2018-03-26T19:57:21.639+0530: 10244.426: [CMS-concurrent-mark-start]
2018-03-26T19:57:23.170+0530: 10245.957: [CMS-concurrent-mark: 1.531/1.531 secs] [Times: user=1.50 sys=0.00, real=1.53 secs] 
2018-03-26T19:57:23.170+0530: 10245.957: [CMS-concurrent-preclean-start]
2018-03-26T19:57:23.172+0530: 10245.959: [CMS-concurrent-preclean: 0.001/0.001 secs] [Times: user=0.00 sys=0.00, real=0.00 secs] 
2018-03-26T19:57:23.172+0530: 10245.959: [CMS-concurrent-abortable-preclean-start]
2018-03-26T19:57:23.172+0530: 10245.959: [CMS-concurrent-abortable-preclean: 0.000/0.000 secs] [Times: user=0.00 sys=0.00, real=0.00 secs] 
2018-03-26T19:57:23.172+0530: 10245.959: [GC (CMS Final Remark) [YG occupancy: 29231 K (157248 K)]2018-03-26T19:57:23.172+0530: 10245.959: [Rescan (parallel) , 0.0372680 secs]2018-03-26T19:57:23.209+0530: 10245.996: [weak refs processing, 0.0001001 secs]2018-03-26T19:57:23.210+0530: 10245.997: [class unloading, 0.0006262 secs]2018-03-26T19:57:23.210+0530: 10245.997: [scrub symbol table, 0.0012528 secs]2018-03-26T19:57:23.212+0530: 10245.999: [scrub string table, 0.0003043 secs][1 CMS-remark: 349567K(349568K)] 378799K(506816K), 0.0399250 secs] [Times: user=0.14 sys=0.00, real=0.04 secs] 
2018-03-26T19:57:23.212+0530: 10245.999: [CMS-concurrent-sweep-start]
2018-03-26T19:57:23.976+0530: 10246.763: [CMS-concurrent-sweep: 0.764/0.764 secs] [Times: user=0.77 sys=0.00, real=0.76 secs] 
2018-03-26T19:57:23.976+0530: 10246.763: [CMS-concurrent-reset-start]
2018-03-26T19:57:23.977+0530: 10246.764: [CMS-concurrent-reset: 0.001/0.001 secs] [Times: user=0.00 sys=0.00, real=0.00 secs] 
2018-03-26T19:57:25.977+0530: 10248.764: [GC (CMS Initial Mark) [1 CMS-initial-mark: 349567K(349568K)] 378799K(506816K), 0.0314679 secs] [Times: user=0.09 sys=0.00, real=0.03 secs] 
2018-03-26T19:57:26.009+0530: 10248.796: [CMS-concurrent-mark-start]
2018-03-26T19:57:28.151+0530: 10250.937: [CMS-concurrent-mark: 2.142/2.142 secs] [Times: user=1.89 sys=0.02, real=2.14 secs] 
2018-03-26T19:57:28.151+0530: 10250.938: [CMS-concurrent-preclean-start]
2018-03-26T19:57:28.152+0530: 10250.939: [CMS-concurrent-preclean: 0.001/0.001 secs] [Times: user=0.00 sys=0.00, real=0.00 secs] 
2018-03-26T19:57:28.152+0530: 10250.939: [CMS-concurrent-abortable-preclean-start]
2018-03-26T19:57:28.152+0530: 10250.939: [CMS-concurrent-abortable-preclean: 0.000/0.000 secs] [Times: user=0.00 sys=0.00, real=0.00 secs] 
2018-03-26T19:57:28.152+0530: 10250.939: [GC (CMS Final Remark) [YG occupancy: 29231 K (157248 K)]2018-03-26T19:57:28.153+0530: 10250.939: [Rescan (parallel) , 0.0363752 secs]2018-03-26T19:57:28.189+0530: 10250.976: [weak refs processing, 0.0000698 secs]2018-03-26T19:57:28.189+0530: 10250.976: [class unloading, 0.0005998 secs]2018-03-26T19:57:28.190+0530: 10250.977: [scrub symbol table, 0.0010970 secs]2018-03-26T19:57:28.191+0530: 10250.978: [scrub string table, 0.0004595 secs][1 CMS-remark: 349567K(349568K)] 378799K(506816K), 0.0389705 secs] [Times: user=0.09 sys=0.00, real=0.04 secs] 
2018-03-26T19:57:28.192+0530: 10250.978: [CMS-concurrent-sweep-start]
2018-03-26T19:57:28.857+0530: 10251.644: [CMS-concurrent-sweep: 0.666/0.666 secs] [Times: user=0.67 sys=0.00, real=0.67 secs] 
2018-03-26T19:57:28.857+0530: 10251.644: [CMS-concurrent-reset-start]
2018-03-26T19:57:28.858+0530: 10251.645: [CMS-concurrent-reset: 0.001/0.001 secs] [Times: user=0.00 sys=0.00, real=0.00 secs] 
2018-03-26T19:57:30.858+0530: 10253.645: [GC (CMS Initial Mark) [1 CMS-initial-mark: 349567K(349568K)] 378799K(506816K), 0.0443073 secs] [Times: user=0.13 sys=0.00, real=0.04 secs] 
2018-03-26T19:57:30.902+0530: 10253.689: [CMS-concurrent-mark-start]
2018-03-26T19:57:32.261+0530: 10255.048: [CMS-concurrent-mark: 1.359/1.359 secs] [Times: user=1.34 sys=0.00, real=1.36 secs] 
2018-03-26T19:57:32.261+0530: 10255.048: [CMS-concurrent-preclean-start]
2018-03-26T19:57:32.263+0530: 10255.050: [CMS-concurrent-preclean: 0.002/0.002 secs] [Times: user=0.00 sys=0.00, real=0.00 secs] 
2018-03-26T19:57:32.263+0530: 10255.051: [CMS-concurrent-abortable-preclean-start]
2018-03-26T19:57:32.263+0530: 10255.051: [CMS-concurrent-abortable-preclean: 0.000/0.000 secs] [Times: user=0.00 sys=0.00, real=0.00 secs] 
2018-03-26T19:57:32.264+0530: 10255.051: [GC (CMS Final Remark) [YG occupancy: 29231 K (157248 K)]2018-03-26T19:57:32.264+0530: 10255.051: [Rescan (parallel) , 0.0369010 secs]2018-03-26T19:57:32.301+0530: 10255.088: [weak refs processing, 0.0000800 secs]2018-03-26T19:57:32.301+0530: 10255.088: [class unloading, 0.0005529 secs]2018-03-26T19:57:32.301+0530: 10255.089: [scrub symbol table, 0.0013406 secs]2018-03-26T19:57:32.303+0530: 10255.090: [scrub string table, 0.0005716 secs][1 CMS-remark: 349567K(349568K)] 378799K(506816K), 0.0398830 secs] [Times: user=0.13 sys=0.00, real=0.04 secs] 
2018-03-26T19:57:32.304+0530: 10255.091: [CMS-concurrent-sweep-start]
2018-03-26T19:57:32.969+0530: 10255.756: [CMS-concurrent-sweep: 0.665/0.665 secs] [Times: user=0.63 sys=0.00, real=0.67 secs] 
2018-03-26T19:57:32.969+0530: 10255.756: [CMS-concurrent-reset-start]
2018-03-26T19:57:32.970+0530: 10255.757: [CMS-concurrent-reset: 0.001/0.001 secs] [Times: user=0.00 sys=0.00, real=0.00 secs] 
2018-03-26T19:57:34.970+0530: 10257.758: [GC (CMS Initial Mark) [1 CMS-initial-mark: 349567K(349568K)] 378799K(506816K), 0.0283246 secs] [Times: user=0.11 sys=0.00, real=0.03 secs] 
2018-03-26T19:57:34.999+0530: 10257.786: [CMS-concurrent-mark-start]
2018-03-26T19:57:37.016+0530: 10259.803: [CMS-concurrent-mark: 2.016/2.016 secs] [Times: user=1.80 sys=0.00, real=2.02 secs] 
2018-03-26T19:57:37.016+0530: 10259.803: [CMS-concurrent-preclean-start]
2018-03-26T19:57:37.018+0530: 10259.805: [CMS-concurrent-preclean: 0.002/0.002 secs] [Times: user=0.00 sys=0.00, real=0.00 secs] 
2018-03-26T19:57:37.018+0530: 10259.805: [CMS-concurrent-abortable-preclean-start]
2018-03-26T19:57:37.018+0530: 10259.805: [CMS-concurrent-abortable-preclean: 0.000/0.000 secs] [Times: user=0.00 sys=0.00, real=0.00 secs] 
2018-03-26T19:57:37.018+0530: 10259.805: [GC (CMS Final Remark) [YG occupancy: 29231 K (157248 K)]2018-03-26T19:57:37.018+0530: 10259.805: [Rescan (parallel) , 0.0246458 secs]2018-03-26T19:57:37.043+0530: 10259.830: [weak refs processing, 0.0000578 secs]2018-03-26T19:57:37.043+0530: 10259.830: [class unloading, 0.0005621 secs]2018-03-26T19:57:37.044+0530: 10259.831: [scrub symbol table, 0.0010942 secs]2018-03-26T19:57:37.045+0530: 10259.832: [scrub string table, 0.0004817 secs][1 CMS-remark: 349567K(349568K)] 378799K(506816K), 0.0271571 secs] [Times: user=0.11 sys=0.00, real=0.03 secs] 
2018-03-26T19:57:37.046+0530: 10259.833: [CMS-concurrent-sweep-start]
2018-03-26T19:57:37.579+0530: 10260.366: [CMS-concurrent-sweep: 0.533/0.533 secs] [Times: user=0.52 sys=0.00, real=0.53 secs] 
2018-03-26T19:57:37.579+0530: 10260.366: [CMS-concurrent-reset-start]
2018-03-26T19:57:37.580+0530: 10260.367: [CMS-concurrent-reset: 0.001/0.001 secs] [Times: user=0.00 sys=0.00, real=0.00 secs] 
2018-03-26T19:57:39.580+0530: 10262.367: [GC (CMS Initial Mark) [1 CMS-initial-mark: 349567K(349568K)] 378799K(506816K), 0.0231807 secs] [Times: user=0.11 sys=0.00, real=0.02 secs] 
2018-03-26T19:57:39.603+0530: 10262.390: [CMS-concurrent-mark-start]
2018-03-26T19:57:41.083+0530: 10263.869: [CMS-concurrent-mark: 1.479/1.479 secs] [Times: user=1.44 sys=0.00, real=1.48 secs] 
2018-03-26T19:57:41.083+0530: 10263.870: [CMS-concurrent-preclean-start]
2018-03-26T19:57:41.085+0530: 10263.871: [CMS-concurrent-preclean: 0.002/0.002 secs] [Times: user=0.02 sys=0.00, real=0.00 secs] 
2018-03-26T19:57:41.085+0530: 10263.872: [CMS-concurrent-abortable-preclean-start]
2018-03-26T19:57:41.085+0530: 10263.872: [CMS-concurrent-abortable-preclean: 0.000/0.000 secs] [Times: user=0.00 sys=0.00, real=0.00 secs] 
2018-03-26T19:57:41.086+0530: 10263.872: [GC (CMS Final Remark) [YG occupancy: 29231 K (157248 K)]2018-03-26T19:57:41.086+0530: 10263.872: [Rescan (parallel) , 0.0289241 secs]2018-03-26T19:57:41.115+0530: 10263.901: [weak refs processing, 0.0000684 secs]2018-03-26T19:57:41.115+0530: 10263.902: [class unloading, 0.0006195 secs]2018-03-26T19:57:41.115+0530: 10263.902: [scrub symbol table, 0.0011693 secs]2018-03-26T19:57:41.117+0530: 10263.903: [scrub string table, 0.0004774 secs][1 CMS-remark: 349567K(349568K)] 378799K(506816K), 0.0316914 secs] [Times: user=0.11 sys=0.00, real=0.03 secs] 
2018-03-26T19:57:41.117+0530: 10263.904: [CMS-concurrent-sweep-start]
2018-03-26T19:57:41.955+0530: 10264.741: [CMS-concurrent-sweep: 0.837/0.837 secs] [Times: user=0.81 sys=0.00, real=0.84 secs] 
2018-03-26T19:57:41.955+0530: 10264.742: [CMS-concurrent-reset-start]
2018-03-26T19:57:41.956+0530: 10264.743: [CMS-concurrent-reset: 0.001/0.001 secs] [Times: user=0.00 sys=0.00, real=0.00 secs] 
2018-03-26T19:57:43.956+0530: 10266.742: [GC (CMS Initial Mark) [1 CMS-initial-mark: 349567K(349568K)] 378799K(506816K), 0.0291342 secs] [Times: user=0.09 sys=0.00, real=0.03 secs] 
2018-03-26T19:57:43.985+0530: 10266.772: [CMS-concurrent-mark-start]
2018-03-26T19:57:45.277+0530: 10268.064: [CMS-concurrent-mark: 1.292/1.292 secs] [Times: user=1.24 sys=0.00, real=1.29 secs] 
2018-03-26T19:57:45.277+0530: 10268.064: [CMS-concurrent-preclean-start]
2018-03-26T19:57:45.278+0530: 10268.065: [CMS-concurrent-preclean: 0.001/0.001 secs] [Times: user=0.00 sys=0.00, real=0.00 secs] 
2018-03-26T19:57:45.278+0530: 10268.065: [CMS-concurrent-abortable-preclean-start]
2018-03-26T19:57:45.278+0530: 10268.065: [CMS-concurrent-abortable-preclean: 0.000/0.000 secs] [Times: user=0.00 sys=0.00, real=0.00 secs] 
2018-03-26T19:57:45.279+0530: 10268.066: [GC (CMS Final Remark) [YG occupancy: 29231 K (157248 K)]2018-03-26T19:57:45.279+0530: 10268.066: [Rescan (parallel) , 0.0263055 secs]2018-03-26T19:57:45.305+0530: 10268.092: [weak refs processing, 0.0000723 secs]2018-03-26T19:57:45.305+0530: 10268.092: [class unloading, 0.0005370 secs]2018-03-26T19:57:45.305+0530: 10268.093: [scrub symbol table, 0.0007726 secs]2018-03-26T19:57:45.306+0530: 10268.094: [scrub string table, 0.0002648 secs][1 CMS-remark: 349567K(349568K)] 378799K(506816K), 0.0282506 secs] [Times: user=0.09 sys=0.00, real=0.03 secs] 
2018-03-26T19:57:45.308+0530: 10268.094: [CMS-concurrent-sweep-start]
2018-03-26T19:57:45.767+0530: 10268.553: [CMS-concurrent-sweep: 0.459/0.459 secs] [Times: user=0.45 sys=0.00, real=0.46 secs] 
2018-03-26T19:57:45.767+0530: 10268.553: [CMS-concurrent-reset-start]
2018-03-26T19:57:45.768+0530: 10268.554: [CMS-concurrent-reset: 0.001/0.001 secs] [Times: user=0.00 sys=0.00, real=0.00 secs] 
2018-03-26T19:57:47.768+0530: 10270.554: [GC (CMS Initial Mark) [1 CMS-initial-mark: 349567K(349568K)] 387184K(506816K), 0.0346146 secs] [Times: user=0.14 sys=0.00, real=0.03 secs] 
2018-03-26T19:57:47.802+0530: 10270.589: [CMS-concurrent-mark-start]
2018-03-26T19:57:49.605+0530: 10272.392: [CMS-concurrent-mark: 1.803/1.803 secs] [Times: user=1.72 sys=0.00, real=1.80 secs] 
2018-03-26T19:57:49.605+0530: 10272.392: [CMS-concurrent-preclean-start]
2018-03-26T19:57:49.606+0530: 10272.393: [CMS-concurrent-preclean: 0.001/0.001 secs] [Times: user=0.00 sys=0.00, real=0.00 secs] 
2018-03-26T19:57:49.607+0530: 10272.393: [CMS-concurrent-abortable-preclean-start]
2018-03-26T19:57:49.607+0530: 10272.393: [CMS-concurrent-abortable-preclean: 0.000/0.000 secs] [Times: user=0.00 sys=0.00, real=0.00 secs] 
2018-03-26T19:57:49.607+0530: 10272.393: [GC (CMS Final Remark) [YG occupancy: 37616 K (157248 K)]2018-03-26T19:57:49.607+0530: 10272.393: [Rescan (parallel) , 0.0298687 secs]2018-03-26T19:57:49.637+0530: 10272.423: [weak refs processing, 0.0000589 secs]2018-03-26T19:57:49.637+0530: 10272.424: [class unloading, 0.0005582 secs]2018-03-26T19:57:49.637+0530: 10272.424: [scrub symbol table, 0.0010571 secs]2018-03-26T19:57:49.638+0530: 10272.425: [scrub string table, 0.0004355 secs][1 CMS-remark: 349567K(349568K)] 387184K(506816K), 0.0322923 secs] [Times: user=0.13 sys=0.00, real=0.03 secs] 
2018-03-26T19:57:49.639+0530: 10272.426: [CMS-concurrent-sweep-start]
2018-03-26T19:57:50.254+0530: 10273.041: [CMS-concurrent-sweep: 0.615/0.615 secs] [Times: user=0.59 sys=0.00, real=0.62 secs] 
2018-03-26T19:57:50.254+0530: 10273.041: [CMS-concurrent-reset-start]
2018-03-26T19:57:50.255+0530: 10273.042: [CMS-concurrent-reset: 0.001/0.001 secs] [Times: user=0.02 sys=0.00, real=0.00 secs] 
2018-03-26T19:57:52.255+0530: 10275.041: [GC (CMS Initial Mark) [1 CMS-initial-mark: 349567K(349568K)] 387184K(506816K), 0.0157507 secs] [Times: user=0.06 sys=0.00, real=0.01 secs] 
2018-03-26T19:57:52.270+0530: 10275.057: [CMS-concurrent-mark-start]
2018-03-26T19:57:53.225+0530: 10276.012: [CMS-concurrent-mark: 0.955/0.955 secs] [Times: user=0.97 sys=0.00, real=0.95 secs] 
2018-03-26T19:57:53.225+0530: 10276.012: [CMS-concurrent-preclean-start]
2018-03-26T19:57:53.226+0530: 10276.013: [CMS-concurrent-preclean: 0.001/0.001 secs] [Times: user=0.00 sys=0.00, real=0.00 secs] 
2018-03-26T19:57:53.226+0530: 10276.013: [CMS-concurrent-abortable-preclean-start]
2018-03-26T19:57:53.226+0530: 10276.013: [CMS-concurrent-abortable-preclean: 0.000/0.000 secs] [Times: user=0.00 sys=0.00, real=0.00 secs] 
2018-03-26T19:57:53.226+0530: 10276.013: [GC (CMS Final Remark) [YG occupancy: 37616 K (157248 K)]2018-03-26T19:57:53.226+0530: 10276.013: [Rescan (parallel) , 0.0246116 secs]2018-03-26T19:57:53.251+0530: 10276.038: [weak refs processing, 0.0000557 secs]2018-03-26T19:57:53.251+0530: 10276.038: [class unloading, 0.0003988 secs]2018-03-26T19:57:53.252+0530: 10276.038: [scrub symbol table, 0.0006883 secs]2018-03-26T19:57:53.252+0530: 10276.039: [scrub string table, 0.0002507 secs][1 CMS-remark: 349567K(349568K)] 387184K(506816K), 0.0261902 secs] [Times: user=0.05 sys=0.00, real=0.03 secs] 
2018-03-26T19:57:53.253+0530: 10276.039: [CMS-concurrent-sweep-start]
2018-03-26T19:57:53.664+0530: 10276.451: [CMS-concurrent-sweep: 0.412/0.412 secs] [Times: user=0.41 sys=0.00, real=0.41 secs] 
2018-03-26T19:57:53.664+0530: 10276.451: [CMS-concurrent-reset-start]
2018-03-26T19:57:53.665+0530: 10276.452: [CMS-concurrent-reset: 0.001/0.001 secs] [Times: user=0.00 sys=0.00, real=0.00 secs] 
2018-03-26T19:57:55.665+0530: 10278.452: [GC (CMS Initial Mark) [1 CMS-initial-mark: 349567K(349568K)] 387184K(506816K), 0.0317281 secs] [Times: user=0.11 sys=0.00, real=0.03 secs] 
2018-03-26T19:57:55.697+0530: 10278.484: [CMS-concurrent-mark-start]
2018-03-26T19:57:57.493+0530: 10280.279: [CMS-concurrent-mark: 1.796/1.796 secs] [Times: user=1.69 sys=0.00, real=1.80 secs] 
2018-03-26T19:57:57.493+0530: 10280.280: [CMS-concurrent-preclean-start]
2018-03-26T19:57:57.494+0530: 10280.281: [CMS-concurrent-preclean: 0.001/0.001 secs] [Times: user=0.00 sys=0.00, real=0.00 secs] 
2018-03-26T19:57:57.494+0530: 10280.281: [CMS-concurrent-abortable-preclean-start]
2018-03-26T19:57:57.494+0530: 10280.281: [CMS-concurrent-abortable-preclean: 0.000/0.000 secs] [Times: user=0.00 sys=0.00, real=0.00 secs] 
2018-03-26T19:57:57.494+0530: 10280.281: [GC (CMS Final Remark) [YG occupancy: 37616 K (157248 K)]2018-03-26T19:57:57.494+0530: 10280.281: [Rescan (parallel) , 0.0304728 secs]2018-03-26T19:57:57.524+0530: 10280.312: [weak refs processing, 0.0001023 secs]2018-03-26T19:57:57.524+0530: 10280.312: [class unloading, 0.0006841 secs]2018-03-26T19:57:57.525+0530: 10280.313: [scrub symbol table, 0.0012955 secs]2018-03-26T19:57:57.526+0530: 10280.314: [scrub string table, 0.0004979 secs][1 CMS-remark: 349567K(349568K)] 387184K(506816K), 0.0334118 secs] [Times: user=0.13 sys=0.00, real=0.03 secs] 
2018-03-26T19:57:57.527+0530: 10280.315: [CMS-concurrent-sweep-start]
2018-03-26T19:57:58.069+0530: 10280.856: [CMS-concurrent-sweep: 0.541/0.541 secs] [Times: user=0.55 sys=0.00, real=0.54 secs] 
2018-03-26T19:57:58.069+0530: 10280.856: [CMS-concurrent-reset-start]
2018-03-26T19:57:58.070+0530: 10280.857: [CMS-concurrent-reset: 0.001/0.001 secs] [Times: user=0.00 sys=0.00, real=0.00 secs] 
2018-03-26T19:58:00.070+0530: 10282.857: [GC (CMS Initial Mark) [1 CMS-initial-mark: 349567K(349568K)] 387184K(506816K), 0.0331495 secs] [Times: user=0.11 sys=0.00, real=0.03 secs] 
2018-03-26T19:58:00.104+0530: 10282.891: [CMS-concurrent-mark-start]
2018-03-26T19:58:01.392+0530: 10284.179: [CMS-concurrent-mark: 1.289/1.289 secs] [Times: user=1.25 sys=0.02, real=1.29 secs] 
2018-03-26T19:58:01.392+0530: 10284.179: [CMS-concurrent-preclean-start]
2018-03-26T19:58:01.393+0530: 10284.181: [CMS-concurrent-preclean: 0.001/0.001 secs] [Times: user=0.00 sys=0.00, real=0.00 secs] 
2018-03-26T19:58:01.394+0530: 10284.181: [CMS-concurrent-abortable-preclean-start]
2018-03-26T19:58:01.394+0530: 10284.181: [CMS-concurrent-abortable-preclean: 0.000/0.000 secs] [Times: user=0.00 sys=0.00, real=0.00 secs] 
2018-03-26T19:58:01.394+0530: 10284.181: [GC (CMS Final Remark) [YG occupancy: 37616 K (157248 K)]2018-03-26T19:58:01.394+0530: 10284.181: [Rescan (parallel) , 0.0272001 secs]2018-03-26T19:58:01.421+0530: 10284.208: [weak refs processing, 0.0000691 secs]2018-03-26T19:58:01.421+0530: 10284.208: [class unloading, 0.0006026 secs]2018-03-26T19:58:01.422+0530: 10284.209: [scrub symbol table, 0.0011689 secs]2018-03-26T19:58:01.423+0530: 10284.210: [scrub string table, 0.0004556 secs][1 CMS-remark: 349567K(349568K)] 387184K(506816K), 0.0299040 secs] [Times: user=0.13 sys=0.00, real=0.03 secs] 
2018-03-26T19:58:01.424+0530: 10284.211: [CMS-concurrent-sweep-start]
2018-03-26T19:58:01.933+0530: 10284.720: [CMS-concurrent-sweep: 0.509/0.509 secs] [Times: user=0.52 sys=0.00, real=0.51 secs] 
2018-03-26T19:58:01.933+0530: 10284.720: [CMS-concurrent-reset-start]
2018-03-26T19:58:01.934+0530: 10284.721: [CMS-concurrent-reset: 0.001/0.001 secs] [Times: user=0.00 sys=0.00, real=0.00 secs] 
2018-03-26T19:58:03.934+0530: 10286.721: [GC (CMS Initial Mark) [1 CMS-initial-mark: 349567K(349568K)] 387184K(506816K), 0.0535875 secs] [Times: user=0.11 sys=0.00, real=0.05 secs] 
2018-03-26T19:58:03.988+0530: 10286.775: [CMS-concurrent-mark-start]
2018-03-26T19:58:06.132+0530: 10288.919: [CMS-concurrent-mark: 2.144/2.144 secs] [Times: user=1.97 sys=0.00, real=2.14 secs] 
2018-03-26T19:58:06.132+0530: 10288.919: [CMS-concurrent-preclean-start]
2018-03-26T19:58:06.134+0530: 10288.921: [CMS-concurrent-preclean: 0.002/0.002 secs] [Times: user=0.00 sys=0.00, real=0.00 secs] 
2018-03-26T19:58:06.134+0530: 10288.921: [CMS-concurrent-abortable-preclean-start]
2018-03-26T19:58:06.134+0530: 10288.921: [CMS-concurrent-abortable-preclean: 0.000/0.000 secs] [Times: user=0.00 sys=0.00, real=0.00 secs] 
2018-03-26T19:58:06.135+0530: 10288.922: [GC (CMS Final Remark) [YG occupancy: 37616 K (157248 K)]2018-03-26T19:58:06.135+0530: 10288.922: [Rescan (parallel) , 0.0283687 secs]2018-03-26T19:58:06.164+0530: 10288.950: [weak refs processing, 0.0000518 secs]2018-03-26T19:58:06.164+0530: 10288.950: [class unloading, 0.0005328 secs]2018-03-26T19:58:06.164+0530: 10288.951: [scrub symbol table, 0.0009168 secs]2018-03-26T19:58:06.165+0530: 10288.952: [scrub string table, 0.0003699 secs][1 CMS-remark: 349567K(349568K)] 387184K(506816K), 0.0306903 secs] [Times: user=0.09 sys=0.00, real=0.03 secs] 
2018-03-26T19:58:06.166+0530: 10288.953: [CMS-concurrent-sweep-start]
2018-03-26T19:58:06.754+0530: 10289.540: [CMS-concurrent-sweep: 0.588/0.588 secs] [Times: user=0.56 sys=0.00, real=0.59 secs] 
2018-03-26T19:58:06.754+0530: 10289.540: [CMS-concurrent-reset-start]
2018-03-26T19:58:06.754+0530: 10289.541: [CMS-concurrent-reset: 0.001/0.001 secs] [Times: user=0.00 sys=0.00, real=0.00 secs] 
2018-03-26T19:58:08.754+0530: 10291.541: [GC (CMS Initial Mark) [1 CMS-initial-mark: 349567K(349568K)] 387184K(506816K), 0.0315525 secs] [Times: user=0.13 sys=0.00, real=0.03 secs] 
2018-03-26T19:58:08.786+0530: 10291.573: [CMS-concurrent-mark-start]
2018-03-26T19:58:10.047+0530: 10292.834: [CMS-concurrent-mark: 1.261/1.261 secs] [Times: user=1.20 sys=0.00, real=1.26 secs] 
2018-03-26T19:58:10.047+0530: 10292.834: [CMS-concurrent-preclean-start]
2018-03-26T19:58:10.049+0530: 10292.836: [CMS-concurrent-preclean: 0.002/0.002 secs] [Times: user=0.00 sys=0.00, real=0.00 secs] 
2018-03-26T19:58:10.049+0530: 10292.836: [CMS-concurrent-abortable-preclean-start]
2018-03-26T19:58:10.049+0530: 10292.836: [CMS-concurrent-abortable-preclean: 0.000/0.000 secs] [Times: user=0.00 sys=0.00, real=0.00 secs] 
2018-03-26T19:58:10.049+0530: 10292.836: [GC (CMS Final Remark) [YG occupancy: 37616 K (157248 K)]2018-03-26T19:58:10.049+0530: 10292.836: [Rescan (parallel) , 0.0417755 secs]2018-03-26T19:58:10.091+0530: 10292.878: [weak refs processing, 0.0000631 secs]2018-03-26T19:58:10.091+0530: 10292.878: [class unloading, 0.0005557 secs]2018-03-26T19:58:10.092+0530: 10292.879: [scrub symbol table, 0.0011538 secs]2018-03-26T19:58:10.093+0530: 10292.880: [scrub string table, 0.0006724 secs][1 CMS-remark: 349567K(349568K)] 387184K(506816K), 0.0447488 secs] [Times: user=0.19 sys=0.00, real=0.05 secs] 
2018-03-26T19:58:10.094+0530: 10292.881: [CMS-concurrent-sweep-start]
2018-03-26T19:58:10.646+0530: 10293.433: [CMS-concurrent-sweep: 0.552/0.552 secs] [Times: user=0.53 sys=0.00, real=0.55 secs] 
2018-03-26T19:58:10.646+0530: 10293.433: [CMS-concurrent-reset-start]
2018-03-26T19:58:10.647+0530: 10293.434: [CMS-concurrent-reset: 0.001/0.001 secs] [Times: user=0.00 sys=0.00, real=0.00 secs] 
2018-03-26T19:58:12.648+0530: 10295.435: [GC (CMS Initial Mark) [1 CMS-initial-mark: 349567K(349568K)] 387184K(506816K), 0.0522211 secs] [Times: user=0.06 sys=0.00, real=0.05 secs] 
2018-03-26T19:58:12.700+0530: 10295.487: [CMS-concurrent-mark-start]
2018-03-26T19:58:14.705+0530: 10297.492: [CMS-concurrent-mark: 2.005/2.005 secs] [Times: user=1.97 sys=0.00, real=2.01 secs] 
2018-03-26T19:58:14.706+0530: 10297.492: [CMS-concurrent-preclean-start]
2018-03-26T19:58:14.707+0530: 10297.494: [CMS-concurrent-preclean: 0.001/0.001 secs] [Times: user=0.00 sys=0.00, real=0.00 secs] 
2018-03-26T19:58:14.707+0530: 10297.494: [CMS-concurrent-abortable-preclean-start]
2018-03-26T19:58:14.707+0530: 10297.494: [CMS-concurrent-abortable-preclean: 0.000/0.000 secs] [Times: user=0.00 sys=0.00, real=0.00 secs] 
2018-03-26T19:58:14.708+0530: 10297.494: [GC (CMS Final Remark) [YG occupancy: 37616 K (157248 K)]2018-03-26T19:58:14.708+0530: 10297.495: [Rescan (parallel) , 0.0260806 secs]2018-03-26T19:58:14.734+0530: 10297.521: [weak refs processing, 0.0000585 secs]2018-03-26T19:58:14.734+0530: 10297.521: [class unloading, 0.0005603 secs]2018-03-26T19:58:14.735+0530: 10297.521: [scrub symbol table, 0.0015423 secs]2018-03-26T19:58:14.736+0530: 10297.523: [scrub string table, 0.0005127 secs][1 CMS-remark: 349567K(349568K)] 387184K(506816K), 0.0292739 secs] [Times: user=0.06 sys=0.02, real=0.03 secs] 
2018-03-26T19:58:14.737+0530: 10297.524: [CMS-concurrent-sweep-start]
2018-03-26T19:58:15.319+0530: 10298.106: [CMS-concurrent-sweep: 0.582/0.582 secs] [Times: user=0.58 sys=0.00, real=0.58 secs] 
2018-03-26T19:58:15.319+0530: 10298.106: [CMS-concurrent-reset-start]
2018-03-26T19:58:15.320+0530: 10298.107: [CMS-concurrent-reset: 0.001/0.001 secs] [Times: user=0.00 sys=0.00, real=0.00 secs] 
2018-03-26T19:58:17.320+0530: 10300.106: [GC (CMS Initial Mark) [1 CMS-initial-mark: 349567K(349568K)] 387184K(506816K), 0.0142002 secs] [Times: user=0.02 sys=0.00, real=0.01 secs] 
2018-03-26T19:58:17.334+0530: 10300.121: [CMS-concurrent-mark-start]
2018-03-26T19:58:17.978+0530: 10300.765: [CMS-concurrent-mark: 0.645/0.645 secs] [Times: user=0.64 sys=0.00, real=0.64 secs] 
2018-03-26T19:58:17.978+0530: 10300.765: [CMS-concurrent-preclean-start]
2018-03-26T19:58:17.979+0530: 10300.766: [CMS-concurrent-preclean: 0.001/0.001 secs] [Times: user=0.00 sys=0.00, real=0.00 secs] 
2018-03-26T19:58:17.979+0530: 10300.766: [CMS-concurrent-abortable-preclean-start]
2018-03-26T19:58:17.979+0530: 10300.766: [CMS-concurrent-abortable-preclean: 0.000/0.000 secs] [Times: user=0.00 sys=0.00, real=0.00 secs] 
2018-03-26T19:58:17.979+0530: 10300.766: [GC (CMS Final Remark) [YG occupancy: 37616 K (157248 K)]2018-03-26T19:58:17.980+0530: 10300.766: [Rescan (parallel) , 0.0162637 secs]2018-03-26T19:58:17.996+0530: 10300.783: [weak refs processing, 0.0000268 secs]2018-03-26T19:58:17.996+0530: 10300.783: [class unloading, 0.0002437 secs]2018-03-26T19:58:17.996+0530: 10300.783: [scrub symbol table, 0.0004425 secs]2018-03-26T19:58:17.997+0530: 10300.784: [scrub string table, 0.0001234 secs][1 CMS-remark: 349567K(349568K)] 387184K(506816K), 0.0172384 secs] [Times: user=0.06 sys=0.00, real=0.02 secs] 
2018-03-26T19:58:17.997+0530: 10300.784: [CMS-concurrent-sweep-start]
2018-03-26T19:58:18.273+0530: 10301.060: [CMS-concurrent-sweep: 0.276/0.276 secs] [Times: user=0.28 sys=0.00, real=0.28 secs] 
2018-03-26T19:58:18.273+0530: 10301.060: [CMS-concurrent-reset-start]
2018-03-26T19:58:18.274+0530: 10301.060: [CMS-concurrent-reset: 0.001/0.001 secs] [Times: user=0.00 sys=0.00, real=0.00 secs] 
2018-03-26T19:58:20.274+0530: 10303.061: [GC (CMS Initial Mark) [1 CMS-initial-mark: 349567K(349568K)] 387184K(506816K), 0.0286755 secs] [Times: user=0.08 sys=0.00, real=0.03 secs] 
2018-03-26T19:58:20.303+0530: 10303.089: [CMS-concurrent-mark-start]
2018-03-26T19:58:21.961+0530: 10304.748: [CMS-concurrent-mark: 1.658/1.658 secs] [Times: user=1.63 sys=0.00, real=1.66 secs] 
2018-03-26T19:58:21.961+0530: 10304.748: [CMS-concurrent-preclean-start]
2018-03-26T19:58:21.963+0530: 10304.750: [CMS-concurrent-preclean: 0.002/0.002 secs] [Times: user=0.00 sys=0.00, real=0.00 secs] 
2018-03-26T19:58:21.963+0530: 10304.750: [CMS-concurrent-abortable-preclean-start]
2018-03-26T19:58:21.964+0530: 10304.750: [CMS-concurrent-abortable-preclean: 0.000/0.000 secs] [Times: user=0.00 sys=0.00, real=0.00 secs] 
2018-03-26T19:58:21.964+0530: 10304.751: [GC (CMS Final Remark) [YG occupancy: 37616 K (157248 K)]2018-03-26T19:58:21.964+0530: 10304.751: [Rescan (parallel) , 0.0349626 secs]2018-03-26T19:58:21.999+0530: 10304.786: [weak refs processing, 0.0001403 secs]2018-03-26T19:58:21.999+0530: 10304.786: [class unloading, 0.0010635 secs]2018-03-26T19:58:22.000+0530: 10304.787: [scrub symbol table, 0.0010723 secs]2018-03-26T19:58:22.001+0530: 10304.788: [scrub string table, 0.0004757 secs][1 CMS-remark: 349567K(349568K)] 387184K(506816K), 0.0382963 secs] [Times: user=0.13 sys=0.00, real=0.04 secs] 
2018-03-26T19:58:22.002+0530: 10304.789: [CMS-concurrent-sweep-start]
2018-03-26T19:58:22.807+0530: 10305.593: [CMS-concurrent-sweep: 0.804/0.804 secs] [Times: user=0.75 sys=0.00, real=0.80 secs] 
2018-03-26T19:58:22.807+0530: 10305.593: [CMS-concurrent-reset-start]
2018-03-26T19:58:22.808+0530: 10305.594: [CMS-concurrent-reset: 0.001/0.001 secs] [Times: user=0.00 sys=0.00, real=0.00 secs] 
2018-03-26T19:58:24.808+0530: 10307.595: [GC (CMS Initial Mark) [1 CMS-initial-mark: 349567K(349568K)] 387184K(506816K), 0.0297196 secs] [Times: user=0.13 sys=0.00, real=0.03 secs] 
2018-03-26T19:58:24.838+0530: 10307.626: [CMS-concurrent-mark-start]
2018-03-26T19:58:26.268+0530: 10309.055: [CMS-concurrent-mark: 1.429/1.429 secs] [Times: user=1.38 sys=0.01, real=1.43 secs] 
2018-03-26T19:58:26.268+0530: 10309.055: [CMS-concurrent-preclean-start]
2018-03-26T19:58:26.270+0530: 10309.057: [CMS-concurrent-preclean: 0.002/0.002 secs] [Times: user=0.00 sys=0.00, real=0.00 secs] 
2018-03-26T19:58:26.270+0530: 10309.057: [CMS-concurrent-abortable-preclean-start]
2018-03-26T19:58:26.270+0530: 10309.057: [CMS-concurrent-abortable-preclean: 0.000/0.000 secs] [Times: user=0.00 sys=0.00, real=0.00 secs] 
2018-03-26T19:58:26.270+0530: 10309.057: [GC (CMS Final Remark) [YG occupancy: 37616 K (157248 K)]2018-03-26T19:58:26.270+0530: 10309.057: [Rescan (parallel) , 0.0347472 secs]2018-03-26T19:58:26.305+0530: 10309.092: [weak refs processing, 0.0000666 secs]2018-03-26T19:58:26.305+0530: 10309.092: [class unloading, 0.0006192 secs]2018-03-26T19:58:26.306+0530: 10309.093: [scrub symbol table, 0.0012320 secs]2018-03-26T19:58:26.307+0530: 10309.094: [scrub string table, 0.0004736 secs][1 CMS-remark: 349567K(349568K)] 387184K(506816K), 0.0376104 secs] [Times: user=0.16 sys=0.00, real=0.04 secs] 
2018-03-26T19:58:26.308+0530: 10309.095: [CMS-concurrent-sweep-start]
2018-03-26T19:58:27.044+0530: 10309.831: [CMS-concurrent-sweep: 0.736/0.736 secs] [Times: user=0.70 sys=0.02, real=0.74 secs] 
2018-03-26T19:58:27.044+0530: 10309.832: [CMS-concurrent-reset-start]
2018-03-26T19:58:27.046+0530: 10309.833: [CMS-concurrent-reset: 0.001/0.001 secs] [Times: user=0.00 sys=0.00, real=0.00 secs] 
2018-03-26T19:58:29.046+0530: 10311.833: [GC (CMS Initial Mark) [1 CMS-initial-mark: 349567K(349568K)] 387184K(506816K), 0.0333649 secs] [Times: user=0.13 sys=0.00, real=0.03 secs] 
2018-03-26T19:58:29.079+0530: 10311.867: [CMS-concurrent-mark-start]
2018-03-26T19:58:30.390+0530: 10313.177: [CMS-concurrent-mark: 1.310/1.310 secs] [Times: user=1.22 sys=0.03, real=1.31 secs] 
2018-03-26T19:58:30.390+0530: 10313.177: [CMS-concurrent-preclean-start]
2018-03-26T19:58:30.391+0530: 10313.178: [CMS-concurrent-preclean: 0.001/0.001 secs] [Times: user=0.00 sys=0.00, real=0.00 secs] 
2018-03-26T19:58:30.391+0530: 10313.178: [CMS-concurrent-abortable-preclean-start]
2018-03-26T19:58:30.391+0530: 10313.178: [CMS-concurrent-abortable-preclean: 0.000/0.000 secs] [Times: user=0.00 sys=0.00, real=0.00 secs] 
2018-03-26T19:58:30.392+0530: 10313.178: [GC (CMS Final Remark) [YG occupancy: 37616 K (157248 K)]2018-03-26T19:58:30.392+0530: 10313.179: [Rescan (parallel) , 0.0348628 secs]2018-03-26T19:58:30.427+0530: 10313.213: [weak refs processing, 0.0000649 secs]2018-03-26T19:58:30.427+0530: 10313.214: [class unloading, 0.0009454 secs]2018-03-26T19:58:30.428+0530: 10313.215: [scrub symbol table, 0.0011668 secs]2018-03-26T19:58:30.429+0530: 10313.216: [scrub string table, 0.0005822 secs][1 CMS-remark: 349567K(349568K)] 387184K(506816K), 0.0381485 secs] [Times: user=0.13 sys=0.00, real=0.04 secs] 
2018-03-26T19:58:30.430+0530: 10313.217: [CMS-concurrent-sweep-start]
2018-03-26T19:58:30.971+0530: 10313.759: [CMS-concurrent-sweep: 0.541/0.541 secs] [Times: user=0.50 sys=0.00, real=0.54 secs] 
2018-03-26T19:58:30.971+0530: 10313.759: [CMS-concurrent-reset-start]
2018-03-26T19:58:30.972+0530: 10313.760: [CMS-concurrent-reset: 0.001/0.001 secs] [Times: user=0.00 sys=0.00, real=0.00 secs] 
2018-03-26T19:58:32.972+0530: 10315.759: [GC (CMS Initial Mark) [1 CMS-initial-mark: 349567K(349568K)] 387184K(506816K), 0.0319865 secs] [Times: user=0.09 sys=0.00, real=0.03 secs] 
2018-03-26T19:58:33.005+0530: 10315.791: [CMS-concurrent-mark-start]
2018-03-26T19:58:34.763+0530: 10317.550: [CMS-concurrent-mark: 1.759/1.759 secs] [Times: user=1.75 sys=0.00, real=1.76 secs] 
2018-03-26T19:58:34.763+0530: 10317.550: [CMS-concurrent-preclean-start]
2018-03-26T19:58:34.765+0530: 10317.552: [CMS-concurrent-preclean: 0.002/0.002 secs] [Times: user=0.00 sys=0.00, real=0.00 secs] 
2018-03-26T19:58:34.765+0530: 10317.552: [CMS-concurrent-abortable-preclean-start]
2018-03-26T19:58:34.765+0530: 10317.552: [CMS-concurrent-abortable-preclean: 0.000/0.000 secs] [Times: user=0.00 sys=0.00, real=0.00 secs] 
2018-03-26T19:58:34.765+0530: 10317.552: [GC (CMS Final Remark) [YG occupancy: 37616 K (157248 K)]2018-03-26T19:58:34.766+0530: 10317.552: [Rescan (parallel) , 0.0310694 secs]2018-03-26T19:58:34.797+0530: 10317.584: [weak refs processing, 0.0001774 secs]2018-03-26T19:58:34.797+0530: 10317.584: [class unloading, 0.0016837 secs]2018-03-26T19:58:34.799+0530: 10317.586: [scrub symbol table, 0.0011922 secs]2018-03-26T19:58:34.800+0530: 10317.587: [scrub string table, 0.0004108 secs][1 CMS-remark: 349567K(349568K)] 387184K(506816K), 0.0350889 secs] [Times: user=0.13 sys=0.00, real=0.03 secs] 
2018-03-26T19:58:34.801+0530: 10317.588: [CMS-concurrent-sweep-start]
2018-03-26T19:58:35.484+0530: 10318.271: [CMS-concurrent-sweep: 0.683/0.683 secs] [Times: user=0.66 sys=0.02, real=0.68 secs] 
2018-03-26T19:58:35.484+0530: 10318.271: [CMS-concurrent-reset-start]
2018-03-26T19:58:35.485+0530: 10318.272: [CMS-concurrent-reset: 0.001/0.001 secs] [Times: user=0.00 sys=0.00, real=0.00 secs] 
2018-03-26T19:58:37.485+0530: 10320.272: [GC (CMS Initial Mark) [1 CMS-initial-mark: 349567K(349568K)] 387184K(506816K), 0.0269649 secs] [Times: user=0.11 sys=0.00, real=0.03 secs] 
2018-03-26T19:58:37.512+0530: 10320.299: [CMS-concurrent-mark-start]
2018-03-26T19:58:38.926+0530: 10321.713: [CMS-concurrent-mark: 1.414/1.414 secs] [Times: user=1.41 sys=0.00, real=1.41 secs] 
2018-03-26T19:58:38.926+0530: 10321.713: [CMS-concurrent-preclean-start]
2018-03-26T19:58:38.928+0530: 10321.715: [CMS-concurrent-preclean: 0.002/0.002 secs] [Times: user=0.02 sys=0.00, real=0.00 secs] 
2018-03-26T19:58:38.928+0530: 10321.715: [CMS-concurrent-abortable-preclean-start]
2018-03-26T19:58:38.928+0530: 10321.715: [CMS-concurrent-abortable-preclean: 0.000/0.000 secs] [Times: user=0.00 sys=0.00, real=0.00 secs] 
2018-03-26T19:58:38.928+0530: 10321.715: [GC (CMS Final Remark) [YG occupancy: 37616 K (157248 K)]2018-03-26T19:58:38.928+0530: 10321.715: [Rescan (parallel) , 0.0301216 secs]2018-03-26T19:58:38.958+0530: 10321.746: [weak refs processing, 0.0000529 secs]2018-03-26T19:58:38.958+0530: 10321.746: [class unloading, 0.0005596 secs]2018-03-26T19:58:38.959+0530: 10321.746: [scrub symbol table, 0.0011968 secs]2018-03-26T19:58:38.960+0530: 10321.747: [scrub string table, 0.0004196 secs][1 CMS-remark: 349567K(349568K)] 387184K(506816K), 0.0327179 secs] [Times: user=0.09 sys=0.00, real=0.03 secs] 
2018-03-26T19:58:38.961+0530: 10321.749: [CMS-concurrent-sweep-start]
2018-03-26T19:58:39.558+0530: 10322.345: [CMS-concurrent-sweep: 0.596/0.596 secs] [Times: user=0.58 sys=0.00, real=0.60 secs] 
2018-03-26T19:58:39.558+0530: 10322.346: [CMS-concurrent-reset-start]
2018-03-26T19:58:39.560+0530: 10322.347: [CMS-concurrent-reset: 0.001/0.001 secs] [Times: user=0.00 sys=0.00, real=0.00 secs] 
2018-03-26T19:58:41.560+0530: 10324.347: [GC (CMS Initial Mark) [1 CMS-initial-mark: 349567K(349568K)] 387184K(506816K), 0.0293377 secs] [Times: user=0.13 sys=0.00, real=0.03 secs] 
2018-03-26T19:58:41.589+0530: 10324.376: [CMS-concurrent-mark-start]
2018-03-26T19:58:43.199+0530: 10325.985: [CMS-concurrent-mark: 1.609/1.609 secs] [Times: user=1.56 sys=0.00, real=1.61 secs] 
2018-03-26T19:58:43.199+0530: 10325.985: [CMS-concurrent-preclean-start]
2018-03-26T19:58:43.201+0530: 10325.987: [CMS-concurrent-preclean: 0.002/0.002 secs] [Times: user=0.00 sys=0.00, real=0.00 secs] 
2018-03-26T19:58:43.201+0530: 10325.987: [CMS-concurrent-abortable-preclean-start]
2018-03-26T19:58:43.201+0530: 10325.987: [CMS-concurrent-abortable-preclean: 0.000/0.000 secs] [Times: user=0.00 sys=0.00, real=0.00 secs] 
2018-03-26T19:58:43.201+0530: 10325.988: [GC (CMS Final Remark) [YG occupancy: 37616 K (157248 K)]2018-03-26T19:58:43.201+0530: 10325.988: [Rescan (parallel) , 0.0334506 secs]2018-03-26T19:58:43.235+0530: 10326.021: [weak refs processing, 0.0000561 secs]2018-03-26T19:58:43.235+0530: 10326.021: [class unloading, 0.0005980 secs]2018-03-26T19:58:43.235+0530: 10326.022: [scrub symbol table, 0.0012691 secs]2018-03-26T19:58:43.237+0530: 10326.023: [scrub string table, 0.0005169 secs][1 CMS-remark: 349567K(349568K)] 387184K(506816K), 0.0363072 secs] [Times: user=0.13 sys=0.00, real=0.04 secs] 
2018-03-26T19:58:43.241+0530: 10326.028: [CMS-concurrent-sweep-start]
2018-03-26T19:58:43.954+0530: 10326.742: [CMS-concurrent-sweep: 0.714/0.714 secs] [Times: user=0.69 sys=0.00, real=0.71 secs] 
2018-03-26T19:58:43.954+0530: 10326.742: [CMS-concurrent-reset-start]
2018-03-26T19:58:43.955+0530: 10326.743: [CMS-concurrent-reset: 0.001/0.001 secs] [Times: user=0.00 sys=0.00, real=0.00 secs] 
2018-03-26T19:58:45.956+0530: 10328.743: [GC (CMS Initial Mark) [1 CMS-initial-mark: 349567K(349568K)] 387184K(506816K), 0.0289939 secs] [Times: user=0.13 sys=0.00, real=0.03 secs] 
2018-03-26T19:58:45.985+0530: 10328.772: [CMS-concurrent-mark-start]
2018-03-26T19:58:47.525+0530: 10330.311: [CMS-concurrent-mark: 1.539/1.539 secs] [Times: user=1.50 sys=0.00, real=1.54 secs] 
2018-03-26T19:58:47.525+0530: 10330.312: [CMS-concurrent-preclean-start]
2018-03-26T19:58:47.527+0530: 10330.314: [CMS-concurrent-preclean: 0.002/0.002 secs] [Times: user=0.00 sys=0.00, real=0.00 secs] 
2018-03-26T19:58:47.527+0530: 10330.314: [CMS-concurrent-abortable-preclean-start]
2018-03-26T19:58:47.527+0530: 10330.314: [CMS-concurrent-abortable-preclean: 0.000/0.000 secs] [Times: user=0.00 sys=0.00, real=0.00 secs] 
2018-03-26T19:58:47.527+0530: 10330.314: [GC (CMS Final Remark) [YG occupancy: 37616 K (157248 K)]2018-03-26T19:58:47.527+0530: 10330.314: [Rescan (parallel) , 0.0336858 secs]2018-03-26T19:58:47.561+0530: 10330.348: [weak refs processing, 0.0000649 secs]2018-03-26T19:58:47.561+0530: 10330.348: [class unloading, 0.0007796 secs]2018-03-26T19:58:47.562+0530: 10330.349: [scrub symbol table, 0.0012959 secs]2018-03-26T19:58:47.563+0530: 10330.350: [scrub string table, 0.0006139 secs][1 CMS-remark: 349567K(349568K)] 387184K(506816K), 0.0370152 secs] [Times: user=0.13 sys=0.00, real=0.04 secs] 
2018-03-26T19:58:47.565+0530: 10330.352: [CMS-concurrent-sweep-start]
2018-03-26T19:58:48.234+0530: 10331.021: [CMS-concurrent-sweep: 0.668/0.668 secs] [Times: user=0.66 sys=0.00, real=0.67 secs] 
2018-03-26T19:58:48.234+0530: 10331.021: [CMS-concurrent-reset-start]
2018-03-26T19:58:48.235+0530: 10331.022: [CMS-concurrent-reset: 0.001/0.001 secs] [Times: user=0.00 sys=0.00, real=0.00 secs] 
2018-03-26T19:58:50.235+0530: 10333.021: [GC (CMS Initial Mark) [1 CMS-initial-mark: 349567K(349568K)] 387184K(506816K), 0.0387836 secs] [Times: user=0.13 sys=0.00, real=0.04 secs] 
2018-03-26T19:58:50.274+0530: 10333.060: [CMS-concurrent-mark-start]
2018-03-26T19:58:52.421+0530: 10335.208: [CMS-concurrent-mark: 2.148/2.148 secs] [Times: user=1.91 sys=0.02, real=2.15 secs] 
2018-03-26T19:58:52.421+0530: 10335.208: [CMS-concurrent-preclean-start]
2018-03-26T19:58:52.423+0530: 10335.210: [CMS-concurrent-preclean: 0.001/0.001 secs] [Times: user=0.00 sys=0.00, real=0.00 secs] 
2018-03-26T19:58:52.423+0530: 10335.210: [CMS-concurrent-abortable-preclean-start]
2018-03-26T19:58:52.423+0530: 10335.210: [CMS-concurrent-abortable-preclean: 0.000/0.000 secs] [Times: user=0.00 sys=0.00, real=0.00 secs] 
2018-03-26T19:58:52.424+0530: 10335.211: [GC (CMS Final Remark) [YG occupancy: 37616 K (157248 K)]2018-03-26T19:58:52.424+0530: 10335.211: [Rescan (parallel) , 0.0303987 secs]2018-03-26T19:58:52.455+0530: 10335.241: [weak refs processing, 0.0000384 secs]2018-03-26T19:58:52.455+0530: 10335.241: [class unloading, 0.0005113 secs]2018-03-26T19:58:52.455+0530: 10335.242: [scrub symbol table, 0.0008459 secs]2018-03-26T19:58:52.456+0530: 10335.243: [scrub string table, 0.0004094 secs][1 CMS-remark: 349567K(349568K)] 387184K(506816K), 0.0326452 secs] [Times: user=0.11 sys=0.00, real=0.03 secs] 
2018-03-26T19:58:52.457+0530: 10335.243: [CMS-concurrent-sweep-start]
2018-03-26T19:58:53.114+0530: 10335.901: [CMS-concurrent-sweep: 0.658/0.658 secs] [Times: user=0.64 sys=0.00, real=0.66 secs] 
2018-03-26T19:58:53.114+0530: 10335.901: [CMS-concurrent-reset-start]
2018-03-26T19:58:53.115+0530: 10335.902: [CMS-concurrent-reset: 0.001/0.001 secs] [Times: user=0.02 sys=0.00, real=0.00 secs] 
2018-03-26T19:58:55.115+0530: 10337.902: [GC (CMS Initial Mark) [1 CMS-initial-mark: 349567K(349568K)] 387184K(506816K), 0.0444159 secs] [Times: user=0.08 sys=0.00, real=0.05 secs] 
2018-03-26T19:58:55.160+0530: 10337.947: [CMS-concurrent-mark-start]
2018-03-26T19:58:56.729+0530: 10339.516: [CMS-concurrent-mark: 1.569/1.569 secs] [Times: user=1.53 sys=0.00, real=1.57 secs] 
2018-03-26T19:58:56.729+0530: 10339.517: [CMS-concurrent-preclean-start]
2018-03-26T19:58:56.731+0530: 10339.518: [CMS-concurrent-preclean: 0.002/0.002 secs] [Times: user=0.00 sys=0.00, real=0.00 secs] 
2018-03-26T19:58:56.731+0530: 10339.519: [CMS-concurrent-abortable-preclean-start]
2018-03-26T19:58:56.731+0530: 10339.519: [CMS-concurrent-abortable-preclean: 0.000/0.000 secs] [Times: user=0.00 sys=0.00, real=0.00 secs] 
2018-03-26T19:58:56.732+0530: 10339.519: [GC (CMS Final Remark) [YG occupancy: 37616 K (157248 K)]2018-03-26T19:58:56.732+0530: 10339.519: [Rescan (parallel) , 0.0280094 secs]2018-03-26T19:58:56.760+0530: 10339.547: [weak refs processing, 0.0000564 secs]2018-03-26T19:58:56.760+0530: 10339.547: [class unloading, 0.0007366 secs]2018-03-26T19:58:56.761+0530: 10339.548: [scrub symbol table, 0.0027486 secs]2018-03-26T19:58:56.764+0530: 10339.551: [scrub string table, 0.0004365 secs][1 CMS-remark: 349567K(349568K)] 387184K(506816K), 0.0323780 secs] [Times: user=0.13 sys=0.00, real=0.03 secs] 
2018-03-26T19:58:56.765+0530: 10339.552: [CMS-concurrent-sweep-start]
2018-03-26T19:58:57.361+0530: 10340.148: [CMS-concurrent-sweep: 0.596/0.596 secs] [Times: user=0.59 sys=0.00, real=0.60 secs] 
2018-03-26T19:58:57.362+0530: 10340.148: [CMS-concurrent-reset-start]
2018-03-26T19:58:57.362+0530: 10340.149: [CMS-concurrent-reset: 0.001/0.001 secs] [Times: user=0.00 sys=0.00, real=0.00 secs] 
2018-03-26T19:58:59.366+0530: 10342.152: [GC (CMS Initial Mark) [1 CMS-initial-mark: 349567K(349568K)] 387184K(506816K), 0.0331022 secs] [Times: user=0.08 sys=0.00, real=0.03 secs] 
2018-03-26T19:58:59.399+0530: 10342.186: [CMS-concurrent-mark-start]
2018-03-26T19:59:01.441+0530: 10344.228: [CMS-concurrent-mark: 2.042/2.042 secs] [Times: user=1.94 sys=0.00, real=2.04 secs] 
2018-03-26T19:59:01.441+0530: 10344.228: [CMS-concurrent-preclean-start]
2018-03-26T19:59:01.443+0530: 10344.230: [CMS-concurrent-preclean: 0.001/0.001 secs] [Times: user=0.02 sys=0.00, real=0.00 secs] 
2018-03-26T19:59:01.443+0530: 10344.230: [CMS-concurrent-abortable-preclean-start]
2018-03-26T19:59:01.443+0530: 10344.230: [CMS-concurrent-abortable-preclean: 0.000/0.000 secs] [Times: user=0.00 sys=0.00, real=0.00 secs] 
2018-03-26T19:59:01.443+0530: 10344.230: [GC (CMS Final Remark) [YG occupancy: 37616 K (157248 K)]2018-03-26T19:59:01.443+0530: 10344.230: [Rescan (parallel) , 0.0257576 secs]2018-03-26T19:59:01.469+0530: 10344.256: [weak refs processing, 0.0000783 secs]2018-03-26T19:59:01.469+0530: 10344.256: [class unloading, 0.0009566 secs]2018-03-26T19:59:01.470+0530: 10344.257: [scrub symbol table, 0.0009306 secs]2018-03-26T19:59:01.471+0530: 10344.258: [scrub string table, 0.0003903 secs][1 CMS-remark: 349567K(349568K)] 387184K(506816K), 0.0285524 secs] [Times: user=0.06 sys=0.00, real=0.03 secs] 
2018-03-26T19:59:01.472+0530: 10344.259: [CMS-concurrent-sweep-start]
2018-03-26T19:59:01.994+0530: 10344.781: [CMS-concurrent-sweep: 0.522/0.522 secs] [Times: user=0.50 sys=0.00, real=0.52 secs] 
2018-03-26T19:59:01.994+0530: 10344.781: [CMS-concurrent-reset-start]
2018-03-26T19:59:01.995+0530: 10344.782: [CMS-concurrent-reset: 0.001/0.001 secs] [Times: user=0.00 sys=0.00, real=0.00 secs] 
2018-03-26T19:59:03.995+0530: 10346.783: [GC (CMS Initial Mark) [1 CMS-initial-mark: 349567K(349568K)] 387184K(506816K), 0.0426550 secs] [Times: user=0.13 sys=0.00, real=0.04 secs] 
2018-03-26T19:59:04.038+0530: 10346.826: [CMS-concurrent-mark-start]
2018-03-26T19:59:05.554+0530: 10348.341: [CMS-concurrent-mark: 1.515/1.515 secs] [Times: user=1.49 sys=0.00, real=1.52 secs] 
2018-03-26T19:59:05.555+0530: 10348.341: [CMS-concurrent-preclean-start]
2018-03-26T19:59:05.556+0530: 10348.342: [CMS-concurrent-preclean: 0.001/0.001 secs] [Times: user=0.00 sys=0.00, real=0.00 secs] 
2018-03-26T19:59:05.556+0530: 10348.342: [CMS-concurrent-abortable-preclean-start]
2018-03-26T19:59:05.556+0530: 10348.343: [CMS-concurrent-abortable-preclean: 0.000/0.000 secs] [Times: user=0.00 sys=0.00, real=0.00 secs] 
2018-03-26T19:59:05.556+0530: 10348.343: [GC (CMS Final Remark) [YG occupancy: 37616 K (157248 K)]2018-03-26T19:59:05.556+0530: 10348.343: [Rescan (parallel) , 0.0318145 secs]2018-03-26T19:59:05.588+0530: 10348.375: [weak refs processing, 0.0000642 secs]2018-03-26T19:59:05.588+0530: 10348.375: [class unloading, 0.0006238 secs]2018-03-26T19:59:05.589+0530: 10348.375: [scrub symbol table, 0.0015423 secs]2018-03-26T19:59:05.590+0530: 10348.377: [scrub string table, 0.0008847 secs][1 CMS-remark: 349567K(349568K)] 387184K(506816K), 0.0355095 secs] [Times: user=0.11 sys=0.00, real=0.04 secs] 
2018-03-26T19:59:05.593+0530: 10348.380: [CMS-concurrent-sweep-start]
2018-03-26T19:59:06.313+0530: 10349.099: [CMS-concurrent-sweep: 0.719/0.719 secs] [Times: user=0.69 sys=0.00, real=0.72 secs] 
2018-03-26T19:59:06.313+0530: 10349.099: [CMS-concurrent-reset-start]
2018-03-26T19:59:06.314+0530: 10349.101: [CMS-concurrent-reset: 0.001/0.001 secs] [Times: user=0.00 sys=0.00, real=0.00 secs] 
2018-03-26T19:59:08.314+0530: 10351.101: [GC (CMS Initial Mark) [1 CMS-initial-mark: 349567K(349568K)] 387184K(506816K), 0.0293246 secs] [Times: user=0.13 sys=0.00, real=0.03 secs] 
2018-03-26T19:59:08.343+0530: 10351.130: [CMS-concurrent-mark-start]
2018-03-26T19:59:09.658+0530: 10352.445: [CMS-concurrent-mark: 1.315/1.315 secs] [Times: user=1.27 sys=0.00, real=1.32 secs] 
2018-03-26T19:59:09.659+0530: 10352.446: [CMS-concurrent-preclean-start]
2018-03-26T19:59:09.661+0530: 10352.448: [CMS-concurrent-preclean: 0.002/0.002 secs] [Times: user=0.00 sys=0.00, real=0.00 secs] 
2018-03-26T19:59:09.661+0530: 10352.448: [CMS-concurrent-abortable-preclean-start]
2018-03-26T19:59:09.661+0530: 10352.448: [CMS-concurrent-abortable-preclean: 0.000/0.000 secs] [Times: user=0.00 sys=0.00, real=0.00 secs] 
2018-03-26T19:59:09.661+0530: 10352.448: [GC (CMS Final Remark) [YG occupancy: 37616 K (157248 K)]2018-03-26T19:59:09.662+0530: 10352.449: [Rescan (parallel) , 0.0406320 secs]2018-03-26T19:59:09.702+0530: 10352.489: [weak refs processing, 0.0000511 secs]2018-03-26T19:59:09.702+0530: 10352.489: [class unloading, 0.0005910 secs]2018-03-26T19:59:09.703+0530: 10352.490: [scrub symbol table, 0.0013357 secs]2018-03-26T19:59:09.704+0530: 10352.491: [scrub string table, 0.0004746 secs][1 CMS-remark: 349567K(349568K)] 387184K(506816K), 0.0436028 secs] [Times: user=0.11 sys=0.01, real=0.04 secs] 
2018-03-26T19:59:09.705+0530: 10352.493: [CMS-concurrent-sweep-start]
2018-03-26T19:59:10.392+0530: 10353.179: [CMS-concurrent-sweep: 0.686/0.686 secs] [Times: user=0.67 sys=0.00, real=0.69 secs] 
2018-03-26T19:59:10.392+0530: 10353.179: [CMS-concurrent-reset-start]
2018-03-26T19:59:10.393+0530: 10353.180: [CMS-concurrent-reset: 0.001/0.001 secs] [Times: user=0.00 sys=0.00, real=0.00 secs] 
2018-03-26T19:59:12.394+0530: 10355.181: [GC (CMS Initial Mark) [1 CMS-initial-mark: 349567K(349568K)] 387184K(506816K), 0.0344728 secs] [Times: user=0.14 sys=0.00, real=0.03 secs] 
2018-03-26T19:59:12.428+0530: 10355.215: [CMS-concurrent-mark-start]
2018-03-26T19:59:14.207+0530: 10356.994: [CMS-concurrent-mark: 1.779/1.779 secs] [Times: user=1.72 sys=0.00, real=1.78 secs] 
2018-03-26T19:59:14.207+0530: 10356.994: [CMS-concurrent-preclean-start]
2018-03-26T19:59:14.209+0530: 10356.996: [CMS-concurrent-preclean: 0.001/0.001 secs] [Times: user=0.02 sys=0.00, real=0.00 secs] 
2018-03-26T19:59:14.209+0530: 10356.996: [CMS-concurrent-abortable-preclean-start]
2018-03-26T19:59:14.209+0530: 10356.996: [CMS-concurrent-abortable-preclean: 0.000/0.000 secs] [Times: user=0.00 sys=0.00, real=0.00 secs] 
2018-03-26T19:59:14.209+0530: 10356.996: [GC (CMS Final Remark) [YG occupancy: 37616 K (157248 K)]2018-03-26T19:59:14.209+0530: 10356.996: [Rescan (parallel) , 0.0414300 secs]2018-03-26T19:59:14.251+0530: 10357.038: [weak refs processing, 0.0000607 secs]2018-03-26T19:59:14.251+0530: 10357.038: [class unloading, 0.0005716 secs]2018-03-26T19:59:14.252+0530: 10357.038: [scrub symbol table, 0.0010815 secs]2018-03-26T19:59:14.253+0530: 10357.039: [scrub string table, 0.0004112 secs][1 CMS-remark: 349567K(349568K)] 387184K(506816K), 0.0439001 secs] [Times: user=0.09 sys=0.00, real=0.04 secs] 
2018-03-26T19:59:14.254+0530: 10357.041: [CMS-concurrent-sweep-start]
2018-03-26T19:59:14.751+0530: 10357.537: [CMS-concurrent-sweep: 0.497/0.497 secs] [Times: user=0.47 sys=0.00, real=0.50 secs] 
2018-03-26T19:59:14.751+0530: 10357.538: [CMS-concurrent-reset-start]
2018-03-26T19:59:14.752+0530: 10357.539: [CMS-concurrent-reset: 0.001/0.001 secs] [Times: user=0.00 sys=0.00, real=0.00 secs] 
2018-03-26T19:59:16.752+0530: 10359.539: [GC (CMS Initial Mark) [1 CMS-initial-mark: 349567K(349568K)] 387184K(506816K), 0.0333297 secs] [Times: user=0.13 sys=0.00, real=0.03 secs] 
2018-03-26T19:59:16.785+0530: 10359.572: [CMS-concurrent-mark-start]
2018-03-26T19:59:18.166+0530: 10360.952: [CMS-concurrent-mark: 1.380/1.380 secs] [Times: user=1.36 sys=0.00, real=1.38 secs] 
2018-03-26T19:59:18.166+0530: 10360.952: [CMS-concurrent-preclean-start]
2018-03-26T19:59:18.168+0530: 10360.954: [CMS-concurrent-preclean: 0.002/0.002 secs] [Times: user=0.00 sys=0.00, real=0.00 secs] 
2018-03-26T19:59:18.168+0530: 10360.954: [CMS-concurrent-abortable-preclean-start]
2018-03-26T19:59:18.168+0530: 10360.954: [CMS-concurrent-abortable-preclean: 0.000/0.000 secs] [Times: user=0.00 sys=0.00, real=0.00 secs] 
2018-03-26T19:59:18.168+0530: 10360.955: [GC (CMS Final Remark) [YG occupancy: 37616 K (157248 K)]2018-03-26T19:59:18.168+0530: 10360.955: [Rescan (parallel) , 0.0378749 secs]2018-03-26T19:59:18.206+0530: 10360.993: [weak refs processing, 0.0001534 secs]2018-03-26T19:59:18.207+0530: 10360.993: [class unloading, 0.0015230 secs]2018-03-26T19:59:18.208+0530: 10360.995: [scrub symbol table, 0.0012938 secs]2018-03-26T19:59:18.210+0530: 10360.996: [scrub string table, 0.0005236 secs][1 CMS-remark: 349567K(349568K)] 387184K(506816K), 0.0422216 secs] [Times: user=0.14 sys=0.00, real=0.04 secs] 
2018-03-26T19:59:18.210+0530: 10360.997: [CMS-concurrent-sweep-start]
2018-03-26T19:59:18.940+0530: 10361.726: [CMS-concurrent-sweep: 0.729/0.729 secs] [Times: user=0.70 sys=0.00, real=0.73 secs] 
2018-03-26T19:59:18.940+0530: 10361.727: [CMS-concurrent-reset-start]
2018-03-26T19:59:18.941+0530: 10361.728: [CMS-concurrent-reset: 0.002/0.002 secs] [Times: user=0.00 sys=0.00, real=0.00 secs] 
2018-03-26T19:59:20.942+0530: 10363.729: [GC (CMS Initial Mark) [1 CMS-initial-mark: 349567K(349568K)] 387184K(506816K), 0.0331992 secs] [Times: user=0.16 sys=0.00, real=0.03 secs] 
2018-03-26T19:59:20.975+0530: 10363.762: [CMS-concurrent-mark-start]
2018-03-26T19:59:22.598+0530: 10365.385: [CMS-concurrent-mark: 1.623/1.623 secs] [Times: user=1.56 sys=0.00, real=1.62 secs] 
2018-03-26T19:59:22.598+0530: 10365.386: [CMS-concurrent-preclean-start]
2018-03-26T19:59:22.600+0530: 10365.387: [CMS-concurrent-preclean: 0.002/0.002 secs] [Times: user=0.02 sys=0.00, real=0.00 secs] 
2018-03-26T19:59:22.600+0530: 10365.387: [CMS-concurrent-abortable-preclean-start]
2018-03-26T19:59:22.600+0530: 10365.388: [CMS-concurrent-abortable-preclean: 0.000/0.000 secs] [Times: user=0.00 sys=0.00, real=0.00 secs] 
2018-03-26T19:59:22.600+0530: 10365.388: [GC (CMS Final Remark) [YG occupancy: 37616 K (157248 K)]2018-03-26T19:59:22.600+0530: 10365.388: [Rescan (parallel) , 0.0390086 secs]2018-03-26T19:59:22.640+0530: 10365.427: [weak refs processing, 0.0000807 secs]2018-03-26T19:59:22.641+0530: 10365.427: [class unloading, 0.0007532 secs]2018-03-26T19:59:22.641+0530: 10365.428: [scrub symbol table, 0.0011428 secs]2018-03-26T19:59:22.643+0530: 10365.429: [scrub string table, 0.0004831 secs][1 CMS-remark: 349567K(349568K)] 387184K(506816K), 0.0418965 secs] [Times: user=0.09 sys=0.00, real=0.04 secs] 
2018-03-26T19:59:22.643+0530: 10365.430: [CMS-concurrent-sweep-start]
2018-03-26T19:59:23.393+0530: 10366.180: [CMS-concurrent-sweep: 0.750/0.750 secs] [Times: user=0.66 sys=0.02, real=0.75 secs] 
2018-03-26T19:59:23.393+0530: 10366.180: [CMS-concurrent-reset-start]
2018-03-26T19:59:23.394+0530: 10366.181: [CMS-concurrent-reset: 0.001/0.001 secs] [Times: user=0.00 sys=0.00, real=0.00 secs] 
2018-03-26T19:59:25.394+0530: 10368.181: [GC (CMS Initial Mark) [1 CMS-initial-mark: 349567K(349568K)] 387184K(506816K), 0.0344471 secs] [Times: user=0.13 sys=0.00, real=0.03 secs] 
2018-03-26T19:59:25.428+0530: 10368.215: [CMS-concurrent-mark-start]
2018-03-26T19:59:26.948+0530: 10369.734: [CMS-concurrent-mark: 1.519/1.519 secs] [Times: user=1.45 sys=0.00, real=1.52 secs] 
2018-03-26T19:59:26.948+0530: 10369.735: [CMS-concurrent-preclean-start]
2018-03-26T19:59:26.950+0530: 10369.737: [CMS-concurrent-preclean: 0.002/0.002 secs] [Times: user=0.00 sys=0.00, real=0.00 secs] 
2018-03-26T19:59:26.950+0530: 10369.737: [CMS-concurrent-abortable-preclean-start]
2018-03-26T19:59:26.950+0530: 10369.737: [CMS-concurrent-abortable-preclean: 0.000/0.000 secs] [Times: user=0.00 sys=0.00, real=0.00 secs] 
2018-03-26T19:59:26.950+0530: 10369.737: [GC (CMS Final Remark) [YG occupancy: 37616 K (157248 K)]2018-03-26T19:59:26.951+0530: 10369.737: [Rescan (parallel) , 0.0356968 secs]2018-03-26T19:59:26.986+0530: 10369.773: [weak refs processing, 0.0000642 secs]2018-03-26T19:59:26.986+0530: 10369.773: [class unloading, 0.0007278 secs]2018-03-26T19:59:26.987+0530: 10369.774: [scrub symbol table, 0.0012045 secs]2018-03-26T19:59:26.988+0530: 10369.775: [scrub string table, 0.0005839 secs][1 CMS-remark: 349567K(349568K)] 387184K(506816K), 0.0386771 secs] [Times: user=0.09 sys=0.00, real=0.04 secs] 
2018-03-26T19:59:26.989+0530: 10369.776: [CMS-concurrent-sweep-start]
2018-03-26T19:59:27.689+0530: 10370.476: [CMS-concurrent-sweep: 0.699/0.699 secs] [Times: user=0.70 sys=0.01, real=0.70 secs] 
2018-03-26T19:59:27.689+0530: 10370.476: [CMS-concurrent-reset-start]
2018-03-26T19:59:27.690+0530: 10370.477: [CMS-concurrent-reset: 0.001/0.001 secs] [Times: user=0.00 sys=0.00, real=0.00 secs] 
2018-03-26T19:59:29.690+0530: 10372.476: [GC (CMS Initial Mark) [1 CMS-initial-mark: 349567K(349568K)] 395569K(506816K), 0.0347387 secs] [Times: user=0.14 sys=0.00, real=0.03 secs] 
2018-03-26T19:59:29.725+0530: 10372.511: [CMS-concurrent-mark-start]
2018-03-26T19:59:30.973+0530: 10373.760: [CMS-concurrent-mark: 1.248/1.248 secs] [Times: user=1.19 sys=0.02, real=1.25 secs] 
2018-03-26T19:59:30.973+0530: 10373.760: [CMS-concurrent-preclean-start]
2018-03-26T19:59:30.975+0530: 10373.761: [CMS-concurrent-preclean: 0.002/0.002 secs] [Times: user=0.02 sys=0.00, real=0.00 secs] 
2018-03-26T19:59:30.975+0530: 10373.762: [CMS-concurrent-abortable-preclean-start]
2018-03-26T19:59:30.975+0530: 10373.762: [CMS-concurrent-abortable-preclean: 0.000/0.000 secs] [Times: user=0.00 sys=0.00, real=0.00 secs] 
2018-03-26T19:59:30.975+0530: 10373.762: [GC (CMS Final Remark) [YG occupancy: 46001 K (157248 K)]2018-03-26T19:59:30.975+0530: 10373.762: [Rescan (parallel) , 0.0386076 secs]2018-03-26T19:59:31.014+0530: 10373.801: [weak refs processing, 0.0000624 secs]2018-03-26T19:59:31.014+0530: 10373.801: [class unloading, 0.0005141 secs]2018-03-26T19:59:31.014+0530: 10373.801: [scrub symbol table, 0.0010169 secs]2018-03-26T19:59:31.015+0530: 10373.802: [scrub string table, 0.0004662 secs][1 CMS-remark: 349567K(349568K)] 395569K(506816K), 0.0409800 secs] [Times: user=0.13 sys=0.00, real=0.04 secs] 
2018-03-26T19:59:31.016+0530: 10373.803: [CMS-concurrent-sweep-start]
2018-03-26T19:59:31.873+0530: 10374.660: [CMS-concurrent-sweep: 0.857/0.857 secs] [Times: user=0.80 sys=0.00, real=0.86 secs] 
2018-03-26T19:59:31.873+0530: 10374.660: [CMS-concurrent-reset-start]
2018-03-26T19:59:31.874+0530: 10374.661: [CMS-concurrent-reset: 0.001/0.001 secs] [Times: user=0.00 sys=0.00, real=0.00 secs] 
2018-03-26T19:59:33.874+0530: 10376.661: [GC (CMS Initial Mark) [1 CMS-initial-mark: 349567K(349568K)] 395569K(506816K), 0.0340924 secs] [Times: user=0.13 sys=0.00, real=0.03 secs] 
2018-03-26T19:59:33.908+0530: 10376.695: [CMS-concurrent-mark-start]
2018-03-26T19:59:35.137+0530: 10377.924: [CMS-concurrent-mark: 1.229/1.229 secs] [Times: user=1.22 sys=0.00, real=1.23 secs] 
2018-03-26T19:59:35.137+0530: 10377.924: [CMS-concurrent-preclean-start]
2018-03-26T19:59:35.139+0530: 10377.925: [CMS-concurrent-preclean: 0.001/0.001 secs] [Times: user=0.00 sys=0.00, real=0.00 secs] 
2018-03-26T19:59:35.139+0530: 10377.925: [CMS-concurrent-abortable-preclean-start]
2018-03-26T19:59:35.139+0530: 10377.925: [CMS-concurrent-abortable-preclean: 0.000/0.000 secs] [Times: user=0.00 sys=0.00, real=0.00 secs] 
2018-03-26T19:59:35.139+0530: 10377.926: [GC (CMS Final Remark) [YG occupancy: 46001 K (157248 K)]2018-03-26T19:59:35.139+0530: 10377.926: [Rescan (parallel) , 0.0305972 secs]2018-03-26T19:59:35.170+0530: 10377.956: [weak refs processing, 0.0000473 secs]2018-03-26T19:59:35.170+0530: 10377.956: [class unloading, 0.0005469 secs]2018-03-26T19:59:35.170+0530: 10377.957: [scrub symbol table, 0.0009817 secs]2018-03-26T19:59:35.171+0530: 10377.958: [scrub string table, 0.0005973 secs][1 CMS-remark: 349567K(349568K)] 395569K(506816K), 0.0333205 secs] [Times: user=0.13 sys=0.00, real=0.03 secs] 
2018-03-26T19:59:35.172+0530: 10377.959: [CMS-concurrent-sweep-start]
2018-03-26T19:59:35.633+0530: 10378.419: [CMS-concurrent-sweep: 0.460/0.460 secs] [Times: user=0.47 sys=0.00, real=0.46 secs] 
2018-03-26T19:59:35.633+0530: 10378.419: [CMS-concurrent-reset-start]
2018-03-26T19:59:35.633+0530: 10378.420: [CMS-concurrent-reset: 0.001/0.001 secs] [Times: user=0.00 sys=0.00, real=0.00 secs] 
2018-03-26T19:59:37.633+0530: 10380.420: [GC (CMS Initial Mark) [1 CMS-initial-mark: 349567K(349568K)] 395569K(506816K), 0.0430827 secs] [Times: user=0.13 sys=0.00, real=0.04 secs] 
2018-03-26T19:59:37.676+0530: 10380.463: [CMS-concurrent-mark-start]
2018-03-26T19:59:39.594+0530: 10382.381: [CMS-concurrent-mark: 1.918/1.918 secs] [Times: user=1.78 sys=0.02, real=1.92 secs] 
2018-03-26T19:59:39.594+0530: 10382.381: [CMS-concurrent-preclean-start]
2018-03-26T19:59:39.596+0530: 10382.383: [CMS-concurrent-preclean: 0.002/0.002 secs] [Times: user=0.00 sys=0.00, real=0.00 secs] 
2018-03-26T19:59:39.596+0530: 10382.383: [CMS-concurrent-abortable-preclean-start]
2018-03-26T19:59:39.596+0530: 10382.383: [CMS-concurrent-abortable-preclean: 0.000/0.000 secs] [Times: user=0.00 sys=0.00, real=0.00 secs] 
2018-03-26T19:59:39.596+0530: 10382.383: [GC (CMS Final Remark) [YG occupancy: 46001 K (157248 K)]2018-03-26T19:59:39.596+0530: 10382.383: [Rescan (parallel) , 0.0406063 secs]2018-03-26T19:59:39.637+0530: 10382.424: [weak refs processing, 0.0000786 secs]2018-03-26T19:59:39.638+0530: 10382.424: [class unloading, 0.0006121 secs]2018-03-26T19:59:39.638+0530: 10382.425: [scrub symbol table, 0.0020543 secs]2018-03-26T19:59:39.640+0530: 10382.427: [scrub string table, 0.0006379 secs][1 CMS-remark: 349567K(349568K)] 395569K(506816K), 0.0446247 secs] [Times: user=0.17 sys=0.00, real=0.05 secs] 
2018-03-26T19:59:39.642+0530: 10382.428: [CMS-concurrent-sweep-start]
2018-03-26T19:59:40.307+0530: 10383.094: [CMS-concurrent-sweep: 0.666/0.666 secs] [Times: user=0.66 sys=0.00, real=0.66 secs] 
2018-03-26T19:59:40.307+0530: 10383.094: [CMS-concurrent-reset-start]
2018-03-26T19:59:40.308+0530: 10383.095: [CMS-concurrent-reset: 0.001/0.001 secs] [Times: user=0.00 sys=0.00, real=0.00 secs] 
2018-03-26T19:59:42.307+0530: 10385.094: [GC (CMS Initial Mark) [1 CMS-initial-mark: 349567K(349568K)] 395569K(506816K), 0.0397501 secs] [Times: user=0.13 sys=0.00, real=0.04 secs] 
2018-03-26T19:59:42.347+0530: 10385.134: [CMS-concurrent-mark-start]
2018-03-26T19:59:44.289+0530: 10387.075: [CMS-concurrent-mark: 1.941/1.941 secs] [Times: user=1.92 sys=0.00, real=1.94 secs] 
2018-03-26T19:59:44.289+0530: 10387.075: [CMS-concurrent-preclean-start]
2018-03-26T19:59:44.290+0530: 10387.077: [CMS-concurrent-preclean: 0.002/0.002 secs] [Times: user=0.00 sys=0.00, real=0.00 secs] 
2018-03-26T19:59:44.290+0530: 10387.077: [CMS-concurrent-abortable-preclean-start]
2018-03-26T19:59:44.290+0530: 10387.077: [CMS-concurrent-abortable-preclean: 0.000/0.000 secs] [Times: user=0.00 sys=0.00, real=0.00 secs] 
2018-03-26T19:59:44.291+0530: 10387.078: [GC (CMS Final Remark) [YG occupancy: 46001 K (157248 K)]2018-03-26T19:59:44.291+0530: 10387.078: [Rescan (parallel) , 0.0366407 secs]2018-03-26T19:59:44.328+0530: 10387.114: [weak refs processing, 0.0000607 secs]2018-03-26T19:59:44.328+0530: 10387.115: [class unloading, 0.0005889 secs]2018-03-26T19:59:44.328+0530: 10387.115: [scrub symbol table, 0.0012285 secs]2018-03-26T19:59:44.330+0530: 10387.116: [scrub string table, 0.0004073 secs][1 CMS-remark: 349567K(349568K)] 395569K(506816K), 0.0393072 secs] [Times: user=0.11 sys=0.00, real=0.04 secs] 
2018-03-26T19:59:44.331+0530: 10387.118: [CMS-concurrent-sweep-start]
2018-03-26T19:59:44.912+0530: 10387.699: [CMS-concurrent-sweep: 0.581/0.581 secs] [Times: user=0.59 sys=0.00, real=0.58 secs] 
2018-03-26T19:59:44.912+0530: 10387.699: [CMS-concurrent-reset-start]
2018-03-26T19:59:44.913+0530: 10387.700: [CMS-concurrent-reset: 0.001/0.001 secs] [Times: user=0.00 sys=0.00, real=0.00 secs] 
2018-03-26T19:59:46.913+0530: 10389.700: [GC (CMS Initial Mark) [1 CMS-initial-mark: 349567K(349568K)] 395569K(506816K), 0.0366541 secs] [Times: user=0.13 sys=0.00, real=0.04 secs] 
2018-03-26T19:59:46.950+0530: 10389.737: [CMS-concurrent-mark-start]
2018-03-26T19:59:48.604+0530: 10391.391: [CMS-concurrent-mark: 1.654/1.654 secs] [Times: user=1.63 sys=0.00, real=1.65 secs] 
2018-03-26T19:59:48.604+0530: 10391.391: [CMS-concurrent-preclean-start]
2018-03-26T19:59:48.605+0530: 10391.392: [CMS-concurrent-preclean: 0.001/0.001 secs] [Times: user=0.00 sys=0.00, real=0.00 secs] 
2018-03-26T19:59:48.605+0530: 10391.392: [CMS-concurrent-abortable-preclean-start]
2018-03-26T19:59:48.605+0530: 10391.392: [CMS-concurrent-abortable-preclean: 0.000/0.000 secs] [Times: user=0.00 sys=0.00, real=0.00 secs] 
2018-03-26T19:59:48.605+0530: 10391.392: [GC (CMS Final Remark) [YG occupancy: 46001 K (157248 K)]2018-03-26T19:59:48.606+0530: 10391.392: [Rescan (parallel) , 0.0309544 secs]2018-03-26T19:59:48.637+0530: 10391.423: [weak refs processing, 0.0000561 secs]2018-03-26T19:59:48.637+0530: 10391.423: [class unloading, 0.0009323 secs]2018-03-26T19:59:48.638+0530: 10391.425: [scrub symbol table, 0.0017204 secs]2018-03-26T19:59:48.640+0530: 10391.427: [scrub string table, 0.0006883 secs][1 CMS-remark: 349567K(349568K)] 395569K(506816K), 0.0350850 secs] [Times: user=0.13 sys=0.00, real=0.04 secs] 
2018-03-26T19:59:48.641+0530: 10391.428: [CMS-concurrent-sweep-start]
2018-03-26T19:59:49.112+0530: 10391.900: [CMS-concurrent-sweep: 0.471/0.471 secs] [Times: user=0.47 sys=0.00, real=0.47 secs] 
2018-03-26T19:59:49.113+0530: 10391.900: [CMS-concurrent-reset-start]
2018-03-26T19:59:49.114+0530: 10391.901: [CMS-concurrent-reset: 0.001/0.001 secs] [Times: user=0.00 sys=0.00, real=0.00 secs] 
2018-03-26T19:59:51.114+0530: 10393.901: [GC (CMS Initial Mark) [1 CMS-initial-mark: 349567K(349568K)] 395569K(506816K), 0.0343424 secs] [Times: user=0.14 sys=0.00, real=0.03 secs] 
2018-03-26T19:59:51.149+0530: 10393.936: [CMS-concurrent-mark-start]
2018-03-26T19:59:52.277+0530: 10395.064: [CMS-concurrent-mark: 1.129/1.129 secs] [Times: user=1.08 sys=0.00, real=1.13 secs] 
2018-03-26T19:59:52.277+0530: 10395.064: [CMS-concurrent-preclean-start]
2018-03-26T19:59:52.279+0530: 10395.066: [CMS-concurrent-preclean: 0.001/0.001 secs] [Times: user=0.00 sys=0.00, real=0.00 secs] 
2018-03-26T19:59:52.279+0530: 10395.066: [CMS-concurrent-abortable-preclean-start]
2018-03-26T19:59:52.279+0530: 10395.066: [CMS-concurrent-abortable-preclean: 0.000/0.000 secs] [Times: user=0.00 sys=0.00, real=0.00 secs] 
2018-03-26T19:59:52.279+0530: 10395.066: [GC (CMS Final Remark) [YG occupancy: 46001 K (157248 K)]2018-03-26T19:59:52.279+0530: 10395.066: [Rescan (parallel) , 0.0393545 secs]2018-03-26T19:59:52.318+0530: 10395.105: [weak refs processing, 0.0000582 secs]2018-03-26T19:59:52.319+0530: 10395.106: [class unloading, 0.0004563 secs]2018-03-26T19:59:52.319+0530: 10395.106: [scrub symbol table, 0.0008741 secs]2018-03-26T19:59:52.320+0530: 10395.107: [scrub string table, 0.0003163 secs][1 CMS-remark: 349567K(349568K)] 395569K(506816K), 0.0413327 secs] [Times: user=0.17 sys=0.00, real=0.04 secs] 
2018-03-26T19:59:52.320+0530: 10395.107: [CMS-concurrent-sweep-start]
2018-03-26T19:59:52.985+0530: 10395.772: [CMS-concurrent-sweep: 0.665/0.665 secs] [Times: user=0.63 sys=0.00, real=0.66 secs] 
2018-03-26T19:59:52.986+0530: 10395.772: [CMS-concurrent-reset-start]
2018-03-26T19:59:52.986+0530: 10395.773: [CMS-concurrent-reset: 0.001/0.001 secs] [Times: user=0.00 sys=0.00, real=0.00 secs] 
2018-03-26T19:59:54.986+0530: 10397.773: [GC (CMS Initial Mark) [1 CMS-initial-mark: 349567K(349568K)] 395569K(506816K), 0.0495655 secs] [Times: user=0.16 sys=0.00, real=0.05 secs] 
2018-03-26T19:59:55.035+0530: 10397.823: [CMS-concurrent-mark-start]
2018-03-26T19:59:56.040+0530: 10398.827: [CMS-concurrent-mark: 1.004/1.004 secs] [Times: user=1.02 sys=0.00, real=1.00 secs] 
2018-03-26T19:59:56.040+0530: 10398.827: [CMS-concurrent-preclean-start]
2018-03-26T19:59:56.041+0530: 10398.828: [CMS-concurrent-preclean: 0.001/0.001 secs] [Times: user=0.00 sys=0.00, real=0.00 secs] 
2018-03-26T19:59:56.041+0530: 10398.829: [CMS-concurrent-abortable-preclean-start]
2018-03-26T19:59:56.041+0530: 10398.829: [CMS-concurrent-abortable-preclean: 0.000/0.000 secs] [Times: user=0.00 sys=0.00, real=0.00 secs] 
2018-03-26T19:59:56.042+0530: 10398.829: [GC (CMS Final Remark) [YG occupancy: 46001 K (157248 K)]2018-03-26T19:59:56.042+0530: 10398.829: [Rescan (parallel) , 0.0440235 secs]2018-03-26T19:59:56.086+0530: 10398.873: [weak refs processing, 0.0000733 secs]2018-03-26T19:59:56.087+0530: 10398.873: [class unloading, 0.0005067 secs]2018-03-26T19:59:56.087+0530: 10398.874: [scrub symbol table, 0.0007532 secs]2018-03-26T19:59:56.088+0530: 10398.874: [scrub string table, 0.0002631 secs][1 CMS-remark: 349567K(349568K)] 395569K(506816K), 0.0459195 secs] [Times: user=0.17 sys=0.00, real=0.05 secs] 
2018-03-26T19:59:56.088+0530: 10398.875: [CMS-concurrent-sweep-start]
2018-03-26T19:59:56.541+0530: 10399.328: [CMS-concurrent-sweep: 0.453/0.453 secs] [Times: user=0.45 sys=0.00, real=0.45 secs] 
2018-03-26T19:59:56.541+0530: 10399.328: [CMS-concurrent-reset-start]
2018-03-26T19:59:56.542+0530: 10399.329: [CMS-concurrent-reset: 0.001/0.001 secs] [Times: user=0.00 sys=0.00, real=0.00 secs] 
2018-03-26T19:59:58.542+0530: 10401.329: [GC (CMS Initial Mark) [1 CMS-initial-mark: 349567K(349568K)] 395569K(506816K), 0.0319700 secs] [Times: user=0.13 sys=0.00, real=0.03 secs] 
2018-03-26T19:59:58.573+0530: 10401.361: [CMS-concurrent-mark-start]
2018-03-26T19:59:59.427+0530: 10402.214: [CMS-concurrent-mark: 0.853/0.853 secs] [Times: user=0.86 sys=0.00, real=0.85 secs] 
2018-03-26T19:59:59.427+0530: 10402.214: [CMS-concurrent-preclean-start]
2018-03-26T19:59:59.428+0530: 10402.215: [CMS-concurrent-preclean: 0.001/0.001 secs] [Times: user=0.00 sys=0.00, real=0.00 secs] 
2018-03-26T19:59:59.428+0530: 10402.215: [CMS-concurrent-abortable-preclean-start]
2018-03-26T19:59:59.428+0530: 10402.215: [CMS-concurrent-abortable-preclean: 0.000/0.000 secs] [Times: user=0.00 sys=0.00, real=0.00 secs] 
2018-03-26T19:59:59.428+0530: 10402.215: [GC (CMS Final Remark) [YG occupancy: 46001 K (157248 K)]2018-03-26T19:59:59.428+0530: 10402.215: [Rescan (parallel) , 0.0364997 secs]2018-03-26T19:59:59.465+0530: 10402.252: [weak refs processing, 0.0000786 secs]2018-03-26T19:59:59.466+0530: 10402.252: [class unloading, 0.0006072 secs]2018-03-26T19:59:59.466+0530: 10402.253: [scrub symbol table, 0.0011453 secs]2018-03-26T19:59:59.467+0530: 10402.254: [scrub string table, 0.0004838 secs][1 CMS-remark: 349567K(349568K)] 395569K(506816K), 0.0391993 secs] [Times: user=0.09 sys=0.00, real=0.04 secs] 
2018-03-26T19:59:59.468+0530: 10402.255: [CMS-concurrent-sweep-start]
2018-03-26T19:59:59.948+0530: 10402.735: [CMS-concurrent-sweep: 0.480/0.480 secs] [Times: user=0.47 sys=0.00, real=0.48 secs] 
2018-03-26T19:59:59.948+0530: 10402.735: [CMS-concurrent-reset-start]
2018-03-26T19:59:59.949+0530: 10402.736: [CMS-concurrent-reset: 0.001/0.001 secs] [Times: user=0.00 sys=0.00, real=0.00 secs] 
2018-03-26T20:00:01.987+0530: 10404.773: [GC (CMS Initial Mark) [1 CMS-initial-mark: 349567K(349568K)] 395569K(506816K), 0.0327341 secs] [Times: user=0.08 sys=0.00, real=0.03 secs] 
2018-03-26T20:00:02.019+0530: 10404.806: [CMS-concurrent-mark-start]
2018-03-26T20:00:03.152+0530: 10405.939: [CMS-concurrent-mark: 1.133/1.133 secs] [Times: user=1.02 sys=0.00, real=1.13 secs] 
2018-03-26T20:00:03.152+0530: 10405.939: [CMS-concurrent-preclean-start]
2018-03-26T20:00:03.153+0530: 10405.940: [CMS-concurrent-preclean: 0.001/0.001 secs] [Times: user=0.00 sys=0.00, real=0.00 secs] 
2018-03-26T20:00:03.153+0530: 10405.940: [CMS-concurrent-abortable-preclean-start]
2018-03-26T20:00:03.153+0530: 10405.940: [CMS-concurrent-abortable-preclean: 0.000/0.000 secs] [Times: user=0.00 sys=0.00, real=0.00 secs] 
2018-03-26T20:00:03.159+0530: 10405.946: [GC (CMS Final Remark) [YG occupancy: 46001 K (157248 K)]2018-03-26T20:00:03.205+0530: 10405.991: [Rescan (parallel) , 0.0342786 secs]2018-03-26T20:00:03.238+0530: 10406.025: [weak refs processing, 0.0000670 secs]2018-03-26T20:00:03.239+0530: 10406.026: [class unloading, 0.0005504 secs]2018-03-26T20:00:03.239+0530: 10406.026: [scrub symbol table, 0.0006481 secs]2018-03-26T20:00:03.240+0530: 10406.027: [scrub string table, 0.0002109 secs][1 CMS-remark: 349567K(349568K)] 395569K(506816K), 0.0868234 secs] [Times: user=0.19 sys=0.00, real=0.09 secs] 
2018-03-26T20:00:03.286+0530: 10406.073: [CMS-concurrent-sweep-start]
2018-03-26T20:00:04.204+0530: 10406.991: [CMS-concurrent-sweep: 0.918/0.918 secs] [Times: user=0.91 sys=0.00, real=0.92 secs] 
2018-03-26T20:00:04.204+0530: 10406.991: [CMS-concurrent-reset-start]
2018-03-26T20:00:04.205+0530: 10406.992: [CMS-concurrent-reset: 0.001/0.001 secs] [Times: user=0.00 sys=0.00, real=0.00 secs] 
2018-03-26T20:00:06.205+0530: 10408.992: [GC (CMS Initial Mark) [1 CMS-initial-mark: 349567K(349568K)] 395569K(506816K), 0.0294727 secs] [Times: user=0.13 sys=0.00, real=0.03 secs] 
2018-03-26T20:00:06.234+0530: 10409.022: [CMS-concurrent-mark-start]
2018-03-26T20:00:07.616+0530: 10410.402: [CMS-concurrent-mark: 1.381/1.381 secs] [Times: user=1.34 sys=0.00, real=1.38 secs] 
2018-03-26T20:00:07.616+0530: 10410.403: [CMS-concurrent-preclean-start]
2018-03-26T20:00:07.617+0530: 10410.404: [CMS-concurrent-preclean: 0.001/0.001 secs] [Times: user=0.00 sys=0.00, real=0.00 secs] 
2018-03-26T20:00:07.617+0530: 10410.404: [CMS-concurrent-abortable-preclean-start]
2018-03-26T20:00:07.617+0530: 10410.404: [CMS-concurrent-abortable-preclean: 0.000/0.000 secs] [Times: user=0.00 sys=0.00, real=0.00 secs] 
2018-03-26T20:00:07.617+0530: 10410.404: [GC (CMS Final Remark) [YG occupancy: 46001 K (157248 K)]2018-03-26T20:00:07.617+0530: 10410.404: [Rescan (parallel) , 0.0586532 secs]2018-03-26T20:00:07.676+0530: 10410.463: [weak refs processing, 0.0000681 secs]2018-03-26T20:00:07.676+0530: 10410.463: [class unloading, 0.0006192 secs]2018-03-26T20:00:07.677+0530: 10410.464: [scrub symbol table, 0.0010931 secs]2018-03-26T20:00:07.678+0530: 10410.465: [scrub string table, 0.0004757 secs][1 CMS-remark: 349567K(349568K)] 395569K(506816K), 0.0612731 secs] [Times: user=0.16 sys=0.00, real=0.06 secs] 
2018-03-26T20:00:07.679+0530: 10410.466: [CMS-concurrent-sweep-start]
2018-03-26T20:00:08.387+0530: 10411.174: [CMS-concurrent-sweep: 0.708/0.708 secs] [Times: user=0.70 sys=0.00, real=0.71 secs] 
2018-03-26T20:00:08.387+0530: 10411.174: [CMS-concurrent-reset-start]
2018-03-26T20:00:08.388+0530: 10411.175: [CMS-concurrent-reset: 0.001/0.001 secs] [Times: user=0.00 sys=0.00, real=0.00 secs] 
2018-03-26T20:00:10.388+0530: 10413.174: [GC (CMS Initial Mark) [1 CMS-initial-mark: 349567K(349568K)] 395569K(506816K), 0.0354330 secs] [Times: user=0.13 sys=0.00, real=0.04 secs] 
2018-03-26T20:00:10.423+0530: 10413.210: [CMS-concurrent-mark-start]
2018-03-26T20:00:11.839+0530: 10414.626: [CMS-concurrent-mark: 1.416/1.416 secs] [Times: user=1.39 sys=0.00, real=1.42 secs] 
2018-03-26T20:00:11.839+0530: 10414.626: [CMS-concurrent-preclean-start]
2018-03-26T20:00:11.841+0530: 10414.628: [CMS-concurrent-preclean: 0.001/0.001 secs] [Times: user=0.00 sys=0.00, real=0.00 secs] 
2018-03-26T20:00:11.841+0530: 10414.628: [CMS-concurrent-abortable-preclean-start]
2018-03-26T20:00:11.841+0530: 10414.628: [CMS-concurrent-abortable-preclean: 0.000/0.000 secs] [Times: user=0.00 sys=0.00, real=0.00 secs] 
2018-03-26T20:00:11.841+0530: 10414.628: [GC (CMS Final Remark) [YG occupancy: 46001 K (157248 K)]2018-03-26T20:00:11.841+0530: 10414.628: [Rescan (parallel) , 0.0427311 secs]2018-03-26T20:00:11.884+0530: 10414.671: [weak refs processing, 0.0000793 secs]2018-03-26T20:00:11.884+0530: 10414.671: [class unloading, 0.0008480 secs]2018-03-26T20:00:11.885+0530: 10414.672: [scrub symbol table, 0.0008935 secs]2018-03-26T20:00:11.886+0530: 10414.673: [scrub string table, 0.0004189 secs][1 CMS-remark: 349567K(349568K)] 395569K(506816K), 0.0453289 secs] [Times: user=0.19 sys=0.00, real=0.04 secs] 
2018-03-26T20:00:11.886+0530: 10414.673: [CMS-concurrent-sweep-start]
2018-03-26T20:00:12.436+0530: 10415.223: [CMS-concurrent-sweep: 0.549/0.549 secs] [Times: user=0.55 sys=0.00, real=0.55 secs] 
2018-03-26T20:00:12.436+0530: 10415.223: [CMS-concurrent-reset-start]
2018-03-26T20:00:12.437+0530: 10415.224: [CMS-concurrent-reset: 0.001/0.001 secs] [Times: user=0.00 sys=0.00, real=0.00 secs] 
2018-03-26T20:00:14.437+0530: 10417.223: [GC (CMS Initial Mark) [1 CMS-initial-mark: 349567K(349568K)] 395569K(506816K), 0.0433066 secs] [Times: user=0.16 sys=0.00, real=0.04 secs] 
2018-03-26T20:00:14.480+0530: 10417.267: [CMS-concurrent-mark-start]
2018-03-26T20:00:16.382+0530: 10419.169: [CMS-concurrent-mark: 1.902/1.902 secs] [Times: user=1.77 sys=0.00, real=1.90 secs] 
2018-03-26T20:00:16.382+0530: 10419.169: [CMS-concurrent-preclean-start]
2018-03-26T20:00:16.384+0530: 10419.171: [CMS-concurrent-preclean: 0.002/0.002 secs] [Times: user=0.00 sys=0.00, real=0.00 secs] 
2018-03-26T20:00:16.384+0530: 10419.171: [CMS-concurrent-abortable-preclean-start]
2018-03-26T20:00:16.384+0530: 10419.171: [CMS-concurrent-abortable-preclean: 0.000/0.000 secs] [Times: user=0.00 sys=0.00, real=0.00 secs] 
2018-03-26T20:00:16.385+0530: 10419.172: [GC (CMS Final Remark) [YG occupancy: 46001 K (157248 K)]2018-03-26T20:00:16.385+0530: 10419.172: [Rescan (parallel) , 0.0586941 secs]2018-03-26T20:00:16.444+0530: 10419.231: [weak refs processing, 0.0000772 secs]2018-03-26T20:00:16.444+0530: 10419.231: [class unloading, 0.0006915 secs]2018-03-26T20:00:16.445+0530: 10419.231: [scrub symbol table, 0.0012440 secs]2018-03-26T20:00:16.446+0530: 10419.233: [scrub string table, 0.0005896 secs][1 CMS-remark: 349567K(349568K)] 395569K(506816K), 0.0617689 secs] [Times: user=0.22 sys=0.00, real=0.06 secs] 
2018-03-26T20:00:16.447+0530: 10419.234: [CMS-concurrent-sweep-start]
2018-03-26T20:00:17.306+0530: 10420.093: [CMS-concurrent-sweep: 0.860/0.860 secs] [Times: user=0.80 sys=0.00, real=0.86 secs] 
2018-03-26T20:00:17.307+0530: 10420.093: [CMS-concurrent-reset-start]
2018-03-26T20:00:17.308+0530: 10420.094: [CMS-concurrent-reset: 0.001/0.001 secs] [Times: user=0.00 sys=0.00, real=0.00 secs] 
2018-03-26T20:00:19.307+0530: 10422.094: [GC (CMS Initial Mark) [1 CMS-initial-mark: 349567K(349568K)] 395569K(506816K), 0.0668103 secs] [Times: user=0.13 sys=0.00, real=0.07 secs] 
2018-03-26T20:00:19.374+0530: 10422.161: [CMS-concurrent-mark-start]
2018-03-26T20:00:21.088+0530: 10423.875: [CMS-concurrent-mark: 1.714/1.714 secs] [Times: user=1.63 sys=0.00, real=1.71 secs] 
2018-03-26T20:00:21.088+0530: 10423.875: [CMS-concurrent-preclean-start]
2018-03-26T20:00:21.090+0530: 10423.876: [CMS-concurrent-preclean: 0.001/0.001 secs] [Times: user=0.00 sys=0.00, real=0.00 secs] 
2018-03-26T20:00:21.090+0530: 10423.876: [CMS-concurrent-abortable-preclean-start]
2018-03-26T20:00:21.090+0530: 10423.876: [CMS-concurrent-abortable-preclean: 0.000/0.000 secs] [Times: user=0.00 sys=0.00, real=0.00 secs] 
2018-03-26T20:00:21.090+0530: 10423.877: [GC (CMS Final Remark) [YG occupancy: 46001 K (157248 K)]2018-03-26T20:00:21.090+0530: 10423.877: [Rescan (parallel) , 0.0399582 secs]2018-03-26T20:00:21.130+0530: 10423.917: [weak refs processing, 0.0000423 secs]2018-03-26T20:00:21.130+0530: 10423.917: [class unloading, 0.0003921 secs]2018-03-26T20:00:21.130+0530: 10423.917: [scrub symbol table, 0.0007860 secs]2018-03-26T20:00:21.131+0530: 10423.918: [scrub string table, 0.0002380 secs][1 CMS-remark: 349567K(349568K)] 395569K(506816K), 0.0416542 secs] [Times: user=0.14 sys=0.00, real=0.04 secs] 
2018-03-26T20:00:21.132+0530: 10423.918: [CMS-concurrent-sweep-start]
2018-03-26T20:00:21.840+0530: 10424.627: [CMS-concurrent-sweep: 0.709/0.709 secs] [Times: user=0.67 sys=0.00, real=0.71 secs] 
2018-03-26T20:00:21.840+0530: 10424.627: [CMS-concurrent-reset-start]
2018-03-26T20:00:21.841+0530: 10424.628: [CMS-concurrent-reset: 0.001/0.001 secs] [Times: user=0.00 sys=0.00, real=0.00 secs] 
2018-03-26T20:00:23.841+0530: 10426.628: [GC (CMS Initial Mark) [1 CMS-initial-mark: 349567K(349568K)] 395569K(506816K), 0.0198900 secs] [Times: user=0.06 sys=0.00, real=0.02 secs] 
2018-03-26T20:00:23.861+0530: 10426.648: [CMS-concurrent-mark-start]
2018-03-26T20:00:24.789+0530: 10427.576: [CMS-concurrent-mark: 0.928/0.928 secs] [Times: user=0.94 sys=0.00, real=0.93 secs] 
2018-03-26T20:00:24.789+0530: 10427.576: [CMS-concurrent-preclean-start]
2018-03-26T20:00:24.790+0530: 10427.577: [CMS-concurrent-preclean: 0.001/0.001 secs] [Times: user=0.00 sys=0.00, real=0.00 secs] 
2018-03-26T20:00:24.790+0530: 10427.577: [CMS-concurrent-abortable-preclean-start]
2018-03-26T20:00:24.790+0530: 10427.577: [CMS-concurrent-abortable-preclean: 0.000/0.000 secs] [Times: user=0.00 sys=0.00, real=0.00 secs] 
2018-03-26T20:00:24.790+0530: 10427.577: [GC (CMS Final Remark) [YG occupancy: 46001 K (157248 K)]2018-03-26T20:00:24.790+0530: 10427.577: [Rescan (parallel) , 0.0161770 secs]2018-03-26T20:00:24.806+0530: 10427.593: [weak refs processing, 0.0000275 secs]2018-03-26T20:00:24.806+0530: 10427.593: [class unloading, 0.0002881 secs]2018-03-26T20:00:24.807+0530: 10427.594: [scrub symbol table, 0.0005561 secs]2018-03-26T20:00:24.807+0530: 10427.594: [scrub string table, 0.0001904 secs][1 CMS-remark: 349567K(349568K)] 395569K(506816K), 0.0173889 secs] [Times: user=0.06 sys=0.00, real=0.02 secs] 
2018-03-26T20:00:24.808+0530: 10427.594: [CMS-concurrent-sweep-start]
2018-03-26T20:00:25.155+0530: 10427.942: [CMS-concurrent-sweep: 0.347/0.347 secs] [Times: user=0.33 sys=0.00, real=0.35 secs] 
2018-03-26T20:00:25.155+0530: 10427.942: [CMS-concurrent-reset-start]
2018-03-26T20:00:25.155+0530: 10427.942: [CMS-concurrent-reset: 0.001/0.001 secs] [Times: user=0.00 sys=0.00, real=0.00 secs] 
2018-03-26T20:00:27.155+0530: 10429.942: [GC (CMS Initial Mark) [1 CMS-initial-mark: 349567K(349568K)] 395569K(506816K), 0.0115704 secs] [Times: user=0.03 sys=0.00, real=0.01 secs] 
2018-03-26T20:00:27.167+0530: 10429.953: [CMS-concurrent-mark-start]
2018-03-26T20:00:27.704+0530: 10430.491: [CMS-concurrent-mark: 0.538/0.538 secs] [Times: user=0.53 sys=0.00, real=0.54 secs] 
2018-03-26T20:00:27.705+0530: 10430.491: [CMS-concurrent-preclean-start]
2018-03-26T20:00:27.705+0530: 10430.492: [CMS-concurrent-preclean: 0.001/0.001 secs] [Times: user=0.00 sys=0.00, real=0.00 secs] 
2018-03-26T20:00:27.705+0530: 10430.492: [CMS-concurrent-abortable-preclean-start]
2018-03-26T20:00:27.705+0530: 10430.492: [CMS-concurrent-abortable-preclean: 0.000/0.000 secs] [Times: user=0.00 sys=0.00, real=0.00 secs] 
2018-03-26T20:00:27.705+0530: 10430.492: [GC (CMS Final Remark) [YG occupancy: 46001 K (157248 K)]2018-03-26T20:00:27.705+0530: 10430.492: [Rescan (parallel) , 0.0158106 secs]2018-03-26T20:00:27.721+0530: 10430.508: [weak refs processing, 0.0000243 secs]2018-03-26T20:00:27.721+0530: 10430.508: [class unloading, 0.0003241 secs]2018-03-26T20:00:27.721+0530: 10430.508: [scrub symbol table, 0.0004697 secs]2018-03-26T20:00:27.722+0530: 10430.509: [scrub string table, 0.0001573 secs][1 CMS-remark: 349567K(349568K)] 395569K(506816K), 0.0169580 secs] [Times: user=0.05 sys=0.00, real=0.02 secs] 
2018-03-26T20:00:27.722+0530: 10430.509: [CMS-concurrent-sweep-start]
2018-03-26T20:00:27.946+0530: 10430.733: [CMS-concurrent-sweep: 0.224/0.224 secs] [Times: user=0.23 sys=0.00, real=0.22 secs] 
2018-03-26T20:00:27.946+0530: 10430.733: [CMS-concurrent-reset-start]
2018-03-26T20:00:27.946+0530: 10430.733: [CMS-concurrent-reset: 0.001/0.001 secs] [Times: user=0.00 sys=0.00, real=0.00 secs] 
2018-03-26T20:00:29.946+0530: 10432.733: [GC (CMS Initial Mark) [1 CMS-initial-mark: 349567K(349568K)] 395569K(506816K), 0.0409575 secs] [Times: user=0.13 sys=0.00, real=0.04 secs] 
2018-03-26T20:00:29.987+0530: 10432.774: [CMS-concurrent-mark-start]
2018-03-26T20:00:31.655+0530: 10434.442: [CMS-concurrent-mark: 1.668/1.668 secs] [Times: user=1.63 sys=0.02, real=1.67 secs] 
2018-03-26T20:00:31.655+0530: 10434.442: [CMS-concurrent-preclean-start]
2018-03-26T20:00:31.656+0530: 10434.443: [CMS-concurrent-preclean: 0.001/0.001 secs] [Times: user=0.00 sys=0.00, real=0.00 secs] 
2018-03-26T20:00:31.656+0530: 10434.443: [CMS-concurrent-abortable-preclean-start]
2018-03-26T20:00:31.656+0530: 10434.443: [CMS-concurrent-abortable-preclean: 0.000/0.000 secs] [Times: user=0.00 sys=0.00, real=0.00 secs] 
2018-03-26T20:00:31.657+0530: 10434.444: [GC (CMS Final Remark) [YG occupancy: 46001 K (157248 K)]2018-03-26T20:00:31.657+0530: 10434.444: [Rescan (parallel) , 0.0612904 secs]2018-03-26T20:00:31.718+0530: 10434.505: [weak refs processing, 0.0000599 secs]2018-03-26T20:00:31.718+0530: 10434.505: [class unloading, 0.0005607 secs]2018-03-26T20:00:31.719+0530: 10434.506: [scrub symbol table, 0.0009052 secs]2018-03-26T20:00:31.720+0530: 10434.507: [scrub string table, 0.0003872 secs][1 CMS-remark: 349567K(349568K)] 395569K(506816K), 0.0634974 secs] [Times: user=0.14 sys=0.00, real=0.06 secs] 
2018-03-26T20:00:31.721+0530: 10434.507: [CMS-concurrent-sweep-start]
2018-03-26T20:00:32.320+0530: 10435.107: [CMS-concurrent-sweep: 0.600/0.600 secs] [Times: user=0.59 sys=0.00, real=0.60 secs] 
2018-03-26T20:00:32.320+0530: 10435.107: [CMS-concurrent-reset-start]
2018-03-26T20:00:32.321+0530: 10435.108: [CMS-concurrent-reset: 0.001/0.001 secs] [Times: user=0.00 sys=0.00, real=0.00 secs] 
2018-03-26T20:00:34.321+0530: 10437.108: [GC (CMS Initial Mark) [1 CMS-initial-mark: 349567K(349568K)] 395569K(506816K), 0.0179277 secs] [Times: user=0.06 sys=0.00, real=0.02 secs] 
2018-03-26T20:00:34.339+0530: 10437.126: [CMS-concurrent-mark-start]
2018-03-26T20:00:35.195+0530: 10437.982: [CMS-concurrent-mark: 0.856/0.856 secs] [Times: user=0.84 sys=0.00, real=0.86 secs] 
2018-03-26T20:00:35.195+0530: 10437.982: [CMS-concurrent-preclean-start]
2018-03-26T20:00:35.196+0530: 10437.983: [CMS-concurrent-preclean: 0.001/0.001 secs] [Times: user=0.00 sys=0.00, real=0.00 secs] 
2018-03-26T20:00:35.196+0530: 10437.983: [CMS-concurrent-abortable-preclean-start]
2018-03-26T20:00:35.196+0530: 10437.983: [CMS-concurrent-abortable-preclean: 0.000/0.000 secs] [Times: user=0.00 sys=0.00, real=0.00 secs] 
2018-03-26T20:00:35.196+0530: 10437.983: [GC (CMS Final Remark) [YG occupancy: 46001 K (157248 K)]2018-03-26T20:00:35.196+0530: 10437.983: [Rescan (parallel) , 0.0168170 secs]2018-03-26T20:00:35.214+0530: 10438.000: [weak refs processing, 0.0001463 secs]2018-03-26T20:00:35.214+0530: 10438.000: [class unloading, 0.0019408 secs]2018-03-26T20:00:35.216+0530: 10438.002: [scrub symbol table, 0.0020078 secs]2018-03-26T20:00:35.218+0530: 10438.004: [scrub string table, 0.0002348 secs][1 CMS-remark: 349567K(349568K)] 395569K(506816K), 0.0216870 secs] [Times: user=0.05 sys=0.00, real=0.02 secs] 
2018-03-26T20:00:35.218+0530: 10438.005: [CMS-concurrent-sweep-start]
2018-03-26T20:00:35.548+0530: 10438.335: [CMS-concurrent-sweep: 0.331/0.331 secs] [Times: user=0.33 sys=0.00, real=0.33 secs] 
2018-03-26T20:00:35.548+0530: 10438.335: [CMS-concurrent-reset-start]
2018-03-26T20:00:35.549+0530: 10438.336: [CMS-concurrent-reset: 0.001/0.001 secs] [Times: user=0.00 sys=0.00, real=0.00 secs] 
2018-03-26T20:00:37.550+0530: 10440.336: [GC (CMS Initial Mark) [1 CMS-initial-mark: 349567K(349568K)] 395569K(506816K), 0.0382970 secs] [Times: user=0.17 sys=0.00, real=0.04 secs] 
2018-03-26T20:00:37.588+0530: 10440.375: [CMS-concurrent-mark-start]
2018-03-26T20:00:39.063+0530: 10441.850: [CMS-concurrent-mark: 1.475/1.475 secs] [Times: user=1.44 sys=0.00, real=1.47 secs] 
2018-03-26T20:00:39.063+0530: 10441.850: [CMS-concurrent-preclean-start]
2018-03-26T20:00:39.064+0530: 10441.851: [CMS-concurrent-preclean: 0.001/0.001 secs] [Times: user=0.00 sys=0.00, real=0.00 secs] 
2018-03-26T20:00:39.064+0530: 10441.851: [CMS-concurrent-abortable-preclean-start]
2018-03-26T20:00:39.064+0530: 10441.851: [CMS-concurrent-abortable-preclean: 0.000/0.000 secs] [Times: user=0.00 sys=0.00, real=0.00 secs] 
2018-03-26T20:00:39.065+0530: 10441.851: [GC (CMS Final Remark) [YG occupancy: 46001 K (157248 K)]2018-03-26T20:00:39.065+0530: 10441.851: [Rescan (parallel) , 0.0464456 secs]2018-03-26T20:00:39.111+0530: 10441.898: [weak refs processing, 0.0000455 secs]2018-03-26T20:00:39.111+0530: 10441.898: [class unloading, 0.0004524 secs]2018-03-26T20:00:39.111+0530: 10441.898: [scrub symbol table, 0.0008057 secs]2018-03-26T20:00:39.112+0530: 10441.899: [scrub string table, 0.0002772 secs][1 CMS-remark: 349567K(349568K)] 395569K(506816K), 0.0482852 secs] [Times: user=0.17 sys=0.00, real=0.05 secs] 
2018-03-26T20:00:39.113+0530: 10441.900: [CMS-concurrent-sweep-start]
2018-03-26T20:00:39.632+0530: 10442.420: [CMS-concurrent-sweep: 0.520/0.520 secs] [Times: user=0.52 sys=0.00, real=0.52 secs] 
2018-03-26T20:00:39.632+0530: 10442.420: [CMS-concurrent-reset-start]
2018-03-26T20:00:39.633+0530: 10442.421: [CMS-concurrent-reset: 0.001/0.001 secs] [Times: user=0.00 sys=0.00, real=0.00 secs] 
2018-03-26T20:00:41.634+0530: 10444.421: [GC (CMS Initial Mark) [1 CMS-initial-mark: 349567K(349568K)] 395569K(506816K), 0.0420411 secs] [Times: user=0.13 sys=0.00, real=0.04 secs] 
2018-03-26T20:00:41.676+0530: 10444.463: [CMS-concurrent-mark-start]
2018-03-26T20:00:43.318+0530: 10446.105: [CMS-concurrent-mark: 1.642/1.642 secs] [Times: user=1.63 sys=0.00, real=1.64 secs] 
2018-03-26T20:00:43.318+0530: 10446.105: [CMS-concurrent-preclean-start]
2018-03-26T20:00:43.320+0530: 10446.107: [CMS-concurrent-preclean: 0.002/0.002 secs] [Times: user=0.00 sys=0.00, real=0.00 secs] 
2018-03-26T20:00:43.320+0530: 10446.107: [CMS-concurrent-abortable-preclean-start]
2018-03-26T20:00:43.320+0530: 10446.107: [CMS-concurrent-abortable-preclean: 0.000/0.000 secs] [Times: user=0.00 sys=0.00, real=0.00 secs] 
2018-03-26T20:00:43.320+0530: 10446.107: [GC (CMS Final Remark) [YG occupancy: 46001 K (157248 K)]2018-03-26T20:00:43.320+0530: 10446.107: [Rescan (parallel) , 0.0466275 secs]2018-03-26T20:00:43.367+0530: 10446.154: [weak refs processing, 0.0000797 secs]2018-03-26T20:00:43.367+0530: 10446.154: [class unloading, 0.0004584 secs]2018-03-26T20:00:43.368+0530: 10446.154: [scrub symbol table, 0.0010519 secs]2018-03-26T20:00:43.369+0530: 10446.156: [scrub string table, 0.0005250 secs][1 CMS-remark: 349567K(349568K)] 395569K(506816K), 0.0491241 secs] [Times: user=0.19 sys=0.00, real=0.05 secs] 
2018-03-26T20:00:43.370+0530: 10446.156: [CMS-concurrent-sweep-start]
2018-03-26T20:00:43.949+0530: 10446.735: [CMS-concurrent-sweep: 0.579/0.579 secs] [Times: user=0.58 sys=0.00, real=0.58 secs] 
2018-03-26T20:00:43.949+0530: 10446.736: [CMS-concurrent-reset-start]
2018-03-26T20:00:43.950+0530: 10446.737: [CMS-concurrent-reset: 0.001/0.001 secs] [Times: user=0.00 sys=0.00, real=0.00 secs] 
2018-03-26T20:00:45.949+0530: 10448.736: [GC (CMS Initial Mark) [1 CMS-initial-mark: 349567K(349568K)] 395569K(506816K), 0.0507821 secs] [Times: user=0.14 sys=0.00, real=0.05 secs] 
2018-03-26T20:00:46.000+0530: 10448.787: [CMS-concurrent-mark-start]
2018-03-26T20:00:47.603+0530: 10450.390: [CMS-concurrent-mark: 1.603/1.603 secs] [Times: user=1.55 sys=0.03, real=1.60 secs] 
2018-03-26T20:00:47.604+0530: 10450.391: [CMS-concurrent-preclean-start]
2018-03-26T20:00:47.606+0530: 10450.393: [CMS-concurrent-preclean: 0.002/0.002 secs] [Times: user=0.00 sys=0.00, real=0.00 secs] 
2018-03-26T20:00:47.607+0530: 10450.393: [CMS-concurrent-abortable-preclean-start]
2018-03-26T20:00:47.607+0530: 10450.394: [CMS-concurrent-abortable-preclean: 0.000/0.000 secs] [Times: user=0.00 sys=0.00, real=0.00 secs] 
2018-03-26T20:00:47.607+0530: 10450.394: [GC (CMS Final Remark) [YG occupancy: 46001 K (157248 K)]2018-03-26T20:00:47.607+0530: 10450.394: [Rescan (parallel) , 0.0548936 secs]2018-03-26T20:00:47.662+0530: 10450.449: [weak refs processing, 0.0000779 secs]2018-03-26T20:00:47.662+0530: 10450.449: [class unloading, 0.0006710 secs]2018-03-26T20:00:47.663+0530: 10450.450: [scrub symbol table, 0.0015328 secs]2018-03-26T20:00:47.664+0530: 10450.451: [scrub string table, 0.0005434 secs][1 CMS-remark: 349567K(349568K)] 395569K(506816K), 0.0582078 secs] [Times: user=0.20 sys=0.00, real=0.06 secs] 
2018-03-26T20:00:47.665+0530: 10450.452: [CMS-concurrent-sweep-start]
2018-03-26T20:00:48.590+0530: 10451.377: [CMS-concurrent-sweep: 0.924/0.924 secs] [Times: user=0.88 sys=0.00, real=0.92 secs] 
2018-03-26T20:00:48.590+0530: 10451.377: [CMS-concurrent-reset-start]
2018-03-26T20:00:48.591+0530: 10451.378: [CMS-concurrent-reset: 0.001/0.001 secs] [Times: user=0.00 sys=0.00, real=0.00 secs] 
2018-03-26T20:00:50.591+0530: 10453.378: [GC (CMS Initial Mark) [1 CMS-initial-mark: 349567K(349568K)] 395569K(506816K), 0.0379116 secs] [Times: user=0.11 sys=0.00, real=0.04 secs] 
2018-03-26T20:00:50.629+0530: 10453.416: [CMS-concurrent-mark-start]
2018-03-26T20:00:52.421+0530: 10455.208: [CMS-concurrent-mark: 1.792/1.792 secs] [Times: user=1.77 sys=0.00, real=1.79 secs] 
2018-03-26T20:00:52.421+0530: 10455.208: [CMS-concurrent-preclean-start]
2018-03-26T20:00:52.422+0530: 10455.209: [CMS-concurrent-preclean: 0.001/0.001 secs] [Times: user=0.00 sys=0.00, real=0.00 secs] 
2018-03-26T20:00:52.422+0530: 10455.209: [CMS-concurrent-abortable-preclean-start]
2018-03-26T20:00:52.422+0530: 10455.209: [CMS-concurrent-abortable-preclean: 0.000/0.000 secs] [Times: user=0.00 sys=0.00, real=0.00 secs] 
2018-03-26T20:00:52.422+0530: 10455.210: [GC (CMS Final Remark) [YG occupancy: 46001 K (157248 K)]2018-03-26T20:00:52.423+0530: 10455.210: [Rescan (parallel) , 0.0391323 secs]2018-03-26T20:00:52.462+0530: 10455.249: [weak refs processing, 0.0000659 secs]2018-03-26T20:00:52.462+0530: 10455.249: [class unloading, 0.0004961 secs]2018-03-26T20:00:52.463+0530: 10455.249: [scrub symbol table, 0.0012504 secs]2018-03-26T20:00:52.464+0530: 10455.251: [scrub string table, 0.0004221 secs][1 CMS-remark: 349567K(349568K)] 395569K(506816K), 0.0417258 secs] [Times: user=0.19 sys=0.00, real=0.04 secs] 
2018-03-26T20:00:52.465+0530: 10455.251: [CMS-concurrent-sweep-start]
2018-03-26T20:00:53.109+0530: 10455.895: [CMS-concurrent-sweep: 0.644/0.644 secs] [Times: user=0.64 sys=0.00, real=0.64 secs] 
2018-03-26T20:00:53.109+0530: 10455.896: [CMS-concurrent-reset-start]
2018-03-26T20:00:53.110+0530: 10455.897: [CMS-concurrent-reset: 0.001/0.001 secs] [Times: user=0.00 sys=0.00, real=0.00 secs] 
2018-03-26T20:00:55.109+0530: 10457.896: [GC (CMS Initial Mark) [1 CMS-initial-mark: 349567K(349568K)] 395569K(506816K), 0.0299170 secs] [Times: user=0.13 sys=0.00, real=0.03 secs] 
2018-03-26T20:00:55.139+0530: 10457.926: [CMS-concurrent-mark-start]
2018-03-26T20:00:56.599+0530: 10459.386: [CMS-concurrent-mark: 1.460/1.460 secs] [Times: user=1.44 sys=0.00, real=1.46 secs] 
2018-03-26T20:00:56.599+0530: 10459.386: [CMS-concurrent-preclean-start]
2018-03-26T20:00:56.600+0530: 10459.388: [CMS-concurrent-preclean: 0.001/0.001 secs] [Times: user=0.00 sys=0.00, real=0.00 secs] 
2018-03-26T20:00:56.601+0530: 10459.388: [CMS-concurrent-abortable-preclean-start]
2018-03-26T20:00:56.601+0530: 10459.388: [CMS-concurrent-abortable-preclean: 0.000/0.000 secs] [Times: user=0.00 sys=0.00, real=0.00 secs] 
2018-03-26T20:00:56.601+0530: 10459.388: [GC (CMS Final Remark) [YG occupancy: 46001 K (157248 K)]2018-03-26T20:00:56.601+0530: 10459.388: [Rescan (parallel) , 0.0425284 secs]2018-03-26T20:00:56.643+0530: 10459.431: [weak refs processing, 0.0000783 secs]2018-03-26T20:00:56.644+0530: 10459.431: [class unloading, 0.0005607 secs]2018-03-26T20:00:56.644+0530: 10459.432: [scrub symbol table, 0.0007821 secs]2018-03-26T20:00:56.645+0530: 10459.433: [scrub string table, 0.0002923 secs][1 CMS-remark: 349567K(349568K)] 395569K(506816K), 0.0447467 secs] [Times: user=0.08 sys=0.00, real=0.04 secs] 
2018-03-26T20:00:56.646+0530: 10459.433: [CMS-concurrent-sweep-start]
2018-03-26T20:00:57.214+0530: 10460.001: [CMS-concurrent-sweep: 0.567/0.567 secs] [Times: user=0.56 sys=0.00, real=0.57 secs] 
2018-03-26T20:00:57.214+0530: 10460.001: [CMS-concurrent-reset-start]
2018-03-26T20:00:57.216+0530: 10460.002: [CMS-concurrent-reset: 0.001/0.001 secs] [Times: user=0.00 sys=0.00, real=0.00 secs] 
2018-03-26T20:00:59.215+0530: 10462.002: [GC (CMS Initial Mark) [1 CMS-initial-mark: 349567K(349568K)] 395569K(506816K), 0.0493445 secs] [Times: user=0.16 sys=0.00, real=0.05 secs] 
2018-03-26T20:00:59.265+0530: 10462.052: [CMS-concurrent-mark-start]
2018-03-26T20:01:00.975+0530: 10463.762: [CMS-concurrent-mark: 1.710/1.710 secs] [Times: user=1.64 sys=0.05, real=1.71 secs] 
2018-03-26T20:01:00.975+0530: 10463.762: [CMS-concurrent-preclean-start]
2018-03-26T20:01:00.978+0530: 10463.764: [CMS-concurrent-preclean: 0.002/0.002 secs] [Times: user=0.00 sys=0.00, real=0.00 secs] 
2018-03-26T20:01:00.978+0530: 10463.764: [CMS-concurrent-abortable-preclean-start]
2018-03-26T20:01:00.978+0530: 10463.764: [CMS-concurrent-abortable-preclean: 0.000/0.000 secs] [Times: user=0.00 sys=0.00, real=0.00 secs] 
2018-03-26T20:01:00.978+0530: 10463.765: [GC (CMS Final Remark) [YG occupancy: 46001 K (157248 K)]2018-03-26T20:01:00.978+0530: 10463.765: [Rescan (parallel) , 0.0488363 secs]2018-03-26T20:01:01.027+0530: 10463.814: [weak refs processing, 0.0000744 secs]2018-03-26T20:01:01.027+0530: 10463.814: [class unloading, 0.0007084 secs]2018-03-26T20:01:01.028+0530: 10463.815: [scrub symbol table, 0.0015349 secs]2018-03-26T20:01:01.030+0530: 10463.816: [scrub string table, 0.0006040 secs][1 CMS-remark: 349567K(349568K)] 395569K(506816K), 0.0522592 secs] [Times: user=0.19 sys=0.00, real=0.05 secs] 
2018-03-26T20:01:01.031+0530: 10463.817: [CMS-concurrent-sweep-start]
2018-03-26T20:01:01.699+0530: 10464.486: [CMS-concurrent-sweep: 0.668/0.668 secs] [Times: user=0.67 sys=0.00, real=0.67 secs] 
2018-03-26T20:01:01.699+0530: 10464.486: [CMS-concurrent-reset-start]
2018-03-26T20:01:01.700+0530: 10464.487: [CMS-concurrent-reset: 0.001/0.001 secs] [Times: user=0.00 sys=0.00, real=0.00 secs] 
2018-03-26T20:01:03.700+0530: 10466.486: [GC (CMS Initial Mark) [1 CMS-initial-mark: 349567K(349568K)] 395569K(506816K), 0.0442654 secs] [Times: user=0.13 sys=0.00, real=0.04 secs] 
2018-03-26T20:01:03.744+0530: 10466.531: [CMS-concurrent-mark-start]
2018-03-26T20:01:05.329+0530: 10468.117: [CMS-concurrent-mark: 1.586/1.586 secs] [Times: user=1.52 sys=0.00, real=1.59 secs] 
2018-03-26T20:01:05.330+0530: 10468.117: [CMS-concurrent-preclean-start]
2018-03-26T20:01:05.332+0530: 10468.119: [CMS-concurrent-preclean: 0.002/0.002 secs] [Times: user=0.00 sys=0.00, real=0.00 secs] 
2018-03-26T20:01:05.332+0530: 10468.119: [CMS-concurrent-abortable-preclean-start]
2018-03-26T20:01:05.332+0530: 10468.119: [CMS-concurrent-abortable-preclean: 0.000/0.000 secs] [Times: user=0.00 sys=0.00, real=0.00 secs] 
2018-03-26T20:01:05.333+0530: 10468.120: [GC (CMS Final Remark) [YG occupancy: 46001 K (157248 K)]2018-03-26T20:01:05.333+0530: 10468.120: [Rescan (parallel) , 0.0600894 secs]2018-03-26T20:01:05.393+0530: 10468.180: [weak refs processing, 0.0000846 secs]2018-03-26T20:01:05.393+0530: 10468.180: [class unloading, 0.0008329 secs]2018-03-26T20:01:05.394+0530: 10468.181: [scrub symbol table, 0.0013445 secs]2018-03-26T20:01:05.395+0530: 10468.183: [scrub string table, 0.0005504 secs][1 CMS-remark: 349567K(349568K)] 395569K(506816K), 0.0633476 secs] [Times: user=0.17 sys=0.00, real=0.06 secs] 
2018-03-26T20:01:05.396+0530: 10468.183: [CMS-concurrent-sweep-start]
2018-03-26T20:01:06.276+0530: 10469.063: [CMS-concurrent-sweep: 0.879/0.879 secs] [Times: user=0.86 sys=0.00, real=0.88 secs] 
2018-03-26T20:01:06.276+0530: 10469.063: [CMS-concurrent-reset-start]
2018-03-26T20:01:06.277+0530: 10469.064: [CMS-concurrent-reset: 0.001/0.001 secs] [Times: user=0.00 sys=0.00, real=0.00 secs] 
2018-03-26T20:01:08.278+0530: 10471.065: [GC (CMS Initial Mark) [1 CMS-initial-mark: 349567K(349568K)] 403954K(506816K), 0.0560170 secs] [Times: user=0.14 sys=0.00, real=0.06 secs] 
2018-03-26T20:01:08.335+0530: 10471.121: [CMS-concurrent-mark-start]
2018-03-26T20:01:09.657+0530: 10472.444: [CMS-concurrent-mark: 1.323/1.323 secs] [Times: user=1.30 sys=0.00, real=1.32 secs] 
2018-03-26T20:01:09.657+0530: 10472.444: [CMS-concurrent-preclean-start]
2018-03-26T20:01:09.659+0530: 10472.446: [CMS-concurrent-preclean: 0.001/0.001 secs] [Times: user=0.00 sys=0.00, real=0.00 secs] 
2018-03-26T20:01:09.659+0530: 10472.446: [CMS-concurrent-abortable-preclean-start]
2018-03-26T20:01:09.659+0530: 10472.446: [CMS-concurrent-abortable-preclean: 0.000/0.000 secs] [Times: user=0.00 sys=0.00, real=0.00 secs] 
2018-03-26T20:01:09.659+0530: 10472.446: [GC (CMS Final Remark) [YG occupancy: 54386 K (157248 K)]2018-03-26T20:01:09.659+0530: 10472.446: [Rescan (parallel) , 0.0545674 secs]2018-03-26T20:01:09.713+0530: 10472.501: [weak refs processing, 0.0000910 secs]2018-03-26T20:01:09.713+0530: 10472.501: [class unloading, 0.0004214 secs]2018-03-26T20:01:09.714+0530: 10472.501: [scrub symbol table, 0.0007754 secs]2018-03-26T20:01:09.715+0530: 10472.502: [scrub string table, 0.0002652 secs][1 CMS-remark: 349567K(349568K)] 403954K(506816K), 0.0564726 secs] [Times: user=0.22 sys=0.00, real=0.06 secs] 
2018-03-26T20:01:09.715+0530: 10472.503: [CMS-concurrent-sweep-start]
2018-03-26T20:01:10.497+0530: 10473.284: [CMS-concurrent-sweep: 0.781/0.781 secs] [Times: user=0.73 sys=0.00, real=0.78 secs] 
2018-03-26T20:01:10.498+0530: 10473.284: [CMS-concurrent-reset-start]
2018-03-26T20:01:10.499+0530: 10473.285: [CMS-concurrent-reset: 0.001/0.001 secs] [Times: user=0.00 sys=0.00, real=0.00 secs] 
2018-03-26T20:01:12.498+0530: 10475.285: [GC (CMS Initial Mark) [1 CMS-initial-mark: 349567K(349568K)] 403954K(506816K), 0.0497101 secs] [Times: user=0.13 sys=0.00, real=0.05 secs] 
2018-03-26T20:01:12.548+0530: 10475.335: [CMS-concurrent-mark-start]
2018-03-26T20:01:14.006+0530: 10476.793: [CMS-concurrent-mark: 1.458/1.458 secs] [Times: user=1.42 sys=0.00, real=1.46 secs] 
2018-03-26T20:01:14.006+0530: 10476.793: [CMS-concurrent-preclean-start]
2018-03-26T20:01:14.008+0530: 10476.796: [CMS-concurrent-preclean: 0.002/0.002 secs] [Times: user=0.00 sys=0.00, real=0.00 secs] 
2018-03-26T20:01:14.009+0530: 10476.796: [CMS-concurrent-abortable-preclean-start]
2018-03-26T20:01:14.009+0530: 10476.796: [CMS-concurrent-abortable-preclean: 0.000/0.000 secs] [Times: user=0.00 sys=0.00, real=0.00 secs] 
2018-03-26T20:01:14.009+0530: 10476.796: [GC (CMS Final Remark) [YG occupancy: 54386 K (157248 K)]2018-03-26T20:01:14.009+0530: 10476.796: [Rescan (parallel) , 0.0751398 secs]2018-03-26T20:01:14.085+0530: 10476.872: [weak refs processing, 0.0000963 secs]2018-03-26T20:01:14.085+0530: 10476.872: [class unloading, 0.0006647 secs]2018-03-26T20:01:14.085+0530: 10476.872: [scrub symbol table, 0.0013371 secs]2018-03-26T20:01:14.087+0530: 10476.874: [scrub string table, 0.0005765 secs][1 CMS-remark: 349567K(349568K)] 403954K(506816K), 0.0782957 secs] [Times: user=0.19 sys=0.00, real=0.08 secs] 
2018-03-26T20:01:14.088+0530: 10476.875: [CMS-concurrent-sweep-start]
2018-03-26T20:01:14.785+0530: 10477.572: [CMS-concurrent-sweep: 0.697/0.697 secs] [Times: user=0.67 sys=0.00, real=0.70 secs] 
2018-03-26T20:01:14.786+0530: 10477.572: [CMS-concurrent-reset-start]
2018-03-26T20:01:14.787+0530: 10477.574: [CMS-concurrent-reset: 0.001/0.001 secs] [Times: user=0.02 sys=0.00, real=0.00 secs] 
2018-03-26T20:01:16.787+0530: 10479.574: [GC (CMS Initial Mark) [1 CMS-initial-mark: 349567K(349568K)] 403954K(506816K), 0.0513512 secs] [Times: user=0.13 sys=0.00, real=0.05 secs] 
2018-03-26T20:01:16.839+0530: 10479.626: [CMS-concurrent-mark-start]
2018-03-26T20:01:18.576+0530: 10481.363: [CMS-concurrent-mark: 1.737/1.737 secs] [Times: user=1.56 sys=0.00, real=1.74 secs] 
2018-03-26T20:01:18.576+0530: 10481.363: [CMS-concurrent-preclean-start]
2018-03-26T20:01:18.579+0530: 10481.365: [CMS-concurrent-preclean: 0.002/0.002 secs] [Times: user=0.00 sys=0.00, real=0.00 secs] 
2018-03-26T20:01:18.579+0530: 10481.365: [CMS-concurrent-abortable-preclean-start]
2018-03-26T20:01:18.579+0530: 10481.365: [CMS-concurrent-abortable-preclean: 0.000/0.000 secs] [Times: user=0.00 sys=0.00, real=0.00 secs] 
2018-03-26T20:01:18.579+0530: 10481.366: [GC (CMS Final Remark) [YG occupancy: 54386 K (157248 K)]2018-03-26T20:01:18.579+0530: 10481.366: [Rescan (parallel) , 0.0735244 secs]2018-03-26T20:01:18.652+0530: 10481.439: [weak refs processing, 0.0000755 secs]2018-03-26T20:01:18.652+0530: 10481.439: [class unloading, 0.0005726 secs]2018-03-26T20:01:18.653+0530: 10481.440: [scrub symbol table, 0.0011326 secs]2018-03-26T20:01:18.654+0530: 10481.441: [scrub string table, 0.0005053 secs][1 CMS-remark: 349567K(349568K)] 403954K(506816K), 0.0761828 secs] [Times: user=0.17 sys=0.00, real=0.08 secs] 
2018-03-26T20:01:18.655+0530: 10481.442: [CMS-concurrent-sweep-start]
2018-03-26T20:01:19.323+0530: 10482.110: [CMS-concurrent-sweep: 0.668/0.668 secs] [Times: user=0.64 sys=0.00, real=0.67 secs] 
2018-03-26T20:01:19.323+0530: 10482.110: [CMS-concurrent-reset-start]
2018-03-26T20:01:19.324+0530: 10482.111: [CMS-concurrent-reset: 0.001/0.001 secs] [Times: user=0.00 sys=0.00, real=0.00 secs] 
2018-03-26T20:01:21.324+0530: 10484.110: [GC (CMS Initial Mark) [1 CMS-initial-mark: 349567K(349568K)] 403954K(506816K), 0.0839527 secs] [Times: user=0.13 sys=0.00, real=0.08 secs] 
2018-03-26T20:01:21.408+0530: 10484.195: [CMS-concurrent-mark-start]
2018-03-26T20:01:22.780+0530: 10485.567: [CMS-concurrent-mark: 1.372/1.372 secs] [Times: user=1.36 sys=0.00, real=1.37 secs] 
2018-03-26T20:01:22.780+0530: 10485.567: [CMS-concurrent-preclean-start]
2018-03-26T20:01:22.782+0530: 10485.568: [CMS-concurrent-preclean: 0.001/0.001 secs] [Times: user=0.00 sys=0.00, real=0.00 secs] 
2018-03-26T20:01:22.782+0530: 10485.568: [CMS-concurrent-abortable-preclean-start]
2018-03-26T20:01:22.782+0530: 10485.568: [CMS-concurrent-abortable-preclean: 0.000/0.000 secs] [Times: user=0.00 sys=0.00, real=0.00 secs] 
2018-03-26T20:01:22.782+0530: 10485.569: [GC (CMS Final Remark) [YG occupancy: 54386 K (157248 K)]2018-03-26T20:01:22.782+0530: 10485.569: [Rescan (parallel) , 0.0623525 secs]2018-03-26T20:01:22.844+0530: 10485.631: [weak refs processing, 0.0000744 secs]2018-03-26T20:01:22.845+0530: 10485.631: [class unloading, 0.0005370 secs]2018-03-26T20:01:22.845+0530: 10485.632: [scrub symbol table, 0.0008755 secs]2018-03-26T20:01:22.846+0530: 10485.633: [scrub string table, 0.0005762 secs][1 CMS-remark: 349567K(349568K)] 403954K(506816K), 0.0647661 secs] [Times: user=0.20 sys=0.00, real=0.06 secs] 
2018-03-26T20:01:22.847+0530: 10485.634: [CMS-concurrent-sweep-start]
2018-03-26T20:01:23.444+0530: 10486.231: [CMS-concurrent-sweep: 0.597/0.597 secs] [Times: user=0.61 sys=0.00, real=0.60 secs] 
2018-03-26T20:01:23.444+0530: 10486.231: [CMS-concurrent-reset-start]
2018-03-26T20:01:23.445+0530: 10486.232: [CMS-concurrent-reset: 0.001/0.001 secs] [Times: user=0.00 sys=0.00, real=0.00 secs] 
2018-03-26T20:01:25.445+0530: 10488.231: [GC (CMS Initial Mark) [1 CMS-initial-mark: 349567K(349568K)] 403954K(506816K), 0.0447315 secs] [Times: user=0.13 sys=0.00, real=0.04 secs] 
2018-03-26T20:01:25.489+0530: 10488.276: [CMS-concurrent-mark-start]
2018-03-26T20:01:26.621+0530: 10489.409: [CMS-concurrent-mark: 1.132/1.132 secs] [Times: user=1.13 sys=0.00, real=1.13 secs] 
2018-03-26T20:01:26.622+0530: 10489.409: [CMS-concurrent-preclean-start]
2018-03-26T20:01:26.623+0530: 10489.410: [CMS-concurrent-preclean: 0.001/0.001 secs] [Times: user=0.00 sys=0.00, real=0.00 secs] 
2018-03-26T20:01:26.623+0530: 10489.410: [CMS-concurrent-abortable-preclean-start]
2018-03-26T20:01:26.623+0530: 10489.410: [CMS-concurrent-abortable-preclean: 0.000/0.000 secs] [Times: user=0.00 sys=0.00, real=0.00 secs] 
2018-03-26T20:01:26.623+0530: 10489.410: [GC (CMS Final Remark) [YG occupancy: 54386 K (157248 K)]2018-03-26T20:01:26.623+0530: 10489.410: [Rescan (parallel) , 0.0514365 secs]2018-03-26T20:01:26.675+0530: 10489.462: [weak refs processing, 0.0000543 secs]2018-03-26T20:01:26.675+0530: 10489.462: [class unloading, 0.0004926 secs]2018-03-26T20:01:26.675+0530: 10489.462: [scrub symbol table, 0.0009224 secs]2018-03-26T20:01:26.676+0530: 10489.463: [scrub string table, 0.0002987 secs][1 CMS-remark: 349567K(349568K)] 403954K(506816K), 0.0535413 secs] [Times: user=0.14 sys=0.00, real=0.05 secs] 
2018-03-26T20:01:26.677+0530: 10489.464: [CMS-concurrent-sweep-start]
2018-03-26T20:01:27.258+0530: 10490.045: [CMS-concurrent-sweep: 0.581/0.581 secs] [Times: user=0.55 sys=0.00, real=0.58 secs] 
2018-03-26T20:01:27.258+0530: 10490.045: [CMS-concurrent-reset-start]
2018-03-26T20:01:27.259+0530: 10490.046: [CMS-concurrent-reset: 0.001/0.001 secs] [Times: user=0.00 sys=0.00, real=0.00 secs] 
2018-03-26T20:01:29.259+0530: 10492.046: [GC (CMS Initial Mark) [1 CMS-initial-mark: 349567K(349568K)] 403954K(506816K), 0.0523145 secs] [Times: user=0.19 sys=0.00, real=0.05 secs] 
2018-03-26T20:01:29.311+0530: 10492.099: [CMS-concurrent-mark-start]
2018-03-26T20:01:30.590+0530: 10493.377: [CMS-concurrent-mark: 1.279/1.279 secs] [Times: user=1.23 sys=0.00, real=1.28 secs] 
2018-03-26T20:01:30.590+0530: 10493.377: [CMS-concurrent-preclean-start]
2018-03-26T20:01:30.593+0530: 10493.379: [CMS-concurrent-preclean: 0.002/0.002 secs] [Times: user=0.00 sys=0.00, real=0.00 secs] 
2018-03-26T20:01:30.593+0530: 10493.379: [CMS-concurrent-abortable-preclean-start]
2018-03-26T20:01:30.593+0530: 10493.379: [CMS-concurrent-abortable-preclean: 0.000/0.000 secs] [Times: user=0.00 sys=0.00, real=0.00 secs] 
2018-03-26T20:01:30.593+0530: 10493.380: [GC (CMS Final Remark) [YG occupancy: 54386 K (157248 K)]2018-03-26T20:01:30.593+0530: 10493.380: [Rescan (parallel) , 0.0589399 secs]2018-03-26T20:01:30.652+0530: 10493.439: [weak refs processing, 0.0000536 secs]2018-03-26T20:01:30.652+0530: 10493.439: [class unloading, 0.0004810 secs]2018-03-26T20:01:30.653+0530: 10493.439: [scrub symbol table, 0.0008604 secs]2018-03-26T20:01:30.653+0530: 10493.440: [scrub string table, 0.0003096 secs][1 CMS-remark: 349567K(349568K)] 403954K(506816K), 0.0609776 secs] [Times: user=0.23 sys=0.00, real=0.06 secs] 
2018-03-26T20:01:30.654+0530: 10493.441: [CMS-concurrent-sweep-start]
2018-03-26T20:01:31.207+0530: 10493.993: [CMS-concurrent-sweep: 0.552/0.552 secs] [Times: user=0.55 sys=0.00, real=0.55 secs] 
2018-03-26T20:01:31.207+0530: 10493.993: [CMS-concurrent-reset-start]
2018-03-26T20:01:31.208+0530: 10493.994: [CMS-concurrent-reset: 0.001/0.001 secs] [Times: user=0.00 sys=0.00, real=0.00 secs] 
2018-03-26T20:01:33.212+0530: 10495.999: [GC (CMS Initial Mark) [1 CMS-initial-mark: 349567K(349568K)] 403954K(506816K), 0.0914589 secs] [Times: user=0.19 sys=0.00, real=0.09 secs] 
2018-03-26T20:01:33.304+0530: 10496.091: [CMS-concurrent-mark-start]
2018-03-26T20:01:34.931+0530: 10497.718: [CMS-concurrent-mark: 1.627/1.627 secs] [Times: user=1.58 sys=0.01, real=1.63 secs] 
2018-03-26T20:01:34.931+0530: 10497.718: [CMS-concurrent-preclean-start]
2018-03-26T20:01:34.934+0530: 10497.721: [CMS-concurrent-preclean: 0.002/0.002 secs] [Times: user=0.00 sys=0.00, real=0.00 secs] 
2018-03-26T20:01:34.934+0530: 10497.721: [CMS-concurrent-abortable-preclean-start]
2018-03-26T20:01:34.934+0530: 10497.721: [CMS-concurrent-abortable-preclean: 0.000/0.000 secs] [Times: user=0.00 sys=0.00, real=0.00 secs] 
2018-03-26T20:01:34.934+0530: 10497.721: [GC (CMS Final Remark) [YG occupancy: 54386 K (157248 K)]2018-03-26T20:01:34.934+0530: 10497.721: [Rescan (parallel) , 0.0831801 secs]2018-03-26T20:01:35.018+0530: 10497.805: [weak refs processing, 0.0000815 secs]2018-03-26T20:01:35.018+0530: 10497.805: [class unloading, 0.0007401 secs]2018-03-26T20:01:35.019+0530: 10497.806: [scrub symbol table, 0.0014034 secs]2018-03-26T20:01:35.020+0530: 10497.807: [scrub string table, 0.0005201 secs][1 CMS-remark: 349567K(349568K)] 403954K(506816K), 0.0863508 secs] [Times: user=0.20 sys=0.00, real=0.09 secs] 
2018-03-26T20:01:35.021+0530: 10497.808: [CMS-concurrent-sweep-start]
2018-03-26T20:01:35.742+0530: 10498.529: [CMS-concurrent-sweep: 0.721/0.721 secs] [Times: user=0.72 sys=0.00, real=0.72 secs] 
2018-03-26T20:01:35.742+0530: 10498.529: [CMS-concurrent-reset-start]
2018-03-26T20:01:35.744+0530: 10498.531: [CMS-concurrent-reset: 0.001/0.001 secs] [Times: user=0.00 sys=0.00, real=0.00 secs] 
2018-03-26T20:01:37.744+0530: 10500.530: [GC (CMS Initial Mark) [1 CMS-initial-mark: 349567K(349568K)] 403954K(506816K), 0.0551087 secs] [Times: user=0.16 sys=0.00, real=0.06 secs] 
2018-03-26T20:01:37.799+0530: 10500.586: [CMS-concurrent-mark-start]
2018-03-26T20:01:39.328+0530: 10502.115: [CMS-concurrent-mark: 1.529/1.529 secs] [Times: user=1.52 sys=0.00, real=1.53 secs] 
2018-03-26T20:01:39.328+0530: 10502.115: [CMS-concurrent-preclean-start]
2018-03-26T20:01:39.329+0530: 10502.116: [CMS-concurrent-preclean: 0.001/0.001 secs] [Times: user=0.00 sys=0.00, real=0.00 secs] 
2018-03-26T20:01:39.329+0530: 10502.116: [CMS-concurrent-abortable-preclean-start]
2018-03-26T20:01:39.329+0530: 10502.116: [CMS-concurrent-abortable-preclean: 0.000/0.000 secs] [Times: user=0.00 sys=0.00, real=0.00 secs] 
2018-03-26T20:01:39.330+0530: 10502.117: [GC (CMS Final Remark) [YG occupancy: 54386 K (157248 K)]2018-03-26T20:01:39.330+0530: 10502.117: [Rescan (parallel) , 0.0676668 secs]2018-03-26T20:01:39.398+0530: 10502.184: [weak refs processing, 0.0000733 secs]2018-03-26T20:01:39.398+0530: 10502.184: [class unloading, 0.0007592 secs]2018-03-26T20:01:39.399+0530: 10502.185: [scrub symbol table, 0.0010406 secs]2018-03-26T20:01:39.400+0530: 10502.186: [scrub string table, 0.0003145 secs][1 CMS-remark: 349567K(349568K)] 403954K(506816K), 0.0702105 secs] [Times: user=0.27 sys=0.00, real=0.07 secs] 
2018-03-26T20:01:39.400+0530: 10502.187: [CMS-concurrent-sweep-start]
2018-03-26T20:01:40.130+0530: 10502.916: [CMS-concurrent-sweep: 0.729/0.729 secs] [Times: user=0.72 sys=0.00, real=0.73 secs] 
2018-03-26T20:01:40.130+0530: 10502.916: [CMS-concurrent-reset-start]
2018-03-26T20:01:40.131+0530: 10502.918: [CMS-concurrent-reset: 0.002/0.002 secs] [Times: user=0.02 sys=0.00, real=0.00 secs] 
2018-03-26T20:01:42.131+0530: 10504.918: [GC (CMS Initial Mark) [1 CMS-initial-mark: 349567K(349568K)] 403954K(506816K), 0.0618006 secs] [Times: user=0.16 sys=0.00, real=0.06 secs] 
2018-03-26T20:01:42.193+0530: 10504.980: [CMS-concurrent-mark-start]
2018-03-26T20:01:43.688+0530: 10506.475: [CMS-concurrent-mark: 1.495/1.495 secs] [Times: user=1.47 sys=0.00, real=1.49 secs] 
2018-03-26T20:01:43.688+0530: 10506.475: [CMS-concurrent-preclean-start]
2018-03-26T20:01:43.690+0530: 10506.477: [CMS-concurrent-preclean: 0.002/0.002 secs] [Times: user=0.00 sys=0.00, real=0.00 secs] 
2018-03-26T20:01:43.690+0530: 10506.477: [CMS-concurrent-abortable-preclean-start]
2018-03-26T20:01:43.690+0530: 10506.477: [CMS-concurrent-abortable-preclean: 0.000/0.000 secs] [Times: user=0.00 sys=0.00, real=0.00 secs] 
2018-03-26T20:01:43.690+0530: 10506.477: [GC (CMS Final Remark) [YG occupancy: 54386 K (157248 K)]2018-03-26T20:01:43.690+0530: 10506.477: [Rescan (parallel) , 0.0679355 secs]2018-03-26T20:01:43.758+0530: 10506.545: [weak refs processing, 0.0000857 secs]2018-03-26T20:01:43.758+0530: 10506.545: [class unloading, 0.0007648 secs]2018-03-26T20:01:43.759+0530: 10506.546: [scrub symbol table, 0.0013357 secs]2018-03-26T20:01:43.761+0530: 10506.548: [scrub string table, 0.0005691 secs][1 CMS-remark: 349567K(349568K)] 403954K(506816K), 0.0711503 secs] [Times: user=0.22 sys=0.00, real=0.07 secs] 
2018-03-26T20:01:43.762+0530: 10506.548: [CMS-concurrent-sweep-start]
2018-03-26T20:01:44.454+0530: 10507.241: [CMS-concurrent-sweep: 0.692/0.692 secs] [Times: user=0.67 sys=0.00, real=0.69 secs] 
2018-03-26T20:01:44.454+0530: 10507.241: [CMS-concurrent-reset-start]
2018-03-26T20:01:44.456+0530: 10507.243: [CMS-concurrent-reset: 0.002/0.002 secs] [Times: user=0.00 sys=0.00, real=0.00 secs] 
2018-03-26T20:01:46.456+0530: 10509.243: [GC (CMS Initial Mark) [1 CMS-initial-mark: 349567K(349568K)] 403954K(506816K), 0.0500553 secs] [Times: user=0.20 sys=0.00, real=0.05 secs] 
2018-03-26T20:01:46.506+0530: 10509.293: [CMS-concurrent-mark-start]
2018-03-26T20:01:48.166+0530: 10510.953: [CMS-concurrent-mark: 1.660/1.660 secs] [Times: user=1.64 sys=0.00, real=1.66 secs] 
2018-03-26T20:01:48.166+0530: 10510.953: [CMS-concurrent-preclean-start]
2018-03-26T20:01:48.168+0530: 10510.955: [CMS-concurrent-preclean: 0.002/0.002 secs] [Times: user=0.00 sys=0.00, real=0.00 secs] 
2018-03-26T20:01:48.168+0530: 10510.955: [CMS-concurrent-abortable-preclean-start]
2018-03-26T20:01:48.168+0530: 10510.955: [CMS-concurrent-abortable-preclean: 0.000/0.000 secs] [Times: user=0.00 sys=0.00, real=0.00 secs] 
2018-03-26T20:01:48.169+0530: 10510.956: [GC (CMS Final Remark) [YG occupancy: 54386 K (157248 K)]2018-03-26T20:01:48.169+0530: 10510.956: [Rescan (parallel) , 0.0834277 secs]2018-03-26T20:01:48.253+0530: 10511.039: [weak refs processing, 0.0000829 secs]2018-03-26T20:01:48.253+0530: 10511.039: [class unloading, 0.0009686 secs]2018-03-26T20:01:48.254+0530: 10511.040: [scrub symbol table, 0.0011816 secs]2018-03-26T20:01:48.255+0530: 10511.042: [scrub string table, 0.0002990 secs][1 CMS-remark: 349567K(349568K)] 403954K(506816K), 0.0863653 secs] [Times: user=0.20 sys=0.00, real=0.09 secs] 
2018-03-26T20:01:48.256+0530: 10511.042: [CMS-concurrent-sweep-start]
2018-03-26T20:01:48.930+0530: 10511.717: [CMS-concurrent-sweep: 0.675/0.675 secs] [Times: user=0.66 sys=0.00, real=0.67 secs] 
2018-03-26T20:01:48.930+0530: 10511.717: [CMS-concurrent-reset-start]
2018-03-26T20:01:48.932+0530: 10511.719: [CMS-concurrent-reset: 0.002/0.002 secs] [Times: user=0.00 sys=0.00, real=0.00 secs] 
2018-03-26T20:01:50.935+0530: 10513.723: [GC (CMS Initial Mark) [1 CMS-initial-mark: 349567K(349568K)] 403954K(506816K), 0.0676967 secs] [Times: user=0.16 sys=0.00, real=0.07 secs] 
2018-03-26T20:01:51.003+0530: 10513.791: [CMS-concurrent-mark-start]
2018-03-26T20:01:53.079+0530: 10515.866: [CMS-concurrent-mark: 2.075/2.075 secs] [Times: user=1.89 sys=0.00, real=2.08 secs] 
2018-03-26T20:01:53.079+0530: 10515.866: [CMS-concurrent-preclean-start]
2018-03-26T20:01:53.080+0530: 10515.867: [CMS-concurrent-preclean: 0.001/0.001 secs] [Times: user=0.00 sys=0.00, real=0.00 secs] 
2018-03-26T20:01:53.081+0530: 10515.867: [CMS-concurrent-abortable-preclean-start]
2018-03-26T20:01:53.081+0530: 10515.867: [CMS-concurrent-abortable-preclean: 0.000/0.000 secs] [Times: user=0.00 sys=0.00, real=0.00 secs] 
2018-03-26T20:01:53.081+0530: 10515.868: [GC (CMS Final Remark) [YG occupancy: 54386 K (157248 K)]2018-03-26T20:01:53.081+0530: 10515.868: [Rescan (parallel) , 0.0488910 secs]2018-03-26T20:01:53.130+0530: 10515.917: [weak refs processing, 0.0000624 secs]2018-03-26T20:01:53.130+0530: 10515.917: [class unloading, 0.0005367 secs]2018-03-26T20:01:53.130+0530: 10515.917: [scrub symbol table, 0.0010917 secs]2018-03-26T20:01:53.132+0530: 10515.918: [scrub string table, 0.0004143 secs][1 CMS-remark: 349567K(349568K)] 403954K(506816K), 0.0513396 secs] [Times: user=0.17 sys=0.00, real=0.05 secs] 
2018-03-26T20:01:53.132+0530: 10515.919: [CMS-concurrent-sweep-start]
2018-03-26T20:01:53.642+0530: 10516.429: [CMS-concurrent-sweep: 0.510/0.510 secs] [Times: user=0.50 sys=0.00, real=0.51 secs] 
2018-03-26T20:01:53.642+0530: 10516.429: [CMS-concurrent-reset-start]
2018-03-26T20:01:53.644+0530: 10516.430: [CMS-concurrent-reset: 0.001/0.001 secs] [Times: user=0.00 sys=0.00, real=0.00 secs] 
2018-03-26T20:01:55.643+0530: 10518.430: [GC (CMS Initial Mark) [1 CMS-initial-mark: 349567K(349568K)] 403954K(506816K), 0.0357518 secs] [Times: user=0.11 sys=0.00, real=0.04 secs] 
2018-03-26T20:01:55.679+0530: 10518.466: [CMS-concurrent-mark-start]
2018-03-26T20:01:57.026+0530: 10519.813: [CMS-concurrent-mark: 1.347/1.347 secs] [Times: user=1.28 sys=0.00, real=1.35 secs] 
2018-03-26T20:01:57.026+0530: 10519.813: [CMS-concurrent-preclean-start]
2018-03-26T20:01:57.029+0530: 10519.815: [CMS-concurrent-preclean: 0.002/0.002 secs] [Times: user=0.00 sys=0.00, real=0.00 secs] 
2018-03-26T20:01:57.029+0530: 10519.815: [CMS-concurrent-abortable-preclean-start]
2018-03-26T20:01:57.029+0530: 10519.815: [CMS-concurrent-abortable-preclean: 0.000/0.000 secs] [Times: user=0.00 sys=0.00, real=0.00 secs] 
2018-03-26T20:01:57.029+0530: 10519.816: [GC (CMS Final Remark) [YG occupancy: 54386 K (157248 K)]2018-03-26T20:01:57.029+0530: 10519.816: [Rescan (parallel) , 0.0841660 secs]2018-03-26T20:01:57.113+0530: 10519.900: [weak refs processing, 0.0000614 secs]2018-03-26T20:01:57.113+0530: 10519.900: [class unloading, 0.0005603 secs]2018-03-26T20:01:57.114+0530: 10519.901: [scrub symbol table, 0.0020547 secs]2018-03-26T20:01:57.116+0530: 10519.903: [scrub string table, 0.0005652 secs][1 CMS-remark: 349567K(349568K)] 403954K(506816K), 0.0877754 secs] [Times: user=0.16 sys=0.02, real=0.09 secs] 
2018-03-26T20:01:57.117+0530: 10519.904: [CMS-concurrent-sweep-start]
2018-03-26T20:01:57.782+0530: 10520.569: [CMS-concurrent-sweep: 0.665/0.665 secs] [Times: user=0.64 sys=0.00, real=0.66 secs] 
2018-03-26T20:01:57.782+0530: 10520.569: [CMS-concurrent-reset-start]
2018-03-26T20:01:57.783+0530: 10520.570: [CMS-concurrent-reset: 0.001/0.001 secs] [Times: user=0.00 sys=0.00, real=0.00 secs] 
2018-03-26T20:01:59.783+0530: 10522.570: [GC (CMS Initial Mark) [1 CMS-initial-mark: 349567K(349568K)] 403954K(506816K), 0.0529475 secs] [Times: user=0.20 sys=0.00, real=0.05 secs] 
2018-03-26T20:01:59.836+0530: 10522.623: [CMS-concurrent-mark-start]
2018-03-26T20:02:01.340+0530: 10524.127: [CMS-concurrent-mark: 1.504/1.504 secs] [Times: user=1.48 sys=0.00, real=1.50 secs] 
2018-03-26T20:02:01.341+0530: 10524.127: [CMS-concurrent-preclean-start]
2018-03-26T20:02:01.342+0530: 10524.128: [CMS-concurrent-preclean: 0.001/0.001 secs] [Times: user=0.00 sys=0.00, real=0.00 secs] 
2018-03-26T20:02:01.342+0530: 10524.128: [CMS-concurrent-abortable-preclean-start]
2018-03-26T20:02:01.342+0530: 10524.128: [CMS-concurrent-abortable-preclean: 0.000/0.000 secs] [Times: user=0.00 sys=0.00, real=0.00 secs] 
2018-03-26T20:02:01.342+0530: 10524.129: [GC (CMS Final Remark) [YG occupancy: 54386 K (157248 K)]2018-03-26T20:02:01.342+0530: 10524.129: [Rescan (parallel) , 0.0505123 secs]2018-03-26T20:02:01.393+0530: 10524.179: [weak refs processing, 0.0000610 secs]2018-03-26T20:02:01.393+0530: 10524.179: [class unloading, 0.0005984 secs]2018-03-26T20:02:01.393+0530: 10524.180: [scrub symbol table, 0.0011548 secs]2018-03-26T20:02:01.394+0530: 10524.181: [scrub string table, 0.0004179 secs][1 CMS-remark: 349567K(349568K)] 403954K(506816K), 0.0530734 secs] [Times: user=0.17 sys=0.00, real=0.05 secs] 
2018-03-26T20:02:01.395+0530: 10524.182: [CMS-concurrent-sweep-start]
2018-03-26T20:02:01.969+0530: 10524.756: [CMS-concurrent-sweep: 0.574/0.574 secs] [Times: user=0.56 sys=0.00, real=0.57 secs] 
2018-03-26T20:02:01.969+0530: 10524.756: [CMS-concurrent-reset-start]
2018-03-26T20:02:01.970+0530: 10524.757: [CMS-concurrent-reset: 0.001/0.001 secs] [Times: user=0.00 sys=0.00, real=0.00 secs] 
2018-03-26T20:02:03.970+0530: 10526.757: [GC (CMS Initial Mark) [1 CMS-initial-mark: 349567K(349568K)] 403954K(506816K), 0.0524588 secs] [Times: user=0.22 sys=0.00, real=0.05 secs] 
2018-03-26T20:02:04.023+0530: 10526.810: [CMS-concurrent-mark-start]
2018-03-26T20:02:05.560+0530: 10528.347: [CMS-concurrent-mark: 1.537/1.537 secs] [Times: user=1.53 sys=0.00, real=1.54 secs] 
2018-03-26T20:02:05.561+0530: 10528.347: [CMS-concurrent-preclean-start]
2018-03-26T20:02:05.562+0530: 10528.349: [CMS-concurrent-preclean: 0.002/0.002 secs] [Times: user=0.00 sys=0.00, real=0.00 secs] 
2018-03-26T20:02:05.562+0530: 10528.349: [CMS-concurrent-abortable-preclean-start]
2018-03-26T20:02:05.562+0530: 10528.349: [CMS-concurrent-abortable-preclean: 0.000/0.000 secs] [Times: user=0.00 sys=0.00, real=0.00 secs] 
2018-03-26T20:02:05.563+0530: 10528.349: [GC (CMS Final Remark) [YG occupancy: 54386 K (157248 K)]2018-03-26T20:02:05.563+0530: 10528.350: [Rescan (parallel) , 0.0779353 secs]2018-03-26T20:02:05.640+0530: 10528.428: [weak refs processing, 0.0000758 secs]2018-03-26T20:02:05.640+0530: 10528.428: [class unloading, 0.0006760 secs]2018-03-26T20:02:05.641+0530: 10528.428: [scrub symbol table, 0.0013858 secs]2018-03-26T20:02:05.642+0530: 10528.430: [scrub string table, 0.0008410 secs][1 CMS-remark: 349567K(349568K)] 403954K(506816K), 0.0816413 secs] [Times: user=0.19 sys=0.00, real=0.08 secs] 
2018-03-26T20:02:05.644+0530: 10528.431: [CMS-concurrent-sweep-start]
2018-03-26T20:02:06.332+0530: 10529.119: [CMS-concurrent-sweep: 0.688/0.688 secs] [Times: user=0.66 sys=0.00, real=0.69 secs] 
2018-03-26T20:02:06.332+0530: 10529.120: [CMS-concurrent-reset-start]
2018-03-26T20:02:06.333+0530: 10529.121: [CMS-concurrent-reset: 0.001/0.001 secs] [Times: user=0.01 sys=0.00, real=0.00 secs] 
2018-03-26T20:02:08.334+0530: 10531.121: [GC (CMS Initial Mark) [1 CMS-initial-mark: 349567K(349568K)] 403954K(506816K), 0.0665052 secs] [Times: user=0.20 sys=0.00, real=0.07 secs] 
2018-03-26T20:02:08.400+0530: 10531.187: [CMS-concurrent-mark-start]
2018-03-26T20:02:10.050+0530: 10532.837: [CMS-concurrent-mark: 1.650/1.650 secs] [Times: user=1.59 sys=0.00, real=1.65 secs] 
2018-03-26T20:02:10.050+0530: 10532.837: [CMS-concurrent-preclean-start]
2018-03-26T20:02:10.053+0530: 10532.840: [CMS-concurrent-preclean: 0.003/0.003 secs] [Times: user=0.02 sys=0.00, real=0.00 secs] 
2018-03-26T20:02:10.054+0530: 10532.841: [CMS-concurrent-abortable-preclean-start]
2018-03-26T20:02:10.054+0530: 10532.841: [CMS-concurrent-abortable-preclean: 0.000/0.000 secs] [Times: user=0.00 sys=0.00, real=0.00 secs] 
2018-03-26T20:02:10.054+0530: 10532.841: [GC (CMS Final Remark) [YG occupancy: 54386 K (157248 K)]2018-03-26T20:02:10.054+0530: 10532.841: [Rescan (parallel) , 0.0800492 secs]2018-03-26T20:02:10.135+0530: 10532.921: [weak refs processing, 0.0001188 secs]2018-03-26T20:02:10.135+0530: 10532.921: [class unloading, 0.0008731 secs]2018-03-26T20:02:10.136+0530: 10532.922: [scrub symbol table, 0.0056916 secs]2018-03-26T20:02:10.141+0530: 10532.928: [scrub string table, 0.0006203 secs][1 CMS-remark: 349567K(349568K)] 403954K(506816K), 0.0879207 secs] [Times: user=0.22 sys=0.00, real=0.09 secs] 
2018-03-26T20:02:10.142+0530: 10532.929: [CMS-concurrent-sweep-start]
2018-03-26T20:02:10.949+0530: 10533.737: [CMS-concurrent-sweep: 0.808/0.808 secs] [Times: user=0.77 sys=0.00, real=0.81 secs] 
2018-03-26T20:02:10.950+0530: 10533.737: [CMS-concurrent-reset-start]
2018-03-26T20:02:10.951+0530: 10533.738: [CMS-concurrent-reset: 0.001/0.001 secs] [Times: user=0.00 sys=0.00, real=0.00 secs] 
2018-03-26T20:02:12.951+0530: 10535.738: [GC (CMS Initial Mark) [1 CMS-initial-mark: 349567K(349568K)] 403954K(506816K), 0.0592904 secs] [Times: user=0.20 sys=0.00, real=0.06 secs] 
2018-03-26T20:02:13.011+0530: 10535.798: [CMS-concurrent-mark-start]
2018-03-26T20:02:14.295+0530: 10537.082: [CMS-concurrent-mark: 1.285/1.285 secs] [Times: user=1.27 sys=0.01, real=1.28 secs] 
2018-03-26T20:02:14.296+0530: 10537.083: [CMS-concurrent-preclean-start]
2018-03-26T20:02:14.297+0530: 10537.084: [CMS-concurrent-preclean: 0.002/0.002 secs] [Times: user=0.00 sys=0.00, real=0.00 secs] 
2018-03-26T20:02:14.297+0530: 10537.084: [CMS-concurrent-abortable-preclean-start]
2018-03-26T20:02:14.297+0530: 10537.084: [CMS-concurrent-abortable-preclean: 0.000/0.000 secs] [Times: user=0.00 sys=0.00, real=0.00 secs] 
2018-03-26T20:02:14.298+0530: 10537.085: [GC (CMS Final Remark) [YG occupancy: 54386 K (157248 K)]2018-03-26T20:02:14.298+0530: 10537.085: [Rescan (parallel) , 0.0617502 secs]2018-03-26T20:02:14.360+0530: 10537.147: [weak refs processing, 0.0000920 secs]2018-03-26T20:02:14.360+0530: 10537.147: [class unloading, 0.0004930 secs]2018-03-26T20:02:14.360+0530: 10537.147: [scrub symbol table, 0.0008780 secs]2018-03-26T20:02:14.361+0530: 10537.148: [scrub string table, 0.0002958 secs][1 CMS-remark: 349567K(349568K)] 403954K(506816K), 0.0638656 secs] [Times: user=0.19 sys=0.00, real=0.06 secs] 
2018-03-26T20:02:14.362+0530: 10537.149: [CMS-concurrent-sweep-start]
2018-03-26T20:02:15.065+0530: 10537.852: [CMS-concurrent-sweep: 0.703/0.703 secs] [Times: user=0.70 sys=0.00, real=0.70 secs] 
2018-03-26T20:02:15.065+0530: 10537.852: [CMS-concurrent-reset-start]
2018-03-26T20:02:15.066+0530: 10537.853: [CMS-concurrent-reset: 0.001/0.001 secs] [Times: user=0.00 sys=0.00, real=0.00 secs] 
2018-03-26T20:02:17.067+0530: 10539.854: [GC (CMS Initial Mark) [1 CMS-initial-mark: 349567K(349568K)] 403954K(506816K), 0.0411623 secs] [Times: user=0.16 sys=0.00, real=0.04 secs] 
2018-03-26T20:02:17.108+0530: 10539.895: [CMS-concurrent-mark-start]
2018-03-26T20:02:18.668+0530: 10541.455: [CMS-concurrent-mark: 1.560/1.560 secs] [Times: user=1.53 sys=0.02, real=1.56 secs] 
2018-03-26T20:02:18.668+0530: 10541.455: [CMS-concurrent-preclean-start]
2018-03-26T20:02:18.669+0530: 10541.456: [CMS-concurrent-preclean: 0.001/0.001 secs] [Times: user=0.00 sys=0.00, real=0.00 secs] 
2018-03-26T20:02:18.669+0530: 10541.456: [CMS-concurrent-abortable-preclean-start]
2018-03-26T20:02:18.669+0530: 10541.456: [CMS-concurrent-abortable-preclean: 0.000/0.000 secs] [Times: user=0.00 sys=0.00, real=0.00 secs] 
2018-03-26T20:02:18.670+0530: 10541.457: [GC (CMS Final Remark) [YG occupancy: 54386 K (157248 K)]2018-03-26T20:02:18.670+0530: 10541.457: [Rescan (parallel) , 0.0289442 secs]2018-03-26T20:02:18.699+0530: 10541.486: [weak refs processing, 0.0000353 secs]2018-03-26T20:02:18.699+0530: 10541.486: [class unloading, 0.0003942 secs]2018-03-26T20:02:18.699+0530: 10541.486: [scrub symbol table, 0.0007514 secs]2018-03-26T20:02:18.700+0530: 10541.487: [scrub string table, 0.0002881 secs][1 CMS-remark: 349567K(349568K)] 403954K(506816K), 0.0306438 secs] [Times: user=0.11 sys=0.00, real=0.03 secs] 
2018-03-26T20:02:18.700+0530: 10541.487: [CMS-concurrent-sweep-start]
2018-03-26T20:02:19.230+0530: 10542.017: [CMS-concurrent-sweep: 0.530/0.530 secs] [Times: user=0.53 sys=0.00, real=0.53 secs] 
2018-03-26T20:02:19.230+0530: 10542.017: [CMS-concurrent-reset-start]
2018-03-26T20:02:19.231+0530: 10542.018: [CMS-concurrent-reset: 0.001/0.001 secs] [Times: user=0.00 sys=0.00, real=0.00 secs] 
2018-03-26T20:02:21.231+0530: 10544.018: [GC (CMS Initial Mark) [1 CMS-initial-mark: 349567K(349568K)] 403954K(506816K), 0.0518734 secs] [Times: user=0.16 sys=0.00, real=0.05 secs] 
2018-03-26T20:02:21.283+0530: 10544.070: [CMS-concurrent-mark-start]
2018-03-26T20:02:22.889+0530: 10545.675: [CMS-concurrent-mark: 1.605/1.605 secs] [Times: user=1.55 sys=0.00, real=1.61 secs] 
2018-03-26T20:02:22.889+0530: 10545.675: [CMS-concurrent-preclean-start]
2018-03-26T20:02:22.891+0530: 10545.677: [CMS-concurrent-preclean: 0.002/0.002 secs] [Times: user=0.00 sys=0.00, real=0.00 secs] 
2018-03-26T20:02:22.891+0530: 10545.677: [CMS-concurrent-abortable-preclean-start]
2018-03-26T20:02:22.891+0530: 10545.677: [CMS-concurrent-abortable-preclean: 0.000/0.000 secs] [Times: user=0.00 sys=0.00, real=0.00 secs] 
2018-03-26T20:02:22.891+0530: 10545.678: [GC (CMS Final Remark) [YG occupancy: 54386 K (157248 K)]2018-03-26T20:02:22.891+0530: 10545.678: [Rescan (parallel) , 0.0579472 secs]2018-03-26T20:02:22.949+0530: 10545.736: [weak refs processing, 0.0000793 secs]2018-03-26T20:02:22.949+0530: 10545.736: [class unloading, 0.0005607 secs]2018-03-26T20:02:22.950+0530: 10545.737: [scrub symbol table, 0.0011827 secs]2018-03-26T20:02:22.951+0530: 10545.738: [scrub string table, 0.0004224 secs][1 CMS-remark: 349567K(349568K)] 403954K(506816K), 0.0605845 secs] [Times: user=0.20 sys=0.00, real=0.06 secs] 
2018-03-26T20:02:22.952+0530: 10545.739: [CMS-concurrent-sweep-start]
2018-03-26T20:02:23.856+0530: 10546.642: [CMS-concurrent-sweep: 0.903/0.903 secs] [Times: user=0.91 sys=0.00, real=0.90 secs] 
2018-03-26T20:02:23.856+0530: 10546.643: [CMS-concurrent-reset-start]
2018-03-26T20:02:23.857+0530: 10546.644: [CMS-concurrent-reset: 0.001/0.001 secs] [Times: user=0.00 sys=0.00, real=0.00 secs] 
2018-03-26T20:02:25.856+0530: 10548.643: [GC (CMS Initial Mark) [1 CMS-initial-mark: 349567K(349568K)] 403954K(506816K), 0.0247343 secs] [Times: user=0.06 sys=0.00, real=0.03 secs] 
2018-03-26T20:02:25.881+0530: 10548.668: [CMS-concurrent-mark-start]
2018-03-26T20:02:26.935+0530: 10549.722: [CMS-concurrent-mark: 1.054/1.054 secs] [Times: user=1.03 sys=0.02, real=1.05 secs] 
2018-03-26T20:02:26.935+0530: 10549.722: [CMS-concurrent-preclean-start]
2018-03-26T20:02:26.937+0530: 10549.724: [CMS-concurrent-preclean: 0.001/0.001 secs] [Times: user=0.00 sys=0.00, real=0.00 secs] 
2018-03-26T20:02:26.937+0530: 10549.724: [CMS-concurrent-abortable-preclean-start]
2018-03-26T20:02:26.937+0530: 10549.724: [CMS-concurrent-abortable-preclean: 0.000/0.000 secs] [Times: user=0.00 sys=0.00, real=0.00 secs] 
2018-03-26T20:02:26.937+0530: 10549.724: [GC (CMS Final Remark) [YG occupancy: 54386 K (157248 K)]2018-03-26T20:02:26.937+0530: 10549.724: [Rescan (parallel) , 0.0299636 secs]2018-03-26T20:02:26.967+0530: 10549.754: [weak refs processing, 0.0001019 secs]2018-03-26T20:02:26.967+0530: 10549.754: [class unloading, 0.0010307 secs]2018-03-26T20:02:26.968+0530: 10549.755: [scrub symbol table, 0.0006629 secs]2018-03-26T20:02:26.969+0530: 10549.756: [scrub string table, 0.0002567 secs][1 CMS-remark: 349567K(349568K)] 403954K(506816K), 0.0323226 secs] [Times: user=0.13 sys=0.00, real=0.03 secs] 
2018-03-26T20:02:26.970+0530: 10549.756: [CMS-concurrent-sweep-start]
2018-03-26T20:02:27.386+0530: 10550.173: [CMS-concurrent-sweep: 0.417/0.417 secs] [Times: user=0.42 sys=0.00, real=0.42 secs] 
2018-03-26T20:02:27.386+0530: 10550.173: [CMS-concurrent-reset-start]
2018-03-26T20:02:27.387+0530: 10550.174: [CMS-concurrent-reset: 0.001/0.001 secs] [Times: user=0.00 sys=0.00, real=0.00 secs] 
2018-03-26T20:02:29.387+0530: 10552.174: [GC (CMS Initial Mark) [1 CMS-initial-mark: 349567K(349568K)] 403954K(506816K), 0.0495239 secs] [Times: user=0.16 sys=0.00, real=0.05 secs] 
2018-03-26T20:02:29.437+0530: 10552.224: [CMS-concurrent-mark-start]
2018-03-26T20:02:31.247+0530: 10554.034: [CMS-concurrent-mark: 1.810/1.810 secs] [Times: user=1.72 sys=0.02, real=1.81 secs] 
2018-03-26T20:02:31.247+0530: 10554.034: [CMS-concurrent-preclean-start]
2018-03-26T20:02:31.249+0530: 10554.036: [CMS-concurrent-preclean: 0.002/0.002 secs] [Times: user=0.00 sys=0.00, real=0.00 secs] 
2018-03-26T20:02:31.249+0530: 10554.036: [CMS-concurrent-abortable-preclean-start]
2018-03-26T20:02:31.249+0530: 10554.036: [CMS-concurrent-abortable-preclean: 0.000/0.000 secs] [Times: user=0.00 sys=0.00, real=0.00 secs] 
2018-03-26T20:02:31.249+0530: 10554.036: [GC (CMS Final Remark) [YG occupancy: 54386 K (157248 K)]2018-03-26T20:02:31.249+0530: 10554.036: [Rescan (parallel) , 0.0586891 secs]2018-03-26T20:02:31.309+0530: 10554.095: [weak refs processing, 0.0000656 secs]2018-03-26T20:02:31.309+0530: 10554.095: [class unloading, 0.0006481 secs]2018-03-26T20:02:31.309+0530: 10554.096: [scrub symbol table, 0.0012789 secs]2018-03-26T20:02:31.311+0530: 10554.097: [scrub string table, 0.0005243 secs][1 CMS-remark: 349567K(349568K)] 403954K(506816K), 0.0616814 secs] [Times: user=0.23 sys=0.00, real=0.06 secs] 
2018-03-26T20:02:31.312+0530: 10554.098: [CMS-concurrent-sweep-start]
2018-03-26T20:02:32.067+0530: 10554.854: [CMS-concurrent-sweep: 0.756/0.756 secs] [Times: user=0.72 sys=0.00, real=0.75 secs] 
2018-03-26T20:02:32.068+0530: 10554.854: [CMS-concurrent-reset-start]
2018-03-26T20:02:32.069+0530: 10554.856: [CMS-concurrent-reset: 0.001/0.001 secs] [Times: user=0.00 sys=0.00, real=0.00 secs] 
2018-03-26T20:02:34.069+0530: 10556.856: [GC (CMS Initial Mark) [1 CMS-initial-mark: 349567K(349568K)] 403954K(506816K), 0.0359450 secs] [Times: user=0.13 sys=0.00, real=0.04 secs] 
2018-03-26T20:02:34.105+0530: 10556.892: [CMS-concurrent-mark-start]
2018-03-26T20:02:35.366+0530: 10558.153: [CMS-concurrent-mark: 1.261/1.261 secs] [Times: user=1.20 sys=0.00, real=1.26 secs] 
2018-03-26T20:02:35.366+0530: 10558.153: [CMS-concurrent-preclean-start]
2018-03-26T20:02:35.367+0530: 10558.154: [CMS-concurrent-preclean: 0.001/0.001 secs] [Times: user=0.00 sys=0.00, real=0.00 secs] 
2018-03-26T20:02:35.367+0530: 10558.154: [CMS-concurrent-abortable-preclean-start]
2018-03-26T20:02:35.367+0530: 10558.154: [CMS-concurrent-abortable-preclean: 0.000/0.000 secs] [Times: user=0.00 sys=0.00, real=0.00 secs] 
2018-03-26T20:02:35.367+0530: 10558.154: [GC (CMS Final Remark) [YG occupancy: 54386 K (157248 K)]2018-03-26T20:02:35.367+0530: 10558.154: [Rescan (parallel) , 0.0269632 secs]2018-03-26T20:02:35.394+0530: 10558.181: [weak refs processing, 0.0000367 secs]2018-03-26T20:02:35.394+0530: 10558.181: [class unloading, 0.0003688 secs]2018-03-26T20:02:35.395+0530: 10558.181: [scrub symbol table, 0.0007327 secs]2018-03-26T20:02:35.395+0530: 10558.182: [scrub string table, 0.0002846 secs][1 CMS-remark: 349567K(349568K)] 403954K(506816K), 0.0286240 secs] [Times: user=0.08 sys=0.00, real=0.03 secs] 
2018-03-26T20:02:35.396+0530: 10558.183: [CMS-concurrent-sweep-start]
2018-03-26T20:02:35.800+0530: 10558.586: [CMS-concurrent-sweep: 0.404/0.404 secs] [Times: user=0.38 sys=0.00, real=0.40 secs] 
2018-03-26T20:02:35.800+0530: 10558.587: [CMS-concurrent-reset-start]
2018-03-26T20:02:35.800+0530: 10558.587: [CMS-concurrent-reset: 0.001/0.001 secs] [Times: user=0.00 sys=0.00, real=0.00 secs] 
2018-03-26T20:02:37.801+0530: 10560.587: [GC (CMS Initial Mark) [1 CMS-initial-mark: 349567K(349568K)] 403954K(506816K), 0.0414056 secs] [Times: user=0.19 sys=0.00, real=0.04 secs] 
2018-03-26T20:02:37.842+0530: 10560.629: [CMS-concurrent-mark-start]
2018-03-26T20:02:39.149+0530: 10561.935: [CMS-concurrent-mark: 1.306/1.306 secs] [Times: user=1.31 sys=0.00, real=1.31 secs] 
2018-03-26T20:02:39.149+0530: 10561.935: [CMS-concurrent-preclean-start]
2018-03-26T20:02:39.151+0530: 10561.937: [CMS-concurrent-preclean: 0.002/0.002 secs] [Times: user=0.00 sys=0.00, real=0.00 secs] 
2018-03-26T20:02:39.151+0530: 10561.937: [CMS-concurrent-abortable-preclean-start]
2018-03-26T20:02:39.151+0530: 10561.937: [CMS-concurrent-abortable-preclean: 0.000/0.000 secs] [Times: user=0.00 sys=0.00, real=0.00 secs] 
2018-03-26T20:02:39.151+0530: 10561.938: [GC (CMS Final Remark) [YG occupancy: 54386 K (157248 K)]2018-03-26T20:02:39.151+0530: 10561.938: [Rescan (parallel) , 0.0505423 secs]2018-03-26T20:02:39.202+0530: 10561.988: [weak refs processing, 0.0000804 secs]2018-03-26T20:02:39.202+0530: 10561.989: [class unloading, 0.0006118 secs]2018-03-26T20:02:39.203+0530: 10561.989: [scrub symbol table, 0.0009316 secs]2018-03-26T20:02:39.204+0530: 10561.990: [scrub string table, 0.0002690 secs][1 CMS-remark: 349567K(349568K)] 403954K(506816K), 0.0528234 secs] [Times: user=0.17 sys=0.00, real=0.05 secs] 
2018-03-26T20:02:39.204+0530: 10561.991: [CMS-concurrent-sweep-start]
2018-03-26T20:02:39.707+0530: 10562.494: [CMS-concurrent-sweep: 0.503/0.503 secs] [Times: user=0.50 sys=0.00, real=0.50 secs] 
2018-03-26T20:02:39.707+0530: 10562.494: [CMS-concurrent-reset-start]
2018-03-26T20:02:39.708+0530: 10562.495: [CMS-concurrent-reset: 0.001/0.001 secs] [Times: user=0.00 sys=0.00, real=0.00 secs] 
2018-03-26T20:02:41.707+0530: 10564.494: [GC (CMS Initial Mark) [1 CMS-initial-mark: 349567K(349568K)] 403954K(506816K), 0.0454494 secs] [Times: user=0.14 sys=0.00, real=0.05 secs] 
2018-03-26T20:02:41.752+0530: 10564.540: [CMS-concurrent-mark-start]
2018-03-26T20:02:42.890+0530: 10565.677: [CMS-concurrent-mark: 1.137/1.137 secs] [Times: user=1.13 sys=0.00, real=1.14 secs] 
2018-03-26T20:02:42.890+0530: 10565.677: [CMS-concurrent-preclean-start]
2018-03-26T20:02:42.891+0530: 10565.678: [CMS-concurrent-preclean: 0.002/0.002 secs] [Times: user=0.00 sys=0.00, real=0.00 secs] 
2018-03-26T20:02:42.891+0530: 10565.678: [CMS-concurrent-abortable-preclean-start]
2018-03-26T20:02:42.892+0530: 10565.678: [CMS-concurrent-abortable-preclean: 0.000/0.000 secs] [Times: user=0.00 sys=0.00, real=0.00 secs] 
2018-03-26T20:02:42.892+0530: 10565.679: [GC (CMS Final Remark) [YG occupancy: 54386 K (157248 K)]2018-03-26T20:02:42.892+0530: 10565.679: [Rescan (parallel) , 0.0627873 secs]2018-03-26T20:02:42.955+0530: 10565.742: [weak refs processing, 0.0001573 secs]2018-03-26T20:02:42.955+0530: 10565.742: [class unloading, 0.0008406 secs]2018-03-26T20:02:42.956+0530: 10565.743: [scrub symbol table, 0.0011756 secs]2018-03-26T20:02:42.957+0530: 10565.744: [scrub string table, 0.0002853 secs][1 CMS-remark: 349567K(349568K)] 403954K(506816K), 0.0658533 secs] [Times: user=0.19 sys=0.00, real=0.07 secs] 
2018-03-26T20:02:42.958+0530: 10565.745: [CMS-concurrent-sweep-start]
2018-03-26T20:02:43.503+0530: 10566.290: [CMS-concurrent-sweep: 0.545/0.545 secs] [Times: user=0.52 sys=0.00, real=0.55 secs] 
2018-03-26T20:02:43.503+0530: 10566.290: [CMS-concurrent-reset-start]
2018-03-26T20:02:43.504+0530: 10566.291: [CMS-concurrent-reset: 0.001/0.001 secs] [Times: user=0.00 sys=0.00, real=0.00 secs] 
2018-03-26T20:02:45.504+0530: 10568.291: [GC (CMS Initial Mark) [1 CMS-initial-mark: 349567K(349568K)] 403954K(506816K), 0.0439935 secs] [Times: user=0.17 sys=0.00, real=0.04 secs] 
2018-03-26T20:02:45.548+0530: 10568.335: [CMS-concurrent-mark-start]
2018-03-26T20:02:46.886+0530: 10569.672: [CMS-concurrent-mark: 1.337/1.337 secs] [Times: user=1.33 sys=0.00, real=1.34 secs] 
2018-03-26T20:02:46.886+0530: 10569.672: [CMS-concurrent-preclean-start]
2018-03-26T20:02:46.888+0530: 10569.675: [CMS-concurrent-preclean: 0.002/0.002 secs] [Times: user=0.00 sys=0.00, real=0.00 secs] 
2018-03-26T20:02:46.888+0530: 10569.675: [CMS-concurrent-abortable-preclean-start]
2018-03-26T20:02:46.888+0530: 10569.675: [CMS-concurrent-abortable-preclean: 0.000/0.000 secs] [Times: user=0.00 sys=0.00, real=0.00 secs] 
2018-03-26T20:02:46.888+0530: 10569.675: [GC (CMS Final Remark) [YG occupancy: 54386 K (157248 K)]2018-03-26T20:02:46.888+0530: 10569.675: [Rescan (parallel) , 0.0520755 secs]2018-03-26T20:02:46.940+0530: 10569.727: [weak refs processing, 0.0000592 secs]2018-03-26T20:02:46.940+0530: 10569.727: [class unloading, 0.0005628 secs]2018-03-26T20:02:46.941+0530: 10569.728: [scrub symbol table, 0.0010903 secs]2018-03-26T20:02:46.942+0530: 10569.729: [scrub string table, 0.0004771 secs][1 CMS-remark: 349567K(349568K)] 403954K(506816K), 0.0546365 secs] [Times: user=0.17 sys=0.00, real=0.06 secs] 
2018-03-26T20:02:46.943+0530: 10569.730: [CMS-concurrent-sweep-start]
2018-03-26T20:02:47.595+0530: 10570.382: [CMS-concurrent-sweep: 0.652/0.652 secs] [Times: user=0.66 sys=0.02, real=0.65 secs] 
2018-03-26T20:02:47.595+0530: 10570.382: [CMS-concurrent-reset-start]
2018-03-26T20:02:47.596+0530: 10570.383: [CMS-concurrent-reset: 0.001/0.001 secs] [Times: user=0.00 sys=0.00, real=0.00 secs] 
2018-03-26T20:02:49.596+0530: 10572.383: [GC (CMS Initial Mark) [1 CMS-initial-mark: 349567K(349568K)] 415134K(506816K), 0.0432847 secs] [Times: user=0.19 sys=0.00, real=0.04 secs] 
2018-03-26T20:02:49.640+0530: 10572.426: [CMS-concurrent-mark-start]
2018-03-26T20:02:50.540+0530: 10573.327: [CMS-concurrent-mark: 0.900/0.900 secs] [Times: user=0.91 sys=0.00, real=0.90 secs] 
2018-03-26T20:02:50.540+0530: 10573.327: [CMS-concurrent-preclean-start]
2018-03-26T20:02:50.541+0530: 10573.328: [CMS-concurrent-preclean: 0.001/0.001 secs] [Times: user=0.00 sys=0.00, real=0.00 secs] 
2018-03-26T20:02:50.541+0530: 10573.328: [CMS-concurrent-abortable-preclean-start]
2018-03-26T20:02:50.541+0530: 10573.328: [CMS-concurrent-abortable-preclean: 0.000/0.000 secs] [Times: user=0.00 sys=0.00, real=0.00 secs] 
2018-03-26T20:02:50.541+0530: 10573.328: [GC (CMS Final Remark) [YG occupancy: 65566 K (157248 K)]2018-03-26T20:02:50.541+0530: 10573.328: [Rescan (parallel) , 0.0482986 secs]2018-03-26T20:02:50.590+0530: 10573.376: [weak refs processing, 0.0000409 secs]2018-03-26T20:02:50.590+0530: 10573.376: [class unloading, 0.0004115 secs]2018-03-26T20:02:50.590+0530: 10573.377: [scrub symbol table, 0.0006880 secs]2018-03-26T20:02:50.591+0530: 10573.378: [scrub string table, 0.0002366 secs][1 CMS-remark: 349567K(349568K)] 415134K(506816K), 0.0499160 secs] [Times: user=0.19 sys=0.00, real=0.05 secs] 
2018-03-26T20:02:50.592+0530: 10573.378: [CMS-concurrent-sweep-start]
2018-03-26T20:02:50.997+0530: 10573.784: [CMS-concurrent-sweep: 0.405/0.405 secs] [Times: user=0.41 sys=0.00, real=0.40 secs] 
2018-03-26T20:02:50.997+0530: 10573.784: [CMS-concurrent-reset-start]
2018-03-26T20:02:50.998+0530: 10573.785: [CMS-concurrent-reset: 0.001/0.001 secs] [Times: user=0.00 sys=0.00, real=0.00 secs] 
2018-03-26T20:02:52.998+0530: 10575.785: [GC (CMS Initial Mark) [1 CMS-initial-mark: 349567K(349568K)] 415134K(506816K), 0.0451229 secs] [Times: user=0.19 sys=0.00, real=0.04 secs] 
2018-03-26T20:02:53.043+0530: 10575.830: [CMS-concurrent-mark-start]
2018-03-26T20:02:53.869+0530: 10576.656: [CMS-concurrent-mark: 0.826/0.826 secs] [Times: user=0.81 sys=0.00, real=0.83 secs] 
2018-03-26T20:02:53.869+0530: 10576.656: [CMS-concurrent-preclean-start]
2018-03-26T20:02:53.870+0530: 10576.657: [CMS-concurrent-preclean: 0.001/0.001 secs] [Times: user=0.00 sys=0.00, real=0.00 secs] 
2018-03-26T20:02:53.870+0530: 10576.657: [CMS-concurrent-abortable-preclean-start]
2018-03-26T20:02:53.870+0530: 10576.657: [CMS-concurrent-abortable-preclean: 0.000/0.000 secs] [Times: user=0.00 sys=0.00, real=0.00 secs] 
2018-03-26T20:02:53.871+0530: 10576.657: [GC (CMS Final Remark) [YG occupancy: 65566 K (157248 K)]2018-03-26T20:02:53.871+0530: 10576.657: [Rescan (parallel) , 0.0443500 secs]2018-03-26T20:02:53.915+0530: 10576.702: [weak refs processing, 0.0000398 secs]2018-03-26T20:02:53.915+0530: 10576.702: [class unloading, 0.0004066 secs]2018-03-26T20:02:53.916+0530: 10576.702: [scrub symbol table, 0.0007754 secs]2018-03-26T20:02:53.916+0530: 10576.703: [scrub string table, 0.0002662 secs][1 CMS-remark: 349567K(349568K)] 415134K(506816K), 0.0460686 secs] [Times: user=0.17 sys=0.00, real=0.05 secs] 
2018-03-26T20:02:53.917+0530: 10576.704: [CMS-concurrent-sweep-start]
2018-03-26T20:02:54.278+0530: 10577.065: [CMS-concurrent-sweep: 0.362/0.362 secs] [Times: user=0.36 sys=0.00, real=0.36 secs] 
2018-03-26T20:02:54.278+0530: 10577.065: [CMS-concurrent-reset-start]
2018-03-26T20:02:54.279+0530: 10577.066: [CMS-concurrent-reset: 0.001/0.001 secs] [Times: user=0.00 sys=0.00, real=0.00 secs] 
2018-03-26T20:02:56.279+0530: 10579.065: [GC (CMS Initial Mark) [1 CMS-initial-mark: 349567K(349568K)] 415134K(506816K), 0.0647291 secs] [Times: user=0.22 sys=0.00, real=0.06 secs] 
2018-03-26T20:02:56.343+0530: 10579.130: [CMS-concurrent-mark-start]
2018-03-26T20:02:58.291+0530: 10581.077: [CMS-concurrent-mark: 1.947/1.947 secs] [Times: user=1.89 sys=0.00, real=1.95 secs] 
2018-03-26T20:02:58.291+0530: 10581.077: [CMS-concurrent-preclean-start]
2018-03-26T20:02:58.294+0530: 10581.081: [CMS-concurrent-preclean: 0.003/0.003 secs] [Times: user=0.00 sys=0.00, real=0.00 secs] 
2018-03-26T20:02:58.294+0530: 10581.081: [CMS-concurrent-abortable-preclean-start]
2018-03-26T20:02:58.294+0530: 10581.081: [CMS-concurrent-abortable-preclean: 0.000/0.000 secs] [Times: user=0.00 sys=0.00, real=0.00 secs] 
2018-03-26T20:02:58.296+0530: 10581.083: [GC (CMS Final Remark) [YG occupancy: 65566 K (157248 K)]2018-03-26T20:02:58.296+0530: 10581.083: [Rescan (parallel) , 0.0564634 secs]2018-03-26T20:02:58.353+0530: 10581.140: [weak refs processing, 0.0000698 secs]2018-03-26T20:02:58.353+0530: 10581.140: [class unloading, 0.0005078 secs]2018-03-26T20:02:58.353+0530: 10581.140: [scrub symbol table, 0.0010638 secs]2018-03-26T20:02:58.354+0530: 10581.141: [scrub string table, 0.0003953 secs][1 CMS-remark: 349567K(349568K)] 415134K(506816K), 0.0588813 secs] [Times: user=0.22 sys=0.00, real=0.06 secs] 
2018-03-26T20:02:58.355+0530: 10581.142: [CMS-concurrent-sweep-start]
2018-03-26T20:02:58.912+0530: 10581.699: [CMS-concurrent-sweep: 0.557/0.557 secs] [Times: user=0.56 sys=0.00, real=0.56 secs] 
2018-03-26T20:02:58.912+0530: 10581.699: [CMS-concurrent-reset-start]
2018-03-26T20:02:58.913+0530: 10581.700: [CMS-concurrent-reset: 0.001/0.001 secs] [Times: user=0.00 sys=0.00, real=0.00 secs] 
2018-03-26T20:03:00.913+0530: 10583.700: [GC (CMS Initial Mark) [1 CMS-initial-mark: 349567K(349568K)] 415134K(506816K), 0.0547388 secs] [Times: user=0.17 sys=0.00, real=0.05 secs] 
2018-03-26T20:03:00.968+0530: 10583.755: [CMS-concurrent-mark-start]
2018-03-26T20:03:02.204+0530: 10584.991: [CMS-concurrent-mark: 1.236/1.236 secs] [Times: user=1.19 sys=0.02, real=1.24 secs] 
2018-03-26T20:03:02.205+0530: 10584.991: [CMS-concurrent-preclean-start]
2018-03-26T20:03:02.206+0530: 10584.993: [CMS-concurrent-preclean: 0.001/0.001 secs] [Times: user=0.00 sys=0.00, real=0.00 secs] 
2018-03-26T20:03:02.206+0530: 10584.993: [CMS-concurrent-abortable-preclean-start]
2018-03-26T20:03:02.206+0530: 10584.993: [CMS-concurrent-abortable-preclean: 0.000/0.000 secs] [Times: user=0.00 sys=0.00, real=0.00 secs] 
2018-03-26T20:03:02.206+0530: 10584.993: [GC (CMS Final Remark) [YG occupancy: 65566 K (157248 K)]2018-03-26T20:03:02.206+0530: 10584.993: [Rescan (parallel) , 0.0641522 secs]2018-03-26T20:03:02.271+0530: 10585.057: [weak refs processing, 0.0000465 secs]2018-03-26T20:03:02.271+0530: 10585.057: [class unloading, 0.0004168 secs]2018-03-26T20:03:02.271+0530: 10585.058: [scrub symbol table, 0.0007638 secs]2018-03-26T20:03:02.272+0530: 10585.059: [scrub string table, 0.0002627 secs][1 CMS-remark: 349567K(349568K)] 415134K(506816K), 0.0659093 secs] [Times: user=0.17 sys=0.00, real=0.07 secs] 
2018-03-26T20:03:02.272+0530: 10585.059: [CMS-concurrent-sweep-start]
2018-03-26T20:03:02.807+0530: 10585.594: [CMS-concurrent-sweep: 0.535/0.535 secs] [Times: user=0.53 sys=0.00, real=0.53 secs] 
2018-03-26T20:03:02.807+0530: 10585.594: [CMS-concurrent-reset-start]
2018-03-26T20:03:02.808+0530: 10585.595: [CMS-concurrent-reset: 0.001/0.001 secs] [Times: user=0.00 sys=0.00, real=0.00 secs] 
2018-03-26T20:03:04.808+0530: 10587.594: [GC (CMS Initial Mark) [1 CMS-initial-mark: 349567K(349568K)] 415134K(506816K), 0.0483455 secs] [Times: user=0.17 sys=0.00, real=0.05 secs] 
2018-03-26T20:03:04.856+0530: 10587.643: [CMS-concurrent-mark-start]
2018-03-26T20:03:06.212+0530: 10588.999: [CMS-concurrent-mark: 1.356/1.356 secs] [Times: user=1.34 sys=0.00, real=1.36 secs] 
2018-03-26T20:03:06.212+0530: 10588.999: [CMS-concurrent-preclean-start]
2018-03-26T20:03:06.213+0530: 10589.000: [CMS-concurrent-preclean: 0.001/0.001 secs] [Times: user=0.00 sys=0.00, real=0.00 secs] 
2018-03-26T20:03:06.213+0530: 10589.000: [CMS-concurrent-abortable-preclean-start]
2018-03-26T20:03:06.213+0530: 10589.000: [CMS-concurrent-abortable-preclean: 0.000/0.000 secs] [Times: user=0.00 sys=0.00, real=0.00 secs] 
2018-03-26T20:03:06.213+0530: 10589.000: [GC (CMS Final Remark) [YG occupancy: 65566 K (157248 K)]2018-03-26T20:03:06.213+0530: 10589.000: [Rescan (parallel) , 0.0541510 secs]2018-03-26T20:03:06.268+0530: 10589.055: [weak refs processing, 0.0000719 secs]2018-03-26T20:03:06.268+0530: 10589.055: [class unloading, 0.0006650 secs]2018-03-26T20:03:06.268+0530: 10589.056: [scrub symbol table, 0.0008777 secs]2018-03-26T20:03:06.269+0530: 10589.056: [scrub string table, 0.0002983 secs][1 CMS-remark: 349567K(349568K)] 415134K(506816K), 0.0564017 secs] [Times: user=0.16 sys=0.00, real=0.06 secs] 
2018-03-26T20:03:06.270+0530: 10589.057: [CMS-concurrent-sweep-start]
2018-03-26T20:03:06.840+0530: 10589.628: [CMS-concurrent-sweep: 0.571/0.571 secs] [Times: user=0.58 sys=0.00, real=0.57 secs] 
2018-03-26T20:03:06.840+0530: 10589.628: [CMS-concurrent-reset-start]
2018-03-26T20:03:06.841+0530: 10589.629: [CMS-concurrent-reset: 0.001/0.001 secs] [Times: user=0.00 sys=0.00, real=0.00 secs] 
2018-03-26T20:03:08.842+0530: 10591.629: [GC (CMS Initial Mark) [1 CMS-initial-mark: 349567K(349568K)] 415134K(506816K), 0.0628793 secs] [Times: user=0.20 sys=0.00, real=0.06 secs] 
2018-03-26T20:03:08.905+0530: 10591.692: [CMS-concurrent-mark-start]
2018-03-26T20:03:10.319+0530: 10593.107: [CMS-concurrent-mark: 1.415/1.415 secs] [Times: user=1.38 sys=0.00, real=1.41 secs] 
2018-03-26T20:03:10.320+0530: 10593.107: [CMS-concurrent-preclean-start]
2018-03-26T20:03:10.321+0530: 10593.108: [CMS-concurrent-preclean: 0.001/0.001 secs] [Times: user=0.00 sys=0.00, real=0.00 secs] 
2018-03-26T20:03:10.321+0530: 10593.108: [CMS-concurrent-abortable-preclean-start]
2018-03-26T20:03:10.321+0530: 10593.108: [CMS-concurrent-abortable-preclean: 0.000/0.000 secs] [Times: user=0.00 sys=0.00, real=0.00 secs] 
2018-03-26T20:03:10.322+0530: 10593.109: [GC (CMS Final Remark) [YG occupancy: 65566 K (157248 K)]2018-03-26T20:03:10.322+0530: 10593.109: [Rescan (parallel) , 0.0612710 secs]2018-03-26T20:03:10.384+0530: 10593.170: [weak refs processing, 0.0000822 secs]2018-03-26T20:03:10.384+0530: 10593.170: [class unloading, 0.0004736 secs]2018-03-26T20:03:10.384+0530: 10593.171: [scrub symbol table, 0.0007810 secs]2018-03-26T20:03:10.385+0530: 10593.172: [scrub string table, 0.0002990 secs][1 CMS-remark: 349567K(349568K)] 415134K(506816K), 0.0632019 secs] [Times: user=0.19 sys=0.00, real=0.06 secs] 
2018-03-26T20:03:10.386+0530: 10593.172: [CMS-concurrent-sweep-start]
2018-03-26T20:03:10.874+0530: 10593.661: [CMS-concurrent-sweep: 0.488/0.488 secs] [Times: user=0.47 sys=0.00, real=0.49 secs] 
2018-03-26T20:03:10.874+0530: 10593.661: [CMS-concurrent-reset-start]
2018-03-26T20:03:10.875+0530: 10593.661: [CMS-concurrent-reset: 0.001/0.001 secs] [Times: user=0.00 sys=0.00, real=0.00 secs] 
2018-03-26T20:03:12.875+0530: 10595.662: [GC (CMS Initial Mark) [1 CMS-initial-mark: 349567K(349568K)] 415134K(506816K), 0.0405939 secs] [Times: user=0.17 sys=0.00, real=0.04 secs] 
2018-03-26T20:03:12.916+0530: 10595.702: [CMS-concurrent-mark-start]
2018-03-26T20:03:13.770+0530: 10596.557: [CMS-concurrent-mark: 0.855/0.855 secs] [Times: user=0.81 sys=0.00, real=0.85 secs] 
2018-03-26T20:03:13.770+0530: 10596.558: [CMS-concurrent-preclean-start]
2018-03-26T20:03:13.772+0530: 10596.559: [CMS-concurrent-preclean: 0.001/0.001 secs] [Times: user=0.02 sys=0.00, real=0.00 secs] 
2018-03-26T20:03:13.772+0530: 10596.559: [CMS-concurrent-abortable-preclean-start]
2018-03-26T20:03:13.772+0530: 10596.559: [CMS-concurrent-abortable-preclean: 0.000/0.000 secs] [Times: user=0.00 sys=0.00, real=0.00 secs] 
2018-03-26T20:03:13.773+0530: 10596.560: [GC (CMS Final Remark) [YG occupancy: 65566 K (157248 K)]2018-03-26T20:03:13.773+0530: 10596.560: [Rescan (parallel) , 0.0495878 secs]2018-03-26T20:03:13.823+0530: 10596.610: [weak refs processing, 0.0000952 secs]2018-03-26T20:03:13.823+0530: 10596.610: [class unloading, 0.0008650 secs]2018-03-26T20:03:13.824+0530: 10596.611: [scrub symbol table, 0.0010162 secs]2018-03-26T20:03:13.825+0530: 10596.612: [scrub string table, 0.0004591 secs][1 CMS-remark: 349567K(349568K)] 415134K(506816K), 0.0526023 secs] [Times: user=0.14 sys=0.00, real=0.05 secs] 
2018-03-26T20:03:13.825+0530: 10596.613: [CMS-concurrent-sweep-start]
2018-03-26T20:03:14.196+0530: 10596.983: [CMS-concurrent-sweep: 0.370/0.370 secs] [Times: user=0.38 sys=0.00, real=0.37 secs] 
2018-03-26T20:03:14.196+0530: 10596.983: [CMS-concurrent-reset-start]
2018-03-26T20:03:14.197+0530: 10596.984: [CMS-concurrent-reset: 0.001/0.001 secs] [Times: user=0.00 sys=0.00, real=0.00 secs] 
2018-03-26T20:03:16.197+0530: 10598.984: [GC (CMS Initial Mark) [1 CMS-initial-mark: 349567K(349568K)] 415134K(506816K), 0.0415481 secs] [Times: user=0.13 sys=0.00, real=0.04 secs] 
2018-03-26T20:03:16.238+0530: 10599.026: [CMS-concurrent-mark-start]
2018-03-26T20:03:17.161+0530: 10599.948: [CMS-concurrent-mark: 0.922/0.922 secs] [Times: user=0.94 sys=0.00, real=0.92 secs] 
2018-03-26T20:03:17.161+0530: 10599.948: [CMS-concurrent-preclean-start]
2018-03-26T20:03:17.162+0530: 10599.949: [CMS-concurrent-preclean: 0.001/0.001 secs] [Times: user=0.00 sys=0.00, real=0.00 secs] 
2018-03-26T20:03:17.162+0530: 10599.949: [CMS-concurrent-abortable-preclean-start]
2018-03-26T20:03:17.162+0530: 10599.949: [CMS-concurrent-abortable-preclean: 0.000/0.000 secs] [Times: user=0.00 sys=0.00, real=0.00 secs] 
2018-03-26T20:03:17.162+0530: 10599.949: [GC (CMS Final Remark) [YG occupancy: 65566 K (157248 K)]2018-03-26T20:03:17.162+0530: 10599.949: [Rescan (parallel) , 0.0424289 secs]2018-03-26T20:03:17.205+0530: 10599.992: [weak refs processing, 0.0000434 secs]2018-03-26T20:03:17.205+0530: 10599.992: [class unloading, 0.0003526 secs]2018-03-26T20:03:17.205+0530: 10599.992: [scrub symbol table, 0.0006456 secs]2018-03-26T20:03:17.206+0530: 10599.993: [scrub string table, 0.0002338 secs][1 CMS-remark: 349567K(349568K)] 415134K(506816K), 0.0439082 secs] [Times: user=0.13 sys=0.00, real=0.04 secs] 
2018-03-26T20:03:17.207+0530: 10599.994: [CMS-concurrent-sweep-start]
2018-03-26T20:03:17.543+0530: 10600.330: [CMS-concurrent-sweep: 0.337/0.337 secs] [Times: user=0.34 sys=0.00, real=0.34 secs] 
2018-03-26T20:03:17.543+0530: 10600.330: [CMS-concurrent-reset-start]
2018-03-26T20:03:17.544+0530: 10600.331: [CMS-concurrent-reset: 0.001/0.001 secs] [Times: user=0.00 sys=0.00, real=0.00 secs] 
2018-03-26T20:03:19.544+0530: 10602.330: [GC (CMS Initial Mark) [1 CMS-initial-mark: 349567K(349568K)] 415134K(506816K), 0.0389564 secs] [Times: user=0.13 sys=0.00, real=0.04 secs] 
2018-03-26T20:03:19.583+0530: 10602.369: [CMS-concurrent-mark-start]
2018-03-26T20:03:20.476+0530: 10603.263: [CMS-concurrent-mark: 0.894/0.894 secs] [Times: user=0.89 sys=0.00, real=0.89 secs] 
2018-03-26T20:03:20.476+0530: 10603.263: [CMS-concurrent-preclean-start]
2018-03-26T20:03:20.477+0530: 10603.264: [CMS-concurrent-preclean: 0.001/0.001 secs] [Times: user=0.00 sys=0.00, real=0.00 secs] 
2018-03-26T20:03:20.477+0530: 10603.264: [CMS-concurrent-abortable-preclean-start]
2018-03-26T20:03:20.477+0530: 10603.264: [CMS-concurrent-abortable-preclean: 0.000/0.000 secs] [Times: user=0.00 sys=0.00, real=0.00 secs] 
2018-03-26T20:03:20.478+0530: 10603.264: [GC (CMS Final Remark) [YG occupancy: 65566 K (157248 K)]2018-03-26T20:03:20.478+0530: 10603.264: [Rescan (parallel) , 0.0424194 secs]2018-03-26T20:03:20.520+0530: 10603.307: [weak refs processing, 0.0000511 secs]2018-03-26T20:03:20.520+0530: 10603.307: [class unloading, 0.0003773 secs]2018-03-26T20:03:20.520+0530: 10603.307: [scrub symbol table, 0.0006386 secs]2018-03-26T20:03:20.521+0530: 10603.308: [scrub string table, 0.0002588 secs][1 CMS-remark: 349567K(349568K)] 415134K(506816K), 0.0439840 secs] [Times: user=0.14 sys=0.00, real=0.04 secs] 
2018-03-26T20:03:20.522+0530: 10603.309: [CMS-concurrent-sweep-start]
2018-03-26T20:03:20.887+0530: 10603.674: [CMS-concurrent-sweep: 0.365/0.365 secs] [Times: user=0.36 sys=0.00, real=0.37 secs] 
2018-03-26T20:03:20.887+0530: 10603.674: [CMS-concurrent-reset-start]
2018-03-26T20:03:20.888+0530: 10603.674: [CMS-concurrent-reset: 0.001/0.001 secs] [Times: user=0.00 sys=0.00, real=0.00 secs] 
2018-03-26T20:03:22.888+0530: 10605.675: [GC (CMS Initial Mark) [1 CMS-initial-mark: 349567K(349568K)] 415134K(506816K), 0.0441557 secs] [Times: user=0.14 sys=0.00, real=0.04 secs] 
2018-03-26T20:03:22.932+0530: 10605.719: [CMS-concurrent-mark-start]
2018-03-26T20:03:24.271+0530: 10607.058: [CMS-concurrent-mark: 1.339/1.339 secs] [Times: user=1.31 sys=0.00, real=1.34 secs] 
2018-03-26T20:03:24.271+0530: 10607.058: [CMS-concurrent-preclean-start]
2018-03-26T20:03:24.273+0530: 10607.059: [CMS-concurrent-preclean: 0.001/0.001 secs] [Times: user=0.00 sys=0.00, real=0.00 secs] 
2018-03-26T20:03:24.273+0530: 10607.059: [CMS-concurrent-abortable-preclean-start]
2018-03-26T20:03:24.273+0530: 10607.059: [CMS-concurrent-abortable-preclean: 0.000/0.000 secs] [Times: user=0.00 sys=0.00, real=0.00 secs] 
2018-03-26T20:03:24.273+0530: 10607.060: [GC (CMS Final Remark) [YG occupancy: 65566 K (157248 K)]2018-03-26T20:03:24.273+0530: 10607.060: [Rescan (parallel) , 0.0596920 secs]2018-03-26T20:03:24.333+0530: 10607.120: [weak refs processing, 0.0000451 secs]2018-03-26T20:03:24.333+0530: 10607.120: [class unloading, 0.0004387 secs]2018-03-26T20:03:24.333+0530: 10607.120: [scrub symbol table, 0.0008417 secs]2018-03-26T20:03:24.334+0530: 10607.121: [scrub string table, 0.0002835 secs][1 CMS-remark: 349567K(349568K)] 415134K(506816K), 0.0615697 secs] [Times: user=0.19 sys=0.01, real=0.06 secs] 
2018-03-26T20:03:24.335+0530: 10607.122: [CMS-concurrent-sweep-start]
2018-03-26T20:03:24.727+0530: 10607.513: [CMS-concurrent-sweep: 0.392/0.392 secs] [Times: user=0.39 sys=0.00, real=0.39 secs] 
2018-03-26T20:03:24.727+0530: 10607.513: [CMS-concurrent-reset-start]
2018-03-26T20:03:24.728+0530: 10607.514: [CMS-concurrent-reset: 0.001/0.001 secs] [Times: user=0.00 sys=0.00, real=0.00 secs] 
2018-03-26T20:03:26.727+0530: 10609.514: [GC (CMS Initial Mark) [1 CMS-initial-mark: 349567K(349568K)] 415134K(506816K), 0.0481300 secs] [Times: user=0.17 sys=0.00, real=0.05 secs] 
2018-03-26T20:03:26.775+0530: 10609.562: [CMS-concurrent-mark-start]
2018-03-26T20:03:27.633+0530: 10610.420: [CMS-concurrent-mark: 0.858/0.858 secs] [Times: user=0.86 sys=0.00, real=0.86 secs] 
2018-03-26T20:03:27.634+0530: 10610.420: [CMS-concurrent-preclean-start]
2018-03-26T20:03:27.635+0530: 10610.421: [CMS-concurrent-preclean: 0.001/0.001 secs] [Times: user=0.00 sys=0.00, real=0.00 secs] 
2018-03-26T20:03:27.635+0530: 10610.421: [CMS-concurrent-abortable-preclean-start]
2018-03-26T20:03:27.635+0530: 10610.421: [CMS-concurrent-abortable-preclean: 0.000/0.000 secs] [Times: user=0.00 sys=0.00, real=0.00 secs] 
2018-03-26T20:03:27.635+0530: 10610.422: [GC (CMS Final Remark) [YG occupancy: 65566 K (157248 K)]2018-03-26T20:03:27.635+0530: 10610.422: [Rescan (parallel) , 0.0445147 secs]2018-03-26T20:03:27.679+0530: 10610.466: [weak refs processing, 0.0000402 secs]2018-03-26T20:03:27.679+0530: 10610.466: [class unloading, 0.0004080 secs]2018-03-26T20:03:27.680+0530: 10610.467: [scrub symbol table, 0.0007373 secs]2018-03-26T20:03:27.681+0530: 10610.467: [scrub string table, 0.0002585 secs][1 CMS-remark: 349567K(349568K)] 415134K(506816K), 0.0461808 secs] [Times: user=0.17 sys=0.00, real=0.05 secs] 
2018-03-26T20:03:27.681+0530: 10610.468: [CMS-concurrent-sweep-start]
2018-03-26T20:03:28.045+0530: 10610.832: [CMS-concurrent-sweep: 0.364/0.364 secs] [Times: user=0.36 sys=0.00, real=0.36 secs] 
2018-03-26T20:03:28.045+0530: 10610.832: [CMS-concurrent-reset-start]
2018-03-26T20:03:28.045+0530: 10610.832: [CMS-concurrent-reset: 0.001/0.001 secs] [Times: user=0.00 sys=0.00, real=0.00 secs] 
2018-03-26T20:03:30.046+0530: 10612.832: [GC (CMS Initial Mark) [1 CMS-initial-mark: 349567K(349568K)] 415134K(506816K), 0.0462115 secs] [Times: user=0.17 sys=0.00, real=0.05 secs] 
2018-03-26T20:03:30.092+0530: 10612.879: [CMS-concurrent-mark-start]
2018-03-26T20:03:30.875+0530: 10613.662: [CMS-concurrent-mark: 0.783/0.783 secs] [Times: user=0.78 sys=0.00, real=0.78 secs] 
2018-03-26T20:03:30.875+0530: 10613.662: [CMS-concurrent-preclean-start]
2018-03-26T20:03:30.876+0530: 10613.663: [CMS-concurrent-preclean: 0.001/0.001 secs] [Times: user=0.00 sys=0.00, real=0.00 secs] 
2018-03-26T20:03:30.876+0530: 10613.663: [CMS-concurrent-abortable-preclean-start]
2018-03-26T20:03:30.876+0530: 10613.663: [CMS-concurrent-abortable-preclean: 0.000/0.000 secs] [Times: user=0.00 sys=0.00, real=0.00 secs] 
2018-03-26T20:03:30.877+0530: 10613.663: [GC (CMS Final Remark) [YG occupancy: 65566 K (157248 K)]2018-03-26T20:03:30.877+0530: 10613.663: [Rescan (parallel) , 0.0416056 secs]2018-03-26T20:03:30.918+0530: 10613.705: [weak refs processing, 0.0000363 secs]2018-03-26T20:03:30.918+0530: 10613.705: [class unloading, 0.0003516 secs]2018-03-26T20:03:30.918+0530: 10613.705: [scrub symbol table, 0.0006495 secs]2018-03-26T20:03:30.919+0530: 10613.706: [scrub string table, 0.0002165 secs][1 CMS-remark: 349567K(349568K)] 415134K(506816K), 0.0430622 secs] [Times: user=0.19 sys=0.00, real=0.04 secs] 
2018-03-26T20:03:30.920+0530: 10613.707: [CMS-concurrent-sweep-start]
2018-03-26T20:03:31.253+0530: 10614.040: [CMS-concurrent-sweep: 0.333/0.333 secs] [Times: user=0.33 sys=0.00, real=0.33 secs] 
2018-03-26T20:03:31.253+0530: 10614.040: [CMS-concurrent-reset-start]
2018-03-26T20:03:31.254+0530: 10614.041: [CMS-concurrent-reset: 0.001/0.001 secs] [Times: user=0.00 sys=0.00, real=0.00 secs] 
2018-03-26T20:03:33.254+0530: 10616.041: [GC (CMS Initial Mark) [1 CMS-initial-mark: 349567K(349568K)] 415134K(506816K), 0.0420545 secs] [Times: user=0.19 sys=0.00, real=0.04 secs] 
2018-03-26T20:03:33.296+0530: 10616.083: [CMS-concurrent-mark-start]
2018-03-26T20:03:34.095+0530: 10616.881: [CMS-concurrent-mark: 0.798/0.798 secs] [Times: user=0.80 sys=0.00, real=0.80 secs] 
2018-03-26T20:03:34.095+0530: 10616.882: [CMS-concurrent-preclean-start]
2018-03-26T20:03:34.096+0530: 10616.882: [CMS-concurrent-preclean: 0.001/0.001 secs] [Times: user=0.00 sys=0.00, real=0.00 secs] 
2018-03-26T20:03:34.096+0530: 10616.882: [CMS-concurrent-abortable-preclean-start]
2018-03-26T20:03:34.096+0530: 10616.882: [CMS-concurrent-abortable-preclean: 0.000/0.000 secs] [Times: user=0.00 sys=0.00, real=0.00 secs] 
2018-03-26T20:03:34.096+0530: 10616.883: [GC (CMS Final Remark) [YG occupancy: 65566 K (157248 K)]2018-03-26T20:03:34.096+0530: 10616.883: [Rescan (parallel) , 0.0456504 secs]2018-03-26T20:03:34.142+0530: 10616.929: [weak refs processing, 0.0000603 secs]2018-03-26T20:03:34.142+0530: 10616.929: [class unloading, 0.0003995 secs]2018-03-26T20:03:34.142+0530: 10616.929: [scrub symbol table, 0.0006890 secs]2018-03-26T20:03:34.143+0530: 10616.930: [scrub string table, 0.0002772 secs][1 CMS-remark: 349567K(349568K)] 415134K(506816K), 0.0473247 secs] [Times: user=0.19 sys=0.00, real=0.05 secs] 
2018-03-26T20:03:34.144+0530: 10616.930: [CMS-concurrent-sweep-start]
2018-03-26T20:03:34.497+0530: 10617.283: [CMS-concurrent-sweep: 0.353/0.353 secs] [Times: user=0.36 sys=0.00, real=0.35 secs] 
2018-03-26T20:03:34.497+0530: 10617.283: [CMS-concurrent-reset-start]
2018-03-26T20:03:34.497+0530: 10617.284: [CMS-concurrent-reset: 0.001/0.001 secs] [Times: user=0.00 sys=0.00, real=0.00 secs] 
2018-03-26T20:03:36.497+0530: 10619.284: [GC (CMS Initial Mark) [1 CMS-initial-mark: 349567K(349568K)] 415134K(506816K), 0.0389405 secs] [Times: user=0.13 sys=0.00, real=0.04 secs] 
2018-03-26T20:03:36.536+0530: 10619.323: [CMS-concurrent-mark-start]
2018-03-26T20:03:37.301+0530: 10620.088: [CMS-concurrent-mark: 0.765/0.765 secs] [Times: user=0.75 sys=0.00, real=0.77 secs] 
2018-03-26T20:03:37.301+0530: 10620.088: [CMS-concurrent-preclean-start]
2018-03-26T20:03:37.302+0530: 10620.089: [CMS-concurrent-preclean: 0.001/0.001 secs] [Times: user=0.02 sys=0.00, real=0.00 secs] 
2018-03-26T20:03:37.302+0530: 10620.089: [CMS-concurrent-abortable-preclean-start]
2018-03-26T20:03:37.302+0530: 10620.089: [CMS-concurrent-abortable-preclean: 0.000/0.000 secs] [Times: user=0.00 sys=0.00, real=0.00 secs] 
2018-03-26T20:03:37.302+0530: 10620.089: [GC (CMS Final Remark) [YG occupancy: 65566 K (157248 K)]2018-03-26T20:03:37.302+0530: 10620.089: [Rescan (parallel) , 0.0417865 secs]2018-03-26T20:03:37.344+0530: 10620.131: [weak refs processing, 0.0000349 secs]2018-03-26T20:03:37.344+0530: 10620.131: [class unloading, 0.0003674 secs]2018-03-26T20:03:37.344+0530: 10620.131: [scrub symbol table, 0.0007073 secs]2018-03-26T20:03:37.345+0530: 10620.132: [scrub string table, 0.0002169 secs][1 CMS-remark: 349567K(349568K)] 415134K(506816K), 0.0433137 secs] [Times: user=0.13 sys=0.00, real=0.04 secs] 
2018-03-26T20:03:37.346+0530: 10620.133: [CMS-concurrent-sweep-start]
2018-03-26T20:03:37.680+0530: 10620.466: [CMS-concurrent-sweep: 0.333/0.333 secs] [Times: user=0.34 sys=0.00, real=0.33 secs] 
2018-03-26T20:03:37.680+0530: 10620.466: [CMS-concurrent-reset-start]
2018-03-26T20:03:37.680+0530: 10620.467: [CMS-concurrent-reset: 0.001/0.001 secs] [Times: user=0.00 sys=0.00, real=0.00 secs] 
2018-03-26T20:03:39.680+0530: 10622.467: [GC (CMS Initial Mark) [1 CMS-initial-mark: 349567K(349568K)] 415134K(506816K), 0.0498297 secs] [Times: user=0.19 sys=0.00, real=0.05 secs] 
2018-03-26T20:03:39.730+0530: 10622.517: [CMS-concurrent-mark-start]
2018-03-26T20:03:40.720+0530: 10623.507: [CMS-concurrent-mark: 0.990/0.990 secs] [Times: user=0.98 sys=0.00, real=0.99 secs] 
2018-03-26T20:03:40.721+0530: 10623.507: [CMS-concurrent-preclean-start]
2018-03-26T20:03:40.722+0530: 10623.508: [CMS-concurrent-preclean: 0.001/0.001 secs] [Times: user=0.00 sys=0.00, real=0.00 secs] 
2018-03-26T20:03:40.722+0530: 10623.509: [CMS-concurrent-abortable-preclean-start]
2018-03-26T20:03:40.722+0530: 10623.509: [CMS-concurrent-abortable-preclean: 0.000/0.000 secs] [Times: user=0.00 sys=0.00, real=0.00 secs] 
2018-03-26T20:03:40.722+0530: 10623.509: [GC (CMS Final Remark) [YG occupancy: 65566 K (157248 K)]2018-03-26T20:03:40.722+0530: 10623.509: [Rescan (parallel) , 0.0492235 secs]2018-03-26T20:03:40.771+0530: 10623.558: [weak refs processing, 0.0000723 secs]2018-03-26T20:03:40.772+0530: 10623.558: [class unloading, 0.0006478 secs]2018-03-26T20:03:40.772+0530: 10623.559: [scrub symbol table, 0.0010113 secs]2018-03-26T20:03:40.773+0530: 10623.560: [scrub string table, 0.0002779 secs][1 CMS-remark: 349567K(349568K)] 415134K(506816K), 0.0515878 secs] [Times: user=0.24 sys=0.00, real=0.05 secs] 
2018-03-26T20:03:40.774+0530: 10623.561: [CMS-concurrent-sweep-start]
2018-03-26T20:03:41.230+0530: 10624.017: [CMS-concurrent-sweep: 0.456/0.456 secs] [Times: user=0.45 sys=0.00, real=0.46 secs] 
2018-03-26T20:03:41.230+0530: 10624.017: [CMS-concurrent-reset-start]
2018-03-26T20:03:41.231+0530: 10624.018: [CMS-concurrent-reset: 0.001/0.001 secs] [Times: user=0.00 sys=0.00, real=0.00 secs] 
2018-03-26T20:03:43.231+0530: 10626.018: [GC (CMS Initial Mark) [1 CMS-initial-mark: 349567K(349568K)] 415134K(506816K), 0.0471078 secs] [Times: user=0.17 sys=0.00, real=0.05 secs] 
2018-03-26T20:03:43.278+0530: 10626.065: [CMS-concurrent-mark-start]
2018-03-26T20:03:44.405+0530: 10627.192: [CMS-concurrent-mark: 1.127/1.127 secs] [Times: user=1.09 sys=0.02, real=1.13 secs] 
2018-03-26T20:03:44.405+0530: 10627.192: [CMS-concurrent-preclean-start]
2018-03-26T20:03:44.407+0530: 10627.195: [CMS-concurrent-preclean: 0.002/0.002 secs] [Times: user=0.00 sys=0.00, real=0.00 secs] 
2018-03-26T20:03:44.407+0530: 10627.195: [CMS-concurrent-abortable-preclean-start]
2018-03-26T20:03:44.407+0530: 10627.195: [CMS-concurrent-abortable-preclean: 0.000/0.000 secs] [Times: user=0.00 sys=0.00, real=0.00 secs] 
2018-03-26T20:03:44.408+0530: 10627.195: [GC (CMS Final Remark) [YG occupancy: 65566 K (157248 K)]2018-03-26T20:03:44.408+0530: 10627.195: [Rescan (parallel) , 0.0597297 secs]2018-03-26T20:03:44.467+0530: 10627.255: [weak refs processing, 0.0000811 secs]2018-03-26T20:03:44.468+0530: 10627.255: [class unloading, 0.0006876 secs]2018-03-26T20:03:44.468+0530: 10627.256: [scrub symbol table, 0.0012666 secs]2018-03-26T20:03:44.470+0530: 10627.257: [scrub string table, 0.0005219 secs][1 CMS-remark: 349567K(349568K)] 415134K(506816K), 0.0626910 secs] [Times: user=0.23 sys=0.00, real=0.06 secs] 
2018-03-26T20:03:44.470+0530: 10627.258: [CMS-concurrent-sweep-start]
2018-03-26T20:03:44.891+0530: 10627.678: [CMS-concurrent-sweep: 0.420/0.420 secs] [Times: user=0.42 sys=0.00, real=0.42 secs] 
2018-03-26T20:03:44.891+0530: 10627.678: [CMS-concurrent-reset-start]
2018-03-26T20:03:44.892+0530: 10627.678: [CMS-concurrent-reset: 0.001/0.001 secs] [Times: user=0.00 sys=0.00, real=0.00 secs] 
2018-03-26T20:03:46.892+0530: 10629.679: [GC (CMS Initial Mark) [1 CMS-initial-mark: 349567K(349568K)] 415134K(506816K), 0.0483554 secs] [Times: user=0.19 sys=0.00, real=0.05 secs] 
2018-03-26T20:03:46.940+0530: 10629.727: [CMS-concurrent-mark-start]
2018-03-26T20:03:48.586+0530: 10631.373: [CMS-concurrent-mark: 1.646/1.646 secs] [Times: user=1.64 sys=0.00, real=1.65 secs] 
2018-03-26T20:03:48.586+0530: 10631.373: [CMS-concurrent-preclean-start]
2018-03-26T20:03:48.588+0530: 10631.375: [CMS-concurrent-preclean: 0.001/0.001 secs] [Times: user=0.00 sys=0.00, real=0.00 secs] 
2018-03-26T20:03:48.588+0530: 10631.375: [CMS-concurrent-abortable-preclean-start]
2018-03-26T20:03:48.588+0530: 10631.375: [CMS-concurrent-abortable-preclean: 0.000/0.000 secs] [Times: user=0.00 sys=0.00, real=0.00 secs] 
2018-03-26T20:03:48.588+0530: 10631.375: [GC (CMS Final Remark) [YG occupancy: 65566 K (157248 K)]2018-03-26T20:03:48.588+0530: 10631.375: [Rescan (parallel) , 0.0531104 secs]2018-03-26T20:03:48.641+0530: 10631.428: [weak refs processing, 0.0000691 secs]2018-03-26T20:03:48.642+0530: 10631.428: [class unloading, 0.0005755 secs]2018-03-26T20:03:48.642+0530: 10631.429: [scrub symbol table, 0.0008174 secs]2018-03-26T20:03:48.643+0530: 10631.430: [scrub string table, 0.0003241 secs][1 CMS-remark: 349567K(349568K)] 415134K(506816K), 0.0552138 secs] [Times: user=0.19 sys=0.00, real=0.05 secs] 
2018-03-26T20:03:48.644+0530: 10631.430: [CMS-concurrent-sweep-start]
2018-03-26T20:03:49.102+0530: 10631.889: [CMS-concurrent-sweep: 0.459/0.459 secs] [Times: user=0.47 sys=0.00, real=0.46 secs] 
2018-03-26T20:03:49.102+0530: 10631.889: [CMS-concurrent-reset-start]
2018-03-26T20:03:49.103+0530: 10631.890: [CMS-concurrent-reset: 0.001/0.001 secs] [Times: user=0.00 sys=0.00, real=0.00 secs] 
2018-03-26T20:03:51.103+0530: 10633.890: [GC (CMS Initial Mark) [1 CMS-initial-mark: 349567K(349568K)] 415134K(506816K), 0.0431095 secs] [Times: user=0.16 sys=0.00, real=0.04 secs] 
2018-03-26T20:03:51.147+0530: 10633.933: [CMS-concurrent-mark-start]
2018-03-26T20:03:52.077+0530: 10634.864: [CMS-concurrent-mark: 0.931/0.931 secs] [Times: user=0.92 sys=0.00, real=0.93 secs] 
2018-03-26T20:03:52.077+0530: 10634.864: [CMS-concurrent-preclean-start]
2018-03-26T20:03:52.078+0530: 10634.865: [CMS-concurrent-preclean: 0.001/0.001 secs] [Times: user=0.00 sys=0.00, real=0.00 secs] 
2018-03-26T20:03:52.078+0530: 10634.865: [CMS-concurrent-abortable-preclean-start]
2018-03-26T20:03:52.078+0530: 10634.865: [CMS-concurrent-abortable-preclean: 0.000/0.000 secs] [Times: user=0.00 sys=0.00, real=0.00 secs] 
2018-03-26T20:03:52.079+0530: 10634.865: [GC (CMS Final Remark) [YG occupancy: 65566 K (157248 K)]2018-03-26T20:03:52.079+0530: 10634.866: [Rescan (parallel) , 0.0490634 secs]2018-03-26T20:03:52.127+0530: 10634.915: [weak refs processing, 0.0000599 secs]2018-03-26T20:03:52.128+0530: 10634.915: [class unloading, 0.0005377 secs]2018-03-26T20:03:52.128+0530: 10634.915: [scrub symbol table, 0.0011904 secs]2018-03-26T20:03:52.129+0530: 10634.917: [scrub string table, 0.0003646 secs][1 CMS-remark: 349567K(349568K)] 415134K(506816K), 0.0515621 secs] [Times: user=0.19 sys=0.00, real=0.05 secs] 
2018-03-26T20:03:52.130+0530: 10634.917: [CMS-concurrent-sweep-start]
2018-03-26T20:03:52.749+0530: 10635.537: [CMS-concurrent-sweep: 0.619/0.619 secs] [Times: user=0.61 sys=0.00, real=0.62 secs] 
2018-03-26T20:03:52.749+0530: 10635.537: [CMS-concurrent-reset-start]
2018-03-26T20:03:52.750+0530: 10635.537: [CMS-concurrent-reset: 0.001/0.001 secs] [Times: user=0.00 sys=0.00, real=0.00 secs] 
2018-03-26T20:03:54.751+0530: 10637.537: [GC (CMS Initial Mark) [1 CMS-initial-mark: 349567K(349568K)] 415134K(506816K), 0.0502761 secs] [Times: user=0.17 sys=0.00, real=0.05 secs] 
2018-03-26T20:03:54.801+0530: 10637.588: [CMS-concurrent-mark-start]
2018-03-26T20:03:56.032+0530: 10638.819: [CMS-concurrent-mark: 1.231/1.231 secs] [Times: user=1.19 sys=0.00, real=1.23 secs] 
2018-03-26T20:03:56.032+0530: 10638.819: [CMS-concurrent-preclean-start]
2018-03-26T20:03:56.033+0530: 10638.820: [CMS-concurrent-preclean: 0.001/0.001 secs] [Times: user=0.00 sys=0.00, real=0.00 secs] 
2018-03-26T20:03:56.033+0530: 10638.820: [CMS-concurrent-abortable-preclean-start]
2018-03-26T20:03:56.033+0530: 10638.820: [CMS-concurrent-abortable-preclean: 0.000/0.000 secs] [Times: user=0.00 sys=0.00, real=0.00 secs] 
2018-03-26T20:03:56.034+0530: 10638.821: [GC (CMS Final Remark) [YG occupancy: 65566 K (157248 K)]2018-03-26T20:03:56.034+0530: 10638.821: [Rescan (parallel) , 0.0594952 secs]2018-03-26T20:03:56.093+0530: 10638.880: [weak refs processing, 0.0000642 secs]2018-03-26T20:03:56.093+0530: 10638.880: [class unloading, 0.0005166 secs]2018-03-26T20:03:56.094+0530: 10638.881: [scrub symbol table, 0.0007934 secs]2018-03-26T20:03:56.095+0530: 10638.882: [scrub string table, 0.0002754 secs][1 CMS-remark: 349567K(349568K)] 415134K(506816K), 0.0614857 secs] [Times: user=0.25 sys=0.00, real=0.06 secs] 
2018-03-26T20:03:56.095+0530: 10638.882: [CMS-concurrent-sweep-start]
2018-03-26T20:03:56.656+0530: 10639.443: [CMS-concurrent-sweep: 0.560/0.560 secs] [Times: user=0.56 sys=0.00, real=0.56 secs] 
2018-03-26T20:03:56.656+0530: 10639.443: [CMS-concurrent-reset-start]
2018-03-26T20:03:56.657+0530: 10639.444: [CMS-concurrent-reset: 0.001/0.001 secs] [Times: user=0.00 sys=0.00, real=0.00 secs] 
2018-03-26T20:03:58.657+0530: 10641.443: [GC (CMS Initial Mark) [1 CMS-initial-mark: 349567K(349568K)] 415134K(506816K), 0.0525282 secs] [Times: user=0.19 sys=0.00, real=0.05 secs] 
2018-03-26T20:03:58.708+0530: 10641.496: [CMS-concurrent-mark-start]
2018-03-26T20:03:59.749+0530: 10642.536: [CMS-concurrent-mark: 1.040/1.040 secs] [Times: user=1.02 sys=0.00, real=1.04 secs] 
2018-03-26T20:03:59.749+0530: 10642.536: [CMS-concurrent-preclean-start]
2018-03-26T20:03:59.750+0530: 10642.537: [CMS-concurrent-preclean: 0.001/0.001 secs] [Times: user=0.00 sys=0.00, real=0.00 secs] 
2018-03-26T20:03:59.750+0530: 10642.537: [CMS-concurrent-abortable-preclean-start]
2018-03-26T20:03:59.750+0530: 10642.537: [CMS-concurrent-abortable-preclean: 0.000/0.000 secs] [Times: user=0.00 sys=0.00, real=0.00 secs] 
2018-03-26T20:03:59.751+0530: 10642.537: [GC (CMS Final Remark) [YG occupancy: 65566 K (157248 K)]2018-03-26T20:03:59.751+0530: 10642.537: [Rescan (parallel) , 0.0486078 secs]2018-03-26T20:03:59.799+0530: 10642.586: [weak refs processing, 0.0000448 secs]2018-03-26T20:03:59.799+0530: 10642.586: [class unloading, 0.0003882 secs]2018-03-26T20:03:59.800+0530: 10642.587: [scrub symbol table, 0.0007059 secs]2018-03-26T20:03:59.800+0530: 10642.587: [scrub string table, 0.0002786 secs][1 CMS-remark: 349567K(349568K)] 415134K(506816K), 0.0502729 secs] [Times: user=0.19 sys=0.00, real=0.05 secs] 
2018-03-26T20:03:59.801+0530: 10642.588: [CMS-concurrent-sweep-start]
2018-03-26T20:04:00.370+0530: 10643.157: [CMS-concurrent-sweep: 0.568/0.568 secs] [Times: user=0.56 sys=0.00, real=0.57 secs] 
2018-03-26T20:04:00.370+0530: 10643.157: [CMS-concurrent-reset-start]
2018-03-26T20:04:00.371+0530: 10643.158: [CMS-concurrent-reset: 0.001/0.001 secs] [Times: user=0.00 sys=0.00, real=0.00 secs] 
2018-03-26T20:04:02.372+0530: 10645.159: [GC (CMS Initial Mark) [1 CMS-initial-mark: 349567K(349568K)] 415134K(506816K), 0.0725103 secs] [Times: user=0.17 sys=0.00, real=0.07 secs] 
2018-03-26T20:04:02.445+0530: 10645.232: [CMS-concurrent-mark-start]
2018-03-26T20:04:03.960+0530: 10646.747: [CMS-concurrent-mark: 1.515/1.515 secs] [Times: user=1.39 sys=0.00, real=1.52 secs] 
2018-03-26T20:04:03.961+0530: 10646.747: [CMS-concurrent-preclean-start]
2018-03-26T20:04:03.962+0530: 10646.748: [CMS-concurrent-preclean: 0.001/0.001 secs] [Times: user=0.00 sys=0.00, real=0.00 secs] 
2018-03-26T20:04:03.962+0530: 10646.749: [CMS-concurrent-abortable-preclean-start]
2018-03-26T20:04:03.962+0530: 10646.749: [CMS-concurrent-abortable-preclean: 0.000/0.000 secs] [Times: user=0.00 sys=0.00, real=0.00 secs] 
2018-03-26T20:04:03.962+0530: 10646.749: [GC (CMS Final Remark) [YG occupancy: 65566 K (157248 K)]2018-03-26T20:04:03.962+0530: 10646.749: [Rescan (parallel) , 0.0508709 secs]2018-03-26T20:04:04.013+0530: 10646.800: [weak refs processing, 0.0000663 secs]2018-03-26T20:04:04.013+0530: 10646.800: [class unloading, 0.0006396 secs]2018-03-26T20:04:04.014+0530: 10646.801: [scrub symbol table, 0.0010603 secs]2018-03-26T20:04:04.015+0530: 10646.802: [scrub string table, 0.0004401 secs][1 CMS-remark: 349567K(349568K)] 415134K(506816K), 0.0534242 secs] [Times: user=0.17 sys=0.00, real=0.05 secs] 
2018-03-26T20:04:04.016+0530: 10646.802: [CMS-concurrent-sweep-start]
2018-03-26T20:04:04.457+0530: 10647.243: [CMS-concurrent-sweep: 0.441/0.441 secs] [Times: user=0.44 sys=0.00, real=0.44 secs] 
2018-03-26T20:04:04.457+0530: 10647.243: [CMS-concurrent-reset-start]
2018-03-26T20:04:04.457+0530: 10647.244: [CMS-concurrent-reset: 0.001/0.001 secs] [Times: user=0.00 sys=0.00, real=0.00 secs] 
2018-03-26T20:04:06.457+0530: 10649.244: [GC (CMS Initial Mark) [1 CMS-initial-mark: 349567K(349568K)] 415134K(506816K), 0.0545847 secs] [Times: user=0.16 sys=0.01, real=0.05 secs] 
2018-03-26T20:04:06.511+0530: 10649.299: [CMS-concurrent-mark-start]
2018-03-26T20:04:08.110+0530: 10650.897: [CMS-concurrent-mark: 1.598/1.598 secs] [Times: user=1.45 sys=0.02, real=1.60 secs] 
2018-03-26T20:04:08.110+0530: 10650.897: [CMS-concurrent-preclean-start]
2018-03-26T20:04:08.112+0530: 10650.899: [CMS-concurrent-preclean: 0.002/0.002 secs] [Times: user=0.00 sys=0.00, real=0.00 secs] 
2018-03-26T20:04:08.112+0530: 10650.899: [CMS-concurrent-abortable-preclean-start]
2018-03-26T20:04:08.112+0530: 10650.899: [CMS-concurrent-abortable-preclean: 0.000/0.000 secs] [Times: user=0.00 sys=0.00, real=0.00 secs] 
2018-03-26T20:04:08.113+0530: 10650.900: [GC (CMS Final Remark) [YG occupancy: 65566 K (157248 K)]2018-03-26T20:04:08.113+0530: 10650.900: [Rescan (parallel) , 0.0814569 secs]2018-03-26T20:04:08.194+0530: 10650.981: [weak refs processing, 0.0000684 secs]2018-03-26T20:04:08.194+0530: 10650.981: [class unloading, 0.0005811 secs]2018-03-26T20:04:08.195+0530: 10650.982: [scrub symbol table, 0.0011393 secs]2018-03-26T20:04:08.196+0530: 10650.983: [scrub string table, 0.0004930 secs][1 CMS-remark: 349567K(349568K)] 415134K(506816K), 0.0840782 secs] [Times: user=0.27 sys=0.00, real=0.08 secs] 
2018-03-26T20:04:08.199+0530: 10650.986: [CMS-concurrent-sweep-start]
2018-03-26T20:04:09.189+0530: 10651.976: [CMS-concurrent-sweep: 0.989/0.989 secs] [Times: user=0.91 sys=0.00, real=0.99 secs] 
2018-03-26T20:04:09.189+0530: 10651.976: [CMS-concurrent-reset-start]
2018-03-26T20:04:09.190+0530: 10651.977: [CMS-concurrent-reset: 0.001/0.001 secs] [Times: user=0.00 sys=0.00, real=0.00 secs] 
2018-03-26T20:04:11.190+0530: 10653.977: [GC (CMS Initial Mark) [1 CMS-initial-mark: 349567K(349568K)] 415134K(506816K), 0.0722028 secs] [Times: user=0.27 sys=0.00, real=0.07 secs] 
2018-03-26T20:04:11.262+0530: 10654.049: [CMS-concurrent-mark-start]
2018-03-26T20:04:13.059+0530: 10655.846: [CMS-concurrent-mark: 1.797/1.797 secs] [Times: user=1.77 sys=0.00, real=1.80 secs] 
2018-03-26T20:04:13.059+0530: 10655.846: [CMS-concurrent-preclean-start]
2018-03-26T20:04:13.060+0530: 10655.847: [CMS-concurrent-preclean: 0.001/0.001 secs] [Times: user=0.00 sys=0.00, real=0.00 secs] 
2018-03-26T20:04:13.060+0530: 10655.847: [CMS-concurrent-abortable-preclean-start]
2018-03-26T20:04:13.060+0530: 10655.847: [CMS-concurrent-abortable-preclean: 0.000/0.000 secs] [Times: user=0.00 sys=0.00, real=0.00 secs] 
2018-03-26T20:04:13.061+0530: 10655.847: [GC (CMS Final Remark) [YG occupancy: 65566 K (157248 K)]2018-03-26T20:04:13.061+0530: 10655.848: [Rescan (parallel) , 0.0527719 secs]2018-03-26T20:04:13.113+0530: 10655.900: [weak refs processing, 0.0000677 secs]2018-03-26T20:04:13.114+0530: 10655.900: [class unloading, 0.0005374 secs]2018-03-26T20:04:13.114+0530: 10655.901: [scrub symbol table, 0.0010832 secs]2018-03-26T20:04:13.115+0530: 10655.902: [scrub string table, 0.0006890 secs][1 CMS-remark: 349567K(349568K)] 415134K(506816K), 0.0555576 secs] [Times: user=0.19 sys=0.00, real=0.05 secs] 
2018-03-26T20:04:13.116+0530: 10655.903: [CMS-concurrent-sweep-start]
2018-03-26T20:04:13.648+0530: 10656.435: [CMS-concurrent-sweep: 0.532/0.532 secs] [Times: user=0.53 sys=0.00, real=0.53 secs] 
2018-03-26T20:04:13.648+0530: 10656.435: [CMS-concurrent-reset-start]
2018-03-26T20:04:13.649+0530: 10656.436: [CMS-concurrent-reset: 0.001/0.001 secs] [Times: user=0.00 sys=0.00, real=0.00 secs] 
2018-03-26T20:04:15.648+0530: 10658.435: [GC (CMS Initial Mark) [1 CMS-initial-mark: 349567K(349568K)] 415134K(506816K), 0.0571415 secs] [Times: user=0.19 sys=0.00, real=0.06 secs] 
2018-03-26T20:04:15.706+0530: 10658.493: [CMS-concurrent-mark-start]
2018-03-26T20:04:16.901+0530: 10659.688: [CMS-concurrent-mark: 1.195/1.195 secs] [Times: user=1.17 sys=0.00, real=1.19 secs] 
2018-03-26T20:04:16.901+0530: 10659.688: [CMS-concurrent-preclean-start]
2018-03-26T20:04:16.902+0530: 10659.689: [CMS-concurrent-preclean: 0.001/0.001 secs] [Times: user=0.00 sys=0.00, real=0.00 secs] 
2018-03-26T20:04:16.903+0530: 10659.689: [CMS-concurrent-abortable-preclean-start]
2018-03-26T20:04:16.903+0530: 10659.689: [CMS-concurrent-abortable-preclean: 0.000/0.000 secs] [Times: user=0.00 sys=0.00, real=0.00 secs] 
2018-03-26T20:04:16.903+0530: 10659.690: [GC (CMS Final Remark) [YG occupancy: 65566 K (157248 K)]2018-03-26T20:04:16.903+0530: 10659.690: [Rescan (parallel) , 0.0512355 secs]2018-03-26T20:04:16.955+0530: 10659.741: [weak refs processing, 0.0000945 secs]2018-03-26T20:04:16.955+0530: 10659.741: [class unloading, 0.0005776 secs]2018-03-26T20:04:16.955+0530: 10659.742: [scrub symbol table, 0.0010938 secs]2018-03-26T20:04:16.957+0530: 10659.743: [scrub string table, 0.0002743 secs][1 CMS-remark: 349567K(349568K)] 415134K(506816K), 0.0536693 secs] [Times: user=0.19 sys=0.00, real=0.05 secs] 
2018-03-26T20:04:16.957+0530: 10659.744: [CMS-concurrent-sweep-start]
2018-03-26T20:04:17.461+0530: 10660.248: [CMS-concurrent-sweep: 0.504/0.504 secs] [Times: user=0.52 sys=0.00, real=0.50 secs] 
2018-03-26T20:04:17.461+0530: 10660.248: [CMS-concurrent-reset-start]
2018-03-26T20:04:17.462+0530: 10660.249: [CMS-concurrent-reset: 0.001/0.001 secs] [Times: user=0.00 sys=0.00, real=0.00 secs] 
2018-03-26T20:04:19.462+0530: 10662.249: [GC (CMS Initial Mark) [1 CMS-initial-mark: 349567K(349568K)] 415134K(506816K), 0.0452481 secs] [Times: user=0.16 sys=0.00, real=0.05 secs] 
2018-03-26T20:04:19.508+0530: 10662.294: [CMS-concurrent-mark-start]
2018-03-26T20:04:20.677+0530: 10663.464: [CMS-concurrent-mark: 1.169/1.169 secs] [Times: user=1.17 sys=0.00, real=1.17 secs] 
2018-03-26T20:04:20.677+0530: 10663.464: [CMS-concurrent-preclean-start]
2018-03-26T20:04:20.679+0530: 10663.466: [CMS-concurrent-preclean: 0.002/0.002 secs] [Times: user=0.00 sys=0.00, real=0.00 secs] 
2018-03-26T20:04:20.679+0530: 10663.466: [CMS-concurrent-abortable-preclean-start]
2018-03-26T20:04:20.679+0530: 10663.466: [CMS-concurrent-abortable-preclean: 0.000/0.000 secs] [Times: user=0.00 sys=0.00, real=0.00 secs] 
2018-03-26T20:04:20.681+0530: 10663.467: [GC (CMS Final Remark) [YG occupancy: 65566 K (157248 K)]2018-03-26T20:04:20.681+0530: 10663.467: [Rescan (parallel) , 0.0562550 secs]2018-03-26T20:04:20.737+0530: 10663.524: [weak refs processing, 0.0000705 secs]2018-03-26T20:04:20.737+0530: 10663.524: [class unloading, 0.0007384 secs]2018-03-26T20:04:20.738+0530: 10663.525: [scrub symbol table, 0.0011199 secs]2018-03-26T20:04:20.739+0530: 10663.526: [scrub string table, 0.0004947 secs][1 CMS-remark: 349567K(349568K)] 415134K(506816K), 0.0591017 secs] [Times: user=0.19 sys=0.00, real=0.06 secs] 
2018-03-26T20:04:20.740+0530: 10663.527: [CMS-concurrent-sweep-start]
2018-03-26T20:04:21.478+0530: 10664.265: [CMS-concurrent-sweep: 0.739/0.739 secs] [Times: user=0.70 sys=0.00, real=0.74 secs] 
2018-03-26T20:04:21.478+0530: 10664.265: [CMS-concurrent-reset-start]
2018-03-26T20:04:21.480+0530: 10664.267: [CMS-concurrent-reset: 0.001/0.001 secs] [Times: user=0.00 sys=0.00, real=0.00 secs] 
2018-03-26T20:04:23.480+0530: 10666.267: [GC (CMS Initial Mark) [1 CMS-initial-mark: 349567K(349568K)] 415134K(506816K), 0.0773919 secs] [Times: user=0.20 sys=0.00, real=0.08 secs] 
2018-03-26T20:04:23.557+0530: 10666.344: [CMS-concurrent-mark-start]
2018-03-26T20:04:24.501+0530: 10667.288: [CMS-concurrent-mark: 0.944/0.944 secs] [Times: user=0.94 sys=0.00, real=0.94 secs] 
2018-03-26T20:04:24.501+0530: 10667.288: [CMS-concurrent-preclean-start]
2018-03-26T20:04:24.502+0530: 10667.289: [CMS-concurrent-preclean: 0.001/0.001 secs] [Times: user=0.00 sys=0.00, real=0.00 secs] 
2018-03-26T20:04:24.503+0530: 10667.289: [CMS-concurrent-abortable-preclean-start]
2018-03-26T20:04:24.503+0530: 10667.289: [CMS-concurrent-abortable-preclean: 0.000/0.000 secs] [Times: user=0.00 sys=0.00, real=0.00 secs] 
2018-03-26T20:04:24.503+0530: 10667.290: [GC (CMS Final Remark) [YG occupancy: 65566 K (157248 K)]2018-03-26T20:04:24.503+0530: 10667.290: [Rescan (parallel) , 0.0498219 secs]2018-03-26T20:04:24.553+0530: 10667.340: [weak refs processing, 0.0000659 secs]2018-03-26T20:04:24.553+0530: 10667.340: [class unloading, 0.0006499 secs]2018-03-26T20:04:24.553+0530: 10667.340: [scrub symbol table, 0.0010638 secs]2018-03-26T20:04:24.555+0530: 10667.342: [scrub string table, 0.0003618 secs][1 CMS-remark: 349567K(349568K)] 415134K(506816K), 0.0522951 secs] [Times: user=0.22 sys=0.00, real=0.05 secs] 
2018-03-26T20:04:24.555+0530: 10667.342: [CMS-concurrent-sweep-start]
2018-03-26T20:04:24.945+0530: 10667.732: [CMS-concurrent-sweep: 0.389/0.389 secs] [Times: user=0.39 sys=0.00, real=0.39 secs] 
2018-03-26T20:04:24.945+0530: 10667.732: [CMS-concurrent-reset-start]
2018-03-26T20:04:24.946+0530: 10667.733: [CMS-concurrent-reset: 0.001/0.001 secs] [Times: user=0.00 sys=0.00, real=0.00 secs] 
2018-03-26T20:04:26.946+0530: 10669.733: [GC (CMS Initial Mark) [1 CMS-initial-mark: 349567K(349568K)] 415134K(506816K), 0.0486635 secs] [Times: user=0.17 sys=0.00, real=0.05 secs] 
2018-03-26T20:04:26.995+0530: 10669.782: [CMS-concurrent-mark-start]
2018-03-26T20:04:27.964+0530: 10670.751: [CMS-concurrent-mark: 0.969/0.969 secs] [Times: user=0.94 sys=0.02, real=0.97 secs] 
2018-03-26T20:04:27.964+0530: 10670.751: [CMS-concurrent-preclean-start]
2018-03-26T20:04:27.965+0530: 10670.752: [CMS-concurrent-preclean: 0.001/0.001 secs] [Times: user=0.00 sys=0.00, real=0.00 secs] 
2018-03-26T20:04:27.965+0530: 10670.752: [CMS-concurrent-abortable-preclean-start]
2018-03-26T20:04:27.965+0530: 10670.752: [CMS-concurrent-abortable-preclean: 0.000/0.000 secs] [Times: user=0.00 sys=0.00, real=0.00 secs] 
2018-03-26T20:04:27.966+0530: 10670.753: [GC (CMS Final Remark) [YG occupancy: 73951 K (157248 K)]2018-03-26T20:04:27.966+0530: 10670.753: [Rescan (parallel) , 0.0568044 secs]2018-03-26T20:04:28.023+0530: 10670.809: [weak refs processing, 0.0000458 secs]2018-03-26T20:04:28.023+0530: 10670.810: [class unloading, 0.0004069 secs]2018-03-26T20:04:28.023+0530: 10670.810: [scrub symbol table, 0.0007923 secs]2018-03-26T20:04:28.024+0530: 10670.811: [scrub string table, 0.0002631 secs][1 CMS-remark: 349567K(349568K)] 423519K(506816K), 0.0585795 secs] [Times: user=0.25 sys=0.00, real=0.06 secs] 
2018-03-26T20:04:28.025+0530: 10670.811: [CMS-concurrent-sweep-start]
2018-03-26T20:04:28.418+0530: 10671.205: [CMS-concurrent-sweep: 0.393/0.393 secs] [Times: user=0.39 sys=0.00, real=0.39 secs] 
2018-03-26T20:04:28.418+0530: 10671.205: [CMS-concurrent-reset-start]
2018-03-26T20:04:28.419+0530: 10671.206: [CMS-concurrent-reset: 0.001/0.001 secs] [Times: user=0.00 sys=0.00, real=0.00 secs] 
2018-03-26T20:04:30.419+0530: 10673.206: [GC (CMS Initial Mark) [1 CMS-initial-mark: 349567K(349568K)] 423519K(506816K), 0.0804336 secs] [Times: user=0.23 sys=0.00, real=0.08 secs] 
2018-03-26T20:04:30.499+0530: 10673.286: [CMS-concurrent-mark-start]
2018-03-26T20:04:31.494+0530: 10674.281: [CMS-concurrent-mark: 0.995/0.995 secs] [Times: user=0.98 sys=0.00, real=0.99 secs] 
2018-03-26T20:04:31.494+0530: 10674.281: [CMS-concurrent-preclean-start]
2018-03-26T20:04:31.495+0530: 10674.282: [CMS-concurrent-preclean: 0.001/0.001 secs] [Times: user=0.00 sys=0.00, real=0.00 secs] 
2018-03-26T20:04:31.495+0530: 10674.282: [CMS-concurrent-abortable-preclean-start]
2018-03-26T20:04:31.495+0530: 10674.282: [CMS-concurrent-abortable-preclean: 0.000/0.000 secs] [Times: user=0.00 sys=0.00, real=0.00 secs] 
2018-03-26T20:04:31.496+0530: 10674.282: [GC (CMS Final Remark) [YG occupancy: 73951 K (157248 K)]2018-03-26T20:04:31.496+0530: 10674.282: [Rescan (parallel) , 0.0565636 secs]2018-03-26T20:04:31.552+0530: 10674.339: [weak refs processing, 0.0000402 secs]2018-03-26T20:04:31.552+0530: 10674.339: [class unloading, 0.0004612 secs]2018-03-26T20:04:31.552+0530: 10674.340: [scrub symbol table, 0.0007102 secs]2018-03-26T20:04:31.553+0530: 10674.340: [scrub string table, 0.0002698 secs][1 CMS-remark: 349567K(349568K)] 423519K(506816K), 0.0582822 secs] [Times: user=0.25 sys=0.00, real=0.06 secs] 
2018-03-26T20:04:31.554+0530: 10674.341: [CMS-concurrent-sweep-start]
2018-03-26T20:04:31.929+0530: 10674.716: [CMS-concurrent-sweep: 0.375/0.375 secs] [Times: user=0.38 sys=0.00, real=0.38 secs] 
2018-03-26T20:04:31.929+0530: 10674.716: [CMS-concurrent-reset-start]
2018-03-26T20:04:31.930+0530: 10674.716: [CMS-concurrent-reset: 0.001/0.001 secs] [Times: user=0.00 sys=0.00, real=0.00 secs] 
2018-03-26T20:04:33.929+0530: 10676.716: [GC (CMS Initial Mark) [1 CMS-initial-mark: 349567K(349568K)] 423519K(506816K), 0.0457961 secs] [Times: user=0.14 sys=0.00, real=0.05 secs] 
2018-03-26T20:04:33.975+0530: 10676.762: [CMS-concurrent-mark-start]
2018-03-26T20:04:34.883+0530: 10677.670: [CMS-concurrent-mark: 0.909/0.909 secs] [Times: user=0.89 sys=0.00, real=0.91 secs] 
2018-03-26T20:04:34.883+0530: 10677.670: [CMS-concurrent-preclean-start]
2018-03-26T20:04:34.885+0530: 10677.672: [CMS-concurrent-preclean: 0.001/0.001 secs] [Times: user=0.00 sys=0.00, real=0.00 secs] 
2018-03-26T20:04:34.885+0530: 10677.672: [CMS-concurrent-abortable-preclean-start]
2018-03-26T20:04:34.885+0530: 10677.672: [CMS-concurrent-abortable-preclean: 0.000/0.000 secs] [Times: user=0.00 sys=0.00, real=0.00 secs] 
2018-03-26T20:04:34.885+0530: 10677.672: [GC (CMS Final Remark) [YG occupancy: 73951 K (157248 K)]2018-03-26T20:04:34.885+0530: 10677.672: [Rescan (parallel) , 0.0692909 secs]2018-03-26T20:04:34.954+0530: 10677.741: [weak refs processing, 0.0000480 secs]2018-03-26T20:04:34.954+0530: 10677.741: [class unloading, 0.0006090 secs]2018-03-26T20:04:34.955+0530: 10677.742: [scrub symbol table, 0.0008914 secs]2018-03-26T20:04:34.956+0530: 10677.743: [scrub string table, 0.0002937 secs][1 CMS-remark: 349567K(349568K)] 423519K(506816K), 0.0714641 secs] [Times: user=0.23 sys=0.00, real=0.07 secs] 
2018-03-26T20:04:34.956+0530: 10677.744: [CMS-concurrent-sweep-start]
2018-03-26T20:04:35.362+0530: 10678.149: [CMS-concurrent-sweep: 0.405/0.405 secs] [Times: user=0.41 sys=0.00, real=0.41 secs] 
2018-03-26T20:04:35.362+0530: 10678.149: [CMS-concurrent-reset-start]
2018-03-26T20:04:35.363+0530: 10678.150: [CMS-concurrent-reset: 0.001/0.001 secs] [Times: user=0.00 sys=0.00, real=0.00 secs] 
2018-03-26T20:04:37.364+0530: 10680.150: [GC (CMS Initial Mark) [1 CMS-initial-mark: 349567K(349568K)] 423519K(506816K), 0.0459932 secs] [Times: user=0.19 sys=0.00, real=0.04 secs] 
2018-03-26T20:04:37.409+0530: 10680.196: [CMS-concurrent-mark-start]
2018-03-26T20:04:38.229+0530: 10681.016: [CMS-concurrent-mark: 0.820/0.820 secs] [Times: user=0.81 sys=0.00, real=0.82 secs] 
2018-03-26T20:04:38.229+0530: 10681.016: [CMS-concurrent-preclean-start]
2018-03-26T20:04:38.231+0530: 10681.018: [CMS-concurrent-preclean: 0.002/0.002 secs] [Times: user=0.00 sys=0.00, real=0.00 secs] 
2018-03-26T20:04:38.231+0530: 10681.018: [CMS-concurrent-abortable-preclean-start]
2018-03-26T20:04:38.231+0530: 10681.018: [CMS-concurrent-abortable-preclean: 0.000/0.000 secs] [Times: user=0.00 sys=0.00, real=0.00 secs] 
2018-03-26T20:04:38.232+0530: 10681.018: [GC (CMS Final Remark) [YG occupancy: 73951 K (157248 K)]2018-03-26T20:04:38.232+0530: 10681.018: [Rescan (parallel) , 0.0542335 secs]2018-03-26T20:04:38.286+0530: 10681.073: [weak refs processing, 0.0000624 secs]2018-03-26T20:04:38.286+0530: 10681.073: [class unloading, 0.0006203 secs]2018-03-26T20:04:38.286+0530: 10681.073: [scrub symbol table, 0.0007264 secs]2018-03-26T20:04:38.287+0530: 10681.074: [scrub string table, 0.0003981 secs][1 CMS-remark: 349567K(349568K)] 423519K(506816K), 0.0563273 secs] [Times: user=0.20 sys=0.00, real=0.06 secs] 
2018-03-26T20:04:38.288+0530: 10681.075: [CMS-concurrent-sweep-start]
2018-03-26T20:04:38.806+0530: 10681.593: [CMS-concurrent-sweep: 0.518/0.518 secs] [Times: user=0.52 sys=0.00, real=0.52 secs] 
2018-03-26T20:04:38.806+0530: 10681.593: [CMS-concurrent-reset-start]
2018-03-26T20:04:38.807+0530: 10681.594: [CMS-concurrent-reset: 0.001/0.001 secs] [Times: user=0.00 sys=0.00, real=0.00 secs] 
2018-03-26T20:04:40.807+0530: 10683.594: [GC (CMS Initial Mark) [1 CMS-initial-mark: 349567K(349568K)] 423519K(506816K), 0.0504069 secs] [Times: user=0.19 sys=0.00, real=0.05 secs] 
2018-03-26T20:04:40.858+0530: 10683.644: [CMS-concurrent-mark-start]
2018-03-26T20:04:41.704+0530: 10684.491: [CMS-concurrent-mark: 0.847/0.847 secs] [Times: user=0.84 sys=0.00, real=0.85 secs] 
2018-03-26T20:04:41.705+0530: 10684.491: [CMS-concurrent-preclean-start]
2018-03-26T20:04:41.705+0530: 10684.492: [CMS-concurrent-preclean: 0.001/0.001 secs] [Times: user=0.00 sys=0.00, real=0.00 secs] 
2018-03-26T20:04:41.706+0530: 10684.492: [CMS-concurrent-abortable-preclean-start]
2018-03-26T20:04:41.706+0530: 10684.492: [CMS-concurrent-abortable-preclean: 0.000/0.000 secs] [Times: user=0.00 sys=0.00, real=0.00 secs] 
2018-03-26T20:04:41.706+0530: 10684.493: [GC (CMS Final Remark) [YG occupancy: 73951 K (157248 K)]2018-03-26T20:04:41.706+0530: 10684.493: [Rescan (parallel) , 0.0521185 secs]2018-03-26T20:04:41.758+0530: 10684.545: [weak refs processing, 0.0000755 secs]2018-03-26T20:04:41.758+0530: 10684.545: [class unloading, 0.0006506 secs]2018-03-26T20:04:41.759+0530: 10684.546: [scrub symbol table, 0.0007793 secs]2018-03-26T20:04:41.760+0530: 10684.546: [scrub string table, 0.0002387 secs][1 CMS-remark: 349567K(349568K)] 423519K(506816K), 0.0541347 secs] [Times: user=0.23 sys=0.00, real=0.05 secs] 
2018-03-26T20:04:41.760+0530: 10684.547: [CMS-concurrent-sweep-start]
2018-03-26T20:04:42.122+0530: 10684.908: [CMS-concurrent-sweep: 0.362/0.362 secs] [Times: user=0.36 sys=0.00, real=0.36 secs] 
2018-03-26T20:04:42.122+0530: 10684.908: [CMS-concurrent-reset-start]
2018-03-26T20:04:42.122+0530: 10684.909: [CMS-concurrent-reset: 0.001/0.001 secs] [Times: user=0.00 sys=0.00, real=0.00 secs] 
2018-03-26T20:04:44.123+0530: 10686.909: [GC (CMS Initial Mark) [1 CMS-initial-mark: 349567K(349568K)] 423519K(506816K), 0.0495574 secs] [Times: user=0.19 sys=0.00, real=0.05 secs] 
2018-03-26T20:04:44.171+0530: 10686.959: [CMS-concurrent-mark-start]
2018-03-26T20:04:45.008+0530: 10687.795: [CMS-concurrent-mark: 0.836/0.836 secs] [Times: user=0.84 sys=0.00, real=0.84 secs] 
2018-03-26T20:04:45.008+0530: 10687.795: [CMS-concurrent-preclean-start]
2018-03-26T20:04:45.009+0530: 10687.796: [CMS-concurrent-preclean: 0.001/0.001 secs] [Times: user=0.00 sys=0.00, real=0.00 secs] 
2018-03-26T20:04:45.009+0530: 10687.796: [CMS-concurrent-abortable-preclean-start]
2018-03-26T20:04:45.009+0530: 10687.796: [CMS-concurrent-abortable-preclean: 0.000/0.000 secs] [Times: user=0.00 sys=0.00, real=0.00 secs] 
2018-03-26T20:04:45.010+0530: 10687.796: [GC (CMS Final Remark) [YG occupancy: 73951 K (157248 K)]2018-03-26T20:04:45.010+0530: 10687.796: [Rescan (parallel) , 0.0524411 secs]2018-03-26T20:04:45.062+0530: 10687.849: [weak refs processing, 0.0000416 secs]2018-03-26T20:04:45.062+0530: 10687.849: [class unloading, 0.0003865 secs]2018-03-26T20:04:45.063+0530: 10687.849: [scrub symbol table, 0.0006894 secs]2018-03-26T20:04:45.063+0530: 10687.850: [scrub string table, 0.0002419 secs][1 CMS-remark: 349567K(349568K)] 423519K(506816K), 0.0540328 secs] [Times: user=0.19 sys=0.00, real=0.05 secs] 
2018-03-26T20:04:45.064+0530: 10687.851: [CMS-concurrent-sweep-start]
2018-03-26T20:04:45.421+0530: 10688.208: [CMS-concurrent-sweep: 0.357/0.357 secs] [Times: user=0.36 sys=0.00, real=0.36 secs] 
2018-03-26T20:04:45.421+0530: 10688.208: [CMS-concurrent-reset-start]
2018-03-26T20:04:45.422+0530: 10688.209: [CMS-concurrent-reset: 0.001/0.001 secs] [Times: user=0.00 sys=0.00, real=0.00 secs] 
2018-03-26T20:04:47.422+0530: 10690.209: [GC (CMS Initial Mark) [1 CMS-initial-mark: 349567K(349568K)] 423519K(506816K), 0.0456511 secs] [Times: user=0.19 sys=0.00, real=0.05 secs] 
2018-03-26T20:04:47.468+0530: 10690.255: [CMS-concurrent-mark-start]
2018-03-26T20:04:48.267+0530: 10691.054: [CMS-concurrent-mark: 0.799/0.799 secs] [Times: user=0.80 sys=0.00, real=0.80 secs] 
2018-03-26T20:04:48.267+0530: 10691.054: [CMS-concurrent-preclean-start]
2018-03-26T20:04:48.268+0530: 10691.055: [CMS-concurrent-preclean: 0.001/0.001 secs] [Times: user=0.00 sys=0.00, real=0.00 secs] 
2018-03-26T20:04:48.268+0530: 10691.055: [CMS-concurrent-abortable-preclean-start]
2018-03-26T20:04:48.268+0530: 10691.055: [CMS-concurrent-abortable-preclean: 0.000/0.000 secs] [Times: user=0.00 sys=0.00, real=0.00 secs] 
2018-03-26T20:04:48.268+0530: 10691.055: [GC (CMS Final Remark) [YG occupancy: 73951 K (157248 K)]2018-03-26T20:04:48.268+0530: 10691.055: [Rescan (parallel) , 0.0520582 secs]2018-03-26T20:04:48.320+0530: 10691.107: [weak refs processing, 0.0000494 secs]2018-03-26T20:04:48.320+0530: 10691.107: [class unloading, 0.0003886 secs]2018-03-26T20:04:48.321+0530: 10691.108: [scrub symbol table, 0.0007063 secs]2018-03-26T20:04:48.322+0530: 10691.108: [scrub string table, 0.0002377 secs][1 CMS-remark: 349567K(349568K)] 423519K(506816K), 0.0536520 secs] [Times: user=0.25 sys=0.00, real=0.05 secs] 
2018-03-26T20:04:48.322+0530: 10691.109: [CMS-concurrent-sweep-start]
2018-03-26T20:04:48.678+0530: 10691.465: [CMS-concurrent-sweep: 0.356/0.356 secs] [Times: user=0.36 sys=0.00, real=0.36 secs] 
2018-03-26T20:04:48.678+0530: 10691.465: [CMS-concurrent-reset-start]
2018-03-26T20:04:48.679+0530: 10691.466: [CMS-concurrent-reset: 0.001/0.001 secs] [Times: user=0.00 sys=0.00, real=0.00 secs] 
2018-03-26T20:04:50.679+0530: 10693.466: [GC (CMS Initial Mark) [1 CMS-initial-mark: 349567K(349568K)] 423519K(506816K), 0.0454868 secs] [Times: user=0.14 sys=0.00, real=0.05 secs] 
2018-03-26T20:04:50.724+0530: 10693.511: [CMS-concurrent-mark-start]
2018-03-26T20:04:51.530+0530: 10694.317: [CMS-concurrent-mark: 0.806/0.806 secs] [Times: user=0.80 sys=0.00, real=0.81 secs] 
2018-03-26T20:04:51.530+0530: 10694.317: [CMS-concurrent-preclean-start]
2018-03-26T20:04:51.531+0530: 10694.318: [CMS-concurrent-preclean: 0.001/0.001 secs] [Times: user=0.00 sys=0.00, real=0.00 secs] 
2018-03-26T20:04:51.531+0530: 10694.318: [CMS-concurrent-abortable-preclean-start]
2018-03-26T20:04:51.531+0530: 10694.318: [CMS-concurrent-abortable-preclean: 0.000/0.000 secs] [Times: user=0.00 sys=0.00, real=0.00 secs] 
2018-03-26T20:04:51.532+0530: 10694.318: [GC (CMS Final Remark) [YG occupancy: 73951 K (157248 K)]2018-03-26T20:04:51.532+0530: 10694.319: [Rescan (parallel) , 0.0501653 secs]2018-03-26T20:04:51.582+0530: 10694.369: [weak refs processing, 0.0000395 secs]2018-03-26T20:04:51.582+0530: 10694.369: [class unloading, 0.0003667 secs]2018-03-26T20:04:51.582+0530: 10694.369: [scrub symbol table, 0.0007193 secs]2018-03-26T20:04:51.583+0530: 10694.370: [scrub string table, 0.0002405 secs][1 CMS-remark: 349567K(349568K)] 423519K(506816K), 0.0517468 secs] [Times: user=0.20 sys=0.00, real=0.05 secs] 
2018-03-26T20:04:51.584+0530: 10694.370: [CMS-concurrent-sweep-start]
2018-03-26T20:04:51.976+0530: 10694.762: [CMS-concurrent-sweep: 0.392/0.392 secs] [Times: user=0.39 sys=0.00, real=0.39 secs] 
2018-03-26T20:04:51.976+0530: 10694.762: [CMS-concurrent-reset-start]
2018-03-26T20:04:51.976+0530: 10694.763: [CMS-concurrent-reset: 0.001/0.001 secs] [Times: user=0.00 sys=0.00, real=0.00 secs] 
2018-03-26T20:04:53.976+0530: 10696.763: [GC (CMS Initial Mark) [1 CMS-initial-mark: 349567K(349568K)] 423519K(506816K), 0.0518501 secs] [Times: user=0.19 sys=0.00, real=0.05 secs] 
2018-03-26T20:04:54.028+0530: 10696.815: [CMS-concurrent-mark-start]
2018-03-26T20:04:54.932+0530: 10697.719: [CMS-concurrent-mark: 0.904/0.904 secs] [Times: user=0.91 sys=0.00, real=0.90 secs] 
2018-03-26T20:04:54.932+0530: 10697.719: [CMS-concurrent-preclean-start]
2018-03-26T20:04:54.933+0530: 10697.720: [CMS-concurrent-preclean: 0.001/0.001 secs] [Times: user=0.00 sys=0.00, real=0.00 secs] 
2018-03-26T20:04:54.933+0530: 10697.720: [CMS-concurrent-abortable-preclean-start]
2018-03-26T20:04:54.933+0530: 10697.720: [CMS-concurrent-abortable-preclean: 0.000/0.000 secs] [Times: user=0.00 sys=0.00, real=0.00 secs] 
2018-03-26T20:04:54.934+0530: 10697.720: [GC (CMS Final Remark) [YG occupancy: 73951 K (157248 K)]2018-03-26T20:04:54.934+0530: 10697.720: [Rescan (parallel) , 0.0545723 secs]2018-03-26T20:04:54.988+0530: 10697.775: [weak refs processing, 0.0000465 secs]2018-03-26T20:04:54.988+0530: 10697.775: [class unloading, 0.0004200 secs]2018-03-26T20:04:54.989+0530: 10697.776: [scrub symbol table, 0.0007602 secs]2018-03-26T20:04:54.990+0530: 10697.776: [scrub string table, 0.0002641 secs][1 CMS-remark: 349567K(349568K)] 423519K(506816K), 0.0563093 secs] [Times: user=0.19 sys=0.00, real=0.06 secs] 
2018-03-26T20:04:54.990+0530: 10697.777: [CMS-concurrent-sweep-start]
2018-03-26T20:04:55.361+0530: 10698.147: [CMS-concurrent-sweep: 0.371/0.371 secs] [Times: user=0.36 sys=0.00, real=0.37 secs] 
2018-03-26T20:04:55.361+0530: 10698.148: [CMS-concurrent-reset-start]
2018-03-26T20:04:55.361+0530: 10698.148: [CMS-concurrent-reset: 0.001/0.001 secs] [Times: user=0.00 sys=0.00, real=0.00 secs] 
2018-03-26T20:04:57.361+0530: 10700.148: [GC (CMS Initial Mark) [1 CMS-initial-mark: 349567K(349568K)] 423519K(506816K), 0.0567483 secs] [Times: user=0.24 sys=0.00, real=0.06 secs] 
2018-03-26T20:04:57.417+0530: 10700.204: [CMS-concurrent-mark-start]
2018-03-26T20:04:58.479+0530: 10701.266: [CMS-concurrent-mark: 1.062/1.062 secs] [Times: user=1.06 sys=0.00, real=1.06 secs] 
2018-03-26T20:04:58.480+0530: 10701.266: [CMS-concurrent-preclean-start]
2018-03-26T20:04:58.481+0530: 10701.268: [CMS-concurrent-preclean: 0.001/0.001 secs] [Times: user=0.00 sys=0.00, real=0.00 secs] 
2018-03-26T20:04:58.481+0530: 10701.268: [CMS-concurrent-abortable-preclean-start]
2018-03-26T20:04:58.481+0530: 10701.268: [CMS-concurrent-abortable-preclean: 0.000/0.000 secs] [Times: user=0.00 sys=0.00, real=0.00 secs] 
2018-03-26T20:04:58.481+0530: 10701.268: [GC (CMS Final Remark) [YG occupancy: 73951 K (157248 K)]2018-03-26T20:04:58.481+0530: 10701.268: [Rescan (parallel) , 0.0603454 secs]2018-03-26T20:04:58.542+0530: 10701.328: [weak refs processing, 0.0000571 secs]2018-03-26T20:04:58.542+0530: 10701.328: [class unloading, 0.0004186 secs]2018-03-26T20:04:58.542+0530: 10701.329: [scrub symbol table, 0.0008043 secs]2018-03-26T20:04:58.543+0530: 10701.330: [scrub string table, 0.0002631 secs][1 CMS-remark: 349567K(349568K)] 423519K(506816K), 0.0621536 secs] [Times: user=0.25 sys=0.00, real=0.06 secs] 
2018-03-26T20:04:58.544+0530: 10701.330: [CMS-concurrent-sweep-start]
2018-03-26T20:04:58.974+0530: 10701.761: [CMS-concurrent-sweep: 0.430/0.430 secs] [Times: user=0.41 sys=0.00, real=0.43 secs] 
2018-03-26T20:04:58.974+0530: 10701.761: [CMS-concurrent-reset-start]
2018-03-26T20:04:58.975+0530: 10701.762: [CMS-concurrent-reset: 0.001/0.001 secs] [Times: user=0.00 sys=0.00, real=0.00 secs] 
2018-03-26T20:05:00.974+0530: 10703.761: [GC (CMS Initial Mark) [1 CMS-initial-mark: 349567K(349568K)] 423519K(506816K), 0.0593598 secs] [Times: user=0.19 sys=0.00, real=0.06 secs] 
2018-03-26T20:05:01.033+0530: 10703.821: [CMS-concurrent-mark-start]
2018-03-26T20:05:02.020+0530: 10704.807: [CMS-concurrent-mark: 0.986/0.986 secs] [Times: user=0.97 sys=0.00, real=0.99 secs] 
2018-03-26T20:05:02.020+0530: 10704.807: [CMS-concurrent-preclean-start]
2018-03-26T20:05:02.021+0530: 10704.808: [CMS-concurrent-preclean: 0.001/0.001 secs] [Times: user=0.01 sys=0.00, real=0.00 secs] 
2018-03-26T20:05:02.021+0530: 10704.808: [CMS-concurrent-abortable-preclean-start]
2018-03-26T20:05:02.021+0530: 10704.808: [CMS-concurrent-abortable-preclean: 0.000/0.000 secs] [Times: user=0.00 sys=0.00, real=0.00 secs] 
2018-03-26T20:05:02.022+0530: 10704.809: [GC (CMS Final Remark) [YG occupancy: 73951 K (157248 K)]2018-03-26T20:05:02.022+0530: 10704.809: [Rescan (parallel) , 0.0542776 secs]2018-03-26T20:05:02.076+0530: 10704.863: [weak refs processing, 0.0000402 secs]2018-03-26T20:05:02.076+0530: 10704.863: [class unloading, 0.0003974 secs]2018-03-26T20:05:02.076+0530: 10704.863: [scrub symbol table, 0.0007310 secs]2018-03-26T20:05:02.077+0530: 10704.864: [scrub string table, 0.0002899 secs][1 CMS-remark: 349567K(349568K)] 423519K(506816K), 0.0559772 secs] [Times: user=0.19 sys=0.00, real=0.05 secs] 
2018-03-26T20:05:02.078+0530: 10704.865: [CMS-concurrent-sweep-start]
2018-03-26T20:05:02.448+0530: 10705.236: [CMS-concurrent-sweep: 0.371/0.371 secs] [Times: user=0.38 sys=0.00, real=0.37 secs] 
2018-03-26T20:05:02.448+0530: 10705.236: [CMS-concurrent-reset-start]
2018-03-26T20:05:02.449+0530: 10705.237: [CMS-concurrent-reset: 0.001/0.001 secs] [Times: user=0.00 sys=0.00, real=0.00 secs] 
2018-03-26T20:05:04.450+0530: 10707.237: [GC (CMS Initial Mark) [1 CMS-initial-mark: 349567K(349568K)] 423519K(506816K), 0.0529810 secs] [Times: user=0.14 sys=0.00, real=0.05 secs] 
2018-03-26T20:05:04.503+0530: 10707.290: [CMS-concurrent-mark-start]
2018-03-26T20:05:05.545+0530: 10708.332: [CMS-concurrent-mark: 1.042/1.042 secs] [Times: user=1.03 sys=0.00, real=1.04 secs] 
2018-03-26T20:05:05.545+0530: 10708.332: [CMS-concurrent-preclean-start]
2018-03-26T20:05:05.546+0530: 10708.333: [CMS-concurrent-preclean: 0.001/0.001 secs] [Times: user=0.00 sys=0.00, real=0.00 secs] 
2018-03-26T20:05:05.546+0530: 10708.333: [CMS-concurrent-abortable-preclean-start]
2018-03-26T20:05:05.546+0530: 10708.333: [CMS-concurrent-abortable-preclean: 0.000/0.000 secs] [Times: user=0.00 sys=0.00, real=0.00 secs] 
2018-03-26T20:05:05.547+0530: 10708.333: [GC (CMS Final Remark) [YG occupancy: 73951 K (157248 K)]2018-03-26T20:05:05.547+0530: 10708.334: [Rescan (parallel) , 0.0489957 secs]2018-03-26T20:05:05.596+0530: 10708.383: [weak refs processing, 0.0000367 secs]2018-03-26T20:05:05.596+0530: 10708.383: [class unloading, 0.0003621 secs]2018-03-26T20:05:05.596+0530: 10708.383: [scrub symbol table, 0.0006763 secs]2018-03-26T20:05:05.597+0530: 10708.384: [scrub string table, 0.0002303 secs][1 CMS-remark: 349567K(349568K)] 423519K(506816K), 0.0505377 secs] [Times: user=0.19 sys=0.00, real=0.05 secs] 
2018-03-26T20:05:05.598+0530: 10708.384: [CMS-concurrent-sweep-start]
2018-03-26T20:05:05.959+0530: 10708.746: [CMS-concurrent-sweep: 0.362/0.362 secs] [Times: user=0.34 sys=0.00, real=0.36 secs] 
2018-03-26T20:05:05.959+0530: 10708.746: [CMS-concurrent-reset-start]
2018-03-26T20:05:05.960+0530: 10708.747: [CMS-concurrent-reset: 0.001/0.001 secs] [Times: user=0.00 sys=0.00, real=0.00 secs] 
2018-03-26T20:05:07.960+0530: 10710.747: [GC (CMS Initial Mark) [1 CMS-initial-mark: 349567K(349568K)] 423519K(506816K), 0.0610425 secs] [Times: user=0.17 sys=0.00, real=0.06 secs] 
2018-03-26T20:05:08.021+0530: 10710.808: [CMS-concurrent-mark-start]
2018-03-26T20:05:09.463+0530: 10712.250: [CMS-concurrent-mark: 1.441/1.441 secs] [Times: user=1.39 sys=0.00, real=1.44 secs] 
2018-03-26T20:05:09.463+0530: 10712.250: [CMS-concurrent-preclean-start]
2018-03-26T20:05:09.464+0530: 10712.251: [CMS-concurrent-preclean: 0.001/0.001 secs] [Times: user=0.00 sys=0.00, real=0.00 secs] 
2018-03-26T20:05:09.464+0530: 10712.251: [CMS-concurrent-abortable-preclean-start]
2018-03-26T20:05:09.464+0530: 10712.251: [CMS-concurrent-abortable-preclean: 0.000/0.000 secs] [Times: user=0.00 sys=0.00, real=0.00 secs] 
2018-03-26T20:05:09.464+0530: 10712.251: [GC (CMS Final Remark) [YG occupancy: 73951 K (157248 K)]2018-03-26T20:05:09.464+0530: 10712.251: [Rescan (parallel) , 0.0616222 secs]2018-03-26T20:05:09.526+0530: 10712.313: [weak refs processing, 0.0000804 secs]2018-03-26T20:05:09.527+0530: 10712.313: [class unloading, 0.0005219 secs]2018-03-26T20:05:09.527+0530: 10712.314: [scrub symbol table, 0.0009090 secs]2018-03-26T20:05:09.528+0530: 10712.315: [scrub string table, 0.0002966 secs][1 CMS-remark: 349567K(349568K)] 423519K(506816K), 0.0637778 secs] [Times: user=0.25 sys=0.00, real=0.06 secs] 
2018-03-26T20:05:09.529+0530: 10712.315: [CMS-concurrent-sweep-start]
2018-03-26T20:05:10.011+0530: 10712.798: [CMS-concurrent-sweep: 0.482/0.482 secs] [Times: user=0.48 sys=0.00, real=0.48 secs] 
2018-03-26T20:05:10.011+0530: 10712.798: [CMS-concurrent-reset-start]
2018-03-26T20:05:10.012+0530: 10712.799: [CMS-concurrent-reset: 0.001/0.001 secs] [Times: user=0.00 sys=0.00, real=0.00 secs] 
2018-03-26T20:05:12.013+0530: 10714.800: [GC (CMS Initial Mark) [1 CMS-initial-mark: 349567K(349568K)] 423519K(506816K), 0.0482989 secs] [Times: user=0.14 sys=0.00, real=0.05 secs] 
2018-03-26T20:05:12.061+0530: 10714.848: [CMS-concurrent-mark-start]
2018-03-26T20:05:13.102+0530: 10715.889: [CMS-concurrent-mark: 1.040/1.040 secs] [Times: user=1.03 sys=0.00, real=1.04 secs] 
2018-03-26T20:05:13.102+0530: 10715.889: [CMS-concurrent-preclean-start]
2018-03-26T20:05:13.103+0530: 10715.890: [CMS-concurrent-preclean: 0.001/0.001 secs] [Times: user=0.00 sys=0.00, real=0.00 secs] 
2018-03-26T20:05:13.103+0530: 10715.890: [CMS-concurrent-abortable-preclean-start]
2018-03-26T20:05:13.103+0530: 10715.890: [CMS-concurrent-abortable-preclean: 0.000/0.000 secs] [Times: user=0.00 sys=0.00, real=0.00 secs] 
2018-03-26T20:05:13.104+0530: 10715.890: [GC (CMS Final Remark) [YG occupancy: 73951 K (157248 K)]2018-03-26T20:05:13.104+0530: 10715.890: [Rescan (parallel) , 0.0552966 secs]2018-03-26T20:05:13.159+0530: 10715.946: [weak refs processing, 0.0000402 secs]2018-03-26T20:05:13.159+0530: 10715.946: [class unloading, 0.0004323 secs]2018-03-26T20:05:13.160+0530: 10715.946: [scrub symbol table, 0.0007860 secs]2018-03-26T20:05:13.160+0530: 10715.947: [scrub string table, 0.0003018 secs][1 CMS-remark: 349567K(349568K)] 423519K(506816K), 0.0571193 secs] [Times: user=0.19 sys=0.00, real=0.06 secs] 
2018-03-26T20:05:13.161+0530: 10715.948: [CMS-concurrent-sweep-start]
2018-03-26T20:05:13.811+0530: 10716.598: [CMS-concurrent-sweep: 0.650/0.650 secs] [Times: user=0.61 sys=0.00, real=0.65 secs] 
2018-03-26T20:05:13.811+0530: 10716.598: [CMS-concurrent-reset-start]
2018-03-26T20:05:13.812+0530: 10716.599: [CMS-concurrent-reset: 0.001/0.001 secs] [Times: user=0.00 sys=0.00, real=0.00 secs] 
2018-03-26T20:05:15.812+0530: 10718.600: [GC (CMS Initial Mark) [1 CMS-initial-mark: 349567K(349568K)] 423519K(506816K), 0.0541541 secs] [Times: user=0.20 sys=0.00, real=0.06 secs] 
2018-03-26T20:05:15.867+0530: 10718.654: [CMS-concurrent-mark-start]
2018-03-26T20:05:16.868+0530: 10719.655: [CMS-concurrent-mark: 1.001/1.001 secs] [Times: user=1.00 sys=0.00, real=1.00 secs] 
2018-03-26T20:05:16.869+0530: 10719.655: [CMS-concurrent-preclean-start]
2018-03-26T20:05:16.871+0530: 10719.657: [CMS-concurrent-preclean: 0.002/0.002 secs] [Times: user=0.00 sys=0.00, real=0.00 secs] 
2018-03-26T20:05:16.871+0530: 10719.658: [CMS-concurrent-abortable-preclean-start]
2018-03-26T20:05:16.871+0530: 10719.658: [CMS-concurrent-abortable-preclean: 0.000/0.000 secs] [Times: user=0.00 sys=0.00, real=0.00 secs] 
2018-03-26T20:05:16.872+0530: 10719.658: [GC (CMS Final Remark) [YG occupancy: 73951 K (157248 K)]2018-03-26T20:05:16.872+0530: 10719.658: [Rescan (parallel) , 0.0759138 secs]2018-03-26T20:05:16.947+0530: 10719.734: [weak refs processing, 0.0000977 secs]2018-03-26T20:05:16.948+0530: 10719.734: [class unloading, 0.0007475 secs]2018-03-26T20:05:16.948+0530: 10719.735: [scrub symbol table, 0.0011714 secs]2018-03-26T20:05:16.951+0530: 10719.738: [scrub string table, 0.0005702 secs][1 CMS-remark: 349567K(349568K)] 423519K(506816K), 0.0801882 secs] [Times: user=0.28 sys=0.00, real=0.08 secs] 
2018-03-26T20:05:16.952+0530: 10719.739: [CMS-concurrent-sweep-start]
2018-03-26T20:05:17.531+0530: 10720.318: [CMS-concurrent-sweep: 0.579/0.579 secs] [Times: user=0.53 sys=0.00, real=0.58 secs] 
2018-03-26T20:05:17.531+0530: 10720.318: [CMS-concurrent-reset-start]
2018-03-26T20:05:17.532+0530: 10720.319: [CMS-concurrent-reset: 0.001/0.001 secs] [Times: user=0.00 sys=0.00, real=0.00 secs] 
2018-03-26T20:05:19.532+0530: 10722.319: [GC (CMS Initial Mark) [1 CMS-initial-mark: 349567K(349568K)] 423519K(506816K), 0.0565435 secs] [Times: user=0.20 sys=0.02, real=0.06 secs] 
2018-03-26T20:05:19.589+0530: 10722.376: [CMS-concurrent-mark-start]
2018-03-26T20:05:21.182+0530: 10723.969: [CMS-concurrent-mark: 1.593/1.593 secs] [Times: user=1.58 sys=0.00, real=1.59 secs] 
2018-03-26T20:05:21.183+0530: 10723.969: [CMS-concurrent-preclean-start]
2018-03-26T20:05:21.184+0530: 10723.971: [CMS-concurrent-preclean: 0.002/0.002 secs] [Times: user=0.00 sys=0.00, real=0.00 secs] 
2018-03-26T20:05:21.184+0530: 10723.971: [CMS-concurrent-abortable-preclean-start]
2018-03-26T20:05:21.184+0530: 10723.971: [CMS-concurrent-abortable-preclean: 0.000/0.000 secs] [Times: user=0.00 sys=0.00, real=0.00 secs] 
2018-03-26T20:05:21.185+0530: 10723.971: [GC (CMS Final Remark) [YG occupancy: 73951 K (157248 K)]2018-03-26T20:05:21.185+0530: 10723.971: [Rescan (parallel) , 0.0702987 secs]2018-03-26T20:05:21.255+0530: 10724.042: [weak refs processing, 0.0000666 secs]2018-03-26T20:05:21.255+0530: 10724.042: [class unloading, 0.0006354 secs]2018-03-26T20:05:21.256+0530: 10724.043: [scrub symbol table, 0.0010265 secs]2018-03-26T20:05:21.257+0530: 10724.044: [scrub string table, 0.0004154 secs][1 CMS-remark: 349567K(349568K)] 423519K(506816K), 0.0728030 secs] [Times: user=0.19 sys=0.00, real=0.07 secs] 
2018-03-26T20:05:21.258+0530: 10724.044: [CMS-concurrent-sweep-start]
2018-03-26T20:05:21.909+0530: 10724.696: [CMS-concurrent-sweep: 0.652/0.652 secs] [Times: user=0.61 sys=0.00, real=0.65 secs] 
2018-03-26T20:05:21.909+0530: 10724.696: [CMS-concurrent-reset-start]
2018-03-26T20:05:21.910+0530: 10724.697: [CMS-concurrent-reset: 0.001/0.001 secs] [Times: user=0.00 sys=0.00, real=0.00 secs] 
2018-03-26T20:05:23.910+0530: 10726.697: [GC (CMS Initial Mark) [1 CMS-initial-mark: 349567K(349568K)] 423519K(506816K), 0.0771701 secs] [Times: user=0.25 sys=0.00, real=0.08 secs] 
2018-03-26T20:05:23.988+0530: 10726.775: [CMS-concurrent-mark-start]
2018-03-26T20:05:25.761+0530: 10728.548: [CMS-concurrent-mark: 1.773/1.773 secs] [Times: user=1.59 sys=0.00, real=1.77 secs] 
2018-03-26T20:05:25.761+0530: 10728.548: [CMS-concurrent-preclean-start]
2018-03-26T20:05:25.764+0530: 10728.550: [CMS-concurrent-preclean: 0.002/0.002 secs] [Times: user=0.00 sys=0.00, real=0.00 secs] 
2018-03-26T20:05:25.764+0530: 10728.550: [CMS-concurrent-abortable-preclean-start]
2018-03-26T20:05:25.764+0530: 10728.550: [CMS-concurrent-abortable-preclean: 0.000/0.000 secs] [Times: user=0.00 sys=0.00, real=0.00 secs] 
2018-03-26T20:05:25.764+0530: 10728.551: [GC (CMS Final Remark) [YG occupancy: 73951 K (157248 K)]2018-03-26T20:05:25.764+0530: 10728.551: [Rescan (parallel) , 0.0967908 secs]2018-03-26T20:05:25.861+0530: 10728.648: [weak refs processing, 0.0000917 secs]2018-03-26T20:05:25.861+0530: 10728.648: [class unloading, 0.0008480 secs]2018-03-26T20:05:25.862+0530: 10728.649: [scrub symbol table, 0.0012895 secs]2018-03-26T20:05:25.863+0530: 10728.650: [scrub string table, 0.0010035 secs][1 CMS-remark: 349567K(349568K)] 423519K(506816K), 0.1006900 secs] [Times: user=0.31 sys=0.00, real=0.10 secs] 
2018-03-26T20:05:25.865+0530: 10728.652: [CMS-concurrent-sweep-start]
2018-03-26T20:05:26.388+0530: 10729.176: [CMS-concurrent-sweep: 0.524/0.524 secs] [Times: user=0.52 sys=0.00, real=0.52 secs] 
2018-03-26T20:05:26.389+0530: 10729.176: [CMS-concurrent-reset-start]
2018-03-26T20:05:26.390+0530: 10729.177: [CMS-concurrent-reset: 0.001/0.001 secs] [Times: user=0.00 sys=0.00, real=0.00 secs] 
2018-03-26T20:05:28.391+0530: 10731.177: [GC (CMS Initial Mark) [1 CMS-initial-mark: 349567K(349568K)] 423519K(506816K), 0.0560082 secs] [Times: user=0.23 sys=0.00, real=0.06 secs] 
2018-03-26T20:05:28.447+0530: 10731.234: [CMS-concurrent-mark-start]
2018-03-26T20:05:29.399+0530: 10732.185: [CMS-concurrent-mark: 0.952/0.952 secs] [Times: user=0.94 sys=0.00, real=0.95 secs] 
2018-03-26T20:05:29.399+0530: 10732.186: [CMS-concurrent-preclean-start]
2018-03-26T20:05:29.400+0530: 10732.187: [CMS-concurrent-preclean: 0.001/0.001 secs] [Times: user=0.00 sys=0.00, real=0.00 secs] 
2018-03-26T20:05:29.400+0530: 10732.187: [CMS-concurrent-abortable-preclean-start]
2018-03-26T20:05:29.400+0530: 10732.187: [CMS-concurrent-abortable-preclean: 0.000/0.000 secs] [Times: user=0.00 sys=0.00, real=0.00 secs] 
2018-03-26T20:05:29.400+0530: 10732.187: [GC (CMS Final Remark) [YG occupancy: 73951 K (157248 K)]2018-03-26T20:05:29.400+0530: 10732.187: [Rescan (parallel) , 0.0534866 secs]2018-03-26T20:05:29.454+0530: 10732.240: [weak refs processing, 0.0000448 secs]2018-03-26T20:05:29.454+0530: 10732.241: [class unloading, 0.0003784 secs]2018-03-26T20:05:29.454+0530: 10732.241: [scrub symbol table, 0.0007236 secs]2018-03-26T20:05:29.455+0530: 10732.242: [scrub string table, 0.0002366 secs][1 CMS-remark: 349567K(349568K)] 423519K(506816K), 0.0551133 secs] [Times: user=0.19 sys=0.00, real=0.05 secs] 
2018-03-26T20:05:29.455+0530: 10732.242: [CMS-concurrent-sweep-start]
2018-03-26T20:05:29.833+0530: 10732.620: [CMS-concurrent-sweep: 0.378/0.378 secs] [Times: user=0.39 sys=0.00, real=0.38 secs] 
2018-03-26T20:05:29.833+0530: 10732.620: [CMS-concurrent-reset-start]
2018-03-26T20:05:29.834+0530: 10732.621: [CMS-concurrent-reset: 0.001/0.001 secs] [Times: user=0.00 sys=0.00, real=0.00 secs] 
2018-03-26T20:05:31.834+0530: 10734.621: [GC (CMS Initial Mark) [1 CMS-initial-mark: 349567K(349568K)] 423519K(506816K), 0.0476857 secs] [Times: user=0.14 sys=0.00, real=0.05 secs] 
2018-03-26T20:05:31.882+0530: 10734.668: [CMS-concurrent-mark-start]
2018-03-26T20:05:32.761+0530: 10735.548: [CMS-concurrent-mark: 0.880/0.880 secs] [Times: user=0.88 sys=0.00, real=0.88 secs] 
2018-03-26T20:05:32.761+0530: 10735.548: [CMS-concurrent-preclean-start]
2018-03-26T20:05:32.762+0530: 10735.549: [CMS-concurrent-preclean: 0.001/0.001 secs] [Times: user=0.00 sys=0.00, real=0.00 secs] 
2018-03-26T20:05:32.762+0530: 10735.549: [CMS-concurrent-abortable-preclean-start]
2018-03-26T20:05:32.762+0530: 10735.550: [CMS-concurrent-abortable-preclean: 0.000/0.000 secs] [Times: user=0.00 sys=0.00, real=0.00 secs] 
2018-03-26T20:05:32.763+0530: 10735.550: [GC (CMS Final Remark) [YG occupancy: 73951 K (157248 K)]2018-03-26T20:05:32.763+0530: 10735.550: [Rescan (parallel) , 0.0513755 secs]2018-03-26T20:05:32.815+0530: 10735.601: [weak refs processing, 0.0000465 secs]2018-03-26T20:05:32.815+0530: 10735.601: [class unloading, 0.0007430 secs]2018-03-26T20:05:32.815+0530: 10735.602: [scrub symbol table, 0.0007447 secs]2018-03-26T20:05:32.816+0530: 10735.603: [scrub string table, 0.0002380 secs][1 CMS-remark: 349567K(349568K)] 423519K(506816K), 0.0533720 secs] [Times: user=0.19 sys=0.00, real=0.05 secs] 
2018-03-26T20:05:32.817+0530: 10735.603: [CMS-concurrent-sweep-start]
2018-03-26T20:05:33.190+0530: 10735.976: [CMS-concurrent-sweep: 0.373/0.373 secs] [Times: user=0.38 sys=0.00, real=0.37 secs] 
2018-03-26T20:05:33.190+0530: 10735.976: [CMS-concurrent-reset-start]
2018-03-26T20:05:33.190+0530: 10735.977: [CMS-concurrent-reset: 0.001/0.001 secs] [Times: user=0.00 sys=0.00, real=0.00 secs] 
2018-03-26T20:05:35.190+0530: 10737.977: [GC (CMS Initial Mark) [1 CMS-initial-mark: 349567K(349568K)] 423519K(506816K), 0.0526619 secs] [Times: user=0.24 sys=0.00, real=0.05 secs] 
2018-03-26T20:05:35.243+0530: 10738.030: [CMS-concurrent-mark-start]
2018-03-26T20:05:36.466+0530: 10739.253: [CMS-concurrent-mark: 1.224/1.224 secs] [Times: user=1.20 sys=0.00, real=1.22 secs] 
2018-03-26T20:05:36.467+0530: 10739.254: [CMS-concurrent-preclean-start]
2018-03-26T20:05:36.468+0530: 10739.255: [CMS-concurrent-preclean: 0.001/0.001 secs] [Times: user=0.00 sys=0.00, real=0.00 secs] 
2018-03-26T20:05:36.468+0530: 10739.255: [CMS-concurrent-abortable-preclean-start]
2018-03-26T20:05:36.468+0530: 10739.255: [CMS-concurrent-abortable-preclean: 0.000/0.000 secs] [Times: user=0.00 sys=0.00, real=0.00 secs] 
2018-03-26T20:05:36.468+0530: 10739.255: [GC (CMS Final Remark) [YG occupancy: 73951 K (157248 K)]2018-03-26T20:05:36.468+0530: 10739.255: [Rescan (parallel) , 0.0618246 secs]2018-03-26T20:05:36.530+0530: 10739.317: [weak refs processing, 0.0000483 secs]2018-03-26T20:05:36.530+0530: 10739.317: [class unloading, 0.0004856 secs]2018-03-26T20:05:36.531+0530: 10739.318: [scrub symbol table, 0.0009566 secs]2018-03-26T20:05:36.532+0530: 10739.319: [scrub string table, 0.0003579 secs][1 CMS-remark: 349567K(349568K)] 423519K(506816K), 0.0639530 secs] [Times: user=0.23 sys=0.00, real=0.06 secs] 
2018-03-26T20:05:36.532+0530: 10739.319: [CMS-concurrent-sweep-start]
2018-03-26T20:05:36.963+0530: 10739.750: [CMS-concurrent-sweep: 0.431/0.431 secs] [Times: user=0.44 sys=0.00, real=0.43 secs] 
2018-03-26T20:05:36.963+0530: 10739.751: [CMS-concurrent-reset-start]
2018-03-26T20:05:36.964+0530: 10739.752: [CMS-concurrent-reset: 0.001/0.001 secs] [Times: user=0.00 sys=0.00, real=0.00 secs] 
2018-03-26T20:05:38.965+0530: 10741.751: [GC (CMS Initial Mark) [1 CMS-initial-mark: 349567K(349568K)] 423519K(506816K), 0.0741179 secs] [Times: user=0.19 sys=0.00, real=0.07 secs] 
2018-03-26T20:05:39.039+0530: 10741.826: [CMS-concurrent-mark-start]
2018-03-26T20:05:40.266+0530: 10743.052: [CMS-concurrent-mark: 1.227/1.227 secs] [Times: user=1.20 sys=0.00, real=1.23 secs] 
2018-03-26T20:05:40.266+0530: 10743.052: [CMS-concurrent-preclean-start]
2018-03-26T20:05:40.267+0530: 10743.054: [CMS-concurrent-preclean: 0.001/0.001 secs] [Times: user=0.00 sys=0.00, real=0.00 secs] 
2018-03-26T20:05:40.267+0530: 10743.054: [CMS-concurrent-abortable-preclean-start]
2018-03-26T20:05:40.267+0530: 10743.054: [CMS-concurrent-abortable-preclean: 0.000/0.000 secs] [Times: user=0.00 sys=0.00, real=0.00 secs] 
2018-03-26T20:05:40.268+0530: 10743.054: [GC (CMS Final Remark) [YG occupancy: 73951 K (157248 K)]2018-03-26T20:05:40.268+0530: 10743.054: [Rescan (parallel) , 0.0759592 secs]2018-03-26T20:05:40.344+0530: 10743.130: [weak refs processing, 0.0000744 secs]2018-03-26T20:05:40.344+0530: 10743.131: [class unloading, 0.0005892 secs]2018-03-26T20:05:40.345+0530: 10743.131: [scrub symbol table, 0.0009020 secs]2018-03-26T20:05:40.345+0530: 10743.132: [scrub string table, 0.0003096 secs][1 CMS-remark: 349567K(349568K)] 423519K(506816K), 0.0781765 secs] [Times: user=0.25 sys=0.00, real=0.08 secs] 
2018-03-26T20:05:40.346+0530: 10743.133: [CMS-concurrent-sweep-start]
2018-03-26T20:05:40.947+0530: 10743.734: [CMS-concurrent-sweep: 0.601/0.601 secs] [Times: user=0.61 sys=0.00, real=0.60 secs] 
2018-03-26T20:05:40.948+0530: 10743.734: [CMS-concurrent-reset-start]
2018-03-26T20:05:40.949+0530: 10743.735: [CMS-concurrent-reset: 0.001/0.001 secs] [Times: user=0.00 sys=0.00, real=0.00 secs] 
2018-03-26T20:05:42.948+0530: 10745.735: [GC (CMS Initial Mark) [1 CMS-initial-mark: 349567K(349568K)] 423519K(506816K), 0.0583510 secs] [Times: user=0.22 sys=0.00, real=0.06 secs] 
2018-03-26T20:05:43.006+0530: 10745.793: [CMS-concurrent-mark-start]
2018-03-26T20:05:44.036+0530: 10746.823: [CMS-concurrent-mark: 1.030/1.030 secs] [Times: user=1.01 sys=0.02, real=1.03 secs] 
2018-03-26T20:05:44.037+0530: 10746.823: [CMS-concurrent-preclean-start]
2018-03-26T20:05:44.038+0530: 10746.824: [CMS-concurrent-preclean: 0.001/0.001 secs] [Times: user=0.00 sys=0.00, real=0.00 secs] 
2018-03-26T20:05:44.038+0530: 10746.824: [CMS-concurrent-abortable-preclean-start]
2018-03-26T20:05:44.038+0530: 10746.824: [CMS-concurrent-abortable-preclean: 0.000/0.000 secs] [Times: user=0.00 sys=0.00, real=0.00 secs] 
2018-03-26T20:05:44.038+0530: 10746.825: [GC (CMS Final Remark) [YG occupancy: 73951 K (157248 K)]2018-03-26T20:05:44.038+0530: 10746.825: [Rescan (parallel) , 0.0573062 secs]2018-03-26T20:05:44.095+0530: 10746.882: [weak refs processing, 0.0000434 secs]2018-03-26T20:05:44.095+0530: 10746.882: [class unloading, 0.0004365 secs]2018-03-26T20:05:44.096+0530: 10746.883: [scrub symbol table, 0.0008382 secs]2018-03-26T20:05:44.097+0530: 10746.884: [scrub string table, 0.0002779 secs][1 CMS-remark: 349567K(349568K)] 423519K(506816K), 0.0591468 secs] [Times: user=0.17 sys=0.00, real=0.06 secs] 
2018-03-26T20:05:44.098+0530: 10746.884: [CMS-concurrent-sweep-start]
2018-03-26T20:05:44.481+0530: 10747.268: [CMS-concurrent-sweep: 0.383/0.383 secs] [Times: user=0.39 sys=0.00, real=0.38 secs] 
2018-03-26T20:05:44.481+0530: 10747.268: [CMS-concurrent-reset-start]
2018-03-26T20:05:44.482+0530: 10747.269: [CMS-concurrent-reset: 0.001/0.001 secs] [Times: user=0.00 sys=0.00, real=0.00 secs] 
2018-03-26T20:05:46.481+0530: 10749.268: [GC (CMS Initial Mark) [1 CMS-initial-mark: 349567K(349568K)] 423519K(506816K), 0.0296053 secs] [Times: user=0.09 sys=0.00, real=0.03 secs] 
2018-03-26T20:05:46.511+0530: 10749.298: [CMS-concurrent-mark-start]
2018-03-26T20:05:46.817+0530: 10749.604: [CMS-concurrent-mark: 0.306/0.306 secs] [Times: user=0.30 sys=0.00, real=0.31 secs] 
2018-03-26T20:05:46.817+0530: 10749.604: [CMS-concurrent-preclean-start]
2018-03-26T20:05:46.817+0530: 10749.604: [CMS-concurrent-preclean: 0.000/0.000 secs] [Times: user=0.00 sys=0.00, real=0.00 secs] 
2018-03-26T20:05:46.817+0530: 10749.604: [CMS-concurrent-abortable-preclean-start]
2018-03-26T20:05:46.817+0530: 10749.604: [CMS-concurrent-abortable-preclean: 0.000/0.000 secs] [Times: user=0.00 sys=0.00, real=0.00 secs] 
2018-03-26T20:05:46.817+0530: 10749.604: [GC (CMS Final Remark) [YG occupancy: 73951 K (157248 K)]2018-03-26T20:05:46.818+0530: 10749.604: [Rescan (parallel) , 0.0316572 secs]2018-03-26T20:05:46.849+0530: 10749.636: [weak refs processing, 0.0000176 secs]2018-03-26T20:05:46.849+0530: 10749.636: [class unloading, 0.0002927 secs]2018-03-26T20:05:46.849+0530: 10749.636: [scrub symbol table, 0.0004270 secs]2018-03-26T20:05:46.850+0530: 10749.637: [scrub string table, 0.0001199 secs][1 CMS-remark: 349567K(349568K)] 423519K(506816K), 0.0326202 secs] [Times: user=0.11 sys=0.00, real=0.03 secs] 
2018-03-26T20:05:46.850+0530: 10749.637: [CMS-concurrent-sweep-start]
2018-03-26T20:05:47.111+0530: 10749.898: [CMS-concurrent-sweep: 0.261/0.261 secs] [Times: user=0.25 sys=0.00, real=0.26 secs] 
2018-03-26T20:05:47.111+0530: 10749.898: [CMS-concurrent-reset-start]
2018-03-26T20:05:47.112+0530: 10749.899: [CMS-concurrent-reset: 0.001/0.001 secs] [Times: user=0.00 sys=0.00, real=0.00 secs] 
2018-03-26T20:05:49.112+0530: 10751.899: [GC (CMS Initial Mark) [1 CMS-initial-mark: 349567K(349568K)] 423519K(506816K), 0.0192257 secs] [Times: user=0.09 sys=0.00, real=0.03 secs] 
2018-03-26T20:05:49.139+0530: 10751.926: [CMS-concurrent-mark-start]
2018-03-26T20:05:49.865+0530: 10752.652: [CMS-concurrent-mark: 0.726/0.726 secs] [Times: user=0.70 sys=0.00, real=0.73 secs] 
2018-03-26T20:05:49.865+0530: 10752.652: [CMS-concurrent-preclean-start]
2018-03-26T20:05:49.866+0530: 10752.653: [CMS-concurrent-preclean: 0.001/0.001 secs] [Times: user=0.00 sys=0.00, real=0.00 secs] 
2018-03-26T20:05:49.866+0530: 10752.653: [CMS-concurrent-abortable-preclean-start]
2018-03-26T20:05:49.866+0530: 10752.653: [CMS-concurrent-abortable-preclean: 0.000/0.000 secs] [Times: user=0.00 sys=0.00, real=0.00 secs] 
2018-03-26T20:05:49.866+0530: 10752.653: [GC (CMS Final Remark) [YG occupancy: 73951 K (157248 K)]2018-03-26T20:05:49.866+0530: 10752.653: [Rescan (parallel) , 0.0190388 secs]2018-03-26T20:05:49.885+0530: 10752.672: [weak refs processing, 0.0000257 secs]2018-03-26T20:05:49.885+0530: 10752.672: [class unloading, 0.0004894 secs]2018-03-26T20:05:49.885+0530: 10752.672: [scrub symbol table, 0.0005684 secs]2018-03-26T20:05:49.886+0530: 10752.673: [scrub string table, 0.0002077 secs][1 CMS-remark: 349567K(349568K)] 423519K(506816K), 0.0204800 secs] [Times: user=0.06 sys=0.00, real=0.02 secs] 
2018-03-26T20:05:49.886+0530: 10752.673: [CMS-concurrent-sweep-start]
2018-03-26T20:05:50.134+0530: 10752.921: [CMS-concurrent-sweep: 0.248/0.248 secs] [Times: user=0.25 sys=0.00, real=0.25 secs] 
2018-03-26T20:05:50.134+0530: 10752.921: [CMS-concurrent-reset-start]
2018-03-26T20:05:50.135+0530: 10752.922: [CMS-concurrent-reset: 0.001/0.001 secs] [Times: user=0.00 sys=0.00, real=0.00 secs] 
2018-03-26T20:05:52.135+0530: 10754.921: [GC (CMS Initial Mark) [1 CMS-initial-mark: 349567K(349568K)] 423519K(506816K), 2110.8881705 secs] [Times: user=0.52 sys=0.02, real=2105.89 secs] 
2018-03-26T20:40:58.022+0530: 12865.945: [CMS-concurrent-mark-start]
2018-03-26T20:41:01.139+0530: 12869.061: [CMS-concurrent-mark: 3.117/3.117 secs] [Times: user=2.89 sys=0.03, real=3.12 secs] 
2018-03-26T20:41:01.139+0530: 12869.061: [CMS-concurrent-preclean-start]
2018-03-26T20:41:01.141+0530: 12869.063: [CMS-concurrent-preclean: 0.002/0.002 secs] [Times: user=0.00 sys=0.00, real=0.00 secs] 
2018-03-26T20:41:01.142+0530: 12869.063: [CMS-concurrent-abortable-preclean-start]
2018-03-26T20:41:01.142+0530: 12869.064: [CMS-concurrent-abortable-preclean: 0.000/0.000 secs] [Times: user=0.00 sys=0.00, real=0.00 secs] 
2018-03-26T20:41:01.142+0530: 12869.064: [GC (CMS Final Remark) [YG occupancy: 73951 K (157248 K)]2018-03-26T20:41:01.142+0530: 12869.064: [Rescan (parallel) , 0.0940111 secs]2018-03-26T20:41:01.236+0530: 12869.158: [weak refs processing, 0.0000599 secs]2018-03-26T20:41:01.236+0530: 12869.158: [class unloading, 0.0010631 secs]2018-03-26T20:41:01.237+0530: 12869.159: [scrub symbol table, 0.0012193 secs]2018-03-26T20:41:01.238+0530: 12869.160: [scrub string table, 0.0005363 secs][1 CMS-remark: 349567K(349568K)] 423519K(506816K), 0.0972125 secs] [Times: user=0.27 sys=0.00, real=0.10 secs] 
2018-03-26T20:41:01.239+0530: 12869.161: [CMS-concurrent-sweep-start]
2018-03-26T20:41:02.355+0530: 12870.277: [CMS-concurrent-sweep: 1.116/1.116 secs] [Times: user=1.08 sys=0.00, real=1.12 secs] 
2018-03-26T20:41:02.356+0530: 12870.277: [CMS-concurrent-reset-start]
2018-03-26T20:41:02.356+0530: 12870.278: [CMS-concurrent-reset: 0.001/0.001 secs] [Times: user=0.00 sys=0.00, real=0.00 secs] 
2018-03-26T20:41:04.356+0530: 12872.278: [GC (CMS Initial Mark) [1 CMS-initial-mark: 349567K(349568K)] 423519K(506816K), 0.0281779 secs] [Times: user=0.09 sys=0.00, real=0.03 secs] 
2018-03-26T20:41:04.384+0530: 12872.306: [CMS-concurrent-mark-start]
2018-03-26T20:41:06.203+0530: 12874.125: [CMS-concurrent-mark: 1.819/1.819 secs] [Times: user=1.77 sys=0.00, real=1.82 secs] 
2018-03-26T20:41:06.203+0530: 12874.125: [CMS-concurrent-preclean-start]
2018-03-26T20:41:06.205+0530: 12874.127: [CMS-concurrent-preclean: 0.001/0.001 secs] [Times: user=0.00 sys=0.00, real=0.00 secs] 
2018-03-26T20:41:06.205+0530: 12874.127: [CMS-concurrent-abortable-preclean-start]
2018-03-26T20:41:06.205+0530: 12874.127: [CMS-concurrent-abortable-preclean: 0.000/0.000 secs] [Times: user=0.00 sys=0.00, real=0.00 secs] 
2018-03-26T20:41:06.205+0530: 12874.127: [GC (CMS Final Remark) [YG occupancy: 73951 K (157248 K)]2018-03-26T20:41:06.205+0530: 12874.127: [Rescan (parallel) , 0.0832884 secs]2018-03-26T20:41:06.289+0530: 12874.210: [weak refs processing, 0.0000473 secs]2018-03-26T20:41:06.289+0530: 12874.210: [class unloading, 0.0005254 secs]2018-03-26T20:41:06.289+0530: 12874.211: [scrub symbol table, 0.0009270 secs]2018-03-26T20:41:06.290+0530: 12874.212: [scrub string table, 0.0003685 secs][1 CMS-remark: 349567K(349568K)] 423519K(506816K), 0.0857493 secs] [Times: user=0.25 sys=0.00, real=0.09 secs] 
2018-03-26T20:41:06.291+0530: 12874.213: [CMS-concurrent-sweep-start]
2018-03-26T20:41:07.101+0530: 12875.023: [CMS-concurrent-sweep: 0.810/0.810 secs] [Times: user=0.73 sys=0.00, real=0.81 secs] 
2018-03-26T20:41:07.101+0530: 12875.023: [CMS-concurrent-reset-start]
2018-03-26T20:41:07.102+0530: 12875.024: [CMS-concurrent-reset: 0.001/0.001 secs] [Times: user=0.00 sys=0.00, real=0.00 secs] 
2018-03-26T20:41:09.102+0530: 12877.024: [GC (CMS Initial Mark) [1 CMS-initial-mark: 349567K(349568K)] 423519K(506816K), 0.0316071 secs] [Times: user=0.13 sys=0.00, real=0.03 secs] 
2018-03-26T20:41:09.134+0530: 12877.056: [CMS-concurrent-mark-start]
2018-03-26T20:41:10.463+0530: 12878.385: [CMS-concurrent-mark: 1.329/1.329 secs] [Times: user=1.28 sys=0.00, real=1.33 secs] 
2018-03-26T20:41:10.463+0530: 12878.385: [CMS-concurrent-preclean-start]
2018-03-26T20:41:10.464+0530: 12878.386: [CMS-concurrent-preclean: 0.001/0.001 secs] [Times: user=0.00 sys=0.00, real=0.00 secs] 
2018-03-26T20:41:10.464+0530: 12878.387: [CMS-concurrent-abortable-preclean-start]
2018-03-26T20:41:10.464+0530: 12878.387: [CMS-concurrent-abortable-preclean: 0.000/0.000 secs] [Times: user=0.00 sys=0.00, real=0.00 secs] 
2018-03-26T20:41:10.464+0530: 12878.387: [GC (CMS Final Remark) [YG occupancy: 73951 K (157248 K)]2018-03-26T20:41:10.465+0530: 12878.387: [Rescan (parallel) , 0.0369602 secs]2018-03-26T20:41:10.502+0530: 12878.424: [weak refs processing, 0.0000448 secs]2018-03-26T20:41:10.502+0530: 12878.424: [class unloading, 0.0004235 secs]2018-03-26T20:41:10.502+0530: 12878.424: [scrub symbol table, 0.0007818 secs]2018-03-26T20:41:10.503+0530: 12878.425: [scrub string table, 0.0004415 secs][1 CMS-remark: 349567K(349568K)] 423519K(506816K), 0.0388904 secs] [Times: user=0.13 sys=0.00, real=0.04 secs] 
2018-03-26T20:41:10.504+0530: 12878.426: [CMS-concurrent-sweep-start]
2018-03-26T20:41:11.046+0530: 12878.968: [CMS-concurrent-sweep: 0.542/0.542 secs] [Times: user=0.53 sys=0.00, real=0.54 secs] 
2018-03-26T20:41:11.046+0530: 12878.968: [CMS-concurrent-reset-start]
2018-03-26T20:41:11.047+0530: 12878.969: [CMS-concurrent-reset: 0.001/0.001 secs] [Times: user=0.00 sys=0.00, real=0.00 secs] 
2018-03-26T20:41:13.047+0530: 12880.969: [GC (CMS Initial Mark) [1 CMS-initial-mark: 349567K(349568K)] 431904K(506816K), 0.0321650 secs] [Times: user=0.11 sys=0.00, real=0.03 secs] 
2018-03-26T20:41:13.079+0530: 12881.001: [CMS-concurrent-mark-start]
2018-03-26T20:41:14.251+0530: 12882.173: [CMS-concurrent-mark: 1.172/1.172 secs] [Times: user=1.16 sys=0.00, real=1.17 secs] 
2018-03-26T20:41:14.252+0530: 12882.173: [CMS-concurrent-preclean-start]
2018-03-26T20:41:14.253+0530: 12882.174: [CMS-concurrent-preclean: 0.001/0.001 secs] [Times: user=0.00 sys=0.00, real=0.00 secs] 
2018-03-26T20:41:14.253+0530: 12882.174: [CMS-concurrent-abortable-preclean-start]
2018-03-26T20:41:14.253+0530: 12882.175: [CMS-concurrent-abortable-preclean: 0.000/0.000 secs] [Times: user=0.00 sys=0.00, real=0.00 secs] 
2018-03-26T20:41:14.253+0530: 12882.175: [GC (CMS Final Remark) [YG occupancy: 82336 K (157248 K)]2018-03-26T20:41:14.253+0530: 12882.175: [Rescan (parallel) , 0.0352849 secs]2018-03-26T20:41:14.288+0530: 12882.210: [weak refs processing, 0.0000360 secs]2018-03-26T20:41:14.288+0530: 12882.210: [class unloading, 0.0004468 secs]2018-03-26T20:41:14.289+0530: 12882.211: [scrub symbol table, 0.0007542 secs]2018-03-26T20:41:14.289+0530: 12882.211: [scrub string table, 0.0002683 secs][1 CMS-remark: 349567K(349568K)] 431904K(506816K), 0.0370043 secs] [Times: user=0.19 sys=0.00, real=0.04 secs] 
2018-03-26T20:41:14.290+0530: 12882.212: [CMS-concurrent-sweep-start]
2018-03-26T20:41:14.710+0530: 12882.632: [CMS-concurrent-sweep: 0.420/0.420 secs] [Times: user=0.42 sys=0.00, real=0.42 secs] 
2018-03-26T20:41:14.710+0530: 12882.632: [CMS-concurrent-reset-start]
2018-03-26T20:41:14.711+0530: 12882.633: [CMS-concurrent-reset: 0.001/0.001 secs] [Times: user=0.00 sys=0.00, real=0.00 secs] 
2018-03-26T20:41:16.710+0530: 12884.632: [GC (CMS Initial Mark) [1 CMS-initial-mark: 349567K(349568K)] 431904K(506816K), 0.0274787 secs] [Times: user=0.06 sys=0.00, real=0.03 secs] 
2018-03-26T20:41:16.738+0530: 12884.660: [CMS-concurrent-mark-start]
2018-03-26T20:41:17.787+0530: 12885.709: [CMS-concurrent-mark: 1.049/1.049 secs] [Times: user=1.03 sys=0.00, real=1.05 secs] 
2018-03-26T20:41:17.787+0530: 12885.709: [CMS-concurrent-preclean-start]
2018-03-26T20:41:17.788+0530: 12885.710: [CMS-concurrent-preclean: 0.001/0.001 secs] [Times: user=0.00 sys=0.00, real=0.00 secs] 
2018-03-26T20:41:17.788+0530: 12885.710: [CMS-concurrent-abortable-preclean-start]
2018-03-26T20:41:17.788+0530: 12885.710: [CMS-concurrent-abortable-preclean: 0.000/0.000 secs] [Times: user=0.00 sys=0.00, real=0.00 secs] 
2018-03-26T20:41:17.788+0530: 12885.710: [GC (CMS Final Remark) [YG occupancy: 82336 K (157248 K)]2018-03-26T20:41:17.788+0530: 12885.710: [Rescan (parallel) , 0.0405728 secs]2018-03-26T20:41:17.829+0530: 12885.751: [weak refs processing, 0.0000349 secs]2018-03-26T20:41:17.829+0530: 12885.751: [class unloading, 0.0003403 secs]2018-03-26T20:41:17.829+0530: 12885.751: [scrub symbol table, 0.0005596 secs]2018-03-26T20:41:17.830+0530: 12885.752: [scrub string table, 0.0002401 secs][1 CMS-remark: 349567K(349568K)] 431904K(506816K), 0.0419508 secs] [Times: user=0.11 sys=0.00, real=0.04 secs] 
2018-03-26T20:41:17.830+0530: 12885.752: [CMS-concurrent-sweep-start]
2018-03-26T20:41:18.275+0530: 12886.197: [CMS-concurrent-sweep: 0.444/0.444 secs] [Times: user=0.44 sys=0.00, real=0.45 secs] 
2018-03-26T20:41:18.275+0530: 12886.197: [CMS-concurrent-reset-start]
2018-03-26T20:41:18.275+0530: 12886.197: [CMS-concurrent-reset: 0.001/0.001 secs] [Times: user=0.00 sys=0.00, real=0.00 secs] 
2018-03-26T20:41:20.275+0530: 12888.196: [GC (CMS Initial Mark) [1 CMS-initial-mark: 349567K(349568K)] 431904K(506816K), 0.0290091 secs] [Times: user=0.13 sys=0.00, real=0.03 secs] 
2018-03-26T20:41:20.304+0530: 12888.226: [CMS-concurrent-mark-start]
2018-03-26T20:41:20.821+0530: 12888.743: [CMS-concurrent-mark: 0.518/0.518 secs] [Times: user=0.50 sys=0.00, real=0.52 secs] 
2018-03-26T20:41:20.821+0530: 12888.743: [CMS-concurrent-preclean-start]
2018-03-26T20:41:20.822+0530: 12888.744: [CMS-concurrent-preclean: 0.001/0.001 secs] [Times: user=0.00 sys=0.00, real=0.00 secs] 
2018-03-26T20:41:20.822+0530: 12888.744: [CMS-concurrent-abortable-preclean-start]
2018-03-26T20:41:20.822+0530: 12888.744: [CMS-concurrent-abortable-preclean: 0.000/0.000 secs] [Times: user=0.00 sys=0.00, real=0.00 secs] 
2018-03-26T20:41:20.822+0530: 12888.744: [GC (CMS Final Remark) [YG occupancy: 82336 K (157248 K)]2018-03-26T20:41:20.822+0530: 12888.744: [Rescan (parallel) , 0.0315715 secs]2018-03-26T20:41:20.854+0530: 12888.776: [weak refs processing, 0.0000388 secs]2018-03-26T20:41:20.854+0530: 12888.776: [class unloading, 0.0003882 secs]2018-03-26T20:41:20.854+0530: 12888.776: [scrub symbol table, 0.0003833 secs]2018-03-26T20:41:20.854+0530: 12888.777: [scrub string table, 0.0001573 secs][1 CMS-remark: 349567K(349568K)] 431904K(506816K), 0.0327687 secs] [Times: user=0.13 sys=0.00, real=0.03 secs] 
2018-03-26T20:41:20.855+0530: 12888.777: [CMS-concurrent-sweep-start]
2018-03-26T20:41:21.084+0530: 12889.006: [CMS-concurrent-sweep: 0.229/0.229 secs] [Times: user=0.23 sys=0.00, real=0.23 secs] 
2018-03-26T20:41:21.084+0530: 12889.006: [CMS-concurrent-reset-start]
2018-03-26T20:41:21.084+0530: 12889.006: [CMS-concurrent-reset: 0.000/0.000 secs] [Times: user=0.00 sys=0.00, real=0.00 secs] 
2018-03-26T20:41:23.085+0530: 12891.007: [GC (CMS Initial Mark) [1 CMS-initial-mark: 349567K(349568K)] 431904K(506816K), 0.0226034 secs] [Times: user=0.06 sys=0.00, real=0.02 secs] 
2018-03-26T20:41:23.108+0530: 12891.029: [CMS-concurrent-mark-start]
2018-03-26T20:41:23.535+0530: 12891.457: [CMS-concurrent-mark: 0.428/0.428 secs] [Times: user=0.42 sys=0.00, real=0.43 secs] 
2018-03-26T20:41:23.535+0530: 12891.457: [CMS-concurrent-preclean-start]
2018-03-26T20:41:23.536+0530: 12891.458: [CMS-concurrent-preclean: 0.000/0.000 secs] [Times: user=0.00 sys=0.00, real=0.00 secs] 
2018-03-26T20:41:23.536+0530: 12891.458: [CMS-concurrent-abortable-preclean-start]
2018-03-26T20:41:23.536+0530: 12891.458: [CMS-concurrent-abortable-preclean: 0.000/0.000 secs] [Times: user=0.00 sys=0.00, real=0.00 secs] 
2018-03-26T20:41:23.536+0530: 12891.458: [GC (CMS Final Remark) [YG occupancy: 82336 K (157248 K)]2018-03-26T20:41:23.536+0530: 12891.458: [Rescan (parallel) , 0.0263027 secs]2018-03-26T20:41:23.562+0530: 12891.485: [weak refs processing, 0.0000321 secs]2018-03-26T20:41:23.562+0530: 12891.485: [class unloading, 0.0002846 secs]2018-03-26T20:41:23.563+0530: 12891.485: [scrub symbol table, 0.0005011 secs]2018-03-26T20:41:23.563+0530: 12891.485: [scrub string table, 0.0001915 secs][1 CMS-remark: 349567K(349568K)] 431904K(506816K), 0.0274463 secs] [Times: user=0.06 sys=0.00, real=0.03 secs] 
2018-03-26T20:41:23.564+0530: 12891.486: [CMS-concurrent-sweep-start]
2018-03-26T20:41:23.745+0530: 12891.667: [CMS-concurrent-sweep: 0.181/0.181 secs] [Times: user=0.19 sys=0.00, real=0.18 secs] 
2018-03-26T20:41:23.745+0530: 12891.667: [CMS-concurrent-reset-start]
2018-03-26T20:41:23.745+0530: 12891.668: [CMS-concurrent-reset: 0.001/0.001 secs] [Times: user=0.00 sys=0.00, real=0.00 secs] 
2018-03-26T20:41:25.746+0530: 12893.667: [GC (CMS Initial Mark) [1 CMS-initial-mark: 349567K(349568K)] 431904K(506816K), 0.0215893 secs] [Times: user=0.06 sys=0.00, real=0.02 secs] 
2018-03-26T20:41:25.767+0530: 12893.689: [CMS-concurrent-mark-start]
2018-03-26T20:41:26.162+0530: 12894.084: [CMS-concurrent-mark: 0.395/0.395 secs] [Times: user=0.41 sys=0.00, real=0.39 secs] 
2018-03-26T20:41:26.162+0530: 12894.084: [CMS-concurrent-preclean-start]
2018-03-26T20:41:26.162+0530: 12894.085: [CMS-concurrent-preclean: 0.000/0.000 secs] [Times: user=0.00 sys=0.00, real=0.00 secs] 
2018-03-26T20:41:26.162+0530: 12894.085: [CMS-concurrent-abortable-preclean-start]
2018-03-26T20:41:26.162+0530: 12894.085: [CMS-concurrent-abortable-preclean: 0.000/0.000 secs] [Times: user=0.00 sys=0.00, real=0.00 secs] 
2018-03-26T20:41:26.163+0530: 12894.085: [GC (CMS Final Remark) [YG occupancy: 82336 K (157248 K)]2018-03-26T20:41:26.163+0530: 12894.085: [Rescan (parallel) , 0.0242008 secs]2018-03-26T20:41:26.187+0530: 12894.109: [weak refs processing, 0.0000166 secs]2018-03-26T20:41:26.187+0530: 12894.109: [class unloading, 0.0001950 secs]2018-03-26T20:41:26.187+0530: 12894.109: [scrub symbol table, 0.0003304 secs]2018-03-26T20:41:26.188+0530: 12894.110: [scrub string table, 0.0001012 secs][1 CMS-remark: 349567K(349568K)] 431904K(506816K), 0.0249406 secs] [Times: user=0.06 sys=0.00, real=0.02 secs] 
2018-03-26T20:41:26.188+0530: 12894.110: [CMS-concurrent-sweep-start]
2018-03-26T20:41:26.357+0530: 12894.278: [CMS-concurrent-sweep: 0.169/0.169 secs] [Times: user=0.17 sys=0.00, real=0.17 secs] 
2018-03-26T20:41:26.357+0530: 12894.279: [CMS-concurrent-reset-start]
2018-03-26T20:41:26.357+0530: 12894.279: [CMS-concurrent-reset: 0.001/0.001 secs] [Times: user=0.00 sys=0.00, real=0.00 secs] 
2018-03-26T20:41:28.357+0530: 12896.279: [GC (CMS Initial Mark) [1 CMS-initial-mark: 349567K(349568K)] 431904K(506816K), 0.0195808 secs] [Times: user=0.06 sys=0.00, real=0.02 secs] 
2018-03-26T20:41:28.377+0530: 12896.299: [CMS-concurrent-mark-start]
2018-03-26T20:41:28.732+0530: 12896.654: [CMS-concurrent-mark: 0.355/0.355 secs] [Times: user=0.36 sys=0.00, real=0.36 secs] 
2018-03-26T20:41:28.732+0530: 12896.654: [CMS-concurrent-preclean-start]
2018-03-26T20:41:28.733+0530: 12896.655: [CMS-concurrent-preclean: 0.000/0.000 secs] [Times: user=0.00 sys=0.00, real=0.00 secs] 
2018-03-26T20:41:28.733+0530: 12896.655: [CMS-concurrent-abortable-preclean-start]
2018-03-26T20:41:28.733+0530: 12896.655: [CMS-concurrent-abortable-preclean: 0.000/0.000 secs] [Times: user=0.00 sys=0.00, real=0.00 secs] 
2018-03-26T20:41:28.733+0530: 12896.655: [GC (CMS Final Remark) [YG occupancy: 82336 K (157248 K)]2018-03-26T20:41:28.733+0530: 12896.655: [Rescan (parallel) , 0.0232286 secs]2018-03-26T20:41:28.756+0530: 12896.678: [weak refs processing, 0.0000166 secs]2018-03-26T20:41:28.756+0530: 12896.678: [class unloading, 0.0001946 secs]2018-03-26T20:41:28.756+0530: 12896.679: [scrub symbol table, 0.0003198 secs]2018-03-26T20:41:28.757+0530: 12896.679: [scrub string table, 0.0000980 secs][1 CMS-remark: 349567K(349568K)] 431904K(506816K), 0.0239522 secs] [Times: user=0.13 sys=0.00, real=0.02 secs] 
2018-03-26T20:41:28.757+0530: 12896.679: [CMS-concurrent-sweep-start]
2018-03-26T20:41:28.918+0530: 12896.840: [CMS-concurrent-sweep: 0.160/0.160 secs] [Times: user=0.16 sys=0.00, real=0.16 secs] 
2018-03-26T20:41:28.918+0530: 12896.840: [CMS-concurrent-reset-start]
2018-03-26T20:41:28.918+0530: 12896.840: [CMS-concurrent-reset: 0.001/0.001 secs] [Times: user=0.00 sys=0.00, real=0.00 secs] 
2018-03-26T20:41:30.918+0530: 12898.840: [GC (CMS Initial Mark) [1 CMS-initial-mark: 349567K(349568K)] 431904K(506816K), 0.0188731 secs] [Times: user=0.06 sys=0.00, real=0.02 secs] 
2018-03-26T20:41:30.937+0530: 12898.859: [CMS-concurrent-mark-start]
2018-03-26T20:41:31.280+0530: 12899.202: [CMS-concurrent-mark: 0.343/0.343 secs] [Times: user=0.34 sys=0.00, real=0.34 secs] 
2018-03-26T20:41:31.280+0530: 12899.202: [CMS-concurrent-preclean-start]
2018-03-26T20:41:31.281+0530: 12899.203: [CMS-concurrent-preclean: 0.000/0.000 secs] [Times: user=0.00 sys=0.00, real=0.00 secs] 
2018-03-26T20:41:31.281+0530: 12899.203: [CMS-concurrent-abortable-preclean-start]
2018-03-26T20:41:31.281+0530: 12899.203: [CMS-concurrent-abortable-preclean: 0.000/0.000 secs] [Times: user=0.00 sys=0.00, real=0.00 secs] 
2018-03-26T20:41:31.281+0530: 12899.203: [GC (CMS Final Remark) [YG occupancy: 82336 K (157248 K)]2018-03-26T20:41:31.281+0530: 12899.203: [Rescan (parallel) , 0.0225978 secs]2018-03-26T20:41:31.304+0530: 12899.225: [weak refs processing, 0.0000183 secs]2018-03-26T20:41:31.304+0530: 12899.225: [class unloading, 0.0002109 secs]2018-03-26T20:41:31.304+0530: 12899.226: [scrub symbol table, 0.0003174 secs]2018-03-26T20:41:31.304+0530: 12899.226: [scrub string table, 0.0000952 secs][1 CMS-remark: 349567K(349568K)] 431904K(506816K), 0.0233411 secs] [Times: user=0.13 sys=0.00, real=0.02 secs] 
2018-03-26T20:41:31.304+0530: 12899.226: [CMS-concurrent-sweep-start]
2018-03-26T20:41:31.458+0530: 12899.380: [CMS-concurrent-sweep: 0.154/0.154 secs] [Times: user=0.16 sys=0.00, real=0.15 secs] 
2018-03-26T20:41:31.458+0530: 12899.380: [CMS-concurrent-reset-start]
2018-03-26T20:41:31.459+0530: 12899.380: [CMS-concurrent-reset: 0.000/0.000 secs] [Times: user=0.00 sys=0.00, real=0.00 secs] 
2018-03-26T20:41:33.459+0530: 12901.381: [GC (CMS Initial Mark) [1 CMS-initial-mark: 349567K(349568K)] 431904K(506816K), 0.0182148 secs] [Times: user=0.06 sys=0.00, real=0.02 secs] 
2018-03-26T20:41:33.477+0530: 12901.399: [CMS-concurrent-mark-start]
2018-03-26T20:41:33.821+0530: 12901.742: [CMS-concurrent-mark: 0.344/0.344 secs] [Times: user=0.34 sys=0.00, real=0.34 secs] 
2018-03-26T20:41:33.821+0530: 12901.742: [CMS-concurrent-preclean-start]
2018-03-26T20:41:33.821+0530: 12901.743: [CMS-concurrent-preclean: 0.000/0.000 secs] [Times: user=0.00 sys=0.00, real=0.00 secs] 
2018-03-26T20:41:33.821+0530: 12901.743: [CMS-concurrent-abortable-preclean-start]
2018-03-26T20:41:33.821+0530: 12901.743: [CMS-concurrent-abortable-preclean: 0.000/0.000 secs] [Times: user=0.00 sys=0.00, real=0.00 secs] 
2018-03-26T20:41:33.821+0530: 12901.743: [GC (CMS Final Remark) [YG occupancy: 82336 K (157248 K)]2018-03-26T20:41:33.821+0530: 12901.743: [Rescan (parallel) , 0.0215297 secs]2018-03-26T20:41:33.843+0530: 12901.765: [weak refs processing, 0.0000141 secs]2018-03-26T20:41:33.843+0530: 12901.765: [class unloading, 0.0001915 secs]2018-03-26T20:41:33.843+0530: 12901.765: [scrub symbol table, 0.0003033 secs]2018-03-26T20:41:33.843+0530: 12901.765: [scrub string table, 0.0000938 secs][1 CMS-remark: 349567K(349568K)] 431904K(506816K), 0.0222148 secs] [Times: user=0.06 sys=0.00, real=0.02 secs] 
2018-03-26T20:41:33.844+0530: 12901.765: [CMS-concurrent-sweep-start]
2018-03-26T20:41:33.991+0530: 12901.913: [CMS-concurrent-sweep: 0.147/0.147 secs] [Times: user=0.16 sys=0.00, real=0.15 secs] 
2018-03-26T20:41:34.031+0530: 12901.953: [CMS-concurrent-reset-start]
2018-03-26T20:41:34.032+0530: 12901.953: [CMS-concurrent-reset: 0.001/0.001 secs] [Times: user=0.00 sys=0.00, real=0.00 secs] 
2018-03-26T20:41:36.032+0530: 12903.954: [GC (CMS Initial Mark) [1 CMS-initial-mark: 349567K(349568K)] 431904K(506816K), 0.0192448 secs] [Times: user=0.06 sys=0.00, real=0.02 secs] 
2018-03-26T20:41:36.051+0530: 12903.973: [CMS-concurrent-mark-start]
2018-03-26T20:41:36.359+0530: 12904.280: [CMS-concurrent-mark: 0.307/0.307 secs] [Times: user=0.31 sys=0.00, real=0.31 secs] 
2018-03-26T20:41:36.359+0530: 12904.280: [CMS-concurrent-preclean-start]
2018-03-26T20:41:36.359+0530: 12904.281: [CMS-concurrent-preclean: 0.000/0.000 secs] [Times: user=0.00 sys=0.00, real=0.00 secs] 
2018-03-26T20:41:36.359+0530: 12904.281: [CMS-concurrent-abortable-preclean-start]
2018-03-26T20:41:36.359+0530: 12904.281: [CMS-concurrent-abortable-preclean: 0.000/0.000 secs] [Times: user=0.00 sys=0.00, real=0.00 secs] 
2018-03-26T20:41:36.359+0530: 12904.281: [GC (CMS Final Remark) [YG occupancy: 82336 K (157248 K)]2018-03-26T20:41:36.359+0530: 12904.281: [Rescan (parallel) , 0.0201111 secs]2018-03-26T20:41:36.379+0530: 12904.301: [weak refs processing, 0.0000148 secs]2018-03-26T20:41:36.379+0530: 12904.301: [class unloading, 0.0001827 secs]2018-03-26T20:41:36.379+0530: 12904.301: [scrub symbol table, 0.0003047 secs]2018-03-26T20:41:36.380+0530: 12904.302: [scrub string table, 0.0000860 secs][1 CMS-remark: 349567K(349568K)] 431904K(506816K), 0.0207853 secs] [Times: user=0.08 sys=0.00, real=0.02 secs] 
2018-03-26T20:41:36.380+0530: 12904.302: [CMS-concurrent-sweep-start]
2018-03-26T20:41:36.519+0530: 12904.441: [CMS-concurrent-sweep: 0.139/0.139 secs] [Times: user=0.13 sys=0.00, real=0.14 secs] 
2018-03-26T20:41:36.519+0530: 12904.441: [CMS-concurrent-reset-start]
2018-03-26T20:41:36.519+0530: 12904.441: [CMS-concurrent-reset: 0.000/0.000 secs] [Times: user=0.00 sys=0.00, real=0.00 secs] 
2018-03-26T20:41:38.518+0530: 12906.440: [GC (CMS Initial Mark) [1 CMS-initial-mark: 349567K(349568K)] 431904K(506816K), 0.0169718 secs] [Times: user=0.06 sys=0.00, real=0.02 secs] 
2018-03-26T20:41:38.535+0530: 12906.457: [CMS-concurrent-mark-start]
2018-03-26T20:41:38.841+0530: 12906.764: [CMS-concurrent-mark: 0.306/0.306 secs] [Times: user=0.31 sys=0.00, real=0.31 secs] 
2018-03-26T20:41:38.842+0530: 12906.764: [CMS-concurrent-preclean-start]
2018-03-26T20:41:38.842+0530: 12906.764: [CMS-concurrent-preclean: 0.000/0.000 secs] [Times: user=0.00 sys=0.00, real=0.00 secs] 
2018-03-26T20:41:38.842+0530: 12906.764: [CMS-concurrent-abortable-preclean-start]
2018-03-26T20:41:38.842+0530: 12906.764: [CMS-concurrent-abortable-preclean: 0.000/0.000 secs] [Times: user=0.00 sys=0.00, real=0.00 secs] 
2018-03-26T20:41:38.842+0530: 12906.764: [GC (CMS Final Remark) [YG occupancy: 82336 K (157248 K)]2018-03-26T20:41:38.842+0530: 12906.764: [Rescan (parallel) , 0.0223813 secs]2018-03-26T20:41:38.865+0530: 12906.787: [weak refs processing, 0.0000141 secs]2018-03-26T20:41:38.865+0530: 12906.787: [class unloading, 0.0001886 secs]2018-03-26T20:41:38.865+0530: 12906.787: [scrub symbol table, 0.0002881 secs]2018-03-26T20:41:38.865+0530: 12906.787: [scrub string table, 0.0000850 secs][1 CMS-remark: 349567K(349568K)] 431904K(506816K), 0.0230400 secs] [Times: user=0.13 sys=0.00, real=0.02 secs] 
2018-03-26T20:41:38.866+0530: 12906.787: [CMS-concurrent-sweep-start]
2018-03-26T20:41:39.003+0530: 12906.925: [CMS-concurrent-sweep: 0.138/0.138 secs] [Times: user=0.13 sys=0.00, real=0.14 secs] 
2018-03-26T20:41:39.003+0530: 12906.925: [CMS-concurrent-reset-start]
2018-03-26T20:41:39.004+0530: 12906.926: [CMS-concurrent-reset: 0.001/0.001 secs] [Times: user=0.00 sys=0.00, real=0.00 secs] 
2018-03-26T20:41:41.003+0530: 12908.925: [GC (CMS Initial Mark) [1 CMS-initial-mark: 349567K(349568K)] 431904K(506816K), 0.0169090 secs] [Times: user=0.06 sys=0.00, real=0.02 secs] 
2018-03-26T20:41:41.020+0530: 12908.942: [CMS-concurrent-mark-start]
2018-03-26T20:41:41.326+0530: 12909.248: [CMS-concurrent-mark: 0.306/0.306 secs] [Times: user=0.31 sys=0.00, real=0.31 secs] 
2018-03-26T20:41:41.326+0530: 12909.248: [CMS-concurrent-preclean-start]
2018-03-26T20:41:41.327+0530: 12909.249: [CMS-concurrent-preclean: 0.000/0.000 secs] [Times: user=0.00 sys=0.00, real=0.00 secs] 
2018-03-26T20:41:41.327+0530: 12909.249: [CMS-concurrent-abortable-preclean-start]
2018-03-26T20:41:41.327+0530: 12909.249: [CMS-concurrent-abortable-preclean: 0.000/0.000 secs] [Times: user=0.00 sys=0.00, real=0.00 secs] 
2018-03-26T20:41:41.327+0530: 12909.249: [GC (CMS Final Remark) [YG occupancy: 82336 K (157248 K)]2018-03-26T20:41:41.327+0530: 12909.249: [Rescan (parallel) , 0.0200561 secs]2018-03-26T20:41:41.347+0530: 12909.269: [weak refs processing, 0.0000229 secs]2018-03-26T20:41:41.347+0530: 12909.269: [class unloading, 0.0002782 secs]2018-03-26T20:41:41.348+0530: 12909.269: [scrub symbol table, 0.0004711 secs]2018-03-26T20:41:41.348+0530: 12909.270: [scrub string table, 0.0001731 secs][1 CMS-remark: 349567K(349568K)] 431904K(506816K), 0.0211108 secs] [Times: user=0.06 sys=0.00, real=0.02 secs] 
2018-03-26T20:41:41.348+0530: 12909.270: [CMS-concurrent-sweep-start]
2018-03-26T20:41:41.490+0530: 12909.412: [CMS-concurrent-sweep: 0.142/0.142 secs] [Times: user=0.16 sys=0.00, real=0.14 secs] 
2018-03-26T20:41:41.490+0530: 12909.412: [CMS-concurrent-reset-start]
2018-03-26T20:41:41.490+0530: 12909.412: [CMS-concurrent-reset: 0.001/0.001 secs] [Times: user=0.00 sys=0.00, real=0.00 secs] 
2018-03-26T20:41:43.491+0530: 12911.412: [GC (CMS Initial Mark) [1 CMS-initial-mark: 349567K(349568K)] 431904K(506816K), 0.0170765 secs] [Times: user=0.06 sys=0.00, real=0.02 secs] 
2018-03-26T20:41:43.508+0530: 12911.429: [CMS-concurrent-mark-start]
2018-03-26T20:41:43.814+0530: 12911.736: [CMS-concurrent-mark: 0.307/0.307 secs] [Times: user=0.30 sys=0.00, real=0.31 secs] 
2018-03-26T20:41:43.815+0530: 12911.736: [CMS-concurrent-preclean-start]
2018-03-26T20:41:43.815+0530: 12911.737: [CMS-concurrent-preclean: 0.000/0.000 secs] [Times: user=0.00 sys=0.00, real=0.00 secs] 
2018-03-26T20:41:43.815+0530: 12911.737: [CMS-concurrent-abortable-preclean-start]
2018-03-26T20:41:43.815+0530: 12911.737: [CMS-concurrent-abortable-preclean: 0.000/0.000 secs] [Times: user=0.00 sys=0.00, real=0.00 secs] 
2018-03-26T20:41:43.815+0530: 12911.737: [GC (CMS Final Remark) [YG occupancy: 82336 K (157248 K)]2018-03-26T20:41:43.815+0530: 12911.737: [Rescan (parallel) , 0.0200766 secs]2018-03-26T20:41:43.835+0530: 12911.757: [weak refs processing, 0.0000138 secs]2018-03-26T20:41:43.835+0530: 12911.757: [class unloading, 0.0001911 secs]2018-03-26T20:41:43.835+0530: 12911.757: [scrub symbol table, 0.0003149 secs]2018-03-26T20:41:43.836+0530: 12911.758: [scrub string table, 0.0000938 secs][1 CMS-remark: 349567K(349568K)] 431904K(506816K), 0.0207659 secs] [Times: user=0.13 sys=0.00, real=0.02 secs] 
2018-03-26T20:41:43.836+0530: 12911.758: [CMS-concurrent-sweep-start]
2018-03-26T20:41:43.976+0530: 12911.898: [CMS-concurrent-sweep: 0.140/0.140 secs] [Times: user=0.14 sys=0.00, real=0.14 secs] 
2018-03-26T20:41:43.976+0530: 12911.898: [CMS-concurrent-reset-start]
2018-03-26T20:41:43.976+0530: 12911.898: [CMS-concurrent-reset: 0.001/0.001 secs] [Times: user=0.00 sys=0.00, real=0.00 secs] 
2018-03-26T20:41:45.978+0530: 12913.899: [GC (CMS Initial Mark) [1 CMS-initial-mark: 349567K(349568K)] 431904K(506816K), 0.0169058 secs] [Times: user=0.06 sys=0.00, real=0.02 secs] 
2018-03-26T20:41:45.994+0530: 12913.916: [CMS-concurrent-mark-start]
2018-03-26T20:41:46.301+0530: 12914.223: [CMS-concurrent-mark: 0.307/0.307 secs] [Times: user=0.30 sys=0.00, real=0.31 secs] 
2018-03-26T20:41:46.301+0530: 12914.223: [CMS-concurrent-preclean-start]
2018-03-26T20:41:46.302+0530: 12914.223: [CMS-concurrent-preclean: 0.000/0.000 secs] [Times: user=0.00 sys=0.00, real=0.00 secs] 
2018-03-26T20:41:46.302+0530: 12914.223: [CMS-concurrent-abortable-preclean-start]
2018-03-26T20:41:46.302+0530: 12914.223: [CMS-concurrent-abortable-preclean: 0.000/0.000 secs] [Times: user=0.00 sys=0.00, real=0.00 secs] 
2018-03-26T20:41:46.302+0530: 12914.224: [GC (CMS Final Remark) [YG occupancy: 82336 K (157248 K)]2018-03-26T20:41:46.302+0530: 12914.224: [Rescan (parallel) , 0.0199877 secs]2018-03-26T20:41:46.322+0530: 12914.244: [weak refs processing, 0.0000130 secs]2018-03-26T20:41:46.322+0530: 12914.244: [class unloading, 0.0001869 secs]2018-03-26T20:41:46.322+0530: 12914.244: [scrub symbol table, 0.0003099 secs]2018-03-26T20:41:46.322+0530: 12914.244: [scrub string table, 0.0000874 secs][1 CMS-remark: 349567K(349568K)] 431904K(506816K), 0.0206669 secs] [Times: user=0.06 sys=0.00, real=0.02 secs] 
2018-03-26T20:41:46.323+0530: 12914.244: [CMS-concurrent-sweep-start]
2018-03-26T20:41:46.463+0530: 12914.385: [CMS-concurrent-sweep: 0.140/0.140 secs] [Times: user=0.14 sys=0.00, real=0.14 secs] 
2018-03-26T20:41:46.463+0530: 12914.385: [CMS-concurrent-reset-start]
2018-03-26T20:41:46.464+0530: 12914.386: [CMS-concurrent-reset: 0.001/0.001 secs] [Times: user=0.00 sys=0.00, real=0.00 secs] 
2018-03-26T20:41:48.464+0530: 12916.386: [GC (CMS Initial Mark) [1 CMS-initial-mark: 349567K(349568K)] 431904K(506816K), 0.0170268 secs] [Times: user=0.06 sys=0.00, real=0.02 secs] 
2018-03-26T20:41:48.481+0530: 12916.403: [CMS-concurrent-mark-start]
2018-03-26T20:41:48.798+0530: 12916.721: [CMS-concurrent-mark: 0.318/0.318 secs] [Times: user=0.31 sys=0.00, real=0.32 secs] 
2018-03-26T20:41:48.798+0530: 12916.721: [CMS-concurrent-preclean-start]
2018-03-26T20:41:48.799+0530: 12916.721: [CMS-concurrent-preclean: 0.000/0.000 secs] [Times: user=0.00 sys=0.00, real=0.00 secs] 
2018-03-26T20:41:48.799+0530: 12916.721: [CMS-concurrent-abortable-preclean-start]
2018-03-26T20:41:48.799+0530: 12916.721: [CMS-concurrent-abortable-preclean: 0.000/0.000 secs] [Times: user=0.00 sys=0.00, real=0.00 secs] 
2018-03-26T20:41:48.799+0530: 12916.721: [GC (CMS Final Remark) [YG occupancy: 82336 K (157248 K)]2018-03-26T20:41:48.799+0530: 12916.721: [Rescan (parallel) , 0.0201238 secs]2018-03-26T20:41:48.820+0530: 12916.741: [weak refs processing, 0.0000134 secs]2018-03-26T20:41:48.820+0530: 12916.741: [class unloading, 0.0001894 secs]2018-03-26T20:41:48.820+0530: 12916.742: [scrub symbol table, 0.0003163 secs]2018-03-26T20:41:48.820+0530: 12916.742: [scrub string table, 0.0000941 secs][1 CMS-remark: 349567K(349568K)] 431904K(506816K), 0.0208118 secs] [Times: user=0.13 sys=0.00, real=0.02 secs] 
2018-03-26T20:41:48.820+0530: 12916.742: [CMS-concurrent-sweep-start]
2018-03-26T20:41:48.960+0530: 12916.882: [CMS-concurrent-sweep: 0.140/0.140 secs] [Times: user=0.14 sys=0.00, real=0.14 secs] 
2018-03-26T20:41:48.960+0530: 12916.882: [CMS-concurrent-reset-start]
2018-03-26T20:41:48.960+0530: 12916.882: [CMS-concurrent-reset: 0.001/0.001 secs] [Times: user=0.00 sys=0.00, real=0.00 secs] 
2018-03-26T20:41:50.960+0530: 12918.882: [GC (CMS Initial Mark) [1 CMS-initial-mark: 349567K(349568K)] 431904K(506816K), 0.0168233 secs] [Times: user=0.06 sys=0.00, real=0.02 secs] 
2018-03-26T20:41:50.976+0530: 12918.899: [CMS-concurrent-mark-start]
2018-03-26T20:41:51.283+0530: 12919.205: [CMS-concurrent-mark: 0.306/0.306 secs] [Times: user=0.30 sys=0.00, real=0.31 secs] 
2018-03-26T20:41:51.283+0530: 12919.205: [CMS-concurrent-preclean-start]
2018-03-26T20:41:51.283+0530: 12919.205: [CMS-concurrent-preclean: 0.000/0.000 secs] [Times: user=0.00 sys=0.00, real=0.00 secs] 
2018-03-26T20:41:51.283+0530: 12919.205: [CMS-concurrent-abortable-preclean-start]
2018-03-26T20:41:51.283+0530: 12919.205: [CMS-concurrent-abortable-preclean: 0.000/0.000 secs] [Times: user=0.00 sys=0.00, real=0.00 secs] 
2018-03-26T20:41:51.283+0530: 12919.205: [GC (CMS Final Remark) [YG occupancy: 82336 K (157248 K)]2018-03-26T20:41:51.283+0530: 12919.205: [Rescan (parallel) , 0.0200438 secs]2018-03-26T20:41:51.303+0530: 12919.225: [weak refs processing, 0.0000141 secs]2018-03-26T20:41:51.303+0530: 12919.226: [class unloading, 0.0001862 secs]2018-03-26T20:41:51.304+0530: 12919.226: [scrub symbol table, 0.0002835 secs]2018-03-26T20:41:51.304+0530: 12919.226: [scrub string table, 0.0000853 secs][1 CMS-remark: 349567K(349568K)] 431904K(506816K), 0.0206929 secs] [Times: user=0.13 sys=0.00, real=0.02 secs] 
2018-03-26T20:41:51.304+0530: 12919.226: [CMS-concurrent-sweep-start]
2018-03-26T20:41:51.443+0530: 12919.365: [CMS-concurrent-sweep: 0.139/0.139 secs] [Times: user=0.14 sys=0.00, real=0.14 secs] 
2018-03-26T20:41:51.443+0530: 12919.365: [CMS-concurrent-reset-start]
2018-03-26T20:41:51.444+0530: 12919.366: [CMS-concurrent-reset: 0.001/0.001 secs] [Times: user=0.00 sys=0.00, real=0.00 secs] 
2018-03-26T20:41:53.444+0530: 12921.366: [GC (CMS Initial Mark) [1 CMS-initial-mark: 349567K(349568K)] 431904K(506816K), 0.0170515 secs] [Times: user=0.06 sys=0.00, real=0.02 secs] 
2018-03-26T20:41:53.461+0530: 12921.383: [CMS-concurrent-mark-start]
2018-03-26T20:41:53.767+0530: 12921.689: [CMS-concurrent-mark: 0.306/0.306 secs] [Times: user=0.30 sys=0.00, real=0.31 secs] 
2018-03-26T20:41:53.767+0530: 12921.689: [CMS-concurrent-preclean-start]
2018-03-26T20:41:53.768+0530: 12921.689: [CMS-concurrent-preclean: 0.000/0.000 secs] [Times: user=0.00 sys=0.00, real=0.00 secs] 
2018-03-26T20:41:53.768+0530: 12921.689: [CMS-concurrent-abortable-preclean-start]
2018-03-26T20:41:53.768+0530: 12921.689: [CMS-concurrent-abortable-preclean: 0.000/0.000 secs] [Times: user=0.00 sys=0.00, real=0.00 secs] 
2018-03-26T20:41:53.768+0530: 12921.690: [GC (CMS Final Remark) [YG occupancy: 82336 K (157248 K)]2018-03-26T20:41:53.768+0530: 12921.690: [Rescan (parallel) , 0.0201090 secs]2018-03-26T20:41:53.788+0530: 12921.710: [weak refs processing, 0.0000141 secs]2018-03-26T20:41:53.788+0530: 12921.710: [class unloading, 0.0001816 secs]2018-03-26T20:41:53.788+0530: 12921.710: [scrub symbol table, 0.0003149 secs]2018-03-26T20:41:53.788+0530: 12921.710: [scrub string table, 0.0001054 secs][1 CMS-remark: 349567K(349568K)] 431904K(506816K), 0.0208132 secs] [Times: user=0.13 sys=0.00, real=0.02 secs] 
2018-03-26T20:41:53.788+0530: 12921.711: [CMS-concurrent-sweep-start]
2018-03-26T20:41:53.931+0530: 12921.853: [CMS-concurrent-sweep: 0.142/0.142 secs] [Times: user=0.14 sys=0.00, real=0.14 secs] 
2018-03-26T20:41:53.931+0530: 12921.853: [CMS-concurrent-reset-start]
2018-03-26T20:41:53.932+0530: 12921.854: [CMS-concurrent-reset: 0.001/0.001 secs] [Times: user=0.00 sys=0.00, real=0.00 secs] 
2018-03-26T20:41:55.932+0530: 12923.854: [GC (CMS Initial Mark) [1 CMS-initial-mark: 349567K(349568K)] 431904K(506816K), 0.0169051 secs] [Times: user=0.06 sys=0.00, real=0.02 secs] 
2018-03-26T20:41:55.948+0530: 12923.871: [CMS-concurrent-mark-start]
2018-03-26T20:41:56.256+0530: 12924.178: [CMS-concurrent-mark: 0.307/0.307 secs] [Times: user=0.31 sys=0.00, real=0.31 secs] 
2018-03-26T20:41:56.256+0530: 12924.178: [CMS-concurrent-preclean-start]
2018-03-26T20:41:56.256+0530: 12924.178: [CMS-concurrent-preclean: 0.000/0.000 secs] [Times: user=0.00 sys=0.00, real=0.00 secs] 
2018-03-26T20:41:56.256+0530: 12924.178: [CMS-concurrent-abortable-preclean-start]
2018-03-26T20:41:56.257+0530: 12924.178: [CMS-concurrent-abortable-preclean: 0.000/0.000 secs] [Times: user=0.00 sys=0.00, real=0.00 secs] 
2018-03-26T20:41:56.257+0530: 12924.178: [GC (CMS Final Remark) [YG occupancy: 82336 K (157248 K)]2018-03-26T20:41:56.257+0530: 12924.178: [Rescan (parallel) , 0.0214694 secs]2018-03-26T20:41:56.278+0530: 12924.200: [weak refs processing, 0.0000127 secs]2018-03-26T20:41:56.278+0530: 12924.200: [class unloading, 0.0001865 secs]2018-03-26T20:41:56.278+0530: 12924.200: [scrub symbol table, 0.0002884 secs]2018-03-26T20:41:56.279+0530: 12924.200: [scrub string table, 0.0000846 secs][1 CMS-remark: 349567K(349568K)] 431904K(506816K), 0.0221203 secs] [Times: user=0.06 sys=0.00, real=0.02 secs] 
2018-03-26T20:41:56.279+0530: 12924.201: [CMS-concurrent-sweep-start]
2018-03-26T20:41:56.416+0530: 12924.339: [CMS-concurrent-sweep: 0.138/0.138 secs] [Times: user=0.14 sys=0.00, real=0.14 secs] 
2018-03-26T20:41:56.416+0530: 12924.339: [CMS-concurrent-reset-start]
2018-03-26T20:41:56.417+0530: 12924.339: [CMS-concurrent-reset: 0.001/0.001 secs] [Times: user=0.00 sys=0.00, real=0.00 secs] 
2018-03-26T20:41:58.417+0530: 12926.339: [GC (CMS Initial Mark) [1 CMS-initial-mark: 349567K(349568K)] 431904K(506816K), 0.0169898 secs] [Times: user=0.06 sys=0.00, real=0.02 secs] 
2018-03-26T20:41:58.434+0530: 12926.356: [CMS-concurrent-mark-start]
2018-03-26T20:41:58.743+0530: 12926.664: [CMS-concurrent-mark: 0.308/0.308 secs] [Times: user=0.31 sys=0.00, real=0.31 secs] 
2018-03-26T20:41:58.743+0530: 12926.664: [CMS-concurrent-preclean-start]
2018-03-26T20:41:58.743+0530: 12926.665: [CMS-concurrent-preclean: 0.000/0.000 secs] [Times: user=0.00 sys=0.00, real=0.00 secs] 
2018-03-26T20:41:58.743+0530: 12926.665: [CMS-concurrent-abortable-preclean-start]
2018-03-26T20:41:58.743+0530: 12926.665: [CMS-concurrent-abortable-preclean: 0.000/0.000 secs] [Times: user=0.00 sys=0.00, real=0.00 secs] 
2018-03-26T20:41:58.743+0530: 12926.665: [GC (CMS Final Remark) [YG occupancy: 82336 K (157248 K)]2018-03-26T20:41:58.743+0530: 12926.665: [Rescan (parallel) , 0.0202226 secs]2018-03-26T20:41:58.763+0530: 12926.685: [weak refs processing, 0.0000138 secs]2018-03-26T20:41:58.763+0530: 12926.685: [class unloading, 0.0001886 secs]2018-03-26T20:41:58.763+0530: 12926.686: [scrub symbol table, 0.0003427 secs]2018-03-26T20:41:58.764+0530: 12926.686: [scrub string table, 0.0001072 secs][1 CMS-remark: 349567K(349568K)] 431904K(506816K), 0.0209627 secs] [Times: user=0.06 sys=0.00, real=0.02 secs] 
2018-03-26T20:41:58.764+0530: 12926.686: [CMS-concurrent-sweep-start]
2018-03-26T20:41:58.903+0530: 12926.825: [CMS-concurrent-sweep: 0.139/0.139 secs] [Times: user=0.14 sys=0.00, real=0.14 secs] 
2018-03-26T20:41:58.903+0530: 12926.825: [CMS-concurrent-reset-start]
2018-03-26T20:41:58.903+0530: 12926.825: [CMS-concurrent-reset: 0.000/0.000 secs] [Times: user=0.00 sys=0.00, real=0.00 secs] 
2018-03-26T20:42:00.903+0530: 12928.825: [GC (CMS Initial Mark) [1 CMS-initial-mark: 349567K(349568K)] 431904K(506816K), 0.0168924 secs] [Times: user=0.06 sys=0.00, real=0.02 secs] 
2018-03-26T20:42:00.920+0530: 12928.842: [CMS-concurrent-mark-start]
2018-03-26T20:42:01.227+0530: 12929.149: [CMS-concurrent-mark: 0.307/0.307 secs] [Times: user=0.31 sys=0.00, real=0.31 secs] 
2018-03-26T20:42:01.227+0530: 12929.149: [CMS-concurrent-preclean-start]
2018-03-26T20:42:01.227+0530: 12929.149: [CMS-concurrent-preclean: 0.000/0.000 secs] [Times: user=0.00 sys=0.00, real=0.00 secs] 
2018-03-26T20:42:01.227+0530: 12929.149: [CMS-concurrent-abortable-preclean-start]
2018-03-26T20:42:01.227+0530: 12929.149: [CMS-concurrent-abortable-preclean: 0.000/0.000 secs] [Times: user=0.00 sys=0.00, real=0.00 secs] 
2018-03-26T20:42:01.228+0530: 12929.149: [GC (CMS Final Remark) [YG occupancy: 82336 K (157248 K)]2018-03-26T20:42:01.228+0530: 12929.149: [Rescan (parallel) , 0.0201101 secs]2018-03-26T20:42:01.248+0530: 12929.170: [weak refs processing, 0.0000134 secs]2018-03-26T20:42:01.248+0530: 12929.170: [class unloading, 0.0001834 secs]2018-03-26T20:42:01.248+0530: 12929.170: [scrub symbol table, 0.0002913 secs]2018-03-26T20:42:01.248+0530: 12929.170: [scrub string table, 0.0000853 secs][1 CMS-remark: 349567K(349568K)] 431904K(506816K), 0.0207589 secs] [Times: user=0.06 sys=0.00, real=0.02 secs] 
2018-03-26T20:42:01.248+0530: 12929.170: [CMS-concurrent-sweep-start]
2018-03-26T20:42:01.387+0530: 12929.309: [CMS-concurrent-sweep: 0.138/0.138 secs] [Times: user=0.14 sys=0.00, real=0.14 secs] 
2018-03-26T20:42:01.387+0530: 12929.309: [CMS-concurrent-reset-start]
2018-03-26T20:42:01.387+0530: 12929.309: [CMS-concurrent-reset: 0.000/0.000 secs] [Times: user=0.00 sys=0.00, real=0.00 secs] 
2018-03-26T20:42:03.388+0530: 12931.310: [GC (CMS Initial Mark) [1 CMS-initial-mark: 349567K(349568K)] 431904K(506816K), 0.0167267 secs] [Times: user=0.06 sys=0.00, real=0.02 secs] 
2018-03-26T20:42:03.404+0530: 12931.326: [CMS-concurrent-mark-start]
2018-03-26T20:42:03.710+0530: 12931.632: [CMS-concurrent-mark: 0.306/0.306 secs] [Times: user=0.31 sys=0.00, real=0.31 secs] 
2018-03-26T20:42:03.710+0530: 12931.632: [CMS-concurrent-preclean-start]
2018-03-26T20:42:03.711+0530: 12931.633: [CMS-concurrent-preclean: 0.000/0.000 secs] [Times: user=0.00 sys=0.00, real=0.00 secs] 
2018-03-26T20:42:03.711+0530: 12931.633: [CMS-concurrent-abortable-preclean-start]
2018-03-26T20:42:03.711+0530: 12931.633: [CMS-concurrent-abortable-preclean: 0.000/0.000 secs] [Times: user=0.00 sys=0.00, real=0.00 secs] 
2018-03-26T20:42:03.711+0530: 12931.633: [GC (CMS Final Remark) [YG occupancy: 82336 K (157248 K)]2018-03-26T20:42:03.711+0530: 12931.633: [Rescan (parallel) , 0.0200822 secs]2018-03-26T20:42:03.731+0530: 12931.653: [weak refs processing, 0.0000215 secs]2018-03-26T20:42:03.731+0530: 12931.653: [class unloading, 0.0002789 secs]2018-03-26T20:42:03.731+0530: 12931.653: [scrub symbol table, 0.0003064 secs]2018-03-26T20:42:03.732+0530: 12931.654: [scrub string table, 0.0000896 secs][1 CMS-remark: 349567K(349568K)] 431904K(506816K), 0.0208830 secs] [Times: user=0.06 sys=0.00, real=0.02 secs] 
2018-03-26T20:42:03.732+0530: 12931.654: [CMS-concurrent-sweep-start]
2018-03-26T20:42:03.891+0530: 12931.813: [CMS-concurrent-sweep: 0.159/0.159 secs] [Times: user=0.16 sys=0.00, real=0.16 secs] 
2018-03-26T20:42:03.891+0530: 12931.813: [CMS-concurrent-reset-start]
2018-03-26T20:42:03.891+0530: 12931.813: [CMS-concurrent-reset: 0.001/0.001 secs] [Times: user=0.00 sys=0.00, real=0.00 secs] 
2018-03-26T20:42:05.891+0530: 12933.813: [GC (CMS Initial Mark) [1 CMS-initial-mark: 349567K(349568K)] 431904K(506816K), 0.0169030 secs] [Times: user=0.06 sys=0.00, real=0.02 secs] 
2018-03-26T20:42:05.908+0530: 12933.830: [CMS-concurrent-mark-start]
2018-03-26T20:42:06.212+0530: 12934.134: [CMS-concurrent-mark: 0.304/0.304 secs] [Times: user=0.31 sys=0.00, real=0.30 secs] 
2018-03-26T20:42:06.212+0530: 12934.135: [CMS-concurrent-preclean-start]
2018-03-26T20:42:06.213+0530: 12934.135: [CMS-concurrent-preclean: 0.000/0.000 secs] [Times: user=0.00 sys=0.00, real=0.00 secs] 
2018-03-26T20:42:06.213+0530: 12934.135: [CMS-concurrent-abortable-preclean-start]
2018-03-26T20:42:06.213+0530: 12934.135: [CMS-concurrent-abortable-preclean: 0.000/0.000 secs] [Times: user=0.00 sys=0.00, real=0.00 secs] 
2018-03-26T20:42:06.213+0530: 12934.135: [GC (CMS Final Remark) [YG occupancy: 82336 K (157248 K)]2018-03-26T20:42:06.213+0530: 12934.135: [Rescan (parallel) , 0.0199757 secs]2018-03-26T20:42:06.233+0530: 12934.155: [weak refs processing, 0.0000130 secs]2018-03-26T20:42:06.233+0530: 12934.155: [class unloading, 0.0001862 secs]2018-03-26T20:42:06.234+0530: 12934.155: [scrub symbol table, 0.0002842 secs]2018-03-26T20:42:06.234+0530: 12934.156: [scrub string table, 0.0000853 secs][1 CMS-remark: 349567K(349568K)] 431904K(506816K), 0.0206200 secs] [Times: user=0.06 sys=0.00, real=0.02 secs] 
2018-03-26T20:42:06.234+0530: 12934.156: [CMS-concurrent-sweep-start]
2018-03-26T20:42:06.371+0530: 12934.292: [CMS-concurrent-sweep: 0.136/0.136 secs] [Times: user=0.14 sys=0.00, real=0.14 secs] 
2018-03-26T20:42:06.371+0530: 12934.292: [CMS-concurrent-reset-start]
2018-03-26T20:42:06.371+0530: 12934.293: [CMS-concurrent-reset: 0.001/0.001 secs] [Times: user=0.00 sys=0.00, real=0.00 secs] 
2018-03-26T20:42:08.371+0530: 12936.293: [GC (CMS Initial Mark) [1 CMS-initial-mark: 349567K(349568K)] 431904K(506816K), 0.0167860 secs] [Times: user=0.06 sys=0.00, real=0.02 secs] 
2018-03-26T20:42:08.388+0530: 12936.310: [CMS-concurrent-mark-start]
2018-03-26T20:42:08.693+0530: 12936.615: [CMS-concurrent-mark: 0.305/0.305 secs] [Times: user=0.31 sys=0.00, real=0.31 secs] 
2018-03-26T20:42:08.693+0530: 12936.615: [CMS-concurrent-preclean-start]
2018-03-26T20:42:08.694+0530: 12936.616: [CMS-concurrent-preclean: 0.000/0.000 secs] [Times: user=0.00 sys=0.00, real=0.00 secs] 
2018-03-26T20:42:08.694+0530: 12936.616: [CMS-concurrent-abortable-preclean-start]
2018-03-26T20:42:08.694+0530: 12936.616: [CMS-concurrent-abortable-preclean: 0.000/0.000 secs] [Times: user=0.00 sys=0.00, real=0.00 secs] 
2018-03-26T20:42:08.694+0530: 12936.616: [GC (CMS Final Remark) [YG occupancy: 82336 K (157248 K)]2018-03-26T20:42:08.694+0530: 12936.616: [Rescan (parallel) , 0.0200032 secs]2018-03-26T20:42:08.714+0530: 12936.636: [weak refs processing, 0.0000138 secs]2018-03-26T20:42:08.714+0530: 12936.636: [class unloading, 0.0001883 secs]2018-03-26T20:42:08.714+0530: 12936.636: [scrub symbol table, 0.0003152 secs]2018-03-26T20:42:08.715+0530: 12936.636: [scrub string table, 0.0000963 secs][1 CMS-remark: 349567K(349568K)] 431904K(506816K), 0.0206965 secs] [Times: user=0.06 sys=0.00, real=0.02 secs] 
2018-03-26T20:42:08.715+0530: 12936.637: [CMS-concurrent-sweep-start]
2018-03-26T20:42:08.852+0530: 12936.775: [CMS-concurrent-sweep: 0.138/0.138 secs] [Times: user=0.14 sys=0.00, real=0.14 secs] 
2018-03-26T20:42:08.852+0530: 12936.775: [CMS-concurrent-reset-start]
2018-03-26T20:42:08.853+0530: 12936.775: [CMS-concurrent-reset: 0.001/0.001 secs] [Times: user=0.00 sys=0.00, real=0.00 secs] 
2018-03-26T20:42:10.853+0530: 12938.775: [GC (CMS Initial Mark) [1 CMS-initial-mark: 349567K(349568K)] 431904K(506816K), 0.0168353 secs] [Times: user=0.06 sys=0.00, real=0.02 secs] 
2018-03-26T20:42:10.871+0530: 12938.792: [CMS-concurrent-mark-start]
2018-03-26T20:42:11.177+0530: 12939.099: [CMS-concurrent-mark: 0.307/0.307 secs] [Times: user=0.31 sys=0.00, real=0.31 secs] 
2018-03-26T20:42:11.177+0530: 12939.099: [CMS-concurrent-preclean-start]
2018-03-26T20:42:11.177+0530: 12939.099: [CMS-concurrent-preclean: 0.000/0.000 secs] [Times: user=0.00 sys=0.00, real=0.00 secs] 
2018-03-26T20:42:11.177+0530: 12939.099: [CMS-concurrent-abortable-preclean-start]
2018-03-26T20:42:11.177+0530: 12939.099: [CMS-concurrent-abortable-preclean: 0.000/0.000 secs] [Times: user=0.00 sys=0.00, real=0.00 secs] 
2018-03-26T20:42:11.177+0530: 12939.099: [GC (CMS Final Remark) [YG occupancy: 82336 K (157248 K)]2018-03-26T20:42:11.177+0530: 12939.099: [Rescan (parallel) , 0.0199225 secs]2018-03-26T20:42:11.197+0530: 12939.119: [weak refs processing, 0.0000127 secs]2018-03-26T20:42:11.197+0530: 12939.119: [class unloading, 0.0001894 secs]2018-03-26T20:42:11.197+0530: 12939.120: [scrub symbol table, 0.0003114 secs]2018-03-26T20:42:11.198+0530: 12939.120: [scrub string table, 0.0000864 secs][1 CMS-remark: 349567K(349568K)] 431904K(506816K), 0.0206006 secs] [Times: user=0.06 sys=0.00, real=0.02 secs] 
2018-03-26T20:42:11.198+0530: 12939.120: [CMS-concurrent-sweep-start]
2018-03-26T20:42:11.336+0530: 12939.258: [CMS-concurrent-sweep: 0.138/0.138 secs] [Times: user=0.14 sys=0.00, real=0.14 secs] 
2018-03-26T20:42:11.336+0530: 12939.258: [CMS-concurrent-reset-start]
2018-03-26T20:42:11.336+0530: 12939.258: [CMS-concurrent-reset: 0.001/0.001 secs] [Times: user=0.00 sys=0.00, real=0.00 secs] 
2018-03-26T20:42:13.337+0530: 12941.258: [GC (CMS Initial Mark) [1 CMS-initial-mark: 349567K(349568K)] 431904K(506816K), 0.0168209 secs] [Times: user=0.06 sys=0.00, real=0.02 secs] 
2018-03-26T20:42:13.353+0530: 12941.275: [CMS-concurrent-mark-start]
2018-03-26T20:42:13.658+0530: 12941.580: [CMS-concurrent-mark: 0.305/0.305 secs] [Times: user=0.30 sys=0.00, real=0.31 secs] 
2018-03-26T20:42:13.658+0530: 12941.580: [CMS-concurrent-preclean-start]
2018-03-26T20:42:13.658+0530: 12941.580: [CMS-concurrent-preclean: 0.000/0.000 secs] [Times: user=0.00 sys=0.00, real=0.00 secs] 
2018-03-26T20:42:13.658+0530: 12941.580: [CMS-concurrent-abortable-preclean-start]
2018-03-26T20:42:13.658+0530: 12941.580: [CMS-concurrent-abortable-preclean: 0.000/0.000 secs] [Times: user=0.00 sys=0.00, real=0.00 secs] 
2018-03-26T20:42:13.659+0530: 12941.580: [GC (CMS Final Remark) [YG occupancy: 82336 K (157248 K)]2018-03-26T20:42:13.659+0530: 12941.580: [Rescan (parallel) , 0.0198840 secs]2018-03-26T20:42:13.678+0530: 12941.600: [weak refs processing, 0.0000138 secs]2018-03-26T20:42:13.678+0530: 12941.600: [class unloading, 0.0001855 secs]2018-03-26T20:42:13.679+0530: 12941.601: [scrub symbol table, 0.0002874 secs]2018-03-26T20:42:13.679+0530: 12941.601: [scrub string table, 0.0000853 secs][1 CMS-remark: 349567K(349568K)] 431904K(506816K), 0.0205350 secs] [Times: user=0.13 sys=0.00, real=0.02 secs] 
2018-03-26T20:42:13.679+0530: 12941.601: [CMS-concurrent-sweep-start]
2018-03-26T20:42:13.818+0530: 12941.740: [CMS-concurrent-sweep: 0.139/0.139 secs] [Times: user=0.14 sys=0.00, real=0.14 secs] 
2018-03-26T20:42:13.818+0530: 12941.740: [CMS-concurrent-reset-start]
2018-03-26T20:42:13.819+0530: 12941.741: [CMS-concurrent-reset: 0.001/0.001 secs] [Times: user=0.00 sys=0.00, real=0.00 secs] 
2018-03-26T20:42:15.819+0530: 12943.741: [GC (CMS Initial Mark) [1 CMS-initial-mark: 349567K(349568K)] 431904K(506816K), 0.0167676 secs] [Times: user=0.06 sys=0.00, real=0.02 secs] 
2018-03-26T20:42:15.836+0530: 12943.758: [CMS-concurrent-mark-start]
2018-03-26T20:42:16.142+0530: 12944.064: [CMS-concurrent-mark: 0.306/0.306 secs] [Times: user=0.30 sys=0.00, real=0.31 secs] 
2018-03-26T20:42:16.142+0530: 12944.064: [CMS-concurrent-preclean-start]
2018-03-26T20:42:16.143+0530: 12944.064: [CMS-concurrent-preclean: 0.000/0.000 secs] [Times: user=0.00 sys=0.00, real=0.00 secs] 
2018-03-26T20:42:16.143+0530: 12944.064: [CMS-concurrent-abortable-preclean-start]
2018-03-26T20:42:16.143+0530: 12944.064: [CMS-concurrent-abortable-preclean: 0.000/0.000 secs] [Times: user=0.00 sys=0.00, real=0.00 secs] 
2018-03-26T20:42:16.143+0530: 12944.065: [GC (CMS Final Remark) [YG occupancy: 82336 K (157248 K)]2018-03-26T20:42:16.143+0530: 12944.065: [Rescan (parallel) , 0.0199595 secs]2018-03-26T20:42:16.163+0530: 12944.085: [weak refs processing, 0.0000134 secs]2018-03-26T20:42:16.163+0530: 12944.085: [class unloading, 0.0001834 secs]2018-03-26T20:42:16.163+0530: 12944.085: [scrub symbol table, 0.0002916 secs]2018-03-26T20:42:16.163+0530: 12944.085: [scrub string table, 0.0000853 secs][1 CMS-remark: 349567K(349568K)] 431904K(506816K), 0.0206090 secs] [Times: user=0.13 sys=0.00, real=0.02 secs] 
2018-03-26T20:42:16.164+0530: 12944.085: [CMS-concurrent-sweep-start]
2018-03-26T20:42:16.300+0530: 12944.222: [CMS-concurrent-sweep: 0.137/0.137 secs] [Times: user=0.13 sys=0.00, real=0.14 secs] 
2018-03-26T20:42:16.301+0530: 12944.222: [CMS-concurrent-reset-start]
2018-03-26T20:42:16.301+0530: 12944.223: [CMS-concurrent-reset: 0.001/0.001 secs] [Times: user=0.00 sys=0.00, real=0.00 secs] 
2018-03-26T20:42:18.301+0530: 12946.223: [GC (CMS Initial Mark) [1 CMS-initial-mark: 349567K(349568K)] 431904K(506816K), 0.0168441 secs] [Times: user=0.13 sys=0.00, real=0.02 secs] 
2018-03-26T20:42:18.318+0530: 12946.240: [CMS-concurrent-mark-start]
2018-03-26T20:42:18.625+0530: 12946.547: [CMS-concurrent-mark: 0.307/0.307 secs] [Times: user=0.30 sys=0.00, real=0.31 secs] 
2018-03-26T20:42:18.625+0530: 12946.547: [CMS-concurrent-preclean-start]
2018-03-26T20:42:18.626+0530: 12946.547: [CMS-concurrent-preclean: 0.000/0.000 secs] [Times: user=0.00 sys=0.00, real=0.00 secs] 
2018-03-26T20:42:18.626+0530: 12946.547: [CMS-concurrent-abortable-preclean-start]
2018-03-26T20:42:18.626+0530: 12946.547: [CMS-concurrent-abortable-preclean: 0.000/0.000 secs] [Times: user=0.00 sys=0.00, real=0.00 secs] 
2018-03-26T20:42:18.626+0530: 12946.548: [GC (CMS Final Remark) [YG occupancy: 82336 K (157248 K)]2018-03-26T20:42:18.626+0530: 12946.548: [Rescan (parallel) , 0.0198364 secs]2018-03-26T20:42:18.646+0530: 12946.568: [weak refs processing, 0.0000138 secs]2018-03-26T20:42:18.646+0530: 12946.568: [class unloading, 0.0001823 secs]2018-03-26T20:42:18.646+0530: 12946.568: [scrub symbol table, 0.0002941 secs]2018-03-26T20:42:18.646+0530: 12946.568: [scrub string table, 0.0000853 secs][1 CMS-remark: 349567K(349568K)] 431904K(506816K), 0.0204927 secs] [Times: user=0.13 sys=0.00, real=0.02 secs] 
2018-03-26T20:42:18.647+0530: 12946.568: [CMS-concurrent-sweep-start]
2018-03-26T20:42:18.783+0530: 12946.706: [CMS-concurrent-sweep: 0.137/0.137 secs] [Times: user=0.13 sys=0.00, real=0.14 secs] 
2018-03-26T20:42:18.784+0530: 12946.706: [CMS-concurrent-reset-start]
2018-03-26T20:42:18.784+0530: 12946.706: [CMS-concurrent-reset: 0.001/0.001 secs] [Times: user=0.00 sys=0.00, real=0.00 secs] 
2018-03-26T20:42:20.785+0530: 12948.706: [GC (CMS Initial Mark) [1 CMS-initial-mark: 349567K(349568K)] 431904K(506816K), 0.0169781 secs] [Times: user=0.06 sys=0.00, real=0.02 secs] 
2018-03-26T20:42:20.802+0530: 12948.723: [CMS-concurrent-mark-start]
2018-03-26T20:42:21.107+0530: 12949.028: [CMS-concurrent-mark: 0.305/0.305 secs] [Times: user=0.31 sys=0.00, real=0.31 secs] 
2018-03-26T20:42:21.107+0530: 12949.028: [CMS-concurrent-preclean-start]
2018-03-26T20:42:21.107+0530: 12949.029: [CMS-concurrent-preclean: 0.000/0.000 secs] [Times: user=0.00 sys=0.00, real=0.00 secs] 
2018-03-26T20:42:21.107+0530: 12949.029: [CMS-concurrent-abortable-preclean-start]
2018-03-26T20:42:21.107+0530: 12949.029: [CMS-concurrent-abortable-preclean: 0.000/0.000 secs] [Times: user=0.00 sys=0.00, real=0.00 secs] 
2018-03-26T20:42:21.107+0530: 12949.029: [GC (CMS Final Remark) [YG occupancy: 82336 K (157248 K)]2018-03-26T20:42:21.107+0530: 12949.029: [Rescan (parallel) , 0.0199006 secs]2018-03-26T20:42:21.127+0530: 12949.049: [weak refs processing, 0.0000212 secs]2018-03-26T20:42:21.127+0530: 12949.049: [class unloading, 0.0002130 secs]2018-03-26T20:42:21.127+0530: 12949.049: [scrub symbol table, 0.0002937 secs]2018-03-26T20:42:21.127+0530: 12949.050: [scrub string table, 0.0000860 secs][1 CMS-remark: 349567K(349568K)] 431904K(506816K), 0.0206016 secs] [Times: user=0.06 sys=0.00, real=0.02 secs] 
2018-03-26T20:42:21.128+0530: 12949.050: [CMS-concurrent-sweep-start]
2018-03-26T20:42:21.266+0530: 12949.189: [CMS-concurrent-sweep: 0.139/0.139 secs] [Times: user=0.14 sys=0.00, real=0.14 secs] 
2018-03-26T20:42:21.267+0530: 12949.189: [CMS-concurrent-reset-start]
2018-03-26T20:42:21.267+0530: 12949.189: [CMS-concurrent-reset: 0.001/0.001 secs] [Times: user=0.00 sys=0.00, real=0.00 secs] 
2018-03-26T20:42:23.268+0530: 12951.189: [GC (CMS Initial Mark) [1 CMS-initial-mark: 349567K(349568K)] 431904K(506816K), 0.0168924 secs] [Times: user=0.06 sys=0.00, real=0.02 secs] 
2018-03-26T20:42:23.285+0530: 12951.206: [CMS-concurrent-mark-start]
2018-03-26T20:42:23.590+0530: 12951.512: [CMS-concurrent-mark: 0.305/0.305 secs] [Times: user=0.31 sys=0.00, real=0.30 secs] 
2018-03-26T20:42:23.590+0530: 12951.512: [CMS-concurrent-preclean-start]
2018-03-26T20:42:23.590+0530: 12951.512: [CMS-concurrent-preclean: 0.000/0.000 secs] [Times: user=0.00 sys=0.00, real=0.00 secs] 
2018-03-26T20:42:23.590+0530: 12951.512: [CMS-concurrent-abortable-preclean-start]
2018-03-26T20:42:23.590+0530: 12951.512: [CMS-concurrent-abortable-preclean: 0.000/0.000 secs] [Times: user=0.00 sys=0.00, real=0.00 secs] 
2018-03-26T20:42:23.591+0530: 12951.512: [GC (CMS Final Remark) [YG occupancy: 82336 K (157248 K)]2018-03-26T20:42:23.591+0530: 12951.512: [Rescan (parallel) , 0.0199003 secs]2018-03-26T20:42:23.610+0530: 12951.532: [weak refs processing, 0.0000145 secs]2018-03-26T20:42:23.610+0530: 12951.532: [class unloading, 0.0001904 secs]2018-03-26T20:42:23.611+0530: 12951.533: [scrub symbol table, 0.0002860 secs]2018-03-26T20:42:23.611+0530: 12951.533: [scrub string table, 0.0000857 secs][1 CMS-remark: 349567K(349568K)] 431904K(506816K), 0.0205597 secs] [Times: user=0.06 sys=0.00, real=0.02 secs] 
2018-03-26T20:42:23.611+0530: 12951.533: [CMS-concurrent-sweep-start]
2018-03-26T20:42:23.747+0530: 12951.669: [CMS-concurrent-sweep: 0.136/0.136 secs] [Times: user=0.14 sys=0.00, real=0.14 secs] 
2018-03-26T20:42:23.747+0530: 12951.669: [CMS-concurrent-reset-start]
2018-03-26T20:42:23.748+0530: 12951.670: [CMS-concurrent-reset: 0.001/0.001 secs] [Times: user=0.00 sys=0.00, real=0.00 secs] 
2018-03-26T20:42:25.748+0530: 12953.670: [GC (CMS Initial Mark) [1 CMS-initial-mark: 349567K(349568K)] 431904K(506816K), 0.0168501 secs] [Times: user=0.06 sys=0.00, real=0.02 secs] 
2018-03-26T20:42:25.764+0530: 12953.687: [CMS-concurrent-mark-start]
2018-03-26T20:42:26.069+0530: 12953.991: [CMS-concurrent-mark: 0.305/0.305 secs] [Times: user=0.31 sys=0.00, real=0.31 secs] 
2018-03-26T20:42:26.070+0530: 12953.991: [CMS-concurrent-preclean-start]
2018-03-26T20:42:26.070+0530: 12953.992: [CMS-concurrent-preclean: 0.000/0.000 secs] [Times: user=0.00 sys=0.00, real=0.00 secs] 
2018-03-26T20:42:26.070+0530: 12953.992: [CMS-concurrent-abortable-preclean-start]
2018-03-26T20:42:26.070+0530: 12953.992: [CMS-concurrent-abortable-preclean: 0.000/0.000 secs] [Times: user=0.00 sys=0.00, real=0.00 secs] 
2018-03-26T20:42:26.070+0530: 12953.992: [GC (CMS Final Remark) [YG occupancy: 82336 K (157248 K)]2018-03-26T20:42:26.070+0530: 12953.992: [Rescan (parallel) , 0.0199856 secs]2018-03-26T20:42:26.090+0530: 12954.012: [weak refs processing, 0.0000138 secs]2018-03-26T20:42:26.090+0530: 12954.012: [class unloading, 0.0001897 secs]2018-03-26T20:42:26.090+0530: 12954.012: [scrub symbol table, 0.0003156 secs]2018-03-26T20:42:26.091+0530: 12954.013: [scrub string table, 0.0000934 secs][1 CMS-remark: 349567K(349568K)] 431904K(506816K), 0.0206774 secs] [Times: user=0.06 sys=0.00, real=0.02 secs] 
2018-03-26T20:42:26.091+0530: 12954.013: [CMS-concurrent-sweep-start]
2018-03-26T20:42:26.227+0530: 12954.149: [CMS-concurrent-sweep: 0.136/0.136 secs] [Times: user=0.14 sys=0.00, real=0.14 secs] 
2018-03-26T20:42:26.227+0530: 12954.149: [CMS-concurrent-reset-start]
2018-03-26T20:42:26.227+0530: 12954.149: [CMS-concurrent-reset: 0.001/0.001 secs] [Times: user=0.00 sys=0.00, real=0.00 secs] 
2018-03-26T20:42:28.227+0530: 12956.149: [GC (CMS Initial Mark) [1 CMS-initial-mark: 349567K(349568K)] 431904K(506816K), 0.0169298 secs] [Times: user=0.06 sys=0.00, real=0.02 secs] 
2018-03-26T20:42:28.245+0530: 12956.166: [CMS-concurrent-mark-start]
2018-03-26T20:42:28.548+0530: 12956.470: [CMS-concurrent-mark: 0.304/0.304 secs] [Times: user=0.30 sys=0.00, real=0.30 secs] 
2018-03-26T20:42:28.548+0530: 12956.470: [CMS-concurrent-preclean-start]
2018-03-26T20:42:28.548+0530: 12956.470: [CMS-concurrent-preclean: 0.000/0.000 secs] [Times: user=0.00 sys=0.00, real=0.00 secs] 
2018-03-26T20:42:28.548+0530: 12956.470: [CMS-concurrent-abortable-preclean-start]
2018-03-26T20:42:28.548+0530: 12956.470: [CMS-concurrent-abortable-preclean: 0.000/0.000 secs] [Times: user=0.00 sys=0.00, real=0.00 secs] 
2018-03-26T20:42:28.549+0530: 12956.471: [GC (CMS Final Remark) [YG occupancy: 82336 K (157248 K)]2018-03-26T20:42:28.549+0530: 12956.471: [Rescan (parallel) , 0.0198876 secs]2018-03-26T20:42:28.569+0530: 12956.491: [weak refs processing, 0.0000141 secs]2018-03-26T20:42:28.569+0530: 12956.491: [class unloading, 0.0001869 secs]2018-03-26T20:42:28.569+0530: 12956.491: [scrub symbol table, 0.0002867 secs]2018-03-26T20:42:28.569+0530: 12956.491: [scrub string table, 0.0000860 secs][1 CMS-remark: 349567K(349568K)] 431904K(506816K), 0.0205396 secs] [Times: user=0.13 sys=0.00, real=0.02 secs] 
2018-03-26T20:42:28.570+0530: 12956.491: [CMS-concurrent-sweep-start]
2018-03-26T20:42:28.708+0530: 12956.630: [CMS-concurrent-sweep: 0.139/0.139 secs] [Times: user=0.13 sys=0.00, real=0.14 secs] 
2018-03-26T20:42:28.708+0530: 12956.630: [CMS-concurrent-reset-start]
2018-03-26T20:42:28.708+0530: 12956.631: [CMS-concurrent-reset: 0.001/0.001 secs] [Times: user=0.02 sys=0.00, real=0.00 secs] 
2018-03-26T20:42:30.709+0530: 12958.631: [GC (CMS Initial Mark) [1 CMS-initial-mark: 349567K(349568K)] 431904K(506816K), 0.0491230 secs] [Times: user=0.19 sys=0.00, real=0.05 secs] 
2018-03-26T20:42:30.758+0530: 12958.680: [CMS-concurrent-mark-start]
2018-03-26T20:42:31.529+0530: 12959.450: [CMS-concurrent-mark: 0.771/0.771 secs] [Times: user=0.77 sys=0.00, real=0.77 secs] 
2018-03-26T20:42:31.529+0530: 12959.451: [CMS-concurrent-preclean-start]
2018-03-26T20:42:31.530+0530: 12959.451: [CMS-concurrent-preclean: 0.001/0.001 secs] [Times: user=0.00 sys=0.00, real=0.00 secs] 
2018-03-26T20:42:31.530+0530: 12959.452: [CMS-concurrent-abortable-preclean-start]
2018-03-26T20:42:31.530+0530: 12959.452: [CMS-concurrent-abortable-preclean: 0.000/0.000 secs] [Times: user=0.00 sys=0.00, real=0.00 secs] 
2018-03-26T20:42:31.530+0530: 12959.452: [GC (CMS Final Remark) [YG occupancy: 82336 K (157248 K)]2018-03-26T20:42:31.530+0530: 12959.452: [Rescan (parallel) , 0.0513004 secs]2018-03-26T20:42:31.581+0530: 12959.503: [weak refs processing, 0.0000536 secs]2018-03-26T20:42:31.581+0530: 12959.503: [class unloading, 0.0005392 secs]2018-03-26T20:42:31.582+0530: 12959.504: [scrub symbol table, 0.0010600 secs]2018-03-26T20:42:31.583+0530: 12959.505: [scrub string table, 0.0002574 secs][1 CMS-remark: 349567K(349568K)] 431904K(506816K), 0.0535004 secs] [Times: user=0.20 sys=0.00, real=0.05 secs] 
2018-03-26T20:42:31.584+0530: 12959.506: [CMS-concurrent-sweep-start]
2018-03-26T20:42:31.967+0530: 12959.889: [CMS-concurrent-sweep: 0.383/0.383 secs] [Times: user=0.38 sys=0.00, real=0.38 secs] 
2018-03-26T20:42:31.967+0530: 12959.889: [CMS-concurrent-reset-start]
2018-03-26T20:42:31.968+0530: 12959.890: [CMS-concurrent-reset: 0.001/0.001 secs] [Times: user=0.00 sys=0.00, real=0.00 secs] 
2018-03-26T20:42:33.968+0530: 12961.890: [GC (CMS Initial Mark) [1 CMS-initial-mark: 349567K(349568K)] 431904K(506816K), 0.0493519 secs] [Times: user=0.19 sys=0.00, real=0.05 secs] 
2018-03-26T20:42:34.017+0530: 12961.939: [CMS-concurrent-mark-start]
2018-03-26T20:42:34.844+0530: 12962.766: [CMS-concurrent-mark: 0.827/0.827 secs] [Times: user=0.83 sys=0.00, real=0.83 secs] 
2018-03-26T20:42:34.844+0530: 12962.766: [CMS-concurrent-preclean-start]
2018-03-26T20:42:34.845+0530: 12962.767: [CMS-concurrent-preclean: 0.001/0.001 secs] [Times: user=0.00 sys=0.00, real=0.00 secs] 
2018-03-26T20:42:34.845+0530: 12962.767: [CMS-concurrent-abortable-preclean-start]
2018-03-26T20:42:34.845+0530: 12962.767: [CMS-concurrent-abortable-preclean: 0.000/0.000 secs] [Times: user=0.00 sys=0.00, real=0.00 secs] 
2018-03-26T20:42:34.846+0530: 12962.767: [GC (CMS Final Remark) [YG occupancy: 82336 K (157248 K)]2018-03-26T20:42:34.846+0530: 12962.767: [Rescan (parallel) , 0.0513357 secs]2018-03-26T20:42:34.897+0530: 12962.819: [weak refs processing, 0.0000349 secs]2018-03-26T20:42:34.897+0530: 12962.819: [class unloading, 0.0003604 secs]2018-03-26T20:42:34.897+0530: 12962.819: [scrub symbol table, 0.0007077 secs]2018-03-26T20:42:34.898+0530: 12962.820: [scrub string table, 0.0002292 secs][1 CMS-remark: 349567K(349568K)] 431904K(506816K), 0.0528576 secs] [Times: user=0.22 sys=0.02, real=0.05 secs] 
2018-03-26T20:42:34.899+0530: 12962.820: [CMS-concurrent-sweep-start]
2018-03-26T20:42:35.254+0530: 12963.176: [CMS-concurrent-sweep: 0.355/0.355 secs] [Times: user=0.34 sys=0.00, real=0.36 secs] 
2018-03-26T20:42:35.254+0530: 12963.176: [CMS-concurrent-reset-start]
2018-03-26T20:42:35.254+0530: 12963.176: [CMS-concurrent-reset: 0.001/0.001 secs] [Times: user=0.00 sys=0.00, real=0.00 secs] 
2018-03-26T20:42:37.254+0530: 12965.176: [GC (CMS Initial Mark) [1 CMS-initial-mark: 349567K(349568K)] 431904K(506816K), 0.0554909 secs] [Times: user=0.25 sys=0.00, real=0.06 secs] 
2018-03-26T20:42:37.309+0530: 12965.231: [CMS-concurrent-mark-start]
2018-03-26T20:42:38.095+0530: 12966.017: [CMS-concurrent-mark: 0.785/0.785 secs] [Times: user=0.78 sys=0.00, real=0.79 secs] 
2018-03-26T20:42:38.095+0530: 12966.017: [CMS-concurrent-preclean-start]
2018-03-26T20:42:38.096+0530: 12966.018: [CMS-concurrent-preclean: 0.001/0.001 secs] [Times: user=0.00 sys=0.00, real=0.00 secs] 
2018-03-26T20:42:38.096+0530: 12966.018: [CMS-concurrent-abortable-preclean-start]
2018-03-26T20:42:38.096+0530: 12966.018: [CMS-concurrent-abortable-preclean: 0.000/0.000 secs] [Times: user=0.00 sys=0.00, real=0.00 secs] 
2018-03-26T20:42:38.096+0530: 12966.018: [GC (CMS Final Remark) [YG occupancy: 82336 K (157248 K)]2018-03-26T20:42:38.096+0530: 12966.018: [Rescan (parallel) , 0.0513001 secs]2018-03-26T20:42:38.148+0530: 12966.069: [weak refs processing, 0.0000388 secs]2018-03-26T20:42:38.148+0530: 12966.069: [class unloading, 0.0003791 secs]2018-03-26T20:42:38.148+0530: 12966.070: [scrub symbol table, 0.0006901 secs]2018-03-26T20:42:38.149+0530: 12966.071: [scrub string table, 0.0002482 secs][1 CMS-remark: 349567K(349568K)] 431904K(506816K), 0.0528699 secs] [Times: user=0.25 sys=0.00, real=0.05 secs] 
2018-03-26T20:42:38.149+0530: 12966.071: [CMS-concurrent-sweep-start]
2018-03-26T20:42:38.470+0530: 12966.392: [CMS-concurrent-sweep: 0.321/0.321 secs] [Times: user=0.31 sys=0.00, real=0.32 secs] 
2018-03-26T20:42:38.471+0530: 12966.392: [CMS-concurrent-reset-start]
2018-03-26T20:42:38.471+0530: 12966.393: [CMS-concurrent-reset: 0.001/0.001 secs] [Times: user=0.00 sys=0.00, real=0.00 secs] 
2018-03-26T20:42:40.472+0530: 12968.393: [GC (CMS Initial Mark) [1 CMS-initial-mark: 349567K(349568K)] 431904K(506816K), 0.0490377 secs] [Times: user=0.19 sys=0.00, real=0.05 secs] 
2018-03-26T20:42:40.520+0530: 12968.443: [CMS-concurrent-mark-start]
2018-03-26T20:42:41.276+0530: 12969.198: [CMS-concurrent-mark: 0.755/0.755 secs] [Times: user=0.77 sys=0.00, real=0.76 secs] 
2018-03-26T20:42:41.276+0530: 12969.198: [CMS-concurrent-preclean-start]
2018-03-26T20:42:41.277+0530: 12969.199: [CMS-concurrent-preclean: 0.001/0.001 secs] [Times: user=0.00 sys=0.00, real=0.00 secs] 
2018-03-26T20:42:41.277+0530: 12969.199: [CMS-concurrent-abortable-preclean-start]
2018-03-26T20:42:41.277+0530: 12969.199: [CMS-concurrent-abortable-preclean: 0.000/0.000 secs] [Times: user=0.00 sys=0.00, real=0.00 secs] 
2018-03-26T20:42:41.277+0530: 12969.199: [GC (CMS Final Remark) [YG occupancy: 82336 K (157248 K)]2018-03-26T20:42:41.277+0530: 12969.199: [Rescan (parallel) , 0.0507267 secs]2018-03-26T20:42:41.328+0530: 12969.250: [weak refs processing, 0.0000356 secs]2018-03-26T20:42:41.328+0530: 12969.250: [class unloading, 0.0003470 secs]2018-03-26T20:42:41.328+0530: 12969.250: [scrub symbol table, 0.0006372 secs]2018-03-26T20:42:41.329+0530: 12969.251: [scrub string table, 0.0002165 secs][1 CMS-remark: 349567K(349568K)] 431904K(506816K), 0.0521594 secs] [Times: user=0.19 sys=0.00, real=0.05 secs] 
2018-03-26T20:42:41.330+0530: 12969.252: [CMS-concurrent-sweep-start]
2018-03-26T20:42:41.658+0530: 12969.580: [CMS-concurrent-sweep: 0.328/0.328 secs] [Times: user=0.33 sys=0.00, real=0.33 secs] 
2018-03-26T20:42:41.658+0530: 12969.580: [CMS-concurrent-reset-start]
2018-03-26T20:42:41.659+0530: 12969.581: [CMS-concurrent-reset: 0.001/0.001 secs] [Times: user=0.00 sys=0.00, real=0.00 secs] 
2018-03-26T20:42:43.658+0530: 12971.580: [GC (CMS Initial Mark) [1 CMS-initial-mark: 349567K(349568K)] 431904K(506816K), 0.0491614 secs] [Times: user=0.19 sys=0.00, real=0.05 secs] 
2018-03-26T20:42:43.707+0530: 12971.629: [CMS-concurrent-mark-start]
2018-03-26T20:42:44.436+0530: 12972.358: [CMS-concurrent-mark: 0.729/0.729 secs] [Times: user=0.74 sys=0.00, real=0.73 secs] 
2018-03-26T20:42:44.436+0530: 12972.358: [CMS-concurrent-preclean-start]
2018-03-26T20:42:44.437+0530: 12972.359: [CMS-concurrent-preclean: 0.001/0.001 secs] [Times: user=0.00 sys=0.00, real=0.00 secs] 
2018-03-26T20:42:44.437+0530: 12972.359: [CMS-concurrent-abortable-preclean-start]
2018-03-26T20:42:44.437+0530: 12972.359: [CMS-concurrent-abortable-preclean: 0.000/0.000 secs] [Times: user=0.00 sys=0.00, real=0.00 secs] 
2018-03-26T20:42:44.438+0530: 12972.360: [GC (CMS Final Remark) [YG occupancy: 82336 K (157248 K)]2018-03-26T20:42:44.438+0530: 12972.360: [Rescan (parallel) , 0.0499076 secs]2018-03-26T20:42:44.488+0530: 12972.410: [weak refs processing, 0.0000363 secs]2018-03-26T20:42:44.488+0530: 12972.410: [class unloading, 0.0003505 secs]2018-03-26T20:42:44.488+0530: 12972.410: [scrub symbol table, 0.0006358 secs]2018-03-26T20:42:44.489+0530: 12972.411: [scrub string table, 0.0002546 secs][1 CMS-remark: 349567K(349568K)] 431904K(506816K), 0.0513794 secs] [Times: user=0.19 sys=0.00, real=0.05 secs] 
2018-03-26T20:42:44.489+0530: 12972.411: [CMS-concurrent-sweep-start]
2018-03-26T20:42:44.802+0530: 12972.724: [CMS-concurrent-sweep: 0.313/0.313 secs] [Times: user=0.31 sys=0.00, real=0.31 secs] 
2018-03-26T20:42:44.802+0530: 12972.724: [CMS-concurrent-reset-start]
2018-03-26T20:42:44.803+0530: 12972.725: [CMS-concurrent-reset: 0.001/0.001 secs] [Times: user=0.00 sys=0.00, real=0.00 secs] 
2018-03-26T20:42:46.803+0530: 12974.725: [GC (CMS Initial Mark) [1 CMS-initial-mark: 349567K(349568K)] 431904K(506816K), 0.0490796 secs] [Times: user=0.19 sys=0.00, real=0.05 secs] 
2018-03-26T20:42:46.852+0530: 12974.774: [CMS-concurrent-mark-start]
2018-03-26T20:42:47.585+0530: 12975.507: [CMS-concurrent-mark: 0.733/0.733 secs] [Times: user=0.73 sys=0.00, real=0.73 secs] 
2018-03-26T20:42:47.585+0530: 12975.507: [CMS-concurrent-preclean-start]
2018-03-26T20:42:47.586+0530: 12975.508: [CMS-concurrent-preclean: 0.001/0.001 secs] [Times: user=0.00 sys=0.00, real=0.00 secs] 
2018-03-26T20:42:47.586+0530: 12975.508: [CMS-concurrent-abortable-preclean-start]
2018-03-26T20:42:47.586+0530: 12975.508: [CMS-concurrent-abortable-preclean: 0.000/0.000 secs] [Times: user=0.00 sys=0.00, real=0.00 secs] 
2018-03-26T20:42:47.586+0530: 12975.508: [GC (CMS Final Remark) [YG occupancy: 82336 K (157248 K)]2018-03-26T20:42:47.586+0530: 12975.508: [Rescan (parallel) , 0.0549151 secs]2018-03-26T20:42:47.641+0530: 12975.563: [weak refs processing, 0.0000561 secs]2018-03-26T20:42:47.641+0530: 12975.563: [class unloading, 0.0005430 secs]2018-03-26T20:42:47.641+0530: 12975.564: [scrub symbol table, 0.0009605 secs]2018-03-26T20:42:47.643+0530: 12975.565: [scrub string table, 0.0003279 secs][1 CMS-remark: 349567K(349568K)] 431904K(506816K), 0.0570830 secs] [Times: user=0.19 sys=0.00, real=0.06 secs] 
2018-03-26T20:42:47.644+0530: 12975.565: [CMS-concurrent-sweep-start]
2018-03-26T20:42:47.972+0530: 12975.894: [CMS-concurrent-sweep: 0.328/0.328 secs] [Times: user=0.33 sys=0.00, real=0.33 secs] 
2018-03-26T20:42:47.972+0530: 12975.894: [CMS-concurrent-reset-start]
2018-03-26T20:42:47.972+0530: 12975.894: [CMS-concurrent-reset: 0.001/0.001 secs] [Times: user=0.00 sys=0.00, real=0.00 secs] 
2018-03-26T20:42:49.973+0530: 12977.895: [GC (CMS Initial Mark) [1 CMS-initial-mark: 349567K(349568K)] 431904K(506816K), 0.0493991 secs] [Times: user=0.22 sys=0.00, real=0.05 secs] 
2018-03-26T20:42:50.022+0530: 12977.944: [CMS-concurrent-mark-start]
2018-03-26T20:42:50.774+0530: 12978.697: [CMS-concurrent-mark: 0.752/0.752 secs] [Times: user=0.75 sys=0.00, real=0.75 secs] 
2018-03-26T20:42:50.774+0530: 12978.697: [CMS-concurrent-preclean-start]
2018-03-26T20:42:50.775+0530: 12978.698: [CMS-concurrent-preclean: 0.001/0.001 secs] [Times: user=0.00 sys=0.00, real=0.00 secs] 
2018-03-26T20:42:50.775+0530: 12978.698: [CMS-concurrent-abortable-preclean-start]
2018-03-26T20:42:50.775+0530: 12978.698: [CMS-concurrent-abortable-preclean: 0.000/0.000 secs] [Times: user=0.00 sys=0.00, real=0.00 secs] 
2018-03-26T20:42:50.776+0530: 12978.698: [GC (CMS Final Remark) [YG occupancy: 82336 K (157248 K)]2018-03-26T20:42:50.776+0530: 12978.698: [Rescan (parallel) , 0.0504841 secs]2018-03-26T20:42:50.826+0530: 12978.748: [weak refs processing, 0.0000367 secs]2018-03-26T20:42:50.826+0530: 12978.748: [class unloading, 0.0003526 secs]2018-03-26T20:42:50.827+0530: 12978.749: [scrub symbol table, 0.0006640 secs]2018-03-26T20:42:50.827+0530: 12978.750: [scrub string table, 0.0002740 secs][1 CMS-remark: 349567K(349568K)] 431904K(506816K), 0.0520198 secs] [Times: user=0.19 sys=0.00, real=0.05 secs] 
2018-03-26T20:42:50.828+0530: 12978.750: [CMS-concurrent-sweep-start]
2018-03-26T20:42:51.162+0530: 12979.084: [CMS-concurrent-sweep: 0.334/0.334 secs] [Times: user=0.34 sys=0.00, real=0.33 secs] 
2018-03-26T20:42:51.162+0530: 12979.084: [CMS-concurrent-reset-start]
2018-03-26T20:42:51.163+0530: 12979.085: [CMS-concurrent-reset: 0.001/0.001 secs] [Times: user=0.00 sys=0.00, real=0.00 secs] 
2018-03-26T20:42:53.165+0530: 12981.087: [GC (CMS Initial Mark) [1 CMS-initial-mark: 349567K(349568K)] 440289K(506816K), 0.0820017 secs] [Times: user=0.25 sys=0.00, real=0.08 secs] 
2018-03-26T20:42:53.247+0530: 12981.170: [CMS-concurrent-mark-start]
2018-03-26T20:42:54.714+0530: 12982.636: [CMS-concurrent-mark: 1.467/1.467 secs] [Times: user=1.44 sys=0.00, real=1.47 secs] 
2018-03-26T20:42:54.714+0530: 12982.636: [CMS-concurrent-preclean-start]
2018-03-26T20:42:54.716+0530: 12982.638: [CMS-concurrent-preclean: 0.002/0.002 secs] [Times: user=0.00 sys=0.00, real=0.00 secs] 
2018-03-26T20:42:54.717+0530: 12982.638: [CMS-concurrent-abortable-preclean-start]
2018-03-26T20:42:54.717+0530: 12982.638: [CMS-concurrent-abortable-preclean: 0.000/0.000 secs] [Times: user=0.00 sys=0.00, real=0.00 secs] 
2018-03-26T20:42:54.717+0530: 12982.639: [GC (CMS Final Remark) [YG occupancy: 90721 K (157248 K)]2018-03-26T20:42:54.717+0530: 12982.639: [Rescan (parallel) , 0.1097512 secs]2018-03-26T20:42:54.826+0530: 12982.749: [weak refs processing, 0.0000864 secs]2018-03-26T20:42:54.827+0530: 12982.749: [class unloading, 0.0008121 secs]2018-03-26T20:42:54.827+0530: 12982.750: [scrub symbol table, 0.0014274 secs]2018-03-26T20:42:54.829+0530: 12982.751: [scrub string table, 0.0005702 secs][1 CMS-remark: 349567K(349568K)] 440289K(506816K), 0.1130901 secs] [Times: user=0.28 sys=0.00, real=0.11 secs] 
2018-03-26T20:42:54.832+0530: 12982.754: [CMS-concurrent-sweep-start]
2018-03-26T20:42:55.597+0530: 12983.519: [CMS-concurrent-sweep: 0.765/0.765 secs] [Times: user=0.75 sys=0.00, real=0.76 secs] 
2018-03-26T20:42:55.597+0530: 12983.519: [CMS-concurrent-reset-start]
2018-03-26T20:42:55.598+0530: 12983.520: [CMS-concurrent-reset: 0.001/0.001 secs] [Times: user=0.00 sys=0.00, real=0.00 secs] 
2018-03-26T20:42:57.598+0530: 12985.520: [GC (CMS Initial Mark) [1 CMS-initial-mark: 349567K(349568K)] 440289K(506816K), 0.0713646 secs] [Times: user=0.30 sys=0.00, real=0.07 secs] 
2018-03-26T20:42:57.669+0530: 12985.592: [CMS-concurrent-mark-start]
2018-03-26T20:42:58.605+0530: 12986.527: [CMS-concurrent-mark: 0.935/0.935 secs] [Times: user=0.92 sys=0.00, real=0.94 secs] 
2018-03-26T20:42:58.605+0530: 12986.527: [CMS-concurrent-preclean-start]
2018-03-26T20:42:58.606+0530: 12986.528: [CMS-concurrent-preclean: 0.001/0.001 secs] [Times: user=0.00 sys=0.00, real=0.00 secs] 
2018-03-26T20:42:58.606+0530: 12986.528: [CMS-concurrent-abortable-preclean-start]
2018-03-26T20:42:58.606+0530: 12986.528: [CMS-concurrent-abortable-preclean: 0.000/0.000 secs] [Times: user=0.00 sys=0.00, real=0.00 secs] 
2018-03-26T20:42:58.607+0530: 12986.529: [GC (CMS Final Remark) [YG occupancy: 90721 K (157248 K)]2018-03-26T20:42:58.607+0530: 12986.529: [Rescan (parallel) , 0.0748157 secs]2018-03-26T20:42:58.682+0530: 12986.603: [weak refs processing, 0.0000508 secs]2018-03-26T20:42:58.682+0530: 12986.604: [class unloading, 0.0004207 secs]2018-03-26T20:42:58.682+0530: 12986.604: [scrub symbol table, 0.0008103 secs]2018-03-26T20:42:58.683+0530: 12986.605: [scrub string table, 0.0002673 secs][1 CMS-remark: 349567K(349568K)] 440289K(506816K), 0.0766370 secs] [Times: user=0.31 sys=0.00, real=0.08 secs] 
2018-03-26T20:42:58.684+0530: 12986.605: [CMS-concurrent-sweep-start]
2018-03-26T20:42:59.086+0530: 12987.008: [CMS-concurrent-sweep: 0.403/0.403 secs] [Times: user=0.41 sys=0.00, real=0.40 secs] 
2018-03-26T20:42:59.086+0530: 12987.008: [CMS-concurrent-reset-start]
2018-03-26T20:42:59.087+0530: 12987.009: [CMS-concurrent-reset: 0.001/0.001 secs] [Times: user=0.00 sys=0.00, real=0.00 secs] 
2018-03-26T20:43:01.088+0530: 12989.010: [GC (CMS Initial Mark) [1 CMS-initial-mark: 349567K(349568K)] 440289K(506816K), 0.0690786 secs] [Times: user=0.22 sys=0.00, real=0.07 secs] 
2018-03-26T20:43:01.157+0530: 12989.079: [CMS-concurrent-mark-start]
2018-03-26T20:43:03.097+0530: 12991.019: [CMS-concurrent-mark: 1.940/1.940 secs] [Times: user=1.83 sys=0.02, real=1.94 secs] 
2018-03-26T20:43:03.097+0530: 12991.019: [CMS-concurrent-preclean-start]
2018-03-26T20:43:03.098+0530: 12991.021: [CMS-concurrent-preclean: 0.001/0.001 secs] [Times: user=0.01 sys=0.00, real=0.00 secs] 
2018-03-26T20:43:03.099+0530: 12991.021: [CMS-concurrent-abortable-preclean-start]
2018-03-26T20:43:03.099+0530: 12991.021: [CMS-concurrent-abortable-preclean: 0.000/0.000 secs] [Times: user=0.00 sys=0.00, real=0.00 secs] 
2018-03-26T20:43:03.099+0530: 12991.021: [GC (CMS Final Remark) [YG occupancy: 90721 K (157248 K)]2018-03-26T20:43:03.099+0530: 12991.021: [Rescan (parallel) , 0.0726016 secs]2018-03-26T20:43:03.172+0530: 12991.094: [weak refs processing, 0.0000709 secs]2018-03-26T20:43:03.172+0530: 12991.094: [class unloading, 0.0006971 secs]2018-03-26T20:43:03.173+0530: 12991.095: [scrub symbol table, 0.0011481 secs]2018-03-26T20:43:03.174+0530: 12991.096: [scrub string table, 0.0005011 secs][1 CMS-remark: 349567K(349568K)] 440289K(506816K), 0.0754120 secs] [Times: user=0.25 sys=0.00, real=0.08 secs] 
2018-03-26T20:43:03.175+0530: 12991.097: [CMS-concurrent-sweep-start]
2018-03-26T20:43:03.823+0530: 12991.745: [CMS-concurrent-sweep: 0.649/0.649 secs] [Times: user=0.64 sys=0.00, real=0.65 secs] 
2018-03-26T20:43:03.823+0530: 12991.745: [CMS-concurrent-reset-start]
2018-03-26T20:43:03.824+0530: 12991.746: [CMS-concurrent-reset: 0.001/0.001 secs] [Times: user=0.00 sys=0.00, real=0.00 secs] 
2018-03-26T20:43:05.824+0530: 12993.746: [GC (CMS Initial Mark) [1 CMS-initial-mark: 349567K(349568K)] 440289K(506816K), 0.0616159 secs] [Times: user=0.25 sys=0.00, real=0.06 secs] 
2018-03-26T20:43:05.885+0530: 12993.808: [CMS-concurrent-mark-start]
2018-03-26T20:43:06.850+0530: 12994.771: [CMS-concurrent-mark: 0.964/0.964 secs] [Times: user=0.97 sys=0.00, real=0.96 secs] 
2018-03-26T20:43:06.850+0530: 12994.771: [CMS-concurrent-preclean-start]
2018-03-26T20:43:06.851+0530: 12994.772: [CMS-concurrent-preclean: 0.001/0.001 secs] [Times: user=0.00 sys=0.00, real=0.00 secs] 
2018-03-26T20:43:06.851+0530: 12994.772: [CMS-concurrent-abortable-preclean-start]
2018-03-26T20:43:06.851+0530: 12994.772: [CMS-concurrent-abortable-preclean: 0.000/0.000 secs] [Times: user=0.00 sys=0.00, real=0.00 secs] 
2018-03-26T20:43:06.851+0530: 12994.773: [GC (CMS Final Remark) [YG occupancy: 90721 K (157248 K)]2018-03-26T20:43:06.851+0530: 12994.773: [Rescan (parallel) , 0.0721940 secs]2018-03-26T20:43:06.923+0530: 12994.845: [weak refs processing, 0.0000437 secs]2018-03-26T20:43:06.923+0530: 12994.845: [class unloading, 0.0004425 secs]2018-03-26T20:43:06.924+0530: 12994.846: [scrub symbol table, 0.0007162 secs]2018-03-26T20:43:06.924+0530: 12994.846: [scrub string table, 0.0002504 secs][1 CMS-remark: 349567K(349568K)] 440289K(506816K), 0.0738964 secs] [Times: user=0.25 sys=0.00, real=0.07 secs] 
2018-03-26T20:43:06.925+0530: 12994.847: [CMS-concurrent-sweep-start]
2018-03-26T20:43:07.368+0530: 12995.291: [CMS-concurrent-sweep: 0.444/0.444 secs] [Times: user=0.44 sys=0.00, real=0.44 secs] 
2018-03-26T20:43:07.368+0530: 12995.291: [CMS-concurrent-reset-start]
2018-03-26T20:43:07.369+0530: 12995.292: [CMS-concurrent-reset: 0.001/0.001 secs] [Times: user=0.00 sys=0.00, real=0.00 secs] 
2018-03-26T20:43:09.369+0530: 12997.291: [GC (CMS Initial Mark) [1 CMS-initial-mark: 349567K(349568K)] 440289K(506816K), 0.0680247 secs] [Times: user=0.23 sys=0.00, real=0.07 secs] 
2018-03-26T20:43:09.438+0530: 12997.360: [CMS-concurrent-mark-start]
2018-03-26T20:43:10.539+0530: 12998.461: [CMS-concurrent-mark: 1.102/1.102 secs] [Times: user=1.09 sys=0.00, real=1.10 secs] 
2018-03-26T20:43:10.539+0530: 12998.461: [CMS-concurrent-preclean-start]
2018-03-26T20:43:10.540+0530: 12998.462: [CMS-concurrent-preclean: 0.001/0.001 secs] [Times: user=0.00 sys=0.00, real=0.00 secs] 
2018-03-26T20:43:10.540+0530: 12998.463: [CMS-concurrent-abortable-preclean-start]
2018-03-26T20:43:10.540+0530: 12998.463: [CMS-concurrent-abortable-preclean: 0.000/0.000 secs] [Times: user=0.00 sys=0.00, real=0.00 secs] 
2018-03-26T20:43:10.540+0530: 12998.463: [GC (CMS Final Remark) [YG occupancy: 90721 K (157248 K)]2018-03-26T20:43:10.540+0530: 12998.463: [Rescan (parallel) , 0.0706950 secs]2018-03-26T20:43:10.611+0530: 12998.534: [weak refs processing, 0.0000688 secs]2018-03-26T20:43:10.611+0530: 12998.534: [class unloading, 0.0006753 secs]2018-03-26T20:43:10.612+0530: 12998.534: [scrub symbol table, 0.0011520 secs]2018-03-26T20:43:10.613+0530: 12998.536: [scrub string table, 0.0004803 secs][1 CMS-remark: 349567K(349568K)] 440289K(506816K), 0.0734479 secs] [Times: user=0.25 sys=0.00, real=0.07 secs] 
2018-03-26T20:43:10.614+0530: 12998.536: [CMS-concurrent-sweep-start]
2018-03-26T20:43:11.217+0530: 12999.140: [CMS-concurrent-sweep: 0.603/0.603 secs] [Times: user=0.50 sys=0.05, real=0.60 secs] 
2018-03-26T20:43:11.217+0530: 12999.140: [CMS-concurrent-reset-start]
2018-03-26T20:43:11.219+0530: 12999.141: [CMS-concurrent-reset: 0.001/0.001 secs] [Times: user=0.00 sys=0.00, real=0.00 secs] 
2018-03-26T20:43:13.219+0530: 13001.141: [GC (CMS Initial Mark) [1 CMS-initial-mark: 349567K(349568K)] 440289K(506816K), 0.0827764 secs] [Times: user=0.22 sys=0.00, real=0.08 secs] 
2018-03-26T20:43:13.301+0530: 13001.224: [CMS-concurrent-mark-start]
2018-03-26T20:43:14.908+0530: 13002.829: [CMS-concurrent-mark: 1.606/1.606 secs] [Times: user=1.61 sys=0.00, real=1.61 secs] 
2018-03-26T20:43:14.908+0530: 13002.830: [CMS-concurrent-preclean-start]
2018-03-26T20:43:14.909+0530: 13002.831: [CMS-concurrent-preclean: 0.002/0.002 secs] [Times: user=0.00 sys=0.00, real=0.00 secs] 
2018-03-26T20:43:14.909+0530: 13002.831: [CMS-concurrent-abortable-preclean-start]
2018-03-26T20:43:14.909+0530: 13002.831: [CMS-concurrent-abortable-preclean: 0.000/0.000 secs] [Times: user=0.00 sys=0.00, real=0.00 secs] 
2018-03-26T20:43:14.910+0530: 13002.832: [GC (CMS Final Remark) [YG occupancy: 90721 K (157248 K)]2018-03-26T20:43:14.910+0530: 13002.832: [Rescan (parallel) , 0.0711178 secs]2018-03-26T20:43:14.981+0530: 13002.903: [weak refs processing, 0.0000645 secs]2018-03-26T20:43:14.981+0530: 13002.903: [class unloading, 0.0007356 secs]2018-03-26T20:43:14.982+0530: 13002.904: [scrub symbol table, 0.0013304 secs]2018-03-26T20:43:14.983+0530: 13002.905: [scrub string table, 0.0005501 secs][1 CMS-remark: 349567K(349568K)] 440289K(506816K), 0.0742043 secs] [Times: user=0.30 sys=0.00, real=0.07 secs] 
2018-03-26T20:43:14.984+0530: 13002.906: [CMS-concurrent-sweep-start]
2018-03-26T20:43:15.642+0530: 13003.564: [CMS-concurrent-sweep: 0.658/0.658 secs] [Times: user=0.66 sys=0.00, real=0.66 secs] 
2018-03-26T20:43:15.642+0530: 13003.564: [CMS-concurrent-reset-start]
2018-03-26T20:43:15.643+0530: 13003.565: [CMS-concurrent-reset: 0.001/0.001 secs] [Times: user=0.00 sys=0.00, real=0.00 secs] 
2018-03-26T20:43:17.643+0530: 13005.565: [GC (CMS Initial Mark) [1 CMS-initial-mark: 349567K(349568K)] 440289K(506816K), 0.0700247 secs] [Times: user=0.31 sys=0.00, real=0.07 secs] 
2018-03-26T20:43:17.713+0530: 13005.635: [CMS-concurrent-mark-start]
2018-03-26T20:43:19.111+0530: 13007.033: [CMS-concurrent-mark: 1.398/1.398 secs] [Times: user=1.33 sys=0.00, real=1.40 secs] 
2018-03-26T20:43:19.111+0530: 13007.033: [CMS-concurrent-preclean-start]
2018-03-26T20:43:19.112+0530: 13007.034: [CMS-concurrent-preclean: 0.001/0.001 secs] [Times: user=0.00 sys=0.00, real=0.00 secs] 
2018-03-26T20:43:19.112+0530: 13007.034: [CMS-concurrent-abortable-preclean-start]
2018-03-26T20:43:19.112+0530: 13007.034: [CMS-concurrent-abortable-preclean: 0.000/0.000 secs] [Times: user=0.00 sys=0.00, real=0.00 secs] 
2018-03-26T20:43:19.113+0530: 13007.035: [GC (CMS Final Remark) [YG occupancy: 90721 K (157248 K)]2018-03-26T20:43:19.113+0530: 13007.035: [Rescan (parallel) , 0.0756486 secs]2018-03-26T20:43:19.188+0530: 13007.110: [weak refs processing, 0.0000448 secs]2018-03-26T20:43:19.189+0530: 13007.110: [class unloading, 0.0004348 secs]2018-03-26T20:43:19.189+0530: 13007.111: [scrub symbol table, 0.0008343 secs]2018-03-26T20:43:19.190+0530: 13007.112: [scrub string table, 0.0002856 secs][1 CMS-remark: 349567K(349568K)] 440289K(506816K), 0.0775167 secs] [Times: user=0.31 sys=0.00, real=0.08 secs] 
2018-03-26T20:43:19.191+0530: 13007.112: [CMS-concurrent-sweep-start]
2018-03-26T20:43:19.722+0530: 13007.644: [CMS-concurrent-sweep: 0.531/0.531 secs] [Times: user=0.53 sys=0.00, real=0.53 secs] 
2018-03-26T20:43:19.722+0530: 13007.644: [CMS-concurrent-reset-start]
2018-03-26T20:43:19.723+0530: 13007.645: [CMS-concurrent-reset: 0.001/0.001 secs] [Times: user=0.00 sys=0.00, real=0.00 secs] 
2018-03-26T20:43:21.722+0530: 13009.644: [GC (CMS Initial Mark) [1 CMS-initial-mark: 349567K(349568K)] 440289K(506816K), 0.0707553 secs] [Times: user=0.30 sys=0.00, real=0.07 secs] 
2018-03-26T20:43:21.793+0530: 13009.715: [CMS-concurrent-mark-start]
2018-03-26T20:43:23.059+0530: 13010.981: [CMS-concurrent-mark: 1.266/1.266 secs] [Times: user=1.25 sys=0.01, real=1.27 secs] 
2018-03-26T20:43:23.059+0530: 13010.981: [CMS-concurrent-preclean-start]
2018-03-26T20:43:23.060+0530: 13010.982: [CMS-concurrent-preclean: 0.001/0.001 secs] [Times: user=0.00 sys=0.00, real=0.00 secs] 
2018-03-26T20:43:23.060+0530: 13010.982: [CMS-concurrent-abortable-preclean-start]
2018-03-26T20:43:23.060+0530: 13010.982: [CMS-concurrent-abortable-preclean: 0.000/0.000 secs] [Times: user=0.00 sys=0.00, real=0.00 secs] 
2018-03-26T20:43:23.061+0530: 13010.982: [GC (CMS Final Remark) [YG occupancy: 90721 K (157248 K)]2018-03-26T20:43:23.061+0530: 13010.982: [Rescan (parallel) , 0.0824361 secs]2018-03-26T20:43:23.143+0530: 13011.065: [weak refs processing, 0.0000740 secs]2018-03-26T20:43:23.143+0530: 13011.065: [class unloading, 0.0006703 secs]2018-03-26T20:43:23.144+0530: 13011.066: [scrub symbol table, 0.0010790 secs]2018-03-26T20:43:23.145+0530: 13011.067: [scrub string table, 0.0003367 secs][1 CMS-remark: 349567K(349568K)] 440289K(506816K), 0.0849538 secs] [Times: user=0.30 sys=0.00, real=0.08 secs] 
2018-03-26T20:43:23.145+0530: 13011.068: [CMS-concurrent-sweep-start]
2018-03-26T20:43:23.649+0530: 13011.571: [CMS-concurrent-sweep: 0.503/0.503 secs] [Times: user=0.50 sys=0.00, real=0.50 secs] 
2018-03-26T20:43:23.649+0530: 13011.571: [CMS-concurrent-reset-start]
2018-03-26T20:43:23.650+0530: 13011.572: [CMS-concurrent-reset: 0.001/0.001 secs] [Times: user=0.00 sys=0.00, real=0.00 secs] 
2018-03-26T20:43:25.649+0530: 13013.571: [GC (CMS Initial Mark) [1 CMS-initial-mark: 349567K(349568K)] 440289K(506816K), 0.0587614 secs] [Times: user=0.17 sys=0.00, real=0.06 secs] 
2018-03-26T20:43:25.708+0530: 13013.630: [CMS-concurrent-mark-start]
2018-03-26T20:43:26.630+0530: 13014.553: [CMS-concurrent-mark: 0.922/0.922 secs] [Times: user=0.92 sys=0.00, real=0.92 secs] 
2018-03-26T20:43:26.631+0530: 13014.553: [CMS-concurrent-preclean-start]
2018-03-26T20:43:26.632+0530: 13014.554: [CMS-concurrent-preclean: 0.001/0.001 secs] [Times: user=0.00 sys=0.00, real=0.00 secs] 
2018-03-26T20:43:26.632+0530: 13014.554: [CMS-concurrent-abortable-preclean-start]
2018-03-26T20:43:26.632+0530: 13014.554: [CMS-concurrent-abortable-preclean: 0.000/0.000 secs] [Times: user=0.00 sys=0.00, real=0.00 secs] 
2018-03-26T20:43:26.632+0530: 13014.554: [GC (CMS Final Remark) [YG occupancy: 90721 K (157248 K)]2018-03-26T20:43:26.632+0530: 13014.554: [Rescan (parallel) , 0.0623694 secs]2018-03-26T20:43:26.695+0530: 13014.617: [weak refs processing, 0.0000483 secs]2018-03-26T20:43:26.695+0530: 13014.617: [class unloading, 0.0004076 secs]2018-03-26T20:43:26.695+0530: 13014.617: [scrub symbol table, 0.0007289 secs]2018-03-26T20:43:26.696+0530: 13014.618: [scrub string table, 0.0002465 secs][1 CMS-remark: 349567K(349568K)] 440289K(506816K), 0.0640517 secs] [Times: user=0.22 sys=0.00, real=0.06 secs] 
2018-03-26T20:43:26.697+0530: 13014.618: [CMS-concurrent-sweep-start]
2018-03-26T20:43:27.072+0530: 13014.994: [CMS-concurrent-sweep: 0.375/0.375 secs] [Times: user=0.38 sys=0.00, real=0.38 secs] 
2018-03-26T20:43:27.072+0530: 13014.994: [CMS-concurrent-reset-start]
2018-03-26T20:43:27.073+0530: 13014.995: [CMS-concurrent-reset: 0.001/0.001 secs] [Times: user=0.00 sys=0.00, real=0.00 secs] 
